[2026-01-28T11:10:36.558+0000][gc,init] CardTable entry size: 512
[2026-01-28T11:10:36.559+0000][gc     ] Using G1
[2026-01-28T11:10:36.577+0000][gc,init] Version: 21.0.4+7-LTS (release)
[2026-01-28T11:10:36.578+0000][gc,init] CPUs: 12 total, 12 available
[2026-01-28T11:10:36.578+0000][gc,init] Memory: 7837M
[2026-01-28T11:10:36.578+0000][gc,init] Large Page Support: Disabled
[2026-01-28T11:10:36.579+0000][gc,init] NUMA Support: Disabled
[2026-01-28T11:10:36.579+0000][gc,init] Compressed Oops: Enabled (32-bit)
[2026-01-28T11:10:36.580+0000][gc,init] Heap Region Size: 1M
[2026-01-28T11:10:36.580+0000][gc,init] Heap Min Capacity: 1G
[2026-01-28T11:10:36.580+0000][gc,init] Heap Initial Capacity: 1G
[2026-01-28T11:10:36.580+0000][gc,init] Heap Max Capacity: 1G
[2026-01-28T11:10:36.580+0000][gc,init] Pre-touch: Disabled
[2026-01-28T11:10:36.581+0000][gc,init] Parallel Workers: 10
[2026-01-28T11:10:36.581+0000][gc,init] Concurrent Workers: 3
[2026-01-28T11:10:36.581+0000][gc,init] Concurrent Refinement Workers: 10
[2026-01-28T11:10:36.581+0000][gc,init] Periodic GC: Disabled
[2026-01-28T11:10:36.621+0000][gc,metaspace] CDS archive(s) mapped at: [0x000000a000000000-0x000000a000bd0000-0x000000a0036b0000), size 57344000, SharedBaseAddress: 0x000000a000000000, ArchiveRelocationMode: 1.
[2026-01-28T11:10:36.624+0000][gc,metaspace] Compressed class space mapped at: 0x000000a004000000-0x000000a044000000, reserved size: 1073741824
[2026-01-28T11:10:36.625+0000][gc,metaspace] Narrow klass base: 0x000000a000000000, Narrow klass shift: 0, Narrow klass range: 0x100000000
[2026-01-28T11:10:37.744+0000][gc,start    ] GC(0) Pause Young (Normal) (G1 Evacuation Pause)
[2026-01-28T11:10:37.745+0000][gc,task     ] GC(0) Using 10 workers of 10 for evacuation
[2026-01-28T11:10:37.766+0000][gc,phases   ] GC(0)   Pre Evacuate Collection Set: 0.4ms
[2026-01-28T11:10:37.767+0000][gc,phases   ] GC(0)   Merge Heap Roots: 0.1ms
[2026-01-28T11:10:37.767+0000][gc,phases   ] GC(0)   Evacuate Collection Set: 17.6ms
[2026-01-28T11:10:37.767+0000][gc,phases   ] GC(0)   Post Evacuate Collection Set: 2.9ms
[2026-01-28T11:10:37.767+0000][gc,phases   ] GC(0)   Other: 1.5ms
[2026-01-28T11:10:37.768+0000][gc,heap     ] GC(0) Eden regions: 51->0(44)
[2026-01-28T11:10:37.768+0000][gc,heap     ] GC(0) Survivor regions: 0->7(7)
[2026-01-28T11:10:37.768+0000][gc,heap     ] GC(0) Old regions: 1->6
[2026-01-28T11:10:37.768+0000][gc,heap     ] GC(0) Humongous regions: 1->1
[2026-01-28T11:10:37.769+0000][gc,metaspace] GC(0) Metaspace: 5604K(5824K)->5604K(5824K) NonClass: 4933K(5056K)->4933K(5056K) Class: 671K(768K)->671K(768K)
[2026-01-28T11:10:37.769+0000][gc          ] GC(0) Pause Young (Normal) (G1 Evacuation Pause) 52M->13M(1024M) 25.557ms
[2026-01-28T11:10:37.769+0000][gc,cpu      ] GC(0) User=0.03s Sys=0.02s Real=0.03s
[2026-01-28T11:10:40.042+0000][gc,start    ] GC(1) Pause Young (Normal) (G1 Evacuation Pause)
[2026-01-28T11:10:40.042+0000][gc,task     ] GC(1) Using 10 workers of 10 for evacuation
[2026-01-28T11:10:40.047+0000][gc,phases   ] GC(1)   Pre Evacuate Collection Set: 0.3ms
[2026-01-28T11:10:40.047+0000][gc,phases   ] GC(1)   Merge Heap Roots: 0.1ms
[2026-01-28T11:10:40.047+0000][gc,phases   ] GC(1)   Evacuate Collection Set: 3.1ms
[2026-01-28T11:10:40.047+0000][gc,phases   ] GC(1)   Post Evacuate Collection Set: 0.5ms
[2026-01-28T11:10:40.047+0000][gc,phases   ] GC(1)   Other: 0.1ms
[2026-01-28T11:10:40.047+0000][gc,heap     ] GC(1) Eden regions: 44->0(63)
[2026-01-28T11:10:40.047+0000][gc,heap     ] GC(1) Survivor regions: 7->3(7)
[2026-01-28T11:10:40.047+0000][gc,heap     ] GC(1) Old regions: 6->14
[2026-01-28T11:10:40.047+0000][gc,heap     ] GC(1) Humongous regions: 1->1
[2026-01-28T11:10:40.047+0000][gc,metaspace] GC(1) Metaspace: 7573K(7936K)->7573K(7936K) NonClass: 6701K(6912K)->6701K(6912K) Class: 872K(1024K)->872K(1024K)
[2026-01-28T11:10:40.047+0000][gc          ] GC(1) Pause Young (Normal) (G1 Evacuation Pause) 57M->17M(1024M) 4.861ms
[2026-01-28T11:10:40.047+0000][gc,cpu      ] GC(1) User=0.02s Sys=0.01s Real=0.01s
[2026-01-28T11:10:40.240+0000][gc,start    ] GC(2) Pause Young (Normal) (G1 Evacuation Pause)
[2026-01-28T11:10:40.240+0000][gc,task     ] GC(2) Using 10 workers of 10 for evacuation
[2026-01-28T11:10:40.242+0000][gc,phases   ] GC(2)   Pre Evacuate Collection Set: 0.2ms
[2026-01-28T11:10:40.242+0000][gc,phases   ] GC(2)   Merge Heap Roots: 0.1ms
[2026-01-28T11:10:40.242+0000][gc,phases   ] GC(2)   Evacuate Collection Set: 1.5ms
[2026-01-28T11:10:40.242+0000][gc,phases   ] GC(2)   Post Evacuate Collection Set: 0.3ms
[2026-01-28T11:10:40.242+0000][gc,phases   ] GC(2)   Other: 0.1ms
[2026-01-28T11:10:40.242+0000][gc,heap     ] GC(2) Eden regions: 71->0(494)
[2026-01-28T11:10:40.242+0000][gc,heap     ] GC(2) Survivor regions: 3->6(10)
[2026-01-28T11:10:40.243+0000][gc,heap     ] GC(2) Old regions: 14->14
[2026-01-28T11:10:40.243+0000][gc,heap     ] GC(2) Humongous regions: 1->1
[2026-01-28T11:10:40.243+0000][gc,metaspace] GC(2) Metaspace: 8821K(9088K)->8821K(9088K) NonClass: 7782K(7936K)->7782K(7936K) Class: 1039K(1152K)->1039K(1152K)
[2026-01-28T11:10:40.243+0000][gc          ] GC(2) Pause Young (Normal) (G1 Evacuation Pause) 88M->19M(1024M) 2.978ms
[2026-01-28T11:10:40.243+0000][gc,cpu      ] GC(2) User=0.01s Sys=0.01s Real=0.00s
[2026-01-28T11:11:40.006+0000][gc,start    ] GC(3) Pause Young (Normal) (G1 Evacuation Pause)
[2026-01-28T11:11:40.006+0000][gc,task     ] GC(3) Using 10 workers of 10 for evacuation
[2026-01-28T11:11:40.011+0000][gc,phases   ] GC(3)   Pre Evacuate Collection Set: 0.6ms
[2026-01-28T11:11:40.011+0000][gc,phases   ] GC(3)   Merge Heap Roots: 0.2ms
[2026-01-28T11:11:40.011+0000][gc,phases   ] GC(3)   Evacuate Collection Set: 2.7ms
[2026-01-28T11:11:40.011+0000][gc,phases   ] GC(3)   Post Evacuate Collection Set: 0.8ms
[2026-01-28T11:11:40.011+0000][gc,phases   ] GC(3)   Other: 0.2ms
[2026-01-28T11:11:40.011+0000][gc,heap     ] GC(3) Eden regions: 536->0(609)
[2026-01-28T11:11:40.011+0000][gc,heap     ] GC(3) Survivor regions: 6->5(68)
[2026-01-28T11:11:40.011+0000][gc,heap     ] GC(3) Old regions: 14->14
[2026-01-28T11:11:40.011+0000][gc,heap     ] GC(3) Humongous regions: 1->1
[2026-01-28T11:11:40.011+0000][gc,metaspace] GC(3) Metaspace: 10277K(10624K)->10277K(10624K) NonClass: 9184K(9344K)->9184K(9344K) Class: 1092K(1280K)->1092K(1280K)
[2026-01-28T11:11:40.012+0000][gc          ] GC(3) Pause Young (Normal) (G1 Evacuation Pause) 555M->18M(1024M) 5.425ms
[2026-01-28T11:11:40.012+0000][gc,cpu      ] GC(3) User=0.03s Sys=0.00s Real=0.01s
[2026-01-28T11:12:40.023+0000][gc,start    ] GC(4) Pause Young (Normal) (G1 Evacuation Pause)
[2026-01-28T11:12:40.023+0000][gc,task     ] GC(4) Using 10 workers of 10 for evacuation
[2026-01-28T11:12:40.030+0000][gc,phases   ] GC(4)   Pre Evacuate Collection Set: 0.7ms
[2026-01-28T11:12:40.030+0000][gc,phases   ] GC(4)   Merge Heap Roots: 0.2ms
[2026-01-28T11:12:40.030+0000][gc,phases   ] GC(4)   Evacuate Collection Set: 2.7ms
[2026-01-28T11:12:40.030+0000][gc,phases   ] GC(4)   Post Evacuate Collection Set: 2.4ms
[2026-01-28T11:12:40.030+0000][gc,phases   ] GC(4)   Other: 0.3ms
[2026-01-28T11:12:40.030+0000][gc,heap     ] GC(4) Eden regions: 609->0(609)
[2026-01-28T11:12:40.030+0000][gc,heap     ] GC(4) Survivor regions: 5->5(77)
[2026-01-28T11:12:40.030+0000][gc,heap     ] GC(4) Old regions: 14->14
[2026-01-28T11:12:40.030+0000][gc,heap     ] GC(4) Humongous regions: 1->1
[2026-01-28T11:12:40.030+0000][gc,metaspace] GC(4) Metaspace: 10621K(11008K)->10621K(11008K) NonClass: 9525K(9728K)->9525K(9728K) Class: 1095K(1280K)->1095K(1280K)
[2026-01-28T11:12:40.031+0000][gc          ] GC(4) Pause Young (Normal) (G1 Evacuation Pause) 627M->19M(1024M) 7.777ms
[2026-01-28T11:12:40.031+0000][gc,cpu      ] GC(4) User=0.03s Sys=0.01s Real=0.01s
[2026-01-28T11:13:40.052+0000][gc,start    ] GC(5) Pause Young (Normal) (G1 Evacuation Pause)
[2026-01-28T11:13:40.053+0000][gc,task     ] GC(5) Using 10 workers of 10 for evacuation
[2026-01-28T11:13:40.060+0000][gc,phases   ] GC(5)   Pre Evacuate Collection Set: 0.7ms
[2026-01-28T11:13:40.060+0000][gc,phases   ] GC(5)   Merge Heap Roots: 0.2ms
[2026-01-28T11:13:40.060+0000][gc,phases   ] GC(5)   Evacuate Collection Set: 4.7ms
[2026-01-28T11:13:40.060+0000][gc,phases   ] GC(5)   Post Evacuate Collection Set: 1.5ms
[2026-01-28T11:13:40.060+0000][gc,phases   ] GC(5)   Other: 0.2ms
[2026-01-28T11:13:40.060+0000][gc,heap     ] GC(5) Eden regions: 609->0(609)
[2026-01-28T11:13:40.061+0000][gc,heap     ] GC(5) Survivor regions: 5->5(77)
[2026-01-28T11:13:40.061+0000][gc,heap     ] GC(5) Old regions: 14->14
[2026-01-28T11:13:40.061+0000][gc,heap     ] GC(5) Humongous regions: 1->1
[2026-01-28T11:13:40.061+0000][gc,metaspace] GC(5) Metaspace: 10854K(11264K)->10854K(11264K) NonClass: 9749K(9920K)->9749K(9920K) Class: 1104K(1344K)->1104K(1344K)
[2026-01-28T11:13:40.061+0000][gc          ] GC(5) Pause Young (Normal) (G1 Evacuation Pause) 628M->19M(1024M) 8.635ms
[2026-01-28T11:13:40.061+0000][gc,cpu      ] GC(5) User=0.05s Sys=0.00s Real=0.01s
[2026-01-28T11:14:40.077+0000][gc,start    ] GC(6) Pause Young (Normal) (G1 Evacuation Pause)
[2026-01-28T11:14:40.077+0000][gc,task     ] GC(6) Using 10 workers of 10 for evacuation
[2026-01-28T11:14:40.084+0000][gc,phases   ] GC(6)   Pre Evacuate Collection Set: 0.7ms
[2026-01-28T11:14:40.084+0000][gc,phases   ] GC(6)   Merge Heap Roots: 0.2ms
[2026-01-28T11:14:40.084+0000][gc,phases   ] GC(6)   Evacuate Collection Set: 4.3ms
[2026-01-28T11:14:40.084+0000][gc,phases   ] GC(6)   Post Evacuate Collection Set: 1.3ms
[2026-01-28T11:14:40.084+0000][gc,phases   ] GC(6)   Other: 0.3ms
[2026-01-28T11:14:40.085+0000][gc,heap     ] GC(6) Eden regions: 609->0(609)
[2026-01-28T11:14:40.085+0000][gc,heap     ] GC(6) Survivor regions: 5->5(77)
[2026-01-28T11:14:40.085+0000][gc,heap     ] GC(6) Old regions: 14->14
[2026-01-28T11:14:40.085+0000][gc,heap     ] GC(6) Humongous regions: 1->1
[2026-01-28T11:14:40.085+0000][gc,metaspace] GC(6) Metaspace: 10985K(11456K)->10985K(11456K) NonClass: 9881K(10112K)->9881K(10112K) Class: 1104K(1344K)->1104K(1344K)
[2026-01-28T11:14:40.085+0000][gc          ] GC(6) Pause Young (Normal) (G1 Evacuation Pause) 628M->19M(1024M) 7.940ms
[2026-01-28T11:14:40.085+0000][gc,cpu      ] GC(6) User=0.05s Sys=0.01s Real=0.01s
[2026-01-28T11:15:40.065+0000][gc,start    ] GC(7) Pause Young (Normal) (G1 Evacuation Pause)
[2026-01-28T11:15:40.066+0000][gc,task     ] GC(7) Using 10 workers of 10 for evacuation
[2026-01-28T11:15:40.070+0000][gc,phases   ] GC(7)   Pre Evacuate Collection Set: 0.6ms
[2026-01-28T11:15:40.070+0000][gc,phases   ] GC(7)   Merge Heap Roots: 0.2ms
[2026-01-28T11:15:40.071+0000][gc,phases   ] GC(7)   Evacuate Collection Set: 2.8ms
[2026-01-28T11:15:40.071+0000][gc,phases   ] GC(7)   Post Evacuate Collection Set: 0.8ms
[2026-01-28T11:15:40.071+0000][gc,phases   ] GC(7)   Other: 0.2ms
[2026-01-28T11:15:40.071+0000][gc,heap     ] GC(7) Eden regions: 609->0(608)
[2026-01-28T11:15:40.071+0000][gc,heap     ] GC(7) Survivor regions: 5->6(77)
[2026-01-28T11:15:40.071+0000][gc,heap     ] GC(7) Old regions: 14->14
[2026-01-28T11:15:40.071+0000][gc,heap     ] GC(7) Humongous regions: 1->1
[2026-01-28T11:15:40.071+0000][gc,metaspace] GC(7) Metaspace: 11106K(11520K)->11106K(11520K) NonClass: 10000K(10176K)->10000K(10176K) Class: 1105K(1344K)->1105K(1344K)
[2026-01-28T11:15:40.071+0000][gc          ] GC(7) Pause Young (Normal) (G1 Evacuation Pause) 628M->19M(1024M) 6.151ms
[2026-01-28T11:15:40.071+0000][gc,cpu      ] GC(7) User=0.03s Sys=0.01s Real=0.01s
[2026-01-28T11:16:40.115+0000][gc,start    ] GC(8) Pause Young (Normal) (G1 Evacuation Pause)
[2026-01-28T11:16:40.116+0000][gc,task     ] GC(8) Using 10 workers of 10 for evacuation
[2026-01-28T11:16:40.124+0000][gc,phases   ] GC(8)   Pre Evacuate Collection Set: 0.7ms
[2026-01-28T11:16:40.124+0000][gc,phases   ] GC(8)   Merge Heap Roots: 0.3ms
[2026-01-28T11:16:40.124+0000][gc,phases   ] GC(8)   Evacuate Collection Set: 5.3ms
[2026-01-28T11:16:40.124+0000][gc,phases   ] GC(8)   Post Evacuate Collection Set: 0.8ms
[2026-01-28T11:16:40.124+0000][gc,phases   ] GC(8)   Other: 0.2ms
[2026-01-28T11:16:40.124+0000][gc,heap     ] GC(8) Eden regions: 608->0(608)
[2026-01-28T11:16:40.124+0000][gc,heap     ] GC(8) Survivor regions: 6->6(77)
[2026-01-28T11:16:40.124+0000][gc,heap     ] GC(8) Old regions: 14->14
[2026-01-28T11:16:40.124+0000][gc,heap     ] GC(8) Humongous regions: 1->1
[2026-01-28T11:16:40.124+0000][gc,metaspace] GC(8) Metaspace: 11148K(11520K)->11148K(11520K) NonClass: 10040K(10176K)->10040K(10176K) Class: 1108K(1344K)->1108K(1344K)
[2026-01-28T11:16:40.124+0000][gc          ] GC(8) Pause Young (Normal) (G1 Evacuation Pause) 627M->20M(1024M) 8.841ms
[2026-01-28T11:16:40.124+0000][gc,cpu      ] GC(8) User=0.06s Sys=0.00s Real=0.01s
[2026-01-28T11:17:49.960+0000][gc,start    ] GC(9) Pause Young (Normal) (G1 Evacuation Pause)
[2026-01-28T11:17:49.961+0000][gc,task     ] GC(9) Using 10 workers of 10 for evacuation
[2026-01-28T11:17:49.967+0000][gc,phases   ] GC(9)   Pre Evacuate Collection Set: 0.7ms
[2026-01-28T11:17:49.967+0000][gc,phases   ] GC(9)   Merge Heap Roots: 0.3ms
[2026-01-28T11:17:49.967+0000][gc,phases   ] GC(9)   Evacuate Collection Set: 3.8ms
[2026-01-28T11:17:49.967+0000][gc,phases   ] GC(9)   Post Evacuate Collection Set: 0.9ms
[2026-01-28T11:17:49.967+0000][gc,phases   ] GC(9)   Other: 0.3ms
[2026-01-28T11:17:49.967+0000][gc,heap     ] GC(9) Eden regions: 608->0(609)
[2026-01-28T11:17:49.968+0000][gc,heap     ] GC(9) Survivor regions: 6->5(77)
[2026-01-28T11:17:49.968+0000][gc,heap     ] GC(9) Old regions: 14->14
[2026-01-28T11:17:49.968+0000][gc,heap     ] GC(9) Humongous regions: 1->1
[2026-01-28T11:17:49.968+0000][gc,metaspace] GC(9) Metaspace: 11208K(11648K)->11208K(11648K) NonClass: 10096K(10304K)->10096K(10304K) Class: 1111K(1344K)->1111K(1344K)
[2026-01-28T11:17:49.968+0000][gc          ] GC(9) Pause Young (Normal) (G1 Evacuation Pause) 628M->18M(1024M) 7.806ms
[2026-01-28T11:17:49.968+0000][gc,cpu      ] GC(9) User=0.04s Sys=0.00s Real=0.01s
[2026-01-28T11:18:50.059+0000][gc,start    ] GC(10) Pause Young (Normal) (G1 Evacuation Pause)
[2026-01-28T11:18:50.060+0000][gc,task     ] GC(10) Using 10 workers of 10 for evacuation
[2026-01-28T11:18:50.070+0000][gc,phases   ] GC(10)   Pre Evacuate Collection Set: 1.7ms
[2026-01-28T11:18:50.071+0000][gc,phases   ] GC(10)   Merge Heap Roots: 0.2ms
[2026-01-28T11:18:50.071+0000][gc,phases   ] GC(10)   Evacuate Collection Set: 5.5ms
[2026-01-28T11:18:50.071+0000][gc,phases   ] GC(10)   Post Evacuate Collection Set: 2.4ms
[2026-01-28T11:18:50.071+0000][gc,phases   ] GC(10)   Other: 0.3ms
[2026-01-28T11:18:50.071+0000][gc,heap     ] GC(10) Eden regions: 609->0(609)
[2026-01-28T11:18:50.071+0000][gc,heap     ] GC(10) Survivor regions: 5->5(77)
[2026-01-28T11:18:50.071+0000][gc,heap     ] GC(10) Old regions: 14->14
[2026-01-28T11:18:50.071+0000][gc,heap     ] GC(10) Humongous regions: 1->1
[2026-01-28T11:18:50.071+0000][gc,metaspace] GC(10) Metaspace: 11225K(11648K)->11225K(11648K) NonClass: 10114K(10304K)->10114K(10304K) Class: 1111K(1344K)->1111K(1344K)
[2026-01-28T11:18:50.071+0000][gc          ] GC(10) Pause Young (Normal) (G1 Evacuation Pause) 627M->19M(1024M) 12.564ms
[2026-01-28T11:18:50.071+0000][gc,cpu      ] GC(10) User=0.07s Sys=0.00s Real=0.02s
[2026-01-28T11:19:50.093+0000][gc,start    ] GC(11) Pause Young (Normal) (G1 Evacuation Pause)
[2026-01-28T11:19:50.094+0000][gc,task     ] GC(11) Using 10 workers of 10 for evacuation
[2026-01-28T11:19:50.099+0000][gc,phases   ] GC(11)   Pre Evacuate Collection Set: 0.7ms
[2026-01-28T11:19:50.100+0000][gc,phases   ] GC(11)   Merge Heap Roots: 0.2ms
[2026-01-28T11:19:50.100+0000][gc,phases   ] GC(11)   Evacuate Collection Set: 3.3ms
[2026-01-28T11:19:50.100+0000][gc,phases   ] GC(11)   Post Evacuate Collection Set: 0.9ms
[2026-01-28T11:19:50.100+0000][gc,phases   ] GC(11)   Other: 0.2ms
[2026-01-28T11:19:50.100+0000][gc,heap     ] GC(11) Eden regions: 609->0(609)
[2026-01-28T11:19:50.100+0000][gc,heap     ] GC(11) Survivor regions: 5->5(77)
[2026-01-28T11:19:50.100+0000][gc,heap     ] GC(11) Old regions: 14->14
[2026-01-28T11:19:50.100+0000][gc,heap     ] GC(11) Humongous regions: 1->1
[2026-01-28T11:19:50.100+0000][gc,metaspace] GC(11) Metaspace: 11268K(11712K)->11268K(11712K) NonClass: 10156K(10368K)->10156K(10368K) Class: 1111K(1344K)->1111K(1344K)
[2026-01-28T11:19:50.100+0000][gc          ] GC(11) Pause Young (Normal) (G1 Evacuation Pause) 628M->19M(1024M) 7.061ms
[2026-01-28T11:19:50.100+0000][gc,cpu      ] GC(11) User=0.04s Sys=0.00s Real=0.00s
[2026-01-28T11:20:50.100+0000][gc,start    ] GC(12) Pause Young (Normal) (G1 Evacuation Pause)
[2026-01-28T11:20:50.100+0000][gc,task     ] GC(12) Using 10 workers of 10 for evacuation
[2026-01-28T11:20:50.105+0000][gc,phases   ] GC(12)   Pre Evacuate Collection Set: 0.7ms
[2026-01-28T11:20:50.105+0000][gc,phases   ] GC(12)   Merge Heap Roots: 0.2ms
[2026-01-28T11:20:50.105+0000][gc,phases   ] GC(12)   Evacuate Collection Set: 3.3ms
[2026-01-28T11:20:50.105+0000][gc,phases   ] GC(12)   Post Evacuate Collection Set: 0.8ms
[2026-01-28T11:20:50.105+0000][gc,phases   ] GC(12)   Other: 0.2ms
[2026-01-28T11:20:50.105+0000][gc,heap     ] GC(12) Eden regions: 609->0(608)
[2026-01-28T11:20:50.106+0000][gc,heap     ] GC(12) Survivor regions: 5->6(77)
[2026-01-28T11:20:50.106+0000][gc,heap     ] GC(12) Old regions: 14->14
[2026-01-28T11:20:50.106+0000][gc,heap     ] GC(12) Humongous regions: 1->1
[2026-01-28T11:20:50.106+0000][gc,metaspace] GC(12) Metaspace: 11323K(11712K)->11323K(11712K) NonClass: 10199K(10368K)->10199K(10368K) Class: 1124K(1344K)->1124K(1344K)
[2026-01-28T11:20:50.106+0000][gc          ] GC(12) Pause Young (Normal) (G1 Evacuation Pause) 628M->19M(1024M) 6.198ms
[2026-01-28T11:20:50.106+0000][gc,cpu      ] GC(12) User=0.04s Sys=0.00s Real=0.01s
[2026-01-28T11:21:50.154+0000][gc,start    ] GC(13) Pause Young (Normal) (G1 Evacuation Pause)
[2026-01-28T11:21:50.155+0000][gc,task     ] GC(13) Using 10 workers of 10 for evacuation
[2026-01-28T11:21:50.160+0000][gc,phases   ] GC(13)   Pre Evacuate Collection Set: 0.6ms
[2026-01-28T11:21:50.160+0000][gc,phases   ] GC(13)   Merge Heap Roots: 0.2ms
[2026-01-28T11:21:50.160+0000][gc,phases   ] GC(13)   Evacuate Collection Set: 3.4ms
[2026-01-28T11:21:50.160+0000][gc,phases   ] GC(13)   Post Evacuate Collection Set: 0.8ms
[2026-01-28T11:21:50.160+0000][gc,phases   ] GC(13)   Other: 0.2ms
[2026-01-28T11:21:50.160+0000][gc,heap     ] GC(13) Eden regions: 608->0(609)
[2026-01-28T11:21:50.160+0000][gc,heap     ] GC(13) Survivor regions: 6->5(77)
[2026-01-28T11:21:50.160+0000][gc,heap     ] GC(13) Old regions: 14->14
[2026-01-28T11:21:50.160+0000][gc,heap     ] GC(13) Humongous regions: 1->1
[2026-01-28T11:21:50.160+0000][gc,metaspace] GC(13) Metaspace: 11387K(11776K)->11387K(11776K) NonClass: 10258K(10432K)->10258K(10432K) Class: 1128K(1344K)->1128K(1344K)
[2026-01-28T11:21:50.160+0000][gc          ] GC(13) Pause Young (Normal) (G1 Evacuation Pause) 627M->19M(1024M) 6.436ms
[2026-01-28T11:21:50.160+0000][gc,cpu      ] GC(13) User=0.04s Sys=0.00s Real=0.00s
[2026-01-28T11:22:59.986+0000][gc,start    ] GC(14) Pause Young (Normal) (G1 Evacuation Pause)
[2026-01-28T11:22:59.987+0000][gc,task     ] GC(14) Using 10 workers of 10 for evacuation
[2026-01-28T11:22:59.997+0000][gc,phases   ] GC(14)   Pre Evacuate Collection Set: 0.9ms
[2026-01-28T11:22:59.997+0000][gc,phases   ] GC(14)   Merge Heap Roots: 0.2ms
[2026-01-28T11:22:59.998+0000][gc,phases   ] GC(14)   Evacuate Collection Set: 7.8ms
[2026-01-28T11:22:59.998+0000][gc,phases   ] GC(14)   Post Evacuate Collection Set: 1.2ms
[2026-01-28T11:22:59.998+0000][gc,phases   ] GC(14)   Other: 0.2ms
[2026-01-28T11:22:59.998+0000][gc,heap     ] GC(14) Eden regions: 609->0(609)
[2026-01-28T11:22:59.998+0000][gc,heap     ] GC(14) Survivor regions: 5->5(77)
[2026-01-28T11:22:59.998+0000][gc,heap     ] GC(14) Old regions: 14->14
[2026-01-28T11:22:59.998+0000][gc,heap     ] GC(14) Humongous regions: 1->1
[2026-01-28T11:22:59.998+0000][gc,metaspace] GC(14) Metaspace: 11401K(11776K)->11401K(11776K) NonClass: 10273K(10432K)->10273K(10432K) Class: 1128K(1344K)->1128K(1344K)
[2026-01-28T11:22:59.998+0000][gc          ] GC(14) Pause Young (Normal) (G1 Evacuation Pause) 628M->19M(1024M) 11.721ms
[2026-01-28T11:22:59.998+0000][gc,cpu      ] GC(14) User=0.09s Sys=0.00s Real=0.01s
[2026-01-28T11:24:00.087+0000][gc,start    ] GC(15) Pause Young (Normal) (G1 Evacuation Pause)
[2026-01-28T11:24:00.088+0000][gc,task     ] GC(15) Using 10 workers of 10 for evacuation
[2026-01-28T11:24:00.104+0000][gc,phases   ] GC(15)   Pre Evacuate Collection Set: 3.6ms
[2026-01-28T11:24:00.104+0000][gc,phases   ] GC(15)   Merge Heap Roots: 0.2ms
[2026-01-28T11:24:00.105+0000][gc,phases   ] GC(15)   Evacuate Collection Set: 11.3ms
[2026-01-28T11:24:00.105+0000][gc,phases   ] GC(15)   Post Evacuate Collection Set: 1.1ms
[2026-01-28T11:24:00.105+0000][gc,phases   ] GC(15)   Other: 0.4ms
[2026-01-28T11:24:00.105+0000][gc,heap     ] GC(15) Eden regions: 609->0(609)
[2026-01-28T11:24:00.105+0000][gc,heap     ] GC(15) Survivor regions: 5->5(77)
[2026-01-28T11:24:00.105+0000][gc,heap     ] GC(15) Old regions: 14->14
[2026-01-28T11:24:00.105+0000][gc,heap     ] GC(15) Humongous regions: 1->1
[2026-01-28T11:24:00.105+0000][gc,metaspace] GC(15) Metaspace: 11424K(11840K)->11424K(11840K) NonClass: 10295K(10496K)->10295K(10496K) Class: 1128K(1344K)->1128K(1344K)
[2026-01-28T11:24:00.105+0000][gc          ] GC(15) Pause Young (Normal) (G1 Evacuation Pause) 628M->19M(1024M) 18.486ms
[2026-01-28T11:24:00.105+0000][gc,cpu      ] GC(15) User=0.15s Sys=0.00s Real=0.02s
[2026-01-28T11:25:00.116+0000][gc,start    ] GC(16) Pause Young (Normal) (G1 Evacuation Pause)
[2026-01-28T11:25:00.116+0000][gc,task     ] GC(16) Using 10 workers of 10 for evacuation
[2026-01-28T11:25:00.122+0000][gc,phases   ] GC(16)   Pre Evacuate Collection Set: 0.8ms
[2026-01-28T11:25:00.122+0000][gc,phases   ] GC(16)   Merge Heap Roots: 0.2ms
[2026-01-28T11:25:00.122+0000][gc,phases   ] GC(16)   Evacuate Collection Set: 3.9ms
[2026-01-28T11:25:00.123+0000][gc,phases   ] GC(16)   Post Evacuate Collection Set: 0.9ms
[2026-01-28T11:25:00.123+0000][gc,phases   ] GC(16)   Other: 0.2ms
[2026-01-28T11:25:00.123+0000][gc,heap     ] GC(16) Eden regions: 609->0(610)
[2026-01-28T11:25:00.123+0000][gc,heap     ] GC(16) Survivor regions: 5->4(77)
[2026-01-28T11:25:00.123+0000][gc,heap     ] GC(16) Old regions: 14->16
[2026-01-28T11:25:00.123+0000][gc,heap     ] GC(16) Humongous regions: 1->1
[2026-01-28T11:25:00.123+0000][gc,metaspace] GC(16) Metaspace: 11494K(11840K)->11494K(11840K) NonClass: 10365K(10496K)->10365K(10496K) Class: 1129K(1344K)->1129K(1344K)
[2026-01-28T11:25:00.123+0000][gc          ] GC(16) Pause Young (Normal) (G1 Evacuation Pause) 628M->20M(1024M) 7.104ms
[2026-01-28T11:25:00.123+0000][gc,cpu      ] GC(16) User=0.04s Sys=0.00s Real=0.00s
[2026-01-28T11:26:00.169+0000][gc,start    ] GC(17) Pause Young (Normal) (G1 Evacuation Pause)
[2026-01-28T11:26:00.170+0000][gc,task     ] GC(17) Using 10 workers of 10 for evacuation
[2026-01-28T11:26:00.176+0000][gc,phases   ] GC(17)   Pre Evacuate Collection Set: 0.8ms
[2026-01-28T11:26:00.176+0000][gc,phases   ] GC(17)   Merge Heap Roots: 0.2ms
[2026-01-28T11:26:00.176+0000][gc,phases   ] GC(17)   Evacuate Collection Set: 3.6ms
[2026-01-28T11:26:00.176+0000][gc,phases   ] GC(17)   Post Evacuate Collection Set: 1.5ms
[2026-01-28T11:26:00.176+0000][gc,phases   ] GC(17)   Other: 0.2ms
[2026-01-28T11:26:00.176+0000][gc,heap     ] GC(17) Eden regions: 610->0(611)
[2026-01-28T11:26:00.176+0000][gc,heap     ] GC(17) Survivor regions: 4->3(77)
[2026-01-28T11:26:00.176+0000][gc,heap     ] GC(17) Old regions: 16->17
[2026-01-28T11:26:00.176+0000][gc,heap     ] GC(17) Humongous regions: 1->1
[2026-01-28T11:26:00.176+0000][gc,metaspace] GC(17) Metaspace: 11498K(11840K)->11498K(11840K) NonClass: 10368K(10496K)->10368K(10496K) Class: 1129K(1344K)->1129K(1344K)
[2026-01-28T11:26:00.177+0000][gc          ] GC(17) Pause Young (Normal) (G1 Evacuation Pause) 630M->20M(1024M) 7.750ms
[2026-01-28T11:26:00.177+0000][gc,cpu      ] GC(17) User=0.05s Sys=0.00s Real=0.01s
[2026-01-28T11:27:09.980+0000][gc,start    ] GC(18) Pause Young (Normal) (G1 Evacuation Pause)
[2026-01-28T11:27:09.981+0000][gc,task     ] GC(18) Using 10 workers of 10 for evacuation
[2026-01-28T11:27:09.985+0000][gc,phases   ] GC(18)   Pre Evacuate Collection Set: 0.9ms
[2026-01-28T11:27:09.985+0000][gc,phases   ] GC(18)   Merge Heap Roots: 0.2ms
[2026-01-28T11:27:09.985+0000][gc,phases   ] GC(18)   Evacuate Collection Set: 1.9ms
[2026-01-28T11:27:09.985+0000][gc,phases   ] GC(18)   Post Evacuate Collection Set: 0.8ms
[2026-01-28T11:27:09.985+0000][gc,phases   ] GC(18)   Other: 0.2ms
[2026-01-28T11:27:09.985+0000][gc,heap     ] GC(18) Eden regions: 611->0(613)
[2026-01-28T11:27:09.985+0000][gc,heap     ] GC(18) Survivor regions: 3->1(77)
[2026-01-28T11:27:09.985+0000][gc,heap     ] GC(18) Old regions: 17->18
[2026-01-28T11:27:09.985+0000][gc,heap     ] GC(18) Humongous regions: 1->1
[2026-01-28T11:27:09.985+0000][gc,metaspace] GC(18) Metaspace: 11527K(11968K)->11527K(11968K) NonClass: 10397K(10624K)->10397K(10624K) Class: 1129K(1344K)->1129K(1344K)
[2026-01-28T11:27:09.985+0000][gc          ] GC(18) Pause Young (Normal) (G1 Evacuation Pause) 631M->19M(1024M) 4.852ms
[2026-01-28T11:27:09.985+0000][gc,cpu      ] GC(18) User=0.02s Sys=0.00s Real=0.01s
[2026-01-28T11:28:10.081+0000][gc,start    ] GC(19) Pause Young (Normal) (G1 Evacuation Pause)
[2026-01-28T11:28:10.082+0000][gc,task     ] GC(19) Using 10 workers of 10 for evacuation
[2026-01-28T11:28:10.094+0000][gc,phases   ] GC(19)   Pre Evacuate Collection Set: 0.8ms
[2026-01-28T11:28:10.094+0000][gc,phases   ] GC(19)   Merge Heap Roots: 0.2ms
[2026-01-28T11:28:10.094+0000][gc,phases   ] GC(19)   Evacuate Collection Set: 6.2ms
[2026-01-28T11:28:10.094+0000][gc,phases   ] GC(19)   Post Evacuate Collection Set: 3.9ms
[2026-01-28T11:28:10.094+0000][gc,phases   ] GC(19)   Other: 0.3ms
[2026-01-28T11:28:10.094+0000][gc,heap     ] GC(19) Eden regions: 613->0(612)
[2026-01-28T11:28:10.094+0000][gc,heap     ] GC(19) Survivor regions: 1->2(77)
[2026-01-28T11:28:10.095+0000][gc,heap     ] GC(19) Old regions: 18->18
[2026-01-28T11:28:10.095+0000][gc,heap     ] GC(19) Humongous regions: 1->1
[2026-01-28T11:28:10.095+0000][gc,metaspace] GC(19) Metaspace: 11583K(11968K)->11583K(11968K) NonClass: 10453K(10624K)->10453K(10624K) Class: 1130K(1344K)->1130K(1344K)
[2026-01-28T11:28:10.095+0000][gc          ] GC(19) Pause Young (Normal) (G1 Evacuation Pause) 632M->19M(1024M) 13.834ms
[2026-01-28T11:28:10.095+0000][gc,cpu      ] GC(19) User=0.06s Sys=0.01s Real=0.02s
[2026-01-28T11:29:10.113+0000][gc,start    ] GC(20) Pause Young (Normal) (G1 Evacuation Pause)
[2026-01-28T11:29:10.114+0000][gc,task     ] GC(20) Using 10 workers of 10 for evacuation
[2026-01-28T11:29:10.118+0000][gc,phases   ] GC(20)   Pre Evacuate Collection Set: 0.9ms
[2026-01-28T11:29:10.119+0000][gc,phases   ] GC(20)   Merge Heap Roots: 0.2ms
[2026-01-28T11:29:10.119+0000][gc,phases   ] GC(20)   Evacuate Collection Set: 2.5ms
[2026-01-28T11:29:10.119+0000][gc,phases   ] GC(20)   Post Evacuate Collection Set: 1.2ms
[2026-01-28T11:29:10.119+0000][gc,phases   ] GC(20)   Other: 0.2ms
[2026-01-28T11:29:10.119+0000][gc,heap     ] GC(20) Eden regions: 612->0(611)
[2026-01-28T11:29:10.119+0000][gc,heap     ] GC(20) Survivor regions: 2->3(77)
[2026-01-28T11:29:10.119+0000][gc,heap     ] GC(20) Old regions: 18->18
[2026-01-28T11:29:10.119+0000][gc,heap     ] GC(20) Humongous regions: 1->1
[2026-01-28T11:29:10.119+0000][gc,metaspace] GC(20) Metaspace: 11583K(11968K)->11583K(11968K) NonClass: 10453K(10624K)->10453K(10624K) Class: 1130K(1344K)->1130K(1344K)
[2026-01-28T11:29:10.120+0000][gc          ] GC(20) Pause Young (Normal) (G1 Evacuation Pause) 631M->20M(1024M) 6.314ms
[2026-01-28T11:29:10.120+0000][gc,cpu      ] GC(20) User=0.02s Sys=0.01s Real=0.01s
[2026-01-28T11:30:10.178+0000][gc,start    ] GC(21) Pause Young (Normal) (G1 Evacuation Pause)
[2026-01-28T11:30:10.179+0000][gc,task     ] GC(21) Using 10 workers of 10 for evacuation
[2026-01-28T11:30:10.183+0000][gc,phases   ] GC(21)   Pre Evacuate Collection Set: 0.8ms
[2026-01-28T11:30:10.183+0000][gc,phases   ] GC(21)   Merge Heap Roots: 0.1ms
[2026-01-28T11:30:10.183+0000][gc,phases   ] GC(21)   Evacuate Collection Set: 1.6ms
[2026-01-28T11:30:10.183+0000][gc,phases   ] GC(21)   Post Evacuate Collection Set: 1.1ms
[2026-01-28T11:30:10.183+0000][gc,phases   ] GC(21)   Other: 0.3ms
[2026-01-28T11:30:10.183+0000][gc,heap     ] GC(21) Eden regions: 611->0(611)
[2026-01-28T11:30:10.183+0000][gc,heap     ] GC(21) Survivor regions: 3->3(77)
[2026-01-28T11:30:10.183+0000][gc,heap     ] GC(21) Old regions: 18->18
[2026-01-28T11:30:10.183+0000][gc,heap     ] GC(21) Humongous regions: 1->1
[2026-01-28T11:30:10.183+0000][gc,metaspace] GC(21) Metaspace: 11594K(11968K)->11594K(11968K) NonClass: 10464K(10624K)->10464K(10624K) Class: 1130K(1344K)->1130K(1344K)
[2026-01-28T11:30:10.183+0000][gc          ] GC(21) Pause Young (Normal) (G1 Evacuation Pause) 631M->20M(1024M) 5.585ms
[2026-01-28T11:30:10.184+0000][gc,cpu      ] GC(21) User=0.02s Sys=0.00s Real=0.00s
[2026-01-28T11:31:20.016+0000][gc,start    ] GC(22) Pause Young (Normal) (G1 Evacuation Pause)
[2026-01-28T11:31:20.016+0000][gc,task     ] GC(22) Using 10 workers of 10 for evacuation
[2026-01-28T11:31:20.020+0000][gc,phases   ] GC(22)   Pre Evacuate Collection Set: 0.8ms
[2026-01-28T11:31:20.020+0000][gc,phases   ] GC(22)   Merge Heap Roots: 0.2ms
[2026-01-28T11:31:20.020+0000][gc,phases   ] GC(22)   Evacuate Collection Set: 1.6ms
[2026-01-28T11:31:20.020+0000][gc,phases   ] GC(22)   Post Evacuate Collection Set: 0.9ms
[2026-01-28T11:31:20.020+0000][gc,phases   ] GC(22)   Other: 0.2ms
[2026-01-28T11:31:20.020+0000][gc,heap     ] GC(22) Eden regions: 611->0(613)
[2026-01-28T11:31:20.020+0000][gc,heap     ] GC(22) Survivor regions: 3->1(77)
[2026-01-28T11:31:20.021+0000][gc,heap     ] GC(22) Old regions: 18->18
[2026-01-28T11:31:20.021+0000][gc,heap     ] GC(22) Humongous regions: 1->1
[2026-01-28T11:31:20.021+0000][gc,metaspace] GC(22) Metaspace: 11624K(11968K)->11624K(11968K) NonClass: 10494K(10624K)->10494K(10624K) Class: 1130K(1344K)->1130K(1344K)
[2026-01-28T11:31:20.021+0000][gc          ] GC(22) Pause Young (Normal) (G1 Evacuation Pause) 631M->19M(1024M) 4.738ms
[2026-01-28T11:31:20.021+0000][gc,cpu      ] GC(22) User=0.03s Sys=0.00s Real=0.00s
[2026-01-28T11:32:20.076+0000][gc,start    ] GC(23) Pause Young (Normal) (G1 Evacuation Pause)
[2026-01-28T11:32:20.077+0000][gc,task     ] GC(23) Using 10 workers of 10 for evacuation
[2026-01-28T11:32:20.081+0000][gc,phases   ] GC(23)   Pre Evacuate Collection Set: 0.7ms
[2026-01-28T11:32:20.081+0000][gc,phases   ] GC(23)   Merge Heap Roots: 0.1ms
[2026-01-28T11:32:20.081+0000][gc,phases   ] GC(23)   Evacuate Collection Set: 1.7ms
[2026-01-28T11:32:20.081+0000][gc,phases   ] GC(23)   Post Evacuate Collection Set: 0.8ms
[2026-01-28T11:32:20.081+0000][gc,phases   ] GC(23)   Other: 0.2ms
[2026-01-28T11:32:20.081+0000][gc,heap     ] GC(23) Eden regions: 613->0(612)
[2026-01-28T11:32:20.081+0000][gc,heap     ] GC(23) Survivor regions: 1->2(77)
[2026-01-28T11:32:20.081+0000][gc,heap     ] GC(23) Old regions: 18->18
[2026-01-28T11:32:20.081+0000][gc,heap     ] GC(23) Humongous regions: 1->1
[2026-01-28T11:32:20.081+0000][gc,metaspace] GC(23) Metaspace: 11891K(12352K)->11891K(12352K) NonClass: 10725K(10944K)->10725K(10944K) Class: 1165K(1408K)->1165K(1408K)
[2026-01-28T11:32:20.081+0000][gc          ] GC(23) Pause Young (Normal) (G1 Evacuation Pause) 632M->19M(1024M) 5.104ms
[2026-01-28T11:32:20.081+0000][gc,cpu      ] GC(23) User=0.02s Sys=0.00s Real=0.00s
[2026-01-28T11:33:20.106+0000][gc,start    ] GC(24) Pause Young (Normal) (G1 Evacuation Pause)
[2026-01-28T11:33:20.107+0000][gc,task     ] GC(24) Using 10 workers of 10 for evacuation
[2026-01-28T11:33:20.110+0000][gc,phases   ] GC(24)   Pre Evacuate Collection Set: 0.7ms
[2026-01-28T11:33:20.110+0000][gc,phases   ] GC(24)   Merge Heap Roots: 0.2ms
[2026-01-28T11:33:20.110+0000][gc,phases   ] GC(24)   Evacuate Collection Set: 1.4ms
[2026-01-28T11:33:20.110+0000][gc,phases   ] GC(24)   Post Evacuate Collection Set: 0.8ms
[2026-01-28T11:33:20.110+0000][gc,phases   ] GC(24)   Other: 0.2ms
[2026-01-28T11:33:20.110+0000][gc,heap     ] GC(24) Eden regions: 612->0(611)
[2026-01-28T11:33:20.110+0000][gc,heap     ] GC(24) Survivor regions: 2->3(77)
[2026-01-28T11:33:20.110+0000][gc,heap     ] GC(24) Old regions: 18->18
[2026-01-28T11:33:20.110+0000][gc,heap     ] GC(24) Humongous regions: 1->1
[2026-01-28T11:33:20.110+0000][gc,metaspace] GC(24) Metaspace: 11899K(12352K)->11899K(12352K) NonClass: 10734K(10944K)->10734K(10944K) Class: 1165K(1408K)->1165K(1408K)
[2026-01-28T11:33:20.110+0000][gc          ] GC(24) Pause Young (Normal) (G1 Evacuation Pause) 631M->20M(1024M) 4.557ms
[2026-01-28T11:33:20.110+0000][gc,cpu      ] GC(24) User=0.02s Sys=0.01s Real=0.01s
[2026-01-28T11:34:20.191+0000][gc,start    ] GC(25) Pause Young (Normal) (G1 Evacuation Pause)
[2026-01-28T11:34:20.191+0000][gc,task     ] GC(25) Using 10 workers of 10 for evacuation
[2026-01-28T11:34:20.195+0000][gc,phases   ] GC(25)   Pre Evacuate Collection Set: 0.8ms
[2026-01-28T11:34:20.195+0000][gc,phases   ] GC(25)   Merge Heap Roots: 0.2ms
[2026-01-28T11:34:20.195+0000][gc,phases   ] GC(25)   Evacuate Collection Set: 1.4ms
[2026-01-28T11:34:20.195+0000][gc,phases   ] GC(25)   Post Evacuate Collection Set: 0.8ms
[2026-01-28T11:34:20.195+0000][gc,phases   ] GC(25)   Other: 0.2ms
[2026-01-28T11:34:20.195+0000][gc,heap     ] GC(25) Eden regions: 611->0(612)
[2026-01-28T11:34:20.195+0000][gc,heap     ] GC(25) Survivor regions: 3->2(77)
[2026-01-28T11:34:20.195+0000][gc,heap     ] GC(25) Old regions: 18->18
[2026-01-28T11:34:20.195+0000][gc,heap     ] GC(25) Humongous regions: 1->1
[2026-01-28T11:34:20.195+0000][gc,metaspace] GC(25) Metaspace: 11900K(12352K)->11900K(12352K) NonClass: 10734K(10944K)->10734K(10944K) Class: 1165K(1408K)->1165K(1408K)
[2026-01-28T11:34:20.195+0000][gc          ] GC(25) Pause Young (Normal) (G1 Evacuation Pause) 631M->19M(1024M) 4.447ms
[2026-01-28T11:34:20.195+0000][gc,cpu      ] GC(25) User=0.02s Sys=0.00s Real=0.00s
[2026-01-28T11:35:30.021+0000][gc,start    ] GC(26) Pause Young (Normal) (G1 Evacuation Pause)
[2026-01-28T11:35:30.021+0000][gc,task     ] GC(26) Using 10 workers of 10 for evacuation
[2026-01-28T11:35:30.024+0000][gc,phases   ] GC(26)   Pre Evacuate Collection Set: 0.7ms
[2026-01-28T11:35:30.024+0000][gc,phases   ] GC(26)   Merge Heap Roots: 0.2ms
[2026-01-28T11:35:30.024+0000][gc,phases   ] GC(26)   Evacuate Collection Set: 1.1ms
[2026-01-28T11:35:30.024+0000][gc,phases   ] GC(26)   Post Evacuate Collection Set: 0.8ms
[2026-01-28T11:35:30.024+0000][gc,phases   ] GC(26)   Other: 0.1ms
[2026-01-28T11:35:30.024+0000][gc,heap     ] GC(26) Eden regions: 612->0(612)
[2026-01-28T11:35:30.025+0000][gc,heap     ] GC(26) Survivor regions: 2->2(77)
[2026-01-28T11:35:30.025+0000][gc,heap     ] GC(26) Old regions: 18->18
[2026-01-28T11:35:30.025+0000][gc,heap     ] GC(26) Humongous regions: 1->1
[2026-01-28T11:35:30.025+0000][gc,metaspace] GC(26) Metaspace: 11900K(12352K)->11900K(12352K) NonClass: 10734K(10944K)->10734K(10944K) Class: 1165K(1408K)->1165K(1408K)
[2026-01-28T11:35:30.025+0000][gc          ] GC(26) Pause Young (Normal) (G1 Evacuation Pause) 631M->19M(1024M) 3.633ms
[2026-01-28T11:35:30.025+0000][gc,cpu      ] GC(26) User=0.01s Sys=0.00s Real=0.00s
[2026-01-28T11:36:30.086+0000][gc,start    ] GC(27) Pause Young (Normal) (G1 Evacuation Pause)
[2026-01-28T11:36:30.087+0000][gc,task     ] GC(27) Using 10 workers of 10 for evacuation
[2026-01-28T11:36:30.092+0000][gc,phases   ] GC(27)   Pre Evacuate Collection Set: 0.7ms
[2026-01-28T11:36:30.092+0000][gc,phases   ] GC(27)   Merge Heap Roots: 0.2ms
[2026-01-28T11:36:30.092+0000][gc,phases   ] GC(27)   Evacuate Collection Set: 2.1ms
[2026-01-28T11:36:30.092+0000][gc,phases   ] GC(27)   Post Evacuate Collection Set: 1.5ms
[2026-01-28T11:36:30.092+0000][gc,phases   ] GC(27)   Other: 0.3ms
[2026-01-28T11:36:30.092+0000][gc,heap     ] GC(27) Eden regions: 612->0(612)
[2026-01-28T11:36:30.092+0000][gc,heap     ] GC(27) Survivor regions: 2->2(77)
[2026-01-28T11:36:30.092+0000][gc,heap     ] GC(27) Old regions: 18->18
[2026-01-28T11:36:30.092+0000][gc,heap     ] GC(27) Humongous regions: 1->1
[2026-01-28T11:36:30.092+0000][gc,metaspace] GC(27) Metaspace: 11901K(12352K)->11901K(12352K) NonClass: 10735K(10944K)->10735K(10944K) Class: 1165K(1408K)->1165K(1408K)
[2026-01-28T11:36:30.092+0000][gc          ] GC(27) Pause Young (Normal) (G1 Evacuation Pause) 631M->20M(1024M) 6.615ms
[2026-01-28T11:36:30.092+0000][gc,cpu      ] GC(27) User=0.02s Sys=0.01s Real=0.01s
[2026-01-28T11:37:30.205+0000][gc,start    ] GC(28) Pause Young (Normal) (G1 Evacuation Pause)
[2026-01-28T11:37:30.206+0000][gc,task     ] GC(28) Using 10 workers of 10 for evacuation
[2026-01-28T11:37:30.212+0000][gc,phases   ] GC(28)   Pre Evacuate Collection Set: 2.0ms
[2026-01-28T11:37:30.212+0000][gc,phases   ] GC(28)   Merge Heap Roots: 0.3ms
[2026-01-28T11:37:30.212+0000][gc,phases   ] GC(28)   Evacuate Collection Set: 2.3ms
[2026-01-28T11:37:30.212+0000][gc,phases   ] GC(28)   Post Evacuate Collection Set: 1.0ms
[2026-01-28T11:37:30.212+0000][gc,phases   ] GC(28)   Other: 0.2ms
[2026-01-28T11:37:30.212+0000][gc,heap     ] GC(28) Eden regions: 612->0(611)
[2026-01-28T11:37:30.212+0000][gc,heap     ] GC(28) Survivor regions: 2->3(77)
[2026-01-28T11:37:30.212+0000][gc,heap     ] GC(28) Old regions: 18->18
[2026-01-28T11:37:30.212+0000][gc,heap     ] GC(28) Humongous regions: 1->1
[2026-01-28T11:37:30.212+0000][gc,metaspace] GC(28) Metaspace: 11901K(12352K)->11901K(12352K) NonClass: 10735K(10944K)->10735K(10944K) Class: 1165K(1408K)->1165K(1408K)
[2026-01-28T11:37:30.213+0000][gc          ] GC(28) Pause Young (Normal) (G1 Evacuation Pause) 632M->20M(1024M) 7.274ms
[2026-01-28T11:37:30.213+0000][gc,cpu      ] GC(28) User=0.03s Sys=0.01s Real=0.01s
[2026-01-28T11:38:40.037+0000][gc,start    ] GC(29) Pause Young (Normal) (G1 Evacuation Pause)
[2026-01-28T11:38:40.039+0000][gc,task     ] GC(29) Using 10 workers of 10 for evacuation
[2026-01-28T11:38:40.048+0000][gc,phases   ] GC(29)   Pre Evacuate Collection Set: 2.8ms
[2026-01-28T11:38:40.048+0000][gc,phases   ] GC(29)   Merge Heap Roots: 0.2ms
[2026-01-28T11:38:40.048+0000][gc,phases   ] GC(29)   Evacuate Collection Set: 3.2ms
[2026-01-28T11:38:40.048+0000][gc,phases   ] GC(29)   Post Evacuate Collection Set: 2.5ms
[2026-01-28T11:38:40.048+0000][gc,phases   ] GC(29)   Other: 0.6ms
[2026-01-28T11:38:40.049+0000][gc,heap     ] GC(29) Eden regions: 611->0(613)
[2026-01-28T11:38:40.049+0000][gc,heap     ] GC(29) Survivor regions: 3->1(77)
[2026-01-28T11:38:40.049+0000][gc,heap     ] GC(29) Old regions: 18->18
[2026-01-28T11:38:40.049+0000][gc,heap     ] GC(29) Humongous regions: 1->1
[2026-01-28T11:38:40.049+0000][gc,metaspace] GC(29) Metaspace: 11903K(12352K)->11903K(12352K) NonClass: 10737K(10944K)->10737K(10944K) Class: 1165K(1408K)->1165K(1408K)
[2026-01-28T11:38:40.049+0000][gc          ] GC(29) Pause Young (Normal) (G1 Evacuation Pause) 631M->19M(1024M) 12.428ms
[2026-01-28T11:38:40.049+0000][gc,cpu      ] GC(29) User=0.05s Sys=0.00s Real=0.01s
[2026-01-28T11:39:40.036+0000][gc,start    ] GC(30) Pause Young (Normal) (G1 Evacuation Pause)
[2026-01-28T11:39:40.037+0000][gc,task     ] GC(30) Using 10 workers of 10 for evacuation
[2026-01-28T11:39:40.043+0000][gc,phases   ] GC(30)   Pre Evacuate Collection Set: 2.8ms
[2026-01-28T11:39:40.043+0000][gc,phases   ] GC(30)   Merge Heap Roots: 0.2ms
[2026-01-28T11:39:40.044+0000][gc,phases   ] GC(30)   Evacuate Collection Set: 2.4ms
[2026-01-28T11:39:40.044+0000][gc,phases   ] GC(30)   Post Evacuate Collection Set: 1.0ms
[2026-01-28T11:39:40.044+0000][gc,phases   ] GC(30)   Other: 0.3ms
[2026-01-28T11:39:40.044+0000][gc,heap     ] GC(30) Eden regions: 613->0(612)
[2026-01-28T11:39:40.044+0000][gc,heap     ] GC(30) Survivor regions: 1->2(77)
[2026-01-28T11:39:40.044+0000][gc,heap     ] GC(30) Old regions: 18->18
[2026-01-28T11:39:40.044+0000][gc,heap     ] GC(30) Humongous regions: 1->1
[2026-01-28T11:39:40.044+0000][gc,metaspace] GC(30) Metaspace: 11920K(12352K)->11920K(12352K) NonClass: 10754K(10944K)->10754K(10944K) Class: 1165K(1408K)->1165K(1408K)
[2026-01-28T11:39:40.044+0000][gc          ] GC(30) Pause Young (Normal) (G1 Evacuation Pause) 632M->19M(1024M) 8.407ms
[2026-01-28T11:39:40.044+0000][gc,cpu      ] GC(30) User=0.04s Sys=0.00s Real=0.01s
[2026-01-28T11:40:40.088+0000][gc,start    ] GC(31) Pause Young (Normal) (G1 Evacuation Pause)
[2026-01-28T11:40:40.089+0000][gc,task     ] GC(31) Using 10 workers of 10 for evacuation
[2026-01-28T11:40:40.092+0000][gc,phases   ] GC(31)   Pre Evacuate Collection Set: 0.7ms
[2026-01-28T11:40:40.092+0000][gc,phases   ] GC(31)   Merge Heap Roots: 0.2ms
[2026-01-28T11:40:40.092+0000][gc,phases   ] GC(31)   Evacuate Collection Set: 1.2ms
[2026-01-28T11:40:40.092+0000][gc,phases   ] GC(31)   Post Evacuate Collection Set: 0.7ms
[2026-01-28T11:40:40.092+0000][gc,phases   ] GC(31)   Other: 0.2ms
[2026-01-28T11:40:40.092+0000][gc,heap     ] GC(31) Eden regions: 612->0(612)
[2026-01-28T11:40:40.092+0000][gc,heap     ] GC(31) Survivor regions: 2->2(77)
[2026-01-28T11:40:40.092+0000][gc,heap     ] GC(31) Old regions: 18->18
[2026-01-28T11:40:40.092+0000][gc,heap     ] GC(31) Humongous regions: 1->1
[2026-01-28T11:40:40.092+0000][gc,metaspace] GC(31) Metaspace: 11922K(12352K)->11922K(12352K) NonClass: 10756K(10944K)->10756K(10944K) Class: 1165K(1408K)->1165K(1408K)
[2026-01-28T11:40:40.093+0000][gc          ] GC(31) Pause Young (Normal) (G1 Evacuation Pause) 631M->20M(1024M) 4.573ms
[2026-01-28T11:40:40.093+0000][gc,cpu      ] GC(31) User=0.02s Sys=0.00s Real=0.00s
[2026-01-28T11:41:40.126+0000][gc,start    ] GC(32) Pause Young (Normal) (G1 Evacuation Pause)
[2026-01-28T11:41:40.127+0000][gc,task     ] GC(32) Using 10 workers of 10 for evacuation
[2026-01-28T11:41:40.130+0000][gc,phases   ] GC(32)   Pre Evacuate Collection Set: 0.6ms
[2026-01-28T11:41:40.130+0000][gc,phases   ] GC(32)   Merge Heap Roots: 0.2ms
[2026-01-28T11:41:40.130+0000][gc,phases   ] GC(32)   Evacuate Collection Set: 1.5ms
[2026-01-28T11:41:40.131+0000][gc,phases   ] GC(32)   Post Evacuate Collection Set: 0.7ms
[2026-01-28T11:41:40.131+0000][gc,phases   ] GC(32)   Other: 0.2ms
[2026-01-28T11:41:40.131+0000][gc,heap     ] GC(32) Eden regions: 612->0(611)
[2026-01-28T11:41:40.131+0000][gc,heap     ] GC(32) Survivor regions: 2->3(77)
[2026-01-28T11:41:40.131+0000][gc,heap     ] GC(32) Old regions: 18->18
[2026-01-28T11:41:40.131+0000][gc,heap     ] GC(32) Humongous regions: 1->1
[2026-01-28T11:41:40.131+0000][gc,metaspace] GC(32) Metaspace: 11930K(12352K)->11930K(12352K) NonClass: 10764K(10944K)->10764K(10944K) Class: 1165K(1408K)->1165K(1408K)
[2026-01-28T11:41:40.131+0000][gc          ] GC(32) Pause Young (Normal) (G1 Evacuation Pause) 632M->20M(1024M) 4.663ms
[2026-01-28T11:41:40.131+0000][gc,cpu      ] GC(32) User=0.02s Sys=0.00s Real=0.00s
[2026-01-28T11:42:49.994+0000][gc,start    ] GC(33) Pause Young (Normal) (G1 Evacuation Pause)
[2026-01-28T11:42:49.995+0000][gc,task     ] GC(33) Using 10 workers of 10 for evacuation
[2026-01-28T11:42:49.999+0000][gc,phases   ] GC(33)   Pre Evacuate Collection Set: 1.0ms
[2026-01-28T11:42:49.999+0000][gc,phases   ] GC(33)   Merge Heap Roots: 0.2ms
[2026-01-28T11:42:50.000+0000][gc,phases   ] GC(33)   Evacuate Collection Set: 2.5ms
[2026-01-28T11:42:50.000+0000][gc,phases   ] GC(33)   Post Evacuate Collection Set: 1.0ms
[2026-01-28T11:42:50.000+0000][gc,phases   ] GC(33)   Other: 0.2ms
[2026-01-28T11:42:50.000+0000][gc,heap     ] GC(33) Eden regions: 611->0(613)
[2026-01-28T11:42:50.000+0000][gc,heap     ] GC(33) Survivor regions: 3->1(77)
[2026-01-28T11:42:50.000+0000][gc,heap     ] GC(33) Old regions: 18->18
[2026-01-28T11:42:50.000+0000][gc,heap     ] GC(33) Humongous regions: 1->1
[2026-01-28T11:42:50.000+0000][gc,metaspace] GC(33) Metaspace: 11963K(12352K)->11963K(12352K) NonClass: 10798K(10944K)->10798K(10944K) Class: 1165K(1408K)->1165K(1408K)
[2026-01-28T11:42:50.000+0000][gc          ] GC(33) Pause Young (Normal) (G1 Evacuation Pause) 631M->19M(1024M) 5.986ms
[2026-01-28T11:42:50.000+0000][gc,cpu      ] GC(33) User=0.04s Sys=0.01s Real=0.00s
[2026-01-28T11:43:50.046+0000][gc,start    ] GC(34) Pause Young (Normal) (G1 Evacuation Pause)
[2026-01-28T11:43:50.046+0000][gc,task     ] GC(34) Using 10 workers of 10 for evacuation
[2026-01-28T11:43:50.050+0000][gc,phases   ] GC(34)   Pre Evacuate Collection Set: 0.9ms
[2026-01-28T11:43:50.050+0000][gc,phases   ] GC(34)   Merge Heap Roots: 0.2ms
[2026-01-28T11:43:50.050+0000][gc,phases   ] GC(34)   Evacuate Collection Set: 1.5ms
[2026-01-28T11:43:50.050+0000][gc,phases   ] GC(34)   Post Evacuate Collection Set: 0.8ms
[2026-01-28T11:43:50.050+0000][gc,phases   ] GC(34)   Other: 0.1ms
[2026-01-28T11:43:50.050+0000][gc,heap     ] GC(34) Eden regions: 613->0(612)
[2026-01-28T11:43:50.050+0000][gc,heap     ] GC(34) Survivor regions: 1->2(77)
[2026-01-28T11:43:50.050+0000][gc,heap     ] GC(34) Old regions: 18->18
[2026-01-28T11:43:50.050+0000][gc,heap     ] GC(34) Humongous regions: 1->1
[2026-01-28T11:43:50.050+0000][gc,metaspace] GC(34) Metaspace: 11968K(12352K)->11968K(12352K) NonClass: 10802K(10944K)->10802K(10944K) Class: 1165K(1408K)->1165K(1408K)
[2026-01-28T11:43:50.050+0000][gc          ] GC(34) Pause Young (Normal) (G1 Evacuation Pause) 632M->19M(1024M) 4.366ms
[2026-01-28T11:43:50.050+0000][gc,cpu      ] GC(34) User=0.02s Sys=0.00s Real=0.00s
