[2026-01-28T11:09:36.045+0000][gc,init] CardTable entry size: 512
[2026-01-28T11:09:36.046+0000][gc     ] Using G1
[2026-01-28T11:09:36.051+0000][gc,init] Version: 21.0.4+7-LTS (release)
[2026-01-28T11:09:36.051+0000][gc,init] CPUs: 12 total, 12 available
[2026-01-28T11:09:36.051+0000][gc,init] Memory: 7837M
[2026-01-28T11:09:36.051+0000][gc,init] Large Page Support: Disabled
[2026-01-28T11:09:36.051+0000][gc,init] NUMA Support: Disabled
[2026-01-28T11:09:36.051+0000][gc,init] Compressed Oops: Enabled (32-bit)
[2026-01-28T11:09:36.052+0000][gc,init] Heap Region Size: 1M
[2026-01-28T11:09:36.052+0000][gc,init] Heap Min Capacity: 1G
[2026-01-28T11:09:36.052+0000][gc,init] Heap Initial Capacity: 1G
[2026-01-28T11:09:36.052+0000][gc,init] Heap Max Capacity: 1G
[2026-01-28T11:09:36.052+0000][gc,init] Pre-touch: Disabled
[2026-01-28T11:09:36.052+0000][gc,init] Parallel Workers: 10
[2026-01-28T11:09:36.052+0000][gc,init] Concurrent Workers: 3
[2026-01-28T11:09:36.052+0000][gc,init] Concurrent Refinement Workers: 10
[2026-01-28T11:09:36.052+0000][gc,init] Periodic GC: Disabled
[2026-01-28T11:09:36.087+0000][gc,metaspace] CDS archive(s) mapped at: [0x0000000200000000-0x0000000200bd0000-0x00000002036b0000), size 57344000, SharedBaseAddress: 0x0000000200000000, ArchiveRelocationMode: 1.
[2026-01-28T11:09:36.087+0000][gc,metaspace] Compressed class space mapped at: 0x0000000204000000-0x0000000244000000, reserved size: 1073741824
[2026-01-28T11:09:36.087+0000][gc,metaspace] Narrow klass base: 0x0000000200000000, Narrow klass shift: 0, Narrow klass range: 0x100000000
[2026-01-28T11:09:37.158+0000][gc,start    ] GC(0) Pause Young (Normal) (G1 Evacuation Pause)
[2026-01-28T11:09:37.159+0000][gc,task     ] GC(0) Using 10 workers of 10 for evacuation
[2026-01-28T11:09:37.171+0000][gc,phases   ] GC(0)   Pre Evacuate Collection Set: 2.5ms
[2026-01-28T11:09:37.171+0000][gc,phases   ] GC(0)   Merge Heap Roots: 0.0ms
[2026-01-28T11:09:37.171+0000][gc,phases   ] GC(0)   Evacuate Collection Set: 6.1ms
[2026-01-28T11:09:37.172+0000][gc,phases   ] GC(0)   Post Evacuate Collection Set: 1.0ms
[2026-01-28T11:09:37.172+0000][gc,phases   ] GC(0)   Other: 3.3ms
[2026-01-28T11:09:37.172+0000][gc,heap     ] GC(0) Eden regions: 51->0(44)
[2026-01-28T11:09:37.172+0000][gc,heap     ] GC(0) Survivor regions: 0->7(7)
[2026-01-28T11:09:37.172+0000][gc,heap     ] GC(0) Old regions: 1->7
[2026-01-28T11:09:37.172+0000][gc,heap     ] GC(0) Humongous regions: 1->1
[2026-01-28T11:09:37.172+0000][gc,metaspace] GC(0) Metaspace: 5618K(5824K)->5618K(5824K) NonClass: 4949K(5056K)->4949K(5056K) Class: 669K(768K)->669K(768K)
[2026-01-28T11:09:37.172+0000][gc          ] GC(0) Pause Young (Normal) (G1 Evacuation Pause) 52M->14M(1024M) 14.656ms
[2026-01-28T11:09:37.173+0000][gc,cpu      ] GC(0) User=0.02s Sys=0.01s Real=0.01s
[2026-01-28T11:09:40.049+0000][gc,start    ] GC(1) Pause Young (Normal) (G1 Evacuation Pause)
[2026-01-28T11:09:40.050+0000][gc,task     ] GC(1) Using 10 workers of 10 for evacuation
[2026-01-28T11:09:40.062+0000][gc,phases   ] GC(1)   Pre Evacuate Collection Set: 0.5ms
[2026-01-28T11:09:40.062+0000][gc,phases   ] GC(1)   Merge Heap Roots: 0.2ms
[2026-01-28T11:09:40.062+0000][gc,phases   ] GC(1)   Evacuate Collection Set: 11.1ms
[2026-01-28T11:09:40.062+0000][gc,phases   ] GC(1)   Post Evacuate Collection Set: 0.5ms
[2026-01-28T11:09:40.062+0000][gc,phases   ] GC(1)   Other: 0.2ms
[2026-01-28T11:09:40.062+0000][gc,heap     ] GC(1) Eden regions: 44->0(62)
[2026-01-28T11:09:40.062+0000][gc,heap     ] GC(1) Survivor regions: 7->3(7)
[2026-01-28T11:09:40.062+0000][gc,heap     ] GC(1) Old regions: 7->14
[2026-01-28T11:09:40.062+0000][gc,heap     ] GC(1) Humongous regions: 1->1
[2026-01-28T11:09:40.062+0000][gc,metaspace] GC(1) Metaspace: 7511K(7808K)->7511K(7808K) NonClass: 6617K(6784K)->6617K(6784K) Class: 894K(1024K)->894K(1024K)
[2026-01-28T11:09:40.062+0000][gc          ] GC(1) Pause Young (Normal) (G1 Evacuation Pause) 58M->17M(1024M) 13.011ms
[2026-01-28T11:09:40.062+0000][gc,cpu      ] GC(1) User=0.02s Sys=0.03s Real=0.01s
[2026-01-28T11:09:40.256+0000][gc,start    ] GC(2) Pause Young (Normal) (G1 Evacuation Pause)
[2026-01-28T11:09:40.256+0000][gc,task     ] GC(2) Using 10 workers of 10 for evacuation
[2026-01-28T11:09:40.259+0000][gc,phases   ] GC(2)   Pre Evacuate Collection Set: 0.3ms
[2026-01-28T11:09:40.259+0000][gc,phases   ] GC(2)   Merge Heap Roots: 0.1ms
[2026-01-28T11:09:40.259+0000][gc,phases   ] GC(2)   Evacuate Collection Set: 2.0ms
[2026-01-28T11:09:40.259+0000][gc,phases   ] GC(2)   Post Evacuate Collection Set: 0.4ms
[2026-01-28T11:09:40.259+0000][gc,phases   ] GC(2)   Other: 0.1ms
[2026-01-28T11:09:40.259+0000][gc,heap     ] GC(2) Eden regions: 70->0(596)
[2026-01-28T11:09:40.259+0000][gc,heap     ] GC(2) Survivor regions: 3->5(10)
[2026-01-28T11:09:40.259+0000][gc,heap     ] GC(2) Old regions: 14->14
[2026-01-28T11:09:40.259+0000][gc,heap     ] GC(2) Humongous regions: 1->1
[2026-01-28T11:09:40.259+0000][gc,metaspace] GC(2) Metaspace: 8734K(9024K)->8734K(9024K) NonClass: 7671K(7808K)->7671K(7808K) Class: 1062K(1216K)->1062K(1216K)
[2026-01-28T11:09:40.259+0000][gc          ] GC(2) Pause Young (Normal) (G1 Evacuation Pause) 87M->19M(1024M) 3.602ms
[2026-01-28T11:09:40.259+0000][gc,cpu      ] GC(2) User=0.02s Sys=0.00s Real=0.01s
