[2026-01-28T10:17:41.660+0000][gc,init] CardTable entry size: 512
[2026-01-28T10:17:41.660+0000][gc     ] Using G1
[2026-01-28T10:17:41.666+0000][gc,init] Version: 21.0.4+7-LTS (release)
[2026-01-28T10:17:41.666+0000][gc,init] CPUs: 12 total, 12 available
[2026-01-28T10:17:41.666+0000][gc,init] Memory: 7837M
[2026-01-28T10:17:41.666+0000][gc,init] Large Page Support: Disabled
[2026-01-28T10:17:41.666+0000][gc,init] NUMA Support: Disabled
[2026-01-28T10:17:41.667+0000][gc,init] Compressed Oops: Enabled (32-bit)
[2026-01-28T10:17:41.667+0000][gc,init] Heap Region Size: 1M
[2026-01-28T10:17:41.667+0000][gc,init] Heap Min Capacity: 1G
[2026-01-28T10:17:41.667+0000][gc,init] Heap Initial Capacity: 1G
[2026-01-28T10:17:41.667+0000][gc,init] Heap Max Capacity: 1G
[2026-01-28T10:17:41.667+0000][gc,init] Pre-touch: Disabled
[2026-01-28T10:17:41.667+0000][gc,init] Parallel Workers: 10
[2026-01-28T10:17:41.667+0000][gc,init] Concurrent Workers: 3
[2026-01-28T10:17:41.667+0000][gc,init] Concurrent Refinement Workers: 10
[2026-01-28T10:17:41.667+0000][gc,init] Periodic GC: Disabled
[2026-01-28T10:17:41.736+0000][gc,metaspace] CDS archive(s) mapped at: [0x0000004000000000-0x0000004000bd0000-0x00000040036b0000), size 57344000, SharedBaseAddress: 0x0000004000000000, ArchiveRelocationMode: 1.
[2026-01-28T10:17:41.736+0000][gc,metaspace] Compressed class space mapped at: 0x0000004004000000-0x0000004044000000, reserved size: 1073741824
[2026-01-28T10:17:41.738+0000][gc,metaspace] Narrow klass base: 0x0000004000000000, Narrow klass shift: 0, Narrow klass range: 0x100000000
[2026-01-28T10:17:42.713+0000][gc,start    ] GC(0) Pause Young (Normal) (G1 Evacuation Pause)
[2026-01-28T10:17:42.714+0000][gc,task     ] GC(0) Using 10 workers of 10 for evacuation
[2026-01-28T10:17:42.727+0000][gc,phases   ] GC(0)   Pre Evacuate Collection Set: 0.4ms
[2026-01-28T10:17:42.727+0000][gc,phases   ] GC(0)   Merge Heap Roots: 0.1ms
[2026-01-28T10:17:42.728+0000][gc,phases   ] GC(0)   Evacuate Collection Set: 11.2ms
[2026-01-28T10:17:42.728+0000][gc,phases   ] GC(0)   Post Evacuate Collection Set: 1.3ms
[2026-01-28T10:17:42.728+0000][gc,phases   ] GC(0)   Other: 0.8ms
[2026-01-28T10:17:42.728+0000][gc,heap     ] GC(0) Eden regions: 51->0(44)
[2026-01-28T10:17:42.728+0000][gc,heap     ] GC(0) Survivor regions: 0->7(7)
[2026-01-28T10:17:42.729+0000][gc,heap     ] GC(0) Old regions: 1->6
[2026-01-28T10:17:42.729+0000][gc,heap     ] GC(0) Humongous regions: 1->1
[2026-01-28T10:17:42.729+0000][gc,metaspace] GC(0) Metaspace: 5369K(5568K)->5369K(5568K) NonClass: 4739K(4864K)->4739K(4864K) Class: 630K(704K)->630K(704K)
[2026-01-28T10:17:42.729+0000][gc          ] GC(0) Pause Young (Normal) (G1 Evacuation Pause) 52M->13M(1024M) 15.705ms
[2026-01-28T10:17:42.729+0000][gc,cpu      ] GC(0) User=0.05s Sys=0.03s Real=0.01s
[2026-01-28T10:17:43.679+0000][gc,start    ] GC(1) Pause Young (Normal) (G1 Evacuation Pause)
[2026-01-28T10:17:43.679+0000][gc,task     ] GC(1) Using 10 workers of 10 for evacuation
[2026-01-28T10:17:43.685+0000][gc,phases   ] GC(1)   Pre Evacuate Collection Set: 0.4ms
[2026-01-28T10:17:43.685+0000][gc,phases   ] GC(1)   Merge Heap Roots: 0.0ms
[2026-01-28T10:17:43.685+0000][gc,phases   ] GC(1)   Evacuate Collection Set: 4.8ms
[2026-01-28T10:17:43.685+0000][gc,phases   ] GC(1)   Post Evacuate Collection Set: 0.6ms
[2026-01-28T10:17:43.685+0000][gc,phases   ] GC(1)   Other: 0.1ms
[2026-01-28T10:17:43.685+0000][gc,heap     ] GC(1) Eden regions: 44->0(69)
[2026-01-28T10:17:43.685+0000][gc,heap     ] GC(1) Survivor regions: 7->2(7)
[2026-01-28T10:17:43.685+0000][gc,heap     ] GC(1) Old regions: 6->14
[2026-01-28T10:17:43.685+0000][gc,heap     ] GC(1) Humongous regions: 1->1
[2026-01-28T10:17:43.685+0000][gc,metaspace] GC(1) Metaspace: 7003K(7168K)->7003K(7168K) NonClass: 6297K(6400K)->6297K(6400K) Class: 706K(768K)->706K(768K)
[2026-01-28T10:17:43.686+0000][gc          ] GC(1) Pause Young (Normal) (G1 Evacuation Pause) 57M->15M(1024M) 6.476ms
[2026-01-28T10:17:43.686+0000][gc,cpu      ] GC(1) User=0.03s Sys=0.01s Real=0.01s
[2026-01-28T10:17:45.439+0000][gc,start    ] GC(2) Pause Young (Normal) (G1 Evacuation Pause)
[2026-01-28T10:17:45.439+0000][gc,task     ] GC(2) Using 10 workers of 10 for evacuation
[2026-01-28T10:17:45.442+0000][gc,phases   ] GC(2)   Pre Evacuate Collection Set: 0.4ms
[2026-01-28T10:17:45.442+0000][gc,phases   ] GC(2)   Merge Heap Roots: 0.1ms
[2026-01-28T10:17:45.442+0000][gc,phases   ] GC(2)   Evacuate Collection Set: 1.6ms
[2026-01-28T10:17:45.442+0000][gc,phases   ] GC(2)   Post Evacuate Collection Set: 0.4ms
[2026-01-28T10:17:45.442+0000][gc,phases   ] GC(2)   Other: 0.2ms
[2026-01-28T10:17:45.442+0000][gc,heap     ] GC(2) Eden regions: 78->0(476)
[2026-01-28T10:17:45.442+0000][gc,heap     ] GC(2) Survivor regions: 2->3(10)
[2026-01-28T10:17:45.442+0000][gc,heap     ] GC(2) Old regions: 14->14
[2026-01-28T10:17:45.442+0000][gc,heap     ] GC(2) Humongous regions: 1->1
[2026-01-28T10:17:45.442+0000][gc,metaspace] GC(2) Metaspace: 7372K(7552K)->7372K(7552K) NonClass: 6619K(6720K)->6619K(6720K) Class: 753K(832K)->753K(832K)
[2026-01-28T10:17:45.442+0000][gc          ] GC(2) Pause Young (Normal) (G1 Evacuation Pause) 93M->16M(1024M) 3.219ms
[2026-01-28T10:17:45.442+0000][gc,cpu      ] GC(2) User=0.01s Sys=0.00s Real=0.01s
[2026-01-28T10:17:52.668+0000][gc,start    ] GC(3) Pause Young (Normal) (G1 Evacuation Pause)
[2026-01-28T10:17:52.668+0000][gc,task     ] GC(3) Using 10 workers of 10 for evacuation
[2026-01-28T10:17:52.682+0000][gc,phases   ] GC(3)   Pre Evacuate Collection Set: 1.1ms
[2026-01-28T10:17:52.682+0000][gc,phases   ] GC(3)   Merge Heap Roots: 0.2ms
[2026-01-28T10:17:52.682+0000][gc,phases   ] GC(3)   Evacuate Collection Set: 11.1ms
[2026-01-28T10:17:52.682+0000][gc,phases   ] GC(3)   Post Evacuate Collection Set: 1.3ms
[2026-01-28T10:17:52.682+0000][gc,phases   ] GC(3)   Other: 0.3ms
[2026-01-28T10:17:52.682+0000][gc,heap     ] GC(3) Eden regions: 504->0(610)
[2026-01-28T10:17:52.682+0000][gc,heap     ] GC(3) Survivor regions: 3->4(64)
[2026-01-28T10:17:52.682+0000][gc,heap     ] GC(3) Old regions: 14->14
[2026-01-28T10:17:52.682+0000][gc,heap     ] GC(3) Humongous regions: 1->1
[2026-01-28T10:17:52.682+0000][gc,metaspace] GC(3) Metaspace: 7537K(7744K)->7537K(7744K) NonClass: 6784K(6912K)->6784K(6912K) Class: 753K(832K)->753K(832K)
[2026-01-28T10:17:52.682+0000][gc          ] GC(3) Pause Young (Normal) (G1 Evacuation Pause) 520M->17M(1024M) 14.896ms
[2026-01-28T10:17:52.683+0000][gc,cpu      ] GC(3) User=0.08s Sys=0.00s Real=0.02s
[2026-01-28T10:17:59.572+0000][gc,start    ] GC(4) Pause Young (Normal) (G1 Evacuation Pause)
[2026-01-28T10:17:59.572+0000][gc,task     ] GC(4) Using 10 workers of 10 for evacuation
[2026-01-28T10:17:59.594+0000][gc,phases   ] GC(4)   Pre Evacuate Collection Set: 1.3ms
[2026-01-28T10:17:59.594+0000][gc,phases   ] GC(4)   Merge Heap Roots: 0.5ms
[2026-01-28T10:17:59.594+0000][gc,phases   ] GC(4)   Evacuate Collection Set: 19.1ms
[2026-01-28T10:17:59.594+0000][gc,phases   ] GC(4)   Post Evacuate Collection Set: 1.0ms
[2026-01-28T10:17:59.594+0000][gc,phases   ] GC(4)   Other: 0.3ms
[2026-01-28T10:17:59.594+0000][gc,heap     ] GC(4) Eden regions: 610->0(609)
[2026-01-28T10:17:59.594+0000][gc,heap     ] GC(4) Survivor regions: 4->5(77)
[2026-01-28T10:17:59.594+0000][gc,heap     ] GC(4) Old regions: 14->14
[2026-01-28T10:17:59.594+0000][gc,heap     ] GC(4) Humongous regions: 1->1
[2026-01-28T10:17:59.594+0000][gc,metaspace] GC(4) Metaspace: 7679K(7936K)->7679K(7936K) NonClass: 6925K(7104K)->6925K(7104K) Class: 753K(832K)->753K(832K)
[2026-01-28T10:17:59.594+0000][gc          ] GC(4) Pause Young (Normal) (G1 Evacuation Pause) 627M->18M(1024M) 22.612ms
[2026-01-28T10:17:59.594+0000][gc,cpu      ] GC(4) User=0.11s Sys=0.02s Real=0.02s
[2026-01-28T10:18:06.984+0000][gc,start    ] GC(5) Pause Young (Normal) (G1 Evacuation Pause)
[2026-01-28T10:18:06.985+0000][gc,task     ] GC(5) Using 10 workers of 10 for evacuation
[2026-01-28T10:18:07.012+0000][gc,phases   ] GC(5)   Pre Evacuate Collection Set: 1.1ms
[2026-01-28T10:18:07.012+0000][gc,phases   ] GC(5)   Merge Heap Roots: 0.2ms
[2026-01-28T10:18:07.012+0000][gc,phases   ] GC(5)   Evacuate Collection Set: 22.2ms
[2026-01-28T10:18:07.012+0000][gc,phases   ] GC(5)   Post Evacuate Collection Set: 3.2ms
[2026-01-28T10:18:07.012+0000][gc,phases   ] GC(5)   Other: 0.9ms
[2026-01-28T10:18:07.012+0000][gc,heap     ] GC(5) Eden regions: 609->0(608)
[2026-01-28T10:18:07.012+0000][gc,heap     ] GC(5) Survivor regions: 5->6(77)
[2026-01-28T10:18:07.012+0000][gc,heap     ] GC(5) Old regions: 14->14
[2026-01-28T10:18:07.012+0000][gc,heap     ] GC(5) Humongous regions: 1->1
[2026-01-28T10:18:07.013+0000][gc,metaspace] GC(5) Metaspace: 7764K(8000K)->7764K(8000K) NonClass: 7011K(7168K)->7011K(7168K) Class: 753K(832K)->753K(832K)
[2026-01-28T10:18:07.013+0000][gc          ] GC(5) Pause Young (Normal) (G1 Evacuation Pause) 627M->19M(1024M) 29.085ms
[2026-01-28T10:18:07.013+0000][gc,cpu      ] GC(5) User=0.15s Sys=0.00s Real=0.03s
[2026-01-28T10:18:26.987+0000][gc,start    ] GC(6) Pause Young (Normal) (G1 Evacuation Pause)
[2026-01-28T10:18:26.987+0000][gc,task     ] GC(6) Using 10 workers of 10 for evacuation
[2026-01-28T10:18:27.000+0000][gc,phases   ] GC(6)   Pre Evacuate Collection Set: 0.9ms
[2026-01-28T10:18:27.000+0000][gc,phases   ] GC(6)   Merge Heap Roots: 0.2ms
[2026-01-28T10:18:27.000+0000][gc,phases   ] GC(6)   Evacuate Collection Set: 10.6ms
[2026-01-28T10:18:27.000+0000][gc,phases   ] GC(6)   Post Evacuate Collection Set: 1.0ms
[2026-01-28T10:18:27.000+0000][gc,phases   ] GC(6)   Other: 0.2ms
[2026-01-28T10:18:27.000+0000][gc,heap     ] GC(6) Eden regions: 608->0(607)
[2026-01-28T10:18:27.000+0000][gc,heap     ] GC(6) Survivor regions: 6->7(77)
[2026-01-28T10:18:27.000+0000][gc,heap     ] GC(6) Old regions: 14->14
[2026-01-28T10:18:27.000+0000][gc,heap     ] GC(6) Humongous regions: 10->10
[2026-01-28T10:18:27.000+0000][gc,metaspace] GC(6) Metaspace: 8257K(8512K)->8257K(8512K) NonClass: 7476K(7616K)->7476K(7616K) Class: 781K(896K)->781K(896K)
[2026-01-28T10:18:27.000+0000][gc          ] GC(6) Pause Young (Normal) (G1 Evacuation Pause) 636M->29M(1024M) 13.672ms
[2026-01-28T10:18:27.000+0000][gc,cpu      ] GC(6) User=0.07s Sys=0.00s Real=0.02s
[2026-01-28T10:18:46.706+0000][gc,start    ] GC(7) Pause Young (Normal) (G1 Evacuation Pause)
[2026-01-28T10:18:46.706+0000][gc,task     ] GC(7) Using 10 workers of 10 for evacuation
[2026-01-28T10:18:46.742+0000][gc,phases   ] GC(7)   Pre Evacuate Collection Set: 1.2ms
[2026-01-28T10:18:46.742+0000][gc,phases   ] GC(7)   Merge Heap Roots: 0.5ms
[2026-01-28T10:18:46.742+0000][gc,phases   ] GC(7)   Evacuate Collection Set: 31.5ms
[2026-01-28T10:18:46.743+0000][gc,phases   ] GC(7)   Post Evacuate Collection Set: 1.9ms
[2026-01-28T10:18:46.743+0000][gc,phases   ] GC(7)   Other: 0.5ms
[2026-01-28T10:18:46.743+0000][gc,heap     ] GC(7) Eden regions: 607->0(607)
[2026-01-28T10:18:46.743+0000][gc,heap     ] GC(7) Survivor regions: 7->7(77)
[2026-01-28T10:18:46.743+0000][gc,heap     ] GC(7) Old regions: 14->14
[2026-01-28T10:18:46.743+0000][gc,heap     ] GC(7) Humongous regions: 10->10
[2026-01-28T10:18:46.743+0000][gc,metaspace] GC(7) Metaspace: 8397K(8576K)->8397K(8576K) NonClass: 7612K(7680K)->7612K(7680K) Class: 785K(896K)->785K(896K)
[2026-01-28T10:18:46.743+0000][gc          ] GC(7) Pause Young (Normal) (G1 Evacuation Pause) 636M->30M(1024M) 37.644ms
[2026-01-28T10:18:46.743+0000][gc,cpu      ] GC(7) User=0.29s Sys=0.00s Real=0.04s
[2026-01-28T10:19:02.082+0000][gc,start    ] GC(8) Pause Young (Normal) (G1 Evacuation Pause)
[2026-01-28T10:19:02.082+0000][gc,task     ] GC(8) Using 10 workers of 10 for evacuation
[2026-01-28T10:19:02.093+0000][gc,phases   ] GC(8)   Pre Evacuate Collection Set: 0.7ms
[2026-01-28T10:19:02.093+0000][gc,phases   ] GC(8)   Merge Heap Roots: 0.2ms
[2026-01-28T10:19:02.093+0000][gc,phases   ] GC(8)   Evacuate Collection Set: 8.5ms
[2026-01-28T10:19:02.093+0000][gc,phases   ] GC(8)   Post Evacuate Collection Set: 0.8ms
[2026-01-28T10:19:02.093+0000][gc,phases   ] GC(8)   Other: 0.2ms
[2026-01-28T10:19:02.093+0000][gc,heap     ] GC(8) Eden regions: 607->0(607)
[2026-01-28T10:19:02.093+0000][gc,heap     ] GC(8) Survivor regions: 7->7(77)
[2026-01-28T10:19:02.093+0000][gc,heap     ] GC(8) Old regions: 14->14
[2026-01-28T10:19:02.093+0000][gc,heap     ] GC(8) Humongous regions: 10->10
[2026-01-28T10:19:02.093+0000][gc,metaspace] GC(8) Metaspace: 8486K(8704K)->8486K(8704K) NonClass: 7700K(7808K)->7700K(7808K) Class: 785K(896K)->785K(896K)
[2026-01-28T10:19:02.093+0000][gc          ] GC(8) Pause Young (Normal) (G1 Evacuation Pause) 637M->30M(1024M) 11.225ms
[2026-01-28T10:19:02.093+0000][gc,cpu      ] GC(8) User=0.07s Sys=0.00s Real=0.01s
[2026-01-28T10:19:17.774+0000][gc,start    ] GC(9) Pause Young (Normal) (G1 Evacuation Pause)
[2026-01-28T10:19:17.774+0000][gc,task     ] GC(9) Using 10 workers of 10 for evacuation
[2026-01-28T10:19:17.798+0000][gc,phases   ] GC(9)   Pre Evacuate Collection Set: 0.8ms
[2026-01-28T10:19:17.798+0000][gc,phases   ] GC(9)   Merge Heap Roots: 0.2ms
[2026-01-28T10:19:17.798+0000][gc,phases   ] GC(9)   Evacuate Collection Set: 21.5ms
[2026-01-28T10:19:17.798+0000][gc,phases   ] GC(9)   Post Evacuate Collection Set: 1.1ms
[2026-01-28T10:19:17.798+0000][gc,phases   ] GC(9)   Other: 0.2ms
[2026-01-28T10:19:17.798+0000][gc,heap     ] GC(9) Eden regions: 607->0(606)
[2026-01-28T10:19:17.798+0000][gc,heap     ] GC(9) Survivor regions: 7->8(77)
[2026-01-28T10:19:17.798+0000][gc,heap     ] GC(9) Old regions: 14->14
[2026-01-28T10:19:17.798+0000][gc,heap     ] GC(9) Humongous regions: 10->10
[2026-01-28T10:19:17.799+0000][gc,metaspace] GC(9) Metaspace: 8512K(8768K)->8512K(8768K) NonClass: 7726K(7872K)->7726K(7872K) Class: 785K(896K)->785K(896K)
[2026-01-28T10:19:17.799+0000][gc          ] GC(9) Pause Young (Normal) (G1 Evacuation Pause) 637M->30M(1024M) 24.662ms
[2026-01-28T10:19:17.799+0000][gc,cpu      ] GC(9) User=0.15s Sys=0.00s Real=0.02s
[2026-01-28T10:19:33.158+0000][gc,start    ] GC(10) Pause Young (Normal) (G1 Evacuation Pause)
[2026-01-28T10:19:33.158+0000][gc,task     ] GC(10) Using 10 workers of 10 for evacuation
[2026-01-28T10:19:33.170+0000][gc,phases   ] GC(10)   Pre Evacuate Collection Set: 0.9ms
[2026-01-28T10:19:33.170+0000][gc,phases   ] GC(10)   Merge Heap Roots: 0.2ms
[2026-01-28T10:19:33.170+0000][gc,phases   ] GC(10)   Evacuate Collection Set: 10.1ms
[2026-01-28T10:19:33.170+0000][gc,phases   ] GC(10)   Post Evacuate Collection Set: 0.9ms
[2026-01-28T10:19:33.171+0000][gc,phases   ] GC(10)   Other: 0.2ms
[2026-01-28T10:19:33.171+0000][gc,heap     ] GC(10) Eden regions: 606->0(607)
[2026-01-28T10:19:33.171+0000][gc,heap     ] GC(10) Survivor regions: 8->7(77)
[2026-01-28T10:19:33.171+0000][gc,heap     ] GC(10) Old regions: 14->14
[2026-01-28T10:19:33.171+0000][gc,heap     ] GC(10) Humongous regions: 10->10
[2026-01-28T10:19:33.171+0000][gc,metaspace] GC(10) Metaspace: 8555K(8768K)->8555K(8768K) NonClass: 7769K(7872K)->7769K(7872K) Class: 785K(896K)->785K(896K)
[2026-01-28T10:19:33.171+0000][gc          ] GC(10) Pause Young (Normal) (G1 Evacuation Pause) 636M->30M(1024M) 13.034ms
[2026-01-28T10:19:33.171+0000][gc,cpu      ] GC(10) User=0.07s Sys=0.00s Real=0.02s
[2026-01-28T10:19:48.865+0000][gc,start    ] GC(11) Pause Young (Normal) (G1 Evacuation Pause)
[2026-01-28T10:19:48.866+0000][gc,task     ] GC(11) Using 10 workers of 10 for evacuation
[2026-01-28T10:19:48.908+0000][gc,phases   ] GC(11)   Pre Evacuate Collection Set: 2.7ms
[2026-01-28T10:19:48.908+0000][gc,phases   ] GC(11)   Merge Heap Roots: 1.3ms
[2026-01-28T10:19:48.908+0000][gc,phases   ] GC(11)   Evacuate Collection Set: 36.1ms
[2026-01-28T10:19:48.908+0000][gc,phases   ] GC(11)   Post Evacuate Collection Set: 1.2ms
[2026-01-28T10:19:48.908+0000][gc,phases   ] GC(11)   Other: 0.7ms
[2026-01-28T10:19:48.908+0000][gc,heap     ] GC(11) Eden regions: 607->0(607)
[2026-01-28T10:19:48.908+0000][gc,heap     ] GC(11) Survivor regions: 7->7(77)
[2026-01-28T10:19:48.908+0000][gc,heap     ] GC(11) Old regions: 14->14
[2026-01-28T10:19:48.908+0000][gc,heap     ] GC(11) Humongous regions: 10->10
[2026-01-28T10:19:48.909+0000][gc,metaspace] GC(11) Metaspace: 8579K(8768K)->8579K(8768K) NonClass: 7794K(7872K)->7794K(7872K) Class: 785K(896K)->785K(896K)
[2026-01-28T10:19:48.909+0000][gc          ] GC(11) Pause Young (Normal) (G1 Evacuation Pause) 637M->29M(1024M) 43.203ms
[2026-01-28T10:19:48.909+0000][gc,cpu      ] GC(11) User=0.31s Sys=0.00s Real=0.04s
[2026-01-28T10:20:04.571+0000][gc,start    ] GC(12) Pause Young (Normal) (G1 Evacuation Pause)
[2026-01-28T10:20:04.572+0000][gc,task     ] GC(12) Using 10 workers of 10 for evacuation
[2026-01-28T10:20:04.596+0000][gc,phases   ] GC(12)   Pre Evacuate Collection Set: 0.6ms
[2026-01-28T10:20:04.596+0000][gc,phases   ] GC(12)   Merge Heap Roots: 0.2ms
[2026-01-28T10:20:04.596+0000][gc,phases   ] GC(12)   Evacuate Collection Set: 21.6ms
[2026-01-28T10:20:04.596+0000][gc,phases   ] GC(12)   Post Evacuate Collection Set: 1.1ms
[2026-01-28T10:20:04.596+0000][gc,phases   ] GC(12)   Other: 0.3ms
[2026-01-28T10:20:04.596+0000][gc,heap     ] GC(12) Eden regions: 607->0(607)
[2026-01-28T10:20:04.596+0000][gc,heap     ] GC(12) Survivor regions: 7->7(77)
[2026-01-28T10:20:04.596+0000][gc,heap     ] GC(12) Old regions: 14->14
[2026-01-28T10:20:04.596+0000][gc,heap     ] GC(12) Humongous regions: 10->10
[2026-01-28T10:20:04.596+0000][gc,metaspace] GC(12) Metaspace: 8758K(9024K)->8758K(9024K) NonClass: 7972K(8128K)->7972K(8128K) Class: 785K(896K)->785K(896K)
[2026-01-28T10:20:04.596+0000][gc          ] GC(12) Pause Young (Normal) (G1 Evacuation Pause) 636M->29M(1024M) 25.398ms
[2026-01-28T10:20:04.596+0000][gc,cpu      ] GC(12) User=0.18s Sys=0.00s Real=0.03s
[2026-01-28T10:20:20.326+0000][gc,start    ] GC(13) Pause Young (Normal) (G1 Evacuation Pause)
[2026-01-28T10:20:20.327+0000][gc,task     ] GC(13) Using 10 workers of 10 for evacuation
[2026-01-28T10:20:20.346+0000][gc,phases   ] GC(13)   Pre Evacuate Collection Set: 0.7ms
[2026-01-28T10:20:20.346+0000][gc,phases   ] GC(13)   Merge Heap Roots: 0.2ms
[2026-01-28T10:20:20.346+0000][gc,phases   ] GC(13)   Evacuate Collection Set: 17.3ms
[2026-01-28T10:20:20.346+0000][gc,phases   ] GC(13)   Post Evacuate Collection Set: 1.0ms
[2026-01-28T10:20:20.346+0000][gc,phases   ] GC(13)   Other: 0.2ms
[2026-01-28T10:20:20.347+0000][gc,heap     ] GC(13) Eden regions: 607->0(607)
[2026-01-28T10:20:20.347+0000][gc,heap     ] GC(13) Survivor regions: 7->7(77)
[2026-01-28T10:20:20.347+0000][gc,heap     ] GC(13) Old regions: 14->14
[2026-01-28T10:20:20.347+0000][gc,heap     ] GC(13) Humongous regions: 10->10
[2026-01-28T10:20:20.347+0000][gc,metaspace] GC(13) Metaspace: 8762K(9024K)->8762K(9024K) NonClass: 7976K(8128K)->7976K(8128K) Class: 785K(896K)->785K(896K)
[2026-01-28T10:20:20.347+0000][gc          ] GC(13) Pause Young (Normal) (G1 Evacuation Pause) 636M->29M(1024M) 20.912ms
[2026-01-28T10:20:20.347+0000][gc,cpu      ] GC(13) User=0.12s Sys=0.00s Real=0.02s
[2026-01-28T10:20:36.173+0000][gc,start    ] GC(14) Pause Young (Normal) (G1 Evacuation Pause)
[2026-01-28T10:20:36.174+0000][gc,task     ] GC(14) Using 10 workers of 10 for evacuation
[2026-01-28T10:20:36.197+0000][gc,phases   ] GC(14)   Pre Evacuate Collection Set: 0.7ms
[2026-01-28T10:20:36.197+0000][gc,phases   ] GC(14)   Merge Heap Roots: 0.2ms
[2026-01-28T10:20:36.197+0000][gc,phases   ] GC(14)   Evacuate Collection Set: 21.1ms
[2026-01-28T10:20:36.198+0000][gc,phases   ] GC(14)   Post Evacuate Collection Set: 1.2ms
[2026-01-28T10:20:36.198+0000][gc,phases   ] GC(14)   Other: 0.3ms
[2026-01-28T10:20:36.198+0000][gc,heap     ] GC(14) Eden regions: 607->0(607)
[2026-01-28T10:20:36.198+0000][gc,heap     ] GC(14) Survivor regions: 7->7(77)
[2026-01-28T10:20:36.198+0000][gc,heap     ] GC(14) Old regions: 14->14
[2026-01-28T10:20:36.198+0000][gc,heap     ] GC(14) Humongous regions: 10->10
[2026-01-28T10:20:36.198+0000][gc,metaspace] GC(14) Metaspace: 8814K(9024K)->8814K(9024K) NonClass: 8028K(8128K)->8028K(8128K) Class: 785K(896K)->785K(896K)
[2026-01-28T10:20:36.198+0000][gc          ] GC(14) Pause Young (Normal) (G1 Evacuation Pause) 636M->30M(1024M) 24.837ms
[2026-01-28T10:20:36.198+0000][gc,cpu      ] GC(14) User=0.14s Sys=0.00s Real=0.02s
[2026-01-28T10:20:52.349+0000][gc,start    ] GC(15) Pause Young (Normal) (G1 Evacuation Pause)
[2026-01-28T10:20:52.350+0000][gc,task     ] GC(15) Using 10 workers of 10 for evacuation
[2026-01-28T10:20:52.373+0000][gc,phases   ] GC(15)   Pre Evacuate Collection Set: 0.9ms
[2026-01-28T10:20:52.373+0000][gc,phases   ] GC(15)   Merge Heap Roots: 0.2ms
[2026-01-28T10:20:52.373+0000][gc,phases   ] GC(15)   Evacuate Collection Set: 21.0ms
[2026-01-28T10:20:52.373+0000][gc,phases   ] GC(15)   Post Evacuate Collection Set: 1.1ms
[2026-01-28T10:20:52.373+0000][gc,phases   ] GC(15)   Other: 0.3ms
[2026-01-28T10:20:52.374+0000][gc,heap     ] GC(15) Eden regions: 607->0(607)
[2026-01-28T10:20:52.374+0000][gc,heap     ] GC(15) Survivor regions: 7->7(77)
[2026-01-28T10:20:52.374+0000][gc,heap     ] GC(15) Old regions: 14->14
[2026-01-28T10:20:52.374+0000][gc,heap     ] GC(15) Humongous regions: 10->10
[2026-01-28T10:20:52.374+0000][gc,metaspace] GC(15) Metaspace: 8817K(9024K)->8817K(9024K) NonClass: 8031K(8128K)->8031K(8128K) Class: 785K(896K)->785K(896K)
[2026-01-28T10:20:52.374+0000][gc          ] GC(15) Pause Young (Normal) (G1 Evacuation Pause) 637M->30M(1024M) 24.391ms
[2026-01-28T10:20:52.374+0000][gc,cpu      ] GC(15) User=0.16s Sys=0.00s Real=0.03s
[2026-01-28T10:21:08.107+0000][gc,start    ] GC(16) Pause Young (Normal) (G1 Evacuation Pause)
[2026-01-28T10:21:08.107+0000][gc,task     ] GC(16) Using 10 workers of 10 for evacuation
[2026-01-28T10:21:08.125+0000][gc,phases   ] GC(16)   Pre Evacuate Collection Set: 0.9ms
[2026-01-28T10:21:08.125+0000][gc,phases   ] GC(16)   Merge Heap Roots: 0.2ms
[2026-01-28T10:21:08.125+0000][gc,phases   ] GC(16)   Evacuate Collection Set: 14.6ms
[2026-01-28T10:21:08.125+0000][gc,phases   ] GC(16)   Post Evacuate Collection Set: 1.9ms
[2026-01-28T10:21:08.125+0000][gc,phases   ] GC(16)   Other: 0.3ms
[2026-01-28T10:21:08.125+0000][gc,heap     ] GC(16) Eden regions: 607->0(607)
[2026-01-28T10:21:08.125+0000][gc,heap     ] GC(16) Survivor regions: 7->7(77)
[2026-01-28T10:21:08.125+0000][gc,heap     ] GC(16) Old regions: 14->14
[2026-01-28T10:21:08.125+0000][gc,heap     ] GC(16) Humongous regions: 10->10
[2026-01-28T10:21:08.125+0000][gc,metaspace] GC(16) Metaspace: 8884K(9088K)->8884K(9088K) NonClass: 8098K(8192K)->8098K(8192K) Class: 785K(896K)->785K(896K)
[2026-01-28T10:21:08.125+0000][gc          ] GC(16) Pause Young (Normal) (G1 Evacuation Pause) 637M->30M(1024M) 18.894ms
[2026-01-28T10:21:08.126+0000][gc,cpu      ] GC(16) User=0.11s Sys=0.00s Real=0.02s
[2026-01-28T10:21:23.650+0000][gc,start    ] GC(17) Pause Young (Normal) (G1 Evacuation Pause)
[2026-01-28T10:21:23.650+0000][gc,task     ] GC(17) Using 10 workers of 10 for evacuation
[2026-01-28T10:21:23.673+0000][gc,phases   ] GC(17)   Pre Evacuate Collection Set: 2.4ms
[2026-01-28T10:21:23.673+0000][gc,phases   ] GC(17)   Merge Heap Roots: 0.7ms
[2026-01-28T10:21:23.673+0000][gc,phases   ] GC(17)   Evacuate Collection Set: 16.4ms
[2026-01-28T10:21:23.673+0000][gc,phases   ] GC(17)   Post Evacuate Collection Set: 2.8ms
[2026-01-28T10:21:23.673+0000][gc,phases   ] GC(17)   Other: 0.4ms
[2026-01-28T10:21:23.673+0000][gc,heap     ] GC(17) Eden regions: 607->0(607)
[2026-01-28T10:21:23.674+0000][gc,heap     ] GC(17) Survivor regions: 7->7(77)
[2026-01-28T10:21:23.674+0000][gc,heap     ] GC(17) Old regions: 14->14
[2026-01-28T10:21:23.674+0000][gc,heap     ] GC(17) Humongous regions: 10->10
[2026-01-28T10:21:23.674+0000][gc,metaspace] GC(17) Metaspace: 8886K(9088K)->8886K(9088K) NonClass: 8100K(8192K)->8100K(8192K) Class: 785K(896K)->785K(896K)
[2026-01-28T10:21:23.674+0000][gc          ] GC(17) Pause Young (Normal) (G1 Evacuation Pause) 637M->30M(1024M) 23.743ms
[2026-01-28T10:21:23.674+0000][gc,cpu      ] GC(17) User=0.10s Sys=0.01s Real=0.03s
[2026-01-28T10:21:41.726+0000][gc,start    ] GC(18) Pause Young (Normal) (G1 Evacuation Pause)
[2026-01-28T10:21:41.727+0000][gc,task     ] GC(18) Using 10 workers of 10 for evacuation
[2026-01-28T10:21:41.742+0000][gc,phases   ] GC(18)   Pre Evacuate Collection Set: 0.9ms
[2026-01-28T10:21:41.742+0000][gc,phases   ] GC(18)   Merge Heap Roots: 0.2ms
[2026-01-28T10:21:41.742+0000][gc,phases   ] GC(18)   Evacuate Collection Set: 12.6ms
[2026-01-28T10:21:41.742+0000][gc,phases   ] GC(18)   Post Evacuate Collection Set: 1.1ms
[2026-01-28T10:21:41.742+0000][gc,phases   ] GC(18)   Other: 0.3ms
[2026-01-28T10:21:41.742+0000][gc,heap     ] GC(18) Eden regions: 607->0(608)
[2026-01-28T10:21:41.742+0000][gc,heap     ] GC(18) Survivor regions: 7->6(77)
[2026-01-28T10:21:41.742+0000][gc,heap     ] GC(18) Old regions: 14->16
[2026-01-28T10:21:41.742+0000][gc,heap     ] GC(18) Humongous regions: 10->10
[2026-01-28T10:21:41.742+0000][gc,metaspace] GC(18) Metaspace: 8911K(9152K)->8911K(9152K) NonClass: 8125K(8256K)->8125K(8256K) Class: 785K(896K)->785K(896K)
[2026-01-28T10:21:41.742+0000][gc          ] GC(18) Pause Young (Normal) (G1 Evacuation Pause) 637M->30M(1024M) 16.630ms
[2026-01-28T10:21:41.742+0000][gc,cpu      ] GC(18) User=0.07s Sys=0.00s Real=0.02s
[2026-01-28T10:21:58.405+0000][gc,start    ] GC(19) Pause Young (Normal) (G1 Evacuation Pause)
[2026-01-28T10:21:58.406+0000][gc,task     ] GC(19) Using 10 workers of 10 for evacuation
[2026-01-28T10:21:58.415+0000][gc,phases   ] GC(19)   Pre Evacuate Collection Set: 0.8ms
[2026-01-28T10:21:58.415+0000][gc,phases   ] GC(19)   Merge Heap Roots: 0.2ms
[2026-01-28T10:21:58.415+0000][gc,phases   ] GC(19)   Evacuate Collection Set: 7.4ms
[2026-01-28T10:21:58.415+0000][gc,phases   ] GC(19)   Post Evacuate Collection Set: 0.8ms
[2026-01-28T10:21:58.415+0000][gc,phases   ] GC(19)   Other: 0.3ms
[2026-01-28T10:21:58.415+0000][gc,heap     ] GC(19) Eden regions: 608->0(609)
[2026-01-28T10:21:58.415+0000][gc,heap     ] GC(19) Survivor regions: 6->5(77)
[2026-01-28T10:21:58.415+0000][gc,heap     ] GC(19) Old regions: 16->17
[2026-01-28T10:21:58.415+0000][gc,heap     ] GC(19) Humongous regions: 10->10
[2026-01-28T10:21:58.416+0000][gc,metaspace] GC(19) Metaspace: 8913K(9152K)->8913K(9152K) NonClass: 8127K(8256K)->8127K(8256K) Class: 785K(896K)->785K(896K)
[2026-01-28T10:21:58.416+0000][gc          ] GC(19) Pause Young (Normal) (G1 Evacuation Pause) 638M->30M(1024M) 10.972ms
[2026-01-28T10:21:58.416+0000][gc,cpu      ] GC(19) User=0.06s Sys=0.01s Real=0.01s
[2026-01-28T10:22:13.901+0000][gc,start    ] GC(20) Pause Young (Normal) (G1 Evacuation Pause)
[2026-01-28T10:22:13.902+0000][gc,task     ] GC(20) Using 10 workers of 10 for evacuation
[2026-01-28T10:22:13.916+0000][gc,phases   ] GC(20)   Pre Evacuate Collection Set: 0.8ms
[2026-01-28T10:22:13.916+0000][gc,phases   ] GC(20)   Merge Heap Roots: 0.2ms
[2026-01-28T10:22:13.916+0000][gc,phases   ] GC(20)   Evacuate Collection Set: 11.8ms
[2026-01-28T10:22:13.916+0000][gc,phases   ] GC(20)   Post Evacuate Collection Set: 0.9ms
[2026-01-28T10:22:13.916+0000][gc,phases   ] GC(20)   Other: 0.2ms
[2026-01-28T10:22:13.916+0000][gc,heap     ] GC(20) Eden regions: 609->0(610)
[2026-01-28T10:22:13.917+0000][gc,heap     ] GC(20) Survivor regions: 5->4(77)
[2026-01-28T10:22:13.917+0000][gc,heap     ] GC(20) Old regions: 17->18
[2026-01-28T10:22:13.917+0000][gc,heap     ] GC(20) Humongous regions: 10->10
[2026-01-28T10:22:13.917+0000][gc,metaspace] GC(20) Metaspace: 8993K(9216K)->8993K(9216K) NonClass: 8208K(8320K)->8208K(8320K) Class: 785K(896K)->785K(896K)
[2026-01-28T10:22:13.917+0000][gc          ] GC(20) Pause Young (Normal) (G1 Evacuation Pause) 639M->31M(1024M) 15.449ms
[2026-01-28T10:22:13.917+0000][gc,cpu      ] GC(20) User=0.10s Sys=0.00s Real=0.01s
[2026-01-28T10:22:29.778+0000][gc,start    ] GC(21) Pause Young (Normal) (G1 Evacuation Pause)
[2026-01-28T10:22:29.778+0000][gc,task     ] GC(21) Using 10 workers of 10 for evacuation
[2026-01-28T10:22:29.795+0000][gc,phases   ] GC(21)   Pre Evacuate Collection Set: 0.7ms
[2026-01-28T10:22:29.795+0000][gc,phases   ] GC(21)   Merge Heap Roots: 0.2ms
[2026-01-28T10:22:29.795+0000][gc,phases   ] GC(21)   Evacuate Collection Set: 13.3ms
[2026-01-28T10:22:29.795+0000][gc,phases   ] GC(21)   Post Evacuate Collection Set: 2.5ms
[2026-01-28T10:22:29.795+0000][gc,phases   ] GC(21)   Other: 0.2ms
[2026-01-28T10:22:29.795+0000][gc,heap     ] GC(21) Eden regions: 610->0(610)
[2026-01-28T10:22:29.796+0000][gc,heap     ] GC(21) Survivor regions: 4->4(77)
[2026-01-28T10:22:29.796+0000][gc,heap     ] GC(21) Old regions: 18->19
[2026-01-28T10:22:29.796+0000][gc,heap     ] GC(21) Humongous regions: 10->10
[2026-01-28T10:22:29.796+0000][gc,metaspace] GC(21) Metaspace: 8993K(9216K)->8993K(9216K) NonClass: 8208K(8320K)->8208K(8320K) Class: 785K(896K)->785K(896K)
[2026-01-28T10:22:29.796+0000][gc          ] GC(21) Pause Young (Normal) (G1 Evacuation Pause) 641M->31M(1024M) 18.759ms
[2026-01-28T10:22:29.796+0000][gc,cpu      ] GC(21) User=0.15s Sys=0.00s Real=0.02s
[2026-01-28T10:22:45.657+0000][gc,start    ] GC(22) Pause Young (Normal) (G1 Evacuation Pause)
[2026-01-28T10:22:45.658+0000][gc,task     ] GC(22) Using 10 workers of 10 for evacuation
[2026-01-28T10:22:45.669+0000][gc,phases   ] GC(22)   Pre Evacuate Collection Set: 1.6ms
[2026-01-28T10:22:45.669+0000][gc,phases   ] GC(22)   Merge Heap Roots: 0.5ms
[2026-01-28T10:22:45.669+0000][gc,phases   ] GC(22)   Evacuate Collection Set: 7.0ms
[2026-01-28T10:22:45.669+0000][gc,phases   ] GC(22)   Post Evacuate Collection Set: 1.4ms
[2026-01-28T10:22:45.669+0000][gc,phases   ] GC(22)   Other: 0.3ms
[2026-01-28T10:22:45.669+0000][gc,heap     ] GC(22) Eden regions: 610->0(610)
[2026-01-28T10:22:45.669+0000][gc,heap     ] GC(22) Survivor regions: 4->4(77)
[2026-01-28T10:22:45.669+0000][gc,heap     ] GC(22) Old regions: 19->19
[2026-01-28T10:22:45.669+0000][gc,heap     ] GC(22) Humongous regions: 10->10
[2026-01-28T10:22:45.669+0000][gc,metaspace] GC(22) Metaspace: 9006K(9280K)->9006K(9280K) NonClass: 8221K(8384K)->8221K(8384K) Class: 785K(896K)->785K(896K)
[2026-01-28T10:22:45.669+0000][gc          ] GC(22) Pause Young (Normal) (G1 Evacuation Pause) 641M->31M(1024M) 12.464ms
[2026-01-28T10:22:45.669+0000][gc,cpu      ] GC(22) User=0.09s Sys=0.00s Real=0.01s
[2026-01-28T10:23:01.691+0000][gc,start    ] GC(23) Pause Young (Normal) (G1 Evacuation Pause)
[2026-01-28T10:23:01.692+0000][gc,task     ] GC(23) Using 10 workers of 10 for evacuation
[2026-01-28T10:23:01.699+0000][gc,phases   ] GC(23)   Pre Evacuate Collection Set: 0.8ms
[2026-01-28T10:23:01.700+0000][gc,phases   ] GC(23)   Merge Heap Roots: 0.3ms
[2026-01-28T10:23:01.700+0000][gc,phases   ] GC(23)   Evacuate Collection Set: 5.7ms
[2026-01-28T10:23:01.700+0000][gc,phases   ] GC(23)   Post Evacuate Collection Set: 0.8ms
[2026-01-28T10:23:01.700+0000][gc,phases   ] GC(23)   Other: 0.3ms
[2026-01-28T10:23:01.700+0000][gc,heap     ] GC(23) Eden regions: 610->0(609)
[2026-01-28T10:23:01.700+0000][gc,heap     ] GC(23) Survivor regions: 4->5(77)
[2026-01-28T10:23:01.700+0000][gc,heap     ] GC(23) Old regions: 19->19
[2026-01-28T10:23:01.700+0000][gc,heap     ] GC(23) Humongous regions: 10->10
[2026-01-28T10:23:01.700+0000][gc,metaspace] GC(23) Metaspace: 9012K(9280K)->9012K(9280K) NonClass: 8226K(8384K)->8226K(8384K) Class: 785K(896K)->785K(896K)
[2026-01-28T10:23:01.700+0000][gc          ] GC(23) Pause Young (Normal) (G1 Evacuation Pause) 641M->32M(1024M) 9.534ms
[2026-01-28T10:23:01.700+0000][gc,cpu      ] GC(23) User=0.06s Sys=0.00s Real=0.01s
[2026-01-28T10:23:17.682+0000][gc,start    ] GC(24) Pause Young (Normal) (G1 Evacuation Pause)
[2026-01-28T10:23:17.683+0000][gc,task     ] GC(24) Using 10 workers of 10 for evacuation
[2026-01-28T10:23:17.690+0000][gc,phases   ] GC(24)   Pre Evacuate Collection Set: 0.8ms
[2026-01-28T10:23:17.690+0000][gc,phases   ] GC(24)   Merge Heap Roots: 0.2ms
[2026-01-28T10:23:17.691+0000][gc,phases   ] GC(24)   Evacuate Collection Set: 4.9ms
[2026-01-28T10:23:17.691+0000][gc,phases   ] GC(24)   Post Evacuate Collection Set: 0.8ms
[2026-01-28T10:23:17.691+0000][gc,phases   ] GC(24)   Other: 0.2ms
[2026-01-28T10:23:17.691+0000][gc,heap     ] GC(24) Eden regions: 609->0(609)
[2026-01-28T10:23:17.691+0000][gc,heap     ] GC(24) Survivor regions: 5->5(77)
[2026-01-28T10:23:17.691+0000][gc,heap     ] GC(24) Old regions: 19->19
[2026-01-28T10:23:17.691+0000][gc,heap     ] GC(24) Humongous regions: 10->10
[2026-01-28T10:23:17.691+0000][gc,metaspace] GC(24) Metaspace: 9032K(9280K)->9032K(9280K) NonClass: 8246K(8384K)->8246K(8384K) Class: 785K(896K)->785K(896K)
[2026-01-28T10:23:17.691+0000][gc          ] GC(24) Pause Young (Normal) (G1 Evacuation Pause) 641M->33M(1024M) 8.530ms
[2026-01-28T10:23:17.691+0000][gc,cpu      ] GC(24) User=0.06s Sys=0.01s Real=0.01s
[2026-01-28T10:23:33.845+0000][gc,start    ] GC(25) Pause Young (Normal) (G1 Evacuation Pause)
[2026-01-28T10:23:33.846+0000][gc,task     ] GC(25) Using 10 workers of 10 for evacuation
[2026-01-28T10:23:33.856+0000][gc,phases   ] GC(25)   Pre Evacuate Collection Set: 0.7ms
[2026-01-28T10:23:33.856+0000][gc,phases   ] GC(25)   Merge Heap Roots: 0.2ms
[2026-01-28T10:23:33.856+0000][gc,phases   ] GC(25)   Evacuate Collection Set: 7.4ms
[2026-01-28T10:23:33.856+0000][gc,phases   ] GC(25)   Post Evacuate Collection Set: 1.0ms
[2026-01-28T10:23:33.856+0000][gc,phases   ] GC(25)   Other: 0.3ms
[2026-01-28T10:23:33.856+0000][gc,heap     ] GC(25) Eden regions: 609->0(608)
[2026-01-28T10:23:33.856+0000][gc,heap     ] GC(25) Survivor regions: 5->6(77)
[2026-01-28T10:23:33.856+0000][gc,heap     ] GC(25) Old regions: 19->19
[2026-01-28T10:23:33.856+0000][gc,heap     ] GC(25) Humongous regions: 10->10
[2026-01-28T10:23:33.856+0000][gc,metaspace] GC(25) Metaspace: 9032K(9280K)->9032K(9280K) NonClass: 8246K(8384K)->8246K(8384K) Class: 785K(896K)->785K(896K)
[2026-01-28T10:23:33.856+0000][gc          ] GC(25) Pause Young (Normal) (G1 Evacuation Pause) 642M->33M(1024M) 11.374ms
[2026-01-28T10:23:33.856+0000][gc,cpu      ] GC(25) User=0.08s Sys=0.00s Real=0.01s
[2026-01-28T10:23:49.397+0000][gc,start    ] GC(26) Pause Young (Normal) (G1 Evacuation Pause)
[2026-01-28T10:23:49.398+0000][gc,task     ] GC(26) Using 10 workers of 10 for evacuation
[2026-01-28T10:23:49.416+0000][gc,phases   ] GC(26)   Pre Evacuate Collection Set: 0.8ms
[2026-01-28T10:23:49.416+0000][gc,phases   ] GC(26)   Merge Heap Roots: 0.2ms
[2026-01-28T10:23:49.416+0000][gc,phases   ] GC(26)   Evacuate Collection Set: 14.3ms
[2026-01-28T10:23:49.416+0000][gc,phases   ] GC(26)   Post Evacuate Collection Set: 2.2ms
[2026-01-28T10:23:49.416+0000][gc,phases   ] GC(26)   Other: 0.3ms
[2026-01-28T10:23:49.417+0000][gc,heap     ] GC(26) Eden regions: 608->0(608)
[2026-01-28T10:23:49.417+0000][gc,heap     ] GC(26) Survivor regions: 6->6(77)
[2026-01-28T10:23:49.417+0000][gc,heap     ] GC(26) Old regions: 19->19
[2026-01-28T10:23:49.417+0000][gc,heap     ] GC(26) Humongous regions: 10->10
[2026-01-28T10:23:49.417+0000][gc,metaspace] GC(26) Metaspace: 9035K(9280K)->9035K(9280K) NonClass: 8249K(8384K)->8249K(8384K) Class: 785K(896K)->785K(896K)
[2026-01-28T10:23:49.417+0000][gc          ] GC(26) Pause Young (Normal) (G1 Evacuation Pause) 641M->34M(1024M) 20.200ms
[2026-01-28T10:23:49.417+0000][gc,cpu      ] GC(26) User=0.16s Sys=0.00s Real=0.02s
[2026-01-28T10:24:04.693+0000][gc,start    ] GC(27) Pause Young (Normal) (G1 Evacuation Pause)
[2026-01-28T10:24:04.693+0000][gc,task     ] GC(27) Using 10 workers of 10 for evacuation
[2026-01-28T10:24:04.704+0000][gc,phases   ] GC(27)   Pre Evacuate Collection Set: 0.7ms
[2026-01-28T10:24:04.704+0000][gc,phases   ] GC(27)   Merge Heap Roots: 0.5ms
[2026-01-28T10:24:04.704+0000][gc,phases   ] GC(27)   Evacuate Collection Set: 8.1ms
[2026-01-28T10:24:04.704+0000][gc,phases   ] GC(27)   Post Evacuate Collection Set: 1.6ms
[2026-01-28T10:24:04.705+0000][gc,phases   ] GC(27)   Other: 0.3ms
[2026-01-28T10:24:04.705+0000][gc,heap     ] GC(27) Eden regions: 608->0(607)
[2026-01-28T10:24:04.705+0000][gc,heap     ] GC(27) Survivor regions: 6->7(77)
[2026-01-28T10:24:04.705+0000][gc,heap     ] GC(27) Old regions: 19->19
[2026-01-28T10:24:04.705+0000][gc,heap     ] GC(27) Humongous regions: 10->10
[2026-01-28T10:24:04.705+0000][gc,metaspace] GC(27) Metaspace: 9036K(9280K)->9036K(9280K) NonClass: 8250K(8384K)->8250K(8384K) Class: 785K(896K)->785K(896K)
[2026-01-28T10:24:04.705+0000][gc          ] GC(27) Pause Young (Normal) (G1 Evacuation Pause) 642M->35M(1024M) 12.286ms
[2026-01-28T10:24:04.705+0000][gc,cpu      ] GC(27) User=0.09s Sys=0.00s Real=0.01s
[2026-01-28T10:24:20.344+0000][gc,start    ] GC(28) Pause Young (Normal) (G1 Evacuation Pause)
[2026-01-28T10:24:20.344+0000][gc,task     ] GC(28) Using 10 workers of 10 for evacuation
[2026-01-28T10:24:20.368+0000][gc,phases   ] GC(28)   Pre Evacuate Collection Set: 0.9ms
[2026-01-28T10:24:20.368+0000][gc,phases   ] GC(28)   Merge Heap Roots: 0.3ms
[2026-01-28T10:24:20.368+0000][gc,phases   ] GC(28)   Evacuate Collection Set: 21.2ms
[2026-01-28T10:24:20.368+0000][gc,phases   ] GC(28)   Post Evacuate Collection Set: 1.0ms
[2026-01-28T10:24:20.368+0000][gc,phases   ] GC(28)   Other: 0.3ms
[2026-01-28T10:24:20.368+0000][gc,heap     ] GC(28) Eden regions: 607->0(607)
[2026-01-28T10:24:20.368+0000][gc,heap     ] GC(28) Survivor regions: 7->7(77)
[2026-01-28T10:24:20.368+0000][gc,heap     ] GC(28) Old regions: 19->19
[2026-01-28T10:24:20.368+0000][gc,heap     ] GC(28) Humongous regions: 10->10
[2026-01-28T10:24:20.368+0000][gc,metaspace] GC(28) Metaspace: 9039K(9280K)->9039K(9280K) NonClass: 8253K(8384K)->8253K(8384K) Class: 785K(896K)->785K(896K)
[2026-01-28T10:24:20.368+0000][gc          ] GC(28) Pause Young (Normal) (G1 Evacuation Pause) 642M->35M(1024M) 24.783ms
[2026-01-28T10:24:20.368+0000][gc,cpu      ] GC(28) User=0.22s Sys=0.00s Real=0.02s
[2026-01-28T10:24:35.137+0000][gc,start    ] GC(29) Pause Young (Normal) (G1 Evacuation Pause)
[2026-01-28T10:24:35.138+0000][gc,task     ] GC(29) Using 10 workers of 10 for evacuation
[2026-01-28T10:24:35.153+0000][gc,phases   ] GC(29)   Pre Evacuate Collection Set: 2.6ms
[2026-01-28T10:24:35.154+0000][gc,phases   ] GC(29)   Merge Heap Roots: 0.5ms
[2026-01-28T10:24:35.154+0000][gc,phases   ] GC(29)   Evacuate Collection Set: 10.0ms
[2026-01-28T10:24:35.154+0000][gc,phases   ] GC(29)   Post Evacuate Collection Set: 2.0ms
[2026-01-28T10:24:35.154+0000][gc,phases   ] GC(29)   Other: 0.4ms
[2026-01-28T10:24:35.154+0000][gc,heap     ] GC(29) Eden regions: 607->0(606)
[2026-01-28T10:24:35.154+0000][gc,heap     ] GC(29) Survivor regions: 7->8(77)
[2026-01-28T10:24:35.154+0000][gc,heap     ] GC(29) Old regions: 19->19
[2026-01-28T10:24:35.154+0000][gc,heap     ] GC(29) Humongous regions: 10->10
[2026-01-28T10:24:35.154+0000][gc,metaspace] GC(29) Metaspace: 9040K(9280K)->9040K(9280K) NonClass: 8255K(8384K)->8255K(8384K) Class: 785K(896K)->785K(896K)
[2026-01-28T10:24:35.154+0000][gc          ] GC(29) Pause Young (Normal) (G1 Evacuation Pause) 642M->36M(1024M) 16.602ms
[2026-01-28T10:24:35.154+0000][gc,cpu      ] GC(29) User=0.13s Sys=0.00s Real=0.02s
[2026-01-28T10:24:50.179+0000][gc,start    ] GC(30) Pause Young (Normal) (G1 Evacuation Pause)
[2026-01-28T10:24:50.181+0000][gc,task     ] GC(30) Using 10 workers of 10 for evacuation
[2026-01-28T10:24:50.203+0000][gc,phases   ] GC(30)   Pre Evacuate Collection Set: 1.1ms
[2026-01-28T10:24:50.204+0000][gc,phases   ] GC(30)   Merge Heap Roots: 0.3ms
[2026-01-28T10:24:50.204+0000][gc,phases   ] GC(30)   Evacuate Collection Set: 18.8ms
[2026-01-28T10:24:50.204+0000][gc,phases   ] GC(30)   Post Evacuate Collection Set: 1.6ms
[2026-01-28T10:24:50.204+0000][gc,phases   ] GC(30)   Other: 0.4ms
[2026-01-28T10:24:50.204+0000][gc,heap     ] GC(30) Eden regions: 606->0(606)
[2026-01-28T10:24:50.204+0000][gc,heap     ] GC(30) Survivor regions: 8->8(77)
[2026-01-28T10:24:50.204+0000][gc,heap     ] GC(30) Old regions: 19->20
[2026-01-28T10:24:50.204+0000][gc,heap     ] GC(30) Humongous regions: 10->10
[2026-01-28T10:24:50.204+0000][gc,metaspace] GC(30) Metaspace: 9041K(9280K)->9041K(9280K) NonClass: 8255K(8384K)->8255K(8384K) Class: 785K(896K)->785K(896K)
[2026-01-28T10:24:50.204+0000][gc          ] GC(30) Pause Young (Normal) (G1 Evacuation Pause) 642M->36M(1024M) 25.425ms
[2026-01-28T10:24:50.204+0000][gc,cpu      ] GC(30) User=0.16s Sys=0.04s Real=0.03s
[2026-01-28T10:25:05.001+0000][gc,start    ] GC(31) Pause Young (Normal) (G1 Evacuation Pause)
[2026-01-28T10:25:05.001+0000][gc,task     ] GC(31) Using 10 workers of 10 for evacuation
[2026-01-28T10:25:05.016+0000][gc,phases   ] GC(31)   Pre Evacuate Collection Set: 0.9ms
[2026-01-28T10:25:05.016+0000][gc,phases   ] GC(31)   Merge Heap Roots: 0.3ms
[2026-01-28T10:25:05.016+0000][gc,phases   ] GC(31)   Evacuate Collection Set: 11.9ms
[2026-01-28T10:25:05.016+0000][gc,phases   ] GC(31)   Post Evacuate Collection Set: 1.3ms
[2026-01-28T10:25:05.016+0000][gc,phases   ] GC(31)   Other: 0.2ms
[2026-01-28T10:25:05.016+0000][gc,heap     ] GC(31) Eden regions: 606->0(606)
[2026-01-28T10:25:05.016+0000][gc,heap     ] GC(31) Survivor regions: 8->8(77)
[2026-01-28T10:25:05.016+0000][gc,heap     ] GC(31) Old regions: 20->20
[2026-01-28T10:25:05.016+0000][gc,heap     ] GC(31) Humongous regions: 10->10
[2026-01-28T10:25:05.016+0000][gc,metaspace] GC(31) Metaspace: 9041K(9280K)->9041K(9280K) NonClass: 8255K(8384K)->8255K(8384K) Class: 785K(896K)->785K(896K)
[2026-01-28T10:25:05.016+0000][gc          ] GC(31) Pause Young (Normal) (G1 Evacuation Pause) 642M->37M(1024M) 15.533ms
[2026-01-28T10:25:05.017+0000][gc,cpu      ] GC(31) User=0.14s Sys=0.00s Real=0.02s
[2026-01-28T10:25:19.923+0000][gc,start    ] GC(32) Pause Young (Normal) (G1 Evacuation Pause)
[2026-01-28T10:25:19.924+0000][gc,task     ] GC(32) Using 10 workers of 10 for evacuation
[2026-01-28T10:25:19.933+0000][gc,phases   ] GC(32)   Pre Evacuate Collection Set: 0.8ms
[2026-01-28T10:25:19.933+0000][gc,phases   ] GC(32)   Merge Heap Roots: 0.2ms
[2026-01-28T10:25:19.933+0000][gc,phases   ] GC(32)   Evacuate Collection Set: 7.3ms
[2026-01-28T10:25:19.933+0000][gc,phases   ] GC(32)   Post Evacuate Collection Set: 1.0ms
[2026-01-28T10:25:19.934+0000][gc,phases   ] GC(32)   Other: 0.2ms
[2026-01-28T10:25:19.934+0000][gc,heap     ] GC(32) Eden regions: 606->0(605)
[2026-01-28T10:25:19.934+0000][gc,heap     ] GC(32) Survivor regions: 8->9(77)
[2026-01-28T10:25:19.934+0000][gc,heap     ] GC(32) Old regions: 20->20
[2026-01-28T10:25:19.934+0000][gc,heap     ] GC(32) Humongous regions: 10->10
[2026-01-28T10:25:19.934+0000][gc,metaspace] GC(32) Metaspace: 9072K(9344K)->9072K(9344K) NonClass: 8286K(8448K)->8286K(8448K) Class: 785K(896K)->785K(896K)
[2026-01-28T10:25:19.934+0000][gc          ] GC(32) Pause Young (Normal) (G1 Evacuation Pause) 643M->37M(1024M) 11.386ms
[2026-01-28T10:25:19.934+0000][gc,cpu      ] GC(32) User=0.08s Sys=0.00s Real=0.01s
[2026-01-28T10:25:34.701+0000][gc,start    ] GC(33) Pause Young (Normal) (G1 Evacuation Pause)
[2026-01-28T10:25:34.702+0000][gc,task     ] GC(33) Using 10 workers of 10 for evacuation
[2026-01-28T10:25:34.712+0000][gc,phases   ] GC(33)   Pre Evacuate Collection Set: 0.9ms
[2026-01-28T10:25:34.712+0000][gc,phases   ] GC(33)   Merge Heap Roots: 0.2ms
[2026-01-28T10:25:34.712+0000][gc,phases   ] GC(33)   Evacuate Collection Set: 8.2ms
[2026-01-28T10:25:34.712+0000][gc,phases   ] GC(33)   Post Evacuate Collection Set: 0.8ms
[2026-01-28T10:25:34.712+0000][gc,phases   ] GC(33)   Other: 0.2ms
[2026-01-28T10:25:34.712+0000][gc,heap     ] GC(33) Eden regions: 605->0(605)
[2026-01-28T10:25:34.712+0000][gc,heap     ] GC(33) Survivor regions: 9->9(77)
[2026-01-28T10:25:34.712+0000][gc,heap     ] GC(33) Old regions: 20->20
[2026-01-28T10:25:34.712+0000][gc,heap     ] GC(33) Humongous regions: 10->10
[2026-01-28T10:25:34.712+0000][gc,metaspace] GC(33) Metaspace: 9072K(9344K)->9072K(9344K) NonClass: 8286K(8448K)->8286K(8448K) Class: 785K(896K)->785K(896K)
[2026-01-28T10:25:34.713+0000][gc          ] GC(33) Pause Young (Normal) (G1 Evacuation Pause) 642M->38M(1024M) 11.659ms
[2026-01-28T10:25:34.713+0000][gc,cpu      ] GC(33) User=0.09s Sys=0.00s Real=0.02s
[2026-01-28T10:25:49.905+0000][gc,start    ] GC(34) Pause Young (Normal) (G1 Evacuation Pause)
[2026-01-28T10:25:49.906+0000][gc,task     ] GC(34) Using 10 workers of 10 for evacuation
[2026-01-28T10:25:49.921+0000][gc,phases   ] GC(34)   Pre Evacuate Collection Set: 0.7ms
[2026-01-28T10:25:49.921+0000][gc,phases   ] GC(34)   Merge Heap Roots: 0.3ms
[2026-01-28T10:25:49.921+0000][gc,phases   ] GC(34)   Evacuate Collection Set: 12.6ms
[2026-01-28T10:25:49.921+0000][gc,phases   ] GC(34)   Post Evacuate Collection Set: 1.0ms
[2026-01-28T10:25:49.921+0000][gc,phases   ] GC(34)   Other: 0.2ms
[2026-01-28T10:25:49.921+0000][gc,heap     ] GC(34) Eden regions: 605->0(605)
[2026-01-28T10:25:49.921+0000][gc,heap     ] GC(34) Survivor regions: 9->9(77)
[2026-01-28T10:25:49.922+0000][gc,heap     ] GC(34) Old regions: 20->21
[2026-01-28T10:25:49.922+0000][gc,heap     ] GC(34) Humongous regions: 10->10
[2026-01-28T10:25:49.922+0000][gc,metaspace] GC(34) Metaspace: 9073K(9344K)->9073K(9344K) NonClass: 8287K(8448K)->8287K(8448K) Class: 785K(896K)->785K(896K)
[2026-01-28T10:25:49.922+0000][gc          ] GC(34) Pause Young (Normal) (G1 Evacuation Pause) 643M->39M(1024M) 16.455ms
[2026-01-28T10:25:49.922+0000][gc,cpu      ] GC(34) User=0.14s Sys=0.00s Real=0.02s
[2026-01-28T10:26:04.267+0000][gc,start    ] GC(35) Pause Young (Normal) (G1 Evacuation Pause)
[2026-01-28T10:26:04.268+0000][gc,task     ] GC(35) Using 10 workers of 10 for evacuation
[2026-01-28T10:26:04.274+0000][gc,phases   ] GC(35)   Pre Evacuate Collection Set: 0.5ms
[2026-01-28T10:26:04.274+0000][gc,phases   ] GC(35)   Merge Heap Roots: 0.2ms
[2026-01-28T10:26:04.274+0000][gc,phases   ] GC(35)   Evacuate Collection Set: 4.3ms
[2026-01-28T10:26:04.274+0000][gc,phases   ] GC(35)   Post Evacuate Collection Set: 0.5ms
[2026-01-28T10:26:04.274+0000][gc,phases   ] GC(35)   Other: 0.2ms
[2026-01-28T10:26:04.274+0000][gc,heap     ] GC(35) Eden regions: 605->0(605)
[2026-01-28T10:26:04.274+0000][gc,heap     ] GC(35) Survivor regions: 9->9(77)
[2026-01-28T10:26:04.274+0000][gc,heap     ] GC(35) Old regions: 21->21
[2026-01-28T10:26:04.274+0000][gc,heap     ] GC(35) Humongous regions: 10->10
[2026-01-28T10:26:04.274+0000][gc,metaspace] GC(35) Metaspace: 9074K(9344K)->9074K(9344K) NonClass: 8288K(8448K)->8288K(8448K) Class: 785K(896K)->785K(896K)
[2026-01-28T10:26:04.274+0000][gc          ] GC(35) Pause Young (Normal) (G1 Evacuation Pause) 644M->39M(1024M) 7.062ms
[2026-01-28T10:26:04.275+0000][gc,cpu      ] GC(35) User=0.04s Sys=0.00s Real=0.01s
[2026-01-28T10:26:19.437+0000][gc,start    ] GC(36) Pause Young (Normal) (G1 Evacuation Pause)
[2026-01-28T10:26:19.438+0000][gc,task     ] GC(36) Using 10 workers of 10 for evacuation
[2026-01-28T10:26:19.452+0000][gc,phases   ] GC(36)   Pre Evacuate Collection Set: 0.7ms
[2026-01-28T10:26:19.452+0000][gc,phases   ] GC(36)   Merge Heap Roots: 0.2ms
[2026-01-28T10:26:19.452+0000][gc,phases   ] GC(36)   Evacuate Collection Set: 11.2ms
[2026-01-28T10:26:19.452+0000][gc,phases   ] GC(36)   Post Evacuate Collection Set: 0.9ms
[2026-01-28T10:26:19.452+0000][gc,phases   ] GC(36)   Other: 0.2ms
[2026-01-28T10:26:19.452+0000][gc,heap     ] GC(36) Eden regions: 605->0(605)
[2026-01-28T10:26:19.452+0000][gc,heap     ] GC(36) Survivor regions: 9->9(77)
[2026-01-28T10:26:19.452+0000][gc,heap     ] GC(36) Old regions: 21->22
[2026-01-28T10:26:19.452+0000][gc,heap     ] GC(36) Humongous regions: 10->10
[2026-01-28T10:26:19.452+0000][gc,metaspace] GC(36) Metaspace: 9074K(9344K)->9074K(9344K) NonClass: 8288K(8448K)->8288K(8448K) Class: 785K(896K)->785K(896K)
[2026-01-28T10:26:19.452+0000][gc          ] GC(36) Pause Young (Normal) (G1 Evacuation Pause) 644M->40M(1024M) 14.594ms
[2026-01-28T10:26:19.452+0000][gc,cpu      ] GC(36) User=0.10s Sys=0.02s Real=0.02s
[2026-01-28T10:26:34.402+0000][gc,start    ] GC(37) Pause Young (Normal) (G1 Evacuation Pause)
[2026-01-28T10:26:34.403+0000][gc,task     ] GC(37) Using 10 workers of 10 for evacuation
[2026-01-28T10:26:34.414+0000][gc,phases   ] GC(37)   Pre Evacuate Collection Set: 0.9ms
[2026-01-28T10:26:34.414+0000][gc,phases   ] GC(37)   Merge Heap Roots: 0.2ms
[2026-01-28T10:26:34.414+0000][gc,phases   ] GC(37)   Evacuate Collection Set: 9.5ms
[2026-01-28T10:26:34.415+0000][gc,phases   ] GC(37)   Post Evacuate Collection Set: 0.9ms
[2026-01-28T10:26:34.415+0000][gc,phases   ] GC(37)   Other: 0.2ms
[2026-01-28T10:26:34.415+0000][gc,heap     ] GC(37) Eden regions: 605->0(605)
[2026-01-28T10:26:34.415+0000][gc,heap     ] GC(37) Survivor regions: 9->9(77)
[2026-01-28T10:26:34.415+0000][gc,heap     ] GC(37) Old regions: 22->22
[2026-01-28T10:26:34.415+0000][gc,heap     ] GC(37) Humongous regions: 10->10
[2026-01-28T10:26:34.415+0000][gc,metaspace] GC(37) Metaspace: 9074K(9344K)->9074K(9344K) NonClass: 8288K(8448K)->8288K(8448K) Class: 785K(896K)->785K(896K)
[2026-01-28T10:26:34.415+0000][gc          ] GC(37) Pause Young (Normal) (G1 Evacuation Pause) 645M->40M(1024M) 13.354ms
[2026-01-28T10:26:34.415+0000][gc,cpu      ] GC(37) User=0.11s Sys=0.00s Real=0.01s
[2026-01-28T10:26:49.205+0000][gc,start    ] GC(38) Pause Young (Normal) (G1 Evacuation Pause)
[2026-01-28T10:26:49.208+0000][gc,task     ] GC(38) Using 10 workers of 10 for evacuation
[2026-01-28T10:26:49.225+0000][gc,phases   ] GC(38)   Pre Evacuate Collection Set: 1.4ms
[2026-01-28T10:26:49.225+0000][gc,phases   ] GC(38)   Merge Heap Roots: 0.4ms
[2026-01-28T10:26:49.225+0000][gc,phases   ] GC(38)   Evacuate Collection Set: 12.9ms
[2026-01-28T10:26:49.225+0000][gc,phases   ] GC(38)   Post Evacuate Collection Set: 1.5ms
[2026-01-28T10:26:49.225+0000][gc,phases   ] GC(38)   Other: 0.7ms
[2026-01-28T10:26:49.225+0000][gc,heap     ] GC(38) Eden regions: 605->0(605)
[2026-01-28T10:26:49.225+0000][gc,heap     ] GC(38) Survivor regions: 9->9(77)
[2026-01-28T10:26:49.225+0000][gc,heap     ] GC(38) Old regions: 22->23
[2026-01-28T10:26:49.225+0000][gc,heap     ] GC(38) Humongous regions: 10->10
[2026-01-28T10:26:49.225+0000][gc,metaspace] GC(38) Metaspace: 9074K(9344K)->9074K(9344K) NonClass: 8288K(8448K)->8288K(8448K) Class: 785K(896K)->785K(896K)
[2026-01-28T10:26:49.226+0000][gc          ] GC(38) Pause Young (Normal) (G1 Evacuation Pause) 645M->41M(1024M) 20.083ms
[2026-01-28T10:26:49.226+0000][gc,cpu      ] GC(38) User=0.15s Sys=0.00s Real=0.02s
[2026-01-28T10:27:04.284+0000][gc,start    ] GC(39) Pause Young (Normal) (G1 Evacuation Pause)
[2026-01-28T10:27:04.284+0000][gc,task     ] GC(39) Using 10 workers of 10 for evacuation
[2026-01-28T10:27:04.312+0000][gc,phases   ] GC(39)   Pre Evacuate Collection Set: 1.0ms
[2026-01-28T10:27:04.312+0000][gc,phases   ] GC(39)   Merge Heap Roots: 0.3ms
[2026-01-28T10:27:04.312+0000][gc,phases   ] GC(39)   Evacuate Collection Set: 24.8ms
[2026-01-28T10:27:04.312+0000][gc,phases   ] GC(39)   Post Evacuate Collection Set: 0.9ms
[2026-01-28T10:27:04.312+0000][gc,phases   ] GC(39)   Other: 0.3ms
[2026-01-28T10:27:04.312+0000][gc,heap     ] GC(39) Eden regions: 605->0(605)
[2026-01-28T10:27:04.312+0000][gc,heap     ] GC(39) Survivor regions: 9->9(77)
[2026-01-28T10:27:04.312+0000][gc,heap     ] GC(39) Old regions: 23->24
[2026-01-28T10:27:04.312+0000][gc,heap     ] GC(39) Humongous regions: 10->10
[2026-01-28T10:27:04.312+0000][gc,metaspace] GC(39) Metaspace: 9075K(9344K)->9075K(9344K) NonClass: 8289K(8448K)->8289K(8448K) Class: 785K(896K)->785K(896K)
[2026-01-28T10:27:04.312+0000][gc          ] GC(39) Pause Young (Normal) (G1 Evacuation Pause) 646M->41M(1024M) 28.553ms
[2026-01-28T10:27:04.312+0000][gc,cpu      ] GC(39) User=0.20s Sys=0.03s Real=0.03s
[2026-01-28T10:27:19.517+0000][gc,start    ] GC(40) Pause Young (Normal) (G1 Evacuation Pause)
[2026-01-28T10:27:19.519+0000][gc,task     ] GC(40) Using 10 workers of 10 for evacuation
[2026-01-28T10:27:19.538+0000][gc,phases   ] GC(40)   Pre Evacuate Collection Set: 1.7ms
[2026-01-28T10:27:19.539+0000][gc,phases   ] GC(40)   Merge Heap Roots: 1.2ms
[2026-01-28T10:27:19.539+0000][gc,phases   ] GC(40)   Evacuate Collection Set: 15.9ms
[2026-01-28T10:27:19.539+0000][gc,phases   ] GC(40)   Post Evacuate Collection Set: 0.9ms
[2026-01-28T10:27:19.539+0000][gc,phases   ] GC(40)   Other: 0.3ms
[2026-01-28T10:27:19.539+0000][gc,heap     ] GC(40) Eden regions: 605->0(605)
[2026-01-28T10:27:19.539+0000][gc,heap     ] GC(40) Survivor regions: 9->9(77)
[2026-01-28T10:27:19.539+0000][gc,heap     ] GC(40) Old regions: 24->24
[2026-01-28T10:27:19.539+0000][gc,heap     ] GC(40) Humongous regions: 10->10
[2026-01-28T10:27:19.539+0000][gc,metaspace] GC(40) Metaspace: 9075K(9344K)->9075K(9344K) NonClass: 8289K(8448K)->8289K(8448K) Class: 785K(896K)->785K(896K)
[2026-01-28T10:27:19.539+0000][gc          ] GC(40) Pause Young (Normal) (G1 Evacuation Pause) 646M->42M(1024M) 21.572ms
[2026-01-28T10:27:19.539+0000][gc,cpu      ] GC(40) User=0.18s Sys=0.00s Real=0.02s
[2026-01-28T10:27:34.770+0000][gc,start    ] GC(41) Pause Young (Normal) (G1 Evacuation Pause)
[2026-01-28T10:27:34.771+0000][gc,task     ] GC(41) Using 10 workers of 10 for evacuation
[2026-01-28T10:27:34.796+0000][gc,phases   ] GC(41)   Pre Evacuate Collection Set: 1.0ms
[2026-01-28T10:27:34.796+0000][gc,phases   ] GC(41)   Merge Heap Roots: 0.3ms
[2026-01-28T10:27:34.796+0000][gc,phases   ] GC(41)   Evacuate Collection Set: 21.8ms
[2026-01-28T10:27:34.797+0000][gc,phases   ] GC(41)   Post Evacuate Collection Set: 2.0ms
[2026-01-28T10:27:34.797+0000][gc,phases   ] GC(41)   Other: 0.2ms
[2026-01-28T10:27:34.797+0000][gc,heap     ] GC(41) Eden regions: 605->0(605)
[2026-01-28T10:27:34.797+0000][gc,heap     ] GC(41) Survivor regions: 9->9(77)
[2026-01-28T10:27:34.797+0000][gc,heap     ] GC(41) Old regions: 24->25
[2026-01-28T10:27:34.797+0000][gc,heap     ] GC(41) Humongous regions: 10->10
[2026-01-28T10:27:34.797+0000][gc,metaspace] GC(41) Metaspace: 9080K(9344K)->9080K(9344K) NonClass: 8294K(8448K)->8294K(8448K) Class: 785K(896K)->785K(896K)
[2026-01-28T10:27:34.798+0000][gc          ] GC(41) Pause Young (Normal) (G1 Evacuation Pause) 647M->43M(1024M) 27.890ms
[2026-01-28T10:27:34.798+0000][gc,cpu      ] GC(41) User=0.21s Sys=0.01s Real=0.03s
[2026-01-28T10:27:51.046+0000][gc,start    ] GC(42) Pause Young (Normal) (G1 Evacuation Pause)
[2026-01-28T10:27:51.047+0000][gc,task     ] GC(42) Using 10 workers of 10 for evacuation
[2026-01-28T10:27:51.080+0000][gc,phases   ] GC(42)   Pre Evacuate Collection Set: 3.9ms
[2026-01-28T10:27:51.080+0000][gc,phases   ] GC(42)   Merge Heap Roots: 0.3ms
[2026-01-28T10:27:51.080+0000][gc,phases   ] GC(42)   Evacuate Collection Set: 26.9ms
[2026-01-28T10:27:51.080+0000][gc,phases   ] GC(42)   Post Evacuate Collection Set: 1.1ms
[2026-01-28T10:27:51.080+0000][gc,phases   ] GC(42)   Other: 0.3ms
[2026-01-28T10:27:51.080+0000][gc,heap     ] GC(42) Eden regions: 605->0(605)
[2026-01-28T10:27:51.080+0000][gc,heap     ] GC(42) Survivor regions: 9->9(77)
[2026-01-28T10:27:51.080+0000][gc,heap     ] GC(42) Old regions: 25->26
[2026-01-28T10:27:51.080+0000][gc,heap     ] GC(42) Humongous regions: 10->10
[2026-01-28T10:27:51.080+0000][gc,metaspace] GC(42) Metaspace: 9080K(9344K)->9080K(9344K) NonClass: 8294K(8448K)->8294K(8448K) Class: 785K(896K)->785K(896K)
[2026-01-28T10:27:51.080+0000][gc          ] GC(42) Pause Young (Normal) (G1 Evacuation Pause) 648M->43M(1024M) 34.074ms
[2026-01-28T10:27:51.080+0000][gc,cpu      ] GC(42) User=0.23s Sys=0.02s Real=0.03s
[2026-01-28T10:28:06.879+0000][gc,start    ] GC(43) Pause Young (Normal) (G1 Evacuation Pause)
[2026-01-28T10:28:06.880+0000][gc,task     ] GC(43) Using 10 workers of 10 for evacuation
[2026-01-28T10:28:06.895+0000][gc,phases   ] GC(43)   Pre Evacuate Collection Set: 0.9ms
[2026-01-28T10:28:06.895+0000][gc,phases   ] GC(43)   Merge Heap Roots: 0.3ms
[2026-01-28T10:28:06.895+0000][gc,phases   ] GC(43)   Evacuate Collection Set: 11.7ms
[2026-01-28T10:28:06.895+0000][gc,phases   ] GC(43)   Post Evacuate Collection Set: 1.4ms
[2026-01-28T10:28:06.895+0000][gc,phases   ] GC(43)   Other: 0.3ms
[2026-01-28T10:28:06.895+0000][gc,heap     ] GC(43) Eden regions: 605->0(605)
[2026-01-28T10:28:06.895+0000][gc,heap     ] GC(43) Survivor regions: 9->9(77)
[2026-01-28T10:28:06.895+0000][gc,heap     ] GC(43) Old regions: 26->26
[2026-01-28T10:28:06.895+0000][gc,heap     ] GC(43) Humongous regions: 10->10
[2026-01-28T10:28:06.895+0000][gc,metaspace] GC(43) Metaspace: 9085K(9344K)->9085K(9344K) NonClass: 8299K(8448K)->8299K(8448K) Class: 785K(896K)->785K(896K)
[2026-01-28T10:28:06.895+0000][gc          ] GC(43) Pause Young (Normal) (G1 Evacuation Pause) 648M->44M(1024M) 16.087ms
[2026-01-28T10:28:06.895+0000][gc,cpu      ] GC(43) User=0.13s Sys=0.00s Real=0.02s
[2026-01-28T10:28:23.653+0000][gc,start    ] GC(44) Pause Young (Normal) (G1 Evacuation Pause)
[2026-01-28T10:28:23.655+0000][gc,task     ] GC(44) Using 10 workers of 10 for evacuation
[2026-01-28T10:28:23.680+0000][gc,phases   ] GC(44)   Pre Evacuate Collection Set: 2.8ms
[2026-01-28T10:28:23.680+0000][gc,phases   ] GC(44)   Merge Heap Roots: 1.0ms
[2026-01-28T10:28:23.680+0000][gc,phases   ] GC(44)   Evacuate Collection Set: 18.8ms
[2026-01-28T10:28:23.680+0000][gc,phases   ] GC(44)   Post Evacuate Collection Set: 2.0ms
[2026-01-28T10:28:23.680+0000][gc,phases   ] GC(44)   Other: 0.9ms
[2026-01-28T10:28:23.680+0000][gc,heap     ] GC(44) Eden regions: 605->0(605)
[2026-01-28T10:28:23.680+0000][gc,heap     ] GC(44) Survivor regions: 9->9(77)
[2026-01-28T10:28:23.680+0000][gc,heap     ] GC(44) Old regions: 26->27
[2026-01-28T10:28:23.680+0000][gc,heap     ] GC(44) Humongous regions: 10->10
[2026-01-28T10:28:23.680+0000][gc,metaspace] GC(44) Metaspace: 9085K(9344K)->9085K(9344K) NonClass: 8299K(8448K)->8299K(8448K) Class: 785K(896K)->785K(896K)
[2026-01-28T10:28:23.680+0000][gc          ] GC(44) Pause Young (Normal) (G1 Evacuation Pause) 649M->45M(1024M) 26.986ms
[2026-01-28T10:28:23.680+0000][gc,cpu      ] GC(44) User=0.22s Sys=0.00s Real=0.02s
[2026-01-28T10:28:38.892+0000][gc,start    ] GC(45) Pause Young (Normal) (G1 Evacuation Pause)
[2026-01-28T10:28:38.893+0000][gc,task     ] GC(45) Using 10 workers of 10 for evacuation
[2026-01-28T10:28:38.901+0000][gc,phases   ] GC(45)   Pre Evacuate Collection Set: 0.7ms
[2026-01-28T10:28:38.901+0000][gc,phases   ] GC(45)   Merge Heap Roots: 0.3ms
[2026-01-28T10:28:38.901+0000][gc,phases   ] GC(45)   Evacuate Collection Set: 6.0ms
[2026-01-28T10:28:38.901+0000][gc,phases   ] GC(45)   Post Evacuate Collection Set: 0.8ms
[2026-01-28T10:28:38.901+0000][gc,phases   ] GC(45)   Other: 0.2ms
[2026-01-28T10:28:38.901+0000][gc,heap     ] GC(45) Eden regions: 605->0(605)
[2026-01-28T10:28:38.902+0000][gc,heap     ] GC(45) Survivor regions: 9->9(77)
[2026-01-28T10:28:38.902+0000][gc,heap     ] GC(45) Old regions: 27->27
[2026-01-28T10:28:38.902+0000][gc,heap     ] GC(45) Humongous regions: 10->10
[2026-01-28T10:28:38.902+0000][gc,metaspace] GC(45) Metaspace: 9085K(9344K)->9085K(9344K) NonClass: 8299K(8448K)->8299K(8448K) Class: 785K(896K)->785K(896K)
[2026-01-28T10:28:38.902+0000][gc          ] GC(45) Pause Young (Normal) (G1 Evacuation Pause) 650M->45M(1024M) 9.487ms
[2026-01-28T10:28:38.902+0000][gc,cpu      ] GC(45) User=0.07s Sys=0.00s Real=0.01s
[2026-01-28T10:28:54.219+0000][gc,start    ] GC(46) Pause Young (Normal) (G1 Evacuation Pause)
[2026-01-28T10:28:54.220+0000][gc,task     ] GC(46) Using 10 workers of 10 for evacuation
[2026-01-28T10:28:54.231+0000][gc,phases   ] GC(46)   Pre Evacuate Collection Set: 1.1ms
[2026-01-28T10:28:54.231+0000][gc,phases   ] GC(46)   Merge Heap Roots: 0.2ms
[2026-01-28T10:28:54.231+0000][gc,phases   ] GC(46)   Evacuate Collection Set: 8.5ms
[2026-01-28T10:28:54.231+0000][gc,phases   ] GC(46)   Post Evacuate Collection Set: 0.8ms
[2026-01-28T10:28:54.231+0000][gc,phases   ] GC(46)   Other: 0.2ms
[2026-01-28T10:28:54.231+0000][gc,heap     ] GC(46) Eden regions: 605->0(605)
[2026-01-28T10:28:54.231+0000][gc,heap     ] GC(46) Survivor regions: 9->9(77)
[2026-01-28T10:28:54.231+0000][gc,heap     ] GC(46) Old regions: 27->28
[2026-01-28T10:28:54.231+0000][gc,heap     ] GC(46) Humongous regions: 10->10
[2026-01-28T10:28:54.231+0000][gc,metaspace] GC(46) Metaspace: 9086K(9344K)->9086K(9344K) NonClass: 8301K(8448K)->8301K(8448K) Class: 785K(896K)->785K(896K)
[2026-01-28T10:28:54.231+0000][gc          ] GC(46) Pause Young (Normal) (G1 Evacuation Pause) 650M->46M(1024M) 12.642ms
[2026-01-28T10:28:54.231+0000][gc,cpu      ] GC(46) User=0.09s Sys=0.00s Real=0.02s
[2026-01-28T10:29:08.212+0000][gc,start    ] GC(47) Pause Young (Normal) (G1 Evacuation Pause)
[2026-01-28T10:29:08.213+0000][gc,task     ] GC(47) Using 10 workers of 10 for evacuation
[2026-01-28T10:29:08.219+0000][gc,phases   ] GC(47)   Pre Evacuate Collection Set: 0.8ms
[2026-01-28T10:29:08.219+0000][gc,phases   ] GC(47)   Merge Heap Roots: 0.3ms
[2026-01-28T10:29:08.219+0000][gc,phases   ] GC(47)   Evacuate Collection Set: 4.4ms
[2026-01-28T10:29:08.219+0000][gc,phases   ] GC(47)   Post Evacuate Collection Set: 0.5ms
[2026-01-28T10:29:08.219+0000][gc,phases   ] GC(47)   Other: 0.2ms
[2026-01-28T10:29:08.219+0000][gc,heap     ] GC(47) Eden regions: 605->0(605)
[2026-01-28T10:29:08.219+0000][gc,heap     ] GC(47) Survivor regions: 9->9(77)
[2026-01-28T10:29:08.219+0000][gc,heap     ] GC(47) Old regions: 28->29
[2026-01-28T10:29:08.219+0000][gc,heap     ] GC(47) Humongous regions: 10->10
[2026-01-28T10:29:08.219+0000][gc,metaspace] GC(47) Metaspace: 9086K(9344K)->9086K(9344K) NonClass: 8301K(8448K)->8301K(8448K) Class: 785K(896K)->785K(896K)
[2026-01-28T10:29:08.219+0000][gc          ] GC(47) Pause Young (Normal) (G1 Evacuation Pause) 651M->46M(1024M) 7.725ms
[2026-01-28T10:29:08.219+0000][gc,cpu      ] GC(47) User=0.05s Sys=0.00s Real=0.01s
[2026-01-28T10:29:21.918+0000][gc,start    ] GC(48) Pause Young (Normal) (G1 Evacuation Pause)
[2026-01-28T10:29:21.919+0000][gc,task     ] GC(48) Using 10 workers of 10 for evacuation
[2026-01-28T10:29:21.924+0000][gc,phases   ] GC(48)   Pre Evacuate Collection Set: 0.5ms
[2026-01-28T10:29:21.924+0000][gc,phases   ] GC(48)   Merge Heap Roots: 0.1ms
[2026-01-28T10:29:21.924+0000][gc,phases   ] GC(48)   Evacuate Collection Set: 3.2ms
[2026-01-28T10:29:21.924+0000][gc,phases   ] GC(48)   Post Evacuate Collection Set: 0.5ms
[2026-01-28T10:29:21.924+0000][gc,phases   ] GC(48)   Other: 0.2ms
[2026-01-28T10:29:21.924+0000][gc,heap     ] GC(48) Eden regions: 605->0(605)
[2026-01-28T10:29:21.924+0000][gc,heap     ] GC(48) Survivor regions: 9->9(77)
[2026-01-28T10:29:21.924+0000][gc,heap     ] GC(48) Old regions: 29->29
[2026-01-28T10:29:21.924+0000][gc,heap     ] GC(48) Humongous regions: 10->10
[2026-01-28T10:29:21.924+0000][gc,metaspace] GC(48) Metaspace: 9088K(9344K)->9088K(9344K) NonClass: 8303K(8448K)->8303K(8448K) Class: 785K(896K)->785K(896K)
[2026-01-28T10:29:21.924+0000][gc          ] GC(48) Pause Young (Normal) (G1 Evacuation Pause) 651M->47M(1024M) 5.947ms
[2026-01-28T10:29:21.924+0000][gc,cpu      ] GC(48) User=0.03s Sys=0.00s Real=0.01s
[2026-01-28T10:29:35.577+0000][gc,start    ] GC(49) Pause Young (Normal) (G1 Evacuation Pause)
[2026-01-28T10:29:35.578+0000][gc,task     ] GC(49) Using 10 workers of 10 for evacuation
[2026-01-28T10:29:35.607+0000][gc,phases   ] GC(49)   Pre Evacuate Collection Set: 0.7ms
[2026-01-28T10:29:35.607+0000][gc,phases   ] GC(49)   Merge Heap Roots: 0.3ms
[2026-01-28T10:29:35.607+0000][gc,phases   ] GC(49)   Evacuate Collection Set: 27.6ms
[2026-01-28T10:29:35.607+0000][gc,phases   ] GC(49)   Post Evacuate Collection Set: 0.8ms
[2026-01-28T10:29:35.607+0000][gc,phases   ] GC(49)   Other: 0.2ms
[2026-01-28T10:29:35.607+0000][gc,heap     ] GC(49) Eden regions: 605->0(605)
[2026-01-28T10:29:35.607+0000][gc,heap     ] GC(49) Survivor regions: 9->9(77)
[2026-01-28T10:29:35.607+0000][gc,heap     ] GC(49) Old regions: 29->30
[2026-01-28T10:29:35.607+0000][gc,heap     ] GC(49) Humongous regions: 10->10
[2026-01-28T10:29:35.607+0000][gc,metaspace] GC(49) Metaspace: 9092K(9344K)->9092K(9344K) NonClass: 8307K(8448K)->8307K(8448K) Class: 785K(896K)->785K(896K)
[2026-01-28T10:29:35.608+0000][gc          ] GC(49) Pause Young (Normal) (G1 Evacuation Pause) 652M->47M(1024M) 30.361ms
[2026-01-28T10:29:35.608+0000][gc,cpu      ] GC(49) User=0.16s Sys=0.02s Real=0.03s
[2026-01-28T10:29:49.893+0000][gc,start    ] GC(50) Pause Young (Normal) (G1 Evacuation Pause)
[2026-01-28T10:29:49.894+0000][gc,task     ] GC(50) Using 10 workers of 10 for evacuation
[2026-01-28T10:29:49.910+0000][gc,phases   ] GC(50)   Pre Evacuate Collection Set: 2.1ms
[2026-01-28T10:29:49.910+0000][gc,phases   ] GC(50)   Merge Heap Roots: 1.0ms
[2026-01-28T10:29:49.910+0000][gc,phases   ] GC(50)   Evacuate Collection Set: 11.0ms
[2026-01-28T10:29:49.910+0000][gc,phases   ] GC(50)   Post Evacuate Collection Set: 1.2ms
[2026-01-28T10:29:49.910+0000][gc,phases   ] GC(50)   Other: 0.3ms
[2026-01-28T10:29:49.910+0000][gc,heap     ] GC(50) Eden regions: 605->0(605)
[2026-01-28T10:29:49.910+0000][gc,heap     ] GC(50) Survivor regions: 9->9(77)
[2026-01-28T10:29:49.910+0000][gc,heap     ] GC(50) Old regions: 30->30
[2026-01-28T10:29:49.910+0000][gc,heap     ] GC(50) Humongous regions: 10->10
[2026-01-28T10:29:49.910+0000][gc,metaspace] GC(50) Metaspace: 9092K(9344K)->9092K(9344K) NonClass: 8307K(8448K)->8307K(8448K) Class: 785K(896K)->785K(896K)
[2026-01-28T10:29:49.910+0000][gc          ] GC(50) Pause Young (Normal) (G1 Evacuation Pause) 652M->48M(1024M) 17.227ms
[2026-01-28T10:29:49.911+0000][gc,cpu      ] GC(50) User=0.13s Sys=0.00s Real=0.01s
[2026-01-28T10:30:04.157+0000][gc,start    ] GC(51) Pause Young (Normal) (G1 Evacuation Pause)
[2026-01-28T10:30:04.158+0000][gc,task     ] GC(51) Using 10 workers of 10 for evacuation
[2026-01-28T10:30:04.164+0000][gc,phases   ] GC(51)   Pre Evacuate Collection Set: 0.8ms
[2026-01-28T10:30:04.164+0000][gc,phases   ] GC(51)   Merge Heap Roots: 0.3ms
[2026-01-28T10:30:04.164+0000][gc,phases   ] GC(51)   Evacuate Collection Set: 4.3ms
[2026-01-28T10:30:04.165+0000][gc,phases   ] GC(51)   Post Evacuate Collection Set: 0.5ms
[2026-01-28T10:30:04.165+0000][gc,phases   ] GC(51)   Other: 0.2ms
[2026-01-28T10:30:04.165+0000][gc,heap     ] GC(51) Eden regions: 605->0(605)
[2026-01-28T10:30:04.165+0000][gc,heap     ] GC(51) Survivor regions: 9->9(77)
[2026-01-28T10:30:04.165+0000][gc,heap     ] GC(51) Old regions: 30->31
[2026-01-28T10:30:04.165+0000][gc,heap     ] GC(51) Humongous regions: 10->10
[2026-01-28T10:30:04.165+0000][gc,metaspace] GC(51) Metaspace: 9094K(9344K)->9094K(9344K) NonClass: 8308K(8448K)->8308K(8448K) Class: 785K(896K)->785K(896K)
[2026-01-28T10:30:04.165+0000][gc          ] GC(51) Pause Young (Normal) (G1 Evacuation Pause) 653M->49M(1024M) 7.328ms
[2026-01-28T10:30:04.165+0000][gc,cpu      ] GC(51) User=0.05s Sys=0.00s Real=0.01s
[2026-01-28T10:30:17.999+0000][gc,start    ] GC(52) Pause Young (Normal) (G1 Evacuation Pause)
[2026-01-28T10:30:17.999+0000][gc,task     ] GC(52) Using 10 workers of 10 for evacuation
[2026-01-28T10:30:18.004+0000][gc,phases   ] GC(52)   Pre Evacuate Collection Set: 0.3ms
[2026-01-28T10:30:18.005+0000][gc,phases   ] GC(52)   Merge Heap Roots: 0.2ms
[2026-01-28T10:30:18.005+0000][gc,phases   ] GC(52)   Evacuate Collection Set: 4.4ms
[2026-01-28T10:30:18.005+0000][gc,phases   ] GC(52)   Post Evacuate Collection Set: 0.4ms
[2026-01-28T10:30:18.005+0000][gc,phases   ] GC(52)   Other: 0.1ms
[2026-01-28T10:30:18.005+0000][gc,heap     ] GC(52) Eden regions: 605->0(605)
[2026-01-28T10:30:18.005+0000][gc,heap     ] GC(52) Survivor regions: 9->9(77)
[2026-01-28T10:30:18.005+0000][gc,heap     ] GC(52) Old regions: 31->31
[2026-01-28T10:30:18.005+0000][gc,heap     ] GC(52) Humongous regions: 10->10
[2026-01-28T10:30:18.005+0000][gc,metaspace] GC(52) Metaspace: 9094K(9344K)->9094K(9344K) NonClass: 8308K(8448K)->8308K(8448K) Class: 785K(896K)->785K(896K)
[2026-01-28T10:30:18.005+0000][gc          ] GC(52) Pause Young (Normal) (G1 Evacuation Pause) 654M->49M(1024M) 6.231ms
[2026-01-28T10:30:18.005+0000][gc,cpu      ] GC(52) User=0.04s Sys=0.00s Real=0.01s
[2026-01-28T10:30:33.104+0000][gc,start    ] GC(53) Pause Young (Normal) (G1 Evacuation Pause)
[2026-01-28T10:30:33.105+0000][gc,task     ] GC(53) Using 10 workers of 10 for evacuation
[2026-01-28T10:30:33.135+0000][gc,phases   ] GC(53)   Pre Evacuate Collection Set: 1.0ms
[2026-01-28T10:30:33.135+0000][gc,phases   ] GC(53)   Merge Heap Roots: 0.2ms
[2026-01-28T10:30:33.135+0000][gc,phases   ] GC(53)   Evacuate Collection Set: 27.3ms
[2026-01-28T10:30:33.135+0000][gc,phases   ] GC(53)   Post Evacuate Collection Set: 0.8ms
[2026-01-28T10:30:33.135+0000][gc,phases   ] GC(53)   Other: 0.2ms
[2026-01-28T10:30:33.135+0000][gc,heap     ] GC(53) Eden regions: 605->0(605)
[2026-01-28T10:30:33.135+0000][gc,heap     ] GC(53) Survivor regions: 9->9(77)
[2026-01-28T10:30:33.135+0000][gc,heap     ] GC(53) Old regions: 31->32
[2026-01-28T10:30:33.135+0000][gc,heap     ] GC(53) Humongous regions: 10->10
[2026-01-28T10:30:33.135+0000][gc,metaspace] GC(53) Metaspace: 9094K(9344K)->9094K(9344K) NonClass: 8308K(8448K)->8308K(8448K) Class: 785K(896K)->785K(896K)
[2026-01-28T10:30:33.135+0000][gc          ] GC(53) Pause Young (Normal) (G1 Evacuation Pause) 654M->50M(1024M) 30.861ms
[2026-01-28T10:30:33.135+0000][gc,cpu      ] GC(53) User=0.10s Sys=0.02s Real=0.03s
[2026-01-28T10:30:47.071+0000][gc,start    ] GC(54) Pause Young (Normal) (G1 Evacuation Pause)
[2026-01-28T10:30:47.072+0000][gc,task     ] GC(54) Using 10 workers of 10 for evacuation
[2026-01-28T10:30:47.083+0000][gc,phases   ] GC(54)   Pre Evacuate Collection Set: 1.2ms
[2026-01-28T10:30:47.083+0000][gc,phases   ] GC(54)   Merge Heap Roots: 0.3ms
[2026-01-28T10:30:47.083+0000][gc,phases   ] GC(54)   Evacuate Collection Set: 9.0ms
[2026-01-28T10:30:47.083+0000][gc,phases   ] GC(54)   Post Evacuate Collection Set: 0.6ms
[2026-01-28T10:30:47.083+0000][gc,phases   ] GC(54)   Other: 0.2ms
[2026-01-28T10:30:47.083+0000][gc,heap     ] GC(54) Eden regions: 605->0(605)
[2026-01-28T10:30:47.083+0000][gc,heap     ] GC(54) Survivor regions: 9->9(77)
[2026-01-28T10:30:47.083+0000][gc,heap     ] GC(54) Old regions: 32->33
[2026-01-28T10:30:47.083+0000][gc,heap     ] GC(54) Humongous regions: 10->10
[2026-01-28T10:30:47.083+0000][gc,metaspace] GC(54) Metaspace: 9094K(9344K)->9094K(9344K) NonClass: 8308K(8448K)->8308K(8448K) Class: 785K(896K)->785K(896K)
[2026-01-28T10:30:47.084+0000][gc          ] GC(54) Pause Young (Normal) (G1 Evacuation Pause) 655M->50M(1024M) 12.290ms
[2026-01-28T10:30:47.084+0000][gc,cpu      ] GC(54) User=0.10s Sys=0.00s Real=0.02s
[2026-01-28T10:31:01.129+0000][gc,start    ] GC(55) Pause Young (Normal) (G1 Evacuation Pause)
[2026-01-28T10:31:01.130+0000][gc,task     ] GC(55) Using 10 workers of 10 for evacuation
[2026-01-28T10:31:01.136+0000][gc,phases   ] GC(55)   Pre Evacuate Collection Set: 0.8ms
[2026-01-28T10:31:01.136+0000][gc,phases   ] GC(55)   Merge Heap Roots: 0.3ms
[2026-01-28T10:31:01.136+0000][gc,phases   ] GC(55)   Evacuate Collection Set: 4.9ms
[2026-01-28T10:31:01.136+0000][gc,phases   ] GC(55)   Post Evacuate Collection Set: 0.6ms
[2026-01-28T10:31:01.136+0000][gc,phases   ] GC(55)   Other: 0.2ms
[2026-01-28T10:31:01.137+0000][gc,heap     ] GC(55) Eden regions: 605->0(605)
[2026-01-28T10:31:01.137+0000][gc,heap     ] GC(55) Survivor regions: 9->9(77)
[2026-01-28T10:31:01.137+0000][gc,heap     ] GC(55) Old regions: 33->33
[2026-01-28T10:31:01.137+0000][gc,heap     ] GC(55) Humongous regions: 10->10
[2026-01-28T10:31:01.137+0000][gc,metaspace] GC(55) Metaspace: 9094K(9344K)->9094K(9344K) NonClass: 8308K(8448K)->8308K(8448K) Class: 785K(896K)->785K(896K)
[2026-01-28T10:31:01.137+0000][gc          ] GC(55) Pause Young (Normal) (G1 Evacuation Pause) 655M->51M(1024M) 8.202ms
[2026-01-28T10:31:01.137+0000][gc,cpu      ] GC(55) User=0.05s Sys=0.01s Real=0.01s
[2026-01-28T10:31:14.505+0000][gc,start    ] GC(56) Pause Young (Normal) (G1 Evacuation Pause)
[2026-01-28T10:31:14.506+0000][gc,task     ] GC(56) Using 10 workers of 10 for evacuation
[2026-01-28T10:31:14.526+0000][gc,phases   ] GC(56)   Pre Evacuate Collection Set: 0.2ms
[2026-01-28T10:31:14.526+0000][gc,phases   ] GC(56)   Merge Heap Roots: 0.1ms
[2026-01-28T10:31:14.526+0000][gc,phases   ] GC(56)   Evacuate Collection Set: 18.8ms
[2026-01-28T10:31:14.526+0000][gc,phases   ] GC(56)   Post Evacuate Collection Set: 0.3ms
[2026-01-28T10:31:14.526+0000][gc,phases   ] GC(56)   Other: 0.1ms
[2026-01-28T10:31:14.526+0000][gc,heap     ] GC(56) Eden regions: 605->0(605)
[2026-01-28T10:31:14.526+0000][gc,heap     ] GC(56) Survivor regions: 9->9(77)
[2026-01-28T10:31:14.526+0000][gc,heap     ] GC(56) Old regions: 33->34
[2026-01-28T10:31:14.526+0000][gc,heap     ] GC(56) Humongous regions: 10->10
[2026-01-28T10:31:14.526+0000][gc,metaspace] GC(56) Metaspace: 9094K(9344K)->9094K(9344K) NonClass: 8308K(8448K)->8308K(8448K) Class: 785K(896K)->785K(896K)
[2026-01-28T10:31:14.526+0000][gc          ] GC(56) Pause Young (Normal) (G1 Evacuation Pause) 656M->52M(1024M) 20.920ms
[2026-01-28T10:31:14.526+0000][gc,cpu      ] GC(56) User=0.03s Sys=0.06s Real=0.02s
[2026-01-28T10:31:27.877+0000][gc,start    ] GC(57) Pause Young (Normal) (G1 Evacuation Pause)
[2026-01-28T10:31:27.877+0000][gc,task     ] GC(57) Using 10 workers of 10 for evacuation
[2026-01-28T10:31:27.882+0000][gc,phases   ] GC(57)   Pre Evacuate Collection Set: 0.3ms
[2026-01-28T10:31:27.882+0000][gc,phases   ] GC(57)   Merge Heap Roots: 0.2ms
[2026-01-28T10:31:27.883+0000][gc,phases   ] GC(57)   Evacuate Collection Set: 3.8ms
[2026-01-28T10:31:27.883+0000][gc,phases   ] GC(57)   Post Evacuate Collection Set: 0.5ms
[2026-01-28T10:31:27.883+0000][gc,phases   ] GC(57)   Other: 0.1ms
[2026-01-28T10:31:27.883+0000][gc,heap     ] GC(57) Eden regions: 605->0(605)
[2026-01-28T10:31:27.883+0000][gc,heap     ] GC(57) Survivor regions: 9->9(77)
[2026-01-28T10:31:27.883+0000][gc,heap     ] GC(57) Old regions: 34->34
[2026-01-28T10:31:27.883+0000][gc,heap     ] GC(57) Humongous regions: 10->10
[2026-01-28T10:31:27.883+0000][gc,metaspace] GC(57) Metaspace: 9094K(9344K)->9094K(9344K) NonClass: 8308K(8448K)->8308K(8448K) Class: 785K(896K)->785K(896K)
[2026-01-28T10:31:27.883+0000][gc          ] GC(57) Pause Young (Normal) (G1 Evacuation Pause) 657M->52M(1024M) 5.821ms
[2026-01-28T10:31:27.883+0000][gc,cpu      ] GC(57) User=0.05s Sys=0.00s Real=0.01s
[2026-01-28T10:31:41.443+0000][gc,start    ] GC(58) Pause Young (Normal) (G1 Evacuation Pause)
[2026-01-28T10:31:41.444+0000][gc,task     ] GC(58) Using 10 workers of 10 for evacuation
[2026-01-28T10:31:41.447+0000][gc,phases   ] GC(58)   Pre Evacuate Collection Set: 0.4ms
[2026-01-28T10:31:41.447+0000][gc,phases   ] GC(58)   Merge Heap Roots: 0.1ms
[2026-01-28T10:31:41.447+0000][gc,phases   ] GC(58)   Evacuate Collection Set: 2.7ms
[2026-01-28T10:31:41.447+0000][gc,phases   ] GC(58)   Post Evacuate Collection Set: 0.4ms
[2026-01-28T10:31:41.447+0000][gc,phases   ] GC(58)   Other: 0.2ms
[2026-01-28T10:31:41.447+0000][gc,heap     ] GC(58) Eden regions: 605->0(605)
[2026-01-28T10:31:41.447+0000][gc,heap     ] GC(58) Survivor regions: 9->9(77)
[2026-01-28T10:31:41.448+0000][gc,heap     ] GC(58) Old regions: 34->35
[2026-01-28T10:31:41.448+0000][gc,heap     ] GC(58) Humongous regions: 10->10
[2026-01-28T10:31:41.448+0000][gc,metaspace] GC(58) Metaspace: 9094K(9344K)->9094K(9344K) NonClass: 8308K(8448K)->8308K(8448K) Class: 785K(896K)->785K(896K)
[2026-01-28T10:31:41.448+0000][gc          ] GC(58) Pause Young (Normal) (G1 Evacuation Pause) 657M->52M(1024M) 4.488ms
[2026-01-28T10:31:41.448+0000][gc,cpu      ] GC(58) User=0.03s Sys=0.00s Real=0.00s
[2026-01-28T10:31:55.106+0000][gc,start    ] GC(59) Pause Young (Normal) (G1 Evacuation Pause)
[2026-01-28T10:31:55.106+0000][gc,task     ] GC(59) Using 10 workers of 10 for evacuation
[2026-01-28T10:31:55.126+0000][gc,phases   ] GC(59)   Pre Evacuate Collection Set: 0.7ms
[2026-01-28T10:31:55.126+0000][gc,phases   ] GC(59)   Merge Heap Roots: 0.2ms
[2026-01-28T10:31:55.126+0000][gc,phases   ] GC(59)   Evacuate Collection Set: 18.0ms
[2026-01-28T10:31:55.126+0000][gc,phases   ] GC(59)   Post Evacuate Collection Set: 0.5ms
[2026-01-28T10:31:55.126+0000][gc,phases   ] GC(59)   Other: 0.1ms
[2026-01-28T10:31:55.126+0000][gc,heap     ] GC(59) Eden regions: 605->0(605)
[2026-01-28T10:31:55.126+0000][gc,heap     ] GC(59) Survivor regions: 9->9(77)
[2026-01-28T10:31:55.126+0000][gc,heap     ] GC(59) Old regions: 35->36
[2026-01-28T10:31:55.126+0000][gc,heap     ] GC(59) Humongous regions: 10->10
[2026-01-28T10:31:55.126+0000][gc,metaspace] GC(59) Metaspace: 9094K(9344K)->9094K(9344K) NonClass: 8308K(8448K)->8308K(8448K) Class: 785K(896K)->785K(896K)
[2026-01-28T10:31:55.126+0000][gc          ] GC(59) Pause Young (Normal) (G1 Evacuation Pause) 657M->53M(1024M) 20.311ms
[2026-01-28T10:31:55.126+0000][gc,cpu      ] GC(59) User=0.06s Sys=0.05s Real=0.02s
[2026-01-28T10:32:08.658+0000][gc,start    ] GC(60) Pause Young (Normal) (G1 Evacuation Pause)
[2026-01-28T10:32:08.658+0000][gc,task     ] GC(60) Using 10 workers of 10 for evacuation
[2026-01-28T10:32:08.662+0000][gc,phases   ] GC(60)   Pre Evacuate Collection Set: 0.3ms
[2026-01-28T10:32:08.662+0000][gc,phases   ] GC(60)   Merge Heap Roots: 0.2ms
[2026-01-28T10:32:08.662+0000][gc,phases   ] GC(60)   Evacuate Collection Set: 2.7ms
[2026-01-28T10:32:08.662+0000][gc,phases   ] GC(60)   Post Evacuate Collection Set: 0.5ms
[2026-01-28T10:32:08.662+0000][gc,phases   ] GC(60)   Other: 0.1ms
[2026-01-28T10:32:08.662+0000][gc,heap     ] GC(60) Eden regions: 605->0(605)
[2026-01-28T10:32:08.663+0000][gc,heap     ] GC(60) Survivor regions: 9->9(77)
[2026-01-28T10:32:08.663+0000][gc,heap     ] GC(60) Old regions: 36->36
[2026-01-28T10:32:08.663+0000][gc,heap     ] GC(60) Humongous regions: 10->10
[2026-01-28T10:32:08.663+0000][gc,metaspace] GC(60) Metaspace: 9095K(9344K)->9095K(9344K) NonClass: 8310K(8448K)->8310K(8448K) Class: 785K(896K)->785K(896K)
[2026-01-28T10:32:08.663+0000][gc          ] GC(60) Pause Young (Normal) (G1 Evacuation Pause) 658M->53M(1024M) 5.216ms
[2026-01-28T10:32:08.663+0000][gc,cpu      ] GC(60) User=0.03s Sys=0.00s Real=0.01s
[2026-01-28T10:32:22.284+0000][gc,start    ] GC(61) Pause Young (Normal) (G1 Evacuation Pause)
[2026-01-28T10:32:22.285+0000][gc,task     ] GC(61) Using 10 workers of 10 for evacuation
[2026-01-28T10:32:22.290+0000][gc,phases   ] GC(61)   Pre Evacuate Collection Set: 0.8ms
[2026-01-28T10:32:22.290+0000][gc,phases   ] GC(61)   Merge Heap Roots: 0.2ms
[2026-01-28T10:32:22.290+0000][gc,phases   ] GC(61)   Evacuate Collection Set: 3.4ms
[2026-01-28T10:32:22.290+0000][gc,phases   ] GC(61)   Post Evacuate Collection Set: 0.4ms
[2026-01-28T10:32:22.290+0000][gc,phases   ] GC(61)   Other: 0.1ms
[2026-01-28T10:32:22.290+0000][gc,heap     ] GC(61) Eden regions: 605->0(605)
[2026-01-28T10:32:22.290+0000][gc,heap     ] GC(61) Survivor regions: 9->9(77)
[2026-01-28T10:32:22.290+0000][gc,heap     ] GC(61) Old regions: 36->37
[2026-01-28T10:32:22.290+0000][gc,heap     ] GC(61) Humongous regions: 10->10
[2026-01-28T10:32:22.290+0000][gc,metaspace] GC(61) Metaspace: 9095K(9344K)->9095K(9344K) NonClass: 8310K(8448K)->8310K(8448K) Class: 785K(896K)->785K(896K)
[2026-01-28T10:32:22.290+0000][gc          ] GC(61) Pause Young (Normal) (G1 Evacuation Pause) 658M->54M(1024M) 6.518ms
[2026-01-28T10:32:22.290+0000][gc,cpu      ] GC(61) User=0.04s Sys=0.00s Real=0.01s
[2026-01-28T10:32:36.187+0000][gc,start    ] GC(62) Pause Young (Normal) (G1 Evacuation Pause)
[2026-01-28T10:32:36.188+0000][gc,task     ] GC(62) Using 10 workers of 10 for evacuation
[2026-01-28T10:32:36.192+0000][gc,phases   ] GC(62)   Pre Evacuate Collection Set: 0.3ms
[2026-01-28T10:32:36.192+0000][gc,phases   ] GC(62)   Merge Heap Roots: 0.2ms
[2026-01-28T10:32:36.192+0000][gc,phases   ] GC(62)   Evacuate Collection Set: 2.6ms
[2026-01-28T10:32:36.193+0000][gc,phases   ] GC(62)   Post Evacuate Collection Set: 0.5ms
[2026-01-28T10:32:36.193+0000][gc,phases   ] GC(62)   Other: 0.3ms
[2026-01-28T10:32:36.193+0000][gc,heap     ] GC(62) Eden regions: 605->0(605)
[2026-01-28T10:32:36.193+0000][gc,heap     ] GC(62) Survivor regions: 9->9(77)
[2026-01-28T10:32:36.193+0000][gc,heap     ] GC(62) Old regions: 37->37
[2026-01-28T10:32:36.193+0000][gc,heap     ] GC(62) Humongous regions: 10->10
[2026-01-28T10:32:36.193+0000][gc,metaspace] GC(62) Metaspace: 9095K(9344K)->9095K(9344K) NonClass: 8310K(8448K)->8310K(8448K) Class: 785K(896K)->785K(896K)
[2026-01-28T10:32:36.193+0000][gc          ] GC(62) Pause Young (Normal) (G1 Evacuation Pause) 659M->54M(1024M) 5.420ms
[2026-01-28T10:32:36.193+0000][gc,cpu      ] GC(62) User=0.02s Sys=0.00s Real=0.01s
[2026-01-28T10:32:50.671+0000][gc,start    ] GC(63) Pause Young (Normal) (G1 Evacuation Pause)
[2026-01-28T10:32:50.672+0000][gc,task     ] GC(63) Using 10 workers of 10 for evacuation
[2026-01-28T10:32:50.696+0000][gc,phases   ] GC(63)   Pre Evacuate Collection Set: 0.9ms
[2026-01-28T10:32:50.697+0000][gc,phases   ] GC(63)   Merge Heap Roots: 0.3ms
[2026-01-28T10:32:50.697+0000][gc,phases   ] GC(63)   Evacuate Collection Set: 22.5ms
[2026-01-28T10:32:50.697+0000][gc,phases   ] GC(63)   Post Evacuate Collection Set: 0.8ms
[2026-01-28T10:32:50.697+0000][gc,phases   ] GC(63)   Other: 0.3ms
[2026-01-28T10:32:50.697+0000][gc,heap     ] GC(63) Eden regions: 605->0(605)
[2026-01-28T10:32:50.697+0000][gc,heap     ] GC(63) Survivor regions: 9->9(77)
[2026-01-28T10:32:50.697+0000][gc,heap     ] GC(63) Old regions: 37->38
[2026-01-28T10:32:50.697+0000][gc,heap     ] GC(63) Humongous regions: 10->10
[2026-01-28T10:32:50.697+0000][gc,metaspace] GC(63) Metaspace: 9096K(9344K)->9096K(9344K) NonClass: 8310K(8448K)->8310K(8448K) Class: 785K(896K)->785K(896K)
[2026-01-28T10:32:50.697+0000][gc          ] GC(63) Pause Young (Normal) (G1 Evacuation Pause) 659M->55M(1024M) 25.707ms
[2026-01-28T10:32:50.697+0000][gc,cpu      ] GC(63) User=0.13s Sys=0.04s Real=0.02s
[2026-01-28T10:33:05.406+0000][gc,start    ] GC(64) Pause Young (Normal) (G1 Evacuation Pause)
[2026-01-28T10:33:05.406+0000][gc,task     ] GC(64) Using 10 workers of 10 for evacuation
[2026-01-28T10:33:05.410+0000][gc,phases   ] GC(64)   Pre Evacuate Collection Set: 0.6ms
[2026-01-28T10:33:05.410+0000][gc,phases   ] GC(64)   Merge Heap Roots: 0.2ms
[2026-01-28T10:33:05.410+0000][gc,phases   ] GC(64)   Evacuate Collection Set: 2.1ms
[2026-01-28T10:33:05.410+0000][gc,phases   ] GC(64)   Post Evacuate Collection Set: 0.4ms
[2026-01-28T10:33:05.410+0000][gc,phases   ] GC(64)   Other: 0.2ms
[2026-01-28T10:33:05.410+0000][gc,heap     ] GC(64) Eden regions: 605->0(606)
[2026-01-28T10:33:05.410+0000][gc,heap     ] GC(64) Survivor regions: 9->8(77)
[2026-01-28T10:33:05.410+0000][gc,heap     ] GC(64) Old regions: 38->38
[2026-01-28T10:33:05.410+0000][gc,heap     ] GC(64) Humongous regions: 10->10
[2026-01-28T10:33:05.410+0000][gc,metaspace] GC(64) Metaspace: 9099K(9408K)->9099K(9408K) NonClass: 8313K(8448K)->8313K(8448K) Class: 786K(960K)->786K(960K)
[2026-01-28T10:33:05.410+0000][gc          ] GC(64) Pause Young (Normal) (G1 Evacuation Pause) 660M->55M(1024M) 4.232ms
[2026-01-28T10:33:05.410+0000][gc,cpu      ] GC(64) User=0.02s Sys=0.00s Real=0.00s
[2026-01-28T10:33:19.217+0000][gc,start    ] GC(65) Pause Young (Normal) (G1 Evacuation Pause)
[2026-01-28T10:33:19.217+0000][gc,task     ] GC(65) Using 10 workers of 10 for evacuation
[2026-01-28T10:33:19.223+0000][gc,phases   ] GC(65)   Pre Evacuate Collection Set: 0.3ms
[2026-01-28T10:33:19.223+0000][gc,phases   ] GC(65)   Merge Heap Roots: 0.3ms
[2026-01-28T10:33:19.223+0000][gc,phases   ] GC(65)   Evacuate Collection Set: 4.8ms
[2026-01-28T10:33:19.223+0000][gc,phases   ] GC(65)   Post Evacuate Collection Set: 0.5ms
[2026-01-28T10:33:19.223+0000][gc,phases   ] GC(65)   Other: 0.2ms
[2026-01-28T10:33:19.223+0000][gc,heap     ] GC(65) Eden regions: 606->0(605)
[2026-01-28T10:33:19.224+0000][gc,heap     ] GC(65) Survivor regions: 8->9(77)
[2026-01-28T10:33:19.224+0000][gc,heap     ] GC(65) Old regions: 38->39
[2026-01-28T10:33:19.224+0000][gc,heap     ] GC(65) Humongous regions: 10->10
[2026-01-28T10:33:19.224+0000][gc,metaspace] GC(65) Metaspace: 9099K(9408K)->9099K(9408K) NonClass: 8313K(8448K)->8313K(8448K) Class: 786K(960K)->786K(960K)
[2026-01-28T10:33:19.224+0000][gc          ] GC(65) Pause Young (Normal) (G1 Evacuation Pause) 661M->56M(1024M) 6.889ms
[2026-01-28T10:33:19.224+0000][gc,cpu      ] GC(65) User=0.05s Sys=0.00s Real=0.01s
[2026-01-28T10:33:33.533+0000][gc,start    ] GC(66) Pause Young (Normal) (G1 Evacuation Pause)
[2026-01-28T10:33:33.533+0000][gc,task     ] GC(66) Using 10 workers of 10 for evacuation
[2026-01-28T10:33:33.537+0000][gc,phases   ] GC(66)   Pre Evacuate Collection Set: 0.6ms
[2026-01-28T10:33:33.538+0000][gc,phases   ] GC(66)   Merge Heap Roots: 0.3ms
[2026-01-28T10:33:33.538+0000][gc,phases   ] GC(66)   Evacuate Collection Set: 2.7ms
[2026-01-28T10:33:33.538+0000][gc,phases   ] GC(66)   Post Evacuate Collection Set: 0.5ms
[2026-01-28T10:33:33.538+0000][gc,phases   ] GC(66)   Other: 0.2ms
[2026-01-28T10:33:33.538+0000][gc,heap     ] GC(66) Eden regions: 605->0(606)
[2026-01-28T10:33:33.538+0000][gc,heap     ] GC(66) Survivor regions: 9->8(77)
[2026-01-28T10:33:33.538+0000][gc,heap     ] GC(66) Old regions: 39->40
[2026-01-28T10:33:33.538+0000][gc,heap     ] GC(66) Humongous regions: 10->10
[2026-01-28T10:33:33.538+0000][gc,metaspace] GC(66) Metaspace: 9099K(9408K)->9099K(9408K) NonClass: 8313K(8448K)->8313K(8448K) Class: 786K(960K)->786K(960K)
[2026-01-28T10:33:33.538+0000][gc          ] GC(66) Pause Young (Normal) (G1 Evacuation Pause) 661M->56M(1024M) 4.909ms
[2026-01-28T10:33:33.538+0000][gc,cpu      ] GC(66) User=0.02s Sys=0.00s Real=0.00s
[2026-01-28T10:33:47.572+0000][gc,start    ] GC(67) Pause Young (Normal) (G1 Evacuation Pause)
[2026-01-28T10:33:47.573+0000][gc,task     ] GC(67) Using 10 workers of 10 for evacuation
[2026-01-28T10:33:47.587+0000][gc,phases   ] GC(67)   Pre Evacuate Collection Set: 0.8ms
[2026-01-28T10:33:47.587+0000][gc,phases   ] GC(67)   Merge Heap Roots: 0.2ms
[2026-01-28T10:33:47.587+0000][gc,phases   ] GC(67)   Evacuate Collection Set: 12.2ms
[2026-01-28T10:33:47.587+0000][gc,phases   ] GC(67)   Post Evacuate Collection Set: 0.7ms
[2026-01-28T10:33:47.587+0000][gc,phases   ] GC(67)   Other: 0.3ms
[2026-01-28T10:33:47.587+0000][gc,heap     ] GC(67) Eden regions: 606->0(606)
[2026-01-28T10:33:47.587+0000][gc,heap     ] GC(67) Survivor regions: 8->8(77)
[2026-01-28T10:33:47.587+0000][gc,heap     ] GC(67) Old regions: 40->40
[2026-01-28T10:33:47.587+0000][gc,heap     ] GC(67) Humongous regions: 10->10
[2026-01-28T10:33:47.587+0000][gc,metaspace] GC(67) Metaspace: 9099K(9408K)->9099K(9408K) NonClass: 8313K(8448K)->8313K(8448K) Class: 786K(960K)->786K(960K)
[2026-01-28T10:33:47.587+0000][gc          ] GC(67) Pause Young (Normal) (G1 Evacuation Pause) 662M->57M(1024M) 15.865ms
[2026-01-28T10:33:47.587+0000][gc,cpu      ] GC(67) User=0.13s Sys=0.00s Real=0.01s
[2026-01-28T10:34:01.805+0000][gc,start    ] GC(68) Pause Young (Normal) (G1 Evacuation Pause)
[2026-01-28T10:34:01.806+0000][gc,task     ] GC(68) Using 10 workers of 10 for evacuation
[2026-01-28T10:34:01.812+0000][gc,phases   ] GC(68)   Pre Evacuate Collection Set: 1.0ms
[2026-01-28T10:34:01.812+0000][gc,phases   ] GC(68)   Merge Heap Roots: 0.2ms
[2026-01-28T10:34:01.812+0000][gc,phases   ] GC(68)   Evacuate Collection Set: 4.2ms
[2026-01-28T10:34:01.812+0000][gc,phases   ] GC(68)   Post Evacuate Collection Set: 0.7ms
[2026-01-28T10:34:01.812+0000][gc,phases   ] GC(68)   Other: 0.4ms
[2026-01-28T10:34:01.812+0000][gc,heap     ] GC(68) Eden regions: 606->0(605)
[2026-01-28T10:34:01.812+0000][gc,heap     ] GC(68) Survivor regions: 8->9(77)
[2026-01-28T10:34:01.812+0000][gc,heap     ] GC(68) Old regions: 40->41
[2026-01-28T10:34:01.812+0000][gc,heap     ] GC(68) Humongous regions: 10->10
[2026-01-28T10:34:01.812+0000][gc,metaspace] GC(68) Metaspace: 9099K(9408K)->9099K(9408K) NonClass: 8313K(8448K)->8313K(8448K) Class: 786K(960K)->786K(960K)
[2026-01-28T10:34:01.813+0000][gc          ] GC(68) Pause Young (Normal) (G1 Evacuation Pause) 663M->58M(1024M) 7.237ms
[2026-01-28T10:34:01.813+0000][gc,cpu      ] GC(68) User=0.05s Sys=0.01s Real=0.01s
[2026-01-28T10:34:15.492+0000][gc,start    ] GC(69) Pause Young (Normal) (G1 Evacuation Pause)
[2026-01-28T10:34:15.493+0000][gc,task     ] GC(69) Using 10 workers of 10 for evacuation
[2026-01-28T10:34:15.500+0000][gc,phases   ] GC(69)   Pre Evacuate Collection Set: 0.6ms
[2026-01-28T10:34:15.500+0000][gc,phases   ] GC(69)   Merge Heap Roots: 0.3ms
[2026-01-28T10:34:15.500+0000][gc,phases   ] GC(69)   Evacuate Collection Set: 4.7ms
[2026-01-28T10:34:15.500+0000][gc,phases   ] GC(69)   Post Evacuate Collection Set: 0.8ms
[2026-01-28T10:34:15.500+0000][gc,phases   ] GC(69)   Other: 0.3ms
[2026-01-28T10:34:15.500+0000][gc,heap     ] GC(69) Eden regions: 605->0(605)
[2026-01-28T10:34:15.501+0000][gc,heap     ] GC(69) Survivor regions: 9->9(77)
[2026-01-28T10:34:15.501+0000][gc,heap     ] GC(69) Old regions: 41->41
[2026-01-28T10:34:15.501+0000][gc,heap     ] GC(69) Humongous regions: 10->10
[2026-01-28T10:34:15.501+0000][gc,metaspace] GC(69) Metaspace: 9102K(9408K)->9102K(9408K) NonClass: 8316K(8448K)->8316K(8448K) Class: 786K(960K)->786K(960K)
[2026-01-28T10:34:15.501+0000][gc          ] GC(69) Pause Young (Normal) (G1 Evacuation Pause) 663M->58M(1024M) 8.663ms
[2026-01-28T10:34:15.501+0000][gc,cpu      ] GC(69) User=0.06s Sys=0.00s Real=0.01s
[2026-01-28T10:34:29.477+0000][gc,start    ] GC(70) Pause Young (Normal) (G1 Evacuation Pause)
[2026-01-28T10:34:29.478+0000][gc,task     ] GC(70) Using 10 workers of 10 for evacuation
[2026-01-28T10:34:29.495+0000][gc,phases   ] GC(70)   Pre Evacuate Collection Set: 1.5ms
[2026-01-28T10:34:29.495+0000][gc,phases   ] GC(70)   Merge Heap Roots: 0.7ms
[2026-01-28T10:34:29.495+0000][gc,phases   ] GC(70)   Evacuate Collection Set: 14.0ms
[2026-01-28T10:34:29.495+0000][gc,phases   ] GC(70)   Post Evacuate Collection Set: 0.9ms
[2026-01-28T10:34:29.495+0000][gc,phases   ] GC(70)   Other: 0.3ms
[2026-01-28T10:34:29.495+0000][gc,heap     ] GC(70) Eden regions: 605->0(605)
[2026-01-28T10:34:29.495+0000][gc,heap     ] GC(70) Survivor regions: 9->9(77)
[2026-01-28T10:34:29.495+0000][gc,heap     ] GC(70) Old regions: 41->42
[2026-01-28T10:34:29.495+0000][gc,heap     ] GC(70) Humongous regions: 10->10
[2026-01-28T10:34:29.496+0000][gc,metaspace] GC(70) Metaspace: 9102K(9408K)->9102K(9408K) NonClass: 8316K(8448K)->8316K(8448K) Class: 786K(960K)->786K(960K)
[2026-01-28T10:34:29.496+0000][gc          ] GC(70) Pause Young (Normal) (G1 Evacuation Pause) 663M->59M(1024M) 18.638ms
[2026-01-28T10:34:29.496+0000][gc,cpu      ] GC(70) User=0.14s Sys=0.02s Real=0.02s
[2026-01-28T10:34:43.787+0000][gc,start    ] GC(71) Pause Young (Normal) (G1 Evacuation Pause)
[2026-01-28T10:34:43.788+0000][gc,task     ] GC(71) Using 10 workers of 10 for evacuation
[2026-01-28T10:34:43.792+0000][gc,phases   ] GC(71)   Pre Evacuate Collection Set: 0.5ms
[2026-01-28T10:34:43.792+0000][gc,phases   ] GC(71)   Merge Heap Roots: 0.1ms
[2026-01-28T10:34:43.792+0000][gc,phases   ] GC(71)   Evacuate Collection Set: 2.8ms
[2026-01-28T10:34:43.792+0000][gc,phases   ] GC(71)   Post Evacuate Collection Set: 0.4ms
[2026-01-28T10:34:43.792+0000][gc,phases   ] GC(71)   Other: 0.2ms
[2026-01-28T10:34:43.792+0000][gc,heap     ] GC(71) Eden regions: 605->0(606)
[2026-01-28T10:34:43.792+0000][gc,heap     ] GC(71) Survivor regions: 9->8(77)
[2026-01-28T10:34:43.792+0000][gc,heap     ] GC(71) Old regions: 42->42
[2026-01-28T10:34:43.793+0000][gc,heap     ] GC(71) Humongous regions: 10->10
[2026-01-28T10:34:43.793+0000][gc,metaspace] GC(71) Metaspace: 9106K(9408K)->9106K(9408K) NonClass: 8320K(8448K)->8320K(8448K) Class: 786K(960K)->786K(960K)
[2026-01-28T10:34:43.793+0000][gc          ] GC(71) Pause Young (Normal) (G1 Evacuation Pause) 664M->59M(1024M) 5.432ms
[2026-01-28T10:34:43.793+0000][gc,cpu      ] GC(71) User=0.02s Sys=0.01s Real=0.01s
[2026-01-28T10:34:59.096+0000][gc,start    ] GC(72) Pause Young (Normal) (G1 Evacuation Pause)
[2026-01-28T10:34:59.097+0000][gc,task     ] GC(72) Using 10 workers of 10 for evacuation
[2026-01-28T10:34:59.203+0000][gc,phases   ] GC(72)   Pre Evacuate Collection Set: 7.4ms
[2026-01-28T10:34:59.203+0000][gc,phases   ] GC(72)   Merge Heap Roots: 3.3ms
[2026-01-28T10:34:59.203+0000][gc,phases   ] GC(72)   Evacuate Collection Set: 91.8ms
[2026-01-28T10:34:59.203+0000][gc,phases   ] GC(72)   Post Evacuate Collection Set: 2.9ms
[2026-01-28T10:34:59.203+0000][gc,phases   ] GC(72)   Other: 0.4ms
[2026-01-28T10:34:59.203+0000][gc,heap     ] GC(72) Eden regions: 606->0(606)
[2026-01-28T10:34:59.203+0000][gc,heap     ] GC(72) Survivor regions: 8->8(77)
[2026-01-28T10:34:59.203+0000][gc,heap     ] GC(72) Old regions: 42->43
[2026-01-28T10:34:59.204+0000][gc,heap     ] GC(72) Humongous regions: 10->10
[2026-01-28T10:34:59.204+0000][gc,metaspace] GC(72) Metaspace: 9108K(9408K)->9108K(9408K) NonClass: 8322K(8448K)->8322K(8448K) Class: 786K(960K)->786K(960K)
[2026-01-28T10:34:59.204+0000][gc          ] GC(72) Pause Young (Normal) (G1 Evacuation Pause) 665M->60M(1024M) 107.791ms
[2026-01-28T10:34:59.204+0000][gc,cpu      ] GC(72) User=0.95s Sys=0.02s Real=0.11s
[2026-01-28T10:35:06.460+0000][gc,start    ] GC(73) Pause Young (Normal) (G1 Evacuation Pause)
[2026-01-28T10:35:06.460+0000][gc,task     ] GC(73) Using 10 workers of 10 for evacuation
[2026-01-28T10:35:06.477+0000][gc,phases   ] GC(73)   Pre Evacuate Collection Set: 1.1ms
[2026-01-28T10:35:06.477+0000][gc,phases   ] GC(73)   Merge Heap Roots: 0.4ms
[2026-01-28T10:35:06.477+0000][gc,phases   ] GC(73)   Evacuate Collection Set: 13.9ms
[2026-01-28T10:35:06.477+0000][gc,phases   ] GC(73)   Post Evacuate Collection Set: 1.0ms
[2026-01-28T10:35:06.477+0000][gc,phases   ] GC(73)   Other: 0.3ms
[2026-01-28T10:35:06.477+0000][gc,heap     ] GC(73) Eden regions: 606->0(606)
[2026-01-28T10:35:06.477+0000][gc,heap     ] GC(73) Survivor regions: 8->8(77)
[2026-01-28T10:35:06.477+0000][gc,heap     ] GC(73) Old regions: 43->43
[2026-01-28T10:35:06.477+0000][gc,heap     ] GC(73) Humongous regions: 10->10
[2026-01-28T10:35:06.477+0000][gc,metaspace] GC(73) Metaspace: 9108K(9408K)->9108K(9408K) NonClass: 8322K(8448K)->8322K(8448K) Class: 786K(960K)->786K(960K)
[2026-01-28T10:35:06.477+0000][gc          ] GC(73) Pause Young (Normal) (G1 Evacuation Pause) 666M->60M(1024M) 17.779ms
[2026-01-28T10:35:06.477+0000][gc,cpu      ] GC(73) User=0.15s Sys=0.00s Real=0.02s
[2026-01-28T10:35:12.722+0000][gc,start    ] GC(74) Pause Young (Normal) (G1 Evacuation Pause)
[2026-01-28T10:35:12.723+0000][gc,task     ] GC(74) Using 10 workers of 10 for evacuation
[2026-01-28T10:35:12.740+0000][gc,phases   ] GC(74)   Pre Evacuate Collection Set: 1.3ms
[2026-01-28T10:35:12.740+0000][gc,phases   ] GC(74)   Merge Heap Roots: 0.4ms
[2026-01-28T10:35:12.740+0000][gc,phases   ] GC(74)   Evacuate Collection Set: 14.1ms
[2026-01-28T10:35:12.740+0000][gc,phases   ] GC(74)   Post Evacuate Collection Set: 1.1ms
[2026-01-28T10:35:12.740+0000][gc,phases   ] GC(74)   Other: 0.3ms
[2026-01-28T10:35:12.740+0000][gc,heap     ] GC(74) Eden regions: 606->0(606)
[2026-01-28T10:35:12.740+0000][gc,heap     ] GC(74) Survivor regions: 8->8(77)
[2026-01-28T10:35:12.740+0000][gc,heap     ] GC(74) Old regions: 43->44
[2026-01-28T10:35:12.740+0000][gc,heap     ] GC(74) Humongous regions: 10->10
[2026-01-28T10:35:12.740+0000][gc,metaspace] GC(74) Metaspace: 9108K(9408K)->9108K(9408K) NonClass: 8322K(8448K)->8322K(8448K) Class: 786K(960K)->786K(960K)
[2026-01-28T10:35:12.740+0000][gc          ] GC(74) Pause Young (Normal) (G1 Evacuation Pause) 666M->61M(1024M) 18.702ms
[2026-01-28T10:35:12.741+0000][gc,cpu      ] GC(74) User=0.13s Sys=0.02s Real=0.02s
[2026-01-28T10:35:19.140+0000][gc,start    ] GC(75) Pause Young (Normal) (G1 Evacuation Pause)
[2026-01-28T10:35:19.141+0000][gc,task     ] GC(75) Using 10 workers of 10 for evacuation
[2026-01-28T10:35:19.157+0000][gc,phases   ] GC(75)   Pre Evacuate Collection Set: 1.0ms
[2026-01-28T10:35:19.158+0000][gc,phases   ] GC(75)   Merge Heap Roots: 0.4ms
[2026-01-28T10:35:19.158+0000][gc,phases   ] GC(75)   Evacuate Collection Set: 13.5ms
[2026-01-28T10:35:19.158+0000][gc,phases   ] GC(75)   Post Evacuate Collection Set: 1.6ms
[2026-01-28T10:35:19.158+0000][gc,phases   ] GC(75)   Other: 0.2ms
[2026-01-28T10:35:19.158+0000][gc,heap     ] GC(75) Eden regions: 606->0(606)
[2026-01-28T10:35:19.158+0000][gc,heap     ] GC(75) Survivor regions: 8->8(77)
[2026-01-28T10:35:19.158+0000][gc,heap     ] GC(75) Old regions: 44->45
[2026-01-28T10:35:19.158+0000][gc,heap     ] GC(75) Humongous regions: 10->10
[2026-01-28T10:35:19.158+0000][gc,metaspace] GC(75) Metaspace: 9110K(9408K)->9110K(9408K) NonClass: 8324K(8448K)->8324K(8448K) Class: 786K(960K)->786K(960K)
[2026-01-28T10:35:19.158+0000][gc          ] GC(75) Pause Young (Normal) (G1 Evacuation Pause) 667M->61M(1024M) 17.525ms
[2026-01-28T10:35:19.158+0000][gc,cpu      ] GC(75) User=0.13s Sys=0.00s Real=0.01s
[2026-01-28T10:35:25.389+0000][gc,start    ] GC(76) Pause Young (Normal) (G1 Evacuation Pause)
[2026-01-28T10:35:25.390+0000][gc,task     ] GC(76) Using 10 workers of 10 for evacuation
[2026-01-28T10:35:25.409+0000][gc,phases   ] GC(76)   Pre Evacuate Collection Set: 1.1ms
[2026-01-28T10:35:25.409+0000][gc,phases   ] GC(76)   Merge Heap Roots: 0.3ms
[2026-01-28T10:35:25.409+0000][gc,phases   ] GC(76)   Evacuate Collection Set: 15.4ms
[2026-01-28T10:35:25.409+0000][gc,phases   ] GC(76)   Post Evacuate Collection Set: 1.9ms
[2026-01-28T10:35:25.409+0000][gc,phases   ] GC(76)   Other: 0.7ms
[2026-01-28T10:35:25.409+0000][gc,heap     ] GC(76) Eden regions: 606->0(606)
[2026-01-28T10:35:25.409+0000][gc,heap     ] GC(76) Survivor regions: 8->8(77)
[2026-01-28T10:35:25.410+0000][gc,heap     ] GC(76) Old regions: 45->45
[2026-01-28T10:35:25.410+0000][gc,heap     ] GC(76) Humongous regions: 10->10
[2026-01-28T10:35:25.410+0000][gc,metaspace] GC(76) Metaspace: 9112K(9408K)->9112K(9408K) NonClass: 8326K(8448K)->8326K(8448K) Class: 786K(960K)->786K(960K)
[2026-01-28T10:35:25.410+0000][gc          ] GC(76) Pause Young (Normal) (G1 Evacuation Pause) 667M->61M(1024M) 21.087ms
[2026-01-28T10:35:25.410+0000][gc,cpu      ] GC(76) User=0.15s Sys=0.00s Real=0.02s
[2026-01-28T10:35:31.663+0000][gc,start    ] GC(77) Pause Young (Normal) (G1 Evacuation Pause)
[2026-01-28T10:35:31.663+0000][gc,task     ] GC(77) Using 10 workers of 10 for evacuation
[2026-01-28T10:35:31.685+0000][gc,phases   ] GC(77)   Pre Evacuate Collection Set: 1.2ms
[2026-01-28T10:35:31.685+0000][gc,phases   ] GC(77)   Merge Heap Roots: 0.8ms
[2026-01-28T10:35:31.685+0000][gc,phases   ] GC(77)   Evacuate Collection Set: 17.6ms
[2026-01-28T10:35:31.685+0000][gc,phases   ] GC(77)   Post Evacuate Collection Set: 1.5ms
[2026-01-28T10:35:31.685+0000][gc,phases   ] GC(77)   Other: 0.3ms
[2026-01-28T10:35:31.685+0000][gc,heap     ] GC(77) Eden regions: 606->0(607)
[2026-01-28T10:35:31.685+0000][gc,heap     ] GC(77) Survivor regions: 8->7(77)
[2026-01-28T10:35:31.685+0000][gc,heap     ] GC(77) Old regions: 45->46
[2026-01-28T10:35:31.685+0000][gc,heap     ] GC(77) Humongous regions: 10->10
[2026-01-28T10:35:31.685+0000][gc,metaspace] GC(77) Metaspace: 9112K(9408K)->9112K(9408K) NonClass: 8326K(8448K)->8326K(8448K) Class: 786K(960K)->786K(960K)
[2026-01-28T10:35:31.685+0000][gc          ] GC(77) Pause Young (Normal) (G1 Evacuation Pause) 667M->62M(1024M) 22.334ms
[2026-01-28T10:35:31.685+0000][gc,cpu      ] GC(77) User=0.18s Sys=0.00s Real=0.02s
[2026-01-28T10:35:38.117+0000][gc,start    ] GC(78) Pause Young (Normal) (G1 Evacuation Pause)
[2026-01-28T10:35:38.118+0000][gc,task     ] GC(78) Using 10 workers of 10 for evacuation
[2026-01-28T10:35:38.131+0000][gc,phases   ] GC(78)   Pre Evacuate Collection Set: 1.1ms
[2026-01-28T10:35:38.131+0000][gc,phases   ] GC(78)   Merge Heap Roots: 0.4ms
[2026-01-28T10:35:38.131+0000][gc,phases   ] GC(78)   Evacuate Collection Set: 10.6ms
[2026-01-28T10:35:38.132+0000][gc,phases   ] GC(78)   Post Evacuate Collection Set: 1.2ms
[2026-01-28T10:35:38.132+0000][gc,phases   ] GC(78)   Other: 0.3ms
[2026-01-28T10:35:38.132+0000][gc,heap     ] GC(78) Eden regions: 607->0(607)
[2026-01-28T10:35:38.132+0000][gc,heap     ] GC(78) Survivor regions: 7->7(77)
[2026-01-28T10:35:38.132+0000][gc,heap     ] GC(78) Old regions: 46->46
[2026-01-28T10:35:38.132+0000][gc,heap     ] GC(78) Humongous regions: 10->10
[2026-01-28T10:35:38.132+0000][gc,metaspace] GC(78) Metaspace: 9112K(9408K)->9112K(9408K) NonClass: 8326K(8448K)->8326K(8448K) Class: 786K(960K)->786K(960K)
[2026-01-28T10:35:38.132+0000][gc          ] GC(78) Pause Young (Normal) (G1 Evacuation Pause) 669M->62M(1024M) 14.625ms
[2026-01-28T10:35:38.132+0000][gc,cpu      ] GC(78) User=0.10s Sys=0.00s Real=0.02s
[2026-01-28T10:35:44.740+0000][gc,start    ] GC(79) Pause Young (Normal) (G1 Evacuation Pause)
[2026-01-28T10:35:44.741+0000][gc,task     ] GC(79) Using 10 workers of 10 for evacuation
[2026-01-28T10:35:44.751+0000][gc,phases   ] GC(79)   Pre Evacuate Collection Set: 1.0ms
[2026-01-28T10:35:44.751+0000][gc,phases   ] GC(79)   Merge Heap Roots: 0.3ms
[2026-01-28T10:35:44.751+0000][gc,phases   ] GC(79)   Evacuate Collection Set: 7.7ms
[2026-01-28T10:35:44.751+0000][gc,phases   ] GC(79)   Post Evacuate Collection Set: 0.9ms
[2026-01-28T10:35:44.751+0000][gc,phases   ] GC(79)   Other: 0.2ms
[2026-01-28T10:35:44.751+0000][gc,heap     ] GC(79) Eden regions: 607->0(607)
[2026-01-28T10:35:44.751+0000][gc,heap     ] GC(79) Survivor regions: 7->7(77)
[2026-01-28T10:35:44.751+0000][gc,heap     ] GC(79) Old regions: 46->47
[2026-01-28T10:35:44.751+0000][gc,heap     ] GC(79) Humongous regions: 10->10
[2026-01-28T10:35:44.751+0000][gc,metaspace] GC(79) Metaspace: 9113K(9408K)->9113K(9408K) NonClass: 8327K(8448K)->8327K(8448K) Class: 786K(960K)->786K(960K)
[2026-01-28T10:35:44.751+0000][gc          ] GC(79) Pause Young (Normal) (G1 Evacuation Pause) 669M->62M(1024M) 11.035ms
[2026-01-28T10:35:44.751+0000][gc,cpu      ] GC(79) User=0.08s Sys=0.00s Real=0.02s
[2026-01-28T10:35:51.787+0000][gc,start    ] GC(80) Pause Young (Normal) (G1 Evacuation Pause)
[2026-01-28T10:35:51.788+0000][gc,task     ] GC(80) Using 10 workers of 10 for evacuation
[2026-01-28T10:35:51.802+0000][gc,phases   ] GC(80)   Pre Evacuate Collection Set: 0.8ms
[2026-01-28T10:35:51.802+0000][gc,phases   ] GC(80)   Merge Heap Roots: 0.3ms
[2026-01-28T10:35:51.802+0000][gc,phases   ] GC(80)   Evacuate Collection Set: 10.9ms
[2026-01-28T10:35:51.802+0000][gc,phases   ] GC(80)   Post Evacuate Collection Set: 1.2ms
[2026-01-28T10:35:51.802+0000][gc,phases   ] GC(80)   Other: 0.2ms
[2026-01-28T10:35:51.802+0000][gc,heap     ] GC(80) Eden regions: 607->0(607)
[2026-01-28T10:35:51.802+0000][gc,heap     ] GC(80) Survivor regions: 7->7(77)
[2026-01-28T10:35:51.802+0000][gc,heap     ] GC(80) Old regions: 47->47
[2026-01-28T10:35:51.802+0000][gc,heap     ] GC(80) Humongous regions: 10->10
[2026-01-28T10:35:51.802+0000][gc,metaspace] GC(80) Metaspace: 9118K(9408K)->9118K(9408K) NonClass: 8332K(8448K)->8332K(8448K) Class: 786K(960K)->786K(960K)
[2026-01-28T10:35:51.802+0000][gc          ] GC(80) Pause Young (Normal) (G1 Evacuation Pause) 669M->63M(1024M) 14.989ms
[2026-01-28T10:35:51.802+0000][gc,cpu      ] GC(80) User=0.11s Sys=0.00s Real=0.02s
[2026-01-28T10:35:58.490+0000][gc,start    ] GC(81) Pause Young (Normal) (G1 Evacuation Pause)
[2026-01-28T10:35:58.491+0000][gc,task     ] GC(81) Using 10 workers of 10 for evacuation
[2026-01-28T10:35:58.517+0000][gc,phases   ] GC(81)   Pre Evacuate Collection Set: 1.8ms
[2026-01-28T10:35:58.518+0000][gc,phases   ] GC(81)   Merge Heap Roots: 0.3ms
[2026-01-28T10:35:58.518+0000][gc,phases   ] GC(81)   Evacuate Collection Set: 22.0ms
[2026-01-28T10:35:58.518+0000][gc,phases   ] GC(81)   Post Evacuate Collection Set: 1.9ms
[2026-01-28T10:35:58.518+0000][gc,phases   ] GC(81)   Other: 0.4ms
[2026-01-28T10:35:58.518+0000][gc,heap     ] GC(81) Eden regions: 607->0(607)
[2026-01-28T10:35:58.518+0000][gc,heap     ] GC(81) Survivor regions: 7->7(77)
[2026-01-28T10:35:58.519+0000][gc,heap     ] GC(81) Old regions: 47->48
[2026-01-28T10:35:58.519+0000][gc,heap     ] GC(81) Humongous regions: 10->10
[2026-01-28T10:35:58.519+0000][gc,metaspace] GC(81) Metaspace: 9119K(9408K)->9119K(9408K) NonClass: 8333K(8448K)->8333K(8448K) Class: 786K(960K)->786K(960K)
[2026-01-28T10:35:58.519+0000][gc          ] GC(81) Pause Young (Normal) (G1 Evacuation Pause) 670M->63M(1024M) 29.117ms
[2026-01-28T10:35:58.519+0000][gc,cpu      ] GC(81) User=0.13s Sys=0.00s Real=0.03s
[2026-01-28T10:36:13.878+0000][gc,start    ] GC(82) Pause Young (Normal) (G1 Evacuation Pause)
[2026-01-28T10:36:13.880+0000][gc,task     ] GC(82) Using 10 workers of 10 for evacuation
[2026-01-28T10:36:13.894+0000][gc,phases   ] GC(82)   Pre Evacuate Collection Set: 2.4ms
[2026-01-28T10:36:13.895+0000][gc,phases   ] GC(82)   Merge Heap Roots: 0.6ms
[2026-01-28T10:36:13.895+0000][gc,phases   ] GC(82)   Evacuate Collection Set: 9.6ms
[2026-01-28T10:36:13.895+0000][gc,phases   ] GC(82)   Post Evacuate Collection Set: 1.2ms
[2026-01-28T10:36:13.895+0000][gc,phases   ] GC(82)   Other: 0.6ms
[2026-01-28T10:36:13.895+0000][gc,heap     ] GC(82) Eden regions: 607->0(607)
[2026-01-28T10:36:13.895+0000][gc,heap     ] GC(82) Survivor regions: 7->7(77)
[2026-01-28T10:36:13.895+0000][gc,heap     ] GC(82) Old regions: 48->48
[2026-01-28T10:36:13.895+0000][gc,heap     ] GC(82) Humongous regions: 10->10
[2026-01-28T10:36:13.895+0000][gc,metaspace] GC(82) Metaspace: 9123K(9408K)->9123K(9408K) NonClass: 8337K(8448K)->8337K(8448K) Class: 786K(960K)->786K(960K)
[2026-01-28T10:36:13.896+0000][gc          ] GC(82) Pause Young (Normal) (G1 Evacuation Pause) 670M->63M(1024M) 17.251ms
[2026-01-28T10:36:13.896+0000][gc,cpu      ] GC(82) User=0.11s Sys=0.00s Real=0.02s
[2026-01-28T10:36:25.809+0000][gc,start    ] GC(83) Pause Young (Normal) (G1 Evacuation Pause)
[2026-01-28T10:36:25.810+0000][gc,task     ] GC(83) Using 10 workers of 10 for evacuation
[2026-01-28T10:36:25.823+0000][gc,phases   ] GC(83)   Pre Evacuate Collection Set: 0.6ms
[2026-01-28T10:36:25.823+0000][gc,phases   ] GC(83)   Merge Heap Roots: 0.3ms
[2026-01-28T10:36:25.823+0000][gc,phases   ] GC(83)   Evacuate Collection Set: 10.6ms
[2026-01-28T10:36:25.823+0000][gc,phases   ] GC(83)   Post Evacuate Collection Set: 0.9ms
[2026-01-28T10:36:25.823+0000][gc,phases   ] GC(83)   Other: 0.2ms
[2026-01-28T10:36:25.823+0000][gc,heap     ] GC(83) Eden regions: 607->0(607)
[2026-01-28T10:36:25.823+0000][gc,heap     ] GC(83) Survivor regions: 7->7(77)
[2026-01-28T10:36:25.823+0000][gc,heap     ] GC(83) Old regions: 48->49
[2026-01-28T10:36:25.823+0000][gc,heap     ] GC(83) Humongous regions: 10->10
[2026-01-28T10:36:25.823+0000][gc,metaspace] GC(83) Metaspace: 9124K(9408K)->9124K(9408K) NonClass: 8338K(8448K)->8338K(8448K) Class: 786K(960K)->786K(960K)
[2026-01-28T10:36:25.823+0000][gc          ] GC(83) Pause Young (Normal) (G1 Evacuation Pause) 670M->64M(1024M) 14.350ms
[2026-01-28T10:36:25.824+0000][gc,cpu      ] GC(83) User=0.11s Sys=0.00s Real=0.02s
[2026-01-28T10:36:32.075+0000][gc,start    ] GC(84) Pause Young (Normal) (G1 Evacuation Pause)
[2026-01-28T10:36:32.076+0000][gc,task     ] GC(84) Using 10 workers of 10 for evacuation
[2026-01-28T10:36:32.095+0000][gc,phases   ] GC(84)   Pre Evacuate Collection Set: 3.2ms
[2026-01-28T10:36:32.095+0000][gc,phases   ] GC(84)   Merge Heap Roots: 0.7ms
[2026-01-28T10:36:32.095+0000][gc,phases   ] GC(84)   Evacuate Collection Set: 13.6ms
[2026-01-28T10:36:32.095+0000][gc,phases   ] GC(84)   Post Evacuate Collection Set: 0.9ms
[2026-01-28T10:36:32.095+0000][gc,phases   ] GC(84)   Other: 0.6ms
[2026-01-28T10:36:32.095+0000][gc,heap     ] GC(84) Eden regions: 607->0(607)
[2026-01-28T10:36:32.095+0000][gc,heap     ] GC(84) Survivor regions: 7->7(77)
[2026-01-28T10:36:32.095+0000][gc,heap     ] GC(84) Old regions: 49->49
[2026-01-28T10:36:32.095+0000][gc,heap     ] GC(84) Humongous regions: 10->10
[2026-01-28T10:36:32.095+0000][gc,metaspace] GC(84) Metaspace: 9125K(9408K)->9125K(9408K) NonClass: 8339K(8448K)->8339K(8448K) Class: 786K(960K)->786K(960K)
[2026-01-28T10:36:32.095+0000][gc          ] GC(84) Pause Young (Normal) (G1 Evacuation Pause) 671M->64M(1024M) 20.639ms
[2026-01-28T10:36:32.096+0000][gc,cpu      ] GC(84) User=0.15s Sys=0.00s Real=0.02s
[2026-01-28T10:36:37.474+0000][gc,start    ] GC(85) Pause Young (Normal) (G1 Evacuation Pause)
[2026-01-28T10:36:37.474+0000][gc,task     ] GC(85) Using 10 workers of 10 for evacuation
[2026-01-28T10:36:37.483+0000][gc,phases   ] GC(85)   Pre Evacuate Collection Set: 0.7ms
[2026-01-28T10:36:37.483+0000][gc,phases   ] GC(85)   Merge Heap Roots: 0.2ms
[2026-01-28T10:36:37.483+0000][gc,phases   ] GC(85)   Evacuate Collection Set: 6.8ms
[2026-01-28T10:36:37.483+0000][gc,phases   ] GC(85)   Post Evacuate Collection Set: 0.9ms
[2026-01-28T10:36:37.483+0000][gc,phases   ] GC(85)   Other: 0.2ms
[2026-01-28T10:36:37.484+0000][gc,heap     ] GC(85) Eden regions: 607->0(605)
[2026-01-28T10:36:37.484+0000][gc,heap     ] GC(85) Survivor regions: 7->9(77)
[2026-01-28T10:36:37.484+0000][gc,heap     ] GC(85) Old regions: 49->50
[2026-01-28T10:36:37.484+0000][gc,heap     ] GC(85) Humongous regions: 10->10
[2026-01-28T10:36:37.484+0000][gc,metaspace] GC(85) Metaspace: 11654K(12032K)->11654K(12032K) NonClass: 10562K(10752K)->10562K(10752K) Class: 1092K(1280K)->1092K(1280K)
[2026-01-28T10:36:37.484+0000][gc          ] GC(85) Pause Young (Normal) (G1 Evacuation Pause) 671M->67M(1024M) 9.902ms
[2026-01-28T10:36:37.484+0000][gc,cpu      ] GC(85) User=0.06s Sys=0.00s Real=0.01s
[2026-01-28T10:36:43.037+0000][gc,start    ] GC(86) Pause Young (Normal) (G1 Evacuation Pause)
[2026-01-28T10:36:43.038+0000][gc,task     ] GC(86) Using 10 workers of 10 for evacuation
[2026-01-28T10:36:43.048+0000][gc,phases   ] GC(86)   Pre Evacuate Collection Set: 0.7ms
[2026-01-28T10:36:43.049+0000][gc,phases   ] GC(86)   Merge Heap Roots: 0.2ms
[2026-01-28T10:36:43.049+0000][gc,phases   ] GC(86)   Evacuate Collection Set: 7.4ms
[2026-01-28T10:36:43.049+0000][gc,phases   ] GC(86)   Post Evacuate Collection Set: 1.2ms
[2026-01-28T10:36:43.049+0000][gc,phases   ] GC(86)   Other: 0.3ms
[2026-01-28T10:36:43.049+0000][gc,heap     ] GC(86) Eden regions: 605->0(605)
[2026-01-28T10:36:43.049+0000][gc,heap     ] GC(86) Survivor regions: 9->9(77)
[2026-01-28T10:36:43.049+0000][gc,heap     ] GC(86) Old regions: 50->50
[2026-01-28T10:36:43.049+0000][gc,heap     ] GC(86) Humongous regions: 10->10
[2026-01-28T10:36:43.049+0000][gc,metaspace] GC(86) Metaspace: 11687K(12032K)->11687K(12032K) NonClass: 10595K(10752K)->10595K(10752K) Class: 1092K(1280K)->1092K(1280K)
[2026-01-28T10:36:43.049+0000][gc          ] GC(86) Pause Young (Normal) (G1 Evacuation Pause) 672M->68M(1024M) 12.629ms
[2026-01-28T10:36:43.050+0000][gc,cpu      ] GC(86) User=0.08s Sys=0.00s Real=0.01s
[2026-01-28T10:36:48.638+0000][gc,start    ] GC(87) Pause Young (Normal) (G1 Evacuation Pause)
[2026-01-28T10:36:48.639+0000][gc,task     ] GC(87) Using 10 workers of 10 for evacuation
[2026-01-28T10:36:48.654+0000][gc,phases   ] GC(87)   Pre Evacuate Collection Set: 0.9ms
[2026-01-28T10:36:48.654+0000][gc,phases   ] GC(87)   Merge Heap Roots: 0.3ms
[2026-01-28T10:36:48.654+0000][gc,phases   ] GC(87)   Evacuate Collection Set: 13.1ms
[2026-01-28T10:36:48.654+0000][gc,phases   ] GC(87)   Post Evacuate Collection Set: 0.9ms
[2026-01-28T10:36:48.654+0000][gc,phases   ] GC(87)   Other: 0.2ms
[2026-01-28T10:36:48.654+0000][gc,heap     ] GC(87) Eden regions: 605->0(606)
[2026-01-28T10:36:48.655+0000][gc,heap     ] GC(87) Survivor regions: 9->8(77)
[2026-01-28T10:36:48.655+0000][gc,heap     ] GC(87) Old regions: 50->51
[2026-01-28T10:36:48.655+0000][gc,heap     ] GC(87) Humongous regions: 10->10
[2026-01-28T10:36:48.655+0000][gc,metaspace] GC(87) Metaspace: 11766K(12096K)->11766K(12096K) NonClass: 10673K(10816K)->10673K(10816K) Class: 1092K(1280K)->1092K(1280K)
[2026-01-28T10:36:48.655+0000][gc          ] GC(87) Pause Young (Normal) (G1 Evacuation Pause) 673M->68M(1024M) 17.123ms
[2026-01-28T10:36:48.655+0000][gc,cpu      ] GC(87) User=0.11s Sys=0.00s Real=0.02s
[2026-01-28T10:36:54.022+0000][gc,start    ] GC(88) Pause Young (Normal) (G1 Evacuation Pause)
[2026-01-28T10:36:54.022+0000][gc,task     ] GC(88) Using 10 workers of 10 for evacuation
[2026-01-28T10:36:54.034+0000][gc,phases   ] GC(88)   Pre Evacuate Collection Set: 2.9ms
[2026-01-28T10:36:54.034+0000][gc,phases   ] GC(88)   Merge Heap Roots: 0.7ms
[2026-01-28T10:36:54.034+0000][gc,phases   ] GC(88)   Evacuate Collection Set: 6.8ms
[2026-01-28T10:36:54.034+0000][gc,phases   ] GC(88)   Post Evacuate Collection Set: 0.8ms
[2026-01-28T10:36:54.034+0000][gc,phases   ] GC(88)   Other: 0.2ms
[2026-01-28T10:36:54.034+0000][gc,heap     ] GC(88) Eden regions: 606->0(606)
[2026-01-28T10:36:54.034+0000][gc,heap     ] GC(88) Survivor regions: 8->8(77)
[2026-01-28T10:36:54.034+0000][gc,heap     ] GC(88) Old regions: 51->51
[2026-01-28T10:36:54.034+0000][gc,heap     ] GC(88) Humongous regions: 10->10
[2026-01-28T10:36:54.034+0000][gc,metaspace] GC(88) Metaspace: 11814K(12160K)->11814K(12160K) NonClass: 10720K(10880K)->10720K(10880K) Class: 1093K(1280K)->1093K(1280K)
[2026-01-28T10:36:54.034+0000][gc          ] GC(88) Pause Young (Normal) (G1 Evacuation Pause) 674M->68M(1024M) 12.335ms
[2026-01-28T10:36:54.034+0000][gc,cpu      ] GC(88) User=0.10s Sys=0.00s Real=0.01s
[2026-01-28T10:36:59.724+0000][gc,start    ] GC(89) Pause Young (Normal) (G1 Evacuation Pause)
[2026-01-28T10:36:59.725+0000][gc,task     ] GC(89) Using 10 workers of 10 for evacuation
[2026-01-28T10:36:59.736+0000][gc,phases   ] GC(89)   Pre Evacuate Collection Set: 0.9ms
[2026-01-28T10:36:59.736+0000][gc,phases   ] GC(89)   Merge Heap Roots: 0.3ms
[2026-01-28T10:36:59.736+0000][gc,phases   ] GC(89)   Evacuate Collection Set: 8.6ms
[2026-01-28T10:36:59.736+0000][gc,phases   ] GC(89)   Post Evacuate Collection Set: 1.0ms
[2026-01-28T10:36:59.736+0000][gc,phases   ] GC(89)   Other: 0.2ms
[2026-01-28T10:36:59.736+0000][gc,heap     ] GC(89) Eden regions: 606->0(606)
[2026-01-28T10:36:59.736+0000][gc,heap     ] GC(89) Survivor regions: 8->8(77)
[2026-01-28T10:36:59.736+0000][gc,heap     ] GC(89) Old regions: 51->52
[2026-01-28T10:36:59.736+0000][gc,heap     ] GC(89) Humongous regions: 10->10
[2026-01-28T10:36:59.736+0000][gc,metaspace] GC(89) Metaspace: 11816K(12160K)->11816K(12160K) NonClass: 10722K(10880K)->10722K(10880K) Class: 1093K(1280K)->1093K(1280K)
[2026-01-28T10:36:59.736+0000][gc          ] GC(89) Pause Young (Normal) (G1 Evacuation Pause) 674M->69M(1024M) 11.761ms
[2026-01-28T10:36:59.736+0000][gc,cpu      ] GC(89) User=0.08s Sys=0.00s Real=0.01s
[2026-01-28T10:37:04.289+0000][gc,start    ] GC(90) Pause Young (Normal) (G1 Evacuation Pause)
[2026-01-28T10:37:04.289+0000][gc,task     ] GC(90) Using 10 workers of 10 for evacuation
[2026-01-28T10:37:04.293+0000][gc,phases   ] GC(90)   Pre Evacuate Collection Set: 0.3ms
[2026-01-28T10:37:04.293+0000][gc,phases   ] GC(90)   Merge Heap Roots: 0.1ms
[2026-01-28T10:37:04.293+0000][gc,phases   ] GC(90)   Evacuate Collection Set: 2.7ms
[2026-01-28T10:37:04.293+0000][gc,phases   ] GC(90)   Post Evacuate Collection Set: 0.5ms
[2026-01-28T10:37:04.293+0000][gc,phases   ] GC(90)   Other: 0.1ms
[2026-01-28T10:37:04.293+0000][gc,heap     ] GC(90) Eden regions: 606->0(606)
[2026-01-28T10:37:04.293+0000][gc,heap     ] GC(90) Survivor regions: 8->8(77)
[2026-01-28T10:37:04.293+0000][gc,heap     ] GC(90) Old regions: 52->52
[2026-01-28T10:37:04.293+0000][gc,heap     ] GC(90) Humongous regions: 10->10
[2026-01-28T10:37:04.293+0000][gc,metaspace] GC(90) Metaspace: 11859K(12160K)->11859K(12160K) NonClass: 10762K(10880K)->10762K(10880K) Class: 1097K(1280K)->1097K(1280K)
[2026-01-28T10:37:04.293+0000][gc          ] GC(90) Pause Young (Normal) (G1 Evacuation Pause) 675M->69M(1024M) 4.288ms
[2026-01-28T10:37:04.293+0000][gc,cpu      ] GC(90) User=0.03s Sys=0.00s Real=0.01s
[2026-01-28T10:37:10.154+0000][gc,start    ] GC(91) Pause Young (Normal) (G1 Evacuation Pause)
[2026-01-28T10:37:10.155+0000][gc,task     ] GC(91) Using 10 workers of 10 for evacuation
[2026-01-28T10:37:10.165+0000][gc,phases   ] GC(91)   Pre Evacuate Collection Set: 0.8ms
[2026-01-28T10:37:10.165+0000][gc,phases   ] GC(91)   Merge Heap Roots: 0.3ms
[2026-01-28T10:37:10.165+0000][gc,phases   ] GC(91)   Evacuate Collection Set: 7.8ms
[2026-01-28T10:37:10.165+0000][gc,phases   ] GC(91)   Post Evacuate Collection Set: 1.1ms
[2026-01-28T10:37:10.165+0000][gc,phases   ] GC(91)   Other: 0.2ms
[2026-01-28T10:37:10.165+0000][gc,heap     ] GC(91) Eden regions: 606->0(606)
[2026-01-28T10:37:10.165+0000][gc,heap     ] GC(91) Survivor regions: 8->8(77)
[2026-01-28T10:37:10.166+0000][gc,heap     ] GC(91) Old regions: 52->53
[2026-01-28T10:37:10.166+0000][gc,heap     ] GC(91) Humongous regions: 10->10
[2026-01-28T10:37:10.166+0000][gc,metaspace] GC(91) Metaspace: 11859K(12160K)->11859K(12160K) NonClass: 10762K(10880K)->10762K(10880K) Class: 1097K(1280K)->1097K(1280K)
[2026-01-28T10:37:10.166+0000][gc          ] GC(91) Pause Young (Normal) (G1 Evacuation Pause) 675M->69M(1024M) 11.887ms
[2026-01-28T10:37:10.166+0000][gc,cpu      ] GC(91) User=0.08s Sys=0.00s Real=0.01s
[2026-01-28T10:37:14.986+0000][gc,start    ] GC(92) Pause Young (Normal) (G1 Evacuation Pause)
[2026-01-28T10:37:14.986+0000][gc,task     ] GC(92) Using 10 workers of 10 for evacuation
[2026-01-28T10:37:14.992+0000][gc,phases   ] GC(92)   Pre Evacuate Collection Set: 0.6ms
[2026-01-28T10:37:14.992+0000][gc,phases   ] GC(92)   Merge Heap Roots: 0.3ms
[2026-01-28T10:37:14.993+0000][gc,phases   ] GC(92)   Evacuate Collection Set: 4.7ms
[2026-01-28T10:37:14.993+0000][gc,phases   ] GC(92)   Post Evacuate Collection Set: 0.6ms
[2026-01-28T10:37:14.993+0000][gc,phases   ] GC(92)   Other: 0.1ms
[2026-01-28T10:37:14.993+0000][gc,heap     ] GC(92) Eden regions: 606->0(606)
[2026-01-28T10:37:14.993+0000][gc,heap     ] GC(92) Survivor regions: 8->8(77)
[2026-01-28T10:37:14.993+0000][gc,heap     ] GC(92) Old regions: 53->53
[2026-01-28T10:37:14.993+0000][gc,heap     ] GC(92) Humongous regions: 10->10
[2026-01-28T10:37:14.993+0000][gc,metaspace] GC(92) Metaspace: 11884K(12224K)->11884K(12224K) NonClass: 10785K(10944K)->10785K(10944K) Class: 1098K(1280K)->1098K(1280K)
[2026-01-28T10:37:14.993+0000][gc          ] GC(92) Pause Young (Normal) (G1 Evacuation Pause) 675M->69M(1024M) 7.325ms
[2026-01-28T10:37:14.993+0000][gc,cpu      ] GC(92) User=0.04s Sys=0.00s Real=0.01s
[2026-01-28T10:37:20.508+0000][gc,start    ] GC(93) Pause Young (Normal) (G1 Evacuation Pause)
[2026-01-28T10:37:20.509+0000][gc,task     ] GC(93) Using 10 workers of 10 for evacuation
[2026-01-28T10:37:20.526+0000][gc,phases   ] GC(93)   Pre Evacuate Collection Set: 1.5ms
[2026-01-28T10:37:20.527+0000][gc,phases   ] GC(93)   Merge Heap Roots: 1.5ms
[2026-01-28T10:37:20.527+0000][gc,phases   ] GC(93)   Evacuate Collection Set: 12.9ms
[2026-01-28T10:37:20.527+0000][gc,phases   ] GC(93)   Post Evacuate Collection Set: 1.0ms
[2026-01-28T10:37:20.527+0000][gc,phases   ] GC(93)   Other: 0.3ms
[2026-01-28T10:37:20.527+0000][gc,heap     ] GC(93) Eden regions: 606->0(606)
[2026-01-28T10:37:20.527+0000][gc,heap     ] GC(93) Survivor regions: 8->8(77)
[2026-01-28T10:37:20.527+0000][gc,heap     ] GC(93) Old regions: 53->53
[2026-01-28T10:37:20.527+0000][gc,heap     ] GC(93) Humongous regions: 10->10
[2026-01-28T10:37:20.527+0000][gc,metaspace] GC(93) Metaspace: 11886K(12224K)->11886K(12224K) NonClass: 10788K(10944K)->10788K(10944K) Class: 1098K(1280K)->1098K(1280K)
[2026-01-28T10:37:20.527+0000][gc          ] GC(93) Pause Young (Normal) (G1 Evacuation Pause) 675M->69M(1024M) 19.207ms
[2026-01-28T10:37:20.527+0000][gc,cpu      ] GC(93) User=0.12s Sys=0.01s Real=0.02s
[2026-01-28T10:37:29.668+0000][gc,start    ] GC(94) Pause Young (Normal) (G1 Evacuation Pause)
[2026-01-28T10:37:29.669+0000][gc,task     ] GC(94) Using 10 workers of 10 for evacuation
[2026-01-28T10:37:29.676+0000][gc,phases   ] GC(94)   Pre Evacuate Collection Set: 0.7ms
[2026-01-28T10:37:29.676+0000][gc,phases   ] GC(94)   Merge Heap Roots: 0.3ms
[2026-01-28T10:37:29.676+0000][gc,phases   ] GC(94)   Evacuate Collection Set: 4.8ms
[2026-01-28T10:37:29.676+0000][gc,phases   ] GC(94)   Post Evacuate Collection Set: 0.9ms
[2026-01-28T10:37:29.676+0000][gc,phases   ] GC(94)   Other: 0.2ms
[2026-01-28T10:37:29.676+0000][gc,heap     ] GC(94) Eden regions: 606->0(606)
[2026-01-28T10:37:29.676+0000][gc,heap     ] GC(94) Survivor regions: 8->8(77)
[2026-01-28T10:37:29.676+0000][gc,heap     ] GC(94) Old regions: 53->54
[2026-01-28T10:37:29.676+0000][gc,heap     ] GC(94) Humongous regions: 10->10
[2026-01-28T10:37:29.676+0000][gc,metaspace] GC(94) Metaspace: 11920K(12288K)->11920K(12288K) NonClass: 10822K(11008K)->10822K(11008K) Class: 1098K(1280K)->1098K(1280K)
[2026-01-28T10:37:29.677+0000][gc          ] GC(94) Pause Young (Normal) (G1 Evacuation Pause) 675M->70M(1024M) 8.520ms
[2026-01-28T10:37:29.677+0000][gc,cpu      ] GC(94) User=0.05s Sys=0.00s Real=0.01s
[2026-01-28T10:37:41.816+0000][gc,start    ] GC(95) Pause Young (Normal) (G1 Evacuation Pause)
[2026-01-28T10:37:41.817+0000][gc,task     ] GC(95) Using 10 workers of 10 for evacuation
[2026-01-28T10:37:41.825+0000][gc,phases   ] GC(95)   Pre Evacuate Collection Set: 1.0ms
[2026-01-28T10:37:41.825+0000][gc,phases   ] GC(95)   Merge Heap Roots: 0.3ms
[2026-01-28T10:37:41.825+0000][gc,phases   ] GC(95)   Evacuate Collection Set: 5.4ms
[2026-01-28T10:37:41.825+0000][gc,phases   ] GC(95)   Post Evacuate Collection Set: 0.7ms
[2026-01-28T10:37:41.825+0000][gc,phases   ] GC(95)   Other: 0.4ms
[2026-01-28T10:37:41.825+0000][gc,heap     ] GC(95) Eden regions: 606->0(607)
[2026-01-28T10:37:41.825+0000][gc,heap     ] GC(95) Survivor regions: 8->7(77)
[2026-01-28T10:37:41.825+0000][gc,heap     ] GC(95) Old regions: 54->54
[2026-01-28T10:37:41.825+0000][gc,heap     ] GC(95) Humongous regions: 10->10
[2026-01-28T10:37:41.825+0000][gc,metaspace] GC(95) Metaspace: 11943K(12288K)->11943K(12288K) NonClass: 10843K(11008K)->10843K(11008K) Class: 1100K(1280K)->1100K(1280K)
[2026-01-28T10:37:41.825+0000][gc          ] GC(95) Pause Young (Normal) (G1 Evacuation Pause) 676M->70M(1024M) 9.316ms
[2026-01-28T10:37:41.825+0000][gc,cpu      ] GC(95) User=0.06s Sys=0.00s Real=0.01s
[2026-01-28T10:37:53.131+0000][gc,start    ] GC(96) Pause Young (Normal) (G1 Evacuation Pause)
[2026-01-28T10:37:53.132+0000][gc,task     ] GC(96) Using 10 workers of 10 for evacuation
[2026-01-28T10:37:53.141+0000][gc,phases   ] GC(96)   Pre Evacuate Collection Set: 1.0ms
[2026-01-28T10:37:53.141+0000][gc,phases   ] GC(96)   Merge Heap Roots: 0.3ms
[2026-01-28T10:37:53.141+0000][gc,phases   ] GC(96)   Evacuate Collection Set: 6.1ms
[2026-01-28T10:37:53.141+0000][gc,phases   ] GC(96)   Post Evacuate Collection Set: 0.9ms
[2026-01-28T10:37:53.141+0000][gc,phases   ] GC(96)   Other: 0.2ms
[2026-01-28T10:37:53.141+0000][gc,heap     ] GC(96) Eden regions: 607->0(606)
[2026-01-28T10:37:53.141+0000][gc,heap     ] GC(96) Survivor regions: 7->8(77)
[2026-01-28T10:37:53.141+0000][gc,heap     ] GC(96) Old regions: 54->54
[2026-01-28T10:37:53.141+0000][gc,heap     ] GC(96) Humongous regions: 10->10
[2026-01-28T10:37:53.141+0000][gc,metaspace] GC(96) Metaspace: 11972K(12288K)->11972K(12288K) NonClass: 10872K(11008K)->10872K(11008K) Class: 1100K(1280K)->1100K(1280K)
[2026-01-28T10:37:53.141+0000][gc          ] GC(96) Pause Young (Normal) (G1 Evacuation Pause) 677M->71M(1024M) 9.979ms
[2026-01-28T10:37:53.141+0000][gc,cpu      ] GC(96) User=0.07s Sys=0.00s Real=0.01s
[2026-01-28T10:38:04.304+0000][gc,start    ] GC(97) Pause Young (Normal) (G1 Evacuation Pause)
[2026-01-28T10:38:04.305+0000][gc,task     ] GC(97) Using 10 workers of 10 for evacuation
[2026-01-28T10:38:04.310+0000][gc,phases   ] GC(97)   Pre Evacuate Collection Set: 0.8ms
[2026-01-28T10:38:04.311+0000][gc,phases   ] GC(97)   Merge Heap Roots: 0.3ms
[2026-01-28T10:38:04.311+0000][gc,phases   ] GC(97)   Evacuate Collection Set: 3.3ms
[2026-01-28T10:38:04.311+0000][gc,phases   ] GC(97)   Post Evacuate Collection Set: 0.5ms
[2026-01-28T10:38:04.311+0000][gc,phases   ] GC(97)   Other: 0.1ms
[2026-01-28T10:38:04.311+0000][gc,heap     ] GC(97) Eden regions: 606->0(606)
[2026-01-28T10:38:04.311+0000][gc,heap     ] GC(97) Survivor regions: 8->8(77)
[2026-01-28T10:38:04.311+0000][gc,heap     ] GC(97) Old regions: 54->55
[2026-01-28T10:38:04.311+0000][gc,heap     ] GC(97) Humongous regions: 10->10
[2026-01-28T10:38:04.311+0000][gc,metaspace] GC(97) Metaspace: 12012K(12352K)->12012K(12352K) NonClass: 10909K(11072K)->10909K(11072K) Class: 1102K(1280K)->1102K(1280K)
[2026-01-28T10:38:04.311+0000][gc          ] GC(97) Pause Young (Normal) (G1 Evacuation Pause) 677M->71M(1024M) 6.574ms
[2026-01-28T10:38:04.311+0000][gc,cpu      ] GC(97) User=0.04s Sys=0.00s Real=0.00s
[2026-01-28T10:38:15.970+0000][gc,start    ] GC(98) Pause Young (Normal) (G1 Evacuation Pause)
[2026-01-28T10:38:15.971+0000][gc,task     ] GC(98) Using 10 workers of 10 for evacuation
[2026-01-28T10:38:15.974+0000][gc,phases   ] GC(98)   Pre Evacuate Collection Set: 0.3ms
[2026-01-28T10:38:15.974+0000][gc,phases   ] GC(98)   Merge Heap Roots: 0.2ms
[2026-01-28T10:38:15.974+0000][gc,phases   ] GC(98)   Evacuate Collection Set: 2.3ms
[2026-01-28T10:38:15.974+0000][gc,phases   ] GC(98)   Post Evacuate Collection Set: 0.4ms
[2026-01-28T10:38:15.974+0000][gc,phases   ] GC(98)   Other: 0.1ms
[2026-01-28T10:38:15.974+0000][gc,heap     ] GC(98) Eden regions: 606->0(607)
[2026-01-28T10:38:15.974+0000][gc,heap     ] GC(98) Survivor regions: 8->7(77)
[2026-01-28T10:38:15.974+0000][gc,heap     ] GC(98) Old regions: 55->55
[2026-01-28T10:38:15.974+0000][gc,heap     ] GC(98) Humongous regions: 10->10
[2026-01-28T10:38:15.974+0000][gc,metaspace] GC(98) Metaspace: 12021K(12352K)->12021K(12352K) NonClass: 10917K(11072K)->10917K(11072K) Class: 1103K(1280K)->1103K(1280K)
[2026-01-28T10:38:15.974+0000][gc          ] GC(98) Pause Young (Normal) (G1 Evacuation Pause) 677M->71M(1024M) 4.718ms
[2026-01-28T10:38:15.975+0000][gc,cpu      ] GC(98) User=0.02s Sys=0.00s Real=0.01s
[2026-01-28T10:38:27.556+0000][gc,start    ] GC(99) Pause Young (Normal) (G1 Evacuation Pause)
[2026-01-28T10:38:27.557+0000][gc,task     ] GC(99) Using 10 workers of 10 for evacuation
[2026-01-28T10:38:27.576+0000][gc,phases   ] GC(99)   Pre Evacuate Collection Set: 0.8ms
[2026-01-28T10:38:27.576+0000][gc,phases   ] GC(99)   Merge Heap Roots: 0.3ms
[2026-01-28T10:38:27.576+0000][gc,phases   ] GC(99)   Evacuate Collection Set: 14.6ms
[2026-01-28T10:38:27.576+0000][gc,phases   ] GC(99)   Post Evacuate Collection Set: 2.6ms
[2026-01-28T10:38:27.576+0000][gc,phases   ] GC(99)   Other: 0.2ms
[2026-01-28T10:38:27.576+0000][gc,heap     ] GC(99) Eden regions: 607->0(606)
[2026-01-28T10:38:27.576+0000][gc,heap     ] GC(99) Survivor regions: 7->8(77)
[2026-01-28T10:38:27.576+0000][gc,heap     ] GC(99) Old regions: 55->55
[2026-01-28T10:38:27.576+0000][gc,heap     ] GC(99) Humongous regions: 10->10
[2026-01-28T10:38:27.576+0000][gc,metaspace] GC(99) Metaspace: 12039K(12352K)->12039K(12352K) NonClass: 10935K(11072K)->10935K(11072K) Class: 1104K(1280K)->1104K(1280K)
[2026-01-28T10:38:27.576+0000][gc          ] GC(99) Pause Young (Normal) (G1 Evacuation Pause) 678M->71M(1024M) 19.640ms
[2026-01-28T10:38:27.576+0000][gc,cpu      ] GC(99) User=0.18s Sys=0.00s Real=0.02s
[2026-01-28T10:38:39.267+0000][gc,start    ] GC(100) Pause Young (Normal) (G1 Evacuation Pause)
[2026-01-28T10:38:39.268+0000][gc,task     ] GC(100) Using 10 workers of 10 for evacuation
[2026-01-28T10:38:39.280+0000][gc,phases   ] GC(100)   Pre Evacuate Collection Set: 1.5ms
[2026-01-28T10:38:39.280+0000][gc,phases   ] GC(100)   Merge Heap Roots: 0.4ms
[2026-01-28T10:38:39.280+0000][gc,phases   ] GC(100)   Evacuate Collection Set: 8.7ms
[2026-01-28T10:38:39.280+0000][gc,phases   ] GC(100)   Post Evacuate Collection Set: 1.6ms
[2026-01-28T10:38:39.280+0000][gc,phases   ] GC(100)   Other: 0.2ms
[2026-01-28T10:38:39.280+0000][gc,heap     ] GC(100) Eden regions: 606->0(609)
[2026-01-28T10:38:39.281+0000][gc,heap     ] GC(100) Survivor regions: 8->5(77)
[2026-01-28T10:38:39.281+0000][gc,heap     ] GC(100) Old regions: 55->58
[2026-01-28T10:38:39.281+0000][gc,heap     ] GC(100) Humongous regions: 10->10
[2026-01-28T10:38:39.281+0000][gc,metaspace] GC(100) Metaspace: 12056K(12352K)->12056K(12352K) NonClass: 10952K(11072K)->10952K(11072K) Class: 1104K(1280K)->1104K(1280K)
[2026-01-28T10:38:39.281+0000][gc          ] GC(100) Pause Young (Normal) (G1 Evacuation Pause) 677M->72M(1024M) 13.822ms
[2026-01-28T10:38:39.281+0000][gc,cpu      ] GC(100) User=0.06s Sys=0.04s Real=0.01s
[2026-01-28T10:38:51.363+0000][gc,start    ] GC(101) Pause Young (Normal) (G1 Evacuation Pause)
[2026-01-28T10:38:51.363+0000][gc,task     ] GC(101) Using 10 workers of 10 for evacuation
[2026-01-28T10:38:51.377+0000][gc,phases   ] GC(101)   Pre Evacuate Collection Set: 1.7ms
[2026-01-28T10:38:51.377+0000][gc,phases   ] GC(101)   Merge Heap Roots: 1.5ms
[2026-01-28T10:38:51.377+0000][gc,phases   ] GC(101)   Evacuate Collection Set: 9.0ms
[2026-01-28T10:38:51.377+0000][gc,phases   ] GC(101)   Post Evacuate Collection Set: 1.0ms
[2026-01-28T10:38:51.377+0000][gc,phases   ] GC(101)   Other: 0.5ms
[2026-01-28T10:38:51.377+0000][gc,heap     ] GC(101) Eden regions: 609->0(609)
[2026-01-28T10:38:51.377+0000][gc,heap     ] GC(101) Survivor regions: 5->5(77)
[2026-01-28T10:38:51.377+0000][gc,heap     ] GC(101) Old regions: 58->59
[2026-01-28T10:38:51.377+0000][gc,heap     ] GC(101) Humongous regions: 10->10
[2026-01-28T10:38:51.377+0000][gc,metaspace] GC(101) Metaspace: 12074K(12416K)->12074K(12416K) NonClass: 10970K(11136K)->10970K(11136K) Class: 1104K(1280K)->1104K(1280K)
[2026-01-28T10:38:51.377+0000][gc          ] GC(101) Pause Young (Normal) (G1 Evacuation Pause) 681M->72M(1024M) 14.545ms
[2026-01-28T10:38:51.378+0000][gc,cpu      ] GC(101) User=0.12s Sys=0.00s Real=0.01s
[2026-01-28T10:39:02.996+0000][gc,start    ] GC(102) Pause Young (Normal) (G1 Evacuation Pause)
[2026-01-28T10:39:02.998+0000][gc,task     ] GC(102) Using 10 workers of 10 for evacuation
[2026-01-28T10:39:03.002+0000][gc,phases   ] GC(102)   Pre Evacuate Collection Set: 0.6ms
[2026-01-28T10:39:03.002+0000][gc,phases   ] GC(102)   Merge Heap Roots: 0.3ms
[2026-01-28T10:39:03.002+0000][gc,phases   ] GC(102)   Evacuate Collection Set: 3.0ms
[2026-01-28T10:39:03.002+0000][gc,phases   ] GC(102)   Post Evacuate Collection Set: 0.5ms
[2026-01-28T10:39:03.002+0000][gc,phases   ] GC(102)   Other: 0.2ms
[2026-01-28T10:39:03.002+0000][gc,heap     ] GC(102) Eden regions: 609->0(609)
[2026-01-28T10:39:03.002+0000][gc,heap     ] GC(102) Survivor regions: 5->5(77)
[2026-01-28T10:39:03.003+0000][gc,heap     ] GC(102) Old regions: 59->59
[2026-01-28T10:39:03.003+0000][gc,heap     ] GC(102) Humongous regions: 10->10
[2026-01-28T10:39:03.003+0000][gc,metaspace] GC(102) Metaspace: 12081K(12416K)->12081K(12416K) NonClass: 10976K(11136K)->10976K(11136K) Class: 1104K(1280K)->1104K(1280K)
[2026-01-28T10:39:03.003+0000][gc          ] GC(102) Pause Young (Normal) (G1 Evacuation Pause) 681M->73M(1024M) 6.186ms
[2026-01-28T10:39:03.003+0000][gc,cpu      ] GC(102) User=0.03s Sys=0.00s Real=0.01s
[2026-01-28T10:39:13.151+0000][gc,start    ] GC(103) Pause Young (Normal) (G1 Evacuation Pause)
[2026-01-28T10:39:13.152+0000][gc,task     ] GC(103) Using 10 workers of 10 for evacuation
[2026-01-28T10:39:13.155+0000][gc,phases   ] GC(103)   Pre Evacuate Collection Set: 0.3ms
[2026-01-28T10:39:13.156+0000][gc,phases   ] GC(103)   Merge Heap Roots: 0.1ms
[2026-01-28T10:39:13.156+0000][gc,phases   ] GC(103)   Evacuate Collection Set: 2.2ms
[2026-01-28T10:39:13.156+0000][gc,phases   ] GC(103)   Post Evacuate Collection Set: 0.4ms
[2026-01-28T10:39:13.156+0000][gc,phases   ] GC(103)   Other: 0.1ms
[2026-01-28T10:39:13.156+0000][gc,heap     ] GC(103) Eden regions: 609->0(607)
[2026-01-28T10:39:13.156+0000][gc,heap     ] GC(103) Survivor regions: 5->7(77)
[2026-01-28T10:39:13.156+0000][gc,heap     ] GC(103) Old regions: 59->59
[2026-01-28T10:39:13.156+0000][gc,heap     ] GC(103) Humongous regions: 10->10
[2026-01-28T10:39:13.156+0000][gc,metaspace] GC(103) Metaspace: 12119K(12480K)->12119K(12480K) NonClass: 11007K(11136K)->11007K(11136K) Class: 1111K(1344K)->1111K(1344K)
[2026-01-28T10:39:13.156+0000][gc          ] GC(103) Pause Young (Normal) (G1 Evacuation Pause) 682M->75M(1024M) 4.663ms
[2026-01-28T10:39:13.156+0000][gc,cpu      ] GC(103) User=0.02s Sys=0.00s Real=0.00s
[2026-01-28T10:39:24.713+0000][gc,start    ] GC(104) Pause Young (Normal) (G1 Evacuation Pause)
[2026-01-28T10:39:24.713+0000][gc,task     ] GC(104) Using 10 workers of 10 for evacuation
[2026-01-28T10:39:24.719+0000][gc,phases   ] GC(104)   Pre Evacuate Collection Set: 0.6ms
[2026-01-28T10:39:24.719+0000][gc,phases   ] GC(104)   Merge Heap Roots: 0.3ms
[2026-01-28T10:39:24.719+0000][gc,phases   ] GC(104)   Evacuate Collection Set: 3.9ms
[2026-01-28T10:39:24.719+0000][gc,phases   ] GC(104)   Post Evacuate Collection Set: 0.8ms
[2026-01-28T10:39:24.719+0000][gc,phases   ] GC(104)   Other: 0.2ms
[2026-01-28T10:39:24.719+0000][gc,heap     ] GC(104) Eden regions: 607->0(609)
[2026-01-28T10:39:24.719+0000][gc,heap     ] GC(104) Survivor regions: 7->5(77)
[2026-01-28T10:39:24.719+0000][gc,heap     ] GC(104) Old regions: 59->59
[2026-01-28T10:39:24.719+0000][gc,heap     ] GC(104) Humongous regions: 10->10
[2026-01-28T10:39:24.719+0000][gc,metaspace] GC(104) Metaspace: 12127K(12544K)->12127K(12544K) NonClass: 11015K(11200K)->11015K(11200K) Class: 1111K(1344K)->1111K(1344K)
[2026-01-28T10:39:24.719+0000][gc          ] GC(104) Pause Young (Normal) (G1 Evacuation Pause) 682M->73M(1024M) 6.613ms
[2026-01-28T10:39:24.719+0000][gc,cpu      ] GC(104) User=0.05s Sys=0.00s Real=0.00s
[2026-01-28T10:39:36.873+0000][gc,start    ] GC(105) Pause Young (Normal) (G1 Evacuation Pause)
[2026-01-28T10:39:36.873+0000][gc,task     ] GC(105) Using 10 workers of 10 for evacuation
[2026-01-28T10:39:36.887+0000][gc,phases   ] GC(105)   Pre Evacuate Collection Set: 0.7ms
[2026-01-28T10:39:36.887+0000][gc,phases   ] GC(105)   Merge Heap Roots: 0.3ms
[2026-01-28T10:39:36.887+0000][gc,phases   ] GC(105)   Evacuate Collection Set: 10.4ms
[2026-01-28T10:39:36.887+0000][gc,phases   ] GC(105)   Post Evacuate Collection Set: 1.7ms
[2026-01-28T10:39:36.887+0000][gc,phases   ] GC(105)   Other: 0.3ms
[2026-01-28T10:39:36.887+0000][gc,heap     ] GC(105) Eden regions: 609->0(609)
[2026-01-28T10:39:36.887+0000][gc,heap     ] GC(105) Survivor regions: 5->5(77)
[2026-01-28T10:39:36.887+0000][gc,heap     ] GC(105) Old regions: 59->60
[2026-01-28T10:39:36.887+0000][gc,heap     ] GC(105) Humongous regions: 10->10
[2026-01-28T10:39:36.887+0000][gc,metaspace] GC(105) Metaspace: 12141K(12544K)->12141K(12544K) NonClass: 11029K(11200K)->11029K(11200K) Class: 1111K(1344K)->1111K(1344K)
[2026-01-28T10:39:36.887+0000][gc          ] GC(105) Pause Young (Normal) (G1 Evacuation Pause) 682M->74M(1024M) 14.874ms
[2026-01-28T10:39:36.887+0000][gc,cpu      ] GC(105) User=0.11s Sys=0.01s Real=0.01s
[2026-01-28T10:39:49.141+0000][gc,start    ] GC(106) Pause Young (Normal) (G1 Evacuation Pause)
[2026-01-28T10:39:49.142+0000][gc,task     ] GC(106) Using 10 workers of 10 for evacuation
[2026-01-28T10:39:49.168+0000][gc,phases   ] GC(106)   Pre Evacuate Collection Set: 1.0ms
[2026-01-28T10:39:49.168+0000][gc,phases   ] GC(106)   Merge Heap Roots: 0.3ms
[2026-01-28T10:39:49.168+0000][gc,phases   ] GC(106)   Evacuate Collection Set: 22.6ms
[2026-01-28T10:39:49.168+0000][gc,phases   ] GC(106)   Post Evacuate Collection Set: 1.4ms
[2026-01-28T10:39:49.168+0000][gc,phases   ] GC(106)   Other: 0.3ms
[2026-01-28T10:39:49.168+0000][gc,heap     ] GC(106) Eden regions: 609->0(608)
[2026-01-28T10:39:49.168+0000][gc,heap     ] GC(106) Survivor regions: 5->6(77)
[2026-01-28T10:39:49.168+0000][gc,heap     ] GC(106) Old regions: 60->60
[2026-01-28T10:39:49.168+0000][gc,heap     ] GC(106) Humongous regions: 10->10
[2026-01-28T10:39:49.169+0000][gc,metaspace] GC(106) Metaspace: 12150K(12544K)->12150K(12544K) NonClass: 11038K(11200K)->11038K(11200K) Class: 1111K(1344K)->1111K(1344K)
[2026-01-28T10:39:49.169+0000][gc          ] GC(106) Pause Young (Normal) (G1 Evacuation Pause) 683M->74M(1024M) 27.764ms
[2026-01-28T10:39:49.169+0000][gc,cpu      ] GC(106) User=0.24s Sys=0.00s Real=0.03s
[2026-01-28T10:40:01.448+0000][gc,start    ] GC(107) Pause Young (Normal) (G1 Evacuation Pause)
[2026-01-28T10:40:01.449+0000][gc,task     ] GC(107) Using 10 workers of 10 for evacuation
[2026-01-28T10:40:01.463+0000][gc,phases   ] GC(107)   Pre Evacuate Collection Set: 0.9ms
[2026-01-28T10:40:01.463+0000][gc,phases   ] GC(107)   Merge Heap Roots: 1.8ms
[2026-01-28T10:40:01.463+0000][gc,phases   ] GC(107)   Evacuate Collection Set: 9.4ms
[2026-01-28T10:40:01.463+0000][gc,phases   ] GC(107)   Post Evacuate Collection Set: 1.8ms
[2026-01-28T10:40:01.463+0000][gc,phases   ] GC(107)   Other: 0.3ms
[2026-01-28T10:40:01.463+0000][gc,heap     ] GC(107) Eden regions: 608->0(608)
[2026-01-28T10:40:01.464+0000][gc,heap     ] GC(107) Survivor regions: 6->6(77)
[2026-01-28T10:40:01.464+0000][gc,heap     ] GC(107) Old regions: 60->60
[2026-01-28T10:40:01.464+0000][gc,heap     ] GC(107) Humongous regions: 10->10
[2026-01-28T10:40:01.464+0000][gc,metaspace] GC(107) Metaspace: 12161K(12544K)->12161K(12544K) NonClass: 11049K(11200K)->11049K(11200K) Class: 1111K(1344K)->1111K(1344K)
[2026-01-28T10:40:01.464+0000][gc          ] GC(107) Pause Young (Normal) (G1 Evacuation Pause) 682M->75M(1024M) 15.824ms
[2026-01-28T10:40:01.464+0000][gc,cpu      ] GC(107) User=0.13s Sys=0.00s Real=0.02s
[2026-01-28T10:40:13.014+0000][gc,start    ] GC(108) Pause Young (Normal) (G1 Evacuation Pause)
[2026-01-28T10:40:13.016+0000][gc,task     ] GC(108) Using 10 workers of 10 for evacuation
[2026-01-28T10:40:13.032+0000][gc,phases   ] GC(108)   Pre Evacuate Collection Set: 2.5ms
[2026-01-28T10:40:13.032+0000][gc,phases   ] GC(108)   Merge Heap Roots: 0.6ms
[2026-01-28T10:40:13.032+0000][gc,phases   ] GC(108)   Evacuate Collection Set: 11.0ms
[2026-01-28T10:40:13.032+0000][gc,phases   ] GC(108)   Post Evacuate Collection Set: 0.9ms
[2026-01-28T10:40:13.032+0000][gc,phases   ] GC(108)   Other: 0.7ms
[2026-01-28T10:40:13.032+0000][gc,heap     ] GC(108) Eden regions: 608->0(608)
[2026-01-28T10:40:13.032+0000][gc,heap     ] GC(108) Survivor regions: 6->6(77)
[2026-01-28T10:40:13.032+0000][gc,heap     ] GC(108) Old regions: 60->60
[2026-01-28T10:40:13.032+0000][gc,heap     ] GC(108) Humongous regions: 10->10
[2026-01-28T10:40:13.032+0000][gc,metaspace] GC(108) Metaspace: 12164K(12544K)->12164K(12544K) NonClass: 11052K(11200K)->11052K(11200K) Class: 1111K(1344K)->1111K(1344K)
[2026-01-28T10:40:13.032+0000][gc          ] GC(108) Pause Young (Normal) (G1 Evacuation Pause) 683M->75M(1024M) 18.291ms
[2026-01-28T10:40:13.032+0000][gc,cpu      ] GC(108) User=0.14s Sys=0.00s Real=0.02s
[2026-01-28T10:40:23.239+0000][gc,start    ] GC(109) Pause Young (Normal) (G1 Evacuation Pause)
[2026-01-28T10:40:23.240+0000][gc,task     ] GC(109) Using 10 workers of 10 for evacuation
[2026-01-28T10:40:23.258+0000][gc,phases   ] GC(109)   Pre Evacuate Collection Set: 2.7ms
[2026-01-28T10:40:23.258+0000][gc,phases   ] GC(109)   Merge Heap Roots: 0.7ms
[2026-01-28T10:40:23.258+0000][gc,phases   ] GC(109)   Evacuate Collection Set: 11.1ms
[2026-01-28T10:40:23.258+0000][gc,phases   ] GC(109)   Post Evacuate Collection Set: 2.3ms
[2026-01-28T10:40:23.258+0000][gc,phases   ] GC(109)   Other: 0.7ms
[2026-01-28T10:40:23.258+0000][gc,heap     ] GC(109) Eden regions: 608->0(607)
[2026-01-28T10:40:23.258+0000][gc,heap     ] GC(109) Survivor regions: 6->7(77)
[2026-01-28T10:40:23.258+0000][gc,heap     ] GC(109) Old regions: 60->61
[2026-01-28T10:40:23.258+0000][gc,heap     ] GC(109) Humongous regions: 10->10
[2026-01-28T10:40:23.258+0000][gc,metaspace] GC(109) Metaspace: 12169K(12544K)->12169K(12544K) NonClass: 11057K(11200K)->11057K(11200K) Class: 1111K(1344K)->1111K(1344K)
[2026-01-28T10:40:23.259+0000][gc          ] GC(109) Pause Young (Normal) (G1 Evacuation Pause) 683M->77M(1024M) 19.682ms
[2026-01-28T10:40:23.259+0000][gc,cpu      ] GC(109) User=0.15s Sys=0.00s Real=0.02s
[2026-01-28T10:40:35.031+0000][gc,start    ] GC(110) Pause Young (Normal) (G1 Evacuation Pause)
[2026-01-28T10:40:35.032+0000][gc,task     ] GC(110) Using 10 workers of 10 for evacuation
[2026-01-28T10:40:35.035+0000][gc,phases   ] GC(110)   Pre Evacuate Collection Set: 0.3ms
[2026-01-28T10:40:35.035+0000][gc,phases   ] GC(110)   Merge Heap Roots: 0.2ms
[2026-01-28T10:40:35.035+0000][gc,phases   ] GC(110)   Evacuate Collection Set: 2.3ms
[2026-01-28T10:40:35.035+0000][gc,phases   ] GC(110)   Post Evacuate Collection Set: 0.4ms
[2026-01-28T10:40:35.035+0000][gc,phases   ] GC(110)   Other: 0.1ms
[2026-01-28T10:40:35.035+0000][gc,heap     ] GC(110) Eden regions: 607->0(608)
[2026-01-28T10:40:35.036+0000][gc,heap     ] GC(110) Survivor regions: 7->6(77)
[2026-01-28T10:40:35.036+0000][gc,heap     ] GC(110) Old regions: 61->61
[2026-01-28T10:40:35.036+0000][gc,heap     ] GC(110) Humongous regions: 10->10
[2026-01-28T10:40:35.036+0000][gc,metaspace] GC(110) Metaspace: 12172K(12608K)->12172K(12608K) NonClass: 11060K(11264K)->11060K(11264K) Class: 1111K(1344K)->1111K(1344K)
[2026-01-28T10:40:35.036+0000][gc          ] GC(110) Pause Young (Normal) (G1 Evacuation Pause) 684M->76M(1024M) 4.627ms
[2026-01-28T10:40:35.036+0000][gc,cpu      ] GC(110) User=0.03s Sys=0.00s Real=0.01s
[2026-01-28T10:40:46.303+0000][gc,start    ] GC(111) Pause Young (Normal) (G1 Evacuation Pause)
[2026-01-28T10:40:46.304+0000][gc,task     ] GC(111) Using 10 workers of 10 for evacuation
[2026-01-28T10:40:46.315+0000][gc,phases   ] GC(111)   Pre Evacuate Collection Set: 1.3ms
[2026-01-28T10:40:46.315+0000][gc,phases   ] GC(111)   Merge Heap Roots: 0.5ms
[2026-01-28T10:40:46.315+0000][gc,phases   ] GC(111)   Evacuate Collection Set: 8.0ms
[2026-01-28T10:40:46.315+0000][gc,phases   ] GC(111)   Post Evacuate Collection Set: 0.9ms
[2026-01-28T10:40:46.315+0000][gc,phases   ] GC(111)   Other: 0.3ms
[2026-01-28T10:40:46.315+0000][gc,heap     ] GC(111) Eden regions: 608->0(607)
[2026-01-28T10:40:46.315+0000][gc,heap     ] GC(111) Survivor regions: 6->7(77)
[2026-01-28T10:40:46.315+0000][gc,heap     ] GC(111) Old regions: 61->61
[2026-01-28T10:40:46.315+0000][gc,heap     ] GC(111) Humongous regions: 10->10
[2026-01-28T10:40:46.315+0000][gc,metaspace] GC(111) Metaspace: 12184K(12608K)->12184K(12608K) NonClass: 11071K(11264K)->11071K(11264K) Class: 1113K(1344K)->1113K(1344K)
[2026-01-28T10:40:46.315+0000][gc          ] GC(111) Pause Young (Normal) (G1 Evacuation Pause) 684M->77M(1024M) 12.123ms
[2026-01-28T10:40:46.316+0000][gc,cpu      ] GC(111) User=0.10s Sys=0.00s Real=0.01s
[2026-01-28T10:40:58.267+0000][gc,start    ] GC(112) Pause Young (Normal) (G1 Evacuation Pause)
[2026-01-28T10:40:58.267+0000][gc,task     ] GC(112) Using 10 workers of 10 for evacuation
[2026-01-28T10:40:58.276+0000][gc,phases   ] GC(112)   Pre Evacuate Collection Set: 0.7ms
[2026-01-28T10:40:58.276+0000][gc,phases   ] GC(112)   Merge Heap Roots: 0.3ms
[2026-01-28T10:40:58.276+0000][gc,phases   ] GC(112)   Evacuate Collection Set: 5.9ms
[2026-01-28T10:40:58.276+0000][gc,phases   ] GC(112)   Post Evacuate Collection Set: 1.7ms
[2026-01-28T10:40:58.276+0000][gc,phases   ] GC(112)   Other: 0.2ms
[2026-01-28T10:40:58.276+0000][gc,heap     ] GC(112) Eden regions: 607->0(608)
[2026-01-28T10:40:58.276+0000][gc,heap     ] GC(112) Survivor regions: 7->6(77)
[2026-01-28T10:40:58.276+0000][gc,heap     ] GC(112) Old regions: 61->62
[2026-01-28T10:40:58.276+0000][gc,heap     ] GC(112) Humongous regions: 10->10
[2026-01-28T10:40:58.277+0000][gc,metaspace] GC(112) Metaspace: 12185K(12608K)->12185K(12608K) NonClass: 11072K(11264K)->11072K(11264K) Class: 1113K(1344K)->1113K(1344K)
[2026-01-28T10:40:58.277+0000][gc          ] GC(112) Pause Young (Normal) (G1 Evacuation Pause) 684M->77M(1024M) 9.702ms
[2026-01-28T10:40:58.277+0000][gc,cpu      ] GC(112) User=0.07s Sys=0.00s Real=0.01s
[2026-01-28T10:41:10.111+0000][gc,start    ] GC(113) Pause Young (Normal) (G1 Evacuation Pause)
[2026-01-28T10:41:10.111+0000][gc,task     ] GC(113) Using 10 workers of 10 for evacuation
[2026-01-28T10:41:10.119+0000][gc,phases   ] GC(113)   Pre Evacuate Collection Set: 0.6ms
[2026-01-28T10:41:10.119+0000][gc,phases   ] GC(113)   Merge Heap Roots: 0.3ms
[2026-01-28T10:41:10.119+0000][gc,phases   ] GC(113)   Evacuate Collection Set: 6.0ms
[2026-01-28T10:41:10.119+0000][gc,phases   ] GC(113)   Post Evacuate Collection Set: 0.7ms
[2026-01-28T10:41:10.119+0000][gc,phases   ] GC(113)   Other: 0.2ms
[2026-01-28T10:41:10.119+0000][gc,heap     ] GC(113) Eden regions: 608->0(608)
[2026-01-28T10:41:10.119+0000][gc,heap     ] GC(113) Survivor regions: 6->6(77)
[2026-01-28T10:41:10.119+0000][gc,heap     ] GC(113) Old regions: 62->62
[2026-01-28T10:41:10.119+0000][gc,heap     ] GC(113) Humongous regions: 10->10
[2026-01-28T10:41:10.119+0000][gc,metaspace] GC(113) Metaspace: 12201K(12608K)->12201K(12608K) NonClass: 11087K(11264K)->11087K(11264K) Class: 1113K(1344K)->1113K(1344K)
[2026-01-28T10:41:10.120+0000][gc          ] GC(113) Pause Young (Normal) (G1 Evacuation Pause) 685M->77M(1024M) 8.695ms
[2026-01-28T10:41:10.120+0000][gc,cpu      ] GC(113) User=0.06s Sys=0.00s Real=0.01s
[2026-01-28T10:41:21.898+0000][gc,start    ] GC(114) Pause Young (Normal) (G1 Evacuation Pause)
[2026-01-28T10:41:21.900+0000][gc,task     ] GC(114) Using 10 workers of 10 for evacuation
[2026-01-28T10:41:21.905+0000][gc,phases   ] GC(114)   Pre Evacuate Collection Set: 0.7ms
[2026-01-28T10:41:21.905+0000][gc,phases   ] GC(114)   Merge Heap Roots: 0.3ms
[2026-01-28T10:41:21.906+0000][gc,phases   ] GC(114)   Evacuate Collection Set: 4.2ms
[2026-01-28T10:41:21.906+0000][gc,phases   ] GC(114)   Post Evacuate Collection Set: 0.6ms
[2026-01-28T10:41:21.906+0000][gc,phases   ] GC(114)   Other: 0.1ms
[2026-01-28T10:41:21.906+0000][gc,heap     ] GC(114) Eden regions: 608->0(607)
[2026-01-28T10:41:21.906+0000][gc,heap     ] GC(114) Survivor regions: 6->7(77)
[2026-01-28T10:41:21.906+0000][gc,heap     ] GC(114) Old regions: 62->62
[2026-01-28T10:41:21.906+0000][gc,heap     ] GC(114) Humongous regions: 10->10
[2026-01-28T10:41:21.906+0000][gc,metaspace] GC(114) Metaspace: 12204K(12608K)->12204K(12608K) NonClass: 11091K(11264K)->11091K(11264K) Class: 1113K(1344K)->1113K(1344K)
[2026-01-28T10:41:21.906+0000][gc          ] GC(114) Pause Young (Normal) (G1 Evacuation Pause) 685M->78M(1024M) 7.446ms
[2026-01-28T10:41:21.906+0000][gc,cpu      ] GC(114) User=0.04s Sys=0.00s Real=0.01s
[2026-01-28T10:41:33.047+0000][gc,start    ] GC(115) Pause Young (Normal) (G1 Evacuation Pause)
[2026-01-28T10:41:33.048+0000][gc,task     ] GC(115) Using 10 workers of 10 for evacuation
[2026-01-28T10:41:33.060+0000][gc,phases   ] GC(115)   Pre Evacuate Collection Set: 1.6ms
[2026-01-28T10:41:33.060+0000][gc,phases   ] GC(115)   Merge Heap Roots: 0.5ms
[2026-01-28T10:41:33.060+0000][gc,phases   ] GC(115)   Evacuate Collection Set: 8.3ms
[2026-01-28T10:41:33.060+0000][gc,phases   ] GC(115)   Post Evacuate Collection Set: 1.1ms
[2026-01-28T10:41:33.060+0000][gc,phases   ] GC(115)   Other: 0.3ms
[2026-01-28T10:41:33.060+0000][gc,heap     ] GC(115) Eden regions: 607->0(606)
[2026-01-28T10:41:33.060+0000][gc,heap     ] GC(115) Survivor regions: 7->8(77)
[2026-01-28T10:41:33.060+0000][gc,heap     ] GC(115) Old regions: 62->63
[2026-01-28T10:41:33.060+0000][gc,heap     ] GC(115) Humongous regions: 10->10
[2026-01-28T10:41:33.060+0000][gc,metaspace] GC(115) Metaspace: 12209K(12608K)->12209K(12608K) NonClass: 11096K(11264K)->11096K(11264K) Class: 1113K(1344K)->1113K(1344K)
[2026-01-28T10:41:33.060+0000][gc          ] GC(115) Pause Young (Normal) (G1 Evacuation Pause) 685M->79M(1024M) 13.403ms
[2026-01-28T10:41:33.060+0000][gc,cpu      ] GC(115) User=0.10s Sys=0.00s Real=0.01s
[2026-01-28T10:41:43.277+0000][gc,start    ] GC(116) Pause Young (Normal) (G1 Evacuation Pause)
[2026-01-28T10:41:43.278+0000][gc,task     ] GC(116) Using 10 workers of 10 for evacuation
[2026-01-28T10:41:43.281+0000][gc,phases   ] GC(116)   Pre Evacuate Collection Set: 0.3ms
[2026-01-28T10:41:43.282+0000][gc,phases   ] GC(116)   Merge Heap Roots: 0.2ms
[2026-01-28T10:41:43.282+0000][gc,phases   ] GC(116)   Evacuate Collection Set: 2.3ms
[2026-01-28T10:41:43.282+0000][gc,phases   ] GC(116)   Post Evacuate Collection Set: 0.4ms
[2026-01-28T10:41:43.282+0000][gc,phases   ] GC(116)   Other: 0.1ms
[2026-01-28T10:41:43.282+0000][gc,heap     ] GC(116) Eden regions: 606->0(607)
[2026-01-28T10:41:43.282+0000][gc,heap     ] GC(116) Survivor regions: 8->7(77)
[2026-01-28T10:41:43.282+0000][gc,heap     ] GC(116) Old regions: 63->63
[2026-01-28T10:41:43.282+0000][gc,heap     ] GC(116) Humongous regions: 10->10
[2026-01-28T10:41:43.282+0000][gc,metaspace] GC(116) Metaspace: 12235K(12672K)->12235K(12672K) NonClass: 11120K(11328K)->11120K(11328K) Class: 1115K(1344K)->1115K(1344K)
[2026-01-28T10:41:43.282+0000][gc          ] GC(116) Pause Young (Normal) (G1 Evacuation Pause) 685M->78M(1024M) 4.744ms
[2026-01-28T10:41:43.282+0000][gc,cpu      ] GC(116) User=0.03s Sys=0.00s Real=0.01s
[2026-01-28T10:41:55.576+0000][gc,start    ] GC(117) Pause Young (Normal) (G1 Evacuation Pause)
[2026-01-28T10:41:55.577+0000][gc,task     ] GC(117) Using 10 workers of 10 for evacuation
[2026-01-28T10:41:55.586+0000][gc,phases   ] GC(117)   Pre Evacuate Collection Set: 3.4ms
[2026-01-28T10:41:55.587+0000][gc,phases   ] GC(117)   Merge Heap Roots: 0.4ms
[2026-01-28T10:41:55.587+0000][gc,phases   ] GC(117)   Evacuate Collection Set: 5.0ms
[2026-01-28T10:41:55.587+0000][gc,phases   ] GC(117)   Post Evacuate Collection Set: 0.8ms
[2026-01-28T10:41:55.587+0000][gc,phases   ] GC(117)   Other: 0.1ms
[2026-01-28T10:41:55.587+0000][gc,heap     ] GC(117) Eden regions: 607->0(607)
[2026-01-28T10:41:55.587+0000][gc,heap     ] GC(117) Survivor regions: 7->7(77)
[2026-01-28T10:41:55.587+0000][gc,heap     ] GC(117) Old regions: 63->64
[2026-01-28T10:41:55.587+0000][gc,heap     ] GC(117) Humongous regions: 10->10
[2026-01-28T10:41:55.587+0000][gc,metaspace] GC(117) Metaspace: 12235K(12672K)->12235K(12672K) NonClass: 11120K(11328K)->11120K(11328K) Class: 1115K(1344K)->1115K(1344K)
[2026-01-28T10:41:55.587+0000][gc          ] GC(117) Pause Young (Normal) (G1 Evacuation Pause) 685M->79M(1024M) 11.105ms
[2026-01-28T10:41:55.587+0000][gc,cpu      ] GC(117) User=0.09s Sys=0.00s Real=0.01s
[2026-01-28T10:42:07.385+0000][gc,start    ] GC(118) Pause Young (Normal) (G1 Evacuation Pause)
[2026-01-28T10:42:07.386+0000][gc,task     ] GC(118) Using 10 workers of 10 for evacuation
[2026-01-28T10:42:07.392+0000][gc,phases   ] GC(118)   Pre Evacuate Collection Set: 0.6ms
[2026-01-28T10:42:07.393+0000][gc,phases   ] GC(118)   Merge Heap Roots: 0.3ms
[2026-01-28T10:42:07.393+0000][gc,phases   ] GC(118)   Evacuate Collection Set: 4.4ms
[2026-01-28T10:42:07.393+0000][gc,phases   ] GC(118)   Post Evacuate Collection Set: 0.7ms
[2026-01-28T10:42:07.393+0000][gc,phases   ] GC(118)   Other: 0.1ms
[2026-01-28T10:42:07.393+0000][gc,heap     ] GC(118) Eden regions: 607->0(607)
[2026-01-28T10:42:07.393+0000][gc,heap     ] GC(118) Survivor regions: 7->7(77)
[2026-01-28T10:42:07.393+0000][gc,heap     ] GC(118) Old regions: 64->64
[2026-01-28T10:42:07.393+0000][gc,heap     ] GC(118) Humongous regions: 10->10
[2026-01-28T10:42:07.393+0000][gc,metaspace] GC(118) Metaspace: 12237K(12672K)->12237K(12672K) NonClass: 11122K(11328K)->11122K(11328K) Class: 1115K(1344K)->1115K(1344K)
[2026-01-28T10:42:07.393+0000][gc          ] GC(118) Pause Young (Normal) (G1 Evacuation Pause) 686M->79M(1024M) 7.710ms
[2026-01-28T10:42:07.393+0000][gc,cpu      ] GC(118) User=0.05s Sys=0.01s Real=0.01s
[2026-01-28T10:42:18.782+0000][gc,start    ] GC(119) Pause Young (Normal) (G1 Evacuation Pause)
[2026-01-28T10:42:18.783+0000][gc,task     ] GC(119) Using 10 workers of 10 for evacuation
[2026-01-28T10:42:18.787+0000][gc,phases   ] GC(119)   Pre Evacuate Collection Set: 0.5ms
[2026-01-28T10:42:18.787+0000][gc,phases   ] GC(119)   Merge Heap Roots: 0.2ms
[2026-01-28T10:42:18.787+0000][gc,phases   ] GC(119)   Evacuate Collection Set: 2.8ms
[2026-01-28T10:42:18.787+0000][gc,phases   ] GC(119)   Post Evacuate Collection Set: 0.4ms
[2026-01-28T10:42:18.787+0000][gc,phases   ] GC(119)   Other: 0.1ms
[2026-01-28T10:42:18.787+0000][gc,heap     ] GC(119) Eden regions: 607->0(607)
[2026-01-28T10:42:18.787+0000][gc,heap     ] GC(119) Survivor regions: 7->7(77)
[2026-01-28T10:42:18.787+0000][gc,heap     ] GC(119) Old regions: 64->64
[2026-01-28T10:42:18.787+0000][gc,heap     ] GC(119) Humongous regions: 10->10
[2026-01-28T10:42:18.787+0000][gc,metaspace] GC(119) Metaspace: 12237K(12672K)->12237K(12672K) NonClass: 11122K(11328K)->11122K(11328K) Class: 1115K(1344K)->1115K(1344K)
[2026-01-28T10:42:18.787+0000][gc          ] GC(119) Pause Young (Normal) (G1 Evacuation Pause) 686M->80M(1024M) 5.420ms
[2026-01-28T10:42:18.787+0000][gc,cpu      ] GC(119) User=0.03s Sys=0.00s Real=0.01s
[2026-01-28T10:42:30.282+0000][gc,start    ] GC(120) Pause Young (Normal) (G1 Evacuation Pause)
[2026-01-28T10:42:30.283+0000][gc,task     ] GC(120) Using 10 workers of 10 for evacuation
[2026-01-28T10:42:30.289+0000][gc,phases   ] GC(120)   Pre Evacuate Collection Set: 0.9ms
[2026-01-28T10:42:30.289+0000][gc,phases   ] GC(120)   Merge Heap Roots: 0.3ms
[2026-01-28T10:42:30.289+0000][gc,phases   ] GC(120)   Evacuate Collection Set: 4.6ms
[2026-01-28T10:42:30.289+0000][gc,phases   ] GC(120)   Post Evacuate Collection Set: 0.8ms
[2026-01-28T10:42:30.290+0000][gc,phases   ] GC(120)   Other: 0.1ms
[2026-01-28T10:42:30.290+0000][gc,heap     ] GC(120) Eden regions: 607->0(607)
[2026-01-28T10:42:30.290+0000][gc,heap     ] GC(120) Survivor regions: 7->7(77)
[2026-01-28T10:42:30.290+0000][gc,heap     ] GC(120) Old regions: 64->65
[2026-01-28T10:42:30.290+0000][gc,heap     ] GC(120) Humongous regions: 10->10
[2026-01-28T10:42:30.290+0000][gc,metaspace] GC(120) Metaspace: 12237K(12672K)->12237K(12672K) NonClass: 11122K(11328K)->11122K(11328K) Class: 1115K(1344K)->1115K(1344K)
[2026-01-28T10:42:30.290+0000][gc          ] GC(120) Pause Young (Normal) (G1 Evacuation Pause) 687M->80M(1024M) 8.226ms
[2026-01-28T10:42:30.290+0000][gc,cpu      ] GC(120) User=0.06s Sys=0.00s Real=0.01s
[2026-01-28T10:42:41.998+0000][gc,start    ] GC(121) Pause Young (Normal) (G1 Evacuation Pause)
[2026-01-28T10:42:41.999+0000][gc,task     ] GC(121) Using 10 workers of 10 for evacuation
[2026-01-28T10:42:42.005+0000][gc,phases   ] GC(121)   Pre Evacuate Collection Set: 0.9ms
[2026-01-28T10:42:42.005+0000][gc,phases   ] GC(121)   Merge Heap Roots: 0.3ms
[2026-01-28T10:42:42.005+0000][gc,phases   ] GC(121)   Evacuate Collection Set: 4.2ms
[2026-01-28T10:42:42.005+0000][gc,phases   ] GC(121)   Post Evacuate Collection Set: 0.5ms
[2026-01-28T10:42:42.005+0000][gc,phases   ] GC(121)   Other: 0.2ms
[2026-01-28T10:42:42.005+0000][gc,heap     ] GC(121) Eden regions: 607->0(607)
[2026-01-28T10:42:42.005+0000][gc,heap     ] GC(121) Survivor regions: 7->7(77)
[2026-01-28T10:42:42.005+0000][gc,heap     ] GC(121) Old regions: 65->65
[2026-01-28T10:42:42.005+0000][gc,heap     ] GC(121) Humongous regions: 10->10
[2026-01-28T10:42:42.005+0000][gc,metaspace] GC(121) Metaspace: 12242K(12672K)->12242K(12672K) NonClass: 11127K(11328K)->11127K(11328K) Class: 1115K(1344K)->1115K(1344K)
[2026-01-28T10:42:42.005+0000][gc          ] GC(121) Pause Young (Normal) (G1 Evacuation Pause) 687M->81M(1024M) 7.754ms
[2026-01-28T10:42:42.006+0000][gc,cpu      ] GC(121) User=0.04s Sys=0.00s Real=0.01s
[2026-01-28T10:42:53.055+0000][gc,start    ] GC(122) Pause Young (Normal) (G1 Evacuation Pause)
[2026-01-28T10:42:53.056+0000][gc,task     ] GC(122) Using 10 workers of 10 for evacuation
[2026-01-28T10:42:53.063+0000][gc,phases   ] GC(122)   Pre Evacuate Collection Set: 0.6ms
[2026-01-28T10:42:53.063+0000][gc,phases   ] GC(122)   Merge Heap Roots: 0.3ms
[2026-01-28T10:42:53.063+0000][gc,phases   ] GC(122)   Evacuate Collection Set: 5.3ms
[2026-01-28T10:42:53.063+0000][gc,phases   ] GC(122)   Post Evacuate Collection Set: 0.6ms
[2026-01-28T10:42:53.063+0000][gc,phases   ] GC(122)   Other: 0.1ms
[2026-01-28T10:42:53.063+0000][gc,heap     ] GC(122) Eden regions: 607->0(606)
[2026-01-28T10:42:53.063+0000][gc,heap     ] GC(122) Survivor regions: 7->8(77)
[2026-01-28T10:42:53.063+0000][gc,heap     ] GC(122) Old regions: 65->66
[2026-01-28T10:42:53.063+0000][gc,heap     ] GC(122) Humongous regions: 10->10
[2026-01-28T10:42:53.063+0000][gc,metaspace] GC(122) Metaspace: 12249K(12672K)->12249K(12672K) NonClass: 11134K(11328K)->11134K(11328K) Class: 1115K(1344K)->1115K(1344K)
[2026-01-28T10:42:53.063+0000][gc          ] GC(122) Pause Young (Normal) (G1 Evacuation Pause) 688M->82M(1024M) 8.432ms
[2026-01-28T10:42:53.063+0000][gc,cpu      ] GC(122) User=0.06s Sys=0.00s Real=0.01s
[2026-01-28T10:43:03.148+0000][gc,start    ] GC(123) Pause Young (Normal) (GCLocker Initiated GC)
[2026-01-28T10:43:03.148+0000][gc,task     ] GC(123) Using 10 workers of 10 for evacuation
[2026-01-28T10:43:03.151+0000][gc,phases   ] GC(123)   Pre Evacuate Collection Set: 0.3ms
[2026-01-28T10:43:03.151+0000][gc,phases   ] GC(123)   Merge Heap Roots: 0.1ms
[2026-01-28T10:43:03.151+0000][gc,phases   ] GC(123)   Evacuate Collection Set: 1.9ms
[2026-01-28T10:43:03.151+0000][gc,phases   ] GC(123)   Post Evacuate Collection Set: 0.4ms
[2026-01-28T10:43:03.151+0000][gc,phases   ] GC(123)   Other: 0.1ms
[2026-01-28T10:43:03.151+0000][gc,heap     ] GC(123) Eden regions: 607->0(606)
[2026-01-28T10:43:03.151+0000][gc,heap     ] GC(123) Survivor regions: 8->8(77)
[2026-01-28T10:43:03.151+0000][gc,heap     ] GC(123) Old regions: 66->66
[2026-01-28T10:43:03.151+0000][gc,heap     ] GC(123) Humongous regions: 10->10
[2026-01-28T10:43:03.151+0000][gc,metaspace] GC(123) Metaspace: 12259K(12672K)->12259K(12672K) NonClass: 11144K(11328K)->11144K(11328K) Class: 1115K(1344K)->1115K(1344K)
[2026-01-28T10:43:03.151+0000][gc          ] GC(123) Pause Young (Normal) (GCLocker Initiated GC) 688M->82M(1024M) 3.545ms
[2026-01-28T10:43:03.151+0000][gc,cpu      ] GC(123) User=0.02s Sys=0.01s Real=0.00s
[2026-01-28T10:43:14.288+0000][gc,start    ] GC(124) Pause Young (Normal) (G1 Evacuation Pause)
[2026-01-28T10:43:14.288+0000][gc,task     ] GC(124) Using 10 workers of 10 for evacuation
[2026-01-28T10:43:14.292+0000][gc,phases   ] GC(124)   Pre Evacuate Collection Set: 0.4ms
[2026-01-28T10:43:14.292+0000][gc,phases   ] GC(124)   Merge Heap Roots: 0.2ms
[2026-01-28T10:43:14.292+0000][gc,phases   ] GC(124)   Evacuate Collection Set: 2.6ms
[2026-01-28T10:43:14.292+0000][gc,phases   ] GC(124)   Post Evacuate Collection Set: 0.4ms
[2026-01-28T10:43:14.292+0000][gc,phases   ] GC(124)   Other: 0.1ms
[2026-01-28T10:43:14.292+0000][gc,heap     ] GC(124) Eden regions: 606->0(607)
[2026-01-28T10:43:14.292+0000][gc,heap     ] GC(124) Survivor regions: 8->7(77)
[2026-01-28T10:43:14.292+0000][gc,heap     ] GC(124) Old regions: 66->66
[2026-01-28T10:43:14.292+0000][gc,heap     ] GC(124) Humongous regions: 10->10
[2026-01-28T10:43:14.292+0000][gc,metaspace] GC(124) Metaspace: 12262K(12672K)->12262K(12672K) NonClass: 11147K(11328K)->11147K(11328K) Class: 1115K(1344K)->1115K(1344K)
[2026-01-28T10:43:14.292+0000][gc          ] GC(124) Pause Young (Normal) (G1 Evacuation Pause) 688M->82M(1024M) 4.379ms
[2026-01-28T10:43:14.292+0000][gc,cpu      ] GC(124) User=0.03s Sys=0.00s Real=0.01s
[2026-01-28T10:43:25.635+0000][gc,start    ] GC(125) Pause Young (Normal) (G1 Evacuation Pause)
[2026-01-28T10:43:25.636+0000][gc,task     ] GC(125) Using 10 workers of 10 for evacuation
[2026-01-28T10:43:25.645+0000][gc,phases   ] GC(125)   Pre Evacuate Collection Set: 1.0ms
[2026-01-28T10:43:25.645+0000][gc,phases   ] GC(125)   Merge Heap Roots: 0.3ms
[2026-01-28T10:43:25.645+0000][gc,phases   ] GC(125)   Evacuate Collection Set: 6.2ms
[2026-01-28T10:43:25.645+0000][gc,phases   ] GC(125)   Post Evacuate Collection Set: 1.0ms
[2026-01-28T10:43:25.645+0000][gc,phases   ] GC(125)   Other: 0.1ms
[2026-01-28T10:43:25.645+0000][gc,heap     ] GC(125) Eden regions: 607->0(607)
[2026-01-28T10:43:25.645+0000][gc,heap     ] GC(125) Survivor regions: 7->7(77)
[2026-01-28T10:43:25.645+0000][gc,heap     ] GC(125) Old regions: 66->67
[2026-01-28T10:43:25.645+0000][gc,heap     ] GC(125) Humongous regions: 10->10
[2026-01-28T10:43:25.645+0000][gc,metaspace] GC(125) Metaspace: 12265K(12672K)->12265K(12672K) NonClass: 11150K(11328K)->11150K(11328K) Class: 1115K(1344K)->1115K(1344K)
[2026-01-28T10:43:25.645+0000][gc          ] GC(125) Pause Young (Normal) (G1 Evacuation Pause) 689M->83M(1024M) 10.229ms
[2026-01-28T10:43:25.645+0000][gc,cpu      ] GC(125) User=0.07s Sys=0.00s Real=0.01s
[2026-01-28T10:43:37.114+0000][gc,start    ] GC(126) Pause Young (Normal) (G1 Evacuation Pause)
[2026-01-28T10:43:37.114+0000][gc,task     ] GC(126) Using 10 workers of 10 for evacuation
[2026-01-28T10:43:37.119+0000][gc,phases   ] GC(126)   Pre Evacuate Collection Set: 0.4ms
[2026-01-28T10:43:37.120+0000][gc,phases   ] GC(126)   Merge Heap Roots: 0.2ms
[2026-01-28T10:43:37.120+0000][gc,phases   ] GC(126)   Evacuate Collection Set: 4.1ms
[2026-01-28T10:43:37.120+0000][gc,phases   ] GC(126)   Post Evacuate Collection Set: 0.5ms
[2026-01-28T10:43:37.120+0000][gc,phases   ] GC(126)   Other: 0.1ms
[2026-01-28T10:43:37.120+0000][gc,heap     ] GC(126) Eden regions: 607->0(607)
[2026-01-28T10:43:37.120+0000][gc,heap     ] GC(126) Survivor regions: 7->7(77)
[2026-01-28T10:43:37.120+0000][gc,heap     ] GC(126) Old regions: 67->67
[2026-01-28T10:43:37.120+0000][gc,heap     ] GC(126) Humongous regions: 10->10
[2026-01-28T10:43:37.120+0000][gc,metaspace] GC(126) Metaspace: 12294K(12672K)->12294K(12672K) NonClass: 11176K(11328K)->11176K(11328K) Class: 1118K(1344K)->1118K(1344K)
[2026-01-28T10:43:37.120+0000][gc          ] GC(126) Pause Young (Normal) (G1 Evacuation Pause) 690M->83M(1024M) 6.121ms
[2026-01-28T10:43:37.120+0000][gc,cpu      ] GC(126) User=0.04s Sys=0.00s Real=0.00s
[2026-01-28T10:43:49.224+0000][gc,start    ] GC(127) Pause Young (Normal) (G1 Evacuation Pause)
[2026-01-28T10:43:49.226+0000][gc,task     ] GC(127) Using 10 workers of 10 for evacuation
[2026-01-28T10:43:49.247+0000][gc,phases   ] GC(127)   Pre Evacuate Collection Set: 3.3ms
[2026-01-28T10:43:49.247+0000][gc,phases   ] GC(127)   Merge Heap Roots: 1.0ms
[2026-01-28T10:43:49.247+0000][gc,phases   ] GC(127)   Evacuate Collection Set: 12.4ms
[2026-01-28T10:43:49.247+0000][gc,phases   ] GC(127)   Post Evacuate Collection Set: 2.7ms
[2026-01-28T10:43:49.247+0000][gc,phases   ] GC(127)   Other: 1.7ms
[2026-01-28T10:43:49.247+0000][gc,heap     ] GC(127) Eden regions: 607->0(607)
[2026-01-28T10:43:49.247+0000][gc,heap     ] GC(127) Survivor regions: 7->7(77)
[2026-01-28T10:43:49.247+0000][gc,heap     ] GC(127) Old regions: 67->68
[2026-01-28T10:43:49.247+0000][gc,heap     ] GC(127) Humongous regions: 10->10
[2026-01-28T10:43:49.247+0000][gc,metaspace] GC(127) Metaspace: 12299K(12672K)->12299K(12672K) NonClass: 11180K(11328K)->11180K(11328K) Class: 1118K(1344K)->1118K(1344K)
[2026-01-28T10:43:49.248+0000][gc          ] GC(127) Pause Young (Normal) (G1 Evacuation Pause) 690M->84M(1024M) 23.851ms
[2026-01-28T10:43:49.248+0000][gc,cpu      ] GC(127) User=0.16s Sys=0.00s Real=0.02s
[2026-01-28T10:44:01.441+0000][gc,start    ] GC(128) Pause Young (Normal) (G1 Evacuation Pause)
[2026-01-28T10:44:01.442+0000][gc,task     ] GC(128) Using 10 workers of 10 for evacuation
[2026-01-28T10:44:01.462+0000][gc,phases   ] GC(128)   Pre Evacuate Collection Set: 3.3ms
[2026-01-28T10:44:01.462+0000][gc,phases   ] GC(128)   Merge Heap Roots: 1.1ms
[2026-01-28T10:44:01.462+0000][gc,phases   ] GC(128)   Evacuate Collection Set: 14.3ms
[2026-01-28T10:44:01.463+0000][gc,phases   ] GC(128)   Post Evacuate Collection Set: 1.2ms
[2026-01-28T10:44:01.463+0000][gc,phases   ] GC(128)   Other: 0.5ms
[2026-01-28T10:44:01.463+0000][gc,heap     ] GC(128) Eden regions: 607->0(607)
[2026-01-28T10:44:01.463+0000][gc,heap     ] GC(128) Survivor regions: 7->7(77)
[2026-01-28T10:44:01.463+0000][gc,heap     ] GC(128) Old regions: 68->68
[2026-01-28T10:44:01.463+0000][gc,heap     ] GC(128) Humongous regions: 10->10
[2026-01-28T10:44:01.463+0000][gc,metaspace] GC(128) Metaspace: 12303K(12672K)->12303K(12672K) NonClass: 11184K(11328K)->11184K(11328K) Class: 1119K(1344K)->1119K(1344K)
[2026-01-28T10:44:01.463+0000][gc          ] GC(128) Pause Young (Normal) (G1 Evacuation Pause) 691M->84M(1024M) 22.434ms
[2026-01-28T10:44:01.463+0000][gc,cpu      ] GC(128) User=0.18s Sys=0.00s Real=0.03s
[2026-01-28T10:44:12.962+0000][gc,start    ] GC(129) Pause Young (Normal) (G1 Evacuation Pause)
[2026-01-28T10:44:12.963+0000][gc,task     ] GC(129) Using 10 workers of 10 for evacuation
[2026-01-28T10:44:12.969+0000][gc,phases   ] GC(129)   Pre Evacuate Collection Set: 0.6ms
[2026-01-28T10:44:12.969+0000][gc,phases   ] GC(129)   Merge Heap Roots: 0.2ms
[2026-01-28T10:44:12.969+0000][gc,phases   ] GC(129)   Evacuate Collection Set: 4.5ms
[2026-01-28T10:44:12.969+0000][gc,phases   ] GC(129)   Post Evacuate Collection Set: 0.5ms
[2026-01-28T10:44:12.969+0000][gc,phases   ] GC(129)   Other: 0.1ms
[2026-01-28T10:44:12.969+0000][gc,heap     ] GC(129) Eden regions: 607->0(607)
[2026-01-28T10:44:12.969+0000][gc,heap     ] GC(129) Survivor regions: 7->7(77)
[2026-01-28T10:44:12.969+0000][gc,heap     ] GC(129) Old regions: 68->69
[2026-01-28T10:44:12.969+0000][gc,heap     ] GC(129) Humongous regions: 10->10
[2026-01-28T10:44:12.969+0000][gc,metaspace] GC(129) Metaspace: 12305K(12672K)->12305K(12672K) NonClass: 11186K(11328K)->11186K(11328K) Class: 1119K(1344K)->1119K(1344K)
[2026-01-28T10:44:12.970+0000][gc          ] GC(129) Pause Young (Normal) (G1 Evacuation Pause) 691M->85M(1024M) 7.468ms
[2026-01-28T10:44:12.970+0000][gc,cpu      ] GC(129) User=0.05s Sys=0.01s Real=0.01s
[2026-01-28T10:44:23.080+0000][gc,start    ] GC(130) Pause Young (Normal) (G1 Evacuation Pause)
[2026-01-28T10:44:23.081+0000][gc,task     ] GC(130) Using 10 workers of 10 for evacuation
[2026-01-28T10:44:23.085+0000][gc,phases   ] GC(130)   Pre Evacuate Collection Set: 0.3ms
[2026-01-28T10:44:23.085+0000][gc,phases   ] GC(130)   Merge Heap Roots: 0.2ms
[2026-01-28T10:44:23.085+0000][gc,phases   ] GC(130)   Evacuate Collection Set: 2.4ms
[2026-01-28T10:44:23.085+0000][gc,phases   ] GC(130)   Post Evacuate Collection Set: 0.4ms
[2026-01-28T10:44:23.085+0000][gc,phases   ] GC(130)   Other: 0.1ms
[2026-01-28T10:44:23.085+0000][gc,heap     ] GC(130) Eden regions: 607->0(606)
[2026-01-28T10:44:23.085+0000][gc,heap     ] GC(130) Survivor regions: 7->8(77)
[2026-01-28T10:44:23.085+0000][gc,heap     ] GC(130) Old regions: 69->69
[2026-01-28T10:44:23.085+0000][gc,heap     ] GC(130) Humongous regions: 10->10
[2026-01-28T10:44:23.085+0000][gc,metaspace] GC(130) Metaspace: 12308K(12672K)->12308K(12672K) NonClass: 11189K(11328K)->11189K(11328K) Class: 1119K(1344K)->1119K(1344K)
[2026-01-28T10:44:23.085+0000][gc          ] GC(130) Pause Young (Normal) (G1 Evacuation Pause) 692M->86M(1024M) 4.797ms
[2026-01-28T10:44:23.085+0000][gc,cpu      ] GC(130) User=0.02s Sys=0.00s Real=0.01s
[2026-01-28T10:44:33.747+0000][gc,start    ] GC(131) Pause Young (Normal) (G1 Evacuation Pause)
[2026-01-28T10:44:33.748+0000][gc,task     ] GC(131) Using 10 workers of 10 for evacuation
[2026-01-28T10:44:33.759+0000][gc,phases   ] GC(131)   Pre Evacuate Collection Set: 1.0ms
[2026-01-28T10:44:33.759+0000][gc,phases   ] GC(131)   Merge Heap Roots: 0.4ms
[2026-01-28T10:44:33.759+0000][gc,phases   ] GC(131)   Evacuate Collection Set: 8.7ms
[2026-01-28T10:44:33.759+0000][gc,phases   ] GC(131)   Post Evacuate Collection Set: 0.8ms
[2026-01-28T10:44:33.759+0000][gc,phases   ] GC(131)   Other: 0.2ms
[2026-01-28T10:44:33.759+0000][gc,heap     ] GC(131) Eden regions: 606->0(607)
[2026-01-28T10:44:33.759+0000][gc,heap     ] GC(131) Survivor regions: 8->7(77)
[2026-01-28T10:44:33.759+0000][gc,heap     ] GC(131) Old regions: 69->69
[2026-01-28T10:44:33.759+0000][gc,heap     ] GC(131) Humongous regions: 10->10
[2026-01-28T10:44:33.759+0000][gc,metaspace] GC(131) Metaspace: 12316K(12672K)->12316K(12672K) NonClass: 11196K(11328K)->11196K(11328K) Class: 1119K(1344K)->1119K(1344K)
[2026-01-28T10:44:33.760+0000][gc          ] GC(131) Pause Young (Normal) (G1 Evacuation Pause) 692M->85M(1024M) 12.888ms
[2026-01-28T10:44:33.760+0000][gc,cpu      ] GC(131) User=0.09s Sys=0.00s Real=0.01s
[2026-01-28T10:44:45.945+0000][gc,start    ] GC(132) Pause Young (Normal) (G1 Evacuation Pause)
[2026-01-28T10:44:45.946+0000][gc,task     ] GC(132) Using 10 workers of 10 for evacuation
[2026-01-28T10:44:45.957+0000][gc,phases   ] GC(132)   Pre Evacuate Collection Set: 1.0ms
[2026-01-28T10:44:45.957+0000][gc,phases   ] GC(132)   Merge Heap Roots: 0.3ms
[2026-01-28T10:44:45.957+0000][gc,phases   ] GC(132)   Evacuate Collection Set: 8.4ms
[2026-01-28T10:44:45.957+0000][gc,phases   ] GC(132)   Post Evacuate Collection Set: 1.2ms
[2026-01-28T10:44:45.957+0000][gc,phases   ] GC(132)   Other: 0.2ms
[2026-01-28T10:44:45.957+0000][gc,heap     ] GC(132) Eden regions: 607->0(607)
[2026-01-28T10:44:45.957+0000][gc,heap     ] GC(132) Survivor regions: 7->7(77)
[2026-01-28T10:44:45.957+0000][gc,heap     ] GC(132) Old regions: 69->70
[2026-01-28T10:44:45.957+0000][gc,heap     ] GC(132) Humongous regions: 10->10
[2026-01-28T10:44:45.957+0000][gc,metaspace] GC(132) Metaspace: 12317K(12672K)->12317K(12672K) NonClass: 11198K(11328K)->11198K(11328K) Class: 1119K(1344K)->1119K(1344K)
[2026-01-28T10:44:45.957+0000][gc          ] GC(132) Pause Young (Normal) (G1 Evacuation Pause) 692M->86M(1024M) 12.449ms
[2026-01-28T10:44:45.957+0000][gc,cpu      ] GC(132) User=0.09s Sys=0.00s Real=0.01s
[2026-01-28T10:44:58.273+0000][gc,start    ] GC(133) Pause Young (Normal) (G1 Evacuation Pause)
[2026-01-28T10:44:58.274+0000][gc,task     ] GC(133) Using 10 workers of 10 for evacuation
[2026-01-28T10:44:58.282+0000][gc,phases   ] GC(133)   Pre Evacuate Collection Set: 0.8ms
[2026-01-28T10:44:58.282+0000][gc,phases   ] GC(133)   Merge Heap Roots: 0.3ms
[2026-01-28T10:44:58.282+0000][gc,phases   ] GC(133)   Evacuate Collection Set: 5.7ms
[2026-01-28T10:44:58.282+0000][gc,phases   ] GC(133)   Post Evacuate Collection Set: 1.1ms
[2026-01-28T10:44:58.282+0000][gc,phases   ] GC(133)   Other: 0.2ms
[2026-01-28T10:44:58.282+0000][gc,heap     ] GC(133) Eden regions: 607->0(607)
[2026-01-28T10:44:58.282+0000][gc,heap     ] GC(133) Survivor regions: 7->7(77)
[2026-01-28T10:44:58.282+0000][gc,heap     ] GC(133) Old regions: 70->70
[2026-01-28T10:44:58.282+0000][gc,heap     ] GC(133) Humongous regions: 10->10
[2026-01-28T10:44:58.282+0000][gc,metaspace] GC(133) Metaspace: 12325K(12736K)->12325K(12736K) NonClass: 11206K(11392K)->11206K(11392K) Class: 1119K(1344K)->1119K(1344K)
[2026-01-28T10:44:58.282+0000][gc          ] GC(133) Pause Young (Normal) (G1 Evacuation Pause) 693M->86M(1024M) 9.142ms
[2026-01-28T10:44:58.282+0000][gc,cpu      ] GC(133) User=0.07s Sys=0.00s Real=0.01s
[2026-01-28T10:45:10.421+0000][gc,start    ] GC(134) Pause Young (Normal) (G1 Evacuation Pause)
[2026-01-28T10:45:10.421+0000][gc,task     ] GC(134) Using 10 workers of 10 for evacuation
[2026-01-28T10:45:10.429+0000][gc,phases   ] GC(134)   Pre Evacuate Collection Set: 0.8ms
[2026-01-28T10:45:10.429+0000][gc,phases   ] GC(134)   Merge Heap Roots: 0.4ms
[2026-01-28T10:45:10.429+0000][gc,phases   ] GC(134)   Evacuate Collection Set: 5.4ms
[2026-01-28T10:45:10.429+0000][gc,phases   ] GC(134)   Post Evacuate Collection Set: 0.8ms
[2026-01-28T10:45:10.429+0000][gc,phases   ] GC(134)   Other: 0.1ms
[2026-01-28T10:45:10.429+0000][gc,heap     ] GC(134) Eden regions: 607->0(607)
[2026-01-28T10:45:10.429+0000][gc,heap     ] GC(134) Survivor regions: 7->7(77)
[2026-01-28T10:45:10.429+0000][gc,heap     ] GC(134) Old regions: 70->71
[2026-01-28T10:45:10.429+0000][gc,heap     ] GC(134) Humongous regions: 10->10
[2026-01-28T10:45:10.429+0000][gc,metaspace] GC(134) Metaspace: 12342K(12736K)->12342K(12736K) NonClass: 11223K(11392K)->11223K(11392K) Class: 1119K(1344K)->1119K(1344K)
[2026-01-28T10:45:10.429+0000][gc          ] GC(134) Pause Young (Normal) (G1 Evacuation Pause) 693M->86M(1024M) 8.323ms
[2026-01-28T10:45:10.429+0000][gc,cpu      ] GC(134) User=0.07s Sys=0.00s Real=0.01s
[2026-01-28T10:45:22.330+0000][gc,start    ] GC(135) Pause Young (Normal) (G1 Evacuation Pause)
[2026-01-28T10:45:22.330+0000][gc,task     ] GC(135) Using 10 workers of 10 for evacuation
[2026-01-28T10:45:22.335+0000][gc,phases   ] GC(135)   Pre Evacuate Collection Set: 0.5ms
[2026-01-28T10:45:22.335+0000][gc,phases   ] GC(135)   Merge Heap Roots: 0.2ms
[2026-01-28T10:45:22.335+0000][gc,phases   ] GC(135)   Evacuate Collection Set: 3.6ms
[2026-01-28T10:45:22.335+0000][gc,phases   ] GC(135)   Post Evacuate Collection Set: 0.5ms
[2026-01-28T10:45:22.335+0000][gc,phases   ] GC(135)   Other: 0.2ms
[2026-01-28T10:45:22.335+0000][gc,heap     ] GC(135) Eden regions: 607->0(607)
[2026-01-28T10:45:22.335+0000][gc,heap     ] GC(135) Survivor regions: 7->7(77)
[2026-01-28T10:45:22.335+0000][gc,heap     ] GC(135) Old regions: 71->71
[2026-01-28T10:45:22.335+0000][gc,heap     ] GC(135) Humongous regions: 10->10
[2026-01-28T10:45:22.335+0000][gc,metaspace] GC(135) Metaspace: 12345K(12736K)->12345K(12736K) NonClass: 11225K(11392K)->11225K(11392K) Class: 1119K(1344K)->1119K(1344K)
[2026-01-28T10:45:22.335+0000][gc          ] GC(135) Pause Young (Normal) (G1 Evacuation Pause) 693M->87M(1024M) 5.822ms
[2026-01-28T10:45:22.335+0000][gc,cpu      ] GC(135) User=0.04s Sys=0.00s Real=0.01s
[2026-01-28T10:45:33.080+0000][gc,start    ] GC(136) Pause Young (Normal) (G1 Evacuation Pause)
[2026-01-28T10:45:33.082+0000][gc,task     ] GC(136) Using 10 workers of 10 for evacuation
[2026-01-28T10:45:33.089+0000][gc,phases   ] GC(136)   Pre Evacuate Collection Set: 0.6ms
[2026-01-28T10:45:33.089+0000][gc,phases   ] GC(136)   Merge Heap Roots: 0.3ms
[2026-01-28T10:45:33.089+0000][gc,phases   ] GC(136)   Evacuate Collection Set: 5.9ms
[2026-01-28T10:45:33.089+0000][gc,phases   ] GC(136)   Post Evacuate Collection Set: 0.7ms
[2026-01-28T10:45:33.089+0000][gc,phases   ] GC(136)   Other: 0.1ms
[2026-01-28T10:45:33.089+0000][gc,heap     ] GC(136) Eden regions: 607->0(606)
[2026-01-28T10:45:33.089+0000][gc,heap     ] GC(136) Survivor regions: 7->8(77)
[2026-01-28T10:45:33.089+0000][gc,heap     ] GC(136) Old regions: 71->72
[2026-01-28T10:45:33.089+0000][gc,heap     ] GC(136) Humongous regions: 10->10
[2026-01-28T10:45:33.090+0000][gc,metaspace] GC(136) Metaspace: 12354K(12736K)->12354K(12736K) NonClass: 11235K(11392K)->11235K(11392K) Class: 1119K(1344K)->1119K(1344K)
[2026-01-28T10:45:33.090+0000][gc          ] GC(136) Pause Young (Normal) (G1 Evacuation Pause) 694M->88M(1024M) 9.220ms
[2026-01-28T10:45:33.090+0000][gc,cpu      ] GC(136) User=0.06s Sys=0.00s Real=0.01s
[2026-01-28T10:45:43.812+0000][gc,start    ] GC(137) Pause Young (Normal) (G1 Evacuation Pause)
[2026-01-28T10:45:43.813+0000][gc,task     ] GC(137) Using 10 workers of 10 for evacuation
[2026-01-28T10:45:43.819+0000][gc,phases   ] GC(137)   Pre Evacuate Collection Set: 0.6ms
[2026-01-28T10:45:43.820+0000][gc,phases   ] GC(137)   Merge Heap Roots: 0.3ms
[2026-01-28T10:45:43.820+0000][gc,phases   ] GC(137)   Evacuate Collection Set: 5.4ms
[2026-01-28T10:45:43.820+0000][gc,phases   ] GC(137)   Post Evacuate Collection Set: 0.6ms
[2026-01-28T10:45:43.820+0000][gc,phases   ] GC(137)   Other: 0.1ms
[2026-01-28T10:45:43.820+0000][gc,heap     ] GC(137) Eden regions: 606->0(607)
[2026-01-28T10:45:43.820+0000][gc,heap     ] GC(137) Survivor regions: 8->7(77)
[2026-01-28T10:45:43.820+0000][gc,heap     ] GC(137) Old regions: 72->72
[2026-01-28T10:45:43.820+0000][gc,heap     ] GC(137) Humongous regions: 10->10
[2026-01-28T10:45:43.820+0000][gc,metaspace] GC(137) Metaspace: 12355K(12736K)->12355K(12736K) NonClass: 11236K(11392K)->11236K(11392K) Class: 1119K(1344K)->1119K(1344K)
[2026-01-28T10:45:43.820+0000][gc          ] GC(137) Pause Young (Normal) (G1 Evacuation Pause) 694M->88M(1024M) 8.319ms
[2026-01-28T10:45:43.820+0000][gc,cpu      ] GC(137) User=0.06s Sys=0.00s Real=0.00s
[2026-01-28T10:45:56.402+0000][gc,start    ] GC(138) Pause Young (Normal) (G1 Evacuation Pause)
[2026-01-28T10:45:56.403+0000][gc,task     ] GC(138) Using 10 workers of 10 for evacuation
[2026-01-28T10:45:56.417+0000][gc,phases   ] GC(138)   Pre Evacuate Collection Set: 1.7ms
[2026-01-28T10:45:56.417+0000][gc,phases   ] GC(138)   Merge Heap Roots: 1.2ms
[2026-01-28T10:45:56.417+0000][gc,phases   ] GC(138)   Evacuate Collection Set: 8.9ms
[2026-01-28T10:45:56.417+0000][gc,phases   ] GC(138)   Post Evacuate Collection Set: 1.5ms
[2026-01-28T10:45:56.417+0000][gc,phases   ] GC(138)   Other: 0.2ms
[2026-01-28T10:45:56.417+0000][gc,heap     ] GC(138) Eden regions: 607->0(607)
[2026-01-28T10:45:56.417+0000][gc,heap     ] GC(138) Survivor regions: 7->7(77)
[2026-01-28T10:45:56.417+0000][gc,heap     ] GC(138) Old regions: 72->72
[2026-01-28T10:45:56.417+0000][gc,heap     ] GC(138) Humongous regions: 10->10
[2026-01-28T10:45:56.417+0000][gc,metaspace] GC(138) Metaspace: 12355K(12736K)->12355K(12736K) NonClass: 11236K(11392K)->11236K(11392K) Class: 1119K(1344K)->1119K(1344K)
[2026-01-28T10:45:56.417+0000][gc          ] GC(138) Pause Young (Normal) (G1 Evacuation Pause) 695M->88M(1024M) 15.338ms
[2026-01-28T10:45:56.417+0000][gc,cpu      ] GC(138) User=0.11s Sys=0.00s Real=0.01s
[2026-01-28T10:46:08.413+0000][gc,start    ] GC(139) Pause Young (Normal) (G1 Evacuation Pause)
[2026-01-28T10:46:08.413+0000][gc,task     ] GC(139) Using 10 workers of 10 for evacuation
[2026-01-28T10:46:08.423+0000][gc,phases   ] GC(139)   Pre Evacuate Collection Set: 0.8ms
[2026-01-28T10:46:08.423+0000][gc,phases   ] GC(139)   Merge Heap Roots: 0.3ms
[2026-01-28T10:46:08.423+0000][gc,phases   ] GC(139)   Evacuate Collection Set: 7.4ms
[2026-01-28T10:46:08.423+0000][gc,phases   ] GC(139)   Post Evacuate Collection Set: 0.8ms
[2026-01-28T10:46:08.423+0000][gc,phases   ] GC(139)   Other: 0.1ms
[2026-01-28T10:46:08.423+0000][gc,heap     ] GC(139) Eden regions: 607->0(607)
[2026-01-28T10:46:08.423+0000][gc,heap     ] GC(139) Survivor regions: 7->7(77)
[2026-01-28T10:46:08.423+0000][gc,heap     ] GC(139) Old regions: 72->73
[2026-01-28T10:46:08.423+0000][gc,heap     ] GC(139) Humongous regions: 10->10
[2026-01-28T10:46:08.423+0000][gc,metaspace] GC(139) Metaspace: 12356K(12736K)->12356K(12736K) NonClass: 11237K(11392K)->11237K(11392K) Class: 1119K(1344K)->1119K(1344K)
[2026-01-28T10:46:08.423+0000][gc          ] GC(139) Pause Young (Normal) (G1 Evacuation Pause) 695M->89M(1024M) 10.312ms
[2026-01-28T10:46:08.423+0000][gc,cpu      ] GC(139) User=0.09s Sys=0.00s Real=0.01s
[2026-01-28T10:46:20.270+0000][gc,start    ] GC(140) Pause Young (Normal) (G1 Evacuation Pause)
[2026-01-28T10:46:20.271+0000][gc,task     ] GC(140) Using 10 workers of 10 for evacuation
[2026-01-28T10:46:20.279+0000][gc,phases   ] GC(140)   Pre Evacuate Collection Set: 1.0ms
[2026-01-28T10:46:20.279+0000][gc,phases   ] GC(140)   Merge Heap Roots: 0.3ms
[2026-01-28T10:46:20.279+0000][gc,phases   ] GC(140)   Evacuate Collection Set: 5.1ms
[2026-01-28T10:46:20.279+0000][gc,phases   ] GC(140)   Post Evacuate Collection Set: 0.8ms
[2026-01-28T10:46:20.279+0000][gc,phases   ] GC(140)   Other: 0.1ms
[2026-01-28T10:46:20.279+0000][gc,heap     ] GC(140) Eden regions: 607->0(607)
[2026-01-28T10:46:20.279+0000][gc,heap     ] GC(140) Survivor regions: 7->7(77)
[2026-01-28T10:46:20.279+0000][gc,heap     ] GC(140) Old regions: 73->73
[2026-01-28T10:46:20.279+0000][gc,heap     ] GC(140) Humongous regions: 10->10
[2026-01-28T10:46:20.279+0000][gc,metaspace] GC(140) Metaspace: 12356K(12736K)->12356K(12736K) NonClass: 11237K(11392K)->11237K(11392K) Class: 1119K(1344K)->1119K(1344K)
[2026-01-28T10:46:20.279+0000][gc          ] GC(140) Pause Young (Normal) (G1 Evacuation Pause) 696M->89M(1024M) 8.872ms
[2026-01-28T10:46:20.279+0000][gc,cpu      ] GC(140) User=0.06s Sys=0.00s Real=0.01s
[2026-01-28T10:46:32.084+0000][gc,start    ] GC(141) Pause Young (Normal) (G1 Evacuation Pause)
[2026-01-28T10:46:32.085+0000][gc,task     ] GC(141) Using 10 workers of 10 for evacuation
[2026-01-28T10:46:32.107+0000][gc,phases   ] GC(141)   Pre Evacuate Collection Set: 3.2ms
[2026-01-28T10:46:32.107+0000][gc,phases   ] GC(141)   Merge Heap Roots: 0.9ms
[2026-01-28T10:46:32.107+0000][gc,phases   ] GC(141)   Evacuate Collection Set: 15.9ms
[2026-01-28T10:46:32.108+0000][gc,phases   ] GC(141)   Post Evacuate Collection Set: 1.7ms
[2026-01-28T10:46:32.108+0000][gc,phases   ] GC(141)   Other: 0.4ms
[2026-01-28T10:46:32.108+0000][gc,heap     ] GC(141) Eden regions: 607->0(607)
[2026-01-28T10:46:32.108+0000][gc,heap     ] GC(141) Survivor regions: 7->7(77)
[2026-01-28T10:46:32.108+0000][gc,heap     ] GC(141) Old regions: 73->74
[2026-01-28T10:46:32.108+0000][gc,heap     ] GC(141) Humongous regions: 10->10
[2026-01-28T10:46:32.108+0000][gc,metaspace] GC(141) Metaspace: 12356K(12736K)->12356K(12736K) NonClass: 11237K(11392K)->11237K(11392K) Class: 1119K(1344K)->1119K(1344K)
[2026-01-28T10:46:32.108+0000][gc          ] GC(141) Pause Young (Normal) (G1 Evacuation Pause) 696M->90M(1024M) 23.624ms
[2026-01-28T10:46:32.108+0000][gc,cpu      ] GC(141) User=0.19s Sys=0.00s Real=0.02s
[2026-01-28T10:46:43.083+0000][gc,start    ] GC(142) Pause Young (Normal) (G1 Evacuation Pause)
[2026-01-28T10:46:43.084+0000][gc,task     ] GC(142) Using 10 workers of 10 for evacuation
[2026-01-28T10:46:43.100+0000][gc,phases   ] GC(142)   Pre Evacuate Collection Set: 0.7ms
[2026-01-28T10:46:43.100+0000][gc,phases   ] GC(142)   Merge Heap Roots: 0.4ms
[2026-01-28T10:46:43.100+0000][gc,phases   ] GC(142)   Evacuate Collection Set: 12.9ms
[2026-01-28T10:46:43.100+0000][gc,phases   ] GC(142)   Post Evacuate Collection Set: 1.9ms
[2026-01-28T10:46:43.100+0000][gc,phases   ] GC(142)   Other: 0.1ms
[2026-01-28T10:46:43.100+0000][gc,heap     ] GC(142) Eden regions: 607->0(606)
[2026-01-28T10:46:43.100+0000][gc,heap     ] GC(142) Survivor regions: 7->8(77)
[2026-01-28T10:46:43.100+0000][gc,heap     ] GC(142) Old regions: 74->74
[2026-01-28T10:46:43.100+0000][gc,heap     ] GC(142) Humongous regions: 10->10
[2026-01-28T10:46:43.100+0000][gc,metaspace] GC(142) Metaspace: 12367K(12736K)->12367K(12736K) NonClass: 11248K(11392K)->11248K(11392K) Class: 1119K(1344K)->1119K(1344K)
[2026-01-28T10:46:43.100+0000][gc          ] GC(142) Pause Young (Normal) (G1 Evacuation Pause) 697M->91M(1024M) 17.500ms
[2026-01-28T10:46:43.100+0000][gc,cpu      ] GC(142) User=0.14s Sys=0.00s Real=0.01s
[2026-01-28T10:46:54.001+0000][gc,start    ] GC(143) Pause Young (Normal) (G1 Evacuation Pause)
[2026-01-28T10:46:54.001+0000][gc,task     ] GC(143) Using 10 workers of 10 for evacuation
[2026-01-28T10:46:54.015+0000][gc,phases   ] GC(143)   Pre Evacuate Collection Set: 1.1ms
[2026-01-28T10:46:54.015+0000][gc,phases   ] GC(143)   Merge Heap Roots: 0.3ms
[2026-01-28T10:46:54.015+0000][gc,phases   ] GC(143)   Evacuate Collection Set: 10.7ms
[2026-01-28T10:46:54.015+0000][gc,phases   ] GC(143)   Post Evacuate Collection Set: 1.4ms
[2026-01-28T10:46:54.015+0000][gc,phases   ] GC(143)   Other: 0.1ms
[2026-01-28T10:46:54.015+0000][gc,heap     ] GC(143) Eden regions: 606->0(607)
[2026-01-28T10:46:54.016+0000][gc,heap     ] GC(143) Survivor regions: 8->7(77)
[2026-01-28T10:46:54.016+0000][gc,heap     ] GC(143) Old regions: 74->75
[2026-01-28T10:46:54.016+0000][gc,heap     ] GC(143) Humongous regions: 10->10
[2026-01-28T10:46:54.016+0000][gc,metaspace] GC(143) Metaspace: 12379K(12736K)->12379K(12736K) NonClass: 11259K(11392K)->11259K(11392K) Class: 1119K(1344K)->1119K(1344K)
[2026-01-28T10:46:54.016+0000][gc          ] GC(143) Pause Young (Normal) (G1 Evacuation Pause) 697M->90M(1024M) 15.066ms
[2026-01-28T10:46:54.016+0000][gc,cpu      ] GC(143) User=0.12s Sys=0.00s Real=0.02s
[2026-01-28T10:47:06.452+0000][gc,start    ] GC(144) Pause Young (Normal) (G1 Evacuation Pause)
[2026-01-28T10:47:06.453+0000][gc,task     ] GC(144) Using 10 workers of 10 for evacuation
[2026-01-28T10:47:06.461+0000][gc,phases   ] GC(144)   Pre Evacuate Collection Set: 0.7ms
[2026-01-28T10:47:06.461+0000][gc,phases   ] GC(144)   Merge Heap Roots: 0.3ms
[2026-01-28T10:47:06.461+0000][gc,phases   ] GC(144)   Evacuate Collection Set: 6.2ms
[2026-01-28T10:47:06.461+0000][gc,phases   ] GC(144)   Post Evacuate Collection Set: 0.8ms
[2026-01-28T10:47:06.461+0000][gc,phases   ] GC(144)   Other: 0.2ms
[2026-01-28T10:47:06.461+0000][gc,heap     ] GC(144) Eden regions: 607->0(607)
[2026-01-28T10:47:06.461+0000][gc,heap     ] GC(144) Survivor regions: 7->7(77)
[2026-01-28T10:47:06.461+0000][gc,heap     ] GC(144) Old regions: 75->75
[2026-01-28T10:47:06.462+0000][gc,heap     ] GC(144) Humongous regions: 10->10
[2026-01-28T10:47:06.462+0000][gc,metaspace] GC(144) Metaspace: 12440K(12864K)->12440K(12864K) NonClass: 11317K(11520K)->11317K(11520K) Class: 1123K(1344K)->1123K(1344K)
[2026-01-28T10:47:06.462+0000][gc          ] GC(144) Pause Young (Normal) (G1 Evacuation Pause) 697M->91M(1024M) 9.105ms
[2026-01-28T10:47:06.462+0000][gc,cpu      ] GC(144) User=0.07s Sys=0.00s Real=0.01s
[2026-01-28T10:47:18.403+0000][gc,start    ] GC(145) Pause Young (Normal) (G1 Evacuation Pause)
[2026-01-28T10:47:18.404+0000][gc,task     ] GC(145) Using 10 workers of 10 for evacuation
[2026-01-28T10:47:18.411+0000][gc,phases   ] GC(145)   Pre Evacuate Collection Set: 0.8ms
[2026-01-28T10:47:18.412+0000][gc,phases   ] GC(145)   Merge Heap Roots: 0.3ms
[2026-01-28T10:47:18.412+0000][gc,phases   ] GC(145)   Evacuate Collection Set: 5.4ms
[2026-01-28T10:47:18.412+0000][gc,phases   ] GC(145)   Post Evacuate Collection Set: 0.9ms
[2026-01-28T10:47:18.412+0000][gc,phases   ] GC(145)   Other: 0.2ms
[2026-01-28T10:47:18.412+0000][gc,heap     ] GC(145) Eden regions: 607->0(607)
[2026-01-28T10:47:18.412+0000][gc,heap     ] GC(145) Survivor regions: 7->7(77)
[2026-01-28T10:47:18.412+0000][gc,heap     ] GC(145) Old regions: 75->76
[2026-01-28T10:47:18.412+0000][gc,heap     ] GC(145) Humongous regions: 10->10
[2026-01-28T10:47:18.412+0000][gc,metaspace] GC(145) Metaspace: 12442K(12864K)->12442K(12864K) NonClass: 11318K(11520K)->11318K(11520K) Class: 1123K(1344K)->1123K(1344K)
[2026-01-28T10:47:18.412+0000][gc          ] GC(145) Pause Young (Normal) (G1 Evacuation Pause) 698M->91M(1024M) 9.171ms
[2026-01-28T10:47:18.412+0000][gc,cpu      ] GC(145) User=0.06s Sys=0.00s Real=0.01s
[2026-01-28T10:47:30.313+0000][gc,start    ] GC(146) Pause Young (Normal) (G1 Evacuation Pause)
[2026-01-28T10:47:30.314+0000][gc,task     ] GC(146) Using 10 workers of 10 for evacuation
[2026-01-28T10:47:30.328+0000][gc,phases   ] GC(146)   Pre Evacuate Collection Set: 0.8ms
[2026-01-28T10:47:30.329+0000][gc,phases   ] GC(146)   Merge Heap Roots: 0.3ms
[2026-01-28T10:47:30.329+0000][gc,phases   ] GC(146)   Evacuate Collection Set: 10.8ms
[2026-01-28T10:47:30.329+0000][gc,phases   ] GC(146)   Post Evacuate Collection Set: 1.9ms
[2026-01-28T10:47:30.329+0000][gc,phases   ] GC(146)   Other: 0.2ms
[2026-01-28T10:47:30.329+0000][gc,heap     ] GC(146) Eden regions: 607->0(607)
[2026-01-28T10:47:30.329+0000][gc,heap     ] GC(146) Survivor regions: 7->7(77)
[2026-01-28T10:47:30.329+0000][gc,heap     ] GC(146) Old regions: 76->76
[2026-01-28T10:47:30.329+0000][gc,heap     ] GC(146) Humongous regions: 10->10
[2026-01-28T10:47:30.329+0000][gc,metaspace] GC(146) Metaspace: 12442K(12864K)->12442K(12864K) NonClass: 11318K(11520K)->11318K(11520K) Class: 1123K(1344K)->1123K(1344K)
[2026-01-28T10:47:30.329+0000][gc          ] GC(146) Pause Young (Normal) (G1 Evacuation Pause) 698M->92M(1024M) 15.903ms
[2026-01-28T10:47:30.329+0000][gc,cpu      ] GC(146) User=0.12s Sys=0.00s Real=0.01s
[2026-01-28T10:47:42.172+0000][gc,start    ] GC(147) Pause Young (Normal) (G1 Evacuation Pause)
[2026-01-28T10:47:42.172+0000][gc,task     ] GC(147) Using 10 workers of 10 for evacuation
[2026-01-28T10:47:42.178+0000][gc,phases   ] GC(147)   Pre Evacuate Collection Set: 0.6ms
[2026-01-28T10:47:42.178+0000][gc,phases   ] GC(147)   Merge Heap Roots: 0.3ms
[2026-01-28T10:47:42.178+0000][gc,phases   ] GC(147)   Evacuate Collection Set: 3.9ms
[2026-01-28T10:47:42.178+0000][gc,phases   ] GC(147)   Post Evacuate Collection Set: 0.5ms
[2026-01-28T10:47:42.178+0000][gc,phases   ] GC(147)   Other: 0.2ms
[2026-01-28T10:47:42.178+0000][gc,heap     ] GC(147) Eden regions: 607->0(607)
[2026-01-28T10:47:42.178+0000][gc,heap     ] GC(147) Survivor regions: 7->7(77)
[2026-01-28T10:47:42.178+0000][gc,heap     ] GC(147) Old regions: 76->76
[2026-01-28T10:47:42.178+0000][gc,heap     ] GC(147) Humongous regions: 10->10
[2026-01-28T10:47:42.178+0000][gc,metaspace] GC(147) Metaspace: 12442K(12864K)->12442K(12864K) NonClass: 11318K(11520K)->11318K(11520K) Class: 1123K(1344K)->1123K(1344K)
[2026-01-28T10:47:42.178+0000][gc          ] GC(147) Pause Young (Normal) (G1 Evacuation Pause) 699M->92M(1024M) 6.408ms
[2026-01-28T10:47:42.178+0000][gc,cpu      ] GC(147) User=0.04s Sys=0.00s Real=0.01s
[2026-01-28T10:47:53.162+0000][gc,start    ] GC(148) Pause Young (Normal) (G1 Evacuation Pause)
[2026-01-28T10:47:53.162+0000][gc,task     ] GC(148) Using 10 workers of 10 for evacuation
[2026-01-28T10:47:53.174+0000][gc,phases   ] GC(148)   Pre Evacuate Collection Set: 0.9ms
[2026-01-28T10:47:53.174+0000][gc,phases   ] GC(148)   Merge Heap Roots: 0.3ms
[2026-01-28T10:47:53.174+0000][gc,phases   ] GC(148)   Evacuate Collection Set: 8.4ms
[2026-01-28T10:47:53.174+0000][gc,phases   ] GC(148)   Post Evacuate Collection Set: 1.3ms
[2026-01-28T10:47:53.174+0000][gc,phases   ] GC(148)   Other: 0.4ms
[2026-01-28T10:47:53.174+0000][gc,heap     ] GC(148) Eden regions: 607->0(605)
[2026-01-28T10:47:53.174+0000][gc,heap     ] GC(148) Survivor regions: 7->9(77)
[2026-01-28T10:47:53.174+0000][gc,heap     ] GC(148) Old regions: 76->77
[2026-01-28T10:47:53.174+0000][gc,heap     ] GC(148) Humongous regions: 10->10
[2026-01-28T10:47:53.174+0000][gc,metaspace] GC(148) Metaspace: 12442K(12864K)->12442K(12864K) NonClass: 11318K(11520K)->11318K(11520K) Class: 1123K(1344K)->1123K(1344K)
[2026-01-28T10:47:53.174+0000][gc          ] GC(148) Pause Young (Normal) (G1 Evacuation Pause) 699M->94M(1024M) 12.437ms
[2026-01-28T10:47:53.174+0000][gc,cpu      ] GC(148) User=0.10s Sys=0.00s Real=0.02s
[2026-01-28T10:48:04.498+0000][gc,start    ] GC(149) Pause Young (Normal) (G1 Evacuation Pause)
[2026-01-28T10:48:04.499+0000][gc,task     ] GC(149) Using 10 workers of 10 for evacuation
[2026-01-28T10:48:04.508+0000][gc,phases   ] GC(149)   Pre Evacuate Collection Set: 1.0ms
[2026-01-28T10:48:04.508+0000][gc,phases   ] GC(149)   Merge Heap Roots: 0.9ms
[2026-01-28T10:48:04.508+0000][gc,phases   ] GC(149)   Evacuate Collection Set: 5.9ms
[2026-01-28T10:48:04.509+0000][gc,phases   ] GC(149)   Post Evacuate Collection Set: 1.0ms
[2026-01-28T10:48:04.509+0000][gc,phases   ] GC(149)   Other: 0.3ms
[2026-01-28T10:48:04.509+0000][gc,heap     ] GC(149) Eden regions: 605->0(607)
[2026-01-28T10:48:04.509+0000][gc,heap     ] GC(149) Survivor regions: 9->7(77)
[2026-01-28T10:48:04.509+0000][gc,heap     ] GC(149) Old regions: 77->77
[2026-01-28T10:48:04.509+0000][gc,heap     ] GC(149) Humongous regions: 10->10
[2026-01-28T10:48:04.509+0000][gc,metaspace] GC(149) Metaspace: 12444K(12864K)->12444K(12864K) NonClass: 11321K(11520K)->11321K(11520K) Class: 1123K(1344K)->1123K(1344K)
[2026-01-28T10:48:04.509+0000][gc          ] GC(149) Pause Young (Normal) (G1 Evacuation Pause) 699M->93M(1024M) 10.678ms
[2026-01-28T10:48:04.509+0000][gc,cpu      ] GC(149) User=0.08s Sys=0.00s Real=0.01s
[2026-01-28T10:48:16.606+0000][gc,start    ] GC(150) Pause Young (Normal) (G1 Evacuation Pause)
[2026-01-28T10:48:16.607+0000][gc,task     ] GC(150) Using 10 workers of 10 for evacuation
[2026-01-28T10:48:16.621+0000][gc,phases   ] GC(150)   Pre Evacuate Collection Set: 0.7ms
[2026-01-28T10:48:16.621+0000][gc,phases   ] GC(150)   Merge Heap Roots: 0.4ms
[2026-01-28T10:48:16.622+0000][gc,phases   ] GC(150)   Evacuate Collection Set: 11.3ms
[2026-01-28T10:48:16.622+0000][gc,phases   ] GC(150)   Post Evacuate Collection Set: 1.3ms
[2026-01-28T10:48:16.622+0000][gc,phases   ] GC(150)   Other: 0.3ms
[2026-01-28T10:48:16.622+0000][gc,heap     ] GC(150) Eden regions: 607->0(607)
[2026-01-28T10:48:16.622+0000][gc,heap     ] GC(150) Survivor regions: 7->7(77)
[2026-01-28T10:48:16.622+0000][gc,heap     ] GC(150) Old regions: 77->78
[2026-01-28T10:48:16.622+0000][gc,heap     ] GC(150) Humongous regions: 10->10
[2026-01-28T10:48:16.622+0000][gc,metaspace] GC(150) Metaspace: 12448K(12864K)->12448K(12864K) NonClass: 11325K(11520K)->11325K(11520K) Class: 1123K(1344K)->1123K(1344K)
[2026-01-28T10:48:16.622+0000][gc          ] GC(150) Pause Young (Normal) (G1 Evacuation Pause) 700M->94M(1024M) 15.770ms
[2026-01-28T10:48:16.622+0000][gc,cpu      ] GC(150) User=0.13s Sys=0.00s Real=0.02s
[2026-01-28T10:48:28.603+0000][gc,start    ] GC(151) Pause Young (Normal) (G1 Evacuation Pause)
[2026-01-28T10:48:28.603+0000][gc,task     ] GC(151) Using 10 workers of 10 for evacuation
[2026-01-28T10:48:28.617+0000][gc,phases   ] GC(151)   Pre Evacuate Collection Set: 0.8ms
[2026-01-28T10:48:28.617+0000][gc,phases   ] GC(151)   Merge Heap Roots: 0.4ms
[2026-01-28T10:48:28.617+0000][gc,phases   ] GC(151)   Evacuate Collection Set: 11.0ms
[2026-01-28T10:48:28.617+0000][gc,phases   ] GC(151)   Post Evacuate Collection Set: 1.3ms
[2026-01-28T10:48:28.617+0000][gc,phases   ] GC(151)   Other: 0.2ms
[2026-01-28T10:48:28.617+0000][gc,heap     ] GC(151) Eden regions: 607->0(607)
[2026-01-28T10:48:28.618+0000][gc,heap     ] GC(151) Survivor regions: 7->7(77)
[2026-01-28T10:48:28.618+0000][gc,heap     ] GC(151) Old regions: 78->78
[2026-01-28T10:48:28.618+0000][gc,heap     ] GC(151) Humongous regions: 10->10
[2026-01-28T10:48:28.618+0000][gc,metaspace] GC(151) Metaspace: 12448K(12864K)->12448K(12864K) NonClass: 11325K(11520K)->11325K(11520K) Class: 1123K(1344K)->1123K(1344K)
[2026-01-28T10:48:28.618+0000][gc          ] GC(151) Pause Young (Normal) (G1 Evacuation Pause) 701M->94M(1024M) 15.166ms
[2026-01-28T10:48:28.618+0000][gc,cpu      ] GC(151) User=0.13s Sys=0.00s Real=0.01s
[2026-01-28T10:48:40.647+0000][gc,start    ] GC(152) Pause Young (Normal) (G1 Evacuation Pause)
[2026-01-28T10:48:40.648+0000][gc,task     ] GC(152) Using 10 workers of 10 for evacuation
[2026-01-28T10:48:40.670+0000][gc,phases   ] GC(152)   Pre Evacuate Collection Set: 1.1ms
[2026-01-28T10:48:40.670+0000][gc,phases   ] GC(152)   Merge Heap Roots: 0.3ms
[2026-01-28T10:48:40.670+0000][gc,phases   ] GC(152)   Evacuate Collection Set: 18.4ms
[2026-01-28T10:48:40.670+0000][gc,phases   ] GC(152)   Post Evacuate Collection Set: 1.8ms
[2026-01-28T10:48:40.671+0000][gc,phases   ] GC(152)   Other: 0.4ms
[2026-01-28T10:48:40.671+0000][gc,heap     ] GC(152) Eden regions: 607->0(607)
[2026-01-28T10:48:40.671+0000][gc,heap     ] GC(152) Survivor regions: 7->7(77)
[2026-01-28T10:48:40.671+0000][gc,heap     ] GC(152) Old regions: 78->79
[2026-01-28T10:48:40.671+0000][gc,heap     ] GC(152) Humongous regions: 10->10
[2026-01-28T10:48:40.671+0000][gc,metaspace] GC(152) Metaspace: 12450K(12864K)->12450K(12864K) NonClass: 11326K(11520K)->11326K(11520K) Class: 1123K(1344K)->1123K(1344K)
[2026-01-28T10:48:40.671+0000][gc          ] GC(152) Pause Young (Normal) (G1 Evacuation Pause) 701M->95M(1024M) 23.819ms
[2026-01-28T10:48:40.671+0000][gc,cpu      ] GC(152) User=0.20s Sys=0.00s Real=0.03s
[2026-01-28T10:48:52.962+0000][gc,start    ] GC(153) Pause Young (Normal) (G1 Evacuation Pause)
[2026-01-28T10:48:52.963+0000][gc,task     ] GC(153) Using 10 workers of 10 for evacuation
[2026-01-28T10:48:52.981+0000][gc,phases   ] GC(153)   Pre Evacuate Collection Set: 2.4ms
[2026-01-28T10:48:52.981+0000][gc,phases   ] GC(153)   Merge Heap Roots: 1.6ms
[2026-01-28T10:48:52.981+0000][gc,phases   ] GC(153)   Evacuate Collection Set: 12.8ms
[2026-01-28T10:48:52.981+0000][gc,phases   ] GC(153)   Post Evacuate Collection Set: 0.9ms
[2026-01-28T10:48:52.981+0000][gc,phases   ] GC(153)   Other: 0.4ms
[2026-01-28T10:48:52.981+0000][gc,heap     ] GC(153) Eden regions: 607->0(607)
[2026-01-28T10:48:52.981+0000][gc,heap     ] GC(153) Survivor regions: 7->7(77)
[2026-01-28T10:48:52.981+0000][gc,heap     ] GC(153) Old regions: 79->79
[2026-01-28T10:48:52.981+0000][gc,heap     ] GC(153) Humongous regions: 10->10
[2026-01-28T10:48:52.981+0000][gc,metaspace] GC(153) Metaspace: 12456K(12864K)->12456K(12864K) NonClass: 11332K(11520K)->11332K(11520K) Class: 1123K(1344K)->1123K(1344K)
[2026-01-28T10:48:52.982+0000][gc          ] GC(153) Pause Young (Normal) (G1 Evacuation Pause) 702M->95M(1024M) 19.784ms
[2026-01-28T10:48:52.982+0000][gc,cpu      ] GC(153) User=0.16s Sys=0.00s Real=0.02s
[2026-01-28T10:49:03.123+0000][gc,start    ] GC(154) Pause Young (Normal) (G1 Evacuation Pause)
[2026-01-28T10:49:03.124+0000][gc,task     ] GC(154) Using 10 workers of 10 for evacuation
[2026-01-28T10:49:03.129+0000][gc,phases   ] GC(154)   Pre Evacuate Collection Set: 0.6ms
[2026-01-28T10:49:03.129+0000][gc,phases   ] GC(154)   Merge Heap Roots: 0.3ms
[2026-01-28T10:49:03.129+0000][gc,phases   ] GC(154)   Evacuate Collection Set: 4.0ms
[2026-01-28T10:49:03.129+0000][gc,phases   ] GC(154)   Post Evacuate Collection Set: 0.5ms
[2026-01-28T10:49:03.129+0000][gc,phases   ] GC(154)   Other: 0.1ms
[2026-01-28T10:49:03.129+0000][gc,heap     ] GC(154) Eden regions: 607->0(605)
[2026-01-28T10:49:03.129+0000][gc,heap     ] GC(154) Survivor regions: 7->9(77)
[2026-01-28T10:49:03.129+0000][gc,heap     ] GC(154) Old regions: 79->80
[2026-01-28T10:49:03.129+0000][gc,heap     ] GC(154) Humongous regions: 10->10
[2026-01-28T10:49:03.129+0000][gc,metaspace] GC(154) Metaspace: 12456K(12864K)->12456K(12864K) NonClass: 11332K(11520K)->11332K(11520K) Class: 1123K(1344K)->1123K(1344K)
[2026-01-28T10:49:03.130+0000][gc          ] GC(154) Pause Young (Normal) (G1 Evacuation Pause) 702M->97M(1024M) 6.822ms
[2026-01-28T10:49:03.130+0000][gc,cpu      ] GC(154) User=0.05s Sys=0.00s Real=0.00s
[2026-01-28T10:49:14.355+0000][gc,start    ] GC(155) Pause Young (Normal) (G1 Evacuation Pause)
[2026-01-28T10:49:14.356+0000][gc,task     ] GC(155) Using 10 workers of 10 for evacuation
[2026-01-28T10:49:14.361+0000][gc,phases   ] GC(155)   Pre Evacuate Collection Set: 0.6ms
[2026-01-28T10:49:14.361+0000][gc,phases   ] GC(155)   Merge Heap Roots: 0.2ms
[2026-01-28T10:49:14.361+0000][gc,phases   ] GC(155)   Evacuate Collection Set: 3.6ms
[2026-01-28T10:49:14.361+0000][gc,phases   ] GC(155)   Post Evacuate Collection Set: 0.5ms
[2026-01-28T10:49:14.361+0000][gc,phases   ] GC(155)   Other: 0.1ms
[2026-01-28T10:49:14.361+0000][gc,heap     ] GC(155) Eden regions: 605->0(607)
[2026-01-28T10:49:14.361+0000][gc,heap     ] GC(155) Survivor regions: 9->7(77)
[2026-01-28T10:49:14.361+0000][gc,heap     ] GC(155) Old regions: 80->80
[2026-01-28T10:49:14.362+0000][gc,heap     ] GC(155) Humongous regions: 10->10
[2026-01-28T10:49:14.362+0000][gc,metaspace] GC(155) Metaspace: 12467K(12864K)->12467K(12864K) NonClass: 11343K(11520K)->11343K(11520K) Class: 1123K(1344K)->1123K(1344K)
[2026-01-28T10:49:14.362+0000][gc          ] GC(155) Pause Young (Normal) (G1 Evacuation Pause) 702M->96M(1024M) 6.466ms
[2026-01-28T10:49:14.362+0000][gc,cpu      ] GC(155) User=0.04s Sys=0.00s Real=0.01s
[2026-01-28T10:49:26.357+0000][gc,start    ] GC(156) Pause Young (Normal) (G1 Evacuation Pause)
[2026-01-28T10:49:26.358+0000][gc,task     ] GC(156) Using 10 workers of 10 for evacuation
[2026-01-28T10:49:26.379+0000][gc,phases   ] GC(156)   Pre Evacuate Collection Set: 2.1ms
[2026-01-28T10:49:26.379+0000][gc,phases   ] GC(156)   Merge Heap Roots: 5.2ms
[2026-01-28T10:49:26.379+0000][gc,phases   ] GC(156)   Evacuate Collection Set: 12.6ms
[2026-01-28T10:49:26.379+0000][gc,phases   ] GC(156)   Post Evacuate Collection Set: 0.9ms
[2026-01-28T10:49:26.379+0000][gc,phases   ] GC(156)   Other: 0.5ms
[2026-01-28T10:49:26.379+0000][gc,heap     ] GC(156) Eden regions: 607->0(607)
[2026-01-28T10:49:26.379+0000][gc,heap     ] GC(156) Survivor regions: 7->7(77)
[2026-01-28T10:49:26.379+0000][gc,heap     ] GC(156) Old regions: 80->80
[2026-01-28T10:49:26.379+0000][gc,heap     ] GC(156) Humongous regions: 10->10
[2026-01-28T10:49:26.379+0000][gc,metaspace] GC(156) Metaspace: 12467K(12864K)->12467K(12864K) NonClass: 11343K(11520K)->11343K(11520K) Class: 1123K(1344K)->1123K(1344K)
[2026-01-28T10:49:26.379+0000][gc          ] GC(156) Pause Young (Normal) (G1 Evacuation Pause) 703M->96M(1024M) 22.013ms
[2026-01-28T10:49:26.380+0000][gc,cpu      ] GC(156) User=0.19s Sys=0.00s Real=0.02s
[2026-01-28T10:49:38.511+0000][gc,start    ] GC(157) Pause Young (Normal) (G1 Evacuation Pause)
[2026-01-28T10:49:38.512+0000][gc,task     ] GC(157) Using 10 workers of 10 for evacuation
[2026-01-28T10:49:38.524+0000][gc,phases   ] GC(157)   Pre Evacuate Collection Set: 1.0ms
[2026-01-28T10:49:38.524+0000][gc,phases   ] GC(157)   Merge Heap Roots: 0.3ms
[2026-01-28T10:49:38.524+0000][gc,phases   ] GC(157)   Evacuate Collection Set: 8.9ms
[2026-01-28T10:49:38.524+0000][gc,phases   ] GC(157)   Post Evacuate Collection Set: 1.2ms
[2026-01-28T10:49:38.524+0000][gc,phases   ] GC(157)   Other: 0.2ms
[2026-01-28T10:49:38.524+0000][gc,heap     ] GC(157) Eden regions: 607->0(607)
[2026-01-28T10:49:38.524+0000][gc,heap     ] GC(157) Survivor regions: 7->7(77)
[2026-01-28T10:49:38.524+0000][gc,heap     ] GC(157) Old regions: 80->81
[2026-01-28T10:49:38.525+0000][gc,heap     ] GC(157) Humongous regions: 10->10
[2026-01-28T10:49:38.525+0000][gc,metaspace] GC(157) Metaspace: 12467K(12864K)->12467K(12864K) NonClass: 11343K(11520K)->11343K(11520K) Class: 1123K(1344K)->1123K(1344K)
[2026-01-28T10:49:38.525+0000][gc          ] GC(157) Pause Young (Normal) (G1 Evacuation Pause) 703M->97M(1024M) 13.210ms
[2026-01-28T10:49:38.525+0000][gc,cpu      ] GC(157) User=0.10s Sys=0.00s Real=0.01s
[2026-01-28T10:49:50.547+0000][gc,start    ] GC(158) Pause Young (Normal) (G1 Evacuation Pause)
[2026-01-28T10:49:50.548+0000][gc,task     ] GC(158) Using 10 workers of 10 for evacuation
[2026-01-28T10:49:50.565+0000][gc,phases   ] GC(158)   Pre Evacuate Collection Set: 0.9ms
[2026-01-28T10:49:50.565+0000][gc,phases   ] GC(158)   Merge Heap Roots: 0.3ms
[2026-01-28T10:49:50.565+0000][gc,phases   ] GC(158)   Evacuate Collection Set: 13.6ms
[2026-01-28T10:49:50.565+0000][gc,phases   ] GC(158)   Post Evacuate Collection Set: 1.8ms
[2026-01-28T10:49:50.565+0000][gc,phases   ] GC(158)   Other: 0.2ms
[2026-01-28T10:49:50.565+0000][gc,heap     ] GC(158) Eden regions: 607->0(607)
[2026-01-28T10:49:50.565+0000][gc,heap     ] GC(158) Survivor regions: 7->7(77)
[2026-01-28T10:49:50.565+0000][gc,heap     ] GC(158) Old regions: 81->81
[2026-01-28T10:49:50.566+0000][gc,heap     ] GC(158) Humongous regions: 10->10
[2026-01-28T10:49:50.566+0000][gc,metaspace] GC(158) Metaspace: 12475K(12864K)->12475K(12864K) NonClass: 11351K(11520K)->11351K(11520K) Class: 1124K(1344K)->1124K(1344K)
[2026-01-28T10:49:50.566+0000][gc          ] GC(158) Pause Young (Normal) (G1 Evacuation Pause) 704M->97M(1024M) 18.576ms
[2026-01-28T10:49:50.566+0000][gc,cpu      ] GC(158) User=0.15s Sys=0.00s Real=0.02s
[2026-01-28T10:50:02.674+0000][gc,start    ] GC(159) Pause Young (Normal) (G1 Evacuation Pause)
[2026-01-28T10:50:02.675+0000][gc,task     ] GC(159) Using 10 workers of 10 for evacuation
[2026-01-28T10:50:02.695+0000][gc,phases   ] GC(159)   Pre Evacuate Collection Set: 1.0ms
[2026-01-28T10:50:02.695+0000][gc,phases   ] GC(159)   Merge Heap Roots: 0.4ms
[2026-01-28T10:50:02.695+0000][gc,phases   ] GC(159)   Evacuate Collection Set: 15.5ms
[2026-01-28T10:50:02.695+0000][gc,phases   ] GC(159)   Post Evacuate Collection Set: 2.9ms
[2026-01-28T10:50:02.695+0000][gc,phases   ] GC(159)   Other: 0.2ms
[2026-01-28T10:50:02.695+0000][gc,heap     ] GC(159) Eden regions: 607->0(607)
[2026-01-28T10:50:02.695+0000][gc,heap     ] GC(159) Survivor regions: 7->7(77)
[2026-01-28T10:50:02.695+0000][gc,heap     ] GC(159) Old regions: 81->82
[2026-01-28T10:50:02.695+0000][gc,heap     ] GC(159) Humongous regions: 10->10
[2026-01-28T10:50:02.695+0000][gc,metaspace] GC(159) Metaspace: 12475K(12864K)->12475K(12864K) NonClass: 11351K(11520K)->11351K(11520K) Class: 1124K(1344K)->1124K(1344K)
[2026-01-28T10:50:02.696+0000][gc          ] GC(159) Pause Young (Normal) (G1 Evacuation Pause) 704M->98M(1024M) 21.615ms
[2026-01-28T10:50:02.696+0000][gc,cpu      ] GC(159) User=0.17s Sys=0.00s Real=0.02s
[2026-01-28T10:50:13.142+0000][gc,start    ] GC(160) Pause Young (Normal) (G1 Evacuation Pause)
[2026-01-28T10:50:13.143+0000][gc,task     ] GC(160) Using 10 workers of 10 for evacuation
[2026-01-28T10:50:13.165+0000][gc,phases   ] GC(160)   Pre Evacuate Collection Set: 1.1ms
[2026-01-28T10:50:13.166+0000][gc,phases   ] GC(160)   Merge Heap Roots: 1.3ms
[2026-01-28T10:50:13.166+0000][gc,phases   ] GC(160)   Evacuate Collection Set: 18.9ms
[2026-01-28T10:50:13.166+0000][gc,phases   ] GC(160)   Post Evacuate Collection Set: 1.0ms
[2026-01-28T10:50:13.166+0000][gc,phases   ] GC(160)   Other: 0.2ms
[2026-01-28T10:50:13.166+0000][gc,heap     ] GC(160) Eden regions: 607->0(605)
[2026-01-28T10:50:13.166+0000][gc,heap     ] GC(160) Survivor regions: 7->9(77)
[2026-01-28T10:50:13.166+0000][gc,heap     ] GC(160) Old regions: 82->82
[2026-01-28T10:50:13.166+0000][gc,heap     ] GC(160) Humongous regions: 10->10
[2026-01-28T10:50:13.166+0000][gc,metaspace] GC(160) Metaspace: 12477K(12864K)->12477K(12864K) NonClass: 11353K(11520K)->11353K(11520K) Class: 1124K(1344K)->1124K(1344K)
[2026-01-28T10:50:13.166+0000][gc          ] GC(160) Pause Young (Normal) (G1 Evacuation Pause) 705M->100M(1024M) 23.996ms
[2026-01-28T10:50:13.166+0000][gc,cpu      ] GC(160) User=0.21s Sys=0.00s Real=0.02s
[2026-01-28T10:50:24.368+0000][gc,start    ] GC(161) Pause Young (Normal) (G1 Evacuation Pause)
[2026-01-28T10:50:24.369+0000][gc,task     ] GC(161) Using 10 workers of 10 for evacuation
[2026-01-28T10:50:24.374+0000][gc,phases   ] GC(161)   Pre Evacuate Collection Set: 0.6ms
[2026-01-28T10:50:24.374+0000][gc,phases   ] GC(161)   Merge Heap Roots: 0.3ms
[2026-01-28T10:50:24.374+0000][gc,phases   ] GC(161)   Evacuate Collection Set: 3.7ms
[2026-01-28T10:50:24.374+0000][gc,phases   ] GC(161)   Post Evacuate Collection Set: 0.5ms
[2026-01-28T10:50:24.374+0000][gc,phases   ] GC(161)   Other: 0.2ms
[2026-01-28T10:50:24.374+0000][gc,heap     ] GC(161) Eden regions: 605->0(607)
[2026-01-28T10:50:24.374+0000][gc,heap     ] GC(161) Survivor regions: 9->7(77)
[2026-01-28T10:50:24.374+0000][gc,heap     ] GC(161) Old regions: 82->83
[2026-01-28T10:50:24.374+0000][gc,heap     ] GC(161) Humongous regions: 10->10
[2026-01-28T10:50:24.374+0000][gc,metaspace] GC(161) Metaspace: 12482K(12864K)->12482K(12864K) NonClass: 11358K(11520K)->11358K(11520K) Class: 1124K(1344K)->1124K(1344K)
[2026-01-28T10:50:24.374+0000][gc          ] GC(161) Pause Young (Normal) (G1 Evacuation Pause) 705M->98M(1024M) 6.806ms
[2026-01-28T10:50:24.375+0000][gc,cpu      ] GC(161) User=0.04s Sys=0.00s Real=0.01s
[2026-01-28T10:50:36.458+0000][gc,start    ] GC(162) Pause Young (Normal) (G1 Evacuation Pause)
[2026-01-28T10:50:36.459+0000][gc,task     ] GC(162) Using 10 workers of 10 for evacuation
[2026-01-28T10:50:36.470+0000][gc,phases   ] GC(162)   Pre Evacuate Collection Set: 0.7ms
[2026-01-28T10:50:36.470+0000][gc,phases   ] GC(162)   Merge Heap Roots: 0.3ms
[2026-01-28T10:50:36.470+0000][gc,phases   ] GC(162)   Evacuate Collection Set: 9.0ms
[2026-01-28T10:50:36.470+0000][gc,phases   ] GC(162)   Post Evacuate Collection Set: 1.5ms
[2026-01-28T10:50:36.471+0000][gc,phases   ] GC(162)   Other: 0.1ms
[2026-01-28T10:50:36.471+0000][gc,heap     ] GC(162) Eden regions: 607->0(607)
[2026-01-28T10:50:36.471+0000][gc,heap     ] GC(162) Survivor regions: 7->7(77)
[2026-01-28T10:50:36.471+0000][gc,heap     ] GC(162) Old regions: 83->83
[2026-01-28T10:50:36.471+0000][gc,heap     ] GC(162) Humongous regions: 10->10
[2026-01-28T10:50:36.471+0000][gc,metaspace] GC(162) Metaspace: 12493K(12864K)->12493K(12864K) NonClass: 11369K(11520K)->11369K(11520K) Class: 1124K(1344K)->1124K(1344K)
[2026-01-28T10:50:36.471+0000][gc          ] GC(162) Pause Young (Normal) (G1 Evacuation Pause) 705M->99M(1024M) 12.917ms
[2026-01-28T10:50:36.471+0000][gc,cpu      ] GC(162) User=0.10s Sys=0.00s Real=0.02s
[2026-01-28T10:50:48.662+0000][gc,start    ] GC(163) Pause Young (Normal) (G1 Evacuation Pause)
[2026-01-28T10:50:48.663+0000][gc,task     ] GC(163) Using 10 workers of 10 for evacuation
[2026-01-28T10:50:48.683+0000][gc,phases   ] GC(163)   Pre Evacuate Collection Set: 0.9ms
[2026-01-28T10:50:48.683+0000][gc,phases   ] GC(163)   Merge Heap Roots: 0.5ms
[2026-01-28T10:50:48.683+0000][gc,phases   ] GC(163)   Evacuate Collection Set: 16.1ms
[2026-01-28T10:50:48.684+0000][gc,phases   ] GC(163)   Post Evacuate Collection Set: 2.6ms
[2026-01-28T10:50:48.684+0000][gc,phases   ] GC(163)   Other: 0.2ms
[2026-01-28T10:50:48.684+0000][gc,heap     ] GC(163) Eden regions: 607->0(607)
[2026-01-28T10:50:48.684+0000][gc,heap     ] GC(163) Survivor regions: 7->7(77)
[2026-01-28T10:50:48.684+0000][gc,heap     ] GC(163) Old regions: 83->84
[2026-01-28T10:50:48.684+0000][gc,heap     ] GC(163) Humongous regions: 10->10
[2026-01-28T10:50:48.684+0000][gc,metaspace] GC(163) Metaspace: 12527K(12864K)->12527K(12864K) NonClass: 11403K(11520K)->11403K(11520K) Class: 1124K(1344K)->1124K(1344K)
[2026-01-28T10:50:48.684+0000][gc          ] GC(163) Pause Young (Normal) (G1 Evacuation Pause) 706M->99M(1024M) 22.726ms
[2026-01-28T10:50:48.684+0000][gc,cpu      ] GC(163) User=0.18s Sys=0.00s Real=0.02s
[2026-01-28T10:51:00.856+0000][gc,start    ] GC(164) Pause Young (Normal) (G1 Evacuation Pause)
[2026-01-28T10:51:00.858+0000][gc,task     ] GC(164) Using 10 workers of 10 for evacuation
[2026-01-28T10:51:00.877+0000][gc,phases   ] GC(164)   Pre Evacuate Collection Set: 1.0ms
[2026-01-28T10:51:00.878+0000][gc,phases   ] GC(164)   Merge Heap Roots: 0.4ms
[2026-01-28T10:51:00.878+0000][gc,phases   ] GC(164)   Evacuate Collection Set: 16.7ms
[2026-01-28T10:51:00.878+0000][gc,phases   ] GC(164)   Post Evacuate Collection Set: 1.0ms
[2026-01-28T10:51:00.878+0000][gc,phases   ] GC(164)   Other: 0.3ms
[2026-01-28T10:51:00.878+0000][gc,heap     ] GC(164) Eden regions: 607->0(607)
[2026-01-28T10:51:00.878+0000][gc,heap     ] GC(164) Survivor regions: 7->7(77)
[2026-01-28T10:51:00.878+0000][gc,heap     ] GC(164) Old regions: 84->84
[2026-01-28T10:51:00.878+0000][gc,heap     ] GC(164) Humongous regions: 10->10
[2026-01-28T10:51:00.878+0000][gc,metaspace] GC(164) Metaspace: 12527K(12864K)->12527K(12864K) NonClass: 11403K(11520K)->11403K(11520K) Class: 1124K(1344K)->1124K(1344K)
[2026-01-28T10:51:00.878+0000][gc          ] GC(164) Pause Young (Normal) (G1 Evacuation Pause) 706M->100M(1024M) 22.305ms
[2026-01-28T10:51:00.878+0000][gc,cpu      ] GC(164) User=0.17s Sys=0.00s Real=0.02s
[2026-01-28T10:51:12.976+0000][gc,start    ] GC(165) Pause Young (Normal) (G1 Evacuation Pause)
[2026-01-28T10:51:12.977+0000][gc,task     ] GC(165) Using 10 workers of 10 for evacuation
[2026-01-28T10:51:12.986+0000][gc,phases   ] GC(165)   Pre Evacuate Collection Set: 0.8ms
[2026-01-28T10:51:12.986+0000][gc,phases   ] GC(165)   Merge Heap Roots: 0.4ms
[2026-01-28T10:51:12.986+0000][gc,phases   ] GC(165)   Evacuate Collection Set: 7.3ms
[2026-01-28T10:51:12.986+0000][gc,phases   ] GC(165)   Post Evacuate Collection Set: 0.9ms
[2026-01-28T10:51:12.986+0000][gc,phases   ] GC(165)   Other: 0.2ms
[2026-01-28T10:51:12.986+0000][gc,heap     ] GC(165) Eden regions: 607->0(607)
[2026-01-28T10:51:12.986+0000][gc,heap     ] GC(165) Survivor regions: 7->7(77)
[2026-01-28T10:51:12.986+0000][gc,heap     ] GC(165) Old regions: 84->84
[2026-01-28T10:51:12.986+0000][gc,heap     ] GC(165) Humongous regions: 10->10
[2026-01-28T10:51:12.986+0000][gc,metaspace] GC(165) Metaspace: 12528K(12864K)->12528K(12864K) NonClass: 11404K(11520K)->11404K(11520K) Class: 1124K(1344K)->1124K(1344K)
[2026-01-28T10:51:12.987+0000][gc          ] GC(165) Pause Young (Normal) (G1 Evacuation Pause) 707M->100M(1024M) 10.481ms
[2026-01-28T10:51:12.987+0000][gc,cpu      ] GC(165) User=0.08s Sys=0.00s Real=0.01s
[2026-01-28T10:51:23.116+0000][gc,start    ] GC(166) Pause Young (Normal) (G1 Evacuation Pause)
[2026-01-28T10:51:23.117+0000][gc,task     ] GC(166) Using 10 workers of 10 for evacuation
[2026-01-28T10:51:23.121+0000][gc,phases   ] GC(166)   Pre Evacuate Collection Set: 0.3ms
[2026-01-28T10:51:23.121+0000][gc,phases   ] GC(166)   Merge Heap Roots: 0.1ms
[2026-01-28T10:51:23.121+0000][gc,phases   ] GC(166)   Evacuate Collection Set: 2.9ms
[2026-01-28T10:51:23.121+0000][gc,phases   ] GC(166)   Post Evacuate Collection Set: 0.4ms
[2026-01-28T10:51:23.121+0000][gc,phases   ] GC(166)   Other: 0.1ms
[2026-01-28T10:51:23.121+0000][gc,heap     ] GC(166) Eden regions: 607->0(605)
[2026-01-28T10:51:23.121+0000][gc,heap     ] GC(166) Survivor regions: 7->9(77)
[2026-01-28T10:51:23.121+0000][gc,heap     ] GC(166) Old regions: 84->85
[2026-01-28T10:51:23.121+0000][gc,heap     ] GC(166) Humongous regions: 10->10
[2026-01-28T10:51:23.121+0000][gc,metaspace] GC(166) Metaspace: 12540K(12992K)->12540K(12992K) NonClass: 11416K(11648K)->11416K(11648K) Class: 1124K(1344K)->1124K(1344K)
[2026-01-28T10:51:23.121+0000][gc          ] GC(166) Pause Young (Normal) (G1 Evacuation Pause) 707M->103M(1024M) 5.394ms
[2026-01-28T10:51:23.121+0000][gc,cpu      ] GC(166) User=0.03s Sys=0.00s Real=0.01s
[2026-01-28T10:51:34.537+0000][gc,start    ] GC(167) Pause Young (Normal) (G1 Evacuation Pause)
[2026-01-28T10:51:34.538+0000][gc,task     ] GC(167) Using 10 workers of 10 for evacuation
[2026-01-28T10:51:34.545+0000][gc,phases   ] GC(167)   Pre Evacuate Collection Set: 0.9ms
[2026-01-28T10:51:34.545+0000][gc,phases   ] GC(167)   Merge Heap Roots: 0.3ms
[2026-01-28T10:51:34.545+0000][gc,phases   ] GC(167)   Evacuate Collection Set: 4.6ms
[2026-01-28T10:51:34.545+0000][gc,phases   ] GC(167)   Post Evacuate Collection Set: 0.7ms
[2026-01-28T10:51:34.545+0000][gc,phases   ] GC(167)   Other: 0.2ms
[2026-01-28T10:51:34.545+0000][gc,heap     ] GC(167) Eden regions: 605->0(607)
[2026-01-28T10:51:34.545+0000][gc,heap     ] GC(167) Survivor regions: 9->7(77)
[2026-01-28T10:51:34.545+0000][gc,heap     ] GC(167) Old regions: 85->85
[2026-01-28T10:51:34.545+0000][gc,heap     ] GC(167) Humongous regions: 10->10
[2026-01-28T10:51:34.545+0000][gc,metaspace] GC(167) Metaspace: 12540K(12992K)->12540K(12992K) NonClass: 11416K(11648K)->11416K(11648K) Class: 1124K(1344K)->1124K(1344K)
[2026-01-28T10:51:34.545+0000][gc          ] GC(167) Pause Young (Normal) (G1 Evacuation Pause) 708M->101M(1024M) 8.305ms
[2026-01-28T10:51:34.545+0000][gc,cpu      ] GC(167) User=0.05s Sys=0.00s Real=0.01s
[2026-01-28T10:51:46.658+0000][gc,start    ] GC(168) Pause Young (Normal) (G1 Evacuation Pause)
[2026-01-28T10:51:46.660+0000][gc,task     ] GC(168) Using 10 workers of 10 for evacuation
[2026-01-28T10:51:46.681+0000][gc,phases   ] GC(168)   Pre Evacuate Collection Set: 1.5ms
[2026-01-28T10:51:46.682+0000][gc,phases   ] GC(168)   Merge Heap Roots: 1.5ms
[2026-01-28T10:51:46.682+0000][gc,phases   ] GC(168)   Evacuate Collection Set: 15.0ms
[2026-01-28T10:51:46.682+0000][gc,phases   ] GC(168)   Post Evacuate Collection Set: 2.3ms
[2026-01-28T10:51:46.682+0000][gc,phases   ] GC(168)   Other: 1.1ms
[2026-01-28T10:51:46.682+0000][gc,heap     ] GC(168) Eden regions: 607->0(607)
[2026-01-28T10:51:46.682+0000][gc,heap     ] GC(168) Survivor regions: 7->7(77)
[2026-01-28T10:51:46.682+0000][gc,heap     ] GC(168) Old regions: 85->86
[2026-01-28T10:51:46.682+0000][gc,heap     ] GC(168) Humongous regions: 10->10
[2026-01-28T10:51:46.682+0000][gc,metaspace] GC(168) Metaspace: 12541K(12992K)->12541K(12992K) NonClass: 11417K(11648K)->11417K(11648K) Class: 1124K(1344K)->1124K(1344K)
[2026-01-28T10:51:46.682+0000][gc          ] GC(168) Pause Young (Normal) (G1 Evacuation Pause) 708M->102M(1024M) 24.360ms
[2026-01-28T10:51:46.683+0000][gc,cpu      ] GC(168) User=0.18s Sys=0.00s Real=0.03s
[2026-01-28T10:51:58.809+0000][gc,start    ] GC(169) Pause Young (Normal) (G1 Evacuation Pause)
[2026-01-28T10:51:58.810+0000][gc,task     ] GC(169) Using 10 workers of 10 for evacuation
[2026-01-28T10:51:58.816+0000][gc,phases   ] GC(169)   Pre Evacuate Collection Set: 0.7ms
[2026-01-28T10:51:58.816+0000][gc,phases   ] GC(169)   Merge Heap Roots: 0.4ms
[2026-01-28T10:51:58.816+0000][gc,phases   ] GC(169)   Evacuate Collection Set: 4.5ms
[2026-01-28T10:51:58.816+0000][gc,phases   ] GC(169)   Post Evacuate Collection Set: 0.6ms
[2026-01-28T10:51:58.816+0000][gc,phases   ] GC(169)   Other: 0.2ms
[2026-01-28T10:51:58.816+0000][gc,heap     ] GC(169) Eden regions: 607->0(607)
[2026-01-28T10:51:58.816+0000][gc,heap     ] GC(169) Survivor regions: 7->7(77)
[2026-01-28T10:51:58.817+0000][gc,heap     ] GC(169) Old regions: 86->86
[2026-01-28T10:51:58.817+0000][gc,heap     ] GC(169) Humongous regions: 10->10
[2026-01-28T10:51:58.817+0000][gc,metaspace] GC(169) Metaspace: 12541K(12992K)->12541K(12992K) NonClass: 11417K(11648K)->11417K(11648K) Class: 1124K(1344K)->1124K(1344K)
[2026-01-28T10:51:58.817+0000][gc          ] GC(169) Pause Young (Normal) (G1 Evacuation Pause) 709M->102M(1024M) 7.979ms
[2026-01-28T10:51:58.817+0000][gc,cpu      ] GC(169) User=0.05s Sys=0.00s Real=0.01s
[2026-01-28T10:52:11.082+0000][gc,start    ] GC(170) Pause Young (Normal) (G1 Evacuation Pause)
[2026-01-28T10:52:11.083+0000][gc,task     ] GC(170) Using 10 workers of 10 for evacuation
[2026-01-28T10:52:11.092+0000][gc,phases   ] GC(170)   Pre Evacuate Collection Set: 1.1ms
[2026-01-28T10:52:11.092+0000][gc,phases   ] GC(170)   Merge Heap Roots: 0.3ms
[2026-01-28T10:52:11.092+0000][gc,phases   ] GC(170)   Evacuate Collection Set: 6.8ms
[2026-01-28T10:52:11.092+0000][gc,phases   ] GC(170)   Post Evacuate Collection Set: 0.8ms
[2026-01-28T10:52:11.092+0000][gc,phases   ] GC(170)   Other: 0.2ms
[2026-01-28T10:52:11.092+0000][gc,heap     ] GC(170) Eden regions: 607->0(607)
[2026-01-28T10:52:11.092+0000][gc,heap     ] GC(170) Survivor regions: 7->7(77)
[2026-01-28T10:52:11.092+0000][gc,heap     ] GC(170) Old regions: 86->87
[2026-01-28T10:52:11.092+0000][gc,heap     ] GC(170) Humongous regions: 10->10
[2026-01-28T10:52:11.092+0000][gc,metaspace] GC(170) Metaspace: 12543K(12992K)->12543K(12992K) NonClass: 11419K(11648K)->11419K(11648K) Class: 1124K(1344K)->1124K(1344K)
[2026-01-28T10:52:11.092+0000][gc          ] GC(170) Pause Young (Normal) (G1 Evacuation Pause) 709M->103M(1024M) 10.061ms
[2026-01-28T10:52:11.092+0000][gc,cpu      ] GC(170) User=0.08s Sys=0.00s Real=0.01s
[2026-01-28T10:52:23.006+0000][gc,start    ] GC(171) Pause Young (Normal) (G1 Evacuation Pause)
[2026-01-28T10:52:23.010+0000][gc,task     ] GC(171) Using 10 workers of 10 for evacuation
[2026-01-28T10:52:23.027+0000][gc,phases   ] GC(171)   Pre Evacuate Collection Set: 1.4ms
[2026-01-28T10:52:23.027+0000][gc,phases   ] GC(171)   Merge Heap Roots: 0.4ms
[2026-01-28T10:52:23.027+0000][gc,phases   ] GC(171)   Evacuate Collection Set: 14.2ms
[2026-01-28T10:52:23.027+0000][gc,phases   ] GC(171)   Post Evacuate Collection Set: 1.2ms
[2026-01-28T10:52:23.027+0000][gc,phases   ] GC(171)   Other: 0.4ms
[2026-01-28T10:52:23.028+0000][gc,heap     ] GC(171) Eden regions: 607->0(606)
[2026-01-28T10:52:23.028+0000][gc,heap     ] GC(171) Survivor regions: 7->8(77)
[2026-01-28T10:52:23.028+0000][gc,heap     ] GC(171) Old regions: 87->87
[2026-01-28T10:52:23.028+0000][gc,heap     ] GC(171) Humongous regions: 10->10
[2026-01-28T10:52:23.028+0000][gc,metaspace] GC(171) Metaspace: 12556K(12992K)->12556K(12992K) NonClass: 11432K(11648K)->11432K(11648K) Class: 1124K(1344K)->1124K(1344K)
[2026-01-28T10:52:23.028+0000][gc          ] GC(171) Pause Young (Normal) (G1 Evacuation Pause) 710M->103M(1024M) 21.963ms
[2026-01-28T10:52:23.028+0000][gc,cpu      ] GC(171) User=0.16s Sys=0.00s Real=0.02s
[2026-01-28T10:52:33.192+0000][gc,start    ] GC(172) Pause Young (Normal) (G1 Evacuation Pause)
[2026-01-28T10:52:33.192+0000][gc,task     ] GC(172) Using 10 workers of 10 for evacuation
[2026-01-28T10:52:33.214+0000][gc,phases   ] GC(172)   Pre Evacuate Collection Set: 0.9ms
[2026-01-28T10:52:33.214+0000][gc,phases   ] GC(172)   Merge Heap Roots: 0.8ms
[2026-01-28T10:52:33.214+0000][gc,phases   ] GC(172)   Evacuate Collection Set: 18.7ms
[2026-01-28T10:52:33.214+0000][gc,phases   ] GC(172)   Post Evacuate Collection Set: 1.2ms
[2026-01-28T10:52:33.214+0000][gc,phases   ] GC(172)   Other: 0.1ms
[2026-01-28T10:52:33.214+0000][gc,heap     ] GC(172) Eden regions: 606->0(605)
[2026-01-28T10:52:33.214+0000][gc,heap     ] GC(172) Survivor regions: 8->9(77)
[2026-01-28T10:52:33.214+0000][gc,heap     ] GC(172) Old regions: 87->88
[2026-01-28T10:52:33.214+0000][gc,heap     ] GC(172) Humongous regions: 10->10
[2026-01-28T10:52:33.214+0000][gc,metaspace] GC(172) Metaspace: 12561K(12992K)->12561K(12992K) NonClass: 11437K(11648K)->11437K(11648K) Class: 1124K(1344K)->1124K(1344K)
[2026-01-28T10:52:33.215+0000][gc          ] GC(172) Pause Young (Normal) (G1 Evacuation Pause) 709M->106M(1024M) 22.945ms
[2026-01-28T10:52:33.215+0000][gc,cpu      ] GC(172) User=0.20s Sys=0.00s Real=0.02s
[2026-01-28T10:52:45.082+0000][gc,start    ] GC(173) Pause Young (Normal) (G1 Evacuation Pause)
[2026-01-28T10:52:45.083+0000][gc,task     ] GC(173) Using 10 workers of 10 for evacuation
[2026-01-28T10:52:45.088+0000][gc,phases   ] GC(173)   Pre Evacuate Collection Set: 0.6ms
[2026-01-28T10:52:45.088+0000][gc,phases   ] GC(173)   Merge Heap Roots: 0.3ms
[2026-01-28T10:52:45.088+0000][gc,phases   ] GC(173)   Evacuate Collection Set: 3.7ms
[2026-01-28T10:52:45.088+0000][gc,phases   ] GC(173)   Post Evacuate Collection Set: 0.5ms
[2026-01-28T10:52:45.088+0000][gc,phases   ] GC(173)   Other: 0.1ms
[2026-01-28T10:52:45.088+0000][gc,heap     ] GC(173) Eden regions: 605->0(607)
[2026-01-28T10:52:45.088+0000][gc,heap     ] GC(173) Survivor regions: 9->7(77)
[2026-01-28T10:52:45.088+0000][gc,heap     ] GC(173) Old regions: 88->88
[2026-01-28T10:52:45.088+0000][gc,heap     ] GC(173) Humongous regions: 10->10
[2026-01-28T10:52:45.088+0000][gc,metaspace] GC(173) Metaspace: 12561K(12992K)->12561K(12992K) NonClass: 11437K(11648K)->11437K(11648K) Class: 1124K(1344K)->1124K(1344K)
[2026-01-28T10:52:45.088+0000][gc          ] GC(173) Pause Young (Normal) (G1 Evacuation Pause) 711M->104M(1024M) 5.973ms
[2026-01-28T10:52:45.088+0000][gc,cpu      ] GC(173) User=0.04s Sys=0.00s Real=0.00s
[2026-01-28T10:52:57.565+0000][gc,start    ] GC(174) Pause Young (Normal) (G1 Evacuation Pause)
[2026-01-28T10:52:57.566+0000][gc,task     ] GC(174) Using 10 workers of 10 for evacuation
[2026-01-28T10:52:57.574+0000][gc,phases   ] GC(174)   Pre Evacuate Collection Set: 0.8ms
[2026-01-28T10:52:57.574+0000][gc,phases   ] GC(174)   Merge Heap Roots: 0.4ms
[2026-01-28T10:52:57.574+0000][gc,phases   ] GC(174)   Evacuate Collection Set: 5.9ms
[2026-01-28T10:52:57.575+0000][gc,phases   ] GC(174)   Post Evacuate Collection Set: 1.1ms
[2026-01-28T10:52:57.575+0000][gc,phases   ] GC(174)   Other: 0.1ms
[2026-01-28T10:52:57.575+0000][gc,heap     ] GC(174) Eden regions: 607->0(607)
[2026-01-28T10:52:57.575+0000][gc,heap     ] GC(174) Survivor regions: 7->7(77)
[2026-01-28T10:52:57.575+0000][gc,heap     ] GC(174) Old regions: 88->89
[2026-01-28T10:52:57.575+0000][gc,heap     ] GC(174) Humongous regions: 10->10
[2026-01-28T10:52:57.575+0000][gc,metaspace] GC(174) Metaspace: 12562K(12992K)->12562K(12992K) NonClass: 11438K(11648K)->11438K(11648K) Class: 1124K(1344K)->1124K(1344K)
[2026-01-28T10:52:57.575+0000][gc          ] GC(174) Pause Young (Normal) (G1 Evacuation Pause) 711M->104M(1024M) 9.982ms
[2026-01-28T10:52:57.575+0000][gc,cpu      ] GC(174) User=0.07s Sys=0.01s Real=0.01s
[2026-01-28T10:53:09.622+0000][gc,start    ] GC(175) Pause Young (Normal) (G1 Evacuation Pause)
[2026-01-28T10:53:09.622+0000][gc,task     ] GC(175) Using 10 workers of 10 for evacuation
[2026-01-28T10:53:09.630+0000][gc,phases   ] GC(175)   Pre Evacuate Collection Set: 0.7ms
[2026-01-28T10:53:09.631+0000][gc,phases   ] GC(175)   Merge Heap Roots: 0.2ms
[2026-01-28T10:53:09.631+0000][gc,phases   ] GC(175)   Evacuate Collection Set: 6.5ms
[2026-01-28T10:53:09.631+0000][gc,phases   ] GC(175)   Post Evacuate Collection Set: 0.8ms
[2026-01-28T10:53:09.631+0000][gc,phases   ] GC(175)   Other: 0.1ms
[2026-01-28T10:53:09.631+0000][gc,heap     ] GC(175) Eden regions: 607->0(607)
[2026-01-28T10:53:09.631+0000][gc,heap     ] GC(175) Survivor regions: 7->7(77)
[2026-01-28T10:53:09.631+0000][gc,heap     ] GC(175) Old regions: 89->89
[2026-01-28T10:53:09.631+0000][gc,heap     ] GC(175) Humongous regions: 10->10
[2026-01-28T10:53:09.631+0000][gc,metaspace] GC(175) Metaspace: 12572K(12992K)->12572K(12992K) NonClass: 11448K(11648K)->11448K(11648K) Class: 1124K(1344K)->1124K(1344K)
[2026-01-28T10:53:09.631+0000][gc          ] GC(175) Pause Young (Normal) (G1 Evacuation Pause) 711M->105M(1024M) 9.367ms
[2026-01-28T10:53:09.631+0000][gc,cpu      ] GC(175) User=0.06s Sys=0.00s Real=0.01s
[2026-01-28T10:53:21.789+0000][gc,start    ] GC(176) Pause Young (Normal) (G1 Evacuation Pause)
[2026-01-28T10:53:21.789+0000][gc,task     ] GC(176) Using 10 workers of 10 for evacuation
[2026-01-28T10:53:21.809+0000][gc,phases   ] GC(176)   Pre Evacuate Collection Set: 1.9ms
[2026-01-28T10:53:21.809+0000][gc,phases   ] GC(176)   Merge Heap Roots: 1.6ms
[2026-01-28T10:53:21.809+0000][gc,phases   ] GC(176)   Evacuate Collection Set: 14.7ms
[2026-01-28T10:53:21.809+0000][gc,phases   ] GC(176)   Post Evacuate Collection Set: 0.9ms
[2026-01-28T10:53:21.809+0000][gc,phases   ] GC(176)   Other: 0.3ms
[2026-01-28T10:53:21.809+0000][gc,heap     ] GC(176) Eden regions: 607->0(607)
[2026-01-28T10:53:21.809+0000][gc,heap     ] GC(176) Survivor regions: 7->7(77)
[2026-01-28T10:53:21.809+0000][gc,heap     ] GC(176) Old regions: 89->89
[2026-01-28T10:53:21.809+0000][gc,heap     ] GC(176) Humongous regions: 10->10
[2026-01-28T10:53:21.809+0000][gc,metaspace] GC(176) Metaspace: 12592K(12992K)->12592K(12992K) NonClass: 11468K(11648K)->11468K(11648K) Class: 1124K(1344K)->1124K(1344K)
[2026-01-28T10:53:21.809+0000][gc          ] GC(176) Pause Young (Normal) (G1 Evacuation Pause) 712M->105M(1024M) 20.316ms
[2026-01-28T10:53:21.809+0000][gc,cpu      ] GC(176) User=0.18s Sys=0.00s Real=0.02s
[2026-01-28T10:53:33.032+0000][gc,start    ] GC(177) Pause Young (Normal) (G1 Evacuation Pause)
[2026-01-28T10:53:33.033+0000][gc,task     ] GC(177) Using 10 workers of 10 for evacuation
[2026-01-28T10:53:33.039+0000][gc,phases   ] GC(177)   Pre Evacuate Collection Set: 0.7ms
[2026-01-28T10:53:33.039+0000][gc,phases   ] GC(177)   Merge Heap Roots: 0.2ms
[2026-01-28T10:53:33.039+0000][gc,phases   ] GC(177)   Evacuate Collection Set: 4.2ms
[2026-01-28T10:53:33.039+0000][gc,phases   ] GC(177)   Post Evacuate Collection Set: 0.6ms
[2026-01-28T10:53:33.039+0000][gc,phases   ] GC(177)   Other: 0.1ms
[2026-01-28T10:53:33.039+0000][gc,heap     ] GC(177) Eden regions: 607->0(606)
[2026-01-28T10:53:33.039+0000][gc,heap     ] GC(177) Survivor regions: 7->8(77)
[2026-01-28T10:53:33.039+0000][gc,heap     ] GC(177) Old regions: 89->90
[2026-01-28T10:53:33.039+0000][gc,heap     ] GC(177) Humongous regions: 10->10
[2026-01-28T10:53:33.039+0000][gc,metaspace] GC(177) Metaspace: 12609K(12992K)->12609K(12992K) NonClass: 11485K(11648K)->11485K(11648K) Class: 1124K(1344K)->1124K(1344K)
[2026-01-28T10:53:33.040+0000][gc          ] GC(177) Pause Young (Normal) (G1 Evacuation Pause) 712M->106M(1024M) 7.209ms
[2026-01-28T10:53:33.040+0000][gc,cpu      ] GC(177) User=0.05s Sys=0.00s Real=0.00s
[2026-01-28T10:53:43.901+0000][gc,start    ] GC(178) Pause Young (Normal) (G1 Evacuation Pause)
[2026-01-28T10:53:43.902+0000][gc,task     ] GC(178) Using 10 workers of 10 for evacuation
[2026-01-28T10:53:43.909+0000][gc,phases   ] GC(178)   Pre Evacuate Collection Set: 0.9ms
[2026-01-28T10:53:43.910+0000][gc,phases   ] GC(178)   Merge Heap Roots: 0.3ms
[2026-01-28T10:53:43.910+0000][gc,phases   ] GC(178)   Evacuate Collection Set: 5.0ms
[2026-01-28T10:53:43.910+0000][gc,phases   ] GC(178)   Post Evacuate Collection Set: 0.7ms
[2026-01-28T10:53:43.910+0000][gc,phases   ] GC(178)   Other: 0.1ms
[2026-01-28T10:53:43.910+0000][gc,heap     ] GC(178) Eden regions: 606->0(607)
[2026-01-28T10:53:43.910+0000][gc,heap     ] GC(178) Survivor regions: 8->7(77)
[2026-01-28T10:53:43.910+0000][gc,heap     ] GC(178) Old regions: 90->90
[2026-01-28T10:53:43.910+0000][gc,heap     ] GC(178) Humongous regions: 10->10
[2026-01-28T10:53:43.910+0000][gc,metaspace] GC(178) Metaspace: 12613K(12992K)->12613K(12992K) NonClass: 11489K(11648K)->11489K(11648K) Class: 1124K(1344K)->1124K(1344K)
[2026-01-28T10:53:43.910+0000][gc          ] GC(178) Pause Young (Normal) (G1 Evacuation Pause) 712M->106M(1024M) 8.605ms
[2026-01-28T10:53:43.910+0000][gc,cpu      ] GC(178) User=0.06s Sys=0.00s Real=0.00s
[2026-01-28T10:53:56.147+0000][gc,start    ] GC(179) Pause Young (Normal) (G1 Evacuation Pause)
[2026-01-28T10:53:56.148+0000][gc,task     ] GC(179) Using 10 workers of 10 for evacuation
[2026-01-28T10:53:56.162+0000][gc,phases   ] GC(179)   Pre Evacuate Collection Set: 0.7ms
[2026-01-28T10:53:56.162+0000][gc,phases   ] GC(179)   Merge Heap Roots: 0.4ms
[2026-01-28T10:53:56.162+0000][gc,phases   ] GC(179)   Evacuate Collection Set: 11.8ms
[2026-01-28T10:53:56.162+0000][gc,phases   ] GC(179)   Post Evacuate Collection Set: 0.8ms
[2026-01-28T10:53:56.163+0000][gc,phases   ] GC(179)   Other: 0.2ms
[2026-01-28T10:53:56.163+0000][gc,heap     ] GC(179) Eden regions: 607->0(607)
[2026-01-28T10:53:56.163+0000][gc,heap     ] GC(179) Survivor regions: 7->7(77)
[2026-01-28T10:53:56.163+0000][gc,heap     ] GC(179) Old regions: 90->91
[2026-01-28T10:53:56.163+0000][gc,heap     ] GC(179) Humongous regions: 10->10
[2026-01-28T10:53:56.163+0000][gc,metaspace] GC(179) Metaspace: 12616K(12992K)->12616K(12992K) NonClass: 11491K(11648K)->11491K(11648K) Class: 1124K(1344K)->1124K(1344K)
[2026-01-28T10:53:56.163+0000][gc          ] GC(179) Pause Young (Normal) (G1 Evacuation Pause) 713M->106M(1024M) 15.569ms
[2026-01-28T10:53:56.163+0000][gc,cpu      ] GC(179) User=0.13s Sys=0.00s Real=0.02s
[2026-01-28T10:54:07.927+0000][gc,start    ] GC(180) Pause Young (Normal) (G1 Evacuation Pause)
[2026-01-28T10:54:07.927+0000][gc,task     ] GC(180) Using 10 workers of 10 for evacuation
[2026-01-28T10:54:07.934+0000][gc,phases   ] GC(180)   Pre Evacuate Collection Set: 0.7ms
[2026-01-28T10:54:07.934+0000][gc,phases   ] GC(180)   Merge Heap Roots: 0.2ms
[2026-01-28T10:54:07.934+0000][gc,phases   ] GC(180)   Evacuate Collection Set: 4.6ms
[2026-01-28T10:54:07.934+0000][gc,phases   ] GC(180)   Post Evacuate Collection Set: 0.6ms
[2026-01-28T10:54:07.934+0000][gc,phases   ] GC(180)   Other: 0.2ms
[2026-01-28T10:54:07.934+0000][gc,heap     ] GC(180) Eden regions: 607->0(607)
[2026-01-28T10:54:07.934+0000][gc,heap     ] GC(180) Survivor regions: 7->7(77)
[2026-01-28T10:54:07.934+0000][gc,heap     ] GC(180) Old regions: 91->91
[2026-01-28T10:54:07.934+0000][gc,heap     ] GC(180) Humongous regions: 10->10
[2026-01-28T10:54:07.934+0000][gc,metaspace] GC(180) Metaspace: 12617K(12992K)->12617K(12992K) NonClass: 11493K(11648K)->11493K(11648K) Class: 1124K(1344K)->1124K(1344K)
[2026-01-28T10:54:07.934+0000][gc          ] GC(180) Pause Young (Normal) (G1 Evacuation Pause) 713M->107M(1024M) 7.022ms
[2026-01-28T10:54:07.934+0000][gc,cpu      ] GC(180) User=0.05s Sys=0.00s Real=0.01s
[2026-01-28T10:54:20.248+0000][gc,start    ] GC(181) Pause Young (Normal) (G1 Evacuation Pause)
[2026-01-28T10:54:20.248+0000][gc,task     ] GC(181) Using 10 workers of 10 for evacuation
[2026-01-28T10:54:20.254+0000][gc,phases   ] GC(181)   Pre Evacuate Collection Set: 0.6ms
[2026-01-28T10:54:20.254+0000][gc,phases   ] GC(181)   Merge Heap Roots: 0.3ms
[2026-01-28T10:54:20.255+0000][gc,phases   ] GC(181)   Evacuate Collection Set: 4.4ms
[2026-01-28T10:54:20.255+0000][gc,phases   ] GC(181)   Post Evacuate Collection Set: 0.6ms
[2026-01-28T10:54:20.255+0000][gc,phases   ] GC(181)   Other: 0.2ms
[2026-01-28T10:54:20.255+0000][gc,heap     ] GC(181) Eden regions: 607->0(607)
[2026-01-28T10:54:20.255+0000][gc,heap     ] GC(181) Survivor regions: 7->7(77)
[2026-01-28T10:54:20.255+0000][gc,heap     ] GC(181) Old regions: 91->92
[2026-01-28T10:54:20.255+0000][gc,heap     ] GC(181) Humongous regions: 10->10
[2026-01-28T10:54:20.255+0000][gc,metaspace] GC(181) Metaspace: 12617K(12992K)->12617K(12992K) NonClass: 11493K(11648K)->11493K(11648K) Class: 1124K(1344K)->1124K(1344K)
[2026-01-28T10:54:20.255+0000][gc          ] GC(181) Pause Young (Normal) (G1 Evacuation Pause) 714M->107M(1024M) 6.942ms
[2026-01-28T10:54:20.255+0000][gc,cpu      ] GC(181) User=0.04s Sys=0.00s Real=0.01s
[2026-01-28T10:54:32.123+0000][gc,start    ] GC(182) Pause Young (Normal) (G1 Evacuation Pause)
[2026-01-28T10:54:32.123+0000][gc,task     ] GC(182) Using 10 workers of 10 for evacuation
[2026-01-28T10:54:32.129+0000][gc,phases   ] GC(182)   Pre Evacuate Collection Set: 0.5ms
[2026-01-28T10:54:32.129+0000][gc,phases   ] GC(182)   Merge Heap Roots: 0.2ms
[2026-01-28T10:54:32.129+0000][gc,phases   ] GC(182)   Evacuate Collection Set: 4.2ms
[2026-01-28T10:54:32.129+0000][gc,phases   ] GC(182)   Post Evacuate Collection Set: 0.5ms
[2026-01-28T10:54:32.129+0000][gc,phases   ] GC(182)   Other: 0.1ms
[2026-01-28T10:54:32.129+0000][gc,heap     ] GC(182) Eden regions: 607->0(607)
[2026-01-28T10:54:32.129+0000][gc,heap     ] GC(182) Survivor regions: 7->7(77)
[2026-01-28T10:54:32.129+0000][gc,heap     ] GC(182) Old regions: 92->92
[2026-01-28T10:54:32.129+0000][gc,heap     ] GC(182) Humongous regions: 10->10
[2026-01-28T10:54:32.129+0000][gc,metaspace] GC(182) Metaspace: 12620K(12992K)->12620K(12992K) NonClass: 11495K(11648K)->11495K(11648K) Class: 1124K(1344K)->1124K(1344K)
[2026-01-28T10:54:32.129+0000][gc          ] GC(182) Pause Young (Normal) (G1 Evacuation Pause) 714M->108M(1024M) 6.098ms
[2026-01-28T10:54:32.129+0000][gc,cpu      ] GC(182) User=0.04s Sys=0.00s Real=0.00s
[2026-01-28T10:54:43.103+0000][gc,start    ] GC(183) Pause Young (Normal) (G1 Evacuation Pause)
[2026-01-28T10:54:43.104+0000][gc,task     ] GC(183) Using 10 workers of 10 for evacuation
[2026-01-28T10:54:43.120+0000][gc,phases   ] GC(183)   Pre Evacuate Collection Set: 0.7ms
[2026-01-28T10:54:43.120+0000][gc,phases   ] GC(183)   Merge Heap Roots: 0.4ms
[2026-01-28T10:54:43.120+0000][gc,phases   ] GC(183)   Evacuate Collection Set: 12.9ms
[2026-01-28T10:54:43.120+0000][gc,phases   ] GC(183)   Post Evacuate Collection Set: 1.8ms
[2026-01-28T10:54:43.120+0000][gc,phases   ] GC(183)   Other: 0.1ms
[2026-01-28T10:54:43.120+0000][gc,heap     ] GC(183) Eden regions: 607->0(606)
[2026-01-28T10:54:43.120+0000][gc,heap     ] GC(183) Survivor regions: 7->8(77)
[2026-01-28T10:54:43.120+0000][gc,heap     ] GC(183) Old regions: 92->93
[2026-01-28T10:54:43.120+0000][gc,heap     ] GC(183) Humongous regions: 10->10
[2026-01-28T10:54:43.120+0000][gc,metaspace] GC(183) Metaspace: 12620K(12992K)->12620K(12992K) NonClass: 11495K(11648K)->11495K(11648K) Class: 1124K(1344K)->1124K(1344K)
[2026-01-28T10:54:43.120+0000][gc          ] GC(183) Pause Young (Normal) (G1 Evacuation Pause) 715M->109M(1024M) 16.913ms
[2026-01-28T10:54:43.120+0000][gc,cpu      ] GC(183) User=0.15s Sys=0.00s Real=0.01s
[2026-01-28T10:54:54.583+0000][gc,start    ] GC(184) Pause Young (Normal) (G1 Evacuation Pause)
[2026-01-28T10:54:54.584+0000][gc,task     ] GC(184) Using 10 workers of 10 for evacuation
[2026-01-28T10:54:54.594+0000][gc,phases   ] GC(184)   Pre Evacuate Collection Set: 0.9ms
[2026-01-28T10:54:54.594+0000][gc,phases   ] GC(184)   Merge Heap Roots: 0.3ms
[2026-01-28T10:54:54.594+0000][gc,phases   ] GC(184)   Evacuate Collection Set: 7.0ms
[2026-01-28T10:54:54.594+0000][gc,phases   ] GC(184)   Post Evacuate Collection Set: 1.4ms
[2026-01-28T10:54:54.594+0000][gc,phases   ] GC(184)   Other: 0.2ms
[2026-01-28T10:54:54.594+0000][gc,heap     ] GC(184) Eden regions: 606->0(607)
[2026-01-28T10:54:54.594+0000][gc,heap     ] GC(184) Survivor regions: 8->7(77)
[2026-01-28T10:54:54.594+0000][gc,heap     ] GC(184) Old regions: 93->93
[2026-01-28T10:54:54.594+0000][gc,heap     ] GC(184) Humongous regions: 10->10
[2026-01-28T10:54:54.594+0000][gc,metaspace] GC(184) Metaspace: 12620K(12992K)->12620K(12992K) NonClass: 11496K(11648K)->11496K(11648K) Class: 1124K(1344K)->1124K(1344K)
[2026-01-28T10:54:54.594+0000][gc          ] GC(184) Pause Young (Normal) (G1 Evacuation Pause) 715M->109M(1024M) 10.659ms
[2026-01-28T10:54:54.594+0000][gc,cpu      ] GC(184) User=0.09s Sys=0.00s Real=0.01s
[2026-01-28T10:55:06.773+0000][gc,start    ] GC(185) Pause Young (Normal) (G1 Evacuation Pause)
[2026-01-28T10:55:06.774+0000][gc,task     ] GC(185) Using 10 workers of 10 for evacuation
[2026-01-28T10:55:06.782+0000][gc,phases   ] GC(185)   Pre Evacuate Collection Set: 0.7ms
[2026-01-28T10:55:06.782+0000][gc,phases   ] GC(185)   Merge Heap Roots: 0.5ms
[2026-01-28T10:55:06.782+0000][gc,phases   ] GC(185)   Evacuate Collection Set: 6.2ms
[2026-01-28T10:55:06.782+0000][gc,phases   ] GC(185)   Post Evacuate Collection Set: 0.6ms
[2026-01-28T10:55:06.782+0000][gc,phases   ] GC(185)   Other: 0.2ms
[2026-01-28T10:55:06.782+0000][gc,heap     ] GC(185) Eden regions: 607->0(607)
[2026-01-28T10:55:06.782+0000][gc,heap     ] GC(185) Survivor regions: 7->7(77)
[2026-01-28T10:55:06.783+0000][gc,heap     ] GC(185) Old regions: 93->93
[2026-01-28T10:55:06.783+0000][gc,heap     ] GC(185) Humongous regions: 10->10
[2026-01-28T10:55:06.783+0000][gc,metaspace] GC(185) Metaspace: 12620K(12992K)->12620K(12992K) NonClass: 11496K(11648K)->11496K(11648K) Class: 1124K(1344K)->1124K(1344K)
[2026-01-28T10:55:06.783+0000][gc          ] GC(185) Pause Young (Normal) (G1 Evacuation Pause) 716M->109M(1024M) 9.680ms
[2026-01-28T10:55:06.783+0000][gc,cpu      ] GC(185) User=0.06s Sys=0.01s Real=0.01s
[2026-01-28T10:55:19.452+0000][gc,start    ] GC(186) Pause Young (Normal) (G1 Evacuation Pause)
[2026-01-28T10:55:19.453+0000][gc,task     ] GC(186) Using 10 workers of 10 for evacuation
[2026-01-28T10:55:19.465+0000][gc,phases   ] GC(186)   Pre Evacuate Collection Set: 0.8ms
[2026-01-28T10:55:19.465+0000][gc,phases   ] GC(186)   Merge Heap Roots: 0.4ms
[2026-01-28T10:55:19.465+0000][gc,phases   ] GC(186)   Evacuate Collection Set: 9.5ms
[2026-01-28T10:55:19.465+0000][gc,phases   ] GC(186)   Post Evacuate Collection Set: 0.9ms
[2026-01-28T10:55:19.465+0000][gc,phases   ] GC(186)   Other: 0.2ms
[2026-01-28T10:55:19.465+0000][gc,heap     ] GC(186) Eden regions: 607->0(607)
[2026-01-28T10:55:19.465+0000][gc,heap     ] GC(186) Survivor regions: 7->7(77)
[2026-01-28T10:55:19.465+0000][gc,heap     ] GC(186) Old regions: 93->94
[2026-01-28T10:55:19.465+0000][gc,heap     ] GC(186) Humongous regions: 10->10
[2026-01-28T10:55:19.465+0000][gc,metaspace] GC(186) Metaspace: 12620K(12992K)->12620K(12992K) NonClass: 11496K(11648K)->11496K(11648K) Class: 1124K(1344K)->1124K(1344K)
[2026-01-28T10:55:19.465+0000][gc          ] GC(186) Pause Young (Normal) (G1 Evacuation Pause) 716M->110M(1024M) 13.218ms
[2026-01-28T10:55:19.466+0000][gc,cpu      ] GC(186) User=0.10s Sys=0.00s Real=0.01s
[2026-01-28T10:55:32.027+0000][gc,start    ] GC(187) Pause Young (Normal) (G1 Evacuation Pause)
[2026-01-28T10:55:32.028+0000][gc,task     ] GC(187) Using 10 workers of 10 for evacuation
[2026-01-28T10:55:32.039+0000][gc,phases   ] GC(187)   Pre Evacuate Collection Set: 1.1ms
[2026-01-28T10:55:32.039+0000][gc,phases   ] GC(187)   Merge Heap Roots: 0.4ms
[2026-01-28T10:55:32.039+0000][gc,phases   ] GC(187)   Evacuate Collection Set: 8.5ms
[2026-01-28T10:55:32.039+0000][gc,phases   ] GC(187)   Post Evacuate Collection Set: 0.9ms
[2026-01-28T10:55:32.039+0000][gc,phases   ] GC(187)   Other: 0.3ms
[2026-01-28T10:55:32.039+0000][gc,heap     ] GC(187) Eden regions: 607->0(607)
[2026-01-28T10:55:32.039+0000][gc,heap     ] GC(187) Survivor regions: 7->7(77)
[2026-01-28T10:55:32.039+0000][gc,heap     ] GC(187) Old regions: 94->94
[2026-01-28T10:55:32.039+0000][gc,heap     ] GC(187) Humongous regions: 10->10
[2026-01-28T10:55:32.039+0000][gc,metaspace] GC(187) Metaspace: 12620K(12992K)->12620K(12992K) NonClass: 11496K(11648K)->11496K(11648K) Class: 1124K(1344K)->1124K(1344K)
[2026-01-28T10:55:32.039+0000][gc          ] GC(187) Pause Young (Normal) (G1 Evacuation Pause) 717M->110M(1024M) 12.039ms
[2026-01-28T10:55:32.039+0000][gc,cpu      ] GC(187) User=0.09s Sys=0.00s Real=0.01s
[2026-01-28T10:55:43.080+0000][gc,start    ] GC(188) Pause Young (Normal) (G1 Evacuation Pause)
[2026-01-28T10:55:43.081+0000][gc,task     ] GC(188) Using 10 workers of 10 for evacuation
[2026-01-28T10:55:43.092+0000][gc,phases   ] GC(188)   Pre Evacuate Collection Set: 0.6ms
[2026-01-28T10:55:43.092+0000][gc,phases   ] GC(188)   Merge Heap Roots: 0.3ms
[2026-01-28T10:55:43.092+0000][gc,phases   ] GC(188)   Evacuate Collection Set: 9.8ms
[2026-01-28T10:55:43.093+0000][gc,phases   ] GC(188)   Post Evacuate Collection Set: 0.8ms
[2026-01-28T10:55:43.093+0000][gc,phases   ] GC(188)   Other: 0.2ms
[2026-01-28T10:55:43.093+0000][gc,heap     ] GC(188) Eden regions: 607->0(606)
[2026-01-28T10:55:43.093+0000][gc,heap     ] GC(188) Survivor regions: 7->8(77)
[2026-01-28T10:55:43.093+0000][gc,heap     ] GC(188) Old regions: 94->95
[2026-01-28T10:55:43.093+0000][gc,heap     ] GC(188) Humongous regions: 10->10
[2026-01-28T10:55:43.093+0000][gc,metaspace] GC(188) Metaspace: 12624K(12992K)->12624K(12992K) NonClass: 11499K(11648K)->11499K(11648K) Class: 1124K(1344K)->1124K(1344K)
[2026-01-28T10:55:43.093+0000][gc          ] GC(188) Pause Young (Normal) (G1 Evacuation Pause) 717M->112M(1024M) 12.607ms
[2026-01-28T10:55:43.093+0000][gc,cpu      ] GC(188) User=0.11s Sys=0.00s Real=0.02s
[2026-01-28T10:55:54.120+0000][gc,start    ] GC(189) Pause Young (Normal) (G1 Evacuation Pause)
[2026-01-28T10:55:54.121+0000][gc,task     ] GC(189) Using 10 workers of 10 for evacuation
[2026-01-28T10:55:54.130+0000][gc,phases   ] GC(189)   Pre Evacuate Collection Set: 0.8ms
[2026-01-28T10:55:54.130+0000][gc,phases   ] GC(189)   Merge Heap Roots: 0.4ms
[2026-01-28T10:55:54.130+0000][gc,phases   ] GC(189)   Evacuate Collection Set: 7.0ms
[2026-01-28T10:55:54.130+0000][gc,phases   ] GC(189)   Post Evacuate Collection Set: 0.9ms
[2026-01-28T10:55:54.130+0000][gc,phases   ] GC(189)   Other: 0.3ms
[2026-01-28T10:55:54.130+0000][gc,heap     ] GC(189) Eden regions: 606->0(607)
[2026-01-28T10:55:54.131+0000][gc,heap     ] GC(189) Survivor regions: 8->7(77)
[2026-01-28T10:55:54.131+0000][gc,heap     ] GC(189) Old regions: 95->95
[2026-01-28T10:55:54.131+0000][gc,heap     ] GC(189) Humongous regions: 10->10
[2026-01-28T10:55:54.131+0000][gc,metaspace] GC(189) Metaspace: 12624K(12992K)->12624K(12992K) NonClass: 11500K(11648K)->11500K(11648K) Class: 1124K(1344K)->1124K(1344K)
[2026-01-28T10:55:54.131+0000][gc          ] GC(189) Pause Young (Normal) (G1 Evacuation Pause) 718M->111M(1024M) 10.379ms
[2026-01-28T10:55:54.131+0000][gc,cpu      ] GC(189) User=0.08s Sys=0.00s Real=0.01s
[2026-01-28T10:56:06.507+0000][gc,start    ] GC(190) Pause Young (Normal) (G1 Evacuation Pause)
[2026-01-28T10:56:06.507+0000][gc,task     ] GC(190) Using 10 workers of 10 for evacuation
[2026-01-28T10:56:06.522+0000][gc,phases   ] GC(190)   Pre Evacuate Collection Set: 2.1ms
[2026-01-28T10:56:06.522+0000][gc,phases   ] GC(190)   Merge Heap Roots: 1.2ms
[2026-01-28T10:56:06.522+0000][gc,phases   ] GC(190)   Evacuate Collection Set: 10.1ms
[2026-01-28T10:56:06.522+0000][gc,phases   ] GC(190)   Post Evacuate Collection Set: 1.4ms
[2026-01-28T10:56:06.522+0000][gc,phases   ] GC(190)   Other: 0.3ms
[2026-01-28T10:56:06.522+0000][gc,heap     ] GC(190) Eden regions: 607->0(607)
[2026-01-28T10:56:06.522+0000][gc,heap     ] GC(190) Survivor regions: 7->7(77)
[2026-01-28T10:56:06.522+0000][gc,heap     ] GC(190) Old regions: 95->96
[2026-01-28T10:56:06.523+0000][gc,heap     ] GC(190) Humongous regions: 10->10
[2026-01-28T10:56:06.523+0000][gc,metaspace] GC(190) Metaspace: 12625K(12992K)->12625K(12992K) NonClass: 11500K(11648K)->11500K(11648K) Class: 1124K(1344K)->1124K(1344K)
[2026-01-28T10:56:06.523+0000][gc          ] GC(190) Pause Young (Normal) (G1 Evacuation Pause) 718M->112M(1024M) 16.127ms
[2026-01-28T10:56:06.523+0000][gc,cpu      ] GC(190) User=0.13s Sys=0.00s Real=0.02s
[2026-01-28T10:56:18.508+0000][gc,start    ] GC(191) Pause Young (Normal) (G1 Evacuation Pause)
[2026-01-28T10:56:18.510+0000][gc,task     ] GC(191) Using 10 workers of 10 for evacuation
[2026-01-28T10:56:18.520+0000][gc,phases   ] GC(191)   Pre Evacuate Collection Set: 0.8ms
[2026-01-28T10:56:18.520+0000][gc,phases   ] GC(191)   Merge Heap Roots: 0.3ms
[2026-01-28T10:56:18.520+0000][gc,phases   ] GC(191)   Evacuate Collection Set: 7.1ms
[2026-01-28T10:56:18.520+0000][gc,phases   ] GC(191)   Post Evacuate Collection Set: 1.4ms
[2026-01-28T10:56:18.520+0000][gc,phases   ] GC(191)   Other: 0.2ms
[2026-01-28T10:56:18.520+0000][gc,heap     ] GC(191) Eden regions: 607->0(607)
[2026-01-28T10:56:18.520+0000][gc,heap     ] GC(191) Survivor regions: 7->7(77)
[2026-01-28T10:56:18.520+0000][gc,heap     ] GC(191) Old regions: 96->96
[2026-01-28T10:56:18.520+0000][gc,heap     ] GC(191) Humongous regions: 10->10
[2026-01-28T10:56:18.520+0000][gc,metaspace] GC(191) Metaspace: 12625K(12992K)->12625K(12992K) NonClass: 11500K(11648K)->11500K(11648K) Class: 1124K(1344K)->1124K(1344K)
[2026-01-28T10:56:18.521+0000][gc          ] GC(191) Pause Young (Normal) (G1 Evacuation Pause) 719M->112M(1024M) 12.167ms
[2026-01-28T10:56:18.521+0000][gc,cpu      ] GC(191) User=0.09s Sys=0.00s Real=0.01s
[2026-01-28T10:56:31.009+0000][gc,start    ] GC(192) Pause Young (Normal) (G1 Evacuation Pause)
[2026-01-28T10:56:31.010+0000][gc,task     ] GC(192) Using 10 workers of 10 for evacuation
[2026-01-28T10:56:31.021+0000][gc,phases   ] GC(192)   Pre Evacuate Collection Set: 0.9ms
[2026-01-28T10:56:31.021+0000][gc,phases   ] GC(192)   Merge Heap Roots: 0.4ms
[2026-01-28T10:56:31.021+0000][gc,phases   ] GC(192)   Evacuate Collection Set: 7.9ms
[2026-01-28T10:56:31.021+0000][gc,phases   ] GC(192)   Post Evacuate Collection Set: 1.0ms
[2026-01-28T10:56:31.021+0000][gc,phases   ] GC(192)   Other: 0.3ms
[2026-01-28T10:56:31.021+0000][gc,heap     ] GC(192) Eden regions: 607->0(607)
[2026-01-28T10:56:31.021+0000][gc,heap     ] GC(192) Survivor regions: 7->7(77)
[2026-01-28T10:56:31.021+0000][gc,heap     ] GC(192) Old regions: 96->97
[2026-01-28T10:56:31.021+0000][gc,heap     ] GC(192) Humongous regions: 10->10
[2026-01-28T10:56:31.021+0000][gc,metaspace] GC(192) Metaspace: 12628K(12992K)->12628K(12992K) NonClass: 11503K(11648K)->11503K(11648K) Class: 1124K(1344K)->1124K(1344K)
[2026-01-28T10:56:31.021+0000][gc          ] GC(192) Pause Young (Normal) (G1 Evacuation Pause) 719M->113M(1024M) 12.207ms
[2026-01-28T10:56:31.021+0000][gc,cpu      ] GC(192) User=0.09s Sys=0.00s Real=0.01s
[2026-01-28T10:56:42.987+0000][gc,start    ] GC(193) Pause Young (Normal) (G1 Evacuation Pause)
[2026-01-28T10:56:42.989+0000][gc,task     ] GC(193) Using 10 workers of 10 for evacuation
[2026-01-28T10:56:43.009+0000][gc,phases   ] GC(193)   Pre Evacuate Collection Set: 2.7ms
[2026-01-28T10:56:43.009+0000][gc,phases   ] GC(193)   Merge Heap Roots: 0.8ms
[2026-01-28T10:56:43.009+0000][gc,phases   ] GC(193)   Evacuate Collection Set: 15.7ms
[2026-01-28T10:56:43.009+0000][gc,phases   ] GC(193)   Post Evacuate Collection Set: 0.8ms
[2026-01-28T10:56:43.009+0000][gc,phases   ] GC(193)   Other: 0.2ms
[2026-01-28T10:56:43.009+0000][gc,heap     ] GC(193) Eden regions: 607->0(606)
[2026-01-28T10:56:43.009+0000][gc,heap     ] GC(193) Survivor regions: 7->8(77)
[2026-01-28T10:56:43.009+0000][gc,heap     ] GC(193) Old regions: 97->97
[2026-01-28T10:56:43.009+0000][gc,heap     ] GC(193) Humongous regions: 10->10
[2026-01-28T10:56:43.009+0000][gc,metaspace] GC(193) Metaspace: 12628K(12992K)->12628K(12992K) NonClass: 11504K(11648K)->11504K(11648K) Class: 1124K(1344K)->1124K(1344K)
[2026-01-28T10:56:43.009+0000][gc          ] GC(193) Pause Young (Normal) (G1 Evacuation Pause) 720M->113M(1024M) 22.275ms
[2026-01-28T10:56:43.009+0000][gc,cpu      ] GC(193) User=0.18s Sys=0.00s Real=0.02s
[2026-01-28T10:56:53.263+0000][gc,start    ] GC(194) Pause Young (Normal) (G1 Evacuation Pause)
[2026-01-28T10:56:53.264+0000][gc,task     ] GC(194) Using 10 workers of 10 for evacuation
[2026-01-28T10:56:53.272+0000][gc,phases   ] GC(194)   Pre Evacuate Collection Set: 1.1ms
[2026-01-28T10:56:53.273+0000][gc,phases   ] GC(194)   Merge Heap Roots: 0.6ms
[2026-01-28T10:56:53.273+0000][gc,phases   ] GC(194)   Evacuate Collection Set: 6.0ms
[2026-01-28T10:56:53.273+0000][gc,phases   ] GC(194)   Post Evacuate Collection Set: 0.8ms
[2026-01-28T10:56:53.273+0000][gc,phases   ] GC(194)   Other: 0.2ms
[2026-01-28T10:56:53.273+0000][gc,heap     ] GC(194) Eden regions: 606->0(607)
[2026-01-28T10:56:53.273+0000][gc,heap     ] GC(194) Survivor regions: 8->7(77)
[2026-01-28T10:56:53.273+0000][gc,heap     ] GC(194) Old regions: 97->97
[2026-01-28T10:56:53.273+0000][gc,heap     ] GC(194) Humongous regions: 10->10
[2026-01-28T10:56:53.273+0000][gc,metaspace] GC(194) Metaspace: 12628K(12992K)->12628K(12992K) NonClass: 11504K(11648K)->11504K(11648K) Class: 1124K(1344K)->1124K(1344K)
[2026-01-28T10:56:53.273+0000][gc          ] GC(194) Pause Young (Normal) (G1 Evacuation Pause) 719M->113M(1024M) 9.545ms
[2026-01-28T10:56:53.273+0000][gc,cpu      ] GC(194) User=0.08s Sys=0.00s Real=0.01s
[2026-01-28T10:57:05.859+0000][gc,start    ] GC(195) Pause Young (Normal) (G1 Evacuation Pause)
[2026-01-28T10:57:05.860+0000][gc,task     ] GC(195) Using 10 workers of 10 for evacuation
[2026-01-28T10:57:05.872+0000][gc,phases   ] GC(195)   Pre Evacuate Collection Set: 0.9ms
[2026-01-28T10:57:05.872+0000][gc,phases   ] GC(195)   Merge Heap Roots: 0.4ms
[2026-01-28T10:57:05.872+0000][gc,phases   ] GC(195)   Evacuate Collection Set: 9.9ms
[2026-01-28T10:57:05.872+0000][gc,phases   ] GC(195)   Post Evacuate Collection Set: 1.0ms
[2026-01-28T10:57:05.872+0000][gc,phases   ] GC(195)   Other: 0.2ms
[2026-01-28T10:57:05.872+0000][gc,heap     ] GC(195) Eden regions: 607->0(607)
[2026-01-28T10:57:05.872+0000][gc,heap     ] GC(195) Survivor regions: 7->7(77)
[2026-01-28T10:57:05.872+0000][gc,heap     ] GC(195) Old regions: 97->98
[2026-01-28T10:57:05.872+0000][gc,heap     ] GC(195) Humongous regions: 10->10
[2026-01-28T10:57:05.872+0000][gc,metaspace] GC(195) Metaspace: 12630K(12992K)->12630K(12992K) NonClass: 11506K(11648K)->11506K(11648K) Class: 1124K(1344K)->1124K(1344K)
[2026-01-28T10:57:05.873+0000][gc          ] GC(195) Pause Young (Normal) (G1 Evacuation Pause) 720M->114M(1024M) 13.903ms
[2026-01-28T10:57:05.873+0000][gc,cpu      ] GC(195) User=0.11s Sys=0.00s Real=0.02s
[2026-01-28T10:57:18.226+0000][gc,start    ] GC(196) Pause Young (Normal) (G1 Evacuation Pause)
[2026-01-28T10:57:18.227+0000][gc,task     ] GC(196) Using 10 workers of 10 for evacuation
[2026-01-28T10:57:18.236+0000][gc,phases   ] GC(196)   Pre Evacuate Collection Set: 1.0ms
[2026-01-28T10:57:18.236+0000][gc,phases   ] GC(196)   Merge Heap Roots: 0.3ms
[2026-01-28T10:57:18.236+0000][gc,phases   ] GC(196)   Evacuate Collection Set: 6.6ms
[2026-01-28T10:57:18.236+0000][gc,phases   ] GC(196)   Post Evacuate Collection Set: 1.0ms
[2026-01-28T10:57:18.236+0000][gc,phases   ] GC(196)   Other: 0.2ms
[2026-01-28T10:57:18.236+0000][gc,heap     ] GC(196) Eden regions: 607->0(607)
[2026-01-28T10:57:18.236+0000][gc,heap     ] GC(196) Survivor regions: 7->7(77)
[2026-01-28T10:57:18.236+0000][gc,heap     ] GC(196) Old regions: 98->98
[2026-01-28T10:57:18.236+0000][gc,heap     ] GC(196) Humongous regions: 10->10
[2026-01-28T10:57:18.236+0000][gc,metaspace] GC(196) Metaspace: 12630K(12992K)->12630K(12992K) NonClass: 11506K(11648K)->11506K(11648K) Class: 1124K(1344K)->1124K(1344K)
[2026-01-28T10:57:18.236+0000][gc          ] GC(196) Pause Young (Normal) (G1 Evacuation Pause) 721M->114M(1024M) 9.918ms
[2026-01-28T10:57:18.236+0000][gc,cpu      ] GC(196) User=0.07s Sys=0.00s Real=0.01s
[2026-01-28T10:57:30.743+0000][gc,start    ] GC(197) Pause Young (Normal) (G1 Evacuation Pause)
[2026-01-28T10:57:30.743+0000][gc,task     ] GC(197) Using 10 workers of 10 for evacuation
[2026-01-28T10:57:30.761+0000][gc,phases   ] GC(197)   Pre Evacuate Collection Set: 1.2ms
[2026-01-28T10:57:30.761+0000][gc,phases   ] GC(197)   Merge Heap Roots: 4.0ms
[2026-01-28T10:57:30.761+0000][gc,phases   ] GC(197)   Evacuate Collection Set: 10.0ms
[2026-01-28T10:57:30.761+0000][gc,phases   ] GC(197)   Post Evacuate Collection Set: 1.9ms
[2026-01-28T10:57:30.761+0000][gc,phases   ] GC(197)   Other: 0.4ms
[2026-01-28T10:57:30.761+0000][gc,heap     ] GC(197) Eden regions: 607->0(607)
[2026-01-28T10:57:30.761+0000][gc,heap     ] GC(197) Survivor regions: 7->7(77)
[2026-01-28T10:57:30.761+0000][gc,heap     ] GC(197) Old regions: 98->99
[2026-01-28T10:57:30.761+0000][gc,heap     ] GC(197) Humongous regions: 10->10
[2026-01-28T10:57:30.761+0000][gc,metaspace] GC(197) Metaspace: 12636K(13056K)->12636K(13056K) NonClass: 11511K(11712K)->11511K(11712K) Class: 1124K(1344K)->1124K(1344K)
[2026-01-28T10:57:30.761+0000][gc          ] GC(197) Pause Young (Normal) (G1 Evacuation Pause) 721M->115M(1024M) 18.690ms
[2026-01-28T10:57:30.761+0000][gc,cpu      ] GC(197) User=0.15s Sys=0.01s Real=0.01s
[2026-01-28T10:57:42.973+0000][gc,start    ] GC(198) Pause Young (Normal) (G1 Evacuation Pause)
[2026-01-28T10:57:42.974+0000][gc,task     ] GC(198) Using 10 workers of 10 for evacuation
[2026-01-28T10:57:42.992+0000][gc,phases   ] GC(198)   Pre Evacuate Collection Set: 0.8ms
[2026-01-28T10:57:42.993+0000][gc,phases   ] GC(198)   Merge Heap Roots: 0.3ms
[2026-01-28T10:57:42.993+0000][gc,phases   ] GC(198)   Evacuate Collection Set: 15.4ms
[2026-01-28T10:57:42.993+0000][gc,phases   ] GC(198)   Post Evacuate Collection Set: 1.7ms
[2026-01-28T10:57:42.993+0000][gc,phases   ] GC(198)   Other: 0.2ms
[2026-01-28T10:57:42.993+0000][gc,heap     ] GC(198) Eden regions: 607->0(606)
[2026-01-28T10:57:42.993+0000][gc,heap     ] GC(198) Survivor regions: 7->8(77)
[2026-01-28T10:57:42.993+0000][gc,heap     ] GC(198) Old regions: 99->99
[2026-01-28T10:57:42.993+0000][gc,heap     ] GC(198) Humongous regions: 10->10
[2026-01-28T10:57:42.993+0000][gc,metaspace] GC(198) Metaspace: 12720K(13120K)->12720K(13120K) NonClass: 11586K(11776K)->11586K(11776K) Class: 1133K(1344K)->1133K(1344K)
[2026-01-28T10:57:42.993+0000][gc          ] GC(198) Pause Young (Normal) (G1 Evacuation Pause) 722M->115M(1024M) 20.171ms
[2026-01-28T10:57:42.993+0000][gc,cpu      ] GC(198) User=0.16s Sys=0.00s Real=0.02s
[2026-01-28T10:57:53.229+0000][gc,start    ] GC(199) Pause Young (Normal) (G1 Evacuation Pause)
[2026-01-28T10:57:53.229+0000][gc,task     ] GC(199) Using 10 workers of 10 for evacuation
[2026-01-28T10:57:53.238+0000][gc,phases   ] GC(199)   Pre Evacuate Collection Set: 1.0ms
[2026-01-28T10:57:53.239+0000][gc,phases   ] GC(199)   Merge Heap Roots: 0.4ms
[2026-01-28T10:57:53.239+0000][gc,phases   ] GC(199)   Evacuate Collection Set: 6.1ms
[2026-01-28T10:57:53.239+0000][gc,phases   ] GC(199)   Post Evacuate Collection Set: 1.6ms
[2026-01-28T10:57:53.239+0000][gc,phases   ] GC(199)   Other: 0.2ms
[2026-01-28T10:57:53.239+0000][gc,heap     ] GC(199) Eden regions: 606->0(606)
[2026-01-28T10:57:53.239+0000][gc,heap     ] GC(199) Survivor regions: 8->8(77)
[2026-01-28T10:57:53.239+0000][gc,heap     ] GC(199) Old regions: 99->100
[2026-01-28T10:57:53.239+0000][gc,heap     ] GC(199) Humongous regions: 10->10
[2026-01-28T10:57:53.239+0000][gc,metaspace] GC(199) Metaspace: 12866K(13312K)->12866K(13312K) NonClass: 11706K(11904K)->11706K(11904K) Class: 1160K(1408K)->1160K(1408K)
[2026-01-28T10:57:53.239+0000][gc          ] GC(199) Pause Young (Normal) (G1 Evacuation Pause) 721M->117M(1024M) 10.451ms
[2026-01-28T10:57:53.239+0000][gc,cpu      ] GC(199) User=0.07s Sys=0.00s Real=0.01s
[2026-01-28T10:58:05.466+0000][gc,start    ] GC(200) Pause Young (Normal) (G1 Evacuation Pause)
[2026-01-28T10:58:05.467+0000][gc,task     ] GC(200) Using 10 workers of 10 for evacuation
[2026-01-28T10:58:05.476+0000][gc,phases   ] GC(200)   Pre Evacuate Collection Set: 0.8ms
[2026-01-28T10:58:05.476+0000][gc,phases   ] GC(200)   Merge Heap Roots: 0.4ms
[2026-01-28T10:58:05.476+0000][gc,phases   ] GC(200)   Evacuate Collection Set: 7.6ms
[2026-01-28T10:58:05.477+0000][gc,phases   ] GC(200)   Post Evacuate Collection Set: 0.8ms
[2026-01-28T10:58:05.477+0000][gc,phases   ] GC(200)   Other: 0.2ms
[2026-01-28T10:58:05.477+0000][gc,heap     ] GC(200) Eden regions: 606->0(607)
[2026-01-28T10:58:05.477+0000][gc,heap     ] GC(200) Survivor regions: 8->7(77)
[2026-01-28T10:58:05.477+0000][gc,heap     ] GC(200) Old regions: 100->100
[2026-01-28T10:58:05.477+0000][gc,heap     ] GC(200) Humongous regions: 10->10
[2026-01-28T10:58:05.477+0000][gc,metaspace] GC(200) Metaspace: 12870K(13312K)->12870K(13312K) NonClass: 11710K(11904K)->11710K(11904K) Class: 1160K(1408K)->1160K(1408K)
[2026-01-28T10:58:05.477+0000][gc          ] GC(200) Pause Young (Normal) (G1 Evacuation Pause) 723M->116M(1024M) 11.217ms
[2026-01-28T10:58:05.477+0000][gc,cpu      ] GC(200) User=0.08s Sys=0.01s Real=0.01s
[2026-01-28T10:58:18.067+0000][gc,start    ] GC(201) Pause Young (Normal) (G1 Evacuation Pause)
[2026-01-28T10:58:18.068+0000][gc,task     ] GC(201) Using 10 workers of 10 for evacuation
[2026-01-28T10:58:18.078+0000][gc,phases   ] GC(201)   Pre Evacuate Collection Set: 0.7ms
[2026-01-28T10:58:18.078+0000][gc,phases   ] GC(201)   Merge Heap Roots: 0.3ms
[2026-01-28T10:58:18.078+0000][gc,phases   ] GC(201)   Evacuate Collection Set: 7.6ms
[2026-01-28T10:58:18.078+0000][gc,phases   ] GC(201)   Post Evacuate Collection Set: 0.8ms
[2026-01-28T10:58:18.078+0000][gc,phases   ] GC(201)   Other: 0.2ms
[2026-01-28T10:58:18.078+0000][gc,heap     ] GC(201) Eden regions: 607->0(607)
[2026-01-28T10:58:18.078+0000][gc,heap     ] GC(201) Survivor regions: 7->7(77)
[2026-01-28T10:58:18.078+0000][gc,heap     ] GC(201) Old regions: 100->101
[2026-01-28T10:58:18.078+0000][gc,heap     ] GC(201) Humongous regions: 10->10
[2026-01-28T10:58:18.078+0000][gc,metaspace] GC(201) Metaspace: 12870K(13312K)->12870K(13312K) NonClass: 11710K(11904K)->11710K(11904K) Class: 1160K(1408K)->1160K(1408K)
[2026-01-28T10:58:18.078+0000][gc          ] GC(201) Pause Young (Normal) (G1 Evacuation Pause) 723M->117M(1024M) 11.168ms
[2026-01-28T10:58:18.078+0000][gc,cpu      ] GC(201) User=0.09s Sys=0.00s Real=0.01s
[2026-01-28T10:58:30.091+0000][gc,start    ] GC(202) Pause Young (Normal) (G1 Evacuation Pause)
[2026-01-28T10:58:30.092+0000][gc,task     ] GC(202) Using 10 workers of 10 for evacuation
[2026-01-28T10:58:30.097+0000][gc,phases   ] GC(202)   Pre Evacuate Collection Set: 0.6ms
[2026-01-28T10:58:30.098+0000][gc,phases   ] GC(202)   Merge Heap Roots: 0.3ms
[2026-01-28T10:58:30.098+0000][gc,phases   ] GC(202)   Evacuate Collection Set: 4.3ms
[2026-01-28T10:58:30.098+0000][gc,phases   ] GC(202)   Post Evacuate Collection Set: 0.5ms
[2026-01-28T10:58:30.098+0000][gc,phases   ] GC(202)   Other: 0.2ms
[2026-01-28T10:58:30.098+0000][gc,heap     ] GC(202) Eden regions: 607->0(607)
[2026-01-28T10:58:30.098+0000][gc,heap     ] GC(202) Survivor regions: 7->7(77)
[2026-01-28T10:58:30.098+0000][gc,heap     ] GC(202) Old regions: 101->101
[2026-01-28T10:58:30.098+0000][gc,heap     ] GC(202) Humongous regions: 10->10
[2026-01-28T10:58:30.098+0000][gc,metaspace] GC(202) Metaspace: 12871K(13312K)->12871K(13312K) NonClass: 11711K(11904K)->11711K(11904K) Class: 1160K(1408K)->1160K(1408K)
[2026-01-28T10:58:30.098+0000][gc          ] GC(202) Pause Young (Normal) (G1 Evacuation Pause) 724M->117M(1024M) 7.386ms
[2026-01-28T10:58:30.098+0000][gc,cpu      ] GC(202) User=0.05s Sys=0.00s Real=0.00s
[2026-01-28T10:58:42.765+0000][gc,start    ] GC(203) Pause Young (Normal) (G1 Evacuation Pause)
[2026-01-28T10:58:42.765+0000][gc,task     ] GC(203) Using 10 workers of 10 for evacuation
[2026-01-28T10:58:42.784+0000][gc,phases   ] GC(203)   Pre Evacuate Collection Set: 1.7ms
[2026-01-28T10:58:42.784+0000][gc,phases   ] GC(203)   Merge Heap Roots: 0.7ms
[2026-01-28T10:58:42.784+0000][gc,phases   ] GC(203)   Evacuate Collection Set: 14.1ms
[2026-01-28T10:58:42.784+0000][gc,phases   ] GC(203)   Post Evacuate Collection Set: 1.8ms
[2026-01-28T10:58:42.784+0000][gc,phases   ] GC(203)   Other: 0.4ms
[2026-01-28T10:58:42.784+0000][gc,heap     ] GC(203) Eden regions: 607->0(606)
[2026-01-28T10:58:42.784+0000][gc,heap     ] GC(203) Survivor regions: 7->8(77)
[2026-01-28T10:58:42.784+0000][gc,heap     ] GC(203) Old regions: 101->101
[2026-01-28T10:58:42.784+0000][gc,heap     ] GC(203) Humongous regions: 10->10
[2026-01-28T10:58:42.784+0000][gc,metaspace] GC(203) Metaspace: 12872K(13312K)->12872K(13312K) NonClass: 11712K(11904K)->11712K(11904K) Class: 1160K(1408K)->1160K(1408K)
[2026-01-28T10:58:42.785+0000][gc          ] GC(203) Pause Young (Normal) (G1 Evacuation Pause) 724M->118M(1024M) 19.856ms
[2026-01-28T10:58:42.785+0000][gc,cpu      ] GC(203) User=0.16s Sys=0.00s Real=0.02s
[2026-01-28T10:58:53.176+0000][gc,start    ] GC(204) Pause Young (Normal) (G1 Evacuation Pause)
[2026-01-28T10:58:53.177+0000][gc,task     ] GC(204) Using 10 workers of 10 for evacuation
[2026-01-28T10:58:53.199+0000][gc,phases   ] GC(204)   Pre Evacuate Collection Set: 0.8ms
[2026-01-28T10:58:53.199+0000][gc,phases   ] GC(204)   Merge Heap Roots: 0.4ms
[2026-01-28T10:58:53.199+0000][gc,phases   ] GC(204)   Evacuate Collection Set: 19.6ms
[2026-01-28T10:58:53.199+0000][gc,phases   ] GC(204)   Post Evacuate Collection Set: 0.9ms
[2026-01-28T10:58:53.199+0000][gc,phases   ] GC(204)   Other: 0.5ms
[2026-01-28T10:58:53.199+0000][gc,heap     ] GC(204) Eden regions: 606->0(605)
[2026-01-28T10:58:53.199+0000][gc,heap     ] GC(204) Survivor regions: 8->9(77)
[2026-01-28T10:58:53.200+0000][gc,heap     ] GC(204) Old regions: 101->102
[2026-01-28T10:58:53.200+0000][gc,heap     ] GC(204) Humongous regions: 10->10
[2026-01-28T10:58:53.200+0000][gc,metaspace] GC(204) Metaspace: 12872K(13312K)->12872K(13312K) NonClass: 11712K(11904K)->11712K(11904K) Class: 1160K(1408K)->1160K(1408K)
[2026-01-28T10:58:53.200+0000][gc          ] GC(204) Pause Young (Normal) (G1 Evacuation Pause) 724M->119M(1024M) 23.875ms
[2026-01-28T10:58:53.200+0000][gc,cpu      ] GC(204) User=0.21s Sys=0.00s Real=0.02s
[2026-01-28T10:59:05.158+0000][gc,start    ] GC(205) Pause Young (Normal) (G1 Evacuation Pause)
[2026-01-28T10:59:05.159+0000][gc,task     ] GC(205) Using 10 workers of 10 for evacuation
[2026-01-28T10:59:05.168+0000][gc,phases   ] GC(205)   Pre Evacuate Collection Set: 0.9ms
[2026-01-28T10:59:05.168+0000][gc,phases   ] GC(205)   Merge Heap Roots: 0.4ms
[2026-01-28T10:59:05.168+0000][gc,phases   ] GC(205)   Evacuate Collection Set: 6.4ms
[2026-01-28T10:59:05.168+0000][gc,phases   ] GC(205)   Post Evacuate Collection Set: 0.9ms
[2026-01-28T10:59:05.168+0000][gc,phases   ] GC(205)   Other: 0.3ms
[2026-01-28T10:59:05.168+0000][gc,heap     ] GC(205) Eden regions: 605->0(606)
[2026-01-28T10:59:05.168+0000][gc,heap     ] GC(205) Survivor regions: 9->8(77)
[2026-01-28T10:59:05.168+0000][gc,heap     ] GC(205) Old regions: 102->102
[2026-01-28T10:59:05.168+0000][gc,heap     ] GC(205) Humongous regions: 10->10
[2026-01-28T10:59:05.168+0000][gc,metaspace] GC(205) Metaspace: 12872K(13312K)->12872K(13312K) NonClass: 11712K(11904K)->11712K(11904K) Class: 1160K(1408K)->1160K(1408K)
[2026-01-28T10:59:05.168+0000][gc          ] GC(205) Pause Young (Normal) (G1 Evacuation Pause) 724M->118M(1024M) 10.444ms
[2026-01-28T10:59:05.168+0000][gc,cpu      ] GC(205) User=0.08s Sys=0.00s Real=0.01s
[2026-01-28T10:59:17.789+0000][gc,start    ] GC(206) Pause Young (Normal) (G1 Evacuation Pause)
[2026-01-28T10:59:17.790+0000][gc,task     ] GC(206) Using 10 workers of 10 for evacuation
[2026-01-28T10:59:17.805+0000][gc,phases   ] GC(206)   Pre Evacuate Collection Set: 0.8ms
[2026-01-28T10:59:17.805+0000][gc,phases   ] GC(206)   Merge Heap Roots: 0.3ms
[2026-01-28T10:59:17.805+0000][gc,phases   ] GC(206)   Evacuate Collection Set: 12.6ms
[2026-01-28T10:59:17.805+0000][gc,phases   ] GC(206)   Post Evacuate Collection Set: 0.8ms
[2026-01-28T10:59:17.805+0000][gc,phases   ] GC(206)   Other: 0.2ms
[2026-01-28T10:59:17.805+0000][gc,heap     ] GC(206) Eden regions: 606->0(607)
[2026-01-28T10:59:17.805+0000][gc,heap     ] GC(206) Survivor regions: 8->7(77)
[2026-01-28T10:59:17.805+0000][gc,heap     ] GC(206) Old regions: 102->103
[2026-01-28T10:59:17.805+0000][gc,heap     ] GC(206) Humongous regions: 10->10
[2026-01-28T10:59:17.805+0000][gc,metaspace] GC(206) Metaspace: 12872K(13312K)->12872K(13312K) NonClass: 11712K(11904K)->11712K(11904K) Class: 1160K(1408K)->1160K(1408K)
[2026-01-28T10:59:17.806+0000][gc          ] GC(206) Pause Young (Normal) (G1 Evacuation Pause) 724M->119M(1024M) 16.320ms
[2026-01-28T10:59:17.806+0000][gc,cpu      ] GC(206) User=0.14s Sys=0.00s Real=0.02s
[2026-01-28T10:59:29.831+0000][gc,start    ] GC(207) Pause Young (Normal) (G1 Evacuation Pause)
[2026-01-28T10:59:29.832+0000][gc,task     ] GC(207) Using 10 workers of 10 for evacuation
[2026-01-28T10:59:29.841+0000][gc,phases   ] GC(207)   Pre Evacuate Collection Set: 0.9ms
[2026-01-28T10:59:29.841+0000][gc,phases   ] GC(207)   Merge Heap Roots: 0.3ms
[2026-01-28T10:59:29.841+0000][gc,phases   ] GC(207)   Evacuate Collection Set: 6.4ms
[2026-01-28T10:59:29.841+0000][gc,phases   ] GC(207)   Post Evacuate Collection Set: 0.9ms
[2026-01-28T10:59:29.841+0000][gc,phases   ] GC(207)   Other: 0.3ms
[2026-01-28T10:59:29.841+0000][gc,heap     ] GC(207) Eden regions: 607->0(607)
[2026-01-28T10:59:29.841+0000][gc,heap     ] GC(207) Survivor regions: 7->7(77)
[2026-01-28T10:59:29.841+0000][gc,heap     ] GC(207) Old regions: 103->103
[2026-01-28T10:59:29.841+0000][gc,heap     ] GC(207) Humongous regions: 10->10
[2026-01-28T10:59:29.841+0000][gc,metaspace] GC(207) Metaspace: 12872K(13312K)->12872K(13312K) NonClass: 11712K(11904K)->11712K(11904K) Class: 1160K(1408K)->1160K(1408K)
[2026-01-28T10:59:29.841+0000][gc          ] GC(207) Pause Young (Normal) (G1 Evacuation Pause) 726M->119M(1024M) 10.599ms
[2026-01-28T10:59:29.841+0000][gc,cpu      ] GC(207) User=0.07s Sys=0.01s Real=0.01s
[2026-01-28T10:59:41.938+0000][gc,start    ] GC(208) Pause Young (Normal) (G1 Evacuation Pause)
[2026-01-28T10:59:41.939+0000][gc,task     ] GC(208) Using 10 workers of 10 for evacuation
[2026-01-28T10:59:41.947+0000][gc,phases   ] GC(208)   Pre Evacuate Collection Set: 0.7ms
[2026-01-28T10:59:41.947+0000][gc,phases   ] GC(208)   Merge Heap Roots: 0.3ms
[2026-01-28T10:59:41.947+0000][gc,phases   ] GC(208)   Evacuate Collection Set: 6.3ms
[2026-01-28T10:59:41.947+0000][gc,phases   ] GC(208)   Post Evacuate Collection Set: 0.9ms
[2026-01-28T10:59:41.947+0000][gc,phases   ] GC(208)   Other: 0.2ms
[2026-01-28T10:59:41.947+0000][gc,heap     ] GC(208) Eden regions: 607->0(607)
[2026-01-28T10:59:41.947+0000][gc,heap     ] GC(208) Survivor regions: 7->7(77)
[2026-01-28T10:59:41.947+0000][gc,heap     ] GC(208) Old regions: 103->104
[2026-01-28T10:59:41.947+0000][gc,heap     ] GC(208) Humongous regions: 10->10
[2026-01-28T10:59:41.947+0000][gc,metaspace] GC(208) Metaspace: 12872K(13312K)->12872K(13312K) NonClass: 11712K(11904K)->11712K(11904K) Class: 1160K(1408K)->1160K(1408K)
[2026-01-28T10:59:41.948+0000][gc          ] GC(208) Pause Young (Normal) (G1 Evacuation Pause) 726M->120M(1024M) 9.421ms
[2026-01-28T10:59:41.948+0000][gc,cpu      ] GC(208) User=0.07s Sys=0.00s Real=0.01s
[2026-01-28T10:59:53.204+0000][gc,start    ] GC(209) Pause Young (Normal) (G1 Evacuation Pause)
[2026-01-28T10:59:53.204+0000][gc,task     ] GC(209) Using 10 workers of 10 for evacuation
[2026-01-28T10:59:53.225+0000][gc,phases   ] GC(209)   Pre Evacuate Collection Set: 3.4ms
[2026-01-28T10:59:53.225+0000][gc,phases   ] GC(209)   Merge Heap Roots: 0.7ms
[2026-01-28T10:59:53.226+0000][gc,phases   ] GC(209)   Evacuate Collection Set: 15.2ms
[2026-01-28T10:59:53.226+0000][gc,phases   ] GC(209)   Post Evacuate Collection Set: 1.7ms
[2026-01-28T10:59:53.226+0000][gc,phases   ] GC(209)   Other: 0.3ms
[2026-01-28T10:59:53.226+0000][gc,heap     ] GC(209) Eden regions: 607->0(605)
[2026-01-28T10:59:53.226+0000][gc,heap     ] GC(209) Survivor regions: 7->9(77)
[2026-01-28T10:59:53.226+0000][gc,heap     ] GC(209) Old regions: 104->104
[2026-01-28T10:59:53.226+0000][gc,heap     ] GC(209) Humongous regions: 10->10
[2026-01-28T10:59:53.226+0000][gc,metaspace] GC(209) Metaspace: 12873K(13312K)->12873K(13312K) NonClass: 11712K(11904K)->11712K(11904K) Class: 1160K(1408K)->1160K(1408K)
[2026-01-28T10:59:53.226+0000][gc          ] GC(209) Pause Young (Normal) (G1 Evacuation Pause) 727M->122M(1024M) 22.467ms
[2026-01-28T10:59:53.226+0000][gc,cpu      ] GC(209) User=0.20s Sys=0.00s Real=0.02s
[2026-01-28T11:00:04.838+0000][gc,start    ] GC(210) Pause Young (Normal) (G1 Evacuation Pause)
[2026-01-28T11:00:04.838+0000][gc,task     ] GC(210) Using 10 workers of 10 for evacuation
[2026-01-28T11:00:04.846+0000][gc,phases   ] GC(210)   Pre Evacuate Collection Set: 0.9ms
[2026-01-28T11:00:04.846+0000][gc,phases   ] GC(210)   Merge Heap Roots: 0.4ms
[2026-01-28T11:00:04.846+0000][gc,phases   ] GC(210)   Evacuate Collection Set: 5.4ms
[2026-01-28T11:00:04.846+0000][gc,phases   ] GC(210)   Post Evacuate Collection Set: 0.8ms
[2026-01-28T11:00:04.846+0000][gc,phases   ] GC(210)   Other: 0.2ms
[2026-01-28T11:00:04.847+0000][gc,heap     ] GC(210) Eden regions: 605->0(607)
[2026-01-28T11:00:04.847+0000][gc,heap     ] GC(210) Survivor regions: 9->7(77)
[2026-01-28T11:00:04.847+0000][gc,heap     ] GC(210) Old regions: 104->105
[2026-01-28T11:00:04.847+0000][gc,heap     ] GC(210) Humongous regions: 10->10
[2026-01-28T11:00:04.847+0000][gc,metaspace] GC(210) Metaspace: 12873K(13312K)->12873K(13312K) NonClass: 11712K(11904K)->11712K(11904K) Class: 1160K(1408K)->1160K(1408K)
[2026-01-28T11:00:04.847+0000][gc          ] GC(210) Pause Young (Normal) (G1 Evacuation Pause) 727M->121M(1024M) 8.947ms
[2026-01-28T11:00:04.847+0000][gc,cpu      ] GC(210) User=0.07s Sys=0.00s Real=0.01s
[2026-01-28T11:00:17.475+0000][gc,start    ] GC(211) Pause Young (Normal) (G1 Evacuation Pause)
[2026-01-28T11:00:17.475+0000][gc,task     ] GC(211) Using 10 workers of 10 for evacuation
[2026-01-28T11:00:17.488+0000][gc,phases   ] GC(211)   Pre Evacuate Collection Set: 1.1ms
[2026-01-28T11:00:17.488+0000][gc,phases   ] GC(211)   Merge Heap Roots: 2.1ms
[2026-01-28T11:00:17.488+0000][gc,phases   ] GC(211)   Evacuate Collection Set: 8.5ms
[2026-01-28T11:00:17.488+0000][gc,phases   ] GC(211)   Post Evacuate Collection Set: 1.1ms
[2026-01-28T11:00:17.488+0000][gc,phases   ] GC(211)   Other: 0.3ms
[2026-01-28T11:00:17.489+0000][gc,heap     ] GC(211) Eden regions: 607->0(606)
[2026-01-28T11:00:17.489+0000][gc,heap     ] GC(211) Survivor regions: 7->8(77)
[2026-01-28T11:00:17.489+0000][gc,heap     ] GC(211) Old regions: 105->105
[2026-01-28T11:00:17.489+0000][gc,heap     ] GC(211) Humongous regions: 10->10
[2026-01-28T11:00:17.489+0000][gc,metaspace] GC(211) Metaspace: 12873K(13312K)->12873K(13312K) NonClass: 11713K(11904K)->11713K(11904K) Class: 1160K(1408K)->1160K(1408K)
[2026-01-28T11:00:17.489+0000][gc          ] GC(211) Pause Young (Normal) (G1 Evacuation Pause) 728M->121M(1024M) 14.169ms
[2026-01-28T11:00:17.489+0000][gc,cpu      ] GC(211) User=0.12s Sys=0.00s Real=0.01s
[2026-01-28T11:00:29.931+0000][gc,start    ] GC(212) Pause Young (Normal) (G1 Evacuation Pause)
[2026-01-28T11:00:29.932+0000][gc,task     ] GC(212) Using 10 workers of 10 for evacuation
[2026-01-28T11:00:29.948+0000][gc,phases   ] GC(212)   Pre Evacuate Collection Set: 2.3ms
[2026-01-28T11:00:29.948+0000][gc,phases   ] GC(212)   Merge Heap Roots: 1.3ms
[2026-01-28T11:00:29.948+0000][gc,phases   ] GC(212)   Evacuate Collection Set: 10.7ms
[2026-01-28T11:00:29.948+0000][gc,phases   ] GC(212)   Post Evacuate Collection Set: 1.0ms
[2026-01-28T11:00:29.948+0000][gc,phases   ] GC(212)   Other: 0.4ms
[2026-01-28T11:00:29.948+0000][gc,heap     ] GC(212) Eden regions: 606->0(607)
[2026-01-28T11:00:29.948+0000][gc,heap     ] GC(212) Survivor regions: 8->7(77)
[2026-01-28T11:00:29.948+0000][gc,heap     ] GC(212) Old regions: 105->106
[2026-01-28T11:00:29.948+0000][gc,heap     ] GC(212) Humongous regions: 10->10
[2026-01-28T11:00:29.948+0000][gc,metaspace] GC(212) Metaspace: 12875K(13312K)->12875K(13312K) NonClass: 11715K(11904K)->11715K(11904K) Class: 1160K(1408K)->1160K(1408K)
[2026-01-28T11:00:29.948+0000][gc          ] GC(212) Pause Young (Normal) (G1 Evacuation Pause) 727M->122M(1024M) 17.415ms
[2026-01-28T11:00:29.948+0000][gc,cpu      ] GC(212) User=0.14s Sys=0.01s Real=0.02s
[2026-01-28T11:00:42.103+0000][gc,start    ] GC(213) Pause Young (Normal) (G1 Evacuation Pause)
[2026-01-28T11:00:42.104+0000][gc,task     ] GC(213) Using 10 workers of 10 for evacuation
[2026-01-28T11:00:42.112+0000][gc,phases   ] GC(213)   Pre Evacuate Collection Set: 0.9ms
[2026-01-28T11:00:42.112+0000][gc,phases   ] GC(213)   Merge Heap Roots: 0.5ms
[2026-01-28T11:00:42.112+0000][gc,phases   ] GC(213)   Evacuate Collection Set: 6.2ms
[2026-01-28T11:00:42.112+0000][gc,phases   ] GC(213)   Post Evacuate Collection Set: 0.8ms
[2026-01-28T11:00:42.113+0000][gc,phases   ] GC(213)   Other: 0.2ms
[2026-01-28T11:00:42.113+0000][gc,heap     ] GC(213) Eden regions: 607->0(607)
[2026-01-28T11:00:42.113+0000][gc,heap     ] GC(213) Survivor regions: 7->7(77)
[2026-01-28T11:00:42.113+0000][gc,heap     ] GC(213) Old regions: 106->106
[2026-01-28T11:00:42.113+0000][gc,heap     ] GC(213) Humongous regions: 10->10
[2026-01-28T11:00:42.113+0000][gc,metaspace] GC(213) Metaspace: 12875K(13312K)->12875K(13312K) NonClass: 11715K(11904K)->11715K(11904K) Class: 1160K(1408K)->1160K(1408K)
[2026-01-28T11:00:42.113+0000][gc          ] GC(213) Pause Young (Normal) (G1 Evacuation Pause) 729M->122M(1024M) 9.280ms
[2026-01-28T11:00:42.113+0000][gc,cpu      ] GC(213) User=0.08s Sys=0.00s Real=0.01s
[2026-01-28T11:00:53.114+0000][gc,start    ] GC(214) Pause Young (Normal) (G1 Evacuation Pause)
[2026-01-28T11:00:53.114+0000][gc,task     ] GC(214) Using 10 workers of 10 for evacuation
[2026-01-28T11:00:53.137+0000][gc,phases   ] GC(214)   Pre Evacuate Collection Set: 3.5ms
[2026-01-28T11:00:53.137+0000][gc,phases   ] GC(214)   Merge Heap Roots: 1.3ms
[2026-01-28T11:00:53.137+0000][gc,phases   ] GC(214)   Evacuate Collection Set: 17.0ms
[2026-01-28T11:00:53.137+0000][gc,phases   ] GC(214)   Post Evacuate Collection Set: 0.9ms
[2026-01-28T11:00:53.137+0000][gc,phases   ] GC(214)   Other: 0.3ms
[2026-01-28T11:00:53.137+0000][gc,heap     ] GC(214) Eden regions: 607->0(606)
[2026-01-28T11:00:53.137+0000][gc,heap     ] GC(214) Survivor regions: 7->8(77)
[2026-01-28T11:00:53.137+0000][gc,heap     ] GC(214) Old regions: 106->107
[2026-01-28T11:00:53.137+0000][gc,heap     ] GC(214) Humongous regions: 10->10
[2026-01-28T11:00:53.137+0000][gc,metaspace] GC(214) Metaspace: 12875K(13312K)->12875K(13312K) NonClass: 11715K(11904K)->11715K(11904K) Class: 1160K(1408K)->1160K(1408K)
[2026-01-28T11:00:53.138+0000][gc          ] GC(214) Pause Young (Normal) (G1 Evacuation Pause) 729M->124M(1024M) 23.964ms
[2026-01-28T11:00:53.138+0000][gc,cpu      ] GC(214) User=0.20s Sys=0.00s Real=0.02s
[2026-01-28T11:01:04.590+0000][gc,start    ] GC(215) Pause Young (Normal) (G1 Evacuation Pause)
[2026-01-28T11:01:04.591+0000][gc,task     ] GC(215) Using 10 workers of 10 for evacuation
[2026-01-28T11:01:04.605+0000][gc,phases   ] GC(215)   Pre Evacuate Collection Set: 0.9ms
[2026-01-28T11:01:04.605+0000][gc,phases   ] GC(215)   Merge Heap Roots: 1.2ms
[2026-01-28T11:01:04.605+0000][gc,phases   ] GC(215)   Evacuate Collection Set: 10.6ms
[2026-01-28T11:01:04.605+0000][gc,phases   ] GC(215)   Post Evacuate Collection Set: 1.3ms
[2026-01-28T11:01:04.605+0000][gc,phases   ] GC(215)   Other: 0.3ms
[2026-01-28T11:01:04.605+0000][gc,heap     ] GC(215) Eden regions: 606->0(606)
[2026-01-28T11:01:04.605+0000][gc,heap     ] GC(215) Survivor regions: 8->8(77)
[2026-01-28T11:01:04.606+0000][gc,heap     ] GC(215) Old regions: 107->107
[2026-01-28T11:01:04.606+0000][gc,heap     ] GC(215) Humongous regions: 10->10
[2026-01-28T11:01:04.606+0000][gc,metaspace] GC(215) Metaspace: 12875K(13312K)->12875K(13312K) NonClass: 11715K(11904K)->11715K(11904K) Class: 1160K(1408K)->1160K(1408K)
[2026-01-28T11:01:04.606+0000][gc          ] GC(215) Pause Young (Normal) (G1 Evacuation Pause) 730M->123M(1024M) 16.273ms
[2026-01-28T11:01:04.606+0000][gc,cpu      ] GC(215) User=0.12s Sys=0.00s Real=0.02s
[2026-01-28T11:01:17.155+0000][gc,start    ] GC(216) Pause Young (Normal) (G1 Evacuation Pause)
[2026-01-28T11:01:17.157+0000][gc,task     ] GC(216) Using 10 workers of 10 for evacuation
[2026-01-28T11:01:17.172+0000][gc,phases   ] GC(216)   Pre Evacuate Collection Set: 1.8ms
[2026-01-28T11:01:17.172+0000][gc,phases   ] GC(216)   Merge Heap Roots: 1.5ms
[2026-01-28T11:01:17.173+0000][gc,phases   ] GC(216)   Evacuate Collection Set: 11.1ms
[2026-01-28T11:01:17.173+0000][gc,phases   ] GC(216)   Post Evacuate Collection Set: 0.8ms
[2026-01-28T11:01:17.173+0000][gc,phases   ] GC(216)   Other: 0.4ms
[2026-01-28T11:01:17.173+0000][gc,heap     ] GC(216) Eden regions: 606->0(607)
[2026-01-28T11:01:17.173+0000][gc,heap     ] GC(216) Survivor regions: 8->7(77)
[2026-01-28T11:01:17.173+0000][gc,heap     ] GC(216) Old regions: 107->107
[2026-01-28T11:01:17.173+0000][gc,heap     ] GC(216) Humongous regions: 10->10
[2026-01-28T11:01:17.173+0000][gc,metaspace] GC(216) Metaspace: 12875K(13312K)->12875K(13312K) NonClass: 11715K(11904K)->11715K(11904K) Class: 1160K(1408K)->1160K(1408K)
[2026-01-28T11:01:17.173+0000][gc          ] GC(216) Pause Young (Normal) (G1 Evacuation Pause) 729M->123M(1024M) 17.655ms
[2026-01-28T11:01:17.173+0000][gc,cpu      ] GC(216) User=0.13s Sys=0.00s Real=0.02s
[2026-01-28T11:01:29.695+0000][gc,start    ] GC(217) Pause Young (Normal) (G1 Evacuation Pause)
[2026-01-28T11:01:29.695+0000][gc,task     ] GC(217) Using 10 workers of 10 for evacuation
[2026-01-28T11:01:29.716+0000][gc,phases   ] GC(217)   Pre Evacuate Collection Set: 3.6ms
[2026-01-28T11:01:29.716+0000][gc,phases   ] GC(217)   Merge Heap Roots: 2.4ms
[2026-01-28T11:01:29.716+0000][gc,phases   ] GC(217)   Evacuate Collection Set: 11.8ms
[2026-01-28T11:01:29.716+0000][gc,phases   ] GC(217)   Post Evacuate Collection Set: 2.4ms
[2026-01-28T11:01:29.716+0000][gc,phases   ] GC(217)   Other: 0.3ms
[2026-01-28T11:01:29.716+0000][gc,heap     ] GC(217) Eden regions: 607->0(607)
[2026-01-28T11:01:29.716+0000][gc,heap     ] GC(217) Survivor regions: 7->7(77)
[2026-01-28T11:01:29.716+0000][gc,heap     ] GC(217) Old regions: 107->108
[2026-01-28T11:01:29.716+0000][gc,heap     ] GC(217) Humongous regions: 10->10
[2026-01-28T11:01:29.716+0000][gc,metaspace] GC(217) Metaspace: 12875K(13312K)->12875K(13312K) NonClass: 11715K(11904K)->11715K(11904K) Class: 1160K(1408K)->1160K(1408K)
[2026-01-28T11:01:29.716+0000][gc          ] GC(217) Pause Young (Normal) (G1 Evacuation Pause) 730M->124M(1024M) 21.572ms
[2026-01-28T11:01:29.716+0000][gc,cpu      ] GC(217) User=0.17s Sys=0.00s Real=0.02s
[2026-01-28T11:01:42.164+0000][gc,start    ] GC(218) Pause Young (Normal) (G1 Evacuation Pause)
[2026-01-28T11:01:42.165+0000][gc,task     ] GC(218) Using 10 workers of 10 for evacuation
[2026-01-28T11:01:42.185+0000][gc,phases   ] GC(218)   Pre Evacuate Collection Set: 1.0ms
[2026-01-28T11:01:42.185+0000][gc,phases   ] GC(218)   Merge Heap Roots: 0.4ms
[2026-01-28T11:01:42.185+0000][gc,phases   ] GC(218)   Evacuate Collection Set: 17.7ms
[2026-01-28T11:01:42.185+0000][gc,phases   ] GC(218)   Post Evacuate Collection Set: 0.9ms
[2026-01-28T11:01:42.185+0000][gc,phases   ] GC(218)   Other: 0.2ms
[2026-01-28T11:01:42.185+0000][gc,heap     ] GC(218) Eden regions: 607->0(607)
[2026-01-28T11:01:42.185+0000][gc,heap     ] GC(218) Survivor regions: 7->7(77)
[2026-01-28T11:01:42.185+0000][gc,heap     ] GC(218) Old regions: 108->108
[2026-01-28T11:01:42.185+0000][gc,heap     ] GC(218) Humongous regions: 10->10
[2026-01-28T11:01:42.185+0000][gc,metaspace] GC(218) Metaspace: 12875K(13312K)->12875K(13312K) NonClass: 11715K(11904K)->11715K(11904K) Class: 1160K(1408K)->1160K(1408K)
[2026-01-28T11:01:42.185+0000][gc          ] GC(218) Pause Young (Normal) (G1 Evacuation Pause) 731M->124M(1024M) 21.150ms
[2026-01-28T11:01:42.186+0000][gc,cpu      ] GC(218) User=0.19s Sys=0.00s Real=0.02s
[2026-01-28T11:01:53.210+0000][gc,start    ] GC(219) Pause Young (Normal) (G1 Evacuation Pause)
[2026-01-28T11:01:53.212+0000][gc,task     ] GC(219) Using 10 workers of 10 for evacuation
[2026-01-28T11:01:53.227+0000][gc,phases   ] GC(219)   Pre Evacuate Collection Set: 2.1ms
[2026-01-28T11:01:53.227+0000][gc,phases   ] GC(219)   Merge Heap Roots: 0.4ms
[2026-01-28T11:01:53.227+0000][gc,phases   ] GC(219)   Evacuate Collection Set: 11.1ms
[2026-01-28T11:01:53.227+0000][gc,phases   ] GC(219)   Post Evacuate Collection Set: 1.5ms
[2026-01-28T11:01:53.227+0000][gc,phases   ] GC(219)   Other: 0.2ms
[2026-01-28T11:01:53.227+0000][gc,heap     ] GC(219) Eden regions: 607->0(605)
[2026-01-28T11:01:53.227+0000][gc,heap     ] GC(219) Survivor regions: 7->9(77)
[2026-01-28T11:01:53.227+0000][gc,heap     ] GC(219) Old regions: 108->109
[2026-01-28T11:01:53.227+0000][gc,heap     ] GC(219) Humongous regions: 10->10
[2026-01-28T11:01:53.227+0000][gc,metaspace] GC(219) Metaspace: 12875K(13312K)->12875K(13312K) NonClass: 11715K(11904K)->11715K(11904K) Class: 1160K(1408K)->1160K(1408K)
[2026-01-28T11:01:53.228+0000][gc          ] GC(219) Pause Young (Normal) (G1 Evacuation Pause) 731M->127M(1024M) 17.551ms
[2026-01-28T11:01:53.228+0000][gc,cpu      ] GC(219) User=0.14s Sys=0.00s Real=0.02s
[2026-01-28T11:02:05.706+0000][gc,start    ] GC(220) Pause Young (Normal) (G1 Evacuation Pause)
[2026-01-28T11:02:05.706+0000][gc,task     ] GC(220) Using 10 workers of 10 for evacuation
[2026-01-28T11:02:05.717+0000][gc,phases   ] GC(220)   Pre Evacuate Collection Set: 0.9ms
[2026-01-28T11:02:05.717+0000][gc,phases   ] GC(220)   Merge Heap Roots: 0.4ms
[2026-01-28T11:02:05.717+0000][gc,phases   ] GC(220)   Evacuate Collection Set: 8.0ms
[2026-01-28T11:02:05.717+0000][gc,phases   ] GC(220)   Post Evacuate Collection Set: 0.9ms
[2026-01-28T11:02:05.717+0000][gc,phases   ] GC(220)   Other: 0.2ms
[2026-01-28T11:02:05.717+0000][gc,heap     ] GC(220) Eden regions: 605->0(607)
[2026-01-28T11:02:05.717+0000][gc,heap     ] GC(220) Survivor regions: 9->7(77)
[2026-01-28T11:02:05.717+0000][gc,heap     ] GC(220) Old regions: 109->109
[2026-01-28T11:02:05.717+0000][gc,heap     ] GC(220) Humongous regions: 10->10
[2026-01-28T11:02:05.717+0000][gc,metaspace] GC(220) Metaspace: 12875K(13312K)->12875K(13312K) NonClass: 11715K(11904K)->11715K(11904K) Class: 1160K(1408K)->1160K(1408K)
[2026-01-28T11:02:05.717+0000][gc          ] GC(220) Pause Young (Normal) (G1 Evacuation Pause) 732M->125M(1024M) 11.357ms
[2026-01-28T11:02:05.717+0000][gc,cpu      ] GC(220) User=0.08s Sys=0.00s Real=0.01s
[2026-01-28T11:02:18.281+0000][gc,start    ] GC(221) Pause Young (Normal) (G1 Evacuation Pause)
[2026-01-28T11:02:18.281+0000][gc,task     ] GC(221) Using 10 workers of 10 for evacuation
[2026-01-28T11:02:18.293+0000][gc,phases   ] GC(221)   Pre Evacuate Collection Set: 0.9ms
[2026-01-28T11:02:18.293+0000][gc,phases   ] GC(221)   Merge Heap Roots: 0.3ms
[2026-01-28T11:02:18.293+0000][gc,phases   ] GC(221)   Evacuate Collection Set: 8.8ms
[2026-01-28T11:02:18.293+0000][gc,phases   ] GC(221)   Post Evacuate Collection Set: 0.9ms
[2026-01-28T11:02:18.293+0000][gc,phases   ] GC(221)   Other: 0.2ms
[2026-01-28T11:02:18.293+0000][gc,heap     ] GC(221) Eden regions: 607->0(607)
[2026-01-28T11:02:18.293+0000][gc,heap     ] GC(221) Survivor regions: 7->7(77)
[2026-01-28T11:02:18.293+0000][gc,heap     ] GC(221) Old regions: 109->110
[2026-01-28T11:02:18.293+0000][gc,heap     ] GC(221) Humongous regions: 10->10
[2026-01-28T11:02:18.293+0000][gc,metaspace] GC(221) Metaspace: 12875K(13312K)->12875K(13312K) NonClass: 11715K(11904K)->11715K(11904K) Class: 1160K(1408K)->1160K(1408K)
[2026-01-28T11:02:18.293+0000][gc          ] GC(221) Pause Young (Normal) (G1 Evacuation Pause) 732M->126M(1024M) 11.940ms
[2026-01-28T11:02:18.293+0000][gc,cpu      ] GC(221) User=0.10s Sys=0.00s Real=0.02s
[2026-01-28T11:02:30.903+0000][gc,start    ] GC(222) Pause Young (Normal) (G1 Evacuation Pause)
[2026-01-28T11:02:30.904+0000][gc,task     ] GC(222) Using 10 workers of 10 for evacuation
[2026-01-28T11:02:30.921+0000][gc,phases   ] GC(222)   Pre Evacuate Collection Set: 1.5ms
[2026-01-28T11:02:30.921+0000][gc,phases   ] GC(222)   Merge Heap Roots: 1.2ms
[2026-01-28T11:02:30.921+0000][gc,phases   ] GC(222)   Evacuate Collection Set: 12.8ms
[2026-01-28T11:02:30.921+0000][gc,phases   ] GC(222)   Post Evacuate Collection Set: 1.2ms
[2026-01-28T11:02:30.921+0000][gc,phases   ] GC(222)   Other: 0.2ms
[2026-01-28T11:02:30.921+0000][gc,heap     ] GC(222) Eden regions: 607->0(607)
[2026-01-28T11:02:30.921+0000][gc,heap     ] GC(222) Survivor regions: 7->7(77)
[2026-01-28T11:02:30.921+0000][gc,heap     ] GC(222) Old regions: 110->110
[2026-01-28T11:02:30.922+0000][gc,heap     ] GC(222) Humongous regions: 10->10
[2026-01-28T11:02:30.922+0000][gc,metaspace] GC(222) Metaspace: 12875K(13312K)->12875K(13312K) NonClass: 11715K(11904K)->11715K(11904K) Class: 1160K(1408K)->1160K(1408K)
[2026-01-28T11:02:30.922+0000][gc          ] GC(222) Pause Young (Normal) (G1 Evacuation Pause) 733M->126M(1024M) 18.386ms
[2026-01-28T11:02:30.922+0000][gc,cpu      ] GC(222) User=0.16s Sys=0.00s Real=0.02s
[2026-01-28T11:02:43.013+0000][gc,start    ] GC(223) Pause Young (Normal) (G1 Evacuation Pause)
[2026-01-28T11:02:43.014+0000][gc,task     ] GC(223) Using 10 workers of 10 for evacuation
[2026-01-28T11:02:43.027+0000][gc,phases   ] GC(223)   Pre Evacuate Collection Set: 0.7ms
[2026-01-28T11:02:43.027+0000][gc,phases   ] GC(223)   Merge Heap Roots: 0.3ms
[2026-01-28T11:02:43.027+0000][gc,phases   ] GC(223)   Evacuate Collection Set: 10.6ms
[2026-01-28T11:02:43.027+0000][gc,phases   ] GC(223)   Post Evacuate Collection Set: 1.4ms
[2026-01-28T11:02:43.027+0000][gc,phases   ] GC(223)   Other: 0.2ms
[2026-01-28T11:02:43.028+0000][gc,heap     ] GC(223) Eden regions: 607->0(606)
[2026-01-28T11:02:43.028+0000][gc,heap     ] GC(223) Survivor regions: 7->8(77)
[2026-01-28T11:02:43.028+0000][gc,heap     ] GC(223) Old regions: 110->111
[2026-01-28T11:02:43.028+0000][gc,heap     ] GC(223) Humongous regions: 10->10
[2026-01-28T11:02:43.028+0000][gc,metaspace] GC(223) Metaspace: 12875K(13312K)->12875K(13312K) NonClass: 11715K(11904K)->11715K(11904K) Class: 1160K(1408K)->1160K(1408K)
[2026-01-28T11:02:43.028+0000][gc          ] GC(223) Pause Young (Normal) (G1 Evacuation Pause) 733M->127M(1024M) 14.634ms
[2026-01-28T11:02:43.028+0000][gc,cpu      ] GC(223) User=0.12s Sys=0.00s Real=0.01s
[2026-01-28T11:02:54.161+0000][gc,start    ] GC(224) Pause Young (Normal) (G1 Evacuation Pause)
[2026-01-28T11:02:54.162+0000][gc,task     ] GC(224) Using 10 workers of 10 for evacuation
[2026-01-28T11:02:54.175+0000][gc,phases   ] GC(224)   Pre Evacuate Collection Set: 0.9ms
[2026-01-28T11:02:54.175+0000][gc,phases   ] GC(224)   Merge Heap Roots: 1.1ms
[2026-01-28T11:02:54.175+0000][gc,phases   ] GC(224)   Evacuate Collection Set: 10.0ms
[2026-01-28T11:02:54.175+0000][gc,phases   ] GC(224)   Post Evacuate Collection Set: 1.2ms
[2026-01-28T11:02:54.175+0000][gc,phases   ] GC(224)   Other: 0.1ms
[2026-01-28T11:02:54.175+0000][gc,heap     ] GC(224) Eden regions: 606->0(606)
[2026-01-28T11:02:54.176+0000][gc,heap     ] GC(224) Survivor regions: 8->8(77)
[2026-01-28T11:02:54.176+0000][gc,heap     ] GC(224) Old regions: 111->111
[2026-01-28T11:02:54.176+0000][gc,heap     ] GC(224) Humongous regions: 10->10
[2026-01-28T11:02:54.176+0000][gc,metaspace] GC(224) Metaspace: 12875K(13312K)->12875K(13312K) NonClass: 11715K(11904K)->11715K(11904K) Class: 1160K(1408K)->1160K(1408K)
[2026-01-28T11:02:54.176+0000][gc          ] GC(224) Pause Young (Normal) (G1 Evacuation Pause) 733M->127M(1024M) 14.569ms
[2026-01-28T11:02:54.176+0000][gc,cpu      ] GC(224) User=0.12s Sys=0.00s Real=0.02s
[2026-01-28T11:03:06.899+0000][gc,start    ] GC(225) Pause Young (Normal) (G1 Evacuation Pause)
[2026-01-28T11:03:06.899+0000][gc,task     ] GC(225) Using 10 workers of 10 for evacuation
[2026-01-28T11:03:06.911+0000][gc,phases   ] GC(225)   Pre Evacuate Collection Set: 0.7ms
[2026-01-28T11:03:06.911+0000][gc,phases   ] GC(225)   Merge Heap Roots: 0.3ms
[2026-01-28T11:03:06.911+0000][gc,phases   ] GC(225)   Evacuate Collection Set: 9.2ms
[2026-01-28T11:03:06.911+0000][gc,phases   ] GC(225)   Post Evacuate Collection Set: 1.1ms
[2026-01-28T11:03:06.911+0000][gc,phases   ] GC(225)   Other: 0.2ms
[2026-01-28T11:03:06.911+0000][gc,heap     ] GC(225) Eden regions: 606->0(607)
[2026-01-28T11:03:06.911+0000][gc,heap     ] GC(225) Survivor regions: 8->7(77)
[2026-01-28T11:03:06.911+0000][gc,heap     ] GC(225) Old regions: 111->112
[2026-01-28T11:03:06.911+0000][gc,heap     ] GC(225) Humongous regions: 10->10
[2026-01-28T11:03:06.911+0000][gc,metaspace] GC(225) Metaspace: 12882K(13312K)->12882K(13312K) NonClass: 11721K(11904K)->11721K(11904K) Class: 1160K(1408K)->1160K(1408K)
[2026-01-28T11:03:06.911+0000][gc          ] GC(225) Pause Young (Normal) (G1 Evacuation Pause) 733M->127M(1024M) 12.614ms
[2026-01-28T11:03:06.912+0000][gc,cpu      ] GC(225) User=0.10s Sys=0.00s Real=0.01s
[2026-01-28T11:03:20.081+0000][gc,start    ] GC(226) Pause Young (Normal) (G1 Evacuation Pause)
[2026-01-28T11:03:20.082+0000][gc,task     ] GC(226) Using 10 workers of 10 for evacuation
[2026-01-28T11:03:20.093+0000][gc,phases   ] GC(226)   Pre Evacuate Collection Set: 0.8ms
[2026-01-28T11:03:20.093+0000][gc,phases   ] GC(226)   Merge Heap Roots: 0.3ms
[2026-01-28T11:03:20.094+0000][gc,phases   ] GC(226)   Evacuate Collection Set: 9.0ms
[2026-01-28T11:03:20.094+0000][gc,phases   ] GC(226)   Post Evacuate Collection Set: 0.9ms
[2026-01-28T11:03:20.094+0000][gc,phases   ] GC(226)   Other: 0.2ms
[2026-01-28T11:03:20.094+0000][gc,heap     ] GC(226) Eden regions: 607->0(607)
[2026-01-28T11:03:20.094+0000][gc,heap     ] GC(226) Survivor regions: 7->7(77)
[2026-01-28T11:03:20.094+0000][gc,heap     ] GC(226) Old regions: 112->112
[2026-01-28T11:03:20.094+0000][gc,heap     ] GC(226) Humongous regions: 10->10
[2026-01-28T11:03:20.094+0000][gc,metaspace] GC(226) Metaspace: 12882K(13312K)->12882K(13312K) NonClass: 11721K(11904K)->11721K(11904K) Class: 1161K(1408K)->1161K(1408K)
[2026-01-28T11:03:20.094+0000][gc          ] GC(226) Pause Young (Normal) (G1 Evacuation Pause) 734M->128M(1024M) 13.090ms
[2026-01-28T11:03:20.094+0000][gc,cpu      ] GC(226) User=0.09s Sys=0.01s Real=0.02s
[2026-01-28T11:03:32.506+0000][gc,start    ] GC(227) Pause Young (Normal) (G1 Evacuation Pause)
[2026-01-28T11:03:32.507+0000][gc,task     ] GC(227) Using 10 workers of 10 for evacuation
[2026-01-28T11:03:32.516+0000][gc,phases   ] GC(227)   Pre Evacuate Collection Set: 1.0ms
[2026-01-28T11:03:32.516+0000][gc,phases   ] GC(227)   Merge Heap Roots: 0.4ms
[2026-01-28T11:03:32.517+0000][gc,phases   ] GC(227)   Evacuate Collection Set: 7.2ms
[2026-01-28T11:03:32.517+0000][gc,phases   ] GC(227)   Post Evacuate Collection Set: 0.9ms
[2026-01-28T11:03:32.517+0000][gc,phases   ] GC(227)   Other: 0.2ms
[2026-01-28T11:03:32.517+0000][gc,heap     ] GC(227) Eden regions: 607->0(606)
[2026-01-28T11:03:32.517+0000][gc,heap     ] GC(227) Survivor regions: 7->8(77)
[2026-01-28T11:03:32.517+0000][gc,heap     ] GC(227) Old regions: 112->113
[2026-01-28T11:03:32.517+0000][gc,heap     ] GC(227) Humongous regions: 10->10
[2026-01-28T11:03:32.517+0000][gc,metaspace] GC(227) Metaspace: 12882K(13312K)->12882K(13312K) NonClass: 11721K(11904K)->11721K(11904K) Class: 1161K(1408K)->1161K(1408K)
[2026-01-28T11:03:32.517+0000][gc          ] GC(227) Pause Young (Normal) (G1 Evacuation Pause) 735M->129M(1024M) 11.269ms
[2026-01-28T11:03:32.517+0000][gc,cpu      ] GC(227) User=0.09s Sys=0.00s Real=0.01s
[2026-01-28T11:03:43.172+0000][gc,start    ] GC(228) Pause Young (Normal) (G1 Evacuation Pause)
[2026-01-28T11:03:43.173+0000][gc,task     ] GC(228) Using 10 workers of 10 for evacuation
[2026-01-28T11:03:43.193+0000][gc,phases   ] GC(228)   Pre Evacuate Collection Set: 0.9ms
[2026-01-28T11:03:43.193+0000][gc,phases   ] GC(228)   Merge Heap Roots: 0.4ms
[2026-01-28T11:03:43.193+0000][gc,phases   ] GC(228)   Evacuate Collection Set: 15.9ms
[2026-01-28T11:03:43.193+0000][gc,phases   ] GC(228)   Post Evacuate Collection Set: 2.1ms
[2026-01-28T11:03:43.193+0000][gc,phases   ] GC(228)   Other: 0.2ms
[2026-01-28T11:03:43.193+0000][gc,heap     ] GC(228) Eden regions: 606->0(605)
[2026-01-28T11:03:43.193+0000][gc,heap     ] GC(228) Survivor regions: 8->9(77)
[2026-01-28T11:03:43.193+0000][gc,heap     ] GC(228) Old regions: 113->113
[2026-01-28T11:03:43.193+0000][gc,heap     ] GC(228) Humongous regions: 10->10
[2026-01-28T11:03:43.193+0000][gc,metaspace] GC(228) Metaspace: 12882K(13312K)->12882K(13312K) NonClass: 11721K(11904K)->11721K(11904K) Class: 1161K(1408K)->1161K(1408K)
[2026-01-28T11:03:43.193+0000][gc          ] GC(228) Pause Young (Normal) (G1 Evacuation Pause) 735M->130M(1024M) 21.117ms
[2026-01-28T11:03:43.193+0000][gc,cpu      ] GC(228) User=0.18s Sys=0.00s Real=0.03s
[2026-01-28T11:03:55.596+0000][gc,start    ] GC(229) Pause Young (Normal) (G1 Evacuation Pause)
[2026-01-28T11:03:55.596+0000][gc,task     ] GC(229) Using 10 workers of 10 for evacuation
[2026-01-28T11:03:55.607+0000][gc,phases   ] GC(229)   Pre Evacuate Collection Set: 0.7ms
[2026-01-28T11:03:55.607+0000][gc,phases   ] GC(229)   Merge Heap Roots: 0.2ms
[2026-01-28T11:03:55.607+0000][gc,phases   ] GC(229)   Evacuate Collection Set: 8.5ms
[2026-01-28T11:03:55.607+0000][gc,phases   ] GC(229)   Post Evacuate Collection Set: 1.2ms
[2026-01-28T11:03:55.607+0000][gc,phases   ] GC(229)   Other: 0.1ms
[2026-01-28T11:03:55.608+0000][gc,heap     ] GC(229) Eden regions: 605->0(606)
[2026-01-28T11:03:55.608+0000][gc,heap     ] GC(229) Survivor regions: 9->8(77)
[2026-01-28T11:03:55.608+0000][gc,heap     ] GC(229) Old regions: 113->113
[2026-01-28T11:03:55.608+0000][gc,heap     ] GC(229) Humongous regions: 10->10
[2026-01-28T11:03:55.608+0000][gc,metaspace] GC(229) Metaspace: 12882K(13312K)->12882K(13312K) NonClass: 11721K(11904K)->11721K(11904K) Class: 1161K(1408K)->1161K(1408K)
[2026-01-28T11:03:55.608+0000][gc          ] GC(229) Pause Young (Normal) (G1 Evacuation Pause) 735M->130M(1024M) 12.262ms
[2026-01-28T11:03:55.608+0000][gc,cpu      ] GC(229) User=0.09s Sys=0.00s Real=0.01s
[2026-01-28T11:04:08.521+0000][gc,start    ] GC(230) Pause Young (Normal) (G1 Evacuation Pause)
[2026-01-28T11:04:08.522+0000][gc,task     ] GC(230) Using 10 workers of 10 for evacuation
[2026-01-28T11:04:08.534+0000][gc,phases   ] GC(230)   Pre Evacuate Collection Set: 1.1ms
[2026-01-28T11:04:08.534+0000][gc,phases   ] GC(230)   Merge Heap Roots: 0.4ms
[2026-01-28T11:04:08.534+0000][gc,phases   ] GC(230)   Evacuate Collection Set: 9.4ms
[2026-01-28T11:04:08.534+0000][gc,phases   ] GC(230)   Post Evacuate Collection Set: 1.1ms
[2026-01-28T11:04:08.534+0000][gc,phases   ] GC(230)   Other: 0.2ms
[2026-01-28T11:04:08.534+0000][gc,heap     ] GC(230) Eden regions: 606->0(606)
[2026-01-28T11:04:08.534+0000][gc,heap     ] GC(230) Survivor regions: 8->8(77)
[2026-01-28T11:04:08.534+0000][gc,heap     ] GC(230) Old regions: 113->114
[2026-01-28T11:04:08.534+0000][gc,heap     ] GC(230) Humongous regions: 10->10
[2026-01-28T11:04:08.534+0000][gc,metaspace] GC(230) Metaspace: 12882K(13312K)->12882K(13312K) NonClass: 11721K(11904K)->11721K(11904K) Class: 1161K(1408K)->1161K(1408K)
[2026-01-28T11:04:08.535+0000][gc          ] GC(230) Pause Young (Normal) (G1 Evacuation Pause) 736M->130M(1024M) 13.174ms
[2026-01-28T11:04:08.535+0000][gc,cpu      ] GC(230) User=0.11s Sys=0.00s Real=0.01s
[2026-01-28T11:04:21.160+0000][gc,start    ] GC(231) Pause Young (Normal) (G1 Evacuation Pause)
[2026-01-28T11:04:21.162+0000][gc,task     ] GC(231) Using 10 workers of 10 for evacuation
[2026-01-28T11:04:21.178+0000][gc,phases   ] GC(231)   Pre Evacuate Collection Set: 2.7ms
[2026-01-28T11:04:21.178+0000][gc,phases   ] GC(231)   Merge Heap Roots: 0.7ms
[2026-01-28T11:04:21.178+0000][gc,phases   ] GC(231)   Evacuate Collection Set: 11.1ms
[2026-01-28T11:04:21.178+0000][gc,phases   ] GC(231)   Post Evacuate Collection Set: 0.9ms
[2026-01-28T11:04:21.178+0000][gc,phases   ] GC(231)   Other: 0.6ms
[2026-01-28T11:04:21.178+0000][gc,heap     ] GC(231) Eden regions: 606->0(607)
[2026-01-28T11:04:21.178+0000][gc,heap     ] GC(231) Survivor regions: 8->7(77)
[2026-01-28T11:04:21.178+0000][gc,heap     ] GC(231) Old regions: 114->114
[2026-01-28T11:04:21.178+0000][gc,heap     ] GC(231) Humongous regions: 10->10
[2026-01-28T11:04:21.178+0000][gc,metaspace] GC(231) Metaspace: 12885K(13312K)->12885K(13312K) NonClass: 11724K(11904K)->11724K(11904K) Class: 1161K(1408K)->1161K(1408K)
[2026-01-28T11:04:21.178+0000][gc          ] GC(231) Pause Young (Normal) (G1 Evacuation Pause) 736M->130M(1024M) 18.058ms
[2026-01-28T11:04:21.178+0000][gc,cpu      ] GC(231) User=0.13s Sys=0.00s Real=0.02s
[2026-01-28T11:04:33.016+0000][gc,start    ] GC(232) Pause Young (Normal) (G1 Evacuation Pause)
[2026-01-28T11:04:33.017+0000][gc,task     ] GC(232) Using 10 workers of 10 for evacuation
[2026-01-28T11:04:33.039+0000][gc,phases   ] GC(232)   Pre Evacuate Collection Set: 2.0ms
[2026-01-28T11:04:33.040+0000][gc,phases   ] GC(232)   Merge Heap Roots: 1.5ms
[2026-01-28T11:04:33.040+0000][gc,phases   ] GC(232)   Evacuate Collection Set: 17.7ms
[2026-01-28T11:04:33.040+0000][gc,phases   ] GC(232)   Post Evacuate Collection Set: 0.9ms
[2026-01-28T11:04:33.040+0000][gc,phases   ] GC(232)   Other: 0.2ms
[2026-01-28T11:04:33.040+0000][gc,heap     ] GC(232) Eden regions: 607->0(606)
[2026-01-28T11:04:33.040+0000][gc,heap     ] GC(232) Survivor regions: 7->8(77)
[2026-01-28T11:04:33.040+0000][gc,heap     ] GC(232) Old regions: 114->115
[2026-01-28T11:04:33.040+0000][gc,heap     ] GC(232) Humongous regions: 10->10
[2026-01-28T11:04:33.040+0000][gc,metaspace] GC(232) Metaspace: 12885K(13312K)->12885K(13312K) NonClass: 11724K(11904K)->11724K(11904K) Class: 1161K(1408K)->1161K(1408K)
[2026-01-28T11:04:33.040+0000][gc          ] GC(232) Pause Young (Normal) (G1 Evacuation Pause) 737M->131M(1024M) 23.966ms
[2026-01-28T11:04:33.040+0000][gc,cpu      ] GC(232) User=0.21s Sys=0.00s Real=0.02s
[2026-01-28T11:04:43.713+0000][gc,start    ] GC(233) Pause Young (Normal) (G1 Evacuation Pause)
[2026-01-28T11:04:43.714+0000][gc,task     ] GC(233) Using 10 workers of 10 for evacuation
[2026-01-28T11:04:43.730+0000][gc,phases   ] GC(233)   Pre Evacuate Collection Set: 0.7ms
[2026-01-28T11:04:43.730+0000][gc,phases   ] GC(233)   Merge Heap Roots: 0.3ms
[2026-01-28T11:04:43.730+0000][gc,phases   ] GC(233)   Evacuate Collection Set: 12.9ms
[2026-01-28T11:04:43.730+0000][gc,phases   ] GC(233)   Post Evacuate Collection Set: 1.5ms
[2026-01-28T11:04:43.730+0000][gc,phases   ] GC(233)   Other: 0.1ms
[2026-01-28T11:04:43.730+0000][gc,heap     ] GC(233) Eden regions: 606->0(607)
[2026-01-28T11:04:43.730+0000][gc,heap     ] GC(233) Survivor regions: 8->7(77)
[2026-01-28T11:04:43.730+0000][gc,heap     ] GC(233) Old regions: 115->115
[2026-01-28T11:04:43.730+0000][gc,heap     ] GC(233) Humongous regions: 10->10
[2026-01-28T11:04:43.730+0000][gc,metaspace] GC(233) Metaspace: 12885K(13312K)->12885K(13312K) NonClass: 11724K(11904K)->11724K(11904K) Class: 1161K(1408K)->1161K(1408K)
[2026-01-28T11:04:43.731+0000][gc          ] GC(233) Pause Young (Normal) (G1 Evacuation Pause) 737M->131M(1024M) 17.070ms
[2026-01-28T11:04:43.731+0000][gc,cpu      ] GC(233) User=0.14s Sys=0.00s Real=0.02s
[2026-01-28T11:04:56.810+0000][gc,start    ] GC(234) Pause Young (Normal) (G1 Evacuation Pause)
[2026-01-28T11:04:56.811+0000][gc,task     ] GC(234) Using 10 workers of 10 for evacuation
[2026-01-28T11:04:56.824+0000][gc,phases   ] GC(234)   Pre Evacuate Collection Set: 1.3ms
[2026-01-28T11:04:56.824+0000][gc,phases   ] GC(234)   Merge Heap Roots: 1.1ms
[2026-01-28T11:04:56.824+0000][gc,phases   ] GC(234)   Evacuate Collection Set: 9.3ms
[2026-01-28T11:04:56.824+0000][gc,phases   ] GC(234)   Post Evacuate Collection Set: 0.8ms
[2026-01-28T11:04:56.824+0000][gc,phases   ] GC(234)   Other: 0.2ms
[2026-01-28T11:04:56.824+0000][gc,heap     ] GC(234) Eden regions: 607->0(606)
[2026-01-28T11:04:56.824+0000][gc,heap     ] GC(234) Survivor regions: 7->8(77)
[2026-01-28T11:04:56.824+0000][gc,heap     ] GC(234) Old regions: 115->116
[2026-01-28T11:04:56.824+0000][gc,heap     ] GC(234) Humongous regions: 10->10
[2026-01-28T11:04:56.824+0000][gc,metaspace] GC(234) Metaspace: 12908K(13376K)->12908K(13376K) NonClass: 11747K(11968K)->11747K(11968K) Class: 1161K(1408K)->1161K(1408K)
[2026-01-28T11:04:56.824+0000][gc          ] GC(234) Pause Young (Normal) (G1 Evacuation Pause) 738M->132M(1024M) 14.331ms
[2026-01-28T11:04:56.825+0000][gc,cpu      ] GC(234) User=0.11s Sys=0.00s Real=0.02s
[2026-01-28T11:05:09.034+0000][gc,start    ] GC(235) Pause Young (Normal) (G1 Evacuation Pause)
[2026-01-28T11:05:09.035+0000][gc,task     ] GC(235) Using 10 workers of 10 for evacuation
[2026-01-28T11:05:09.044+0000][gc,phases   ] GC(235)   Pre Evacuate Collection Set: 0.9ms
[2026-01-28T11:05:09.044+0000][gc,phases   ] GC(235)   Merge Heap Roots: 0.4ms
[2026-01-28T11:05:09.044+0000][gc,phases   ] GC(235)   Evacuate Collection Set: 6.2ms
[2026-01-28T11:05:09.044+0000][gc,phases   ] GC(235)   Post Evacuate Collection Set: 0.9ms
[2026-01-28T11:05:09.044+0000][gc,phases   ] GC(235)   Other: 0.2ms
[2026-01-28T11:05:09.044+0000][gc,heap     ] GC(235) Eden regions: 606->0(607)
[2026-01-28T11:05:09.044+0000][gc,heap     ] GC(235) Survivor regions: 8->7(77)
[2026-01-28T11:05:09.044+0000][gc,heap     ] GC(235) Old regions: 116->116
[2026-01-28T11:05:09.044+0000][gc,heap     ] GC(235) Humongous regions: 10->10
[2026-01-28T11:05:09.044+0000][gc,metaspace] GC(235) Metaspace: 12908K(13376K)->12908K(13376K) NonClass: 11747K(11968K)->11747K(11968K) Class: 1161K(1408K)->1161K(1408K)
[2026-01-28T11:05:09.044+0000][gc          ] GC(235) Pause Young (Normal) (G1 Evacuation Pause) 738M->132M(1024M) 10.081ms
[2026-01-28T11:05:09.044+0000][gc,cpu      ] GC(235) User=0.07s Sys=0.01s Real=0.01s
[2026-01-28T11:05:21.991+0000][gc,start    ] GC(236) Pause Young (Normal) (G1 Evacuation Pause)
[2026-01-28T11:05:21.992+0000][gc,task     ] GC(236) Using 10 workers of 10 for evacuation
[2026-01-28T11:05:22.010+0000][gc,phases   ] GC(236)   Pre Evacuate Collection Set: 0.8ms
[2026-01-28T11:05:22.010+0000][gc,phases   ] GC(236)   Merge Heap Roots: 0.4ms
[2026-01-28T11:05:22.010+0000][gc,phases   ] GC(236)   Evacuate Collection Set: 15.7ms
[2026-01-28T11:05:22.010+0000][gc,phases   ] GC(236)   Post Evacuate Collection Set: 0.9ms
[2026-01-28T11:05:22.010+0000][gc,phases   ] GC(236)   Other: 0.2ms
[2026-01-28T11:05:22.010+0000][gc,heap     ] GC(236) Eden regions: 607->0(606)
[2026-01-28T11:05:22.010+0000][gc,heap     ] GC(236) Survivor regions: 7->8(77)
[2026-01-28T11:05:22.010+0000][gc,heap     ] GC(236) Old regions: 116->117
[2026-01-28T11:05:22.010+0000][gc,heap     ] GC(236) Humongous regions: 10->10
[2026-01-28T11:05:22.010+0000][gc,metaspace] GC(236) Metaspace: 12908K(13376K)->12908K(13376K) NonClass: 11747K(11968K)->11747K(11968K) Class: 1161K(1408K)->1161K(1408K)
[2026-01-28T11:05:22.010+0000][gc          ] GC(236) Pause Young (Normal) (G1 Evacuation Pause) 739M->133M(1024M) 19.602ms
[2026-01-28T11:05:22.011+0000][gc,cpu      ] GC(236) User=0.17s Sys=0.00s Real=0.02s
[2026-01-28T11:05:33.133+0000][gc,start    ] GC(237) Pause Young (Normal) (G1 Evacuation Pause)
[2026-01-28T11:05:33.134+0000][gc,task     ] GC(237) Using 10 workers of 10 for evacuation
[2026-01-28T11:05:33.145+0000][gc,phases   ] GC(237)   Pre Evacuate Collection Set: 0.8ms
[2026-01-28T11:05:33.145+0000][gc,phases   ] GC(237)   Merge Heap Roots: 0.3ms
[2026-01-28T11:05:33.145+0000][gc,phases   ] GC(237)   Evacuate Collection Set: 8.5ms
[2026-01-28T11:05:33.145+0000][gc,phases   ] GC(237)   Post Evacuate Collection Set: 1.0ms
[2026-01-28T11:05:33.145+0000][gc,phases   ] GC(237)   Other: 0.2ms
[2026-01-28T11:05:33.145+0000][gc,heap     ] GC(237) Eden regions: 606->0(605)
[2026-01-28T11:05:33.145+0000][gc,heap     ] GC(237) Survivor regions: 8->9(77)
[2026-01-28T11:05:33.146+0000][gc,heap     ] GC(237) Old regions: 117->117
[2026-01-28T11:05:33.146+0000][gc,heap     ] GC(237) Humongous regions: 10->10
[2026-01-28T11:05:33.146+0000][gc,metaspace] GC(237) Metaspace: 12908K(13376K)->12908K(13376K) NonClass: 11747K(11968K)->11747K(11968K) Class: 1161K(1408K)->1161K(1408K)
[2026-01-28T11:05:33.146+0000][gc          ] GC(237) Pause Young (Normal) (G1 Evacuation Pause) 739M->134M(1024M) 12.759ms
[2026-01-28T11:05:33.146+0000][gc,cpu      ] GC(237) User=0.10s Sys=0.00s Real=0.02s
[2026-01-28T11:05:44.758+0000][gc,start    ] GC(238) Pause Young (Normal) (G1 Evacuation Pause)
[2026-01-28T11:05:44.759+0000][gc,task     ] GC(238) Using 10 workers of 10 for evacuation
[2026-01-28T11:05:44.772+0000][gc,phases   ] GC(238)   Pre Evacuate Collection Set: 0.8ms
[2026-01-28T11:05:44.772+0000][gc,phases   ] GC(238)   Merge Heap Roots: 0.3ms
[2026-01-28T11:05:44.773+0000][gc,phases   ] GC(238)   Evacuate Collection Set: 10.8ms
[2026-01-28T11:05:44.773+0000][gc,phases   ] GC(238)   Post Evacuate Collection Set: 1.4ms
[2026-01-28T11:05:44.773+0000][gc,phases   ] GC(238)   Other: 0.2ms
[2026-01-28T11:05:44.773+0000][gc,heap     ] GC(238) Eden regions: 605->0(606)
[2026-01-28T11:05:44.773+0000][gc,heap     ] GC(238) Survivor regions: 9->8(77)
[2026-01-28T11:05:44.773+0000][gc,heap     ] GC(238) Old regions: 117->118
[2026-01-28T11:05:44.773+0000][gc,heap     ] GC(238) Humongous regions: 10->10
[2026-01-28T11:05:44.773+0000][gc,metaspace] GC(238) Metaspace: 12908K(13376K)->12908K(13376K) NonClass: 11747K(11968K)->11747K(11968K) Class: 1161K(1408K)->1161K(1408K)
[2026-01-28T11:05:44.773+0000][gc          ] GC(238) Pause Young (Normal) (G1 Evacuation Pause) 739M->134M(1024M) 15.462ms
[2026-01-28T11:05:44.773+0000][gc,cpu      ] GC(238) User=0.12s Sys=0.00s Real=0.01s
[2026-01-28T11:05:57.684+0000][gc,start    ] GC(239) Pause Young (Normal) (G1 Evacuation Pause)
[2026-01-28T11:05:57.684+0000][gc,task     ] GC(239) Using 10 workers of 10 for evacuation
[2026-01-28T11:05:57.699+0000][gc,phases   ] GC(239)   Pre Evacuate Collection Set: 0.9ms
[2026-01-28T11:05:57.699+0000][gc,phases   ] GC(239)   Merge Heap Roots: 0.4ms
[2026-01-28T11:05:57.699+0000][gc,phases   ] GC(239)   Evacuate Collection Set: 11.8ms
[2026-01-28T11:05:57.699+0000][gc,phases   ] GC(239)   Post Evacuate Collection Set: 1.4ms
[2026-01-28T11:05:57.699+0000][gc,phases   ] GC(239)   Other: 0.2ms
[2026-01-28T11:05:57.699+0000][gc,heap     ] GC(239) Eden regions: 606->0(606)
[2026-01-28T11:05:57.699+0000][gc,heap     ] GC(239) Survivor regions: 8->8(77)
[2026-01-28T11:05:57.699+0000][gc,heap     ] GC(239) Old regions: 118->118
[2026-01-28T11:05:57.699+0000][gc,heap     ] GC(239) Humongous regions: 10->10
[2026-01-28T11:05:57.700+0000][gc,metaspace] GC(239) Metaspace: 12908K(13376K)->12908K(13376K) NonClass: 11747K(11968K)->11747K(11968K) Class: 1161K(1408K)->1161K(1408K)
[2026-01-28T11:05:57.700+0000][gc          ] GC(239) Pause Young (Normal) (G1 Evacuation Pause) 740M->134M(1024M) 15.824ms
[2026-01-28T11:05:57.700+0000][gc,cpu      ] GC(239) User=0.13s Sys=0.00s Real=0.02s
[2026-01-28T11:06:10.299+0000][gc,start    ] GC(240) Pause Young (Normal) (G1 Evacuation Pause)
[2026-01-28T11:06:10.299+0000][gc,task     ] GC(240) Using 10 workers of 10 for evacuation
[2026-01-28T11:06:10.319+0000][gc,phases   ] GC(240)   Pre Evacuate Collection Set: 0.8ms
[2026-01-28T11:06:10.320+0000][gc,phases   ] GC(240)   Merge Heap Roots: 0.4ms
[2026-01-28T11:06:10.320+0000][gc,phases   ] GC(240)   Evacuate Collection Set: 17.3ms
[2026-01-28T11:06:10.320+0000][gc,phases   ] GC(240)   Post Evacuate Collection Set: 1.4ms
[2026-01-28T11:06:10.320+0000][gc,phases   ] GC(240)   Other: 0.3ms
[2026-01-28T11:06:10.320+0000][gc,heap     ] GC(240) Eden regions: 606->0(606)
[2026-01-28T11:06:10.320+0000][gc,heap     ] GC(240) Survivor regions: 8->8(77)
[2026-01-28T11:06:10.320+0000][gc,heap     ] GC(240) Old regions: 118->118
[2026-01-28T11:06:10.320+0000][gc,heap     ] GC(240) Humongous regions: 10->10
[2026-01-28T11:06:10.320+0000][gc,metaspace] GC(240) Metaspace: 12909K(13376K)->12909K(13376K) NonClass: 11748K(11968K)->11748K(11968K) Class: 1161K(1408K)->1161K(1408K)
[2026-01-28T11:06:10.320+0000][gc          ] GC(240) Pause Young (Normal) (G1 Evacuation Pause) 740M->135M(1024M) 21.357ms
[2026-01-28T11:06:10.320+0000][gc,cpu      ] GC(240) User=0.19s Sys=0.00s Real=0.02s
[2026-01-28T11:06:22.795+0000][gc,start    ] GC(241) Pause Young (Normal) (G1 Evacuation Pause)
[2026-01-28T11:06:22.798+0000][gc,task     ] GC(241) Using 10 workers of 10 for evacuation
[2026-01-28T11:06:22.817+0000][gc,phases   ] GC(241)   Pre Evacuate Collection Set: 1.2ms
[2026-01-28T11:06:22.817+0000][gc,phases   ] GC(241)   Merge Heap Roots: 1.2ms
[2026-01-28T11:06:22.817+0000][gc,phases   ] GC(241)   Evacuate Collection Set: 14.9ms
[2026-01-28T11:06:22.817+0000][gc,phases   ] GC(241)   Post Evacuate Collection Set: 1.0ms
[2026-01-28T11:06:22.817+0000][gc,phases   ] GC(241)   Other: 0.2ms
[2026-01-28T11:06:22.817+0000][gc,heap     ] GC(241) Eden regions: 606->0(606)
[2026-01-28T11:06:22.817+0000][gc,heap     ] GC(241) Survivor regions: 8->8(77)
[2026-01-28T11:06:22.817+0000][gc,heap     ] GC(241) Old regions: 118->119
[2026-01-28T11:06:22.817+0000][gc,heap     ] GC(241) Humongous regions: 10->10
[2026-01-28T11:06:22.817+0000][gc,metaspace] GC(241) Metaspace: 12910K(13376K)->12910K(13376K) NonClass: 11749K(11968K)->11749K(11968K) Class: 1161K(1408K)->1161K(1408K)
[2026-01-28T11:06:22.817+0000][gc          ] GC(241) Pause Young (Normal) (G1 Evacuation Pause) 741M->135M(1024M) 21.968ms
[2026-01-28T11:06:22.818+0000][gc,cpu      ] GC(241) User=0.16s Sys=0.00s Real=0.03s
