[2026-01-28T11:06:55.587+0000][gc,init] CardTable entry size: 512
[2026-01-28T11:06:55.588+0000][gc     ] Using G1
[2026-01-28T11:06:55.593+0000][gc,init] Version: 21.0.4+7-LTS (release)
[2026-01-28T11:06:55.593+0000][gc,init] CPUs: 12 total, 12 available
[2026-01-28T11:06:55.594+0000][gc,init] Memory: 7837M
[2026-01-28T11:06:55.594+0000][gc,init] Large Page Support: Disabled
[2026-01-28T11:06:55.594+0000][gc,init] NUMA Support: Disabled
[2026-01-28T11:06:55.594+0000][gc,init] Compressed Oops: Enabled (32-bit)
[2026-01-28T11:06:55.595+0000][gc,init] Heap Region Size: 1M
[2026-01-28T11:06:55.595+0000][gc,init] Heap Min Capacity: 1G
[2026-01-28T11:06:55.595+0000][gc,init] Heap Initial Capacity: 1G
[2026-01-28T11:06:55.595+0000][gc,init] Heap Max Capacity: 1G
[2026-01-28T11:06:55.595+0000][gc,init] Pre-touch: Disabled
[2026-01-28T11:06:55.596+0000][gc,init] Parallel Workers: 10
[2026-01-28T11:06:55.596+0000][gc,init] Concurrent Workers: 3
[2026-01-28T11:06:55.596+0000][gc,init] Concurrent Refinement Workers: 10
[2026-01-28T11:06:55.596+0000][gc,init] Periodic GC: Disabled
[2026-01-28T11:06:55.620+0000][gc,metaspace] CDS archive(s) mapped at: [0x0000004800000000-0x0000004800bd0000-0x00000048036b0000), size 57344000, SharedBaseAddress: 0x0000004800000000, ArchiveRelocationMode: 1.
[2026-01-28T11:06:55.620+0000][gc,metaspace] Compressed class space mapped at: 0x0000004804000000-0x0000004844000000, reserved size: 1073741824
[2026-01-28T11:06:55.620+0000][gc,metaspace] Narrow klass base: 0x0000004800000000, Narrow klass shift: 0, Narrow klass range: 0x100000000
[2026-01-28T11:06:57.129+0000][gc,start    ] GC(0) Pause Young (Normal) (G1 Evacuation Pause)
[2026-01-28T11:06:57.141+0000][gc,task     ] GC(0) Using 10 workers of 10 for evacuation
[2026-01-28T11:06:57.178+0000][gc,phases   ] GC(0)   Pre Evacuate Collection Set: 8.8ms
[2026-01-28T11:06:57.179+0000][gc,phases   ] GC(0)   Merge Heap Roots: 0.2ms
[2026-01-28T11:06:57.179+0000][gc,phases   ] GC(0)   Evacuate Collection Set: 22.3ms
[2026-01-28T11:06:57.179+0000][gc,phases   ] GC(0)   Post Evacuate Collection Set: 3.6ms
[2026-01-28T11:06:57.179+0000][gc,phases   ] GC(0)   Other: 11.6ms
[2026-01-28T11:06:57.179+0000][gc,heap     ] GC(0) Eden regions: 51->0(44)
[2026-01-28T11:06:57.179+0000][gc,heap     ] GC(0) Survivor regions: 0->7(7)
[2026-01-28T11:06:57.179+0000][gc,heap     ] GC(0) Old regions: 1->7
[2026-01-28T11:06:57.180+0000][gc,heap     ] GC(0) Humongous regions: 1->1
[2026-01-28T11:06:57.180+0000][gc,metaspace] GC(0) Metaspace: 5689K(5888K)->5689K(5888K) NonClass: 5018K(5120K)->5018K(5120K) Class: 670K(768K)->670K(768K)
[2026-01-28T11:06:57.180+0000][gc          ] GC(0) Pause Young (Normal) (G1 Evacuation Pause) 52M->14M(1024M) 50.974ms
[2026-01-28T11:06:57.181+0000][gc,cpu      ] GC(0) User=0.02s Sys=0.04s Real=0.05s
[2026-01-28T11:06:59.993+0000][gc,start    ] GC(1) Pause Young (Normal) (G1 Evacuation Pause)
[2026-01-28T11:06:59.993+0000][gc,task     ] GC(1) Using 10 workers of 10 for evacuation
[2026-01-28T11:07:00.001+0000][gc,phases   ] GC(1)   Pre Evacuate Collection Set: 0.4ms
[2026-01-28T11:07:00.002+0000][gc,phases   ] GC(1)   Merge Heap Roots: 0.1ms
[2026-01-28T11:07:00.002+0000][gc,phases   ] GC(1)   Evacuate Collection Set: 7.4ms
[2026-01-28T11:07:00.002+0000][gc,phases   ] GC(1)   Post Evacuate Collection Set: 0.8ms
[2026-01-28T11:07:00.002+0000][gc,phases   ] GC(1)   Other: 0.1ms
[2026-01-28T11:07:00.002+0000][gc,heap     ] GC(1) Eden regions: 44->0(59)
[2026-01-28T11:07:00.002+0000][gc,heap     ] GC(1) Survivor regions: 7->3(7)
[2026-01-28T11:07:00.002+0000][gc,heap     ] GC(1) Old regions: 7->15
[2026-01-28T11:07:00.002+0000][gc,heap     ] GC(1) Humongous regions: 10->10
[2026-01-28T11:07:00.002+0000][gc,metaspace] GC(1) Metaspace: 8061K(8320K)->8061K(8320K) NonClass: 7217K(7360K)->7217K(7360K) Class: 843K(960K)->843K(960K)
[2026-01-28T11:07:00.002+0000][gc          ] GC(1) Pause Young (Normal) (G1 Evacuation Pause) 67M->26M(1024M) 9.132ms
[2026-01-28T11:07:00.002+0000][gc,cpu      ] GC(1) User=0.03s Sys=0.02s Real=0.01s
[2026-01-28T11:07:00.183+0000][gc,start    ] GC(2) Pause Young (Normal) (G1 Evacuation Pause)
[2026-01-28T11:07:00.183+0000][gc,task     ] GC(2) Using 10 workers of 10 for evacuation
[2026-01-28T11:07:00.186+0000][gc,phases   ] GC(2)   Pre Evacuate Collection Set: 0.2ms
[2026-01-28T11:07:00.186+0000][gc,phases   ] GC(2)   Merge Heap Roots: 0.1ms
[2026-01-28T11:07:00.187+0000][gc,phases   ] GC(2)   Evacuate Collection Set: 2.6ms
[2026-01-28T11:07:00.187+0000][gc,phases   ] GC(2)   Post Evacuate Collection Set: 0.4ms
[2026-01-28T11:07:00.187+0000][gc,phases   ] GC(2)   Other: 0.1ms
[2026-01-28T11:07:00.187+0000][gc,heap     ] GC(2) Eden regions: 68->0(119)
[2026-01-28T11:07:00.187+0000][gc,heap     ] GC(2) Survivor regions: 3->6(9)
[2026-01-28T11:07:00.187+0000][gc,heap     ] GC(2) Old regions: 15->15
[2026-01-28T11:07:00.187+0000][gc,heap     ] GC(2) Humongous regions: 10->10
[2026-01-28T11:07:00.187+0000][gc,metaspace] GC(2) Metaspace: 9032K(9408K)->9032K(9408K) NonClass: 8050K(8256K)->8050K(8256K) Class: 981K(1152K)->981K(1152K)
[2026-01-28T11:07:00.187+0000][gc          ] GC(2) Pause Young (Normal) (G1 Evacuation Pause) 94M->29M(1024M) 4.375ms
[2026-01-28T11:07:00.187+0000][gc,cpu      ] GC(2) User=0.02s Sys=0.01s Real=0.01s
[2026-01-28T11:07:10.178+0000][gc,start    ] GC(3) Pause Young (Normal) (G1 Evacuation Pause)
[2026-01-28T11:07:10.178+0000][gc,task     ] GC(3) Using 10 workers of 10 for evacuation
[2026-01-28T11:07:10.214+0000][gc,phases   ] GC(3)   Pre Evacuate Collection Set: 0.3ms
[2026-01-28T11:07:10.214+0000][gc,phases   ] GC(3)   Merge Heap Roots: 0.1ms
[2026-01-28T11:07:10.214+0000][gc,phases   ] GC(3)   Evacuate Collection Set: 34.8ms
[2026-01-28T11:07:10.214+0000][gc,phases   ] GC(3)   Post Evacuate Collection Set: 0.6ms
[2026-01-28T11:07:10.214+0000][gc,phases   ] GC(3)   Other: 0.1ms
[2026-01-28T11:07:10.214+0000][gc,heap     ] GC(3) Eden regions: 126->0(412)
[2026-01-28T11:07:10.214+0000][gc,heap     ] GC(3) Survivor regions: 6->7(17)
[2026-01-28T11:07:10.214+0000][gc,heap     ] GC(3) Old regions: 15->15
[2026-01-28T11:07:10.214+0000][gc,heap     ] GC(3) Humongous regions: 10->10
[2026-01-28T11:07:10.214+0000][gc,metaspace] GC(3) Metaspace: 10303K(10560K)->10303K(10560K) NonClass: 9219K(9344K)->9219K(9344K) Class: 1084K(1216K)->1084K(1216K)
[2026-01-28T11:07:10.214+0000][gc          ] GC(3) Pause Young (Normal) (G1 Evacuation Pause) 155M->30M(1024M) 36.343ms
[2026-01-28T11:07:10.214+0000][gc,cpu      ] GC(3) User=0.04s Sys=0.09s Real=0.03s
