[2026-01-28T10:00:34.617+0000][gc,init] CardTable entry size: 512
[2026-01-28T10:00:34.618+0000][gc     ] Using G1
[2026-01-28T10:00:34.620+0000][gc,init] Version: 21.0.4+7-LTS (release)
[2026-01-28T10:00:34.620+0000][gc,init] CPUs: 12 total, 12 available
[2026-01-28T10:00:34.620+0000][gc,init] Memory: 7837M
[2026-01-28T10:00:34.620+0000][gc,init] Large Page Support: Disabled
[2026-01-28T10:00:34.620+0000][gc,init] NUMA Support: Disabled
[2026-01-28T10:00:34.620+0000][gc,init] Compressed Oops: Enabled (32-bit)
[2026-01-28T10:00:34.621+0000][gc,init] Heap Region Size: 1M
[2026-01-28T10:00:34.621+0000][gc,init] Heap Min Capacity: 1G
[2026-01-28T10:00:34.621+0000][gc,init] Heap Initial Capacity: 1G
[2026-01-28T10:00:34.621+0000][gc,init] Heap Max Capacity: 1G
[2026-01-28T10:00:34.621+0000][gc,init] Pre-touch: Disabled
[2026-01-28T10:00:34.621+0000][gc,init] Parallel Workers: 10
[2026-01-28T10:00:34.621+0000][gc,init] Concurrent Workers: 3
[2026-01-28T10:00:34.621+0000][gc,init] Concurrent Refinement Workers: 10
[2026-01-28T10:00:34.621+0000][gc,init] Periodic GC: Disabled
[2026-01-28T10:00:34.671+0000][gc,metaspace] CDS archive(s) mapped at: [0x0000002000000000-0x0000002000bd0000-0x00000020036b0000), size 57344000, SharedBaseAddress: 0x0000002000000000, ArchiveRelocationMode: 1.
[2026-01-28T10:00:34.671+0000][gc,metaspace] Compressed class space mapped at: 0x0000002004000000-0x0000002044000000, reserved size: 1073741824
[2026-01-28T10:00:34.671+0000][gc,metaspace] Narrow klass base: 0x0000002000000000, Narrow klass shift: 0, Narrow klass range: 0x100000000
[2026-01-28T10:00:35.895+0000][gc,start    ] GC(0) Pause Young (Normal) (G1 Evacuation Pause)
[2026-01-28T10:00:35.896+0000][gc,task     ] GC(0) Using 10 workers of 10 for evacuation
[2026-01-28T10:00:35.913+0000][gc,phases   ] GC(0)   Pre Evacuate Collection Set: 0.5ms
[2026-01-28T10:00:35.913+0000][gc,phases   ] GC(0)   Merge Heap Roots: 0.7ms
[2026-01-28T10:00:35.913+0000][gc,phases   ] GC(0)   Evacuate Collection Set: 13.9ms
[2026-01-28T10:00:35.913+0000][gc,phases   ] GC(0)   Post Evacuate Collection Set: 1.0ms
[2026-01-28T10:00:35.913+0000][gc,phases   ] GC(0)   Other: 1.2ms
[2026-01-28T10:00:35.913+0000][gc,heap     ] GC(0) Eden regions: 51->0(44)
[2026-01-28T10:00:35.913+0000][gc,heap     ] GC(0) Survivor regions: 0->7(7)
[2026-01-28T10:00:35.913+0000][gc,heap     ] GC(0) Old regions: 1->6
[2026-01-28T10:00:35.913+0000][gc,heap     ] GC(0) Humongous regions: 1->1
[2026-01-28T10:00:35.913+0000][gc,metaspace] GC(0) Metaspace: 5371K(5568K)->5371K(5568K) NonClass: 4750K(4864K)->4750K(4864K) Class: 620K(704K)->620K(704K)
[2026-01-28T10:00:35.914+0000][gc          ] GC(0) Pause Young (Normal) (G1 Evacuation Pause) 52M->13M(1024M) 18.510ms
[2026-01-28T10:00:35.914+0000][gc,cpu      ] GC(0) User=0.03s Sys=0.08s Real=0.02s
[2026-01-28T10:00:37.987+0000][gc,start    ] GC(1) Pause Young (Normal) (G1 Evacuation Pause)
[2026-01-28T10:00:37.987+0000][gc,task     ] GC(1) Using 10 workers of 10 for evacuation
[2026-01-28T10:00:37.997+0000][gc,phases   ] GC(1)   Pre Evacuate Collection Set: 0.3ms
[2026-01-28T10:00:37.997+0000][gc,phases   ] GC(1)   Merge Heap Roots: 0.1ms
[2026-01-28T10:00:37.997+0000][gc,phases   ] GC(1)   Evacuate Collection Set: 7.7ms
[2026-01-28T10:00:37.997+0000][gc,phases   ] GC(1)   Post Evacuate Collection Set: 0.8ms
[2026-01-28T10:00:37.997+0000][gc,phases   ] GC(1)   Other: 0.3ms
[2026-01-28T10:00:37.997+0000][gc,heap     ] GC(1) Eden regions: 44->0(67)
[2026-01-28T10:00:37.997+0000][gc,heap     ] GC(1) Survivor regions: 7->3(7)
[2026-01-28T10:00:37.997+0000][gc,heap     ] GC(1) Old regions: 6->13
[2026-01-28T10:00:37.997+0000][gc,heap     ] GC(1) Humongous regions: 1->1
[2026-01-28T10:00:37.997+0000][gc,metaspace] GC(1) Metaspace: 7301K(7552K)->7301K(7552K) NonClass: 6565K(6720K)->6565K(6720K) Class: 736K(832K)->736K(832K)
[2026-01-28T10:00:37.997+0000][gc          ] GC(1) Pause Young (Normal) (G1 Evacuation Pause) 57M->16M(1024M) 9.704ms
[2026-01-28T10:00:37.997+0000][gc,cpu      ] GC(1) User=0.03s Sys=0.03s Real=0.01s
[2026-01-28T10:00:40.111+0000][gc,start    ] GC(2) Pause Young (Normal) (G1 Evacuation Pause)
[2026-01-28T10:00:40.111+0000][gc,task     ] GC(2) Using 10 workers of 10 for evacuation
[2026-01-28T10:00:40.114+0000][gc,phases   ] GC(2)   Pre Evacuate Collection Set: 0.4ms
[2026-01-28T10:00:40.114+0000][gc,phases   ] GC(2)   Merge Heap Roots: 0.0ms
[2026-01-28T10:00:40.114+0000][gc,phases   ] GC(2)   Evacuate Collection Set: 1.9ms
[2026-01-28T10:00:40.114+0000][gc,phases   ] GC(2)   Post Evacuate Collection Set: 0.4ms
[2026-01-28T10:00:40.114+0000][gc,phases   ] GC(2)   Other: 0.1ms
[2026-01-28T10:00:40.114+0000][gc,heap     ] GC(2) Eden regions: 74->0(612)
[2026-01-28T10:00:40.114+0000][gc,heap     ] GC(2) Survivor regions: 3->2(10)
[2026-01-28T10:00:40.114+0000][gc,heap     ] GC(2) Old regions: 13->13
[2026-01-28T10:00:40.114+0000][gc,heap     ] GC(2) Humongous regions: 1->1
[2026-01-28T10:00:40.114+0000][gc,metaspace] GC(2) Metaspace: 7318K(7552K)->7318K(7552K) NonClass: 6582K(6720K)->6582K(6720K) Class: 736K(832K)->736K(832K)
[2026-01-28T10:00:40.114+0000][gc          ] GC(2) Pause Young (Normal) (G1 Evacuation Pause) 90M->15M(1024M) 3.329ms
[2026-01-28T10:00:40.114+0000][gc,cpu      ] GC(2) User=0.01s Sys=0.00s Real=0.00s
[2026-01-28T10:00:49.023+0000][gc,start    ] GC(3) Pause Young (Normal) (G1 Evacuation Pause)
[2026-01-28T10:00:49.024+0000][gc,task     ] GC(3) Using 10 workers of 10 for evacuation
[2026-01-28T10:00:49.033+0000][gc,phases   ] GC(3)   Pre Evacuate Collection Set: 0.6ms
[2026-01-28T10:00:49.033+0000][gc,phases   ] GC(3)   Merge Heap Roots: 0.2ms
[2026-01-28T10:00:49.033+0000][gc,phases   ] GC(3)   Evacuate Collection Set: 5.5ms
[2026-01-28T10:00:49.033+0000][gc,phases   ] GC(3)   Post Evacuate Collection Set: 1.0ms
[2026-01-28T10:00:49.033+0000][gc,phases   ] GC(3)   Other: 1.8ms
[2026-01-28T10:00:49.033+0000][gc,heap     ] GC(3) Eden regions: 612->0(612)
[2026-01-28T10:00:49.033+0000][gc,heap     ] GC(3) Survivor regions: 2->2(77)
[2026-01-28T10:00:49.033+0000][gc,heap     ] GC(3) Old regions: 13->13
[2026-01-28T10:00:49.034+0000][gc,heap     ] GC(3) Humongous regions: 1->1
[2026-01-28T10:00:49.034+0000][gc,metaspace] GC(3) Metaspace: 7475K(7680K)->7475K(7680K) NonClass: 6730K(6848K)->6730K(6848K) Class: 744K(832K)->744K(832K)
[2026-01-28T10:00:49.034+0000][gc          ] GC(3) Pause Young (Normal) (G1 Evacuation Pause) 627M->15M(1024M) 10.218ms
[2026-01-28T10:00:49.034+0000][gc,cpu      ] GC(3) User=0.07s Sys=0.00s Real=0.01s
[2026-01-28T10:01:01.887+0000][gc,start    ] GC(4) Pause Young (Normal) (G1 Evacuation Pause)
[2026-01-28T10:01:01.888+0000][gc,task     ] GC(4) Using 10 workers of 10 for evacuation
[2026-01-28T10:01:01.896+0000][gc,phases   ] GC(4)   Pre Evacuate Collection Set: 0.6ms
[2026-01-28T10:01:01.896+0000][gc,phases   ] GC(4)   Merge Heap Roots: 0.1ms
[2026-01-28T10:01:01.896+0000][gc,phases   ] GC(4)   Evacuate Collection Set: 6.3ms
[2026-01-28T10:01:01.896+0000][gc,phases   ] GC(4)   Post Evacuate Collection Set: 0.8ms
[2026-01-28T10:01:01.896+0000][gc,phases   ] GC(4)   Other: 0.2ms
[2026-01-28T10:01:01.896+0000][gc,heap     ] GC(4) Eden regions: 612->0(611)
[2026-01-28T10:01:01.896+0000][gc,heap     ] GC(4) Survivor regions: 2->3(77)
[2026-01-28T10:01:01.896+0000][gc,heap     ] GC(4) Old regions: 13->13
[2026-01-28T10:01:01.896+0000][gc,heap     ] GC(4) Humongous regions: 1->1
[2026-01-28T10:01:01.896+0000][gc,metaspace] GC(4) Metaspace: 7655K(7872K)->7655K(7872K) NonClass: 6910K(7040K)->6910K(7040K) Class: 744K(832K)->744K(832K)
[2026-01-28T10:01:01.896+0000][gc          ] GC(4) Pause Young (Normal) (G1 Evacuation Pause) 627M->15M(1024M) 8.994ms
[2026-01-28T10:01:01.896+0000][gc,cpu      ] GC(4) User=0.06s Sys=0.01s Real=0.01s
[2026-01-28T10:01:17.720+0000][gc,start    ] GC(5) Pause Young (Normal) (G1 Evacuation Pause)
[2026-01-28T10:01:17.722+0000][gc,task     ] GC(5) Using 10 workers of 10 for evacuation
[2026-01-28T10:01:17.729+0000][gc,phases   ] GC(5)   Pre Evacuate Collection Set: 0.7ms
[2026-01-28T10:01:17.729+0000][gc,phases   ] GC(5)   Merge Heap Roots: 0.2ms
[2026-01-28T10:01:17.729+0000][gc,phases   ] GC(5)   Evacuate Collection Set: 4.6ms
[2026-01-28T10:01:17.729+0000][gc,phases   ] GC(5)   Post Evacuate Collection Set: 0.7ms
[2026-01-28T10:01:17.729+0000][gc,phases   ] GC(5)   Other: 0.2ms
[2026-01-28T10:01:17.729+0000][gc,heap     ] GC(5) Eden regions: 611->0(611)
[2026-01-28T10:01:17.729+0000][gc,heap     ] GC(5) Survivor regions: 3->3(77)
[2026-01-28T10:01:17.729+0000][gc,heap     ] GC(5) Old regions: 13->13
[2026-01-28T10:01:17.729+0000][gc,heap     ] GC(5) Humongous regions: 1->1
[2026-01-28T10:01:17.729+0000][gc,metaspace] GC(5) Metaspace: 7805K(8000K)->7805K(8000K) NonClass: 7060K(7168K)->7060K(7168K) Class: 744K(832K)->744K(832K)
[2026-01-28T10:01:17.729+0000][gc          ] GC(5) Pause Young (Normal) (G1 Evacuation Pause) 626M->15M(1024M) 9.524ms
[2026-01-28T10:01:17.729+0000][gc,cpu      ] GC(5) User=0.05s Sys=0.00s Real=0.01s
[2026-01-28T10:01:33.563+0000][gc,start    ] GC(6) Pause Young (Normal) (G1 Evacuation Pause)
[2026-01-28T10:01:33.564+0000][gc,task     ] GC(6) Using 10 workers of 10 for evacuation
[2026-01-28T10:01:33.571+0000][gc,phases   ] GC(6)   Pre Evacuate Collection Set: 0.8ms
[2026-01-28T10:01:33.571+0000][gc,phases   ] GC(6)   Merge Heap Roots: 0.1ms
[2026-01-28T10:01:33.571+0000][gc,phases   ] GC(6)   Evacuate Collection Set: 5.0ms
[2026-01-28T10:01:33.571+0000][gc,phases   ] GC(6)   Post Evacuate Collection Set: 0.7ms
[2026-01-28T10:01:33.571+0000][gc,phases   ] GC(6)   Other: 0.2ms
[2026-01-28T10:01:33.571+0000][gc,heap     ] GC(6) Eden regions: 611->0(611)
[2026-01-28T10:01:33.571+0000][gc,heap     ] GC(6) Survivor regions: 3->3(77)
[2026-01-28T10:01:33.571+0000][gc,heap     ] GC(6) Old regions: 13->13
[2026-01-28T10:01:33.571+0000][gc,heap     ] GC(6) Humongous regions: 1->1
[2026-01-28T10:01:33.571+0000][gc,metaspace] GC(6) Metaspace: 7886K(8128K)->7886K(8128K) NonClass: 7141K(7296K)->7141K(7296K) Class: 744K(832K)->744K(832K)
[2026-01-28T10:01:33.572+0000][gc          ] GC(6) Pause Young (Normal) (G1 Evacuation Pause) 626M->16M(1024M) 8.236ms
[2026-01-28T10:01:33.572+0000][gc,cpu      ] GC(6) User=0.06s Sys=0.00s Real=0.01s
[2026-01-28T10:01:49.863+0000][gc,start    ] GC(7) Pause Young (Normal) (G1 Evacuation Pause)
[2026-01-28T10:01:49.863+0000][gc,task     ] GC(7) Using 10 workers of 10 for evacuation
[2026-01-28T10:01:49.872+0000][gc,phases   ] GC(7)   Pre Evacuate Collection Set: 0.9ms
[2026-01-28T10:01:49.872+0000][gc,phases   ] GC(7)   Merge Heap Roots: 0.2ms
[2026-01-28T10:01:49.872+0000][gc,phases   ] GC(7)   Evacuate Collection Set: 6.5ms
[2026-01-28T10:01:49.872+0000][gc,phases   ] GC(7)   Post Evacuate Collection Set: 0.9ms
[2026-01-28T10:01:49.872+0000][gc,phases   ] GC(7)   Other: 0.3ms
[2026-01-28T10:01:49.872+0000][gc,heap     ] GC(7) Eden regions: 611->0(611)
[2026-01-28T10:01:49.872+0000][gc,heap     ] GC(7) Survivor regions: 3->3(77)
[2026-01-28T10:01:49.872+0000][gc,heap     ] GC(7) Old regions: 13->13
[2026-01-28T10:01:49.872+0000][gc,heap     ] GC(7) Humongous regions: 1->1
[2026-01-28T10:01:49.873+0000][gc,metaspace] GC(7) Metaspace: 7987K(8192K)->7987K(8192K) NonClass: 7239K(7360K)->7239K(7360K) Class: 747K(832K)->747K(832K)
[2026-01-28T10:01:49.873+0000][gc          ] GC(7) Pause Young (Normal) (G1 Evacuation Pause) 627M->16M(1024M) 10.058ms
[2026-01-28T10:01:49.873+0000][gc,cpu      ] GC(7) User=0.07s Sys=0.00s Real=0.01s
[2026-01-28T10:02:05.832+0000][gc,start    ] GC(8) Pause Young (Normal) (G1 Evacuation Pause)
[2026-01-28T10:02:05.833+0000][gc,task     ] GC(8) Using 10 workers of 10 for evacuation
[2026-01-28T10:02:05.836+0000][gc,phases   ] GC(8)   Pre Evacuate Collection Set: 0.4ms
[2026-01-28T10:02:05.836+0000][gc,phases   ] GC(8)   Merge Heap Roots: 0.2ms
[2026-01-28T10:02:05.836+0000][gc,phases   ] GC(8)   Evacuate Collection Set: 2.5ms
[2026-01-28T10:02:05.836+0000][gc,phases   ] GC(8)   Post Evacuate Collection Set: 0.5ms
[2026-01-28T10:02:05.836+0000][gc,phases   ] GC(8)   Other: 0.1ms
[2026-01-28T10:02:05.837+0000][gc,heap     ] GC(8) Eden regions: 611->0(611)
[2026-01-28T10:02:05.837+0000][gc,heap     ] GC(8) Survivor regions: 3->3(77)
[2026-01-28T10:02:05.837+0000][gc,heap     ] GC(8) Old regions: 13->13
[2026-01-28T10:02:05.837+0000][gc,heap     ] GC(8) Humongous regions: 1->1
[2026-01-28T10:02:05.837+0000][gc,metaspace] GC(8) Metaspace: 8176K(8384K)->8176K(8384K) NonClass: 7428K(7552K)->7428K(7552K) Class: 748K(832K)->748K(832K)
[2026-01-28T10:02:05.837+0000][gc          ] GC(8) Pause Young (Normal) (G1 Evacuation Pause) 627M->16M(1024M) 4.254ms
[2026-01-28T10:02:05.837+0000][gc,cpu      ] GC(8) User=0.02s Sys=0.00s Real=0.00s
[2026-01-28T10:02:21.525+0000][gc,start    ] GC(9) Pause Young (Normal) (G1 Evacuation Pause)
[2026-01-28T10:02:21.526+0000][gc,task     ] GC(9) Using 10 workers of 10 for evacuation
[2026-01-28T10:02:21.532+0000][gc,phases   ] GC(9)   Pre Evacuate Collection Set: 0.6ms
[2026-01-28T10:02:21.532+0000][gc,phases   ] GC(9)   Merge Heap Roots: 0.2ms
[2026-01-28T10:02:21.532+0000][gc,phases   ] GC(9)   Evacuate Collection Set: 4.4ms
[2026-01-28T10:02:21.532+0000][gc,phases   ] GC(9)   Post Evacuate Collection Set: 0.7ms
[2026-01-28T10:02:21.532+0000][gc,phases   ] GC(9)   Other: 0.2ms
[2026-01-28T10:02:21.532+0000][gc,heap     ] GC(9) Eden regions: 611->0(611)
[2026-01-28T10:02:21.532+0000][gc,heap     ] GC(9) Survivor regions: 3->3(77)
[2026-01-28T10:02:21.533+0000][gc,heap     ] GC(9) Old regions: 13->13
[2026-01-28T10:02:21.533+0000][gc,heap     ] GC(9) Humongous regions: 1->1
[2026-01-28T10:02:21.533+0000][gc,metaspace] GC(9) Metaspace: 8211K(8384K)->8211K(8384K) NonClass: 7463K(7552K)->7463K(7552K) Class: 748K(832K)->748K(832K)
[2026-01-28T10:02:21.533+0000][gc          ] GC(9) Pause Young (Normal) (G1 Evacuation Pause) 627M->16M(1024M) 7.749ms
[2026-01-28T10:02:21.533+0000][gc,cpu      ] GC(9) User=0.05s Sys=0.00s Real=0.01s
[2026-01-28T10:02:36.983+0000][gc,start    ] GC(10) Pause Young (Normal) (G1 Evacuation Pause)
[2026-01-28T10:02:36.984+0000][gc,task     ] GC(10) Using 10 workers of 10 for evacuation
[2026-01-28T10:02:36.989+0000][gc,phases   ] GC(10)   Pre Evacuate Collection Set: 0.5ms
[2026-01-28T10:02:36.989+0000][gc,phases   ] GC(10)   Merge Heap Roots: 0.2ms
[2026-01-28T10:02:36.989+0000][gc,phases   ] GC(10)   Evacuate Collection Set: 3.5ms
[2026-01-28T10:02:36.989+0000][gc,phases   ] GC(10)   Post Evacuate Collection Set: 0.7ms
[2026-01-28T10:02:36.989+0000][gc,phases   ] GC(10)   Other: 0.2ms
[2026-01-28T10:02:36.989+0000][gc,heap     ] GC(10) Eden regions: 611->0(611)
[2026-01-28T10:02:36.989+0000][gc,heap     ] GC(10) Survivor regions: 3->3(77)
[2026-01-28T10:02:36.989+0000][gc,heap     ] GC(10) Old regions: 13->13
[2026-01-28T10:02:36.989+0000][gc,heap     ] GC(10) Humongous regions: 1->1
[2026-01-28T10:02:36.989+0000][gc,metaspace] GC(10) Metaspace: 8240K(8448K)->8240K(8448K) NonClass: 7492K(7616K)->7492K(7616K) Class: 748K(832K)->748K(832K)
[2026-01-28T10:02:36.989+0000][gc          ] GC(10) Pause Young (Normal) (G1 Evacuation Pause) 627M->16M(1024M) 6.411ms
[2026-01-28T10:02:36.989+0000][gc,cpu      ] GC(10) User=0.04s Sys=0.00s Real=0.00s
[2026-01-28T10:02:52.005+0000][gc,start    ] GC(11) Pause Young (Normal) (G1 Evacuation Pause)
[2026-01-28T10:02:52.007+0000][gc,task     ] GC(11) Using 10 workers of 10 for evacuation
[2026-01-28T10:02:52.012+0000][gc,phases   ] GC(11)   Pre Evacuate Collection Set: 0.5ms
[2026-01-28T10:02:52.012+0000][gc,phases   ] GC(11)   Merge Heap Roots: 0.2ms
[2026-01-28T10:02:52.012+0000][gc,phases   ] GC(11)   Evacuate Collection Set: 3.5ms
[2026-01-28T10:02:52.012+0000][gc,phases   ] GC(11)   Post Evacuate Collection Set: 0.6ms
[2026-01-28T10:02:52.012+0000][gc,phases   ] GC(11)   Other: 0.1ms
[2026-01-28T10:02:52.012+0000][gc,heap     ] GC(11) Eden regions: 611->0(611)
[2026-01-28T10:02:52.012+0000][gc,heap     ] GC(11) Survivor regions: 3->3(77)
[2026-01-28T10:02:52.012+0000][gc,heap     ] GC(11) Old regions: 13->13
[2026-01-28T10:02:52.012+0000][gc,heap     ] GC(11) Humongous regions: 1->1
[2026-01-28T10:02:52.012+0000][gc,metaspace] GC(11) Metaspace: 8344K(8576K)->8344K(8576K) NonClass: 7595K(7744K)->7595K(7744K) Class: 748K(832K)->748K(832K)
[2026-01-28T10:02:52.012+0000][gc          ] GC(11) Pause Young (Normal) (G1 Evacuation Pause) 627M->16M(1024M) 7.018ms
[2026-01-28T10:02:52.012+0000][gc,cpu      ] GC(11) User=0.03s Sys=0.00s Real=0.01s
[2026-01-28T10:03:06.747+0000][gc,start    ] GC(12) Pause Young (Normal) (G1 Evacuation Pause)
[2026-01-28T10:03:06.748+0000][gc,task     ] GC(12) Using 10 workers of 10 for evacuation
[2026-01-28T10:03:06.752+0000][gc,phases   ] GC(12)   Pre Evacuate Collection Set: 0.4ms
[2026-01-28T10:03:06.752+0000][gc,phases   ] GC(12)   Merge Heap Roots: 0.1ms
[2026-01-28T10:03:06.752+0000][gc,phases   ] GC(12)   Evacuate Collection Set: 2.7ms
[2026-01-28T10:03:06.752+0000][gc,phases   ] GC(12)   Post Evacuate Collection Set: 0.5ms
[2026-01-28T10:03:06.752+0000][gc,phases   ] GC(12)   Other: 0.1ms
[2026-01-28T10:03:06.752+0000][gc,heap     ] GC(12) Eden regions: 611->0(610)
[2026-01-28T10:03:06.752+0000][gc,heap     ] GC(12) Survivor regions: 3->4(77)
[2026-01-28T10:03:06.752+0000][gc,heap     ] GC(12) Old regions: 13->13
[2026-01-28T10:03:06.752+0000][gc,heap     ] GC(12) Humongous regions: 1->1
[2026-01-28T10:03:06.752+0000][gc,metaspace] GC(12) Metaspace: 8414K(8640K)->8414K(8640K) NonClass: 7665K(7808K)->7665K(7808K) Class: 748K(832K)->748K(832K)
[2026-01-28T10:03:06.752+0000][gc          ] GC(12) Pause Young (Normal) (G1 Evacuation Pause) 627M->16M(1024M) 5.162ms
[2026-01-28T10:03:06.752+0000][gc,cpu      ] GC(12) User=0.02s Sys=0.01s Real=0.01s
[2026-01-28T10:03:21.365+0000][gc,start    ] GC(13) Pause Young (Normal) (G1 Evacuation Pause)
[2026-01-28T10:03:21.366+0000][gc,task     ] GC(13) Using 10 workers of 10 for evacuation
[2026-01-28T10:03:21.377+0000][gc,phases   ] GC(13)   Pre Evacuate Collection Set: 0.6ms
[2026-01-28T10:03:21.377+0000][gc,phases   ] GC(13)   Merge Heap Roots: 0.1ms
[2026-01-28T10:03:21.377+0000][gc,phases   ] GC(13)   Evacuate Collection Set: 8.7ms
[2026-01-28T10:03:21.377+0000][gc,phases   ] GC(13)   Post Evacuate Collection Set: 1.6ms
[2026-01-28T10:03:21.377+0000][gc,phases   ] GC(13)   Other: 0.2ms
[2026-01-28T10:03:21.377+0000][gc,heap     ] GC(13) Eden regions: 610->0(610)
[2026-01-28T10:03:21.377+0000][gc,heap     ] GC(13) Survivor regions: 4->4(77)
[2026-01-28T10:03:21.377+0000][gc,heap     ] GC(13) Old regions: 13->13
[2026-01-28T10:03:21.377+0000][gc,heap     ] GC(13) Humongous regions: 1->1
[2026-01-28T10:03:21.377+0000][gc,metaspace] GC(13) Metaspace: 8415K(8640K)->8415K(8640K) NonClass: 7667K(7808K)->7667K(7808K) Class: 748K(832K)->748K(832K)
[2026-01-28T10:03:21.377+0000][gc          ] GC(13) Pause Young (Normal) (G1 Evacuation Pause) 626M->16M(1024M) 12.633ms
[2026-01-28T10:03:21.377+0000][gc,cpu      ] GC(13) User=0.09s Sys=0.00s Real=0.01s
[2026-01-28T10:03:36.272+0000][gc,start    ] GC(14) Pause Young (Normal) (G1 Evacuation Pause)
[2026-01-28T10:03:36.272+0000][gc,task     ] GC(14) Using 10 workers of 10 for evacuation
[2026-01-28T10:03:36.275+0000][gc,phases   ] GC(14)   Pre Evacuate Collection Set: 0.2ms
[2026-01-28T10:03:36.275+0000][gc,phases   ] GC(14)   Merge Heap Roots: 0.1ms
[2026-01-28T10:03:36.275+0000][gc,phases   ] GC(14)   Evacuate Collection Set: 1.8ms
[2026-01-28T10:03:36.275+0000][gc,phases   ] GC(14)   Post Evacuate Collection Set: 0.4ms
[2026-01-28T10:03:36.275+0000][gc,phases   ] GC(14)   Other: 0.1ms
[2026-01-28T10:03:36.275+0000][gc,heap     ] GC(14) Eden regions: 610->0(611)
[2026-01-28T10:03:36.275+0000][gc,heap     ] GC(14) Survivor regions: 4->3(77)
[2026-01-28T10:03:36.275+0000][gc,heap     ] GC(14) Old regions: 13->13
[2026-01-28T10:03:36.275+0000][gc,heap     ] GC(14) Humongous regions: 1->1
[2026-01-28T10:03:36.275+0000][gc,metaspace] GC(14) Metaspace: 8433K(8640K)->8433K(8640K) NonClass: 7685K(7808K)->7685K(7808K) Class: 748K(832K)->748K(832K)
[2026-01-28T10:03:36.275+0000][gc          ] GC(14) Pause Young (Normal) (G1 Evacuation Pause) 626M->16M(1024M) 3.170ms
[2026-01-28T10:03:36.275+0000][gc,cpu      ] GC(14) User=0.02s Sys=0.00s Real=0.00s
[2026-01-28T10:03:51.215+0000][gc,start    ] GC(15) Pause Young (Normal) (G1 Evacuation Pause)
[2026-01-28T10:03:51.215+0000][gc,task     ] GC(15) Using 10 workers of 10 for evacuation
[2026-01-28T10:03:51.225+0000][gc,phases   ] GC(15)   Pre Evacuate Collection Set: 0.6ms
[2026-01-28T10:03:51.225+0000][gc,phases   ] GC(15)   Merge Heap Roots: 0.2ms
[2026-01-28T10:03:51.225+0000][gc,phases   ] GC(15)   Evacuate Collection Set: 7.0ms
[2026-01-28T10:03:51.225+0000][gc,phases   ] GC(15)   Post Evacuate Collection Set: 1.4ms
[2026-01-28T10:03:51.225+0000][gc,phases   ] GC(15)   Other: 0.2ms
[2026-01-28T10:03:51.225+0000][gc,heap     ] GC(15) Eden regions: 611->0(611)
[2026-01-28T10:03:51.225+0000][gc,heap     ] GC(15) Survivor regions: 3->3(77)
[2026-01-28T10:03:51.225+0000][gc,heap     ] GC(15) Old regions: 13->13
[2026-01-28T10:03:51.225+0000][gc,heap     ] GC(15) Humongous regions: 1->1
[2026-01-28T10:03:51.225+0000][gc,metaspace] GC(15) Metaspace: 8526K(8704K)->8526K(8704K) NonClass: 7778K(7872K)->7778K(7872K) Class: 748K(832K)->748K(832K)
[2026-01-28T10:03:51.225+0000][gc          ] GC(15) Pause Young (Normal) (G1 Evacuation Pause) 627M->16M(1024M) 10.393ms
[2026-01-28T10:03:51.225+0000][gc,cpu      ] GC(15) User=0.08s Sys=0.00s Real=0.01s
[2026-01-28T10:04:06.867+0000][gc,start    ] GC(16) Pause Young (Normal) (G1 Evacuation Pause)
[2026-01-28T10:04:06.868+0000][gc,task     ] GC(16) Using 10 workers of 10 for evacuation
[2026-01-28T10:04:06.874+0000][gc,phases   ] GC(16)   Pre Evacuate Collection Set: 0.8ms
[2026-01-28T10:04:06.874+0000][gc,phases   ] GC(16)   Merge Heap Roots: 0.1ms
[2026-01-28T10:04:06.874+0000][gc,phases   ] GC(16)   Evacuate Collection Set: 4.0ms
[2026-01-28T10:04:06.874+0000][gc,phases   ] GC(16)   Post Evacuate Collection Set: 0.7ms
[2026-01-28T10:04:06.874+0000][gc,phases   ] GC(16)   Other: 0.2ms
[2026-01-28T10:04:06.874+0000][gc,heap     ] GC(16) Eden regions: 611->0(611)
[2026-01-28T10:04:06.874+0000][gc,heap     ] GC(16) Survivor regions: 3->3(77)
[2026-01-28T10:04:06.874+0000][gc,heap     ] GC(16) Old regions: 13->14
[2026-01-28T10:04:06.874+0000][gc,heap     ] GC(16) Humongous regions: 1->1
[2026-01-28T10:04:06.874+0000][gc,metaspace] GC(16) Metaspace: 8531K(8704K)->8531K(8704K) NonClass: 7783K(7872K)->7783K(7872K) Class: 748K(832K)->748K(832K)
[2026-01-28T10:04:06.874+0000][gc          ] GC(16) Pause Young (Normal) (G1 Evacuation Pause) 627M->16M(1024M) 7.237ms
[2026-01-28T10:04:06.874+0000][gc,cpu      ] GC(16) User=0.04s Sys=0.01s Real=0.01s
[2026-01-28T10:04:22.097+0000][gc,start    ] GC(17) Pause Young (Normal) (G1 Evacuation Pause)
[2026-01-28T10:04:22.097+0000][gc,task     ] GC(17) Using 10 workers of 10 for evacuation
[2026-01-28T10:04:22.101+0000][gc,phases   ] GC(17)   Pre Evacuate Collection Set: 0.5ms
[2026-01-28T10:04:22.101+0000][gc,phases   ] GC(17)   Merge Heap Roots: 0.2ms
[2026-01-28T10:04:22.101+0000][gc,phases   ] GC(17)   Evacuate Collection Set: 2.1ms
[2026-01-28T10:04:22.101+0000][gc,phases   ] GC(17)   Post Evacuate Collection Set: 0.6ms
[2026-01-28T10:04:22.101+0000][gc,phases   ] GC(17)   Other: 0.2ms
[2026-01-28T10:04:22.101+0000][gc,heap     ] GC(17) Eden regions: 611->0(611)
[2026-01-28T10:04:22.101+0000][gc,heap     ] GC(17) Survivor regions: 3->3(77)
[2026-01-28T10:04:22.101+0000][gc,heap     ] GC(17) Old regions: 14->14
[2026-01-28T10:04:22.101+0000][gc,heap     ] GC(17) Humongous regions: 1->1
[2026-01-28T10:04:22.101+0000][gc,metaspace] GC(17) Metaspace: 8559K(8768K)->8559K(8768K) NonClass: 7810K(7936K)->7810K(7936K) Class: 748K(832K)->748K(832K)
[2026-01-28T10:04:22.101+0000][gc          ] GC(17) Pause Young (Normal) (G1 Evacuation Pause) 627M->16M(1024M) 4.154ms
[2026-01-28T10:04:22.101+0000][gc,cpu      ] GC(17) User=0.02s Sys=0.00s Real=0.01s
[2026-01-28T10:04:36.749+0000][gc,start    ] GC(18) Pause Young (Normal) (G1 Evacuation Pause)
[2026-01-28T10:04:36.750+0000][gc,task     ] GC(18) Using 10 workers of 10 for evacuation
[2026-01-28T10:04:36.753+0000][gc,phases   ] GC(18)   Pre Evacuate Collection Set: 0.2ms
[2026-01-28T10:04:36.753+0000][gc,phases   ] GC(18)   Merge Heap Roots: 0.2ms
[2026-01-28T10:04:36.754+0000][gc,phases   ] GC(18)   Evacuate Collection Set: 2.0ms
[2026-01-28T10:04:36.754+0000][gc,phases   ] GC(18)   Post Evacuate Collection Set: 0.5ms
[2026-01-28T10:04:36.754+0000][gc,phases   ] GC(18)   Other: 0.1ms
[2026-01-28T10:04:36.754+0000][gc,heap     ] GC(18) Eden regions: 611->0(611)
[2026-01-28T10:04:36.754+0000][gc,heap     ] GC(18) Survivor regions: 3->3(77)
[2026-01-28T10:04:36.754+0000][gc,heap     ] GC(18) Old regions: 14->14
[2026-01-28T10:04:36.754+0000][gc,heap     ] GC(18) Humongous regions: 1->1
[2026-01-28T10:04:36.754+0000][gc,metaspace] GC(18) Metaspace: 8562K(8768K)->8562K(8768K) NonClass: 7813K(7936K)->7813K(7936K) Class: 748K(832K)->748K(832K)
[2026-01-28T10:04:36.754+0000][gc          ] GC(18) Pause Young (Normal) (G1 Evacuation Pause) 627M->16M(1024M) 4.459ms
[2026-01-28T10:04:36.754+0000][gc,cpu      ] GC(18) User=0.02s Sys=0.01s Real=0.01s
[2026-01-28T10:04:52.027+0000][gc,start    ] GC(19) Pause Young (Normal) (G1 Evacuation Pause)
[2026-01-28T10:04:52.028+0000][gc,task     ] GC(19) Using 10 workers of 10 for evacuation
[2026-01-28T10:04:52.033+0000][gc,phases   ] GC(19)   Pre Evacuate Collection Set: 0.6ms
[2026-01-28T10:04:52.033+0000][gc,phases   ] GC(19)   Merge Heap Roots: 0.1ms
[2026-01-28T10:04:52.033+0000][gc,phases   ] GC(19)   Evacuate Collection Set: 3.1ms
[2026-01-28T10:04:52.033+0000][gc,phases   ] GC(19)   Post Evacuate Collection Set: 1.0ms
[2026-01-28T10:04:52.033+0000][gc,phases   ] GC(19)   Other: 0.1ms
[2026-01-28T10:04:52.033+0000][gc,heap     ] GC(19) Eden regions: 611->0(611)
[2026-01-28T10:04:52.033+0000][gc,heap     ] GC(19) Survivor regions: 3->3(77)
[2026-01-28T10:04:52.033+0000][gc,heap     ] GC(19) Old regions: 14->14
[2026-01-28T10:04:52.033+0000][gc,heap     ] GC(19) Humongous regions: 1->1
[2026-01-28T10:04:52.033+0000][gc,metaspace] GC(19) Metaspace: 8637K(8832K)->8637K(8832K) NonClass: 7889K(8000K)->7889K(8000K) Class: 748K(832K)->748K(832K)
[2026-01-28T10:04:52.033+0000][gc          ] GC(19) Pause Young (Normal) (G1 Evacuation Pause) 627M->17M(1024M) 6.420ms
[2026-01-28T10:04:52.034+0000][gc,cpu      ] GC(19) User=0.03s Sys=0.01s Real=0.01s
[2026-01-28T10:05:07.446+0000][gc,start    ] GC(20) Pause Young (Normal) (G1 Evacuation Pause)
[2026-01-28T10:05:07.447+0000][gc,task     ] GC(20) Using 10 workers of 10 for evacuation
[2026-01-28T10:05:07.451+0000][gc,phases   ] GC(20)   Pre Evacuate Collection Set: 0.7ms
[2026-01-28T10:05:07.451+0000][gc,phases   ] GC(20)   Merge Heap Roots: 0.1ms
[2026-01-28T10:05:07.451+0000][gc,phases   ] GC(20)   Evacuate Collection Set: 2.4ms
[2026-01-28T10:05:07.451+0000][gc,phases   ] GC(20)   Post Evacuate Collection Set: 0.6ms
[2026-01-28T10:05:07.451+0000][gc,phases   ] GC(20)   Other: 0.1ms
[2026-01-28T10:05:07.451+0000][gc,heap     ] GC(20) Eden regions: 611->0(611)
[2026-01-28T10:05:07.451+0000][gc,heap     ] GC(20) Survivor regions: 3->3(77)
[2026-01-28T10:05:07.451+0000][gc,heap     ] GC(20) Old regions: 14->14
[2026-01-28T10:05:07.451+0000][gc,heap     ] GC(20) Humongous regions: 1->1
[2026-01-28T10:05:07.451+0000][gc,metaspace] GC(20) Metaspace: 8660K(8832K)->8660K(8832K) NonClass: 7911K(8000K)->7911K(8000K) Class: 748K(832K)->748K(832K)
[2026-01-28T10:05:07.451+0000][gc          ] GC(20) Pause Young (Normal) (G1 Evacuation Pause) 628M->17M(1024M) 4.595ms
[2026-01-28T10:05:07.451+0000][gc,cpu      ] GC(20) User=0.02s Sys=0.01s Real=0.00s
[2026-01-28T10:05:22.289+0000][gc,start    ] GC(21) Pause Young (Normal) (G1 Evacuation Pause)
[2026-01-28T10:05:22.289+0000][gc,task     ] GC(21) Using 10 workers of 10 for evacuation
[2026-01-28T10:05:22.293+0000][gc,phases   ] GC(21)   Pre Evacuate Collection Set: 0.5ms
[2026-01-28T10:05:22.293+0000][gc,phases   ] GC(21)   Merge Heap Roots: 0.1ms
[2026-01-28T10:05:22.293+0000][gc,phases   ] GC(21)   Evacuate Collection Set: 2.8ms
[2026-01-28T10:05:22.293+0000][gc,phases   ] GC(21)   Post Evacuate Collection Set: 0.6ms
[2026-01-28T10:05:22.293+0000][gc,phases   ] GC(21)   Other: 0.1ms
[2026-01-28T10:05:22.293+0000][gc,heap     ] GC(21) Eden regions: 611->0(610)
[2026-01-28T10:05:22.293+0000][gc,heap     ] GC(21) Survivor regions: 3->4(77)
[2026-01-28T10:05:22.293+0000][gc,heap     ] GC(21) Old regions: 14->14
[2026-01-28T10:05:22.293+0000][gc,heap     ] GC(21) Humongous regions: 1->1
[2026-01-28T10:05:22.293+0000][gc,metaspace] GC(21) Metaspace: 8684K(8896K)->8684K(8896K) NonClass: 7935K(8064K)->7935K(8064K) Class: 748K(832K)->748K(832K)
[2026-01-28T10:05:22.293+0000][gc          ] GC(21) Pause Young (Normal) (G1 Evacuation Pause) 628M->17M(1024M) 4.807ms
[2026-01-28T10:05:22.293+0000][gc,cpu      ] GC(21) User=0.03s Sys=0.00s Real=0.01s
[2026-01-28T10:05:37.244+0000][gc,start    ] GC(22) Pause Young (Normal) (G1 Evacuation Pause)
[2026-01-28T10:05:37.245+0000][gc,task     ] GC(22) Using 10 workers of 10 for evacuation
[2026-01-28T10:05:37.250+0000][gc,phases   ] GC(22)   Pre Evacuate Collection Set: 0.8ms
[2026-01-28T10:05:37.250+0000][gc,phases   ] GC(22)   Merge Heap Roots: 0.2ms
[2026-01-28T10:05:37.250+0000][gc,phases   ] GC(22)   Evacuate Collection Set: 2.8ms
[2026-01-28T10:05:37.250+0000][gc,phases   ] GC(22)   Post Evacuate Collection Set: 0.6ms
[2026-01-28T10:05:37.250+0000][gc,phases   ] GC(22)   Other: 0.1ms
[2026-01-28T10:05:37.250+0000][gc,heap     ] GC(22) Eden regions: 610->0(610)
[2026-01-28T10:05:37.250+0000][gc,heap     ] GC(22) Survivor regions: 4->4(77)
[2026-01-28T10:05:37.250+0000][gc,heap     ] GC(22) Old regions: 14->14
[2026-01-28T10:05:37.250+0000][gc,heap     ] GC(22) Humongous regions: 1->1
[2026-01-28T10:05:37.250+0000][gc,metaspace] GC(22) Metaspace: 8684K(8896K)->8684K(8896K) NonClass: 7935K(8064K)->7935K(8064K) Class: 748K(832K)->748K(832K)
[2026-01-28T10:05:37.250+0000][gc          ] GC(22) Pause Young (Normal) (G1 Evacuation Pause) 627M->18M(1024M) 6.145ms
[2026-01-28T10:05:37.250+0000][gc,cpu      ] GC(22) User=0.03s Sys=0.00s Real=0.00s
[2026-01-28T10:05:52.741+0000][gc,start    ] GC(23) Pause Young (Normal) (G1 Evacuation Pause)
[2026-01-28T10:05:52.742+0000][gc,task     ] GC(23) Using 10 workers of 10 for evacuation
[2026-01-28T10:05:52.751+0000][gc,phases   ] GC(23)   Pre Evacuate Collection Set: 0.7ms
[2026-01-28T10:05:52.752+0000][gc,phases   ] GC(23)   Merge Heap Roots: 0.2ms
[2026-01-28T10:05:52.752+0000][gc,phases   ] GC(23)   Evacuate Collection Set: 6.3ms
[2026-01-28T10:05:52.752+0000][gc,phases   ] GC(23)   Post Evacuate Collection Set: 1.4ms
[2026-01-28T10:05:52.752+0000][gc,phases   ] GC(23)   Other: 0.2ms
[2026-01-28T10:05:52.752+0000][gc,heap     ] GC(23) Eden regions: 610->0(609)
[2026-01-28T10:05:52.752+0000][gc,heap     ] GC(23) Survivor regions: 4->5(77)
[2026-01-28T10:05:52.752+0000][gc,heap     ] GC(23) Old regions: 14->14
[2026-01-28T10:05:52.752+0000][gc,heap     ] GC(23) Humongous regions: 1->1
[2026-01-28T10:05:52.752+0000][gc,metaspace] GC(23) Metaspace: 8695K(8896K)->8695K(8896K) NonClass: 7946K(8064K)->7946K(8064K) Class: 748K(832K)->748K(832K)
[2026-01-28T10:05:52.752+0000][gc          ] GC(23) Pause Young (Normal) (G1 Evacuation Pause) 628M->19M(1024M) 10.559ms
[2026-01-28T10:05:52.752+0000][gc,cpu      ] GC(23) User=0.07s Sys=0.00s Real=0.01s
[2026-01-28T10:06:07.927+0000][gc,start    ] GC(24) Pause Young (Normal) (G1 Evacuation Pause)
[2026-01-28T10:06:07.928+0000][gc,task     ] GC(24) Using 10 workers of 10 for evacuation
[2026-01-28T10:06:07.932+0000][gc,phases   ] GC(24)   Pre Evacuate Collection Set: 0.7ms
[2026-01-28T10:06:07.932+0000][gc,phases   ] GC(24)   Merge Heap Roots: 0.1ms
[2026-01-28T10:06:07.932+0000][gc,phases   ] GC(24)   Evacuate Collection Set: 3.0ms
[2026-01-28T10:06:07.932+0000][gc,phases   ] GC(24)   Post Evacuate Collection Set: 0.6ms
[2026-01-28T10:06:07.933+0000][gc,phases   ] GC(24)   Other: 0.2ms
[2026-01-28T10:06:07.933+0000][gc,heap     ] GC(24) Eden regions: 609->0(609)
[2026-01-28T10:06:07.933+0000][gc,heap     ] GC(24) Survivor regions: 5->5(77)
[2026-01-28T10:06:07.933+0000][gc,heap     ] GC(24) Old regions: 14->14
[2026-01-28T10:06:07.933+0000][gc,heap     ] GC(24) Humongous regions: 1->1
[2026-01-28T10:06:07.933+0000][gc,metaspace] GC(24) Metaspace: 8712K(8960K)->8712K(8960K) NonClass: 7963K(8128K)->7963K(8128K) Class: 748K(832K)->748K(832K)
[2026-01-28T10:06:07.933+0000][gc          ] GC(24) Pause Young (Normal) (G1 Evacuation Pause) 628M->19M(1024M) 6.130ms
[2026-01-28T10:06:07.933+0000][gc,cpu      ] GC(24) User=0.03s Sys=0.00s Real=0.01s
[2026-01-28T10:06:22.659+0000][gc,start    ] GC(25) Pause Young (Normal) (G1 Evacuation Pause)
[2026-01-28T10:06:22.660+0000][gc,task     ] GC(25) Using 10 workers of 10 for evacuation
[2026-01-28T10:06:22.664+0000][gc,phases   ] GC(25)   Pre Evacuate Collection Set: 0.3ms
[2026-01-28T10:06:22.664+0000][gc,phases   ] GC(25)   Merge Heap Roots: 0.1ms
[2026-01-28T10:06:22.664+0000][gc,phases   ] GC(25)   Evacuate Collection Set: 2.9ms
[2026-01-28T10:06:22.664+0000][gc,phases   ] GC(25)   Post Evacuate Collection Set: 0.5ms
[2026-01-28T10:06:22.664+0000][gc,phases   ] GC(25)   Other: 0.1ms
[2026-01-28T10:06:22.664+0000][gc,heap     ] GC(25) Eden regions: 609->0(608)
[2026-01-28T10:06:22.664+0000][gc,heap     ] GC(25) Survivor regions: 5->6(77)
[2026-01-28T10:06:22.664+0000][gc,heap     ] GC(25) Old regions: 14->14
[2026-01-28T10:06:22.664+0000][gc,heap     ] GC(25) Humongous regions: 1->1
[2026-01-28T10:06:22.664+0000][gc,metaspace] GC(25) Metaspace: 8719K(8960K)->8719K(8960K) NonClass: 7970K(8128K)->7970K(8128K) Class: 748K(832K)->748K(832K)
[2026-01-28T10:06:22.664+0000][gc          ] GC(25) Pause Young (Normal) (G1 Evacuation Pause) 628M->20M(1024M) 4.308ms
[2026-01-28T10:06:22.664+0000][gc,cpu      ] GC(25) User=0.02s Sys=0.00s Real=0.01s
[2026-01-28T10:06:37.899+0000][gc,start    ] GC(26) Pause Young (Normal) (G1 Evacuation Pause)
[2026-01-28T10:06:37.900+0000][gc,task     ] GC(26) Using 10 workers of 10 for evacuation
[2026-01-28T10:06:37.904+0000][gc,phases   ] GC(26)   Pre Evacuate Collection Set: 0.6ms
[2026-01-28T10:06:37.904+0000][gc,phases   ] GC(26)   Merge Heap Roots: 0.1ms
[2026-01-28T10:06:37.904+0000][gc,phases   ] GC(26)   Evacuate Collection Set: 3.2ms
[2026-01-28T10:06:37.904+0000][gc,phases   ] GC(26)   Post Evacuate Collection Set: 0.6ms
[2026-01-28T10:06:37.904+0000][gc,phases   ] GC(26)   Other: 0.2ms
[2026-01-28T10:06:37.904+0000][gc,heap     ] GC(26) Eden regions: 608->0(608)
[2026-01-28T10:06:37.905+0000][gc,heap     ] GC(26) Survivor regions: 6->6(77)
[2026-01-28T10:06:37.905+0000][gc,heap     ] GC(26) Old regions: 14->15
[2026-01-28T10:06:37.905+0000][gc,heap     ] GC(26) Humongous regions: 1->1
[2026-01-28T10:06:37.905+0000][gc,metaspace] GC(26) Metaspace: 8720K(8960K)->8720K(8960K) NonClass: 7971K(8128K)->7971K(8128K) Class: 748K(832K)->748K(832K)
[2026-01-28T10:06:37.905+0000][gc          ] GC(26) Pause Young (Normal) (G1 Evacuation Pause) 628M->20M(1024M) 6.001ms
[2026-01-28T10:06:37.905+0000][gc,cpu      ] GC(26) User=0.03s Sys=0.00s Real=0.01s
[2026-01-28T10:06:53.524+0000][gc,start    ] GC(27) Pause Young (Normal) (G1 Evacuation Pause)
[2026-01-28T10:06:53.525+0000][gc,task     ] GC(27) Using 10 workers of 10 for evacuation
[2026-01-28T10:06:53.540+0000][gc,phases   ] GC(27)   Pre Evacuate Collection Set: 0.7ms
[2026-01-28T10:06:53.540+0000][gc,phases   ] GC(27)   Merge Heap Roots: 0.2ms
[2026-01-28T10:06:53.540+0000][gc,phases   ] GC(27)   Evacuate Collection Set: 12.5ms
[2026-01-28T10:06:53.540+0000][gc,phases   ] GC(27)   Post Evacuate Collection Set: 1.2ms
[2026-01-28T10:06:53.540+0000][gc,phases   ] GC(27)   Other: 0.1ms
[2026-01-28T10:06:53.540+0000][gc,heap     ] GC(27) Eden regions: 608->0(607)
[2026-01-28T10:06:53.540+0000][gc,heap     ] GC(27) Survivor regions: 6->7(77)
[2026-01-28T10:06:53.540+0000][gc,heap     ] GC(27) Old regions: 15->15
[2026-01-28T10:06:53.541+0000][gc,heap     ] GC(27) Humongous regions: 1->1
[2026-01-28T10:06:53.541+0000][gc,metaspace] GC(27) Metaspace: 8720K(8960K)->8720K(8960K) NonClass: 7971K(8128K)->7971K(8128K) Class: 748K(832K)->748K(832K)
[2026-01-28T10:06:53.541+0000][gc          ] GC(27) Pause Young (Normal) (G1 Evacuation Pause) 628M->21M(1024M) 16.268ms
[2026-01-28T10:06:53.541+0000][gc,cpu      ] GC(27) User=0.13s Sys=0.00s Real=0.01s
[2026-01-28T10:07:08.848+0000][gc,start    ] GC(28) Pause Young (Normal) (G1 Evacuation Pause)
[2026-01-28T10:07:08.848+0000][gc,task     ] GC(28) Using 10 workers of 10 for evacuation
[2026-01-28T10:07:08.853+0000][gc,phases   ] GC(28)   Pre Evacuate Collection Set: 0.7ms
[2026-01-28T10:07:08.853+0000][gc,phases   ] GC(28)   Merge Heap Roots: 0.2ms
[2026-01-28T10:07:08.853+0000][gc,phases   ] GC(28)   Evacuate Collection Set: 2.9ms
[2026-01-28T10:07:08.853+0000][gc,phases   ] GC(28)   Post Evacuate Collection Set: 0.4ms
[2026-01-28T10:07:08.853+0000][gc,phases   ] GC(28)   Other: 0.1ms
[2026-01-28T10:07:08.853+0000][gc,heap     ] GC(28) Eden regions: 607->0(607)
[2026-01-28T10:07:08.853+0000][gc,heap     ] GC(28) Survivor regions: 7->7(77)
[2026-01-28T10:07:08.853+0000][gc,heap     ] GC(28) Old regions: 15->15
[2026-01-28T10:07:08.853+0000][gc,heap     ] GC(28) Humongous regions: 1->1
[2026-01-28T10:07:08.853+0000][gc,metaspace] GC(28) Metaspace: 8723K(8960K)->8723K(8960K) NonClass: 7974K(8128K)->7974K(8128K) Class: 748K(832K)->748K(832K)
[2026-01-28T10:07:08.853+0000][gc          ] GC(28) Pause Young (Normal) (G1 Evacuation Pause) 628M->21M(1024M) 4.841ms
[2026-01-28T10:07:08.853+0000][gc,cpu      ] GC(28) User=0.03s Sys=0.00s Real=0.01s
[2026-01-28T10:07:24.194+0000][gc,start    ] GC(29) Pause Young (Normal) (G1 Evacuation Pause)
[2026-01-28T10:07:24.195+0000][gc,task     ] GC(29) Using 10 workers of 10 for evacuation
[2026-01-28T10:07:24.203+0000][gc,phases   ] GC(29)   Pre Evacuate Collection Set: 0.7ms
[2026-01-28T10:07:24.203+0000][gc,phases   ] GC(29)   Merge Heap Roots: 0.2ms
[2026-01-28T10:07:24.203+0000][gc,phases   ] GC(29)   Evacuate Collection Set: 5.8ms
[2026-01-28T10:07:24.203+0000][gc,phases   ] GC(29)   Post Evacuate Collection Set: 0.7ms
[2026-01-28T10:07:24.203+0000][gc,phases   ] GC(29)   Other: 0.2ms
[2026-01-28T10:07:24.203+0000][gc,heap     ] GC(29) Eden regions: 607->0(607)
[2026-01-28T10:07:24.203+0000][gc,heap     ] GC(29) Survivor regions: 7->7(77)
[2026-01-28T10:07:24.203+0000][gc,heap     ] GC(29) Old regions: 15->15
[2026-01-28T10:07:24.203+0000][gc,heap     ] GC(29) Humongous regions: 1->1
[2026-01-28T10:07:24.203+0000][gc,metaspace] GC(29) Metaspace: 8723K(8960K)->8723K(8960K) NonClass: 7974K(8128K)->7974K(8128K) Class: 749K(832K)->749K(832K)
[2026-01-28T10:07:24.203+0000][gc          ] GC(29) Pause Young (Normal) (G1 Evacuation Pause) 628M->22M(1024M) 9.033ms
[2026-01-28T10:07:24.203+0000][gc,cpu      ] GC(29) User=0.05s Sys=0.01s Real=0.01s
[2026-01-28T10:07:39.517+0000][gc,start    ] GC(30) Pause Young (Normal) (G1 Evacuation Pause)
[2026-01-28T10:07:39.517+0000][gc,task     ] GC(30) Using 10 workers of 10 for evacuation
[2026-01-28T10:07:39.527+0000][gc,phases   ] GC(30)   Pre Evacuate Collection Set: 0.5ms
[2026-01-28T10:07:39.527+0000][gc,phases   ] GC(30)   Merge Heap Roots: 0.2ms
[2026-01-28T10:07:39.527+0000][gc,phases   ] GC(30)   Evacuate Collection Set: 6.9ms
[2026-01-28T10:07:39.527+0000][gc,phases   ] GC(30)   Post Evacuate Collection Set: 1.3ms
[2026-01-28T10:07:39.527+0000][gc,phases   ] GC(30)   Other: 0.2ms
[2026-01-28T10:07:39.527+0000][gc,heap     ] GC(30) Eden regions: 607->0(607)
[2026-01-28T10:07:39.527+0000][gc,heap     ] GC(30) Survivor regions: 7->7(77)
[2026-01-28T10:07:39.527+0000][gc,heap     ] GC(30) Old regions: 15->15
[2026-01-28T10:07:39.527+0000][gc,heap     ] GC(30) Humongous regions: 1->1
[2026-01-28T10:07:39.527+0000][gc,metaspace] GC(30) Metaspace: 8724K(8960K)->8724K(8960K) NonClass: 7975K(8128K)->7975K(8128K) Class: 749K(832K)->749K(832K)
[2026-01-28T10:07:39.527+0000][gc          ] GC(30) Pause Young (Normal) (G1 Evacuation Pause) 629M->22M(1024M) 10.042ms
[2026-01-28T10:07:39.527+0000][gc,cpu      ] GC(30) User=0.07s Sys=0.00s Real=0.01s
[2026-01-28T10:07:55.216+0000][gc,start    ] GC(31) Pause Young (Normal) (G1 Evacuation Pause)
[2026-01-28T10:07:55.217+0000][gc,task     ] GC(31) Using 10 workers of 10 for evacuation
[2026-01-28T10:07:55.227+0000][gc,phases   ] GC(31)   Pre Evacuate Collection Set: 0.7ms
[2026-01-28T10:07:55.227+0000][gc,phases   ] GC(31)   Merge Heap Roots: 0.3ms
[2026-01-28T10:07:55.227+0000][gc,phases   ] GC(31)   Evacuate Collection Set: 7.8ms
[2026-01-28T10:07:55.227+0000][gc,phases   ] GC(31)   Post Evacuate Collection Set: 1.3ms
[2026-01-28T10:07:55.227+0000][gc,phases   ] GC(31)   Other: 0.1ms
[2026-01-28T10:07:55.227+0000][gc,heap     ] GC(31) Eden regions: 607->0(606)
[2026-01-28T10:07:55.227+0000][gc,heap     ] GC(31) Survivor regions: 7->8(77)
[2026-01-28T10:07:55.227+0000][gc,heap     ] GC(31) Old regions: 15->16
[2026-01-28T10:07:55.227+0000][gc,heap     ] GC(31) Humongous regions: 1->1
[2026-01-28T10:07:55.228+0000][gc,metaspace] GC(31) Metaspace: 8724K(8960K)->8724K(8960K) NonClass: 7975K(8128K)->7975K(8128K) Class: 749K(832K)->749K(832K)
[2026-01-28T10:07:55.228+0000][gc          ] GC(31) Pause Young (Normal) (G1 Evacuation Pause) 629M->23M(1024M) 11.233ms
[2026-01-28T10:07:55.228+0000][gc,cpu      ] GC(31) User=0.09s Sys=0.00s Real=0.01s
[2026-01-28T10:08:10.644+0000][gc,start    ] GC(32) Pause Young (Normal) (G1 Evacuation Pause)
[2026-01-28T10:08:10.645+0000][gc,task     ] GC(32) Using 10 workers of 10 for evacuation
[2026-01-28T10:08:10.653+0000][gc,phases   ] GC(32)   Pre Evacuate Collection Set: 0.9ms
[2026-01-28T10:08:10.654+0000][gc,phases   ] GC(32)   Merge Heap Roots: 0.6ms
[2026-01-28T10:08:10.654+0000][gc,phases   ] GC(32)   Evacuate Collection Set: 6.2ms
[2026-01-28T10:08:10.654+0000][gc,phases   ] GC(32)   Post Evacuate Collection Set: 1.0ms
[2026-01-28T10:08:10.654+0000][gc,phases   ] GC(32)   Other: 0.2ms
[2026-01-28T10:08:10.654+0000][gc,heap     ] GC(32) Eden regions: 606->0(606)
[2026-01-28T10:08:10.654+0000][gc,heap     ] GC(32) Survivor regions: 8->8(77)
[2026-01-28T10:08:10.654+0000][gc,heap     ] GC(32) Old regions: 16->16
[2026-01-28T10:08:10.654+0000][gc,heap     ] GC(32) Humongous regions: 1->1
[2026-01-28T10:08:10.654+0000][gc,metaspace] GC(32) Metaspace: 8732K(8960K)->8732K(8960K) NonClass: 7983K(8128K)->7983K(8128K) Class: 749K(832K)->749K(832K)
[2026-01-28T10:08:10.654+0000][gc          ] GC(32) Pause Young (Normal) (G1 Evacuation Pause) 629M->23M(1024M) 10.467ms
[2026-01-28T10:08:10.654+0000][gc,cpu      ] GC(32) User=0.07s Sys=0.01s Real=0.01s
[2026-01-28T10:08:26.210+0000][gc,start    ] GC(33) Pause Young (Normal) (G1 Evacuation Pause)
[2026-01-28T10:08:26.211+0000][gc,task     ] GC(33) Using 10 workers of 10 for evacuation
[2026-01-28T10:08:26.230+0000][gc,phases   ] GC(33)   Pre Evacuate Collection Set: 0.7ms
[2026-01-28T10:08:26.230+0000][gc,phases   ] GC(33)   Merge Heap Roots: 0.3ms
[2026-01-28T10:08:26.230+0000][gc,phases   ] GC(33)   Evacuate Collection Set: 15.0ms
[2026-01-28T10:08:26.230+0000][gc,phases   ] GC(33)   Post Evacuate Collection Set: 2.5ms
[2026-01-28T10:08:26.230+0000][gc,phases   ] GC(33)   Other: 0.2ms
[2026-01-28T10:08:26.230+0000][gc,heap     ] GC(33) Eden regions: 606->0(606)
[2026-01-28T10:08:26.230+0000][gc,heap     ] GC(33) Survivor regions: 8->8(77)
[2026-01-28T10:08:26.230+0000][gc,heap     ] GC(33) Old regions: 16->16
[2026-01-28T10:08:26.230+0000][gc,heap     ] GC(33) Humongous regions: 1->1
[2026-01-28T10:08:26.230+0000][gc,metaspace] GC(33) Metaspace: 8732K(8960K)->8732K(8960K) NonClass: 7983K(8128K)->7983K(8128K) Class: 749K(832K)->749K(832K)
[2026-01-28T10:08:26.231+0000][gc          ] GC(33) Pause Young (Normal) (G1 Evacuation Pause) 629M->24M(1024M) 20.538ms
[2026-01-28T10:08:26.231+0000][gc,cpu      ] GC(33) User=0.17s Sys=0.00s Real=0.02s
[2026-01-28T10:08:42.860+0000][gc,start    ] GC(34) Pause Young (Normal) (G1 Evacuation Pause)
[2026-01-28T10:08:42.861+0000][gc,task     ] GC(34) Using 10 workers of 10 for evacuation
[2026-01-28T10:08:42.874+0000][gc,phases   ] GC(34)   Pre Evacuate Collection Set: 0.8ms
[2026-01-28T10:08:42.874+0000][gc,phases   ] GC(34)   Merge Heap Roots: 0.3ms
[2026-01-28T10:08:42.874+0000][gc,phases   ] GC(34)   Evacuate Collection Set: 11.2ms
[2026-01-28T10:08:42.874+0000][gc,phases   ] GC(34)   Post Evacuate Collection Set: 1.0ms
[2026-01-28T10:08:42.875+0000][gc,phases   ] GC(34)   Other: 0.3ms
[2026-01-28T10:08:42.875+0000][gc,heap     ] GC(34) Eden regions: 606->0(606)
[2026-01-28T10:08:42.875+0000][gc,heap     ] GC(34) Survivor regions: 8->8(77)
[2026-01-28T10:08:42.875+0000][gc,heap     ] GC(34) Old regions: 16->17
[2026-01-28T10:08:42.875+0000][gc,heap     ] GC(34) Humongous regions: 1->1
[2026-01-28T10:08:42.875+0000][gc,metaspace] GC(34) Metaspace: 8736K(8960K)->8736K(8960K) NonClass: 7987K(8128K)->7987K(8128K) Class: 749K(832K)->749K(832K)
[2026-01-28T10:08:42.875+0000][gc          ] GC(34) Pause Young (Normal) (G1 Evacuation Pause) 630M->24M(1024M) 14.551ms
[2026-01-28T10:08:42.875+0000][gc,cpu      ] GC(34) User=0.12s Sys=0.00s Real=0.02s
[2026-01-28T10:08:59.157+0000][gc,start    ] GC(35) Pause Young (Normal) (G1 Evacuation Pause)
[2026-01-28T10:08:59.158+0000][gc,task     ] GC(35) Using 10 workers of 10 for evacuation
[2026-01-28T10:08:59.175+0000][gc,phases   ] GC(35)   Pre Evacuate Collection Set: 2.0ms
[2026-01-28T10:08:59.175+0000][gc,phases   ] GC(35)   Merge Heap Roots: 1.2ms
[2026-01-28T10:08:59.175+0000][gc,phases   ] GC(35)   Evacuate Collection Set: 12.1ms
[2026-01-28T10:08:59.176+0000][gc,phases   ] GC(35)   Post Evacuate Collection Set: 0.8ms
[2026-01-28T10:08:59.176+0000][gc,phases   ] GC(35)   Other: 1.0ms
[2026-01-28T10:08:59.176+0000][gc,heap     ] GC(35) Eden regions: 606->0(605)
[2026-01-28T10:08:59.176+0000][gc,heap     ] GC(35) Survivor regions: 8->9(77)
[2026-01-28T10:08:59.176+0000][gc,heap     ] GC(35) Old regions: 17->17
[2026-01-28T10:08:59.176+0000][gc,heap     ] GC(35) Humongous regions: 1->1
[2026-01-28T10:08:59.176+0000][gc,metaspace] GC(35) Metaspace: 8736K(8960K)->8736K(8960K) NonClass: 7987K(8128K)->7987K(8128K) Class: 749K(832K)->749K(832K)
[2026-01-28T10:08:59.176+0000][gc          ] GC(35) Pause Young (Normal) (G1 Evacuation Pause) 630M->25M(1024M) 18.415ms
[2026-01-28T10:08:59.176+0000][gc,cpu      ] GC(35) User=0.14s Sys=0.00s Real=0.02s
[2026-01-28T10:09:15.536+0000][gc,start    ] GC(36) Pause Young (Normal) (G1 Evacuation Pause)
[2026-01-28T10:09:15.537+0000][gc,task     ] GC(36) Using 10 workers of 10 for evacuation
[2026-01-28T10:09:15.547+0000][gc,phases   ] GC(36)   Pre Evacuate Collection Set: 0.7ms
[2026-01-28T10:09:15.547+0000][gc,phases   ] GC(36)   Merge Heap Roots: 0.3ms
[2026-01-28T10:09:15.547+0000][gc,phases   ] GC(36)   Evacuate Collection Set: 8.2ms
[2026-01-28T10:09:15.547+0000][gc,phases   ] GC(36)   Post Evacuate Collection Set: 0.7ms
[2026-01-28T10:09:15.547+0000][gc,phases   ] GC(36)   Other: 0.2ms
[2026-01-28T10:09:15.547+0000][gc,heap     ] GC(36) Eden regions: 605->0(606)
[2026-01-28T10:09:15.547+0000][gc,heap     ] GC(36) Survivor regions: 9->8(77)
[2026-01-28T10:09:15.547+0000][gc,heap     ] GC(36) Old regions: 17->18
[2026-01-28T10:09:15.547+0000][gc,heap     ] GC(36) Humongous regions: 1->1
[2026-01-28T10:09:15.547+0000][gc,metaspace] GC(36) Metaspace: 8737K(8960K)->8737K(8960K) NonClass: 7987K(8128K)->7987K(8128K) Class: 749K(832K)->749K(832K)
[2026-01-28T10:09:15.547+0000][gc          ] GC(36) Pause Young (Normal) (G1 Evacuation Pause) 630M->26M(1024M) 11.483ms
[2026-01-28T10:09:15.547+0000][gc,cpu      ] GC(36) User=0.09s Sys=0.00s Real=0.01s
[2026-01-28T10:09:31.205+0000][gc,start    ] GC(37) Pause Young (Normal) (G1 Evacuation Pause)
[2026-01-28T10:09:31.206+0000][gc,task     ] GC(37) Using 10 workers of 10 for evacuation
[2026-01-28T10:09:31.214+0000][gc,phases   ] GC(37)   Pre Evacuate Collection Set: 0.7ms
[2026-01-28T10:09:31.214+0000][gc,phases   ] GC(37)   Merge Heap Roots: 0.2ms
[2026-01-28T10:09:31.214+0000][gc,phases   ] GC(37)   Evacuate Collection Set: 5.7ms
[2026-01-28T10:09:31.214+0000][gc,phases   ] GC(37)   Post Evacuate Collection Set: 0.7ms
[2026-01-28T10:09:31.214+0000][gc,phases   ] GC(37)   Other: 0.2ms
[2026-01-28T10:09:31.214+0000][gc,heap     ] GC(37) Eden regions: 606->0(605)
[2026-01-28T10:09:31.214+0000][gc,heap     ] GC(37) Survivor regions: 8->9(77)
[2026-01-28T10:09:31.214+0000][gc,heap     ] GC(37) Old regions: 18->18
[2026-01-28T10:09:31.214+0000][gc,heap     ] GC(37) Humongous regions: 1->1
[2026-01-28T10:09:31.214+0000][gc,metaspace] GC(37) Metaspace: 8738K(8960K)->8738K(8960K) NonClass: 7989K(8128K)->7989K(8128K) Class: 749K(832K)->749K(832K)
[2026-01-28T10:09:31.214+0000][gc          ] GC(37) Pause Young (Normal) (G1 Evacuation Pause) 632M->26M(1024M) 8.973ms
[2026-01-28T10:09:31.215+0000][gc,cpu      ] GC(37) User=0.06s Sys=0.00s Real=0.01s
[2026-01-28T10:09:46.561+0000][gc,start    ] GC(38) Pause Young (Normal) (G1 Evacuation Pause)
[2026-01-28T10:09:46.562+0000][gc,task     ] GC(38) Using 10 workers of 10 for evacuation
[2026-01-28T10:09:46.592+0000][gc,phases   ] GC(38)   Pre Evacuate Collection Set: 2.0ms
[2026-01-28T10:09:46.593+0000][gc,phases   ] GC(38)   Merge Heap Roots: 0.4ms
[2026-01-28T10:09:46.593+0000][gc,phases   ] GC(38)   Evacuate Collection Set: 16.0ms
[2026-01-28T10:09:46.593+0000][gc,phases   ] GC(38)   Post Evacuate Collection Set: 7.6ms
[2026-01-28T10:09:46.593+0000][gc,phases   ] GC(38)   Other: 3.7ms
[2026-01-28T10:09:46.593+0000][gc,heap     ] GC(38) Eden regions: 605->0(606)
[2026-01-28T10:09:46.593+0000][gc,heap     ] GC(38) Survivor regions: 9->8(77)
[2026-01-28T10:09:46.594+0000][gc,heap     ] GC(38) Old regions: 18->19
[2026-01-28T10:09:46.594+0000][gc,heap     ] GC(38) Humongous regions: 1->1
[2026-01-28T10:09:46.594+0000][gc,metaspace] GC(38) Metaspace: 8739K(8960K)->8739K(8960K) NonClass: 7989K(8128K)->7989K(8128K) Class: 749K(832K)->749K(832K)
[2026-01-28T10:09:46.596+0000][gc          ] GC(38) Pause Young (Normal) (G1 Evacuation Pause) 631M->27M(1024M) 34.688ms
[2026-01-28T10:09:46.597+0000][gc,cpu      ] GC(38) User=0.19s Sys=0.00s Real=0.04s
[2026-01-28T10:10:02.867+0000][gc,start    ] GC(39) Pause Young (Normal) (G1 Evacuation Pause)
[2026-01-28T10:10:02.868+0000][gc,task     ] GC(39) Using 10 workers of 10 for evacuation
[2026-01-28T10:10:02.877+0000][gc,phases   ] GC(39)   Pre Evacuate Collection Set: 0.6ms
[2026-01-28T10:10:02.877+0000][gc,phases   ] GC(39)   Merge Heap Roots: 0.3ms
[2026-01-28T10:10:02.877+0000][gc,phases   ] GC(39)   Evacuate Collection Set: 7.1ms
[2026-01-28T10:10:02.877+0000][gc,phases   ] GC(39)   Post Evacuate Collection Set: 1.2ms
[2026-01-28T10:10:02.877+0000][gc,phases   ] GC(39)   Other: 0.2ms
[2026-01-28T10:10:02.877+0000][gc,heap     ] GC(39) Eden regions: 606->0(605)
[2026-01-28T10:10:02.877+0000][gc,heap     ] GC(39) Survivor regions: 8->9(77)
[2026-01-28T10:10:02.877+0000][gc,heap     ] GC(39) Old regions: 19->19
[2026-01-28T10:10:02.878+0000][gc,heap     ] GC(39) Humongous regions: 1->1
[2026-01-28T10:10:02.878+0000][gc,metaspace] GC(39) Metaspace: 8739K(8960K)->8739K(8960K) NonClass: 7989K(8128K)->7989K(8128K) Class: 749K(832K)->749K(832K)
[2026-01-28T10:10:02.878+0000][gc          ] GC(39) Pause Young (Normal) (G1 Evacuation Pause) 633M->27M(1024M) 10.806ms
[2026-01-28T10:10:02.878+0000][gc,cpu      ] GC(39) User=0.08s Sys=0.00s Real=0.01s
[2026-01-28T10:10:19.149+0000][gc,start    ] GC(40) Pause Young (Normal) (G1 Evacuation Pause)
[2026-01-28T10:10:19.150+0000][gc,task     ] GC(40) Using 10 workers of 10 for evacuation
[2026-01-28T10:10:19.173+0000][gc,phases   ] GC(40)   Pre Evacuate Collection Set: 0.7ms
[2026-01-28T10:10:19.174+0000][gc,phases   ] GC(40)   Merge Heap Roots: 0.4ms
[2026-01-28T10:10:19.175+0000][gc,phases   ] GC(40)   Evacuate Collection Set: 19.3ms
[2026-01-28T10:10:19.175+0000][gc,phases   ] GC(40)   Post Evacuate Collection Set: 2.0ms
[2026-01-28T10:10:19.175+0000][gc,phases   ] GC(40)   Other: 0.2ms
[2026-01-28T10:10:19.176+0000][gc,heap     ] GC(40) Eden regions: 605->0(605)
[2026-01-28T10:10:19.176+0000][gc,heap     ] GC(40) Survivor regions: 9->9(77)
[2026-01-28T10:10:19.176+0000][gc,heap     ] GC(40) Old regions: 19->20
[2026-01-28T10:10:19.176+0000][gc,heap     ] GC(40) Humongous regions: 1->1
[2026-01-28T10:10:19.176+0000][gc,metaspace] GC(40) Metaspace: 8739K(8960K)->8739K(8960K) NonClass: 7989K(8128K)->7989K(8128K) Class: 749K(832K)->749K(832K)
[2026-01-28T10:10:19.176+0000][gc          ] GC(40) Pause Young (Normal) (G1 Evacuation Pause) 632M->28M(1024M) 26.456ms
[2026-01-28T10:10:19.176+0000][gc,cpu      ] GC(40) User=0.20s Sys=0.00s Real=0.03s
[2026-01-28T10:10:34.411+0000][gc,start    ] GC(41) Pause Young (Normal) (G1 Evacuation Pause)
[2026-01-28T10:10:34.411+0000][gc,task     ] GC(41) Using 10 workers of 10 for evacuation
[2026-01-28T10:10:34.426+0000][gc,phases   ] GC(41)   Pre Evacuate Collection Set: 0.7ms
[2026-01-28T10:10:34.426+0000][gc,phases   ] GC(41)   Merge Heap Roots: 0.3ms
[2026-01-28T10:10:34.426+0000][gc,phases   ] GC(41)   Evacuate Collection Set: 12.2ms
[2026-01-28T10:10:34.426+0000][gc,phases   ] GC(41)   Post Evacuate Collection Set: 0.8ms
[2026-01-28T10:10:34.426+0000][gc,phases   ] GC(41)   Other: 0.2ms
[2026-01-28T10:10:34.426+0000][gc,heap     ] GC(41) Eden regions: 605->0(606)
[2026-01-28T10:10:34.426+0000][gc,heap     ] GC(41) Survivor regions: 9->8(77)
[2026-01-28T10:10:34.426+0000][gc,heap     ] GC(41) Old regions: 20->20
[2026-01-28T10:10:34.426+0000][gc,heap     ] GC(41) Humongous regions: 1->1
[2026-01-28T10:10:34.426+0000][gc,metaspace] GC(41) Metaspace: 8740K(8960K)->8740K(8960K) NonClass: 7991K(8128K)->7991K(8128K) Class: 749K(832K)->749K(832K)
[2026-01-28T10:10:34.426+0000][gc          ] GC(41) Pause Young (Normal) (G1 Evacuation Pause) 633M->28M(1024M) 14.831ms
[2026-01-28T10:10:34.426+0000][gc,cpu      ] GC(41) User=0.12s Sys=0.01s Real=0.02s
[2026-01-28T10:10:50.420+0000][gc,start    ] GC(42) Pause Young (Normal) (G1 Evacuation Pause)
[2026-01-28T10:10:50.421+0000][gc,task     ] GC(42) Using 10 workers of 10 for evacuation
[2026-01-28T10:10:50.432+0000][gc,phases   ] GC(42)   Pre Evacuate Collection Set: 0.8ms
[2026-01-28T10:10:50.433+0000][gc,phases   ] GC(42)   Merge Heap Roots: 0.4ms
[2026-01-28T10:10:50.433+0000][gc,phases   ] GC(42)   Evacuate Collection Set: 9.1ms
[2026-01-28T10:10:50.433+0000][gc,phases   ] GC(42)   Post Evacuate Collection Set: 0.9ms
[2026-01-28T10:10:50.433+0000][gc,phases   ] GC(42)   Other: 0.2ms
[2026-01-28T10:10:50.433+0000][gc,heap     ] GC(42) Eden regions: 606->0(606)
[2026-01-28T10:10:50.433+0000][gc,heap     ] GC(42) Survivor regions: 8->8(77)
[2026-01-28T10:10:50.433+0000][gc,heap     ] GC(42) Old regions: 20->21
[2026-01-28T10:10:50.433+0000][gc,heap     ] GC(42) Humongous regions: 1->1
[2026-01-28T10:10:50.433+0000][gc,metaspace] GC(42) Metaspace: 8747K(9024K)->8747K(9024K) NonClass: 7996K(8128K)->7996K(8128K) Class: 751K(896K)->751K(896K)
[2026-01-28T10:10:50.433+0000][gc          ] GC(42) Pause Young (Normal) (G1 Evacuation Pause) 634M->29M(1024M) 12.665ms
[2026-01-28T10:10:50.433+0000][gc,cpu      ] GC(42) User=0.10s Sys=0.00s Real=0.02s
[2026-01-28T10:11:06.208+0000][gc,start    ] GC(43) Pause Young (Normal) (G1 Evacuation Pause)
[2026-01-28T10:11:06.209+0000][gc,task     ] GC(43) Using 10 workers of 10 for evacuation
[2026-01-28T10:11:06.228+0000][gc,phases   ] GC(43)   Pre Evacuate Collection Set: 0.7ms
[2026-01-28T10:11:06.228+0000][gc,phases   ] GC(43)   Merge Heap Roots: 0.3ms
[2026-01-28T10:11:06.229+0000][gc,phases   ] GC(43)   Evacuate Collection Set: 16.4ms
[2026-01-28T10:11:06.229+0000][gc,phases   ] GC(43)   Post Evacuate Collection Set: 1.7ms
[2026-01-28T10:11:06.229+0000][gc,phases   ] GC(43)   Other: 0.3ms
[2026-01-28T10:11:06.229+0000][gc,heap     ] GC(43) Eden regions: 606->0(605)
[2026-01-28T10:11:06.229+0000][gc,heap     ] GC(43) Survivor regions: 8->9(77)
[2026-01-28T10:11:06.229+0000][gc,heap     ] GC(43) Old regions: 21->21
[2026-01-28T10:11:06.229+0000][gc,heap     ] GC(43) Humongous regions: 1->1
[2026-01-28T10:11:06.229+0000][gc,metaspace] GC(43) Metaspace: 8747K(9024K)->8747K(9024K) NonClass: 7996K(8128K)->7996K(8128K) Class: 751K(896K)->751K(896K)
[2026-01-28T10:11:06.229+0000][gc          ] GC(43) Pause Young (Normal) (G1 Evacuation Pause) 635M->29M(1024M) 20.779ms
[2026-01-28T10:11:06.229+0000][gc,cpu      ] GC(43) User=0.17s Sys=0.01s Real=0.02s
[2026-01-28T10:11:21.697+0000][gc,start    ] GC(44) Pause Young (Normal) (G1 Evacuation Pause)
[2026-01-28T10:11:21.697+0000][gc,task     ] GC(44) Using 10 workers of 10 for evacuation
[2026-01-28T10:11:21.705+0000][gc,phases   ] GC(44)   Pre Evacuate Collection Set: 0.8ms
[2026-01-28T10:11:21.705+0000][gc,phases   ] GC(44)   Merge Heap Roots: 0.3ms
[2026-01-28T10:11:21.705+0000][gc,phases   ] GC(44)   Evacuate Collection Set: 5.5ms
[2026-01-28T10:11:21.705+0000][gc,phases   ] GC(44)   Post Evacuate Collection Set: 0.9ms
[2026-01-28T10:11:21.705+0000][gc,phases   ] GC(44)   Other: 0.2ms
[2026-01-28T10:11:21.705+0000][gc,heap     ] GC(44) Eden regions: 605->0(605)
[2026-01-28T10:11:21.705+0000][gc,heap     ] GC(44) Survivor regions: 9->9(77)
[2026-01-28T10:11:21.705+0000][gc,heap     ] GC(44) Old regions: 21->22
[2026-01-28T10:11:21.705+0000][gc,heap     ] GC(44) Humongous regions: 1->1
[2026-01-28T10:11:21.705+0000][gc,metaspace] GC(44) Metaspace: 8747K(9024K)->8747K(9024K) NonClass: 7996K(8128K)->7996K(8128K) Class: 751K(896K)->751K(896K)
[2026-01-28T10:11:21.705+0000][gc          ] GC(44) Pause Young (Normal) (G1 Evacuation Pause) 634M->30M(1024M) 8.289ms
[2026-01-28T10:11:21.705+0000][gc,cpu      ] GC(44) User=0.06s Sys=0.00s Real=0.01s
[2026-01-28T10:11:36.747+0000][gc,start    ] GC(45) Pause Young (Normal) (G1 Evacuation Pause)
[2026-01-28T10:11:36.747+0000][gc,task     ] GC(45) Using 10 workers of 10 for evacuation
[2026-01-28T10:11:36.754+0000][gc,phases   ] GC(45)   Pre Evacuate Collection Set: 0.6ms
[2026-01-28T10:11:36.754+0000][gc,phases   ] GC(45)   Merge Heap Roots: 0.3ms
[2026-01-28T10:11:36.754+0000][gc,phases   ] GC(45)   Evacuate Collection Set: 4.9ms
[2026-01-28T10:11:36.754+0000][gc,phases   ] GC(45)   Post Evacuate Collection Set: 0.6ms
[2026-01-28T10:11:36.754+0000][gc,phases   ] GC(45)   Other: 0.2ms
[2026-01-28T10:11:36.754+0000][gc,heap     ] GC(45) Eden regions: 605->0(605)
[2026-01-28T10:11:36.754+0000][gc,heap     ] GC(45) Survivor regions: 9->9(77)
[2026-01-28T10:11:36.754+0000][gc,heap     ] GC(45) Old regions: 22->22
[2026-01-28T10:11:36.754+0000][gc,heap     ] GC(45) Humongous regions: 1->1
[2026-01-28T10:11:36.754+0000][gc,metaspace] GC(45) Metaspace: 8747K(9024K)->8747K(9024K) NonClass: 7996K(8128K)->7996K(8128K) Class: 751K(896K)->751K(896K)
[2026-01-28T10:11:36.754+0000][gc          ] GC(45) Pause Young (Normal) (G1 Evacuation Pause) 635M->31M(1024M) 7.480ms
[2026-01-28T10:11:36.754+0000][gc,cpu      ] GC(45) User=0.06s Sys=0.00s Real=0.01s
[2026-01-28T10:11:51.580+0000][gc,start    ] GC(46) Pause Young (Normal) (G1 Evacuation Pause)
[2026-01-28T10:11:51.581+0000][gc,task     ] GC(46) Using 10 workers of 10 for evacuation
[2026-01-28T10:11:51.589+0000][gc,phases   ] GC(46)   Pre Evacuate Collection Set: 0.8ms
[2026-01-28T10:11:51.589+0000][gc,phases   ] GC(46)   Merge Heap Roots: 0.2ms
[2026-01-28T10:11:51.589+0000][gc,phases   ] GC(46)   Evacuate Collection Set: 5.5ms
[2026-01-28T10:11:51.589+0000][gc,phases   ] GC(46)   Post Evacuate Collection Set: 0.6ms
[2026-01-28T10:11:51.589+0000][gc,phases   ] GC(46)   Other: 0.3ms
[2026-01-28T10:11:51.589+0000][gc,heap     ] GC(46) Eden regions: 605->0(605)
[2026-01-28T10:11:51.589+0000][gc,heap     ] GC(46) Survivor regions: 9->9(77)
[2026-01-28T10:11:51.589+0000][gc,heap     ] GC(46) Old regions: 22->23
[2026-01-28T10:11:51.589+0000][gc,heap     ] GC(46) Humongous regions: 1->1
[2026-01-28T10:11:51.589+0000][gc,metaspace] GC(46) Metaspace: 8747K(9024K)->8747K(9024K) NonClass: 7996K(8128K)->7996K(8128K) Class: 751K(896K)->751K(896K)
[2026-01-28T10:11:51.589+0000][gc          ] GC(46) Pause Young (Normal) (G1 Evacuation Pause) 636M->31M(1024M) 8.762ms
[2026-01-28T10:11:51.589+0000][gc,cpu      ] GC(46) User=0.06s Sys=0.00s Real=0.01s
[2026-01-28T10:12:07.376+0000][gc,start    ] GC(47) Pause Young (Normal) (G1 Evacuation Pause)
[2026-01-28T10:12:07.377+0000][gc,task     ] GC(47) Using 10 workers of 10 for evacuation
[2026-01-28T10:12:07.391+0000][gc,phases   ] GC(47)   Pre Evacuate Collection Set: 0.8ms
[2026-01-28T10:12:07.391+0000][gc,phases   ] GC(47)   Merge Heap Roots: 0.4ms
[2026-01-28T10:12:07.391+0000][gc,phases   ] GC(47)   Evacuate Collection Set: 11.5ms
[2026-01-28T10:12:07.391+0000][gc,phases   ] GC(47)   Post Evacuate Collection Set: 0.8ms
[2026-01-28T10:12:07.391+0000][gc,phases   ] GC(47)   Other: 0.2ms
[2026-01-28T10:12:07.391+0000][gc,heap     ] GC(47) Eden regions: 605->0(605)
[2026-01-28T10:12:07.391+0000][gc,heap     ] GC(47) Survivor regions: 9->9(77)
[2026-01-28T10:12:07.391+0000][gc,heap     ] GC(47) Old regions: 23->23
[2026-01-28T10:12:07.391+0000][gc,heap     ] GC(47) Humongous regions: 1->1
[2026-01-28T10:12:07.391+0000][gc,metaspace] GC(47) Metaspace: 8753K(9024K)->8753K(9024K) NonClass: 8001K(8128K)->8001K(8128K) Class: 751K(896K)->751K(896K)
[2026-01-28T10:12:07.391+0000][gc          ] GC(47) Pause Young (Normal) (G1 Evacuation Pause) 636M->32M(1024M) 15.153ms
[2026-01-28T10:12:07.391+0000][gc,cpu      ] GC(47) User=0.13s Sys=0.00s Real=0.01s
[2026-01-28T10:12:22.913+0000][gc,start    ] GC(48) Pause Young (Normal) (G1 Evacuation Pause)
[2026-01-28T10:12:22.914+0000][gc,task     ] GC(48) Using 10 workers of 10 for evacuation
[2026-01-28T10:12:22.924+0000][gc,phases   ] GC(48)   Pre Evacuate Collection Set: 0.7ms
[2026-01-28T10:12:22.924+0000][gc,phases   ] GC(48)   Merge Heap Roots: 0.4ms
[2026-01-28T10:12:22.924+0000][gc,phases   ] GC(48)   Evacuate Collection Set: 7.2ms
[2026-01-28T10:12:22.924+0000][gc,phases   ] GC(48)   Post Evacuate Collection Set: 0.8ms
[2026-01-28T10:12:22.924+0000][gc,phases   ] GC(48)   Other: 0.3ms
[2026-01-28T10:12:22.924+0000][gc,heap     ] GC(48) Eden regions: 605->0(606)
[2026-01-28T10:12:22.924+0000][gc,heap     ] GC(48) Survivor regions: 9->8(77)
[2026-01-28T10:12:22.924+0000][gc,heap     ] GC(48) Old regions: 23->24
[2026-01-28T10:12:22.924+0000][gc,heap     ] GC(48) Humongous regions: 1->1
[2026-01-28T10:12:22.924+0000][gc,metaspace] GC(48) Metaspace: 8756K(9024K)->8756K(9024K) NonClass: 8004K(8128K)->8004K(8128K) Class: 751K(896K)->751K(896K)
[2026-01-28T10:12:22.924+0000][gc          ] GC(48) Pause Young (Normal) (G1 Evacuation Pause) 637M->32M(1024M) 10.809ms
[2026-01-28T10:12:22.924+0000][gc,cpu      ] GC(48) User=0.08s Sys=0.01s Real=0.01s
[2026-01-28T10:12:39.403+0000][gc,start    ] GC(49) Pause Young (Normal) (G1 Evacuation Pause)
[2026-01-28T10:12:39.403+0000][gc,task     ] GC(49) Using 10 workers of 10 for evacuation
[2026-01-28T10:12:39.416+0000][gc,phases   ] GC(49)   Pre Evacuate Collection Set: 0.7ms
[2026-01-28T10:12:39.416+0000][gc,phases   ] GC(49)   Merge Heap Roots: 0.3ms
[2026-01-28T10:12:39.416+0000][gc,phases   ] GC(49)   Evacuate Collection Set: 10.9ms
[2026-01-28T10:12:39.416+0000][gc,phases   ] GC(49)   Post Evacuate Collection Set: 0.7ms
[2026-01-28T10:12:39.416+0000][gc,phases   ] GC(49)   Other: 0.2ms
[2026-01-28T10:12:39.416+0000][gc,heap     ] GC(49) Eden regions: 606->0(605)
[2026-01-28T10:12:39.416+0000][gc,heap     ] GC(49) Survivor regions: 8->9(77)
[2026-01-28T10:12:39.416+0000][gc,heap     ] GC(49) Old regions: 24->24
[2026-01-28T10:12:39.416+0000][gc,heap     ] GC(49) Humongous regions: 1->1
[2026-01-28T10:12:39.416+0000][gc,metaspace] GC(49) Metaspace: 8757K(9024K)->8757K(9024K) NonClass: 8006K(8128K)->8006K(8128K) Class: 751K(896K)->751K(896K)
[2026-01-28T10:12:39.416+0000][gc          ] GC(49) Pause Young (Normal) (G1 Evacuation Pause) 638M->33M(1024M) 13.589ms
[2026-01-28T10:12:39.417+0000][gc,cpu      ] GC(49) User=0.11s Sys=0.00s Real=0.01s
[2026-01-28T10:12:55.697+0000][gc,start    ] GC(50) Pause Young (Normal) (G1 Evacuation Pause)
[2026-01-28T10:12:55.698+0000][gc,task     ] GC(50) Using 10 workers of 10 for evacuation
[2026-01-28T10:12:55.712+0000][gc,phases   ] GC(50)   Pre Evacuate Collection Set: 0.7ms
[2026-01-28T10:12:55.712+0000][gc,phases   ] GC(50)   Merge Heap Roots: 0.4ms
[2026-01-28T10:12:55.712+0000][gc,phases   ] GC(50)   Evacuate Collection Set: 12.6ms
[2026-01-28T10:12:55.712+0000][gc,phases   ] GC(50)   Post Evacuate Collection Set: 0.7ms
[2026-01-28T10:12:55.712+0000][gc,phases   ] GC(50)   Other: 0.2ms
[2026-01-28T10:12:55.712+0000][gc,heap     ] GC(50) Eden regions: 605->0(605)
[2026-01-28T10:12:55.712+0000][gc,heap     ] GC(50) Survivor regions: 9->9(77)
[2026-01-28T10:12:55.712+0000][gc,heap     ] GC(50) Old regions: 24->25
[2026-01-28T10:12:55.713+0000][gc,heap     ] GC(50) Humongous regions: 1->1
[2026-01-28T10:12:55.713+0000][gc,metaspace] GC(50) Metaspace: 8757K(9024K)->8757K(9024K) NonClass: 8006K(8128K)->8006K(8128K) Class: 751K(896K)->751K(896K)
[2026-01-28T10:12:55.713+0000][gc          ] GC(50) Pause Young (Normal) (G1 Evacuation Pause) 638M->33M(1024M) 16.019ms
[2026-01-28T10:12:55.713+0000][gc,cpu      ] GC(50) User=0.14s Sys=0.00s Real=0.02s
[2026-01-28T10:13:11.256+0000][gc,start    ] GC(51) Pause Young (Normal) (G1 Evacuation Pause)
[2026-01-28T10:13:11.257+0000][gc,task     ] GC(51) Using 10 workers of 10 for evacuation
[2026-01-28T10:13:11.272+0000][gc,phases   ] GC(51)   Pre Evacuate Collection Set: 0.8ms
[2026-01-28T10:13:11.273+0000][gc,phases   ] GC(51)   Merge Heap Roots: 0.9ms
[2026-01-28T10:13:11.273+0000][gc,phases   ] GC(51)   Evacuate Collection Set: 12.4ms
[2026-01-28T10:13:11.273+0000][gc,phases   ] GC(51)   Post Evacuate Collection Set: 1.3ms
[2026-01-28T10:13:11.273+0000][gc,phases   ] GC(51)   Other: 0.3ms
[2026-01-28T10:13:11.273+0000][gc,heap     ] GC(51) Eden regions: 605->0(605)
[2026-01-28T10:13:11.273+0000][gc,heap     ] GC(51) Survivor regions: 9->9(77)
[2026-01-28T10:13:11.273+0000][gc,heap     ] GC(51) Old regions: 25->25
[2026-01-28T10:13:11.273+0000][gc,heap     ] GC(51) Humongous regions: 1->1
[2026-01-28T10:13:11.273+0000][gc,metaspace] GC(51) Metaspace: 8757K(9024K)->8757K(9024K) NonClass: 8006K(8128K)->8006K(8128K) Class: 751K(896K)->751K(896K)
[2026-01-28T10:13:11.273+0000][gc          ] GC(51) Pause Young (Normal) (G1 Evacuation Pause) 638M->34M(1024M) 17.205ms
[2026-01-28T10:13:11.273+0000][gc,cpu      ] GC(51) User=0.14s Sys=0.00s Real=0.02s
[2026-01-28T10:13:27.378+0000][gc,start    ] GC(52) Pause Young (Normal) (G1 Evacuation Pause)
[2026-01-28T10:13:27.378+0000][gc,task     ] GC(52) Using 10 workers of 10 for evacuation
[2026-01-28T10:13:27.395+0000][gc,phases   ] GC(52)   Pre Evacuate Collection Set: 0.7ms
[2026-01-28T10:13:27.395+0000][gc,phases   ] GC(52)   Merge Heap Roots: 0.4ms
[2026-01-28T10:13:27.395+0000][gc,phases   ] GC(52)   Evacuate Collection Set: 14.4ms
[2026-01-28T10:13:27.395+0000][gc,phases   ] GC(52)   Post Evacuate Collection Set: 0.8ms
[2026-01-28T10:13:27.395+0000][gc,phases   ] GC(52)   Other: 0.2ms
[2026-01-28T10:13:27.395+0000][gc,heap     ] GC(52) Eden regions: 605->0(605)
[2026-01-28T10:13:27.395+0000][gc,heap     ] GC(52) Survivor regions: 9->9(77)
[2026-01-28T10:13:27.395+0000][gc,heap     ] GC(52) Old regions: 25->26
[2026-01-28T10:13:27.395+0000][gc,heap     ] GC(52) Humongous regions: 1->1
[2026-01-28T10:13:27.395+0000][gc,metaspace] GC(52) Metaspace: 8757K(9024K)->8757K(9024K) NonClass: 8006K(8128K)->8006K(8128K) Class: 751K(896K)->751K(896K)
[2026-01-28T10:13:27.395+0000][gc          ] GC(52) Pause Young (Normal) (G1 Evacuation Pause) 639M->34M(1024M) 17.535ms
[2026-01-28T10:13:27.395+0000][gc,cpu      ] GC(52) User=0.15s Sys=0.00s Real=0.02s
[2026-01-28T10:13:43.616+0000][gc,start    ] GC(53) Pause Young (Normal) (G1 Evacuation Pause)
[2026-01-28T10:13:43.617+0000][gc,task     ] GC(53) Using 10 workers of 10 for evacuation
[2026-01-28T10:13:43.639+0000][gc,phases   ] GC(53)   Pre Evacuate Collection Set: 1.4ms
[2026-01-28T10:13:43.639+0000][gc,phases   ] GC(53)   Merge Heap Roots: 1.9ms
[2026-01-28T10:13:43.639+0000][gc,phases   ] GC(53)   Evacuate Collection Set: 16.1ms
[2026-01-28T10:13:43.639+0000][gc,phases   ] GC(53)   Post Evacuate Collection Set: 1.9ms
[2026-01-28T10:13:43.639+0000][gc,phases   ] GC(53)   Other: 0.3ms
[2026-01-28T10:13:43.639+0000][gc,heap     ] GC(53) Eden regions: 605->0(606)
[2026-01-28T10:13:43.639+0000][gc,heap     ] GC(53) Survivor regions: 9->8(77)
[2026-01-28T10:13:43.639+0000][gc,heap     ] GC(53) Old regions: 26->27
[2026-01-28T10:13:43.639+0000][gc,heap     ] GC(53) Humongous regions: 1->1
[2026-01-28T10:13:43.639+0000][gc,metaspace] GC(53) Metaspace: 8757K(9024K)->8757K(9024K) NonClass: 8006K(8128K)->8006K(8128K) Class: 751K(896K)->751K(896K)
[2026-01-28T10:13:43.639+0000][gc          ] GC(53) Pause Young (Normal) (G1 Evacuation Pause) 639M->35M(1024M) 22.920ms
[2026-01-28T10:13:43.639+0000][gc,cpu      ] GC(53) User=0.19s Sys=0.00s Real=0.02s
[2026-01-28T10:14:00.616+0000][gc,start    ] GC(54) Pause Young (Normal) (G1 Evacuation Pause)
[2026-01-28T10:14:00.617+0000][gc,task     ] GC(54) Using 10 workers of 10 for evacuation
[2026-01-28T10:14:00.637+0000][gc,phases   ] GC(54)   Pre Evacuate Collection Set: 1.2ms
[2026-01-28T10:14:00.637+0000][gc,phases   ] GC(54)   Merge Heap Roots: 2.0ms
[2026-01-28T10:14:00.637+0000][gc,phases   ] GC(54)   Evacuate Collection Set: 14.2ms
[2026-01-28T10:14:00.637+0000][gc,phases   ] GC(54)   Post Evacuate Collection Set: 2.1ms
[2026-01-28T10:14:00.637+0000][gc,phases   ] GC(54)   Other: 0.5ms
[2026-01-28T10:14:00.637+0000][gc,heap     ] GC(54) Eden regions: 606->0(605)
[2026-01-28T10:14:00.637+0000][gc,heap     ] GC(54) Survivor regions: 8->9(77)
[2026-01-28T10:14:00.637+0000][gc,heap     ] GC(54) Old regions: 27->27
[2026-01-28T10:14:00.637+0000][gc,heap     ] GC(54) Humongous regions: 1->1
[2026-01-28T10:14:00.638+0000][gc,metaspace] GC(54) Metaspace: 8757K(9024K)->8757K(9024K) NonClass: 8006K(8128K)->8006K(8128K) Class: 751K(896K)->751K(896K)
[2026-01-28T10:14:00.638+0000][gc          ] GC(54) Pause Young (Normal) (G1 Evacuation Pause) 641M->36M(1024M) 21.841ms
[2026-01-28T10:14:00.638+0000][gc,cpu      ] GC(54) User=0.17s Sys=0.00s Real=0.02s
[2026-01-28T10:14:17.001+0000][gc,start    ] GC(55) Pause Young (Normal) (G1 Evacuation Pause)
[2026-01-28T10:14:17.003+0000][gc,task     ] GC(55) Using 10 workers of 10 for evacuation
[2026-01-28T10:14:17.013+0000][gc,phases   ] GC(55)   Pre Evacuate Collection Set: 0.8ms
[2026-01-28T10:14:17.013+0000][gc,phases   ] GC(55)   Merge Heap Roots: 0.5ms
[2026-01-28T10:14:17.013+0000][gc,phases   ] GC(55)   Evacuate Collection Set: 7.6ms
[2026-01-28T10:14:17.013+0000][gc,phases   ] GC(55)   Post Evacuate Collection Set: 0.8ms
[2026-01-28T10:14:17.013+0000][gc,phases   ] GC(55)   Other: 0.4ms
[2026-01-28T10:14:17.013+0000][gc,heap     ] GC(55) Eden regions: 605->0(605)
[2026-01-28T10:14:17.013+0000][gc,heap     ] GC(55) Survivor regions: 9->9(77)
[2026-01-28T10:14:17.013+0000][gc,heap     ] GC(55) Old regions: 27->28
[2026-01-28T10:14:17.013+0000][gc,heap     ] GC(55) Humongous regions: 1->1
[2026-01-28T10:14:17.013+0000][gc,metaspace] GC(55) Metaspace: 8757K(9024K)->8757K(9024K) NonClass: 8006K(8128K)->8006K(8128K) Class: 751K(896K)->751K(896K)
[2026-01-28T10:14:17.013+0000][gc          ] GC(55) Pause Young (Normal) (G1 Evacuation Pause) 641M->36M(1024M) 11.595ms
[2026-01-28T10:14:17.013+0000][gc,cpu      ] GC(55) User=0.08s Sys=0.01s Real=0.02s
[2026-01-28T10:14:32.816+0000][gc,start    ] GC(56) Pause Young (Normal) (G1 Evacuation Pause)
[2026-01-28T10:14:32.817+0000][gc,task     ] GC(56) Using 10 workers of 10 for evacuation
[2026-01-28T10:14:32.831+0000][gc,phases   ] GC(56)   Pre Evacuate Collection Set: 0.6ms
[2026-01-28T10:14:32.831+0000][gc,phases   ] GC(56)   Merge Heap Roots: 0.3ms
[2026-01-28T10:14:32.831+0000][gc,phases   ] GC(56)   Evacuate Collection Set: 11.6ms
[2026-01-28T10:14:32.831+0000][gc,phases   ] GC(56)   Post Evacuate Collection Set: 0.8ms
[2026-01-28T10:14:32.831+0000][gc,phases   ] GC(56)   Other: 0.2ms
[2026-01-28T10:14:32.831+0000][gc,heap     ] GC(56) Eden regions: 605->0(605)
[2026-01-28T10:14:32.831+0000][gc,heap     ] GC(56) Survivor regions: 9->9(77)
[2026-01-28T10:14:32.831+0000][gc,heap     ] GC(56) Old regions: 28->28
[2026-01-28T10:14:32.831+0000][gc,heap     ] GC(56) Humongous regions: 1->1
[2026-01-28T10:14:32.831+0000][gc,metaspace] GC(56) Metaspace: 8757K(9024K)->8757K(9024K) NonClass: 8006K(8128K)->8006K(8128K) Class: 751K(896K)->751K(896K)
[2026-01-28T10:14:32.831+0000][gc          ] GC(56) Pause Young (Normal) (G1 Evacuation Pause) 641M->36M(1024M) 14.958ms
[2026-01-28T10:14:32.831+0000][gc,cpu      ] GC(56) User=0.12s Sys=0.00s Real=0.01s
[2026-01-28T10:14:48.855+0000][gc,start    ] GC(57) Pause Young (Normal) (G1 Evacuation Pause)
[2026-01-28T10:14:48.856+0000][gc,task     ] GC(57) Using 10 workers of 10 for evacuation
[2026-01-28T10:14:48.883+0000][gc,phases   ] GC(57)   Pre Evacuate Collection Set: 1.8ms
[2026-01-28T10:14:48.883+0000][gc,phases   ] GC(57)   Merge Heap Roots: 0.5ms
[2026-01-28T10:14:48.884+0000][gc,phases   ] GC(57)   Evacuate Collection Set: 22.4ms
[2026-01-28T10:14:48.884+0000][gc,phases   ] GC(57)   Post Evacuate Collection Set: 1.8ms
[2026-01-28T10:14:48.884+0000][gc,phases   ] GC(57)   Other: 0.5ms
[2026-01-28T10:14:48.884+0000][gc,heap     ] GC(57) Eden regions: 605->0(605)
[2026-01-28T10:14:48.884+0000][gc,heap     ] GC(57) Survivor regions: 9->9(77)
[2026-01-28T10:14:48.884+0000][gc,heap     ] GC(57) Old regions: 28->29
[2026-01-28T10:14:48.884+0000][gc,heap     ] GC(57) Humongous regions: 1->1
[2026-01-28T10:14:48.884+0000][gc,metaspace] GC(57) Metaspace: 8757K(9024K)->8757K(9024K) NonClass: 8006K(8128K)->8006K(8128K) Class: 751K(896K)->751K(896K)
[2026-01-28T10:14:48.884+0000][gc          ] GC(57) Pause Young (Normal) (G1 Evacuation Pause) 641M->37M(1024M) 29.185ms
[2026-01-28T10:14:48.884+0000][gc,cpu      ] GC(57) User=0.24s Sys=0.00s Real=0.03s
[2026-01-28T10:15:04.461+0000][gc,start    ] GC(58) Pause Young (Normal) (G1 Evacuation Pause)
[2026-01-28T10:15:04.462+0000][gc,task     ] GC(58) Using 10 workers of 10 for evacuation
[2026-01-28T10:15:04.476+0000][gc,phases   ] GC(58)   Pre Evacuate Collection Set: 0.8ms
[2026-01-28T10:15:04.476+0000][gc,phases   ] GC(58)   Merge Heap Roots: 0.3ms
[2026-01-28T10:15:04.477+0000][gc,phases   ] GC(58)   Evacuate Collection Set: 11.2ms
[2026-01-28T10:15:04.477+0000][gc,phases   ] GC(58)   Post Evacuate Collection Set: 1.3ms
[2026-01-28T10:15:04.477+0000][gc,phases   ] GC(58)   Other: 0.2ms
[2026-01-28T10:15:04.477+0000][gc,heap     ] GC(58) Eden regions: 605->0(605)
[2026-01-28T10:15:04.477+0000][gc,heap     ] GC(58) Survivor regions: 9->9(77)
[2026-01-28T10:15:04.477+0000][gc,heap     ] GC(58) Old regions: 29->29
[2026-01-28T10:15:04.477+0000][gc,heap     ] GC(58) Humongous regions: 1->1
[2026-01-28T10:15:04.477+0000][gc,metaspace] GC(58) Metaspace: 8758K(9024K)->8758K(9024K) NonClass: 8006K(8128K)->8006K(8128K) Class: 752K(896K)->752K(896K)
[2026-01-28T10:15:04.477+0000][gc          ] GC(58) Pause Young (Normal) (G1 Evacuation Pause) 642M->38M(1024M) 15.378ms
[2026-01-28T10:15:04.477+0000][gc,cpu      ] GC(58) User=0.12s Sys=0.01s Real=0.02s
[2026-01-28T10:15:19.893+0000][gc,start    ] GC(59) Pause Young (Normal) (G1 Evacuation Pause)
[2026-01-28T10:15:19.894+0000][gc,task     ] GC(59) Using 10 workers of 10 for evacuation
[2026-01-28T10:15:19.908+0000][gc,phases   ] GC(59)   Pre Evacuate Collection Set: 0.7ms
[2026-01-28T10:15:19.908+0000][gc,phases   ] GC(59)   Merge Heap Roots: 0.4ms
[2026-01-28T10:15:19.908+0000][gc,phases   ] GC(59)   Evacuate Collection Set: 11.9ms
[2026-01-28T10:15:19.908+0000][gc,phases   ] GC(59)   Post Evacuate Collection Set: 1.3ms
[2026-01-28T10:15:19.908+0000][gc,phases   ] GC(59)   Other: 0.2ms
[2026-01-28T10:15:19.908+0000][gc,heap     ] GC(59) Eden regions: 605->0(605)
[2026-01-28T10:15:19.908+0000][gc,heap     ] GC(59) Survivor regions: 9->9(77)
[2026-01-28T10:15:19.909+0000][gc,heap     ] GC(59) Old regions: 29->30
[2026-01-28T10:15:19.909+0000][gc,heap     ] GC(59) Humongous regions: 1->1
[2026-01-28T10:15:19.909+0000][gc,metaspace] GC(59) Metaspace: 8758K(9024K)->8758K(9024K) NonClass: 8006K(8128K)->8006K(8128K) Class: 752K(896K)->752K(896K)
[2026-01-28T10:15:19.909+0000][gc          ] GC(59) Pause Young (Normal) (G1 Evacuation Pause) 643M->38M(1024M) 15.830ms
[2026-01-28T10:15:19.909+0000][gc,cpu      ] GC(59) User=0.12s Sys=0.00s Real=0.01s
[2026-01-28T10:15:36.130+0000][gc,start    ] GC(60) Pause Young (Normal) (G1 Evacuation Pause)
[2026-01-28T10:15:36.131+0000][gc,task     ] GC(60) Using 10 workers of 10 for evacuation
[2026-01-28T10:15:36.150+0000][gc,phases   ] GC(60)   Pre Evacuate Collection Set: 0.7ms
[2026-01-28T10:15:36.150+0000][gc,phases   ] GC(60)   Merge Heap Roots: 0.3ms
[2026-01-28T10:15:36.150+0000][gc,phases   ] GC(60)   Evacuate Collection Set: 15.8ms
[2026-01-28T10:15:36.150+0000][gc,phases   ] GC(60)   Post Evacuate Collection Set: 1.7ms
[2026-01-28T10:15:36.150+0000][gc,phases   ] GC(60)   Other: 0.2ms
[2026-01-28T10:15:36.150+0000][gc,heap     ] GC(60) Eden regions: 605->0(605)
[2026-01-28T10:15:36.150+0000][gc,heap     ] GC(60) Survivor regions: 9->9(77)
[2026-01-28T10:15:36.150+0000][gc,heap     ] GC(60) Old regions: 30->31
[2026-01-28T10:15:36.150+0000][gc,heap     ] GC(60) Humongous regions: 1->1
[2026-01-28T10:15:36.150+0000][gc,metaspace] GC(60) Metaspace: 8759K(9024K)->8759K(9024K) NonClass: 8007K(8128K)->8007K(8128K) Class: 752K(896K)->752K(896K)
[2026-01-28T10:15:36.150+0000][gc          ] GC(60) Pause Young (Normal) (G1 Evacuation Pause) 643M->39M(1024M) 20.286ms
[2026-01-28T10:15:36.150+0000][gc,cpu      ] GC(60) User=0.16s Sys=0.00s Real=0.02s
[2026-01-28T10:15:52.305+0000][gc,start    ] GC(61) Pause Young (Normal) (G1 Evacuation Pause)
[2026-01-28T10:15:52.306+0000][gc,task     ] GC(61) Using 10 workers of 10 for evacuation
[2026-01-28T10:15:52.328+0000][gc,phases   ] GC(61)   Pre Evacuate Collection Set: 0.7ms
[2026-01-28T10:15:52.328+0000][gc,phases   ] GC(61)   Merge Heap Roots: 0.4ms
[2026-01-28T10:15:52.328+0000][gc,phases   ] GC(61)   Evacuate Collection Set: 18.3ms
[2026-01-28T10:15:52.328+0000][gc,phases   ] GC(61)   Post Evacuate Collection Set: 2.4ms
[2026-01-28T10:15:52.328+0000][gc,phases   ] GC(61)   Other: 0.2ms
[2026-01-28T10:15:52.328+0000][gc,heap     ] GC(61) Eden regions: 605->0(605)
[2026-01-28T10:15:52.328+0000][gc,heap     ] GC(61) Survivor regions: 9->9(77)
[2026-01-28T10:15:52.328+0000][gc,heap     ] GC(61) Old regions: 31->31
[2026-01-28T10:15:52.328+0000][gc,heap     ] GC(61) Humongous regions: 1->1
[2026-01-28T10:15:52.328+0000][gc,metaspace] GC(61) Metaspace: 8759K(9024K)->8759K(9024K) NonClass: 8007K(8128K)->8007K(8128K) Class: 752K(896K)->752K(896K)
[2026-01-28T10:15:52.328+0000][gc          ] GC(61) Pause Young (Normal) (G1 Evacuation Pause) 644M->39M(1024M) 22.767ms
[2026-01-28T10:15:52.328+0000][gc,cpu      ] GC(61) User=0.20s Sys=0.00s Real=0.02s
[2026-01-28T10:16:08.177+0000][gc,start    ] GC(62) Pause Young (Normal) (G1 Evacuation Pause)
[2026-01-28T10:16:08.178+0000][gc,task     ] GC(62) Using 10 workers of 10 for evacuation
[2026-01-28T10:16:08.193+0000][gc,phases   ] GC(62)   Pre Evacuate Collection Set: 0.8ms
[2026-01-28T10:16:08.193+0000][gc,phases   ] GC(62)   Merge Heap Roots: 0.4ms
[2026-01-28T10:16:08.193+0000][gc,phases   ] GC(62)   Evacuate Collection Set: 12.9ms
[2026-01-28T10:16:08.193+0000][gc,phases   ] GC(62)   Post Evacuate Collection Set: 1.1ms
[2026-01-28T10:16:08.194+0000][gc,phases   ] GC(62)   Other: 0.2ms
[2026-01-28T10:16:08.194+0000][gc,heap     ] GC(62) Eden regions: 605->0(605)
[2026-01-28T10:16:08.194+0000][gc,heap     ] GC(62) Survivor regions: 9->9(77)
[2026-01-28T10:16:08.194+0000][gc,heap     ] GC(62) Old regions: 31->32
[2026-01-28T10:16:08.194+0000][gc,heap     ] GC(62) Humongous regions: 1->1
[2026-01-28T10:16:08.194+0000][gc,metaspace] GC(62) Metaspace: 8759K(9024K)->8759K(9024K) NonClass: 8007K(8128K)->8007K(8128K) Class: 752K(896K)->752K(896K)
[2026-01-28T10:16:08.194+0000][gc          ] GC(62) Pause Young (Normal) (G1 Evacuation Pause) 644M->40M(1024M) 16.859ms
[2026-01-28T10:16:08.194+0000][gc,cpu      ] GC(62) User=0.14s Sys=0.00s Real=0.02s
[2026-01-28T10:16:24.481+0000][gc,start    ] GC(63) Pause Young (Normal) (G1 Evacuation Pause)
[2026-01-28T10:16:24.483+0000][gc,task     ] GC(63) Using 10 workers of 10 for evacuation
[2026-01-28T10:16:24.501+0000][gc,phases   ] GC(63)   Pre Evacuate Collection Set: 1.1ms
[2026-01-28T10:16:24.501+0000][gc,phases   ] GC(63)   Merge Heap Roots: 0.7ms
[2026-01-28T10:16:24.501+0000][gc,phases   ] GC(63)   Evacuate Collection Set: 14.7ms
[2026-01-28T10:16:24.501+0000][gc,phases   ] GC(63)   Post Evacuate Collection Set: 1.6ms
[2026-01-28T10:16:24.501+0000][gc,phases   ] GC(63)   Other: 0.3ms
[2026-01-28T10:16:24.501+0000][gc,heap     ] GC(63) Eden regions: 605->0(605)
[2026-01-28T10:16:24.501+0000][gc,heap     ] GC(63) Survivor regions: 9->9(77)
[2026-01-28T10:16:24.501+0000][gc,heap     ] GC(63) Old regions: 32->32
[2026-01-28T10:16:24.501+0000][gc,heap     ] GC(63) Humongous regions: 1->1
[2026-01-28T10:16:24.501+0000][gc,metaspace] GC(63) Metaspace: 8760K(9024K)->8760K(9024K) NonClass: 8007K(8128K)->8007K(8128K) Class: 752K(896K)->752K(896K)
[2026-01-28T10:16:24.502+0000][gc          ] GC(63) Pause Young (Normal) (G1 Evacuation Pause) 645M->41M(1024M) 20.228ms
[2026-01-28T10:16:24.502+0000][gc,cpu      ] GC(63) User=0.15s Sys=0.00s Real=0.02s
