[2026-01-28T10:16:29.311+0000][gc,init] CardTable entry size: 512
[2026-01-28T10:16:29.312+0000][gc     ] Using G1
[2026-01-28T10:16:29.320+0000][gc,init] Version: 21.0.4+7-LTS (release)
[2026-01-28T10:16:29.322+0000][gc,init] CPUs: 12 total, 12 available
[2026-01-28T10:16:29.322+0000][gc,init] Memory: 7837M
[2026-01-28T10:16:29.322+0000][gc,init] Large Page Support: Disabled
[2026-01-28T10:16:29.322+0000][gc,init] NUMA Support: Disabled
[2026-01-28T10:16:29.322+0000][gc,init] Compressed Oops: Enabled (32-bit)
[2026-01-28T10:16:29.322+0000][gc,init] Heap Region Size: 1M
[2026-01-28T10:16:29.322+0000][gc,init] Heap Min Capacity: 1G
[2026-01-28T10:16:29.323+0000][gc,init] Heap Initial Capacity: 1G
[2026-01-28T10:16:29.323+0000][gc,init] Heap Max Capacity: 1G
[2026-01-28T10:16:29.323+0000][gc,init] Pre-touch: Disabled
[2026-01-28T10:16:29.324+0000][gc,init] Parallel Workers: 10
[2026-01-28T10:16:29.324+0000][gc,init] Concurrent Workers: 3
[2026-01-28T10:16:29.324+0000][gc,init] Concurrent Refinement Workers: 10
[2026-01-28T10:16:29.324+0000][gc,init] Periodic GC: Disabled
[2026-01-28T10:16:29.355+0000][gc,metaspace] CDS archive(s) mapped at: [0x000000b000000000-0x000000b000bd0000-0x000000b0036b0000), size 57344000, SharedBaseAddress: 0x000000b000000000, ArchiveRelocationMode: 1.
[2026-01-28T10:16:29.355+0000][gc,metaspace] Compressed class space mapped at: 0x000000b004000000-0x000000b044000000, reserved size: 1073741824
[2026-01-28T10:16:29.356+0000][gc,metaspace] Narrow klass base: 0x000000b000000000, Narrow klass shift: 0, Narrow klass range: 0x100000000
[2026-01-28T10:16:31.433+0000][gc,start    ] GC(0) Pause Young (Normal) (G1 Evacuation Pause)
[2026-01-28T10:16:31.435+0000][gc,task     ] GC(0) Using 10 workers of 10 for evacuation
[2026-01-28T10:16:31.440+0000][gc,phases   ] GC(0)   Pre Evacuate Collection Set: 0.4ms
[2026-01-28T10:16:31.440+0000][gc,phases   ] GC(0)   Merge Heap Roots: 0.1ms
[2026-01-28T10:16:31.440+0000][gc,phases   ] GC(0)   Evacuate Collection Set: 3.5ms
[2026-01-28T10:16:31.440+0000][gc,phases   ] GC(0)   Post Evacuate Collection Set: 0.8ms
[2026-01-28T10:16:31.440+0000][gc,phases   ] GC(0)   Other: 1.0ms
[2026-01-28T10:16:31.440+0000][gc,heap     ] GC(0) Eden regions: 51->0(44)
[2026-01-28T10:16:31.440+0000][gc,heap     ] GC(0) Survivor regions: 0->7(7)
[2026-01-28T10:16:31.440+0000][gc,heap     ] GC(0) Old regions: 1->7
[2026-01-28T10:16:31.440+0000][gc,heap     ] GC(0) Humongous regions: 1->1
[2026-01-28T10:16:31.440+0000][gc,metaspace] GC(0) Metaspace: 5721K(5952K)->5721K(5952K) NonClass: 5045K(5184K)->5045K(5184K) Class: 676K(768K)->676K(768K)
[2026-01-28T10:16:31.440+0000][gc          ] GC(0) Pause Young (Normal) (G1 Evacuation Pause) 52M->14M(1024M) 6.874ms
[2026-01-28T10:16:31.440+0000][gc,cpu      ] GC(0) User=0.03s Sys=0.01s Real=0.00s
[2026-01-28T10:16:32.609+0000][gc,start    ] GC(1) Pause Young (Normal) (G1 Evacuation Pause)
[2026-01-28T10:16:32.609+0000][gc,task     ] GC(1) Using 10 workers of 10 for evacuation
[2026-01-28T10:16:32.614+0000][gc,phases   ] GC(1)   Pre Evacuate Collection Set: 0.3ms
[2026-01-28T10:16:32.614+0000][gc,phases   ] GC(1)   Merge Heap Roots: 0.1ms
[2026-01-28T10:16:32.614+0000][gc,phases   ] GC(1)   Evacuate Collection Set: 3.4ms
[2026-01-28T10:16:32.614+0000][gc,phases   ] GC(1)   Post Evacuate Collection Set: 0.6ms
[2026-01-28T10:16:32.614+0000][gc,phases   ] GC(1)   Other: 0.2ms
[2026-01-28T10:16:32.614+0000][gc,heap     ] GC(1) Eden regions: 44->0(68)
[2026-01-28T10:16:32.614+0000][gc,heap     ] GC(1) Survivor regions: 7->2(7)
[2026-01-28T10:16:32.614+0000][gc,heap     ] GC(1) Old regions: 7->14
[2026-01-28T10:16:32.614+0000][gc,heap     ] GC(1) Humongous regions: 1->1
[2026-01-28T10:16:32.614+0000][gc,metaspace] GC(1) Metaspace: 7124K(7360K)->7124K(7360K) NonClass: 6408K(6528K)->6408K(6528K) Class: 715K(832K)->715K(832K)
[2026-01-28T10:16:32.615+0000][gc          ] GC(1) Pause Young (Normal) (G1 Evacuation Pause) 58M->16M(1024M) 5.191ms
[2026-01-28T10:16:32.615+0000][gc,cpu      ] GC(1) User=0.03s Sys=0.00s Real=0.01s
[2026-01-28T10:16:33.885+0000][gc,start    ] GC(2) Pause Young (Normal) (G1 Evacuation Pause)
[2026-01-28T10:16:33.885+0000][gc,task     ] GC(2) Using 10 workers of 10 for evacuation
[2026-01-28T10:16:33.888+0000][gc,phases   ] GC(2)   Pre Evacuate Collection Set: 0.4ms
[2026-01-28T10:16:33.888+0000][gc,phases   ] GC(2)   Merge Heap Roots: 0.1ms
[2026-01-28T10:16:33.888+0000][gc,phases   ] GC(2)   Evacuate Collection Set: 1.8ms
[2026-01-28T10:16:33.888+0000][gc,phases   ] GC(2)   Post Evacuate Collection Set: 0.4ms
[2026-01-28T10:16:33.888+0000][gc,phases   ] GC(2)   Other: 0.2ms
[2026-01-28T10:16:33.888+0000][gc,heap     ] GC(2) Eden regions: 79->0(612)
[2026-01-28T10:16:33.888+0000][gc,heap     ] GC(2) Survivor regions: 2->2(11)
[2026-01-28T10:16:33.888+0000][gc,heap     ] GC(2) Old regions: 14->14
[2026-01-28T10:16:33.888+0000][gc,heap     ] GC(2) Humongous regions: 1->1
[2026-01-28T10:16:33.888+0000][gc,metaspace] GC(2) Metaspace: 7155K(7360K)->7155K(7360K) NonClass: 6433K(6528K)->6433K(6528K) Class: 722K(832K)->722K(832K)
[2026-01-28T10:16:33.888+0000][gc          ] GC(2) Pause Young (Normal) (G1 Evacuation Pause) 95M->16M(1024M) 3.534ms
[2026-01-28T10:16:33.888+0000][gc,cpu      ] GC(2) User=0.02s Sys=0.00s Real=0.00s
[2026-01-28T10:16:42.658+0000][gc,start    ] GC(3) Pause Young (Normal) (G1 Evacuation Pause)
[2026-01-28T10:16:42.659+0000][gc,task     ] GC(3) Using 10 workers of 10 for evacuation
[2026-01-28T10:16:42.670+0000][gc,phases   ] GC(3)   Pre Evacuate Collection Set: 1.1ms
[2026-01-28T10:16:42.670+0000][gc,phases   ] GC(3)   Merge Heap Roots: 0.3ms
[2026-01-28T10:16:42.670+0000][gc,phases   ] GC(3)   Evacuate Collection Set: 8.6ms
[2026-01-28T10:16:42.670+0000][gc,phases   ] GC(3)   Post Evacuate Collection Set: 0.8ms
[2026-01-28T10:16:42.670+0000][gc,phases   ] GC(3)   Other: 0.7ms
[2026-01-28T10:16:42.670+0000][gc,heap     ] GC(3) Eden regions: 612->0(610)
[2026-01-28T10:16:42.671+0000][gc,heap     ] GC(3) Survivor regions: 2->4(77)
[2026-01-28T10:16:42.671+0000][gc,heap     ] GC(3) Old regions: 14->14
[2026-01-28T10:16:42.671+0000][gc,heap     ] GC(3) Humongous regions: 1->1
[2026-01-28T10:16:42.671+0000][gc,metaspace] GC(3) Metaspace: 7209K(7424K)->7209K(7424K) NonClass: 6483K(6592K)->6483K(6592K) Class: 725K(832K)->725K(832K)
[2026-01-28T10:16:42.671+0000][gc          ] GC(3) Pause Young (Normal) (G1 Evacuation Pause) 628M->17M(1024M) 12.280ms
[2026-01-28T10:16:42.671+0000][gc,cpu      ] GC(3) User=0.08s Sys=0.02s Real=0.02s
[2026-01-28T10:16:50.352+0000][gc,start    ] GC(4) Pause Young (Normal) (G1 Evacuation Pause)
[2026-01-28T10:16:50.352+0000][gc,task     ] GC(4) Using 10 workers of 10 for evacuation
[2026-01-28T10:16:50.366+0000][gc,phases   ] GC(4)   Pre Evacuate Collection Set: 0.8ms
[2026-01-28T10:16:50.367+0000][gc,phases   ] GC(4)   Merge Heap Roots: 0.3ms
[2026-01-28T10:16:50.367+0000][gc,phases   ] GC(4)   Evacuate Collection Set: 10.1ms
[2026-01-28T10:16:50.367+0000][gc,phases   ] GC(4)   Post Evacuate Collection Set: 1.9ms
[2026-01-28T10:16:50.368+0000][gc,phases   ] GC(4)   Other: 0.8ms
[2026-01-28T10:16:50.368+0000][gc,heap     ] GC(4) Eden regions: 610->0(610)
[2026-01-28T10:16:50.368+0000][gc,heap     ] GC(4) Survivor regions: 4->4(77)
[2026-01-28T10:16:50.368+0000][gc,heap     ] GC(4) Old regions: 14->14
[2026-01-28T10:16:50.369+0000][gc,heap     ] GC(4) Humongous regions: 1->1
[2026-01-28T10:16:50.369+0000][gc,metaspace] GC(4) Metaspace: 7268K(7488K)->7268K(7488K) NonClass: 6542K(6656K)->6542K(6656K) Class: 725K(832K)->725K(832K)
[2026-01-28T10:16:50.376+0000][gc          ] GC(4) Pause Young (Normal) (G1 Evacuation Pause) 627M->18M(1024M) 19.654ms
[2026-01-28T10:16:50.381+0000][gc,cpu      ] GC(4) User=0.10s Sys=0.01s Real=0.03s
[2026-01-28T10:17:07.033+0000][gc,start    ] GC(5) Pause Young (Normal) (G1 Evacuation Pause)
[2026-01-28T10:17:07.033+0000][gc,task     ] GC(5) Using 10 workers of 10 for evacuation
[2026-01-28T10:17:07.039+0000][gc,phases   ] GC(5)   Pre Evacuate Collection Set: 0.7ms
[2026-01-28T10:17:07.039+0000][gc,phases   ] GC(5)   Merge Heap Roots: 0.2ms
[2026-01-28T10:17:07.040+0000][gc,phases   ] GC(5)   Evacuate Collection Set: 4.3ms
[2026-01-28T10:17:07.040+0000][gc,phases   ] GC(5)   Post Evacuate Collection Set: 0.7ms
[2026-01-28T10:17:07.040+0000][gc,phases   ] GC(5)   Other: 0.2ms
[2026-01-28T10:17:07.040+0000][gc,heap     ] GC(5) Eden regions: 610->0(609)
[2026-01-28T10:17:07.040+0000][gc,heap     ] GC(5) Survivor regions: 4->5(77)
[2026-01-28T10:17:07.040+0000][gc,heap     ] GC(5) Old regions: 14->14
[2026-01-28T10:17:07.040+0000][gc,heap     ] GC(5) Humongous regions: 1->1
[2026-01-28T10:17:07.040+0000][gc,metaspace] GC(5) Metaspace: 7334K(7552K)->7334K(7552K) NonClass: 6606K(6720K)->6606K(6720K) Class: 728K(832K)->728K(832K)
[2026-01-28T10:17:07.040+0000][gc          ] GC(5) Pause Young (Normal) (G1 Evacuation Pause) 628M->18M(1024M) 6.834ms
[2026-01-28T10:17:07.040+0000][gc,cpu      ] GC(5) User=0.04s Sys=0.01s Real=0.00s
[2026-01-28T10:17:15.027+0000][gc,start    ] GC(6) Pause Young (Normal) (G1 Evacuation Pause)
[2026-01-28T10:17:15.027+0000][gc,task     ] GC(6) Using 10 workers of 10 for evacuation
[2026-01-28T10:17:15.039+0000][gc,phases   ] GC(6)   Pre Evacuate Collection Set: 0.8ms
[2026-01-28T10:17:15.039+0000][gc,phases   ] GC(6)   Merge Heap Roots: 0.2ms
[2026-01-28T10:17:15.039+0000][gc,phases   ] GC(6)   Evacuate Collection Set: 8.5ms
[2026-01-28T10:17:15.039+0000][gc,phases   ] GC(6)   Post Evacuate Collection Set: 1.8ms
[2026-01-28T10:17:15.040+0000][gc,phases   ] GC(6)   Other: 0.5ms
[2026-01-28T10:17:15.040+0000][gc,heap     ] GC(6) Eden regions: 609->0(609)
[2026-01-28T10:17:15.040+0000][gc,heap     ] GC(6) Survivor regions: 5->5(77)
[2026-01-28T10:17:15.040+0000][gc,heap     ] GC(6) Old regions: 14->14
[2026-01-28T10:17:15.040+0000][gc,heap     ] GC(6) Humongous regions: 1->1
[2026-01-28T10:17:15.040+0000][gc,metaspace] GC(6) Metaspace: 7392K(7616K)->7392K(7616K) NonClass: 6663K(6784K)->6663K(6784K) Class: 728K(832K)->728K(832K)
[2026-01-28T10:17:15.040+0000][gc          ] GC(6) Pause Young (Normal) (G1 Evacuation Pause) 627M->18M(1024M) 13.425ms
[2026-01-28T10:17:15.041+0000][gc,cpu      ] GC(6) User=0.08s Sys=0.01s Real=0.02s
[2026-01-28T10:17:23.285+0000][gc,start    ] GC(7) Pause Young (Normal) (G1 Evacuation Pause)
[2026-01-28T10:17:23.286+0000][gc,task     ] GC(7) Using 10 workers of 10 for evacuation
[2026-01-28T10:17:23.307+0000][gc,phases   ] GC(7)   Pre Evacuate Collection Set: 1.1ms
[2026-01-28T10:17:23.307+0000][gc,phases   ] GC(7)   Merge Heap Roots: 0.3ms
[2026-01-28T10:17:23.307+0000][gc,phases   ] GC(7)   Evacuate Collection Set: 18.7ms
[2026-01-28T10:17:23.307+0000][gc,phases   ] GC(7)   Post Evacuate Collection Set: 1.0ms
[2026-01-28T10:17:23.307+0000][gc,phases   ] GC(7)   Other: 0.2ms
[2026-01-28T10:17:23.307+0000][gc,heap     ] GC(7) Eden regions: 609->0(609)
[2026-01-28T10:17:23.307+0000][gc,heap     ] GC(7) Survivor regions: 5->5(77)
[2026-01-28T10:17:23.307+0000][gc,heap     ] GC(7) Old regions: 14->14
[2026-01-28T10:17:23.307+0000][gc,heap     ] GC(7) Humongous regions: 1->1
[2026-01-28T10:17:23.307+0000][gc,metaspace] GC(7) Metaspace: 7432K(7616K)->7432K(7616K) NonClass: 6704K(6784K)->6704K(6784K) Class: 728K(832K)->728K(832K)
[2026-01-28T10:17:23.307+0000][gc          ] GC(7) Pause Young (Normal) (G1 Evacuation Pause) 627M->18M(1024M) 21.988ms
[2026-01-28T10:17:23.307+0000][gc,cpu      ] GC(7) User=0.16s Sys=0.00s Real=0.02s
