[2026-01-28T11:10:36.677+0000][gc,init] CardTable entry size: 512
[2026-01-28T11:10:36.681+0000][gc     ] Using G1
[2026-01-28T11:10:36.686+0000][gc,init] Version: 21.0.4+7-LTS (release)
[2026-01-28T11:10:36.687+0000][gc,init] CPUs: 12 total, 12 available
[2026-01-28T11:10:36.688+0000][gc,init] Memory: 7837M
[2026-01-28T11:10:36.688+0000][gc,init] Large Page Support: Disabled
[2026-01-28T11:10:36.688+0000][gc,init] NUMA Support: Disabled
[2026-01-28T11:10:36.688+0000][gc,init] Compressed Oops: Enabled (32-bit)
[2026-01-28T11:10:36.688+0000][gc,init] Heap Region Size: 1M
[2026-01-28T11:10:36.688+0000][gc,init] Heap Min Capacity: 1G
[2026-01-28T11:10:36.688+0000][gc,init] Heap Initial Capacity: 1G
[2026-01-28T11:10:36.688+0000][gc,init] Heap Max Capacity: 1G
[2026-01-28T11:10:36.688+0000][gc,init] Pre-touch: Disabled
[2026-01-28T11:10:36.688+0000][gc,init] Parallel Workers: 10
[2026-01-28T11:10:36.688+0000][gc,init] Concurrent Workers: 3
[2026-01-28T11:10:36.689+0000][gc,init] Concurrent Refinement Workers: 10
[2026-01-28T11:10:36.690+0000][gc,init] Periodic GC: Disabled
[2026-01-28T11:10:36.752+0000][gc,metaspace] CDS archive(s) mapped at: [0x000000a000000000-0x000000a000bd0000-0x000000a0036b0000), size 57344000, SharedBaseAddress: 0x000000a000000000, ArchiveRelocationMode: 1.
[2026-01-28T11:10:36.754+0000][gc,metaspace] Compressed class space mapped at: 0x000000a004000000-0x000000a044000000, reserved size: 1073741824
[2026-01-28T11:10:36.757+0000][gc,metaspace] Narrow klass base: 0x000000a000000000, Narrow klass shift: 0, Narrow klass range: 0x100000000
[2026-01-28T11:10:37.792+0000][gc,start    ] GC(0) Pause Young (Normal) (G1 Evacuation Pause)
[2026-01-28T11:10:37.803+0000][gc,task     ] GC(0) Using 10 workers of 10 for evacuation
[2026-01-28T11:10:37.818+0000][gc,phases   ] GC(0)   Pre Evacuate Collection Set: 0.5ms
[2026-01-28T11:10:37.818+0000][gc,phases   ] GC(0)   Merge Heap Roots: 0.0ms
[2026-01-28T11:10:37.818+0000][gc,phases   ] GC(0)   Evacuate Collection Set: 12.5ms
[2026-01-28T11:10:37.819+0000][gc,phases   ] GC(0)   Post Evacuate Collection Set: 0.8ms
[2026-01-28T11:10:37.819+0000][gc,phases   ] GC(0)   Other: 11.9ms
[2026-01-28T11:10:37.819+0000][gc,heap     ] GC(0) Eden regions: 51->0(44)
[2026-01-28T11:10:37.819+0000][gc,heap     ] GC(0) Survivor regions: 0->7(7)
[2026-01-28T11:10:37.819+0000][gc,heap     ] GC(0) Old regions: 1->7
[2026-01-28T11:10:37.819+0000][gc,heap     ] GC(0) Humongous regions: 1->1
[2026-01-28T11:10:37.819+0000][gc,metaspace] GC(0) Metaspace: 5506K(5760K)->5506K(5760K) NonClass: 4860K(4992K)->4860K(4992K) Class: 646K(768K)->646K(768K)
[2026-01-28T11:10:37.819+0000][gc          ] GC(0) Pause Young (Normal) (G1 Evacuation Pause) 52M->14M(1024M) 27.645ms
[2026-01-28T11:10:37.820+0000][gc,cpu      ] GC(0) User=0.02s Sys=0.01s Real=0.03s
[2026-01-28T11:10:41.619+0000][gc,start    ] GC(1) Pause Young (Normal) (G1 Evacuation Pause)
[2026-01-28T11:10:41.619+0000][gc,task     ] GC(1) Using 10 workers of 10 for evacuation
[2026-01-28T11:10:41.623+0000][gc,phases   ] GC(1)   Pre Evacuate Collection Set: 0.3ms
[2026-01-28T11:10:41.624+0000][gc,phases   ] GC(1)   Merge Heap Roots: 0.1ms
[2026-01-28T11:10:41.624+0000][gc,phases   ] GC(1)   Evacuate Collection Set: 3.5ms
[2026-01-28T11:10:41.624+0000][gc,phases   ] GC(1)   Post Evacuate Collection Set: 0.6ms
[2026-01-28T11:10:41.624+0000][gc,phases   ] GC(1)   Other: 0.1ms
[2026-01-28T11:10:41.624+0000][gc,heap     ] GC(1) Eden regions: 44->0(48)
[2026-01-28T11:10:41.624+0000][gc,heap     ] GC(1) Survivor regions: 7->5(7)
[2026-01-28T11:10:41.624+0000][gc,heap     ] GC(1) Old regions: 7->15
[2026-01-28T11:10:41.624+0000][gc,heap     ] GC(1) Humongous regions: 130->130
[2026-01-28T11:10:41.624+0000][gc,metaspace] GC(1) Metaspace: 8262K(8448K)->8262K(8448K) NonClass: 7220K(7296K)->7220K(7296K) Class: 1042K(1152K)->1042K(1152K)
[2026-01-28T11:10:41.624+0000][gc          ] GC(1) Pause Young (Normal) (G1 Evacuation Pause) 187M->149M(1024M) 5.379ms
[2026-01-28T11:10:41.624+0000][gc,cpu      ] GC(1) User=0.03s Sys=0.01s Real=0.00s
[2026-01-28T11:10:41.751+0000][gc,start    ] GC(2) Pause Young (Normal) (G1 Evacuation Pause)
[2026-01-28T11:10:41.751+0000][gc,task     ] GC(2) Using 10 workers of 10 for evacuation
[2026-01-28T11:10:41.754+0000][gc,phases   ] GC(2)   Pre Evacuate Collection Set: 0.2ms
[2026-01-28T11:10:41.754+0000][gc,phases   ] GC(2)   Merge Heap Roots: 0.1ms
[2026-01-28T11:10:41.754+0000][gc,phases   ] GC(2)   Evacuate Collection Set: 2.1ms
[2026-01-28T11:10:41.754+0000][gc,phases   ] GC(2)   Post Evacuate Collection Set: 0.4ms
[2026-01-28T11:10:41.754+0000][gc,phases   ] GC(2)   Other: 0.1ms
[2026-01-28T11:10:41.754+0000][gc,heap     ] GC(2) Eden regions: 55->0(374)
[2026-01-28T11:10:41.754+0000][gc,heap     ] GC(2) Survivor regions: 5->6(8)
[2026-01-28T11:10:41.754+0000][gc,heap     ] GC(2) Old regions: 15->15
[2026-01-28T11:10:41.754+0000][gc,heap     ] GC(2) Humongous regions: 130->130
[2026-01-28T11:10:41.754+0000][gc,metaspace] GC(2) Metaspace: 8605K(8896K)->8605K(8896K) NonClass: 7515K(7680K)->7515K(7680K) Class: 1089K(1216K)->1089K(1216K)
[2026-01-28T11:10:41.754+0000][gc          ] GC(2) Pause Young (Normal) (G1 Evacuation Pause) 204M->150M(1024M) 3.465ms
[2026-01-28T11:10:41.754+0000][gc,cpu      ] GC(2) User=0.01s Sys=0.00s Real=0.00s
[2026-01-28T11:11:01.835+0000][gc,start    ] GC(3) Pause Young (Normal) (G1 Evacuation Pause)
[2026-01-28T11:11:01.835+0000][gc,task     ] GC(3) Using 10 workers of 10 for evacuation
[2026-01-28T11:11:01.842+0000][gc,phases   ] GC(3)   Pre Evacuate Collection Set: 0.6ms
[2026-01-28T11:11:01.842+0000][gc,phases   ] GC(3)   Merge Heap Roots: 0.2ms
[2026-01-28T11:11:01.842+0000][gc,phases   ] GC(3)   Evacuate Collection Set: 4.7ms
[2026-01-28T11:11:01.842+0000][gc,phases   ] GC(3)   Post Evacuate Collection Set: 0.8ms
[2026-01-28T11:11:01.842+0000][gc,phases   ] GC(3)   Other: 0.2ms
[2026-01-28T11:11:01.842+0000][gc,heap     ] GC(3) Eden regions: 401->0(474)
[2026-01-28T11:11:01.842+0000][gc,heap     ] GC(3) Survivor regions: 6->11(51)
[2026-01-28T11:11:01.842+0000][gc,heap     ] GC(3) Old regions: 15->15
[2026-01-28T11:11:01.842+0000][gc,heap     ] GC(3) Humongous regions: 130->130
[2026-01-28T11:11:01.842+0000][gc,metaspace] GC(3) Metaspace: 11830K(12160K)->11830K(12160K) NonClass: 10334K(10496K)->10334K(10496K) Class: 1495K(1664K)->1495K(1664K)
[2026-01-28T11:11:01.842+0000][gc          ] GC(3) Pause Young (Normal) (G1 Evacuation Pause) 551M->155M(1024M) 7.420ms
[2026-01-28T11:11:01.842+0000][gc,cpu      ] GC(3) User=0.05s Sys=0.01s Real=0.01s
[2026-01-28T11:11:31.913+0000][gc,start    ] GC(4) Pause Young (Normal) (G1 Evacuation Pause)
[2026-01-28T11:11:31.913+0000][gc,task     ] GC(4) Using 10 workers of 10 for evacuation
[2026-01-28T11:11:31.920+0000][gc,phases   ] GC(4)   Pre Evacuate Collection Set: 0.6ms
[2026-01-28T11:11:31.920+0000][gc,phases   ] GC(4)   Merge Heap Roots: 0.2ms
[2026-01-28T11:11:31.920+0000][gc,phases   ] GC(4)   Evacuate Collection Set: 4.3ms
[2026-01-28T11:11:31.920+0000][gc,phases   ] GC(4)   Post Evacuate Collection Set: 0.8ms
[2026-01-28T11:11:31.920+0000][gc,phases   ] GC(4)   Other: 0.2ms
[2026-01-28T11:11:31.920+0000][gc,heap     ] GC(4) Eden regions: 478->0(603)
[2026-01-28T11:11:31.920+0000][gc,heap     ] GC(4) Survivor regions: 11->11(62)
[2026-01-28T11:11:31.920+0000][gc,heap     ] GC(4) Old regions: 15->15
[2026-01-28T11:11:31.920+0000][gc,heap     ] GC(4) Humongous regions: 130->130
[2026-01-28T11:11:31.920+0000][gc,metaspace] GC(4) Metaspace: 12271K(12608K)->12271K(12608K) NonClass: 10745K(10880K)->10745K(10880K) Class: 1525K(1728K)->1525K(1728K)
[2026-01-28T11:11:31.920+0000][gc          ] GC(4) Pause Young (Normal) (G1 Evacuation Pause) 633M->155M(1024M) 7.079ms
[2026-01-28T11:11:31.920+0000][gc,cpu      ] GC(4) User=0.03s Sys=0.01s Real=0.01s
[2026-01-28T11:12:11.836+0000][gc,start    ] GC(5) Pause Young (Normal) (G1 Evacuation Pause)
[2026-01-28T11:12:11.837+0000][gc,task     ] GC(5) Using 10 workers of 10 for evacuation
[2026-01-28T11:12:11.842+0000][gc,phases   ] GC(5)   Pre Evacuate Collection Set: 0.6ms
[2026-01-28T11:12:11.843+0000][gc,phases   ] GC(5)   Merge Heap Roots: 0.2ms
[2026-01-28T11:12:11.843+0000][gc,phases   ] GC(5)   Evacuate Collection Set: 4.0ms
[2026-01-28T11:12:11.843+0000][gc,phases   ] GC(5)   Post Evacuate Collection Set: 0.7ms
[2026-01-28T11:12:11.843+0000][gc,phases   ] GC(5)   Other: 0.2ms
[2026-01-28T11:12:11.843+0000][gc,heap     ] GC(5) Eden regions: 603->0(604)
[2026-01-28T11:12:11.843+0000][gc,heap     ] GC(5) Survivor regions: 11->10(77)
[2026-01-28T11:12:11.843+0000][gc,heap     ] GC(5) Old regions: 15->15
[2026-01-28T11:12:11.843+0000][gc,heap     ] GC(5) Humongous regions: 130->130
[2026-01-28T11:12:11.843+0000][gc,metaspace] GC(5) Metaspace: 12534K(12928K)->12534K(12928K) NonClass: 11001K(11200K)->11001K(11200K) Class: 1533K(1728K)->1533K(1728K)
[2026-01-28T11:12:11.843+0000][gc          ] GC(5) Pause Young (Normal) (G1 Evacuation Pause) 758M->154M(1024M) 6.615ms
[2026-01-28T11:12:11.843+0000][gc,cpu      ] GC(5) User=0.03s Sys=0.01s Real=0.01s
[2026-01-28T11:12:51.766+0000][gc,start    ] GC(6) Pause Young (Normal) (G1 Evacuation Pause)
[2026-01-28T11:12:51.767+0000][gc,task     ] GC(6) Using 10 workers of 10 for evacuation
[2026-01-28T11:12:51.776+0000][gc,phases   ] GC(6)   Pre Evacuate Collection Set: 1.0ms
[2026-01-28T11:12:51.776+0000][gc,phases   ] GC(6)   Merge Heap Roots: 0.1ms
[2026-01-28T11:12:51.776+0000][gc,phases   ] GC(6)   Evacuate Collection Set: 6.5ms
[2026-01-28T11:12:51.776+0000][gc,phases   ] GC(6)   Post Evacuate Collection Set: 1.1ms
[2026-01-28T11:12:51.776+0000][gc,phases   ] GC(6)   Other: 0.3ms
[2026-01-28T11:12:51.776+0000][gc,heap     ] GC(6) Eden regions: 604->0(604)
[2026-01-28T11:12:51.777+0000][gc,heap     ] GC(6) Survivor regions: 10->10(77)
[2026-01-28T11:12:51.777+0000][gc,heap     ] GC(6) Old regions: 15->15
[2026-01-28T11:12:51.777+0000][gc,heap     ] GC(6) Humongous regions: 130->130
[2026-01-28T11:12:51.777+0000][gc,metaspace] GC(6) Metaspace: 12821K(13184K)->12821K(13184K) NonClass: 11287K(11456K)->11287K(11456K) Class: 1534K(1728K)->1534K(1728K)
[2026-01-28T11:12:51.777+0000][gc          ] GC(6) Pause Young (Normal) (G1 Evacuation Pause) 758M->154M(1024M) 10.951ms
[2026-01-28T11:12:51.777+0000][gc,cpu      ] GC(6) User=0.07s Sys=0.00s Real=0.01s
[2026-01-28T11:13:31.731+0000][gc,start    ] GC(7) Pause Young (Normal) (G1 Evacuation Pause)
[2026-01-28T11:13:31.732+0000][gc,task     ] GC(7) Using 10 workers of 10 for evacuation
[2026-01-28T11:13:31.739+0000][gc,phases   ] GC(7)   Pre Evacuate Collection Set: 0.7ms
[2026-01-28T11:13:31.739+0000][gc,phases   ] GC(7)   Merge Heap Roots: 0.2ms
[2026-01-28T11:13:31.739+0000][gc,phases   ] GC(7)   Evacuate Collection Set: 5.1ms
[2026-01-28T11:13:31.739+0000][gc,phases   ] GC(7)   Post Evacuate Collection Set: 0.6ms
[2026-01-28T11:13:31.739+0000][gc,phases   ] GC(7)   Other: 0.2ms
[2026-01-28T11:13:31.739+0000][gc,heap     ] GC(7) Eden regions: 604->0(604)
[2026-01-28T11:13:31.739+0000][gc,heap     ] GC(7) Survivor regions: 10->10(77)
[2026-01-28T11:13:31.739+0000][gc,heap     ] GC(7) Old regions: 15->15
[2026-01-28T11:13:31.739+0000][gc,heap     ] GC(7) Humongous regions: 130->130
[2026-01-28T11:13:31.739+0000][gc,metaspace] GC(7) Metaspace: 12985K(13376K)->12985K(13376K) NonClass: 11443K(11584K)->11443K(11584K) Class: 1541K(1792K)->1541K(1792K)
[2026-01-28T11:13:31.739+0000][gc          ] GC(7) Pause Young (Normal) (G1 Evacuation Pause) 758M->154M(1024M) 8.017ms
[2026-01-28T11:13:31.739+0000][gc,cpu      ] GC(7) User=0.06s Sys=0.00s Real=0.01s
[2026-01-28T11:14:11.717+0000][gc,start    ] GC(8) Pause Young (Normal) (G1 Evacuation Pause)
[2026-01-28T11:14:11.718+0000][gc,task     ] GC(8) Using 10 workers of 10 for evacuation
[2026-01-28T11:14:11.727+0000][gc,phases   ] GC(8)   Pre Evacuate Collection Set: 0.7ms
[2026-01-28T11:14:11.727+0000][gc,phases   ] GC(8)   Merge Heap Roots: 0.2ms
[2026-01-28T11:14:11.727+0000][gc,phases   ] GC(8)   Evacuate Collection Set: 7.1ms
[2026-01-28T11:14:11.727+0000][gc,phases   ] GC(8)   Post Evacuate Collection Set: 0.9ms
[2026-01-28T11:14:11.727+0000][gc,phases   ] GC(8)   Other: 0.2ms
[2026-01-28T11:14:11.727+0000][gc,heap     ] GC(8) Eden regions: 604->0(605)
[2026-01-28T11:14:11.727+0000][gc,heap     ] GC(8) Survivor regions: 10->9(77)
[2026-01-28T11:14:11.727+0000][gc,heap     ] GC(8) Old regions: 15->15
[2026-01-28T11:14:11.727+0000][gc,heap     ] GC(8) Humongous regions: 130->130
[2026-01-28T11:14:11.727+0000][gc,metaspace] GC(8) Metaspace: 13075K(13440K)->13075K(13440K) NonClass: 11532K(11648K)->11532K(11648K) Class: 1542K(1792K)->1542K(1792K)
[2026-01-28T11:14:11.727+0000][gc          ] GC(8) Pause Young (Normal) (G1 Evacuation Pause) 758M->153M(1024M) 10.259ms
[2026-01-28T11:14:11.727+0000][gc,cpu      ] GC(8) User=0.07s Sys=0.00s Real=0.01s
[2026-01-28T11:14:51.715+0000][gc,start    ] GC(9) Pause Young (Normal) (G1 Evacuation Pause)
[2026-01-28T11:14:51.716+0000][gc,task     ] GC(9) Using 10 workers of 10 for evacuation
[2026-01-28T11:14:51.722+0000][gc,phases   ] GC(9)   Pre Evacuate Collection Set: 0.8ms
[2026-01-28T11:14:51.722+0000][gc,phases   ] GC(9)   Merge Heap Roots: 0.1ms
[2026-01-28T11:14:51.722+0000][gc,phases   ] GC(9)   Evacuate Collection Set: 4.4ms
[2026-01-28T11:14:51.722+0000][gc,phases   ] GC(9)   Post Evacuate Collection Set: 0.8ms
[2026-01-28T11:14:51.722+0000][gc,phases   ] GC(9)   Other: 0.1ms
[2026-01-28T11:14:51.722+0000][gc,heap     ] GC(9) Eden regions: 605->0(605)
[2026-01-28T11:14:51.722+0000][gc,heap     ] GC(9) Survivor regions: 9->9(77)
[2026-01-28T11:14:51.722+0000][gc,heap     ] GC(9) Old regions: 15->15
[2026-01-28T11:14:51.722+0000][gc,heap     ] GC(9) Humongous regions: 130->130
[2026-01-28T11:14:51.722+0000][gc,metaspace] GC(9) Metaspace: 13171K(13632K)->13171K(13632K) NonClass: 11627K(11840K)->11627K(11840K) Class: 1544K(1792K)->1544K(1792K)
[2026-01-28T11:14:51.723+0000][gc          ] GC(9) Pause Young (Normal) (G1 Evacuation Pause) 758M->153M(1024M) 7.752ms
[2026-01-28T11:14:51.723+0000][gc,cpu      ] GC(9) User=0.05s Sys=0.01s Real=0.01s
[2026-01-28T11:15:31.684+0000][gc,start    ] GC(10) Pause Young (Normal) (G1 Evacuation Pause)
[2026-01-28T11:15:31.685+0000][gc,task     ] GC(10) Using 10 workers of 10 for evacuation
[2026-01-28T11:15:31.694+0000][gc,phases   ] GC(10)   Pre Evacuate Collection Set: 0.6ms
[2026-01-28T11:15:31.694+0000][gc,phases   ] GC(10)   Merge Heap Roots: 0.2ms
[2026-01-28T11:15:31.694+0000][gc,phases   ] GC(10)   Evacuate Collection Set: 6.3ms
[2026-01-28T11:15:31.694+0000][gc,phases   ] GC(10)   Post Evacuate Collection Set: 1.4ms
[2026-01-28T11:15:31.694+0000][gc,phases   ] GC(10)   Other: 0.2ms
[2026-01-28T11:15:31.694+0000][gc,heap     ] GC(10) Eden regions: 605->0(605)
[2026-01-28T11:15:31.694+0000][gc,heap     ] GC(10) Survivor regions: 9->9(77)
[2026-01-28T11:15:31.694+0000][gc,heap     ] GC(10) Old regions: 15->15
[2026-01-28T11:15:31.694+0000][gc,heap     ] GC(10) Humongous regions: 130->130
[2026-01-28T11:15:31.694+0000][gc,metaspace] GC(10) Metaspace: 13236K(13696K)->13236K(13696K) NonClass: 11692K(11904K)->11692K(11904K) Class: 1544K(1792K)->1544K(1792K)
[2026-01-28T11:15:31.695+0000][gc          ] GC(10) Pause Young (Normal) (G1 Evacuation Pause) 758M->153M(1024M) 10.534ms
[2026-01-28T11:15:31.695+0000][gc,cpu      ] GC(10) User=0.07s Sys=0.00s Real=0.01s
[2026-01-28T11:16:11.629+0000][gc,start    ] GC(11) Pause Young (Normal) (G1 Evacuation Pause)
[2026-01-28T11:16:11.630+0000][gc,task     ] GC(11) Using 10 workers of 10 for evacuation
[2026-01-28T11:16:11.639+0000][gc,phases   ] GC(11)   Pre Evacuate Collection Set: 1.7ms
[2026-01-28T11:16:11.639+0000][gc,phases   ] GC(11)   Merge Heap Roots: 0.2ms
[2026-01-28T11:16:11.640+0000][gc,phases   ] GC(11)   Evacuate Collection Set: 6.5ms
[2026-01-28T11:16:11.640+0000][gc,phases   ] GC(11)   Post Evacuate Collection Set: 0.8ms
[2026-01-28T11:16:11.640+0000][gc,phases   ] GC(11)   Other: 0.2ms
[2026-01-28T11:16:11.640+0000][gc,heap     ] GC(11) Eden regions: 605->0(604)
[2026-01-28T11:16:11.640+0000][gc,heap     ] GC(11) Survivor regions: 9->10(77)
[2026-01-28T11:16:11.640+0000][gc,heap     ] GC(11) Old regions: 15->15
[2026-01-28T11:16:11.640+0000][gc,heap     ] GC(11) Humongous regions: 130->130
[2026-01-28T11:16:11.640+0000][gc,metaspace] GC(11) Metaspace: 14014K(14400K)->14014K(14400K) NonClass: 12361K(12544K)->12361K(12544K) Class: 1653K(1856K)->1653K(1856K)
[2026-01-28T11:16:11.641+0000][gc          ] GC(11) Pause Young (Normal) (G1 Evacuation Pause) 758M->154M(1024M) 11.893ms
[2026-01-28T11:16:11.641+0000][gc,cpu      ] GC(11) User=0.08s Sys=0.00s Real=0.01s
[2026-01-28T11:16:51.566+0000][gc,start    ] GC(12) Pause Young (Normal) (G1 Evacuation Pause)
[2026-01-28T11:16:51.567+0000][gc,task     ] GC(12) Using 10 workers of 10 for evacuation
[2026-01-28T11:16:51.579+0000][gc,phases   ] GC(12)   Pre Evacuate Collection Set: 1.7ms
[2026-01-28T11:16:51.579+0000][gc,phases   ] GC(12)   Merge Heap Roots: 0.2ms
[2026-01-28T11:16:51.579+0000][gc,phases   ] GC(12)   Evacuate Collection Set: 8.7ms
[2026-01-28T11:16:51.579+0000][gc,phases   ] GC(12)   Post Evacuate Collection Set: 0.9ms
[2026-01-28T11:16:51.579+0000][gc,phases   ] GC(12)   Other: 0.2ms
[2026-01-28T11:16:51.579+0000][gc,heap     ] GC(12) Eden regions: 604->0(603)
[2026-01-28T11:16:51.579+0000][gc,heap     ] GC(12) Survivor regions: 10->11(77)
[2026-01-28T11:16:51.579+0000][gc,heap     ] GC(12) Old regions: 15->15
[2026-01-28T11:16:51.579+0000][gc,heap     ] GC(12) Humongous regions: 130->130
[2026-01-28T11:16:51.579+0000][gc,metaspace] GC(12) Metaspace: 14177K(14528K)->14177K(14528K) NonClass: 12523K(12672K)->12523K(12672K) Class: 1653K(1856K)->1653K(1856K)
[2026-01-28T11:16:51.579+0000][gc          ] GC(12) Pause Young (Normal) (G1 Evacuation Pause) 758M->155M(1024M) 12.767ms
[2026-01-28T11:16:51.579+0000][gc,cpu      ] GC(12) User=0.09s Sys=0.00s Real=0.02s
[2026-01-28T11:17:21.856+0000][gc,start    ] GC(13) Pause Young (Normal) (G1 Evacuation Pause)
[2026-01-28T11:17:21.857+0000][gc,task     ] GC(13) Using 10 workers of 10 for evacuation
[2026-01-28T11:17:21.870+0000][gc,phases   ] GC(13)   Pre Evacuate Collection Set: 0.9ms
[2026-01-28T11:17:21.870+0000][gc,phases   ] GC(13)   Merge Heap Roots: 0.2ms
[2026-01-28T11:17:21.870+0000][gc,phases   ] GC(13)   Evacuate Collection Set: 10.2ms
[2026-01-28T11:17:21.870+0000][gc,phases   ] GC(13)   Post Evacuate Collection Set: 1.4ms
[2026-01-28T11:17:21.870+0000][gc,phases   ] GC(13)   Other: 0.3ms
[2026-01-28T11:17:21.871+0000][gc,heap     ] GC(13) Eden regions: 603->0(599)
[2026-01-28T11:17:21.871+0000][gc,heap     ] GC(13) Survivor regions: 11->15(77)
[2026-01-28T11:17:21.871+0000][gc,heap     ] GC(13) Old regions: 15->15
[2026-01-28T11:17:21.871+0000][gc,heap     ] GC(13) Humongous regions: 130->130
[2026-01-28T11:17:21.871+0000][gc,metaspace] GC(13) Metaspace: 14303K(14656K)->14303K(14656K) NonClass: 12650K(12800K)->12650K(12800K) Class: 1653K(1856K)->1653K(1856K)
[2026-01-28T11:17:21.871+0000][gc          ] GC(13) Pause Young (Normal) (G1 Evacuation Pause) 758M->159M(1024M) 14.649ms
[2026-01-28T11:17:21.871+0000][gc,cpu      ] GC(13) User=0.10s Sys=0.00s Real=0.02s
[2026-01-28T11:18:01.751+0000][gc,start    ] GC(14) Pause Young (Normal) (G1 Evacuation Pause)
[2026-01-28T11:18:01.752+0000][gc,task     ] GC(14) Using 10 workers of 10 for evacuation
[2026-01-28T11:18:01.758+0000][gc,phases   ] GC(14)   Pre Evacuate Collection Set: 0.6ms
[2026-01-28T11:18:01.758+0000][gc,phases   ] GC(14)   Merge Heap Roots: 0.2ms
[2026-01-28T11:18:01.758+0000][gc,phases   ] GC(14)   Evacuate Collection Set: 4.9ms
[2026-01-28T11:18:01.758+0000][gc,phases   ] GC(14)   Post Evacuate Collection Set: 0.8ms
[2026-01-28T11:18:01.758+0000][gc,phases   ] GC(14)   Other: 0.2ms
[2026-01-28T11:18:01.758+0000][gc,heap     ] GC(14) Eden regions: 599->0(600)
[2026-01-28T11:18:01.758+0000][gc,heap     ] GC(14) Survivor regions: 15->14(77)
[2026-01-28T11:18:01.759+0000][gc,heap     ] GC(14) Old regions: 15->15
[2026-01-28T11:18:01.759+0000][gc,heap     ] GC(14) Humongous regions: 130->130
[2026-01-28T11:18:01.759+0000][gc,metaspace] GC(14) Metaspace: 14652K(15040K)->14652K(15040K) NonClass: 12995K(13184K)->12995K(13184K) Class: 1657K(1856K)->1657K(1856K)
[2026-01-28T11:18:01.759+0000][gc          ] GC(14) Pause Young (Normal) (G1 Evacuation Pause) 758M->158M(1024M) 8.085ms
[2026-01-28T11:18:01.759+0000][gc,cpu      ] GC(14) User=0.05s Sys=0.01s Real=0.01s
[2026-01-28T11:18:41.697+0000][gc,start    ] GC(15) Pause Young (Normal) (G1 Evacuation Pause)
[2026-01-28T11:18:41.698+0000][gc,task     ] GC(15) Using 10 workers of 10 for evacuation
[2026-01-28T11:18:41.705+0000][gc,phases   ] GC(15)   Pre Evacuate Collection Set: 0.6ms
[2026-01-28T11:18:41.705+0000][gc,phases   ] GC(15)   Merge Heap Roots: 0.2ms
[2026-01-28T11:18:41.706+0000][gc,phases   ] GC(15)   Evacuate Collection Set: 5.3ms
[2026-01-28T11:18:41.706+0000][gc,phases   ] GC(15)   Post Evacuate Collection Set: 0.7ms
[2026-01-28T11:18:41.706+0000][gc,phases   ] GC(15)   Other: 0.2ms
[2026-01-28T11:18:41.706+0000][gc,heap     ] GC(15) Eden regions: 600->0(600)
[2026-01-28T11:18:41.706+0000][gc,heap     ] GC(15) Survivor regions: 14->14(77)
[2026-01-28T11:18:41.706+0000][gc,heap     ] GC(15) Old regions: 15->15
[2026-01-28T11:18:41.706+0000][gc,heap     ] GC(15) Humongous regions: 130->130
[2026-01-28T11:18:41.706+0000][gc,metaspace] GC(15) Metaspace: 14727K(15104K)->14727K(15104K) NonClass: 13070K(13248K)->13070K(13248K) Class: 1657K(1856K)->1657K(1856K)
[2026-01-28T11:18:41.706+0000][gc          ] GC(15) Pause Young (Normal) (G1 Evacuation Pause) 758M->158M(1024M) 8.521ms
[2026-01-28T11:18:41.706+0000][gc,cpu      ] GC(15) User=0.05s Sys=0.01s Real=0.01s
[2026-01-28T11:19:21.636+0000][gc,start    ] GC(16) Pause Young (Normal) (G1 Evacuation Pause)
[2026-01-28T11:19:21.636+0000][gc,task     ] GC(16) Using 10 workers of 10 for evacuation
[2026-01-28T11:19:21.643+0000][gc,phases   ] GC(16)   Pre Evacuate Collection Set: 0.5ms
[2026-01-28T11:19:21.643+0000][gc,phases   ] GC(16)   Merge Heap Roots: 0.2ms
[2026-01-28T11:19:21.644+0000][gc,phases   ] GC(16)   Evacuate Collection Set: 5.4ms
[2026-01-28T11:19:21.644+0000][gc,phases   ] GC(16)   Post Evacuate Collection Set: 0.8ms
[2026-01-28T11:19:21.644+0000][gc,phases   ] GC(16)   Other: 0.1ms
[2026-01-28T11:19:21.644+0000][gc,heap     ] GC(16) Eden regions: 600->0(603)
[2026-01-28T11:19:21.644+0000][gc,heap     ] GC(16) Survivor regions: 14->11(77)
[2026-01-28T11:19:21.644+0000][gc,heap     ] GC(16) Old regions: 15->19
[2026-01-28T11:19:21.644+0000][gc,heap     ] GC(16) Humongous regions: 130->130
[2026-01-28T11:19:21.644+0000][gc,metaspace] GC(16) Metaspace: 14770K(15168K)->14770K(15168K) NonClass: 13113K(13312K)->13113K(13312K) Class: 1657K(1856K)->1657K(1856K)
[2026-01-28T11:19:21.644+0000][gc          ] GC(16) Pause Young (Normal) (G1 Evacuation Pause) 758M->159M(1024M) 7.941ms
[2026-01-28T11:19:21.644+0000][gc,cpu      ] GC(16) User=0.05s Sys=0.00s Real=0.01s
[2026-01-28T11:19:59.428+0000][gc,start    ] GC(17) Pause Young (Normal) (G1 Evacuation Pause)
[2026-01-28T11:19:59.428+0000][gc,task     ] GC(17) Using 10 workers of 10 for evacuation
[2026-01-28T11:19:59.433+0000][gc,phases   ] GC(17)   Pre Evacuate Collection Set: 0.7ms
[2026-01-28T11:19:59.434+0000][gc,phases   ] GC(17)   Merge Heap Roots: 0.2ms
[2026-01-28T11:19:59.434+0000][gc,phases   ] GC(17)   Evacuate Collection Set: 3.5ms
[2026-01-28T11:19:59.434+0000][gc,phases   ] GC(17)   Post Evacuate Collection Set: 0.8ms
[2026-01-28T11:19:59.434+0000][gc,phases   ] GC(17)   Other: 0.1ms
[2026-01-28T11:19:59.434+0000][gc,heap     ] GC(17) Eden regions: 603->0(608)
[2026-01-28T11:19:59.434+0000][gc,heap     ] GC(17) Survivor regions: 11->6(77)
[2026-01-28T11:19:59.434+0000][gc,heap     ] GC(17) Old regions: 19->20
[2026-01-28T11:19:59.434+0000][gc,heap     ] GC(17) Humongous regions: 130->130
[2026-01-28T11:19:59.434+0000][gc,metaspace] GC(17) Metaspace: 14808K(15168K)->14808K(15168K) NonClass: 13149K(13312K)->13149K(13312K) Class: 1659K(1856K)->1659K(1856K)
[2026-01-28T11:19:59.434+0000][gc          ] GC(17) Pause Young (Normal) (G1 Evacuation Pause) 762M->154M(1024M) 5.981ms
[2026-01-28T11:19:59.434+0000][gc,cpu      ] GC(17) User=0.03s Sys=0.00s Real=0.01s
[2026-01-28T11:20:31.790+0000][gc,start    ] GC(18) Pause Young (Normal) (G1 Evacuation Pause)
[2026-01-28T11:20:31.791+0000][gc,task     ] GC(18) Using 10 workers of 10 for evacuation
[2026-01-28T11:20:31.796+0000][gc,phases   ] GC(18)   Pre Evacuate Collection Set: 0.5ms
[2026-01-28T11:20:31.796+0000][gc,phases   ] GC(18)   Merge Heap Roots: 0.2ms
[2026-01-28T11:20:31.796+0000][gc,phases   ] GC(18)   Evacuate Collection Set: 3.6ms
[2026-01-28T11:20:31.796+0000][gc,phases   ] GC(18)   Post Evacuate Collection Set: 0.6ms
[2026-01-28T11:20:31.796+0000][gc,phases   ] GC(18)   Other: 0.2ms
[2026-01-28T11:20:31.796+0000][gc,heap     ] GC(18) Eden regions: 608->0(607)
[2026-01-28T11:20:31.796+0000][gc,heap     ] GC(18) Survivor regions: 6->7(77)
[2026-01-28T11:20:31.796+0000][gc,heap     ] GC(18) Old regions: 20->22
[2026-01-28T11:20:31.796+0000][gc,heap     ] GC(18) Humongous regions: 130->130
[2026-01-28T11:20:31.796+0000][gc,metaspace] GC(18) Metaspace: 14812K(15232K)->14812K(15232K) NonClass: 13152K(13376K)->13152K(13376K) Class: 1659K(1856K)->1659K(1856K)
[2026-01-28T11:20:31.796+0000][gc          ] GC(18) Pause Young (Normal) (G1 Evacuation Pause) 762M->157M(1024M) 5.652ms
[2026-01-28T11:20:31.796+0000][gc,cpu      ] GC(18) User=0.03s Sys=0.01s Real=0.01s
[2026-01-28T11:21:11.792+0000][gc,start    ] GC(19) Pause Young (Normal) (G1 Evacuation Pause)
[2026-01-28T11:21:11.793+0000][gc,task     ] GC(19) Using 10 workers of 10 for evacuation
[2026-01-28T11:21:11.797+0000][gc,phases   ] GC(19)   Pre Evacuate Collection Set: 0.5ms
[2026-01-28T11:21:11.797+0000][gc,phases   ] GC(19)   Merge Heap Roots: 0.2ms
[2026-01-28T11:21:11.797+0000][gc,phases   ] GC(19)   Evacuate Collection Set: 2.7ms
[2026-01-28T11:21:11.797+0000][gc,phases   ] GC(19)   Post Evacuate Collection Set: 0.6ms
[2026-01-28T11:21:11.798+0000][gc,phases   ] GC(19)   Other: 0.2ms
[2026-01-28T11:21:11.798+0000][gc,heap     ] GC(19) Eden regions: 607->0(607)
[2026-01-28T11:21:11.798+0000][gc,heap     ] GC(19) Survivor regions: 7->7(77)
[2026-01-28T11:21:11.798+0000][gc,heap     ] GC(19) Old regions: 22->22
[2026-01-28T11:21:11.798+0000][gc,heap     ] GC(19) Humongous regions: 130->130
[2026-01-28T11:21:11.798+0000][gc,metaspace] GC(19) Metaspace: 14865K(15296K)->14865K(15296K) NonClass: 13201K(13376K)->13201K(13376K) Class: 1663K(1920K)->1663K(1920K)
[2026-01-28T11:21:11.798+0000][gc          ] GC(19) Pause Young (Normal) (G1 Evacuation Pause) 764M->158M(1024M) 5.936ms
[2026-01-28T11:21:11.798+0000][gc,cpu      ] GC(19) User=0.03s Sys=0.01s Real=0.00s
[2026-01-28T11:21:51.737+0000][gc,start    ] GC(20) Pause Young (Normal) (G1 Evacuation Pause)
[2026-01-28T11:21:51.738+0000][gc,task     ] GC(20) Using 10 workers of 10 for evacuation
[2026-01-28T11:21:51.744+0000][gc,phases   ] GC(20)   Pre Evacuate Collection Set: 0.7ms
[2026-01-28T11:21:51.744+0000][gc,phases   ] GC(20)   Merge Heap Roots: 0.2ms
[2026-01-28T11:21:51.744+0000][gc,phases   ] GC(20)   Evacuate Collection Set: 4.3ms
[2026-01-28T11:21:51.744+0000][gc,phases   ] GC(20)   Post Evacuate Collection Set: 0.7ms
[2026-01-28T11:21:51.744+0000][gc,phases   ] GC(20)   Other: 0.2ms
[2026-01-28T11:21:51.744+0000][gc,heap     ] GC(20) Eden regions: 607->0(607)
[2026-01-28T11:21:51.744+0000][gc,heap     ] GC(20) Survivor regions: 7->7(77)
[2026-01-28T11:21:51.744+0000][gc,heap     ] GC(20) Old regions: 22->23
[2026-01-28T11:21:51.744+0000][gc,heap     ] GC(20) Humongous regions: 130->130
[2026-01-28T11:21:51.745+0000][gc,metaspace] GC(20) Metaspace: 15074K(15552K)->15074K(15552K) NonClass: 13395K(13632K)->13395K(13632K) Class: 1679K(1920K)->1679K(1920K)
[2026-01-28T11:21:51.745+0000][gc          ] GC(20) Pause Young (Normal) (G1 Evacuation Pause) 765M->158M(1024M) 7.428ms
[2026-01-28T11:21:51.745+0000][gc,cpu      ] GC(20) User=0.04s Sys=0.00s Real=0.01s
[2026-01-28T11:22:31.617+0000][gc,start    ] GC(21) Pause Young (Normal) (G1 Evacuation Pause)
[2026-01-28T11:22:31.618+0000][gc,task     ] GC(21) Using 10 workers of 10 for evacuation
[2026-01-28T11:22:31.624+0000][gc,phases   ] GC(21)   Pre Evacuate Collection Set: 0.7ms
[2026-01-28T11:22:31.624+0000][gc,phases   ] GC(21)   Merge Heap Roots: 0.2ms
[2026-01-28T11:22:31.624+0000][gc,phases   ] GC(21)   Evacuate Collection Set: 4.0ms
[2026-01-28T11:22:31.624+0000][gc,phases   ] GC(21)   Post Evacuate Collection Set: 0.7ms
[2026-01-28T11:22:31.624+0000][gc,phases   ] GC(21)   Other: 0.2ms
[2026-01-28T11:22:31.624+0000][gc,heap     ] GC(21) Eden regions: 607->0(607)
[2026-01-28T11:22:31.624+0000][gc,heap     ] GC(21) Survivor regions: 7->7(77)
[2026-01-28T11:22:31.624+0000][gc,heap     ] GC(21) Old regions: 23->23
[2026-01-28T11:22:31.625+0000][gc,heap     ] GC(21) Humongous regions: 130->130
[2026-01-28T11:22:31.625+0000][gc,metaspace] GC(21) Metaspace: 15080K(15552K)->15080K(15552K) NonClass: 13401K(13632K)->13401K(13632K) Class: 1679K(1920K)->1679K(1920K)
[2026-01-28T11:22:31.625+0000][gc          ] GC(21) Pause Young (Normal) (G1 Evacuation Pause) 765M->158M(1024M) 7.478ms
[2026-01-28T11:22:31.625+0000][gc,cpu      ] GC(21) User=0.04s Sys=0.00s Real=0.01s
[2026-01-28T11:23:01.853+0000][gc,start    ] GC(22) Pause Young (Normal) (G1 Evacuation Pause)
[2026-01-28T11:23:01.854+0000][gc,task     ] GC(22) Using 10 workers of 10 for evacuation
[2026-01-28T11:23:01.861+0000][gc,phases   ] GC(22)   Pre Evacuate Collection Set: 0.9ms
[2026-01-28T11:23:01.861+0000][gc,phases   ] GC(22)   Merge Heap Roots: 0.3ms
[2026-01-28T11:23:01.861+0000][gc,phases   ] GC(22)   Evacuate Collection Set: 4.8ms
[2026-01-28T11:23:01.861+0000][gc,phases   ] GC(22)   Post Evacuate Collection Set: 0.7ms
[2026-01-28T11:23:01.861+0000][gc,phases   ] GC(22)   Other: 0.1ms
[2026-01-28T11:23:01.861+0000][gc,heap     ] GC(22) Eden regions: 607->0(606)
[2026-01-28T11:23:01.861+0000][gc,heap     ] GC(22) Survivor regions: 7->8(77)
[2026-01-28T11:23:01.861+0000][gc,heap     ] GC(22) Old regions: 23->23
[2026-01-28T11:23:01.861+0000][gc,heap     ] GC(22) Humongous regions: 130->130
[2026-01-28T11:23:01.862+0000][gc,metaspace] GC(22) Metaspace: 15093K(15552K)->15093K(15552K) NonClass: 13413K(13632K)->13413K(13632K) Class: 1679K(1920K)->1679K(1920K)
[2026-01-28T11:23:01.862+0000][gc          ] GC(22) Pause Young (Normal) (G1 Evacuation Pause) 765M->160M(1024M) 8.377ms
[2026-01-28T11:23:01.862+0000][gc,cpu      ] GC(22) User=0.05s Sys=0.00s Real=0.01s
[2026-01-28T11:23:41.789+0000][gc,start    ] GC(23) Pause Young (Normal) (G1 Evacuation Pause)
[2026-01-28T11:23:41.789+0000][gc,task     ] GC(23) Using 10 workers of 10 for evacuation
[2026-01-28T11:23:41.798+0000][gc,phases   ] GC(23)   Pre Evacuate Collection Set: 0.5ms
[2026-01-28T11:23:41.798+0000][gc,phases   ] GC(23)   Merge Heap Roots: 0.1ms
[2026-01-28T11:23:41.798+0000][gc,phases   ] GC(23)   Evacuate Collection Set: 6.9ms
[2026-01-28T11:23:41.798+0000][gc,phases   ] GC(23)   Post Evacuate Collection Set: 1.0ms
[2026-01-28T11:23:41.798+0000][gc,phases   ] GC(23)   Other: 0.1ms
[2026-01-28T11:23:41.798+0000][gc,heap     ] GC(23) Eden regions: 606->0(603)
[2026-01-28T11:23:41.798+0000][gc,heap     ] GC(23) Survivor regions: 8->11(77)
[2026-01-28T11:23:41.798+0000][gc,heap     ] GC(23) Old regions: 23->23
[2026-01-28T11:23:41.798+0000][gc,heap     ] GC(23) Humongous regions: 130->130
[2026-01-28T11:23:41.799+0000][gc,metaspace] GC(23) Metaspace: 15146K(15552K)->15146K(15552K) NonClass: 13466K(13632K)->13466K(13632K) Class: 1679K(1920K)->1679K(1920K)
[2026-01-28T11:23:41.799+0000][gc          ] GC(23) Pause Young (Normal) (G1 Evacuation Pause) 766M->162M(1024M) 9.541ms
[2026-01-28T11:23:41.799+0000][gc,cpu      ] GC(23) User=0.07s Sys=0.00s Real=0.01s
[2026-01-28T11:24:21.740+0000][gc,start    ] GC(24) Pause Young (Normal) (G1 Evacuation Pause)
[2026-01-28T11:24:21.741+0000][gc,task     ] GC(24) Using 10 workers of 10 for evacuation
[2026-01-28T11:24:21.745+0000][gc,phases   ] GC(24)   Pre Evacuate Collection Set: 0.7ms
[2026-01-28T11:24:21.746+0000][gc,phases   ] GC(24)   Merge Heap Roots: 0.2ms
[2026-01-28T11:24:21.746+0000][gc,phases   ] GC(24)   Evacuate Collection Set: 2.7ms
[2026-01-28T11:24:21.746+0000][gc,phases   ] GC(24)   Post Evacuate Collection Set: 0.7ms
[2026-01-28T11:24:21.746+0000][gc,phases   ] GC(24)   Other: 0.1ms
[2026-01-28T11:24:21.746+0000][gc,heap     ] GC(24) Eden regions: 603->0(609)
[2026-01-28T11:24:21.746+0000][gc,heap     ] GC(24) Survivor regions: 11->5(77)
[2026-01-28T11:24:21.746+0000][gc,heap     ] GC(24) Old regions: 23->23
[2026-01-28T11:24:21.746+0000][gc,heap     ] GC(24) Humongous regions: 130->130
[2026-01-28T11:24:21.746+0000][gc,metaspace] GC(24) Metaspace: 15171K(15616K)->15171K(15616K) NonClass: 13491K(13696K)->13491K(13696K) Class: 1679K(1920K)->1679K(1920K)
[2026-01-28T11:24:21.746+0000][gc          ] GC(24) Pause Young (Normal) (G1 Evacuation Pause) 765M->157M(1024M) 6.092ms
[2026-01-28T11:24:21.746+0000][gc,cpu      ] GC(24) User=0.04s Sys=0.00s Real=0.01s
[2026-01-28T11:25:01.660+0000][gc,start    ] GC(25) Pause Young (Normal) (G1 Evacuation Pause)
[2026-01-28T11:25:01.661+0000][gc,task     ] GC(25) Using 10 workers of 10 for evacuation
[2026-01-28T11:25:01.665+0000][gc,phases   ] GC(25)   Pre Evacuate Collection Set: 0.6ms
[2026-01-28T11:25:01.665+0000][gc,phases   ] GC(25)   Merge Heap Roots: 0.2ms
[2026-01-28T11:25:01.665+0000][gc,phases   ] GC(25)   Evacuate Collection Set: 2.9ms
[2026-01-28T11:25:01.665+0000][gc,phases   ] GC(25)   Post Evacuate Collection Set: 0.6ms
[2026-01-28T11:25:01.665+0000][gc,phases   ] GC(25)   Other: 0.2ms
[2026-01-28T11:25:01.665+0000][gc,heap     ] GC(25) Eden regions: 609->0(609)
[2026-01-28T11:25:01.665+0000][gc,heap     ] GC(25) Survivor regions: 5->5(77)
[2026-01-28T11:25:01.665+0000][gc,heap     ] GC(25) Old regions: 23->23
[2026-01-28T11:25:01.665+0000][gc,heap     ] GC(25) Humongous regions: 130->130
[2026-01-28T11:25:01.665+0000][gc,metaspace] GC(25) Metaspace: 15222K(15680K)->15222K(15680K) NonClass: 13542K(13760K)->13542K(13760K) Class: 1679K(1920K)->1679K(1920K)
[2026-01-28T11:25:01.665+0000][gc          ] GC(25) Pause Young (Normal) (G1 Evacuation Pause) 766M->156M(1024M) 5.154ms
[2026-01-28T11:25:01.665+0000][gc,cpu      ] GC(25) User=0.03s Sys=0.00s Real=0.01s
[2026-01-28T11:25:41.602+0000][gc,start    ] GC(26) Pause Young (Normal) (G1 Evacuation Pause)
[2026-01-28T11:25:41.603+0000][gc,task     ] GC(26) Using 10 workers of 10 for evacuation
[2026-01-28T11:25:41.610+0000][gc,phases   ] GC(26)   Pre Evacuate Collection Set: 1.3ms
[2026-01-28T11:25:41.610+0000][gc,phases   ] GC(26)   Merge Heap Roots: 0.3ms
[2026-01-28T11:25:41.610+0000][gc,phases   ] GC(26)   Evacuate Collection Set: 4.3ms
[2026-01-28T11:25:41.610+0000][gc,phases   ] GC(26)   Post Evacuate Collection Set: 0.7ms
[2026-01-28T11:25:41.610+0000][gc,phases   ] GC(26)   Other: 0.4ms
[2026-01-28T11:25:41.610+0000][gc,heap     ] GC(26) Eden regions: 609->0(609)
[2026-01-28T11:25:41.610+0000][gc,heap     ] GC(26) Survivor regions: 5->5(77)
[2026-01-28T11:25:41.610+0000][gc,heap     ] GC(26) Old regions: 23->23
[2026-01-28T11:25:41.610+0000][gc,heap     ] GC(26) Humongous regions: 130->130
[2026-01-28T11:25:41.610+0000][gc,metaspace] GC(26) Metaspace: 15224K(15680K)->15224K(15680K) NonClass: 13544K(13760K)->13544K(13760K) Class: 1679K(1920K)->1679K(1920K)
[2026-01-28T11:25:41.610+0000][gc          ] GC(26) Pause Young (Normal) (G1 Evacuation Pause) 765M->157M(1024M) 8.597ms
[2026-01-28T11:25:41.610+0000][gc,cpu      ] GC(26) User=0.05s Sys=0.01s Real=0.00s
[2026-01-28T11:26:11.890+0000][gc,start    ] GC(27) Pause Young (Normal) (G1 Evacuation Pause)
[2026-01-28T11:26:11.890+0000][gc,task     ] GC(27) Using 10 workers of 10 for evacuation
[2026-01-28T11:26:11.897+0000][gc,phases   ] GC(27)   Pre Evacuate Collection Set: 0.6ms
[2026-01-28T11:26:11.897+0000][gc,phases   ] GC(27)   Merge Heap Roots: 0.2ms
[2026-01-28T11:26:11.897+0000][gc,phases   ] GC(27)   Evacuate Collection Set: 4.9ms
[2026-01-28T11:26:11.897+0000][gc,phases   ] GC(27)   Post Evacuate Collection Set: 0.8ms
[2026-01-28T11:26:11.897+0000][gc,phases   ] GC(27)   Other: 0.2ms
[2026-01-28T11:26:11.897+0000][gc,heap     ] GC(27) Eden regions: 609->0(606)
[2026-01-28T11:26:11.897+0000][gc,heap     ] GC(27) Survivor regions: 5->8(77)
[2026-01-28T11:26:11.897+0000][gc,heap     ] GC(27) Old regions: 23->23
[2026-01-28T11:26:11.897+0000][gc,heap     ] GC(27) Humongous regions: 130->130
[2026-01-28T11:26:11.898+0000][gc,metaspace] GC(27) Metaspace: 15244K(15680K)->15244K(15680K) NonClass: 13564K(13760K)->13564K(13760K) Class: 1679K(1920K)->1679K(1920K)
[2026-01-28T11:26:11.898+0000][gc          ] GC(27) Pause Young (Normal) (G1 Evacuation Pause) 766M->160M(1024M) 7.912ms
[2026-01-28T11:26:11.898+0000][gc,cpu      ] GC(27) User=0.05s Sys=0.01s Real=0.01s
[2026-01-28T11:26:51.804+0000][gc,start    ] GC(28) Pause Young (Normal) (G1 Evacuation Pause)
[2026-01-28T11:26:51.805+0000][gc,task     ] GC(28) Using 10 workers of 10 for evacuation
[2026-01-28T11:26:51.810+0000][gc,phases   ] GC(28)   Pre Evacuate Collection Set: 0.7ms
[2026-01-28T11:26:51.810+0000][gc,phases   ] GC(28)   Merge Heap Roots: 0.2ms
[2026-01-28T11:26:51.810+0000][gc,phases   ] GC(28)   Evacuate Collection Set: 3.5ms
[2026-01-28T11:26:51.810+0000][gc,phases   ] GC(28)   Post Evacuate Collection Set: 0.7ms
[2026-01-28T11:26:51.810+0000][gc,phases   ] GC(28)   Other: 0.2ms
[2026-01-28T11:26:51.810+0000][gc,heap     ] GC(28) Eden regions: 606->0(605)
[2026-01-28T11:26:51.810+0000][gc,heap     ] GC(28) Survivor regions: 8->9(77)
[2026-01-28T11:26:51.810+0000][gc,heap     ] GC(28) Old regions: 23->23
[2026-01-28T11:26:51.810+0000][gc,heap     ] GC(28) Humongous regions: 130->130
[2026-01-28T11:26:51.810+0000][gc,metaspace] GC(28) Metaspace: 15264K(15680K)->15264K(15680K) NonClass: 13584K(13760K)->13584K(13760K) Class: 1679K(1920K)->1679K(1920K)
[2026-01-28T11:26:51.810+0000][gc          ] GC(28) Pause Young (Normal) (G1 Evacuation Pause) 766M->160M(1024M) 6.721ms
[2026-01-28T11:26:51.810+0000][gc,cpu      ] GC(28) User=0.04s Sys=0.00s Real=0.01s
[2026-01-28T11:27:31.720+0000][gc,start    ] GC(29) Pause Young (Normal) (G1 Evacuation Pause)
[2026-01-28T11:27:31.721+0000][gc,task     ] GC(29) Using 10 workers of 10 for evacuation
[2026-01-28T11:27:31.731+0000][gc,phases   ] GC(29)   Pre Evacuate Collection Set: 0.7ms
[2026-01-28T11:27:31.731+0000][gc,phases   ] GC(29)   Merge Heap Roots: 0.2ms
[2026-01-28T11:27:31.731+0000][gc,phases   ] GC(29)   Evacuate Collection Set: 7.1ms
[2026-01-28T11:27:31.731+0000][gc,phases   ] GC(29)   Post Evacuate Collection Set: 1.4ms
[2026-01-28T11:27:31.731+0000][gc,phases   ] GC(29)   Other: 0.2ms
[2026-01-28T11:27:31.731+0000][gc,heap     ] GC(29) Eden regions: 605->0(605)
[2026-01-28T11:27:31.731+0000][gc,heap     ] GC(29) Survivor regions: 9->9(77)
[2026-01-28T11:27:31.731+0000][gc,heap     ] GC(29) Old regions: 23->23
[2026-01-28T11:27:31.731+0000][gc,heap     ] GC(29) Humongous regions: 130->130
[2026-01-28T11:27:31.731+0000][gc,metaspace] GC(29) Metaspace: 15281K(15680K)->15281K(15680K) NonClass: 13601K(13760K)->13601K(13760K) Class: 1679K(1920K)->1679K(1920K)
[2026-01-28T11:27:31.731+0000][gc          ] GC(29) Pause Young (Normal) (G1 Evacuation Pause) 765M->161M(1024M) 11.214ms
[2026-01-28T11:27:31.732+0000][gc,cpu      ] GC(29) User=0.07s Sys=0.00s Real=0.01s
[2026-01-28T11:28:11.669+0000][gc,start    ] GC(30) Pause Young (Normal) (G1 Evacuation Pause)
[2026-01-28T11:28:11.669+0000][gc,task     ] GC(30) Using 10 workers of 10 for evacuation
[2026-01-28T11:28:11.676+0000][gc,phases   ] GC(30)   Pre Evacuate Collection Set: 0.7ms
[2026-01-28T11:28:11.676+0000][gc,phases   ] GC(30)   Merge Heap Roots: 0.2ms
[2026-01-28T11:28:11.676+0000][gc,phases   ] GC(30)   Evacuate Collection Set: 5.1ms
[2026-01-28T11:28:11.676+0000][gc,phases   ] GC(30)   Post Evacuate Collection Set: 0.9ms
[2026-01-28T11:28:11.676+0000][gc,phases   ] GC(30)   Other: 0.2ms
[2026-01-28T11:28:11.676+0000][gc,heap     ] GC(30) Eden regions: 605->0(605)
[2026-01-28T11:28:11.676+0000][gc,heap     ] GC(30) Survivor regions: 9->9(77)
[2026-01-28T11:28:11.676+0000][gc,heap     ] GC(30) Old regions: 23->23
[2026-01-28T11:28:11.676+0000][gc,heap     ] GC(30) Humongous regions: 130->130
[2026-01-28T11:28:11.677+0000][gc,metaspace] GC(30) Metaspace: 15321K(15744K)->15321K(15744K) NonClass: 13641K(13824K)->13641K(13824K) Class: 1680K(1920K)->1680K(1920K)
[2026-01-28T11:28:11.677+0000][gc          ] GC(30) Pause Young (Normal) (G1 Evacuation Pause) 766M->161M(1024M) 8.003ms
[2026-01-28T11:28:11.677+0000][gc,cpu      ] GC(30) User=0.06s Sys=0.00s Real=0.01s
[2026-01-28T11:28:51.578+0000][gc,start    ] GC(31) Pause Young (Normal) (G1 Evacuation Pause)
[2026-01-28T11:28:51.579+0000][gc,task     ] GC(31) Using 10 workers of 10 for evacuation
[2026-01-28T11:28:51.588+0000][gc,phases   ] GC(31)   Pre Evacuate Collection Set: 0.8ms
[2026-01-28T11:28:51.588+0000][gc,phases   ] GC(31)   Merge Heap Roots: 0.3ms
[2026-01-28T11:28:51.588+0000][gc,phases   ] GC(31)   Evacuate Collection Set: 6.9ms
[2026-01-28T11:28:51.588+0000][gc,phases   ] GC(31)   Post Evacuate Collection Set: 1.0ms
[2026-01-28T11:28:51.588+0000][gc,phases   ] GC(31)   Other: 0.2ms
[2026-01-28T11:28:51.588+0000][gc,heap     ] GC(31) Eden regions: 605->0(610)
[2026-01-28T11:28:51.588+0000][gc,heap     ] GC(31) Survivor regions: 9->4(77)
[2026-01-28T11:28:51.588+0000][gc,heap     ] GC(31) Old regions: 23->23
[2026-01-28T11:28:51.588+0000][gc,heap     ] GC(31) Humongous regions: 130->130
[2026-01-28T11:28:51.588+0000][gc,metaspace] GC(31) Metaspace: 15326K(15744K)->15326K(15744K) NonClass: 13645K(13824K)->13645K(13824K) Class: 1680K(1920K)->1680K(1920K)
[2026-01-28T11:28:51.589+0000][gc          ] GC(31) Pause Young (Normal) (G1 Evacuation Pause) 766M->156M(1024M) 10.264ms
[2026-01-28T11:28:51.589+0000][gc,cpu      ] GC(31) User=0.07s Sys=0.00s Real=0.01s
[2026-01-28T11:29:21.810+0000][gc,start    ] GC(32) Pause Young (Normal) (G1 Evacuation Pause)
[2026-01-28T11:29:21.810+0000][gc,task     ] GC(32) Using 10 workers of 10 for evacuation
[2026-01-28T11:29:21.819+0000][gc,phases   ] GC(32)   Pre Evacuate Collection Set: 1.2ms
[2026-01-28T11:29:21.819+0000][gc,phases   ] GC(32)   Merge Heap Roots: 0.1ms
[2026-01-28T11:29:21.819+0000][gc,phases   ] GC(32)   Evacuate Collection Set: 6.6ms
[2026-01-28T11:29:21.820+0000][gc,phases   ] GC(32)   Post Evacuate Collection Set: 1.1ms
[2026-01-28T11:29:21.820+0000][gc,phases   ] GC(32)   Other: 0.2ms
[2026-01-28T11:29:21.820+0000][gc,heap     ] GC(32) Eden regions: 610->0(606)
[2026-01-28T11:29:21.820+0000][gc,heap     ] GC(32) Survivor regions: 4->8(77)
[2026-01-28T11:29:21.820+0000][gc,heap     ] GC(32) Old regions: 23->23
[2026-01-28T11:29:21.820+0000][gc,heap     ] GC(32) Humongous regions: 130->130
[2026-01-28T11:29:21.820+0000][gc,metaspace] GC(32) Metaspace: 15335K(15744K)->15335K(15744K) NonClass: 13654K(13824K)->13654K(13824K) Class: 1680K(1920K)->1680K(1920K)
[2026-01-28T11:29:21.820+0000][gc          ] GC(32) Pause Young (Normal) (G1 Evacuation Pause) 766M->160M(1024M) 10.333ms
[2026-01-28T11:29:21.820+0000][gc,cpu      ] GC(32) User=0.07s Sys=0.01s Real=0.01s
[2026-01-28T11:30:01.789+0000][gc,start    ] GC(33) Pause Young (Normal) (G1 Evacuation Pause)
[2026-01-28T11:30:01.789+0000][gc,task     ] GC(33) Using 10 workers of 10 for evacuation
[2026-01-28T11:30:01.795+0000][gc,phases   ] GC(33)   Pre Evacuate Collection Set: 1.0ms
[2026-01-28T11:30:01.795+0000][gc,phases   ] GC(33)   Merge Heap Roots: 0.2ms
[2026-01-28T11:30:01.795+0000][gc,phases   ] GC(33)   Evacuate Collection Set: 3.3ms
[2026-01-28T11:30:01.795+0000][gc,phases   ] GC(33)   Post Evacuate Collection Set: 0.8ms
[2026-01-28T11:30:01.795+0000][gc,phases   ] GC(33)   Other: 0.2ms
[2026-01-28T11:30:01.795+0000][gc,heap     ] GC(33) Eden regions: 606->0(606)
[2026-01-28T11:30:01.795+0000][gc,heap     ] GC(33) Survivor regions: 8->8(77)
[2026-01-28T11:30:01.795+0000][gc,heap     ] GC(33) Old regions: 23->23
[2026-01-28T11:30:01.795+0000][gc,heap     ] GC(33) Humongous regions: 130->130
[2026-01-28T11:30:01.795+0000][gc,metaspace] GC(33) Metaspace: 15340K(15744K)->15340K(15744K) NonClass: 13660K(13824K)->13660K(13824K) Class: 1680K(1920K)->1680K(1920K)
[2026-01-28T11:30:01.795+0000][gc          ] GC(33) Pause Young (Normal) (G1 Evacuation Pause) 766M->160M(1024M) 6.351ms
[2026-01-28T11:30:01.795+0000][gc,cpu      ] GC(33) User=0.04s Sys=0.00s Real=0.00s
[2026-01-28T11:30:41.696+0000][gc,start    ] GC(34) Pause Young (Normal) (G1 Evacuation Pause)
[2026-01-28T11:30:41.697+0000][gc,task     ] GC(34) Using 10 workers of 10 for evacuation
[2026-01-28T11:30:41.703+0000][gc,phases   ] GC(34)   Pre Evacuate Collection Set: 0.6ms
[2026-01-28T11:30:41.703+0000][gc,phases   ] GC(34)   Merge Heap Roots: 0.2ms
[2026-01-28T11:30:41.703+0000][gc,phases   ] GC(34)   Evacuate Collection Set: 3.6ms
[2026-01-28T11:30:41.703+0000][gc,phases   ] GC(34)   Post Evacuate Collection Set: 0.7ms
[2026-01-28T11:30:41.703+0000][gc,phases   ] GC(34)   Other: 0.2ms
[2026-01-28T11:30:41.703+0000][gc,heap     ] GC(34) Eden regions: 606->0(606)
[2026-01-28T11:30:41.703+0000][gc,heap     ] GC(34) Survivor regions: 8->8(77)
[2026-01-28T11:30:41.703+0000][gc,heap     ] GC(34) Old regions: 23->23
[2026-01-28T11:30:41.703+0000][gc,heap     ] GC(34) Humongous regions: 130->130
[2026-01-28T11:30:41.703+0000][gc,metaspace] GC(34) Metaspace: 15341K(15744K)->15341K(15744K) NonClass: 13661K(13824K)->13661K(13824K) Class: 1680K(1920K)->1680K(1920K)
[2026-01-28T11:30:41.703+0000][gc          ] GC(34) Pause Young (Normal) (G1 Evacuation Pause) 766M->160M(1024M) 6.646ms
[2026-01-28T11:30:41.703+0000][gc,cpu      ] GC(34) User=0.04s Sys=0.00s Real=0.00s
[2026-01-28T11:31:21.612+0000][gc,start    ] GC(35) Pause Young (Normal) (G1 Evacuation Pause)
[2026-01-28T11:31:21.613+0000][gc,task     ] GC(35) Using 10 workers of 10 for evacuation
[2026-01-28T11:31:21.620+0000][gc,phases   ] GC(35)   Pre Evacuate Collection Set: 0.6ms
[2026-01-28T11:31:21.620+0000][gc,phases   ] GC(35)   Merge Heap Roots: 0.2ms
[2026-01-28T11:31:21.620+0000][gc,phases   ] GC(35)   Evacuate Collection Set: 5.1ms
[2026-01-28T11:31:21.620+0000][gc,phases   ] GC(35)   Post Evacuate Collection Set: 0.8ms
[2026-01-28T11:31:21.620+0000][gc,phases   ] GC(35)   Other: 0.2ms
[2026-01-28T11:31:21.620+0000][gc,heap     ] GC(35) Eden regions: 606->0(606)
[2026-01-28T11:31:21.620+0000][gc,heap     ] GC(35) Survivor regions: 8->8(77)
[2026-01-28T11:31:21.620+0000][gc,heap     ] GC(35) Old regions: 23->24
[2026-01-28T11:31:21.620+0000][gc,heap     ] GC(35) Humongous regions: 130->130
[2026-01-28T11:31:21.620+0000][gc,metaspace] GC(35) Metaspace: 15346K(15744K)->15346K(15744K) NonClass: 13666K(13824K)->13666K(13824K) Class: 1680K(1920K)->1680K(1920K)
[2026-01-28T11:31:21.620+0000][gc          ] GC(35) Pause Young (Normal) (G1 Evacuation Pause) 766M->160M(1024M) 8.362ms
[2026-01-28T11:31:21.620+0000][gc,cpu      ] GC(35) User=0.05s Sys=0.00s Real=0.01s
[2026-01-28T11:31:54.357+0000][gc,start    ] GC(36) Pause Young (Normal) (G1 Evacuation Pause)
[2026-01-28T11:31:54.358+0000][gc,task     ] GC(36) Using 10 workers of 10 for evacuation
[2026-01-28T11:31:54.372+0000][gc,phases   ] GC(36)   Pre Evacuate Collection Set: 2.8ms
[2026-01-28T11:31:54.372+0000][gc,phases   ] GC(36)   Merge Heap Roots: 0.6ms
[2026-01-28T11:31:54.372+0000][gc,phases   ] GC(36)   Evacuate Collection Set: 8.8ms
[2026-01-28T11:31:54.373+0000][gc,phases   ] GC(36)   Post Evacuate Collection Set: 1.5ms
[2026-01-28T11:31:54.373+0000][gc,phases   ] GC(36)   Other: 0.6ms
[2026-01-28T11:31:54.373+0000][gc,heap     ] GC(36) Eden regions: 606->0(606)
[2026-01-28T11:31:54.374+0000][gc,heap     ] GC(36) Survivor regions: 8->8(77)
[2026-01-28T11:31:54.374+0000][gc,heap     ] GC(36) Old regions: 24->24
[2026-01-28T11:31:54.374+0000][gc,heap     ] GC(36) Humongous regions: 130->130
[2026-01-28T11:31:54.374+0000][gc,metaspace] GC(36) Metaspace: 15574K(16064K)->15574K(16064K) NonClass: 13860K(14080K)->13860K(14080K) Class: 1714K(1984K)->1714K(1984K)
[2026-01-28T11:31:54.374+0000][gc          ] GC(36) Pause Young (Normal) (G1 Evacuation Pause) 766M->161M(1024M) 17.155ms
[2026-01-28T11:31:54.374+0000][gc,cpu      ] GC(36) User=0.11s Sys=0.01s Real=0.01s
[2026-01-28T11:32:31.813+0000][gc,start    ] GC(37) Pause Young (Normal) (G1 Evacuation Pause)
[2026-01-28T11:32:31.814+0000][gc,task     ] GC(37) Using 10 workers of 10 for evacuation
[2026-01-28T11:32:31.818+0000][gc,phases   ] GC(37)   Pre Evacuate Collection Set: 0.7ms
[2026-01-28T11:32:31.818+0000][gc,phases   ] GC(37)   Merge Heap Roots: 0.2ms
[2026-01-28T11:32:31.818+0000][gc,phases   ] GC(37)   Evacuate Collection Set: 2.1ms
[2026-01-28T11:32:31.818+0000][gc,phases   ] GC(37)   Post Evacuate Collection Set: 0.8ms
[2026-01-28T11:32:31.818+0000][gc,phases   ] GC(37)   Other: 0.1ms
[2026-01-28T11:32:31.818+0000][gc,heap     ] GC(37) Eden regions: 606->0(607)
[2026-01-28T11:32:31.818+0000][gc,heap     ] GC(37) Survivor regions: 8->7(77)
[2026-01-28T11:32:31.818+0000][gc,heap     ] GC(37) Old regions: 24->24
[2026-01-28T11:32:31.818+0000][gc,heap     ] GC(37) Humongous regions: 130->130
[2026-01-28T11:32:31.818+0000][gc,metaspace] GC(37) Metaspace: 15588K(16064K)->15588K(16064K) NonClass: 13871K(14080K)->13871K(14080K) Class: 1716K(1984K)->1716K(1984K)
[2026-01-28T11:32:31.818+0000][gc          ] GC(37) Pause Young (Normal) (G1 Evacuation Pause) 767M->159M(1024M) 4.964ms
[2026-01-28T11:32:31.818+0000][gc,cpu      ] GC(37) User=0.02s Sys=0.00s Real=0.01s
[2026-01-28T11:33:11.788+0000][gc,start    ] GC(38) Pause Young (Normal) (G1 Evacuation Pause)
[2026-01-28T11:33:11.789+0000][gc,task     ] GC(38) Using 10 workers of 10 for evacuation
[2026-01-28T11:33:11.804+0000][gc,phases   ] GC(38)   Pre Evacuate Collection Set: 1.0ms
[2026-01-28T11:33:11.804+0000][gc,phases   ] GC(38)   Merge Heap Roots: 0.2ms
[2026-01-28T11:33:11.804+0000][gc,phases   ] GC(38)   Evacuate Collection Set: 11.2ms
[2026-01-28T11:33:11.804+0000][gc,phases   ] GC(38)   Post Evacuate Collection Set: 2.0ms
[2026-01-28T11:33:11.804+0000][gc,phases   ] GC(38)   Other: 0.2ms
[2026-01-28T11:33:11.804+0000][gc,heap     ] GC(38) Eden regions: 607->0(607)
[2026-01-28T11:33:11.804+0000][gc,heap     ] GC(38) Survivor regions: 7->7(77)
[2026-01-28T11:33:11.805+0000][gc,heap     ] GC(38) Old regions: 24->24
[2026-01-28T11:33:11.805+0000][gc,heap     ] GC(38) Humongous regions: 130->130
[2026-01-28T11:33:11.805+0000][gc,metaspace] GC(38) Metaspace: 15588K(16064K)->15588K(16064K) NonClass: 13872K(14080K)->13872K(14080K) Class: 1716K(1984K)->1716K(1984K)
[2026-01-28T11:33:11.805+0000][gc          ] GC(38) Pause Young (Normal) (G1 Evacuation Pause) 766M->159M(1024M) 16.855ms
[2026-01-28T11:33:11.805+0000][gc,cpu      ] GC(38) User=0.09s Sys=0.01s Real=0.01s
[2026-01-28T11:33:51.668+0000][gc,start    ] GC(39) Pause Young (Normal) (G1 Evacuation Pause)
[2026-01-28T11:33:51.668+0000][gc,task     ] GC(39) Using 10 workers of 10 for evacuation
[2026-01-28T11:33:51.675+0000][gc,phases   ] GC(39)   Pre Evacuate Collection Set: 0.8ms
[2026-01-28T11:33:51.675+0000][gc,phases   ] GC(39)   Merge Heap Roots: 0.2ms
[2026-01-28T11:33:51.675+0000][gc,phases   ] GC(39)   Evacuate Collection Set: 4.5ms
[2026-01-28T11:33:51.675+0000][gc,phases   ] GC(39)   Post Evacuate Collection Set: 0.9ms
[2026-01-28T11:33:51.675+0000][gc,phases   ] GC(39)   Other: 0.2ms
[2026-01-28T11:33:51.675+0000][gc,heap     ] GC(39) Eden regions: 607->0(607)
[2026-01-28T11:33:51.675+0000][gc,heap     ] GC(39) Survivor regions: 7->7(77)
[2026-01-28T11:33:51.675+0000][gc,heap     ] GC(39) Old regions: 24->24
[2026-01-28T11:33:51.675+0000][gc,heap     ] GC(39) Humongous regions: 130->130
[2026-01-28T11:33:51.675+0000][gc,metaspace] GC(39) Metaspace: 15590K(16064K)->15590K(16064K) NonClass: 13873K(14080K)->13873K(14080K) Class: 1716K(1984K)->1716K(1984K)
[2026-01-28T11:33:51.675+0000][gc          ] GC(39) Pause Young (Normal) (G1 Evacuation Pause) 766M->160M(1024M) 7.535ms
[2026-01-28T11:33:51.675+0000][gc,cpu      ] GC(39) User=0.05s Sys=0.01s Real=0.01s
[2026-01-28T11:34:31.611+0000][gc,start    ] GC(40) Pause Young (Normal) (G1 Evacuation Pause)
[2026-01-28T11:34:31.612+0000][gc,task     ] GC(40) Using 10 workers of 10 for evacuation
[2026-01-28T11:34:31.623+0000][gc,phases   ] GC(40)   Pre Evacuate Collection Set: 2.7ms
[2026-01-28T11:34:31.624+0000][gc,phases   ] GC(40)   Merge Heap Roots: 2.3ms
[2026-01-28T11:34:31.624+0000][gc,phases   ] GC(40)   Evacuate Collection Set: 3.4ms
[2026-01-28T11:34:31.624+0000][gc,phases   ] GC(40)   Post Evacuate Collection Set: 2.8ms
[2026-01-28T11:34:31.624+0000][gc,phases   ] GC(40)   Other: 0.2ms
[2026-01-28T11:34:31.624+0000][gc,heap     ] GC(40) Eden regions: 607->0(607)
[2026-01-28T11:34:31.624+0000][gc,heap     ] GC(40) Survivor regions: 7->7(77)
[2026-01-28T11:34:31.624+0000][gc,heap     ] GC(40) Old regions: 24->24
[2026-01-28T11:34:31.624+0000][gc,heap     ] GC(40) Humongous regions: 130->130
[2026-01-28T11:34:31.624+0000][gc,metaspace] GC(40) Metaspace: 15595K(16064K)->15595K(16064K) NonClass: 13879K(14080K)->13879K(14080K) Class: 1716K(1984K)->1716K(1984K)
[2026-01-28T11:34:31.624+0000][gc          ] GC(40) Pause Young (Normal) (G1 Evacuation Pause) 767M->160M(1024M) 13.170ms
[2026-01-28T11:34:31.624+0000][gc,cpu      ] GC(40) User=0.08s Sys=0.00s Real=0.01s
[2026-01-28T11:35:01.849+0000][gc,start    ] GC(41) Pause Young (Normal) (G1 Evacuation Pause)
[2026-01-28T11:35:01.850+0000][gc,task     ] GC(41) Using 10 workers of 10 for evacuation
[2026-01-28T11:35:01.855+0000][gc,phases   ] GC(41)   Pre Evacuate Collection Set: 0.7ms
[2026-01-28T11:35:01.855+0000][gc,phases   ] GC(41)   Merge Heap Roots: 0.2ms
[2026-01-28T11:35:01.855+0000][gc,phases   ] GC(41)   Evacuate Collection Set: 3.3ms
[2026-01-28T11:35:01.855+0000][gc,phases   ] GC(41)   Post Evacuate Collection Set: 0.6ms
[2026-01-28T11:35:01.855+0000][gc,phases   ] GC(41)   Other: 0.1ms
[2026-01-28T11:35:01.855+0000][gc,heap     ] GC(41) Eden regions: 607->0(603)
[2026-01-28T11:35:01.856+0000][gc,heap     ] GC(41) Survivor regions: 7->11(77)
[2026-01-28T11:35:01.856+0000][gc,heap     ] GC(41) Old regions: 24->24
[2026-01-28T11:35:01.856+0000][gc,heap     ] GC(41) Humongous regions: 130->130
[2026-01-28T11:35:01.856+0000][gc,metaspace] GC(41) Metaspace: 15595K(16064K)->15595K(16064K) NonClass: 13879K(14080K)->13879K(14080K) Class: 1716K(1984K)->1716K(1984K)
[2026-01-28T11:35:01.856+0000][gc          ] GC(41) Pause Young (Normal) (G1 Evacuation Pause) 767M->164M(1024M) 6.337ms
[2026-01-28T11:35:01.856+0000][gc,cpu      ] GC(41) User=0.03s Sys=0.00s Real=0.01s
[2026-01-28T11:35:41.787+0000][gc,start    ] GC(42) Pause Young (Normal) (G1 Evacuation Pause)
[2026-01-28T11:35:41.787+0000][gc,task     ] GC(42) Using 10 workers of 10 for evacuation
[2026-01-28T11:35:41.793+0000][gc,phases   ] GC(42)   Pre Evacuate Collection Set: 0.7ms
[2026-01-28T11:35:41.793+0000][gc,phases   ] GC(42)   Merge Heap Roots: 0.2ms
[2026-01-28T11:35:41.793+0000][gc,phases   ] GC(42)   Evacuate Collection Set: 3.4ms
[2026-01-28T11:35:41.793+0000][gc,phases   ] GC(42)   Post Evacuate Collection Set: 0.6ms
[2026-01-28T11:35:41.793+0000][gc,phases   ] GC(42)   Other: 0.1ms
[2026-01-28T11:35:41.793+0000][gc,heap     ] GC(42) Eden regions: 603->0(603)
[2026-01-28T11:35:41.793+0000][gc,heap     ] GC(42) Survivor regions: 11->11(77)
[2026-01-28T11:35:41.793+0000][gc,heap     ] GC(42) Old regions: 24->25
[2026-01-28T11:35:41.793+0000][gc,heap     ] GC(42) Humongous regions: 130->130
[2026-01-28T11:35:41.793+0000][gc,metaspace] GC(42) Metaspace: 15601K(16064K)->15601K(16064K) NonClass: 13885K(14080K)->13885K(14080K) Class: 1716K(1984K)->1716K(1984K)
[2026-01-28T11:35:41.793+0000][gc          ] GC(42) Pause Young (Normal) (G1 Evacuation Pause) 767M->164M(1024M) 6.413ms
[2026-01-28T11:35:41.793+0000][gc,cpu      ] GC(42) User=0.03s Sys=0.01s Real=0.01s
[2026-01-28T11:36:21.716+0000][gc,start    ] GC(43) Pause Young (Normal) (G1 Evacuation Pause)
[2026-01-28T11:36:21.716+0000][gc,task     ] GC(43) Using 10 workers of 10 for evacuation
[2026-01-28T11:36:21.722+0000][gc,phases   ] GC(43)   Pre Evacuate Collection Set: 0.7ms
[2026-01-28T11:36:21.722+0000][gc,phases   ] GC(43)   Merge Heap Roots: 0.2ms
[2026-01-28T11:36:21.722+0000][gc,phases   ] GC(43)   Evacuate Collection Set: 4.4ms
[2026-01-28T11:36:21.722+0000][gc,phases   ] GC(43)   Post Evacuate Collection Set: 0.7ms
[2026-01-28T11:36:21.722+0000][gc,phases   ] GC(43)   Other: 0.2ms
[2026-01-28T11:36:21.722+0000][gc,heap     ] GC(43) Eden regions: 603->0(603)
[2026-01-28T11:36:21.722+0000][gc,heap     ] GC(43) Survivor regions: 11->11(77)
[2026-01-28T11:36:21.722+0000][gc,heap     ] GC(43) Old regions: 25->25
[2026-01-28T11:36:21.723+0000][gc,heap     ] GC(43) Humongous regions: 130->130
[2026-01-28T11:36:21.723+0000][gc,metaspace] GC(43) Metaspace: 15609K(16064K)->15609K(16064K) NonClass: 13893K(14080K)->13893K(14080K) Class: 1716K(1984K)->1716K(1984K)
[2026-01-28T11:36:21.723+0000][gc          ] GC(43) Pause Young (Normal) (G1 Evacuation Pause) 767M->164M(1024M) 7.213ms
[2026-01-28T11:36:21.723+0000][gc,cpu      ] GC(43) User=0.04s Sys=0.00s Real=0.01s
[2026-01-28T11:37:01.643+0000][gc,start    ] GC(44) Pause Young (Normal) (G1 Evacuation Pause)
[2026-01-28T11:37:01.645+0000][gc,task     ] GC(44) Using 10 workers of 10 for evacuation
[2026-01-28T11:37:01.649+0000][gc,phases   ] GC(44)   Pre Evacuate Collection Set: 0.6ms
[2026-01-28T11:37:01.649+0000][gc,phases   ] GC(44)   Merge Heap Roots: 0.2ms
[2026-01-28T11:37:01.649+0000][gc,phases   ] GC(44)   Evacuate Collection Set: 2.4ms
[2026-01-28T11:37:01.649+0000][gc,phases   ] GC(44)   Post Evacuate Collection Set: 0.7ms
[2026-01-28T11:37:01.649+0000][gc,phases   ] GC(44)   Other: 0.2ms
[2026-01-28T11:37:01.649+0000][gc,heap     ] GC(44) Eden regions: 603->0(608)
[2026-01-28T11:37:01.649+0000][gc,heap     ] GC(44) Survivor regions: 11->6(77)
[2026-01-28T11:37:01.649+0000][gc,heap     ] GC(44) Old regions: 25->25
[2026-01-28T11:37:01.649+0000][gc,heap     ] GC(44) Humongous regions: 130->130
[2026-01-28T11:37:01.649+0000][gc,metaspace] GC(44) Metaspace: 15610K(16064K)->15610K(16064K) NonClass: 13893K(14080K)->13893K(14080K) Class: 1716K(1984K)->1716K(1984K)
[2026-01-28T11:37:01.649+0000][gc          ] GC(44) Pause Young (Normal) (G1 Evacuation Pause) 767M->159M(1024M) 5.779ms
[2026-01-28T11:37:01.649+0000][gc,cpu      ] GC(44) User=0.02s Sys=0.01s Real=0.00s
[2026-01-28T11:37:22.460+0000][gc,start    ] GC(45) Pause Young (Concurrent Start) (CodeCache GC Threshold)
[2026-01-28T11:37:22.461+0000][gc,task     ] GC(45) Using 10 workers of 10 for evacuation
[2026-01-28T11:37:22.470+0000][gc,phases   ] GC(45)   Pre Evacuate Collection Set: 0.9ms
[2026-01-28T11:37:22.470+0000][gc,phases   ] GC(45)   Merge Heap Roots: 0.2ms
[2026-01-28T11:37:22.471+0000][gc,phases   ] GC(45)   Evacuate Collection Set: 7.0ms
[2026-01-28T11:37:22.471+0000][gc,phases   ] GC(45)   Post Evacuate Collection Set: 0.9ms
[2026-01-28T11:37:22.471+0000][gc,phases   ] GC(45)   Other: 0.4ms
[2026-01-28T11:37:22.471+0000][gc,heap     ] GC(45) Eden regions: 508->0(606)
[2026-01-28T11:37:22.471+0000][gc,heap     ] GC(45) Survivor regions: 6->8(77)
[2026-01-28T11:37:22.471+0000][gc,heap     ] GC(45) Old regions: 25->25
[2026-01-28T11:37:22.471+0000][gc,heap     ] GC(45) Humongous regions: 130->130
[2026-01-28T11:37:22.471+0000][gc,metaspace] GC(45) Metaspace: 16066K(16512K)->16066K(16512K) NonClass: 14288K(14464K)->14288K(14464K) Class: 1777K(2048K)->1777K(2048K)
[2026-01-28T11:37:22.471+0000][gc          ] GC(45) Pause Young (Concurrent Start) (CodeCache GC Threshold) 667M->161M(1024M) 11.059ms
[2026-01-28T11:37:22.471+0000][gc,cpu      ] GC(45) User=0.07s Sys=0.00s Real=0.02s
[2026-01-28T11:37:22.471+0000][gc          ] GC(46) Concurrent Mark Cycle
[2026-01-28T11:37:22.471+0000][gc,marking  ] GC(46) Concurrent Scan Root Regions
[2026-01-28T11:37:22.476+0000][gc,marking  ] GC(46) Concurrent Scan Root Regions 4.991ms
[2026-01-28T11:37:22.477+0000][gc,marking  ] GC(46) Concurrent Mark
[2026-01-28T11:37:22.477+0000][gc,marking  ] GC(46) Concurrent Mark From Roots
[2026-01-28T11:37:22.477+0000][gc,task     ] GC(46) Using 3 workers of 3 for marking
[2026-01-28T11:37:22.488+0000][gc,marking  ] GC(46) Concurrent Mark From Roots 10.963ms
[2026-01-28T11:37:22.488+0000][gc,marking  ] GC(46) Concurrent Preclean
[2026-01-28T11:37:22.488+0000][gc,marking  ] GC(46) Concurrent Preclean 0.302ms
[2026-01-28T11:37:22.488+0000][gc,start    ] GC(46) Pause Remark
[2026-01-28T11:37:22.502+0000][gc          ] GC(46) Pause Remark 162M->162M(1024M) 13.173ms
[2026-01-28T11:37:22.502+0000][gc,cpu      ] GC(46) User=0.06s Sys=0.01s Real=0.02s
[2026-01-28T11:37:22.502+0000][gc,marking  ] GC(46) Concurrent Mark 25.854ms
[2026-01-28T11:37:22.503+0000][gc,marking  ] GC(46) Concurrent Rebuild Remembered Sets and Scrub Regions
[2026-01-28T11:37:22.509+0000][gc,marking  ] GC(46) Concurrent Rebuild Remembered Sets and Scrub Regions 6.246ms
[2026-01-28T11:37:22.509+0000][gc,start    ] GC(46) Pause Cleanup
[2026-01-28T11:37:22.509+0000][gc          ] GC(46) Pause Cleanup 163M->163M(1024M) 0.182ms
[2026-01-28T11:37:22.509+0000][gc,cpu      ] GC(46) User=0.00s Sys=0.00s Real=0.00s
[2026-01-28T11:37:22.509+0000][gc,marking  ] GC(46) Concurrent Clear Claimed Marks
[2026-01-28T11:37:22.510+0000][gc,marking  ] GC(46) Concurrent Clear Claimed Marks 0.371ms
[2026-01-28T11:37:22.510+0000][gc,marking  ] GC(46) Concurrent Cleanup for Next Mark
[2026-01-28T11:37:22.513+0000][gc,marking  ] GC(46) Concurrent Cleanup for Next Mark 2.598ms
[2026-01-28T11:37:22.515+0000][gc          ] GC(46) Concurrent Mark Cycle 43.770ms
[2026-01-28T11:37:28.305+0000][gc,start    ] GC(47) Pause Young (Prepare Mixed) (G1 Evacuation Pause)
[2026-01-28T11:37:28.306+0000][gc,task     ] GC(47) Using 10 workers of 10 for evacuation
[2026-01-28T11:37:28.321+0000][gc,phases   ] GC(47)   Pre Evacuate Collection Set: 2.1ms
[2026-01-28T11:37:28.321+0000][gc,phases   ] GC(47)   Merge Heap Roots: 0.6ms
[2026-01-28T11:37:28.321+0000][gc,phases   ] GC(47)   Evacuate Collection Set: 11.2ms
[2026-01-28T11:37:28.321+0000][gc,phases   ] GC(47)   Post Evacuate Collection Set: 0.9ms
[2026-01-28T11:37:28.321+0000][gc,phases   ] GC(47)   Other: 0.4ms
[2026-01-28T11:37:28.321+0000][gc,heap     ] GC(47) Eden regions: 606->0(601)
[2026-01-28T11:37:28.321+0000][gc,heap     ] GC(47) Survivor regions: 8->13(77)
[2026-01-28T11:37:28.321+0000][gc,heap     ] GC(47) Old regions: 25->25
[2026-01-28T11:37:28.321+0000][gc,heap     ] GC(47) Humongous regions: 130->130
[2026-01-28T11:37:28.321+0000][gc,metaspace] GC(47) Metaspace: 16283K(16704K)->16283K(16704K) NonClass: 14532K(14656K)->14532K(14656K) Class: 1750K(2048K)->1750K(2048K)
[2026-01-28T11:37:28.321+0000][gc          ] GC(47) Pause Young (Prepare Mixed) (G1 Evacuation Pause) 767M->167M(1024M) 16.230ms
[2026-01-28T11:37:28.322+0000][gc,cpu      ] GC(47) User=0.11s Sys=0.01s Real=0.02s
[2026-01-28T11:37:31.786+0000][gc,start    ] GC(48) Pause Young (Mixed) (G1 Evacuation Pause)
[2026-01-28T11:37:31.789+0000][gc,task     ] GC(48) Using 10 workers of 10 for evacuation
[2026-01-28T11:37:31.797+0000][gc,phases   ] GC(48)   Pre Evacuate Collection Set: 0.6ms
[2026-01-28T11:37:31.797+0000][gc,phases   ] GC(48)   Merge Heap Roots: 0.2ms
[2026-01-28T11:37:31.797+0000][gc,phases   ] GC(48)   Evacuate Collection Set: 6.1ms
[2026-01-28T11:37:31.797+0000][gc,phases   ] GC(48)   Post Evacuate Collection Set: 0.6ms
[2026-01-28T11:37:31.797+0000][gc,phases   ] GC(48)   Other: 0.2ms
[2026-01-28T11:37:31.797+0000][gc,heap     ] GC(48) Eden regions: 601->0(598)
[2026-01-28T11:37:31.797+0000][gc,heap     ] GC(48) Survivor regions: 13->16(77)
[2026-01-28T11:37:31.797+0000][gc,heap     ] GC(48) Old regions: 25->25
[2026-01-28T11:37:31.797+0000][gc,heap     ] GC(48) Humongous regions: 130->130
[2026-01-28T11:37:31.797+0000][gc,metaspace] GC(48) Metaspace: 16293K(16768K)->16293K(16768K) NonClass: 14542K(14720K)->14542K(14720K) Class: 1750K(2048K)->1750K(2048K)
[2026-01-28T11:37:31.797+0000][gc          ] GC(48) Pause Young (Mixed) (G1 Evacuation Pause) 768M->169M(1024M) 11.053ms
[2026-01-28T11:37:31.797+0000][gc,cpu      ] GC(48) User=0.06s Sys=0.00s Real=0.01s
[2026-01-28T11:37:34.480+0000][gc,start    ] GC(49) Pause Young (Normal) (G1 Evacuation Pause)
[2026-01-28T11:37:34.481+0000][gc,task     ] GC(49) Using 10 workers of 10 for evacuation
[2026-01-28T11:37:34.488+0000][gc,phases   ] GC(49)   Pre Evacuate Collection Set: 1.6ms
[2026-01-28T11:37:34.488+0000][gc,phases   ] GC(49)   Merge Heap Roots: 0.2ms
[2026-01-28T11:37:34.488+0000][gc,phases   ] GC(49)   Evacuate Collection Set: 4.8ms
[2026-01-28T11:37:34.488+0000][gc,phases   ] GC(49)   Post Evacuate Collection Set: 0.6ms
[2026-01-28T11:37:34.488+0000][gc,phases   ] GC(49)   Other: 0.1ms
[2026-01-28T11:37:34.488+0000][gc,heap     ] GC(49) Eden regions: 598->0(599)
[2026-01-28T11:37:34.488+0000][gc,heap     ] GC(49) Survivor regions: 16->15(77)
[2026-01-28T11:37:34.489+0000][gc,heap     ] GC(49) Old regions: 25->25
[2026-01-28T11:37:34.489+0000][gc,heap     ] GC(49) Humongous regions: 130->130
[2026-01-28T11:37:34.489+0000][gc,metaspace] GC(49) Metaspace: 16293K(16768K)->16293K(16768K) NonClass: 14542K(14720K)->14542K(14720K) Class: 1751K(2048K)->1751K(2048K)
[2026-01-28T11:37:34.489+0000][gc          ] GC(49) Pause Young (Normal) (G1 Evacuation Pause) 767M->169M(1024M) 8.528ms
[2026-01-28T11:37:34.489+0000][gc,cpu      ] GC(49) User=0.04s Sys=0.01s Real=0.01s
[2026-01-28T11:37:37.674+0000][gc,start    ] GC(50) Pause Young (Normal) (G1 Evacuation Pause)
[2026-01-28T11:37:37.674+0000][gc,task     ] GC(50) Using 10 workers of 10 for evacuation
[2026-01-28T11:37:37.680+0000][gc,phases   ] GC(50)   Pre Evacuate Collection Set: 0.4ms
[2026-01-28T11:37:37.680+0000][gc,phases   ] GC(50)   Merge Heap Roots: 0.2ms
[2026-01-28T11:37:37.680+0000][gc,phases   ] GC(50)   Evacuate Collection Set: 4.4ms
[2026-01-28T11:37:37.680+0000][gc,phases   ] GC(50)   Post Evacuate Collection Set: 0.6ms
[2026-01-28T11:37:37.680+0000][gc,phases   ] GC(50)   Other: 0.2ms
[2026-01-28T11:37:37.680+0000][gc,heap     ] GC(50) Eden regions: 599->0(601)
[2026-01-28T11:37:37.680+0000][gc,heap     ] GC(50) Survivor regions: 15->13(77)
[2026-01-28T11:37:37.680+0000][gc,heap     ] GC(50) Old regions: 25->25
[2026-01-28T11:37:37.680+0000][gc,heap     ] GC(50) Humongous regions: 130->130
[2026-01-28T11:37:37.680+0000][gc,metaspace] GC(50) Metaspace: 16294K(16768K)->16294K(16768K) NonClass: 14542K(14720K)->14542K(14720K) Class: 1751K(2048K)->1751K(2048K)
[2026-01-28T11:37:37.680+0000][gc          ] GC(50) Pause Young (Normal) (G1 Evacuation Pause) 768M->167M(1024M) 6.214ms
[2026-01-28T11:37:37.680+0000][gc,cpu      ] GC(50) User=0.04s Sys=0.01s Real=0.00s
[2026-01-28T11:37:41.350+0000][gc,start    ] GC(51) Pause Young (Normal) (G1 Evacuation Pause)
[2026-01-28T11:37:41.350+0000][gc,task     ] GC(51) Using 10 workers of 10 for evacuation
[2026-01-28T11:37:41.363+0000][gc,phases   ] GC(51)   Pre Evacuate Collection Set: 0.7ms
[2026-01-28T11:37:41.363+0000][gc,phases   ] GC(51)   Merge Heap Roots: 0.3ms
[2026-01-28T11:37:41.363+0000][gc,phases   ] GC(51)   Evacuate Collection Set: 10.2ms
[2026-01-28T11:37:41.363+0000][gc,phases   ] GC(51)   Post Evacuate Collection Set: 1.2ms
[2026-01-28T11:37:41.363+0000][gc,phases   ] GC(51)   Other: 0.2ms
[2026-01-28T11:37:41.363+0000][gc,heap     ] GC(51) Eden regions: 601->0(598)
[2026-01-28T11:37:41.363+0000][gc,heap     ] GC(51) Survivor regions: 13->16(77)
[2026-01-28T11:37:41.363+0000][gc,heap     ] GC(51) Old regions: 25->25
[2026-01-28T11:37:41.363+0000][gc,heap     ] GC(51) Humongous regions: 130->130
[2026-01-28T11:37:41.363+0000][gc,metaspace] GC(51) Metaspace: 16304K(16768K)->16304K(16768K) NonClass: 14553K(14720K)->14553K(14720K) Class: 1751K(2048K)->1751K(2048K)
[2026-01-28T11:37:41.363+0000][gc          ] GC(51) Pause Young (Normal) (G1 Evacuation Pause) 768M->170M(1024M) 13.529ms
[2026-01-28T11:37:41.363+0000][gc,cpu      ] GC(51) User=0.11s Sys=0.00s Real=0.02s
[2026-01-28T11:37:43.732+0000][gc,start    ] GC(52) Pause Young (Normal) (G1 Evacuation Pause)
[2026-01-28T11:37:43.732+0000][gc,task     ] GC(52) Using 10 workers of 10 for evacuation
[2026-01-28T11:37:43.736+0000][gc,phases   ] GC(52)   Pre Evacuate Collection Set: 0.3ms
[2026-01-28T11:37:43.736+0000][gc,phases   ] GC(52)   Merge Heap Roots: 0.1ms
[2026-01-28T11:37:43.736+0000][gc,phases   ] GC(52)   Evacuate Collection Set: 2.8ms
[2026-01-28T11:37:43.736+0000][gc,phases   ] GC(52)   Post Evacuate Collection Set: 0.7ms
[2026-01-28T11:37:43.736+0000][gc,phases   ] GC(52)   Other: 0.1ms
[2026-01-28T11:37:43.736+0000][gc,heap     ] GC(52) Eden regions: 598->0(601)
[2026-01-28T11:37:43.736+0000][gc,heap     ] GC(52) Survivor regions: 16->13(77)
[2026-01-28T11:37:43.736+0000][gc,heap     ] GC(52) Old regions: 25->26
[2026-01-28T11:37:43.736+0000][gc,heap     ] GC(52) Humongous regions: 130->130
[2026-01-28T11:37:43.736+0000][gc,metaspace] GC(52) Metaspace: 16304K(16768K)->16304K(16768K) NonClass: 14553K(14720K)->14553K(14720K) Class: 1751K(2048K)->1751K(2048K)
[2026-01-28T11:37:43.737+0000][gc          ] GC(52) Pause Young (Normal) (G1 Evacuation Pause) 768M->168M(1024M) 4.834ms
[2026-01-28T11:37:43.737+0000][gc,cpu      ] GC(52) User=0.02s Sys=0.01s Real=0.00s
[2026-01-28T11:37:47.203+0000][gc,start    ] GC(53) Pause Young (Normal) (G1 Evacuation Pause)
[2026-01-28T11:37:47.203+0000][gc,task     ] GC(53) Using 10 workers of 10 for evacuation
[2026-01-28T11:37:47.241+0000][gc,phases   ] GC(53)   Pre Evacuate Collection Set: 1.1ms
[2026-01-28T11:37:47.241+0000][gc,phases   ] GC(53)   Merge Heap Roots: 0.3ms
[2026-01-28T11:37:47.241+0000][gc,phases   ] GC(53)   Evacuate Collection Set: 35.7ms
[2026-01-28T11:37:47.241+0000][gc,phases   ] GC(53)   Post Evacuate Collection Set: 1.1ms
[2026-01-28T11:37:47.241+0000][gc,phases   ] GC(53)   Other: 0.2ms
[2026-01-28T11:37:47.241+0000][gc,heap     ] GC(53) Eden regions: 601->0(597)
[2026-01-28T11:37:47.242+0000][gc,heap     ] GC(53) Survivor regions: 13->17(77)
[2026-01-28T11:37:47.242+0000][gc,heap     ] GC(53) Old regions: 26->26
[2026-01-28T11:37:47.242+0000][gc,heap     ] GC(53) Humongous regions: 130->130
[2026-01-28T11:37:47.242+0000][gc,metaspace] GC(53) Metaspace: 16304K(16768K)->16304K(16768K) NonClass: 14553K(14720K)->14553K(14720K) Class: 1751K(2048K)->1751K(2048K)
[2026-01-28T11:37:47.242+0000][gc          ] GC(53) Pause Young (Normal) (G1 Evacuation Pause) 769M->171M(1024M) 39.248ms
[2026-01-28T11:37:47.242+0000][gc,cpu      ] GC(53) User=0.34s Sys=0.02s Real=0.04s
[2026-01-28T11:37:50.075+0000][gc,start    ] GC(54) Pause Young (Normal) (G1 Evacuation Pause)
[2026-01-28T11:37:50.076+0000][gc,task     ] GC(54) Using 10 workers of 10 for evacuation
[2026-01-28T11:37:50.080+0000][gc,phases   ] GC(54)   Pre Evacuate Collection Set: 0.3ms
[2026-01-28T11:37:50.080+0000][gc,phases   ] GC(54)   Merge Heap Roots: 0.1ms
[2026-01-28T11:37:50.080+0000][gc,phases   ] GC(54)   Evacuate Collection Set: 2.8ms
[2026-01-28T11:37:50.080+0000][gc,phases   ] GC(54)   Post Evacuate Collection Set: 0.5ms
[2026-01-28T11:37:50.080+0000][gc,phases   ] GC(54)   Other: 0.1ms
[2026-01-28T11:37:50.080+0000][gc,heap     ] GC(54) Eden regions: 597->0(602)
[2026-01-28T11:37:50.080+0000][gc,heap     ] GC(54) Survivor regions: 17->12(77)
[2026-01-28T11:37:50.080+0000][gc,heap     ] GC(54) Old regions: 26->26
[2026-01-28T11:37:50.080+0000][gc,heap     ] GC(54) Humongous regions: 130->130
[2026-01-28T11:37:50.080+0000][gc,metaspace] GC(54) Metaspace: 16304K(16768K)->16304K(16768K) NonClass: 14553K(14720K)->14553K(14720K) Class: 1751K(2048K)->1751K(2048K)
[2026-01-28T11:37:50.080+0000][gc          ] GC(54) Pause Young (Normal) (G1 Evacuation Pause) 768M->166M(1024M) 4.643ms
[2026-01-28T11:37:50.080+0000][gc,cpu      ] GC(54) User=0.02s Sys=0.01s Real=0.00s
[2026-01-28T11:37:52.212+0000][gc,start    ] GC(55) Pause Young (Normal) (G1 Evacuation Pause)
[2026-01-28T11:37:52.213+0000][gc,task     ] GC(55) Using 10 workers of 10 for evacuation
[2026-01-28T11:37:52.219+0000][gc,phases   ] GC(55)   Pre Evacuate Collection Set: 0.5ms
[2026-01-28T11:37:52.219+0000][gc,phases   ] GC(55)   Merge Heap Roots: 0.2ms
[2026-01-28T11:37:52.219+0000][gc,phases   ] GC(55)   Evacuate Collection Set: 5.2ms
[2026-01-28T11:37:52.219+0000][gc,phases   ] GC(55)   Post Evacuate Collection Set: 0.6ms
[2026-01-28T11:37:52.219+0000][gc,phases   ] GC(55)   Other: 0.1ms
[2026-01-28T11:37:52.220+0000][gc,heap     ] GC(55) Eden regions: 602->0(596)
[2026-01-28T11:37:52.220+0000][gc,heap     ] GC(55) Survivor regions: 12->18(77)
[2026-01-28T11:37:52.220+0000][gc,heap     ] GC(55) Old regions: 26->26
[2026-01-28T11:37:52.220+0000][gc,heap     ] GC(55) Humongous regions: 130->130
[2026-01-28T11:37:52.220+0000][gc,metaspace] GC(55) Metaspace: 16304K(16768K)->16304K(16768K) NonClass: 14553K(14720K)->14553K(14720K) Class: 1751K(2048K)->1751K(2048K)
[2026-01-28T11:37:52.220+0000][gc          ] GC(55) Pause Young (Normal) (G1 Evacuation Pause) 768M->173M(1024M) 7.453ms
[2026-01-28T11:37:52.220+0000][gc,cpu      ] GC(55) User=0.05s Sys=0.01s Real=0.00s
[2026-01-28T11:37:54.766+0000][gc,start    ] GC(56) Pause Young (Normal) (G1 Evacuation Pause)
[2026-01-28T11:37:54.767+0000][gc,task     ] GC(56) Using 10 workers of 10 for evacuation
[2026-01-28T11:37:54.773+0000][gc,phases   ] GC(56)   Pre Evacuate Collection Set: 0.4ms
[2026-01-28T11:37:54.773+0000][gc,phases   ] GC(56)   Merge Heap Roots: 0.1ms
[2026-01-28T11:37:54.773+0000][gc,phases   ] GC(56)   Evacuate Collection Set: 4.7ms
[2026-01-28T11:37:54.773+0000][gc,phases   ] GC(56)   Post Evacuate Collection Set: 0.9ms
[2026-01-28T11:37:54.773+0000][gc,phases   ] GC(56)   Other: 0.2ms
[2026-01-28T11:37:54.773+0000][gc,heap     ] GC(56) Eden regions: 596->0(601)
[2026-01-28T11:37:54.773+0000][gc,heap     ] GC(56) Survivor regions: 18->13(77)
[2026-01-28T11:37:54.773+0000][gc,heap     ] GC(56) Old regions: 26->27
[2026-01-28T11:37:54.773+0000][gc,heap     ] GC(56) Humongous regions: 130->130
[2026-01-28T11:37:54.773+0000][gc,metaspace] GC(56) Metaspace: 16304K(16768K)->16304K(16768K) NonClass: 14553K(14720K)->14553K(14720K) Class: 1751K(2048K)->1751K(2048K)
[2026-01-28T11:37:54.774+0000][gc          ] GC(56) Pause Young (Normal) (G1 Evacuation Pause) 769M->168M(1024M) 7.231ms
[2026-01-28T11:37:54.774+0000][gc,cpu      ] GC(56) User=0.04s Sys=0.00s Real=0.01s
[2026-01-28T11:37:57.325+0000][gc,start    ] GC(57) Pause Young (Normal) (G1 Evacuation Pause)
[2026-01-28T11:37:57.325+0000][gc,task     ] GC(57) Using 10 workers of 10 for evacuation
[2026-01-28T11:37:57.332+0000][gc,phases   ] GC(57)   Pre Evacuate Collection Set: 0.3ms
[2026-01-28T11:37:57.332+0000][gc,phases   ] GC(57)   Merge Heap Roots: 0.1ms
[2026-01-28T11:37:57.332+0000][gc,phases   ] GC(57)   Evacuate Collection Set: 5.5ms
[2026-01-28T11:37:57.332+0000][gc,phases   ] GC(57)   Post Evacuate Collection Set: 0.7ms
[2026-01-28T11:37:57.332+0000][gc,phases   ] GC(57)   Other: 0.1ms
[2026-01-28T11:37:57.332+0000][gc,heap     ] GC(57) Eden regions: 601->0(599)
[2026-01-28T11:37:57.332+0000][gc,heap     ] GC(57) Survivor regions: 13->15(77)
[2026-01-28T11:37:57.332+0000][gc,heap     ] GC(57) Old regions: 27->27
[2026-01-28T11:37:57.332+0000][gc,heap     ] GC(57) Humongous regions: 130->130
[2026-01-28T11:37:57.332+0000][gc,metaspace] GC(57) Metaspace: 16304K(16768K)->16304K(16768K) NonClass: 14553K(14720K)->14553K(14720K) Class: 1751K(2048K)->1751K(2048K)
[2026-01-28T11:37:57.333+0000][gc          ] GC(57) Pause Young (Normal) (G1 Evacuation Pause) 769M->171M(1024M) 7.819ms
[2026-01-28T11:37:57.333+0000][gc,cpu      ] GC(57) User=0.05s Sys=0.00s Real=0.01s
[2026-01-28T11:37:59.663+0000][gc,start    ] GC(58) Pause Young (Normal) (G1 Evacuation Pause)
[2026-01-28T11:37:59.663+0000][gc,task     ] GC(58) Using 10 workers of 10 for evacuation
[2026-01-28T11:37:59.667+0000][gc,phases   ] GC(58)   Pre Evacuate Collection Set: 0.5ms
[2026-01-28T11:37:59.667+0000][gc,phases   ] GC(58)   Merge Heap Roots: 0.2ms
[2026-01-28T11:37:59.667+0000][gc,phases   ] GC(58)   Evacuate Collection Set: 3.2ms
[2026-01-28T11:37:59.667+0000][gc,phases   ] GC(58)   Post Evacuate Collection Set: 0.5ms
[2026-01-28T11:37:59.668+0000][gc,phases   ] GC(58)   Other: 0.2ms
[2026-01-28T11:37:59.668+0000][gc,heap     ] GC(58) Eden regions: 599->0(604)
[2026-01-28T11:37:59.668+0000][gc,heap     ] GC(58) Survivor regions: 15->10(77)
[2026-01-28T11:37:59.668+0000][gc,heap     ] GC(58) Old regions: 27->27
[2026-01-28T11:37:59.668+0000][gc,heap     ] GC(58) Humongous regions: 130->130
[2026-01-28T11:37:59.668+0000][gc,metaspace] GC(58) Metaspace: 16306K(16768K)->16306K(16768K) NonClass: 14554K(14720K)->14554K(14720K) Class: 1751K(2048K)->1751K(2048K)
[2026-01-28T11:37:59.668+0000][gc          ] GC(58) Pause Young (Normal) (G1 Evacuation Pause) 770M->166M(1024M) 5.190ms
[2026-01-28T11:37:59.668+0000][gc,cpu      ] GC(58) User=0.04s Sys=0.00s Real=0.00s
[2026-01-28T11:38:01.808+0000][gc,start    ] GC(59) Pause Young (Normal) (G1 Evacuation Pause)
[2026-01-28T11:38:01.808+0000][gc,task     ] GC(59) Using 10 workers of 10 for evacuation
[2026-01-28T11:38:01.814+0000][gc,phases   ] GC(59)   Pre Evacuate Collection Set: 0.4ms
[2026-01-28T11:38:01.814+0000][gc,phases   ] GC(59)   Merge Heap Roots: 0.2ms
[2026-01-28T11:38:01.814+0000][gc,phases   ] GC(59)   Evacuate Collection Set: 5.2ms
[2026-01-28T11:38:01.815+0000][gc,phases   ] GC(59)   Post Evacuate Collection Set: 0.5ms
[2026-01-28T11:38:01.815+0000][gc,phases   ] GC(59)   Other: 0.1ms
[2026-01-28T11:38:01.815+0000][gc,heap     ] GC(59) Eden regions: 604->0(594)
[2026-01-28T11:38:01.815+0000][gc,heap     ] GC(59) Survivor regions: 10->20(77)
[2026-01-28T11:38:01.815+0000][gc,heap     ] GC(59) Old regions: 27->27
[2026-01-28T11:38:01.815+0000][gc,heap     ] GC(59) Humongous regions: 130->130
[2026-01-28T11:38:01.815+0000][gc,metaspace] GC(59) Metaspace: 16306K(16768K)->16306K(16768K) NonClass: 14554K(14720K)->14554K(14720K) Class: 1751K(2048K)->1751K(2048K)
[2026-01-28T11:38:01.815+0000][gc          ] GC(59) Pause Young (Normal) (G1 Evacuation Pause) 770M->176M(1024M) 7.403ms
[2026-01-28T11:38:01.815+0000][gc,cpu      ] GC(59) User=0.05s Sys=0.00s Real=0.01s
[2026-01-28T11:38:03.925+0000][gc,start    ] GC(60) Pause Young (Normal) (G1 Evacuation Pause)
[2026-01-28T11:38:03.925+0000][gc,task     ] GC(60) Using 10 workers of 10 for evacuation
[2026-01-28T11:38:03.928+0000][gc,phases   ] GC(60)   Pre Evacuate Collection Set: 0.3ms
[2026-01-28T11:38:03.928+0000][gc,phases   ] GC(60)   Merge Heap Roots: 0.2ms
[2026-01-28T11:38:03.928+0000][gc,phases   ] GC(60)   Evacuate Collection Set: 1.9ms
[2026-01-28T11:38:03.928+0000][gc,phases   ] GC(60)   Post Evacuate Collection Set: 0.4ms
[2026-01-28T11:38:03.928+0000][gc,phases   ] GC(60)   Other: 0.1ms
[2026-01-28T11:38:03.929+0000][gc,heap     ] GC(60) Eden regions: 594->0(604)
[2026-01-28T11:38:03.929+0000][gc,heap     ] GC(60) Survivor regions: 20->10(77)
[2026-01-28T11:38:03.929+0000][gc,heap     ] GC(60) Old regions: 27->28
[2026-01-28T11:38:03.929+0000][gc,heap     ] GC(60) Humongous regions: 130->130
[2026-01-28T11:38:03.929+0000][gc,metaspace] GC(60) Metaspace: 16306K(16768K)->16306K(16768K) NonClass: 14554K(14720K)->14554K(14720K) Class: 1751K(2048K)->1751K(2048K)
[2026-01-28T11:38:03.929+0000][gc          ] GC(60) Pause Young (Normal) (G1 Evacuation Pause) 770M->167M(1024M) 3.505ms
[2026-01-28T11:38:03.929+0000][gc,cpu      ] GC(60) User=0.02s Sys=0.00s Real=0.00s
[2026-01-28T11:38:07.029+0000][gc,start    ] GC(61) Pause Young (Normal) (G1 Evacuation Pause)
[2026-01-28T11:38:07.029+0000][gc,task     ] GC(61) Using 10 workers of 10 for evacuation
[2026-01-28T11:38:07.038+0000][gc,phases   ] GC(61)   Pre Evacuate Collection Set: 0.9ms
[2026-01-28T11:38:07.038+0000][gc,phases   ] GC(61)   Merge Heap Roots: 0.3ms
[2026-01-28T11:38:07.038+0000][gc,phases   ] GC(61)   Evacuate Collection Set: 6.6ms
[2026-01-28T11:38:07.038+0000][gc,phases   ] GC(61)   Post Evacuate Collection Set: 0.9ms
[2026-01-28T11:38:07.038+0000][gc,phases   ] GC(61)   Other: 0.2ms
[2026-01-28T11:38:07.038+0000][gc,heap     ] GC(61) Eden regions: 604->0(601)
[2026-01-28T11:38:07.038+0000][gc,heap     ] GC(61) Survivor regions: 10->13(77)
[2026-01-28T11:38:07.038+0000][gc,heap     ] GC(61) Old regions: 28->29
[2026-01-28T11:38:07.038+0000][gc,heap     ] GC(61) Humongous regions: 130->130
[2026-01-28T11:38:07.038+0000][gc,metaspace] GC(61) Metaspace: 16306K(16768K)->16306K(16768K) NonClass: 14554K(14720K)->14554K(14720K) Class: 1751K(2048K)->1751K(2048K)
[2026-01-28T11:38:07.038+0000][gc          ] GC(61) Pause Young (Normal) (G1 Evacuation Pause) 771M->170M(1024M) 9.650ms
[2026-01-28T11:38:07.038+0000][gc,cpu      ] GC(61) User=0.07s Sys=0.01s Real=0.01s
[2026-01-28T11:38:10.641+0000][gc,start    ] GC(62) Pause Young (Normal) (G1 Evacuation Pause)
[2026-01-28T11:38:10.642+0000][gc,task     ] GC(62) Using 10 workers of 10 for evacuation
[2026-01-28T11:38:10.672+0000][gc,phases   ] GC(62)   Pre Evacuate Collection Set: 1.2ms
[2026-01-28T11:38:10.672+0000][gc,phases   ] GC(62)   Merge Heap Roots: 0.2ms
[2026-01-28T11:38:10.672+0000][gc,phases   ] GC(62)   Evacuate Collection Set: 27.2ms
[2026-01-28T11:38:10.672+0000][gc,phases   ] GC(62)   Post Evacuate Collection Set: 1.2ms
[2026-01-28T11:38:10.672+0000][gc,phases   ] GC(62)   Other: 0.3ms
[2026-01-28T11:38:10.672+0000][gc,heap     ] GC(62) Eden regions: 601->0(602)
[2026-01-28T11:38:10.672+0000][gc,heap     ] GC(62) Survivor regions: 13->12(77)
[2026-01-28T11:38:10.672+0000][gc,heap     ] GC(62) Old regions: 29->31
[2026-01-28T11:38:10.672+0000][gc,heap     ] GC(62) Humongous regions: 130->130
[2026-01-28T11:38:10.672+0000][gc,metaspace] GC(62) Metaspace: 16308K(16768K)->16308K(16768K) NonClass: 14557K(14720K)->14557K(14720K) Class: 1751K(2048K)->1751K(2048K)
[2026-01-28T11:38:10.672+0000][gc          ] GC(62) Pause Young (Normal) (G1 Evacuation Pause) 771M->171M(1024M) 31.403ms
[2026-01-28T11:38:10.672+0000][gc,cpu      ] GC(62) User=0.25s Sys=0.03s Real=0.04s
[2026-01-28T11:38:13.536+0000][gc,start    ] GC(63) Pause Young (Normal) (G1 Evacuation Pause)
[2026-01-28T11:38:13.536+0000][gc,task     ] GC(63) Using 10 workers of 10 for evacuation
[2026-01-28T11:38:13.545+0000][gc,phases   ] GC(63)   Pre Evacuate Collection Set: 0.6ms
[2026-01-28T11:38:13.545+0000][gc,phases   ] GC(63)   Merge Heap Roots: 0.2ms
[2026-01-28T11:38:13.545+0000][gc,phases   ] GC(63)   Evacuate Collection Set: 6.3ms
[2026-01-28T11:38:13.545+0000][gc,phases   ] GC(63)   Post Evacuate Collection Set: 1.4ms
[2026-01-28T11:38:13.545+0000][gc,phases   ] GC(63)   Other: 0.2ms
[2026-01-28T11:38:13.545+0000][gc,heap     ] GC(63) Eden regions: 602->0(605)
[2026-01-28T11:38:13.545+0000][gc,heap     ] GC(63) Survivor regions: 12->9(77)
[2026-01-28T11:38:13.545+0000][gc,heap     ] GC(63) Old regions: 31->32
[2026-01-28T11:38:13.545+0000][gc,heap     ] GC(63) Humongous regions: 130->130
[2026-01-28T11:38:13.545+0000][gc,metaspace] GC(63) Metaspace: 16310K(16768K)->16310K(16768K) NonClass: 14558K(14720K)->14558K(14720K) Class: 1752K(2048K)->1752K(2048K)
[2026-01-28T11:38:13.545+0000][gc          ] GC(63) Pause Young (Normal) (G1 Evacuation Pause) 773M->170M(1024M) 9.434ms
[2026-01-28T11:38:13.545+0000][gc,cpu      ] GC(63) User=0.06s Sys=0.00s Real=0.01s
[2026-01-28T11:38:17.564+0000][gc,start    ] GC(64) Pause Young (Normal) (G1 Evacuation Pause)
[2026-01-28T11:38:17.564+0000][gc,task     ] GC(64) Using 10 workers of 10 for evacuation
[2026-01-28T11:38:17.588+0000][gc,phases   ] GC(64)   Pre Evacuate Collection Set: 1.0ms
[2026-01-28T11:38:17.588+0000][gc,phases   ] GC(64)   Merge Heap Roots: 0.2ms
[2026-01-28T11:38:17.588+0000][gc,phases   ] GC(64)   Evacuate Collection Set: 20.9ms
[2026-01-28T11:38:17.588+0000][gc,phases   ] GC(64)   Post Evacuate Collection Set: 1.3ms
[2026-01-28T11:38:17.588+0000][gc,phases   ] GC(64)   Other: 0.2ms
[2026-01-28T11:38:17.588+0000][gc,heap     ] GC(64) Eden regions: 605->0(602)
[2026-01-28T11:38:17.588+0000][gc,heap     ] GC(64) Survivor regions: 9->12(77)
[2026-01-28T11:38:17.589+0000][gc,heap     ] GC(64) Old regions: 32->33
[2026-01-28T11:38:17.589+0000][gc,heap     ] GC(64) Humongous regions: 130->130
[2026-01-28T11:38:17.589+0000][gc,metaspace] GC(64) Metaspace: 16310K(16768K)->16310K(16768K) NonClass: 14558K(14720K)->14558K(14720K) Class: 1752K(2048K)->1752K(2048K)
[2026-01-28T11:38:17.589+0000][gc          ] GC(64) Pause Young (Normal) (G1 Evacuation Pause) 775M->173M(1024M) 24.751ms
[2026-01-28T11:38:17.589+0000][gc,cpu      ] GC(64) User=0.21s Sys=0.01s Real=0.02s
[2026-01-28T11:38:20.668+0000][gc,start    ] GC(65) Pause Young (Normal) (G1 Evacuation Pause)
[2026-01-28T11:38:20.669+0000][gc,task     ] GC(65) Using 10 workers of 10 for evacuation
[2026-01-28T11:38:20.674+0000][gc,phases   ] GC(65)   Pre Evacuate Collection Set: 0.7ms
[2026-01-28T11:38:20.674+0000][gc,phases   ] GC(65)   Merge Heap Roots: 0.3ms
[2026-01-28T11:38:20.674+0000][gc,phases   ] GC(65)   Evacuate Collection Set: 3.6ms
[2026-01-28T11:38:20.674+0000][gc,phases   ] GC(65)   Post Evacuate Collection Set: 0.7ms
[2026-01-28T11:38:20.674+0000][gc,phases   ] GC(65)   Other: 0.2ms
[2026-01-28T11:38:20.674+0000][gc,heap     ] GC(65) Eden regions: 602->0(609)
[2026-01-28T11:38:20.674+0000][gc,heap     ] GC(65) Survivor regions: 12->5(77)
[2026-01-28T11:38:20.674+0000][gc,heap     ] GC(65) Old regions: 33->33
[2026-01-28T11:38:20.674+0000][gc,heap     ] GC(65) Humongous regions: 130->130
[2026-01-28T11:38:20.674+0000][gc,metaspace] GC(65) Metaspace: 16310K(16768K)->16310K(16768K) NonClass: 14558K(14720K)->14558K(14720K) Class: 1752K(2048K)->1752K(2048K)
[2026-01-28T11:38:20.675+0000][gc          ] GC(65) Pause Young (Normal) (G1 Evacuation Pause) 775M->167M(1024M) 6.271ms
[2026-01-28T11:38:20.675+0000][gc,cpu      ] GC(65) User=0.03s Sys=0.01s Real=0.01s
[2026-01-28T11:38:23.718+0000][gc,start    ] GC(66) Pause Young (Normal) (G1 Evacuation Pause)
[2026-01-28T11:38:23.719+0000][gc,task     ] GC(66) Using 10 workers of 10 for evacuation
[2026-01-28T11:38:23.737+0000][gc,phases   ] GC(66)   Pre Evacuate Collection Set: 1.6ms
[2026-01-28T11:38:23.737+0000][gc,phases   ] GC(66)   Merge Heap Roots: 0.6ms
[2026-01-28T11:38:23.737+0000][gc,phases   ] GC(66)   Evacuate Collection Set: 12.9ms
[2026-01-28T11:38:23.738+0000][gc,phases   ] GC(66)   Post Evacuate Collection Set: 2.6ms
[2026-01-28T11:38:23.738+0000][gc,phases   ] GC(66)   Other: 0.5ms
[2026-01-28T11:38:23.738+0000][gc,heap     ] GC(66) Eden regions: 609->0(603)
[2026-01-28T11:38:23.738+0000][gc,heap     ] GC(66) Survivor regions: 5->11(77)
[2026-01-28T11:38:23.738+0000][gc,heap     ] GC(66) Old regions: 33->34
[2026-01-28T11:38:23.738+0000][gc,heap     ] GC(66) Humongous regions: 130->130
[2026-01-28T11:38:23.738+0000][gc,metaspace] GC(66) Metaspace: 16310K(16768K)->16310K(16768K) NonClass: 14558K(14720K)->14558K(14720K) Class: 1752K(2048K)->1752K(2048K)
[2026-01-28T11:38:23.738+0000][gc          ] GC(66) Pause Young (Normal) (G1 Evacuation Pause) 776M->174M(1024M) 20.073ms
[2026-01-28T11:38:23.739+0000][gc,cpu      ] GC(66) User=0.11s Sys=0.01s Real=0.02s
[2026-01-28T11:38:27.935+0000][gc,start    ] GC(67) Pause Young (Normal) (G1 Evacuation Pause)
[2026-01-28T11:38:27.935+0000][gc,task     ] GC(67) Using 10 workers of 10 for evacuation
[2026-01-28T11:38:27.953+0000][gc,phases   ] GC(67)   Pre Evacuate Collection Set: 0.9ms
[2026-01-28T11:38:27.953+0000][gc,phases   ] GC(67)   Merge Heap Roots: 0.3ms
[2026-01-28T11:38:27.953+0000][gc,phases   ] GC(67)   Evacuate Collection Set: 14.3ms
[2026-01-28T11:38:27.953+0000][gc,phases   ] GC(67)   Post Evacuate Collection Set: 1.9ms
[2026-01-28T11:38:27.953+0000][gc,phases   ] GC(67)   Other: 0.3ms
[2026-01-28T11:38:27.953+0000][gc,heap     ] GC(67) Eden regions: 603->0(607)
[2026-01-28T11:38:27.953+0000][gc,heap     ] GC(67) Survivor regions: 11->7(77)
[2026-01-28T11:38:27.953+0000][gc,heap     ] GC(67) Old regions: 34->34
[2026-01-28T11:38:27.953+0000][gc,heap     ] GC(67) Humongous regions: 130->130
[2026-01-28T11:38:27.953+0000][gc,metaspace] GC(67) Metaspace: 16311K(16768K)->16311K(16768K) NonClass: 14559K(14720K)->14559K(14720K) Class: 1752K(2048K)->1752K(2048K)
[2026-01-28T11:38:27.953+0000][gc          ] GC(67) Pause Young (Normal) (G1 Evacuation Pause) 777M->170M(1024M) 18.838ms
[2026-01-28T11:38:27.953+0000][gc,cpu      ] GC(67) User=0.14s Sys=0.00s Real=0.02s
[2026-01-28T11:38:31.145+0000][gc,start    ] GC(68) Pause Young (Normal) (G1 Evacuation Pause)
[2026-01-28T11:38:31.145+0000][gc,task     ] GC(68) Using 10 workers of 10 for evacuation
[2026-01-28T11:38:31.153+0000][gc,phases   ] GC(68)   Pre Evacuate Collection Set: 0.7ms
[2026-01-28T11:38:31.154+0000][gc,phases   ] GC(68)   Merge Heap Roots: 0.2ms
[2026-01-28T11:38:31.154+0000][gc,phases   ] GC(68)   Evacuate Collection Set: 6.0ms
[2026-01-28T11:38:31.154+0000][gc,phases   ] GC(68)   Post Evacuate Collection Set: 1.0ms
[2026-01-28T11:38:31.154+0000][gc,phases   ] GC(68)   Other: 0.2ms
[2026-01-28T11:38:31.154+0000][gc,heap     ] GC(68) Eden regions: 607->0(605)
[2026-01-28T11:38:31.154+0000][gc,heap     ] GC(68) Survivor regions: 7->9(77)
[2026-01-28T11:38:31.154+0000][gc,heap     ] GC(68) Old regions: 34->35
[2026-01-28T11:38:31.154+0000][gc,heap     ] GC(68) Humongous regions: 130->130
[2026-01-28T11:38:31.154+0000][gc,metaspace] GC(68) Metaspace: 16311K(16768K)->16311K(16768K) NonClass: 14559K(14720K)->14559K(14720K) Class: 1752K(2048K)->1752K(2048K)
[2026-01-28T11:38:31.154+0000][gc          ] GC(68) Pause Young (Normal) (G1 Evacuation Pause) 777M->172M(1024M) 8.976ms
[2026-01-28T11:38:31.154+0000][gc,cpu      ] GC(68) User=0.07s Sys=0.00s Real=0.01s
[2026-01-28T11:38:33.468+0000][gc,start    ] GC(69) Pause Young (Normal) (G1 Evacuation Pause)
[2026-01-28T11:38:33.468+0000][gc,task     ] GC(69) Using 10 workers of 10 for evacuation
[2026-01-28T11:38:33.473+0000][gc,phases   ] GC(69)   Pre Evacuate Collection Set: 0.4ms
[2026-01-28T11:38:33.473+0000][gc,phases   ] GC(69)   Merge Heap Roots: 0.2ms
[2026-01-28T11:38:33.473+0000][gc,phases   ] GC(69)   Evacuate Collection Set: 3.2ms
[2026-01-28T11:38:33.473+0000][gc,phases   ] GC(69)   Post Evacuate Collection Set: 0.5ms
[2026-01-28T11:38:33.473+0000][gc,phases   ] GC(69)   Other: 0.3ms
[2026-01-28T11:38:33.473+0000][gc,heap     ] GC(69) Eden regions: 605->0(607)
[2026-01-28T11:38:33.473+0000][gc,heap     ] GC(69) Survivor regions: 9->7(77)
[2026-01-28T11:38:33.473+0000][gc,heap     ] GC(69) Old regions: 35->35
[2026-01-28T11:38:33.473+0000][gc,heap     ] GC(69) Humongous regions: 130->130
[2026-01-28T11:38:33.473+0000][gc,metaspace] GC(69) Metaspace: 16314K(16832K)->16314K(16832K) NonClass: 14562K(14784K)->14562K(14784K) Class: 1752K(2048K)->1752K(2048K)
[2026-01-28T11:38:33.473+0000][gc          ] GC(69) Pause Young (Normal) (G1 Evacuation Pause) 777M->170M(1024M) 5.354ms
[2026-01-28T11:38:33.473+0000][gc,cpu      ] GC(69) User=0.03s Sys=0.00s Real=0.01s
[2026-01-28T11:38:36.940+0000][gc,start    ] GC(70) Pause Young (Normal) (G1 Evacuation Pause)
[2026-01-28T11:38:36.941+0000][gc,task     ] GC(70) Using 10 workers of 10 for evacuation
[2026-01-28T11:38:36.948+0000][gc,phases   ] GC(70)   Pre Evacuate Collection Set: 0.9ms
[2026-01-28T11:38:36.948+0000][gc,phases   ] GC(70)   Merge Heap Roots: 0.2ms
[2026-01-28T11:38:36.948+0000][gc,phases   ] GC(70)   Evacuate Collection Set: 5.4ms
[2026-01-28T11:38:36.948+0000][gc,phases   ] GC(70)   Post Evacuate Collection Set: 0.8ms
[2026-01-28T11:38:36.948+0000][gc,phases   ] GC(70)   Other: 0.2ms
[2026-01-28T11:38:36.948+0000][gc,heap     ] GC(70) Eden regions: 607->0(605)
[2026-01-28T11:38:36.948+0000][gc,heap     ] GC(70) Survivor regions: 7->9(77)
[2026-01-28T11:38:36.948+0000][gc,heap     ] GC(70) Old regions: 35->35
[2026-01-28T11:38:36.949+0000][gc,heap     ] GC(70) Humongous regions: 130->130
[2026-01-28T11:38:36.949+0000][gc,metaspace] GC(70) Metaspace: 16314K(16832K)->16314K(16832K) NonClass: 14562K(14784K)->14562K(14784K) Class: 1752K(2048K)->1752K(2048K)
[2026-01-28T11:38:36.949+0000][gc          ] GC(70) Pause Young (Normal) (G1 Evacuation Pause) 777M->173M(1024M) 8.444ms
[2026-01-28T11:38:36.949+0000][gc,cpu      ] GC(70) User=0.05s Sys=0.01s Real=0.01s
[2026-01-28T11:38:40.767+0000][gc,start    ] GC(71) Pause Young (Normal) (G1 Evacuation Pause)
[2026-01-28T11:38:40.767+0000][gc,task     ] GC(71) Using 10 workers of 10 for evacuation
[2026-01-28T11:38:40.781+0000][gc,phases   ] GC(71)   Pre Evacuate Collection Set: 2.2ms
[2026-01-28T11:38:40.781+0000][gc,phases   ] GC(71)   Merge Heap Roots: 0.9ms
[2026-01-28T11:38:40.781+0000][gc,phases   ] GC(71)   Evacuate Collection Set: 8.5ms
[2026-01-28T11:38:40.781+0000][gc,phases   ] GC(71)   Post Evacuate Collection Set: 2.1ms
[2026-01-28T11:38:40.782+0000][gc,phases   ] GC(71)   Other: 0.3ms
[2026-01-28T11:38:40.782+0000][gc,heap     ] GC(71) Eden regions: 605->0(609)
[2026-01-28T11:38:40.782+0000][gc,heap     ] GC(71) Survivor regions: 9->5(77)
[2026-01-28T11:38:40.782+0000][gc,heap     ] GC(71) Old regions: 35->35
[2026-01-28T11:38:40.782+0000][gc,heap     ] GC(71) Humongous regions: 130->130
[2026-01-28T11:38:40.782+0000][gc,metaspace] GC(71) Metaspace: 16314K(16832K)->16314K(16832K) NonClass: 14562K(14784K)->14562K(14784K) Class: 1752K(2048K)->1752K(2048K)
[2026-01-28T11:38:40.782+0000][gc          ] GC(71) Pause Young (Normal) (G1 Evacuation Pause) 778M->168M(1024M) 15.343ms
[2026-01-28T11:38:40.782+0000][gc,cpu      ] GC(71) User=0.06s Sys=0.03s Real=0.02s
[2026-01-28T11:38:43.914+0000][gc,start    ] GC(72) Pause Young (Normal) (G1 Evacuation Pause)
[2026-01-28T11:38:43.914+0000][gc,task     ] GC(72) Using 10 workers of 10 for evacuation
[2026-01-28T11:38:43.939+0000][gc,phases   ] GC(72)   Pre Evacuate Collection Set: 1.4ms
[2026-01-28T11:38:43.939+0000][gc,phases   ] GC(72)   Merge Heap Roots: 0.6ms
[2026-01-28T11:38:43.939+0000][gc,phases   ] GC(72)   Evacuate Collection Set: 20.5ms
[2026-01-28T11:38:43.940+0000][gc,phases   ] GC(72)   Post Evacuate Collection Set: 2.2ms
[2026-01-28T11:38:43.940+0000][gc,phases   ] GC(72)   Other: 0.3ms
[2026-01-28T11:38:43.940+0000][gc,heap     ] GC(72) Eden regions: 609->0(604)
[2026-01-28T11:38:43.940+0000][gc,heap     ] GC(72) Survivor regions: 5->10(77)
[2026-01-28T11:38:43.940+0000][gc,heap     ] GC(72) Old regions: 35->36
[2026-01-28T11:38:43.940+0000][gc,heap     ] GC(72) Humongous regions: 130->130
[2026-01-28T11:38:43.940+0000][gc,metaspace] GC(72) Metaspace: 16314K(16832K)->16314K(16832K) NonClass: 14562K(14784K)->14562K(14784K) Class: 1752K(2048K)->1752K(2048K)
[2026-01-28T11:38:43.940+0000][gc          ] GC(72) Pause Young (Normal) (G1 Evacuation Pause) 777M->174M(1024M) 26.275ms
[2026-01-28T11:38:43.940+0000][gc,cpu      ] GC(72) User=0.16s Sys=0.05s Real=0.02s
[2026-01-28T11:38:51.878+0000][gc,start    ] GC(73) Pause Young (Normal) (G1 Evacuation Pause)
[2026-01-28T11:38:51.879+0000][gc,task     ] GC(73) Using 10 workers of 10 for evacuation
[2026-01-28T11:38:51.899+0000][gc,phases   ] GC(73)   Pre Evacuate Collection Set: 0.8ms
[2026-01-28T11:38:51.899+0000][gc,phases   ] GC(73)   Merge Heap Roots: 0.3ms
[2026-01-28T11:38:51.899+0000][gc,phases   ] GC(73)   Evacuate Collection Set: 17.4ms
[2026-01-28T11:38:51.899+0000][gc,phases   ] GC(73)   Post Evacuate Collection Set: 0.9ms
[2026-01-28T11:38:51.899+0000][gc,phases   ] GC(73)   Other: 0.2ms
[2026-01-28T11:38:51.899+0000][gc,heap     ] GC(73) Eden regions: 604->0(602)
[2026-01-28T11:38:51.899+0000][gc,heap     ] GC(73) Survivor regions: 10->12(77)
[2026-01-28T11:38:51.899+0000][gc,heap     ] GC(73) Old regions: 36->36
[2026-01-28T11:38:51.899+0000][gc,heap     ] GC(73) Humongous regions: 130->130
[2026-01-28T11:38:51.899+0000][gc,metaspace] GC(73) Metaspace: 16318K(16832K)->16318K(16832K) NonClass: 14566K(14784K)->14566K(14784K) Class: 1752K(2048K)->1752K(2048K)
[2026-01-28T11:38:51.899+0000][gc          ] GC(73) Pause Young (Normal) (G1 Evacuation Pause) 778M->176M(1024M) 20.567ms
[2026-01-28T11:38:51.899+0000][gc,cpu      ] GC(73) User=0.18s Sys=0.00s Real=0.02s
[2026-01-28T11:39:31.692+0000][gc,start    ] GC(74) Pause Young (Normal) (G1 Evacuation Pause)
[2026-01-28T11:39:31.692+0000][gc,task     ] GC(74) Using 10 workers of 10 for evacuation
[2026-01-28T11:39:31.700+0000][gc,phases   ] GC(74)   Pre Evacuate Collection Set: 0.9ms
[2026-01-28T11:39:31.700+0000][gc,phases   ] GC(74)   Merge Heap Roots: 0.2ms
[2026-01-28T11:39:31.700+0000][gc,phases   ] GC(74)   Evacuate Collection Set: 5.7ms
[2026-01-28T11:39:31.700+0000][gc,phases   ] GC(74)   Post Evacuate Collection Set: 0.8ms
[2026-01-28T11:39:31.700+0000][gc,phases   ] GC(74)   Other: 0.2ms
[2026-01-28T11:39:31.700+0000][gc,heap     ] GC(74) Eden regions: 602->0(603)
[2026-01-28T11:39:31.700+0000][gc,heap     ] GC(74) Survivor regions: 12->11(77)
[2026-01-28T11:39:31.700+0000][gc,heap     ] GC(74) Old regions: 36->36
[2026-01-28T11:39:31.700+0000][gc,heap     ] GC(74) Humongous regions: 130->130
[2026-01-28T11:39:31.700+0000][gc,metaspace] GC(74) Metaspace: 16347K(16832K)->16347K(16832K) NonClass: 14595K(14784K)->14595K(14784K) Class: 1752K(2048K)->1752K(2048K)
[2026-01-28T11:39:31.700+0000][gc          ] GC(74) Pause Young (Normal) (G1 Evacuation Pause) 778M->176M(1024M) 8.557ms
[2026-01-28T11:39:31.700+0000][gc,cpu      ] GC(74) User=0.06s Sys=0.00s Real=0.01s
[2026-01-28T11:40:09.615+0000][gc,start    ] GC(75) Pause Young (Normal) (G1 Evacuation Pause)
[2026-01-28T11:40:09.616+0000][gc,task     ] GC(75) Using 10 workers of 10 for evacuation
[2026-01-28T11:40:09.627+0000][gc,phases   ] GC(75)   Pre Evacuate Collection Set: 0.9ms
[2026-01-28T11:40:09.627+0000][gc,phases   ] GC(75)   Merge Heap Roots: 0.9ms
[2026-01-28T11:40:09.627+0000][gc,phases   ] GC(75)   Evacuate Collection Set: 6.9ms
[2026-01-28T11:40:09.627+0000][gc,phases   ] GC(75)   Post Evacuate Collection Set: 1.6ms
[2026-01-28T11:40:09.627+0000][gc,phases   ] GC(75)   Other: 0.2ms
[2026-01-28T11:40:09.627+0000][gc,heap     ] GC(75) Eden regions: 603->0(610)
[2026-01-28T11:40:09.627+0000][gc,heap     ] GC(75) Survivor regions: 11->4(77)
[2026-01-28T11:40:09.627+0000][gc,heap     ] GC(75) Old regions: 36->36
[2026-01-28T11:40:09.627+0000][gc,heap     ] GC(75) Humongous regions: 130->130
[2026-01-28T11:40:09.627+0000][gc,metaspace] GC(75) Metaspace: 16349K(16832K)->16349K(16832K) NonClass: 14596K(14784K)->14596K(14784K) Class: 1752K(2048K)->1752K(2048K)
[2026-01-28T11:40:09.627+0000][gc          ] GC(75) Pause Young (Normal) (G1 Evacuation Pause) 779M->169M(1024M) 12.246ms
[2026-01-28T11:40:09.627+0000][gc,cpu      ] GC(75) User=0.08s Sys=0.01s Real=0.01s
[2026-01-28T11:40:41.776+0000][gc,start    ] GC(76) Pause Young (Normal) (G1 Evacuation Pause)
[2026-01-28T11:40:41.776+0000][gc,task     ] GC(76) Using 10 workers of 10 for evacuation
[2026-01-28T11:40:41.781+0000][gc,phases   ] GC(76)   Pre Evacuate Collection Set: 0.5ms
[2026-01-28T11:40:41.781+0000][gc,phases   ] GC(76)   Merge Heap Roots: 0.2ms
[2026-01-28T11:40:41.781+0000][gc,phases   ] GC(76)   Evacuate Collection Set: 2.7ms
[2026-01-28T11:40:41.781+0000][gc,phases   ] GC(76)   Post Evacuate Collection Set: 0.6ms
[2026-01-28T11:40:41.781+0000][gc,phases   ] GC(76)   Other: 0.1ms
[2026-01-28T11:40:41.781+0000][gc,heap     ] GC(76) Eden regions: 610->0(607)
[2026-01-28T11:40:41.781+0000][gc,heap     ] GC(76) Survivor regions: 4->7(77)
[2026-01-28T11:40:41.781+0000][gc,heap     ] GC(76) Old regions: 36->36
[2026-01-28T11:40:41.781+0000][gc,heap     ] GC(76) Humongous regions: 130->130
[2026-01-28T11:40:41.781+0000][gc,metaspace] GC(76) Metaspace: 16355K(16832K)->16355K(16832K) NonClass: 14602K(14784K)->14602K(14784K) Class: 1752K(2048K)->1752K(2048K)
[2026-01-28T11:40:41.781+0000][gc          ] GC(76) Pause Young (Normal) (G1 Evacuation Pause) 779M->172M(1024M) 4.853ms
[2026-01-28T11:40:41.781+0000][gc,cpu      ] GC(76) User=0.03s Sys=0.01s Real=0.00s
[2026-01-28T11:41:21.670+0000][gc,start    ] GC(77) Pause Young (Normal) (G1 Evacuation Pause)
[2026-01-28T11:41:21.671+0000][gc,task     ] GC(77) Using 10 workers of 10 for evacuation
[2026-01-28T11:41:21.687+0000][gc,phases   ] GC(77)   Pre Evacuate Collection Set: 0.7ms
[2026-01-28T11:41:21.687+0000][gc,phases   ] GC(77)   Merge Heap Roots: 0.3ms
[2026-01-28T11:41:21.687+0000][gc,phases   ] GC(77)   Evacuate Collection Set: 12.6ms
[2026-01-28T11:41:21.687+0000][gc,phases   ] GC(77)   Post Evacuate Collection Set: 1.7ms
[2026-01-28T11:41:21.687+0000][gc,phases   ] GC(77)   Other: 0.4ms
[2026-01-28T11:41:21.687+0000][gc,heap     ] GC(77) Eden regions: 607->0(608)
[2026-01-28T11:41:21.687+0000][gc,heap     ] GC(77) Survivor regions: 7->6(77)
[2026-01-28T11:41:21.687+0000][gc,heap     ] GC(77) Old regions: 36->37
[2026-01-28T11:41:21.687+0000][gc,heap     ] GC(77) Humongous regions: 130->130
[2026-01-28T11:41:21.687+0000][gc,metaspace] GC(77) Metaspace: 16361K(16832K)->16361K(16832K) NonClass: 14606K(14784K)->14606K(14784K) Class: 1754K(2048K)->1754K(2048K)
[2026-01-28T11:41:21.687+0000][gc          ] GC(77) Pause Young (Normal) (G1 Evacuation Pause) 779M->171M(1024M) 16.753ms
[2026-01-28T11:41:21.687+0000][gc,cpu      ] GC(77) User=0.10s Sys=0.00s Real=0.02s
[2026-01-28T11:41:51.913+0000][gc,start    ] GC(78) Pause Young (Normal) (G1 Evacuation Pause)
[2026-01-28T11:41:51.914+0000][gc,task     ] GC(78) Using 10 workers of 10 for evacuation
[2026-01-28T11:41:51.927+0000][gc,phases   ] GC(78)   Pre Evacuate Collection Set: 0.9ms
[2026-01-28T11:41:51.927+0000][gc,phases   ] GC(78)   Merge Heap Roots: 0.7ms
[2026-01-28T11:41:51.927+0000][gc,phases   ] GC(78)   Evacuate Collection Set: 9.3ms
[2026-01-28T11:41:51.927+0000][gc,phases   ] GC(78)   Post Evacuate Collection Set: 1.1ms
[2026-01-28T11:41:51.927+0000][gc,phases   ] GC(78)   Other: 0.3ms
[2026-01-28T11:41:51.927+0000][gc,heap     ] GC(78) Eden regions: 608->0(607)
[2026-01-28T11:41:51.927+0000][gc,heap     ] GC(78) Survivor regions: 6->7(77)
[2026-01-28T11:41:51.927+0000][gc,heap     ] GC(78) Old regions: 37->37
[2026-01-28T11:41:51.927+0000][gc,heap     ] GC(78) Humongous regions: 130->130
[2026-01-28T11:41:51.927+0000][gc,metaspace] GC(78) Metaspace: 16366K(16832K)->16366K(16832K) NonClass: 14611K(14784K)->14611K(14784K) Class: 1754K(2048K)->1754K(2048K)
[2026-01-28T11:41:51.927+0000][gc          ] GC(78) Pause Young (Normal) (G1 Evacuation Pause) 779M->173M(1024M) 14.161ms
[2026-01-28T11:41:51.928+0000][gc,cpu      ] GC(78) User=0.10s Sys=0.01s Real=0.01s
[2026-01-28T11:42:31.779+0000][gc,start    ] GC(79) Pause Young (Normal) (G1 Evacuation Pause)
[2026-01-28T11:42:31.779+0000][gc,task     ] GC(79) Using 10 workers of 10 for evacuation
[2026-01-28T11:42:31.785+0000][gc,phases   ] GC(79)   Pre Evacuate Collection Set: 0.7ms
[2026-01-28T11:42:31.785+0000][gc,phases   ] GC(79)   Merge Heap Roots: 0.2ms
[2026-01-28T11:42:31.785+0000][gc,phases   ] GC(79)   Evacuate Collection Set: 4.1ms
[2026-01-28T11:42:31.785+0000][gc,phases   ] GC(79)   Post Evacuate Collection Set: 0.7ms
[2026-01-28T11:42:31.785+0000][gc,phases   ] GC(79)   Other: 0.2ms
[2026-01-28T11:42:31.785+0000][gc,heap     ] GC(79) Eden regions: 607->0(605)
[2026-01-28T11:42:31.785+0000][gc,heap     ] GC(79) Survivor regions: 7->9(77)
[2026-01-28T11:42:31.786+0000][gc,heap     ] GC(79) Old regions: 37->37
[2026-01-28T11:42:31.786+0000][gc,heap     ] GC(79) Humongous regions: 130->130
[2026-01-28T11:42:31.786+0000][gc,metaspace] GC(79) Metaspace: 16402K(16832K)->16402K(16832K) NonClass: 14648K(14784K)->14648K(14784K) Class: 1754K(2048K)->1754K(2048K)
[2026-01-28T11:42:31.786+0000][gc          ] GC(79) Pause Young (Normal) (G1 Evacuation Pause) 780M->174M(1024M) 6.840ms
[2026-01-28T11:42:31.786+0000][gc,cpu      ] GC(79) User=0.04s Sys=0.01s Real=0.01s
[2026-01-28T11:43:11.652+0000][gc,start    ] GC(80) Pause Young (Normal) (G1 Evacuation Pause)
[2026-01-28T11:43:11.652+0000][gc,task     ] GC(80) Using 10 workers of 10 for evacuation
[2026-01-28T11:43:11.659+0000][gc,phases   ] GC(80)   Pre Evacuate Collection Set: 0.8ms
[2026-01-28T11:43:11.659+0000][gc,phases   ] GC(80)   Merge Heap Roots: 0.2ms
[2026-01-28T11:43:11.659+0000][gc,phases   ] GC(80)   Evacuate Collection Set: 4.4ms
[2026-01-28T11:43:11.659+0000][gc,phases   ] GC(80)   Post Evacuate Collection Set: 0.7ms
[2026-01-28T11:43:11.659+0000][gc,phases   ] GC(80)   Other: 0.2ms
[2026-01-28T11:43:11.659+0000][gc,heap     ] GC(80) Eden regions: 605->0(606)
[2026-01-28T11:43:11.659+0000][gc,heap     ] GC(80) Survivor regions: 9->8(77)
[2026-01-28T11:43:11.659+0000][gc,heap     ] GC(80) Old regions: 37->37
[2026-01-28T11:43:11.659+0000][gc,heap     ] GC(80) Humongous regions: 130->130
[2026-01-28T11:43:11.659+0000][gc,metaspace] GC(80) Metaspace: 16417K(16832K)->16417K(16832K) NonClass: 14662K(14784K)->14662K(14784K) Class: 1754K(2048K)->1754K(2048K)
[2026-01-28T11:43:11.659+0000][gc          ] GC(80) Pause Young (Normal) (G1 Evacuation Pause) 779M->174M(1024M) 7.124ms
[2026-01-28T11:43:11.659+0000][gc,cpu      ] GC(80) User=0.05s Sys=0.00s Real=0.01s
[2026-01-28T11:43:41.848+0000][gc,start    ] GC(81) Pause Young (Normal) (G1 Evacuation Pause)
[2026-01-28T11:43:41.849+0000][gc,task     ] GC(81) Using 10 workers of 10 for evacuation
[2026-01-28T11:43:41.855+0000][gc,phases   ] GC(81)   Pre Evacuate Collection Set: 0.7ms
[2026-01-28T11:43:41.855+0000][gc,phases   ] GC(81)   Merge Heap Roots: 0.3ms
[2026-01-28T11:43:41.855+0000][gc,phases   ] GC(81)   Evacuate Collection Set: 4.3ms
[2026-01-28T11:43:41.855+0000][gc,phases   ] GC(81)   Post Evacuate Collection Set: 0.7ms
[2026-01-28T11:43:41.855+0000][gc,phases   ] GC(81)   Other: 0.2ms
[2026-01-28T11:43:41.855+0000][gc,heap     ] GC(81) Eden regions: 606->0(602)
[2026-01-28T11:43:41.855+0000][gc,heap     ] GC(81) Survivor regions: 8->12(77)
[2026-01-28T11:43:41.855+0000][gc,heap     ] GC(81) Old regions: 37->37
[2026-01-28T11:43:41.855+0000][gc,heap     ] GC(81) Humongous regions: 130->130
[2026-01-28T11:43:41.855+0000][gc,metaspace] GC(81) Metaspace: 16420K(16832K)->16420K(16832K) NonClass: 14665K(14784K)->14665K(14784K) Class: 1754K(2048K)->1754K(2048K)
[2026-01-28T11:43:41.856+0000][gc          ] GC(81) Pause Young (Normal) (G1 Evacuation Pause) 780M->178M(1024M) 7.831ms
[2026-01-28T11:43:41.856+0000][gc,cpu      ] GC(81) User=0.05s Sys=0.00s Real=0.01s
[2026-01-28T11:44:21.732+0000][gc,start    ] GC(82) Pause Young (Normal) (G1 Evacuation Pause)
[2026-01-28T11:44:21.732+0000][gc,task     ] GC(82) Using 10 workers of 10 for evacuation
[2026-01-28T11:44:21.737+0000][gc,phases   ] GC(82)   Pre Evacuate Collection Set: 0.8ms
[2026-01-28T11:44:21.737+0000][gc,phases   ] GC(82)   Merge Heap Roots: 0.2ms
[2026-01-28T11:44:21.737+0000][gc,phases   ] GC(82)   Evacuate Collection Set: 2.9ms
[2026-01-28T11:44:21.737+0000][gc,phases   ] GC(82)   Post Evacuate Collection Set: 0.7ms
[2026-01-28T11:44:21.737+0000][gc,phases   ] GC(82)   Other: 0.2ms
[2026-01-28T11:44:21.737+0000][gc,heap     ] GC(82) Eden regions: 602->0(609)
[2026-01-28T11:44:21.737+0000][gc,heap     ] GC(82) Survivor regions: 12->5(77)
[2026-01-28T11:44:21.737+0000][gc,heap     ] GC(82) Old regions: 37->38
[2026-01-28T11:44:21.737+0000][gc,heap     ] GC(82) Humongous regions: 130->130
[2026-01-28T11:44:21.737+0000][gc,metaspace] GC(82) Metaspace: 16435K(16896K)->16435K(16896K) NonClass: 14681K(14848K)->14681K(14848K) Class: 1754K(2048K)->1754K(2048K)
[2026-01-28T11:44:21.737+0000][gc          ] GC(82) Pause Young (Normal) (G1 Evacuation Pause) 780M->172M(1024M) 5.518ms
[2026-01-28T11:44:21.737+0000][gc,cpu      ] GC(82) User=0.02s Sys=0.01s Real=0.01s
