[2026-01-28T11:09:36.122+0000][gc,init] CardTable entry size: 512
[2026-01-28T11:09:36.122+0000][gc     ] Using G1
[2026-01-28T11:09:36.127+0000][gc,init] Version: 21.0.4+7-LTS (release)
[2026-01-28T11:09:36.128+0000][gc,init] CPUs: 12 total, 12 available
[2026-01-28T11:09:36.128+0000][gc,init] Memory: 7837M
[2026-01-28T11:09:36.128+0000][gc,init] Large Page Support: Disabled
[2026-01-28T11:09:36.128+0000][gc,init] NUMA Support: Disabled
[2026-01-28T11:09:36.128+0000][gc,init] Compressed Oops: Enabled (32-bit)
[2026-01-28T11:09:36.128+0000][gc,init] Heap Region Size: 1M
[2026-01-28T11:09:36.129+0000][gc,init] Heap Min Capacity: 1G
[2026-01-28T11:09:36.129+0000][gc,init] Heap Initial Capacity: 1G
[2026-01-28T11:09:36.129+0000][gc,init] Heap Max Capacity: 1G
[2026-01-28T11:09:36.129+0000][gc,init] Pre-touch: Disabled
[2026-01-28T11:09:36.129+0000][gc,init] Parallel Workers: 10
[2026-01-28T11:09:36.129+0000][gc,init] Concurrent Workers: 3
[2026-01-28T11:09:36.129+0000][gc,init] Concurrent Refinement Workers: 10
[2026-01-28T11:09:36.129+0000][gc,init] Periodic GC: Disabled
[2026-01-28T11:09:36.156+0000][gc,metaspace] CDS archive(s) mapped at: [0x0000000500000000-0x0000000500bd0000-0x00000005036b0000), size 57344000, SharedBaseAddress: 0x0000000500000000, ArchiveRelocationMode: 1.
[2026-01-28T11:09:36.156+0000][gc,metaspace] Compressed class space mapped at: 0x0000000504000000-0x0000000544000000, reserved size: 1073741824
[2026-01-28T11:09:36.156+0000][gc,metaspace] Narrow klass base: 0x0000000500000000, Narrow klass shift: 0, Narrow klass range: 0x100000000
[2026-01-28T11:09:37.069+0000][gc,start    ] GC(0) Pause Young (Normal) (G1 Evacuation Pause)
[2026-01-28T11:09:37.070+0000][gc,task     ] GC(0) Using 10 workers of 10 for evacuation
[2026-01-28T11:09:37.080+0000][gc,phases   ] GC(0)   Pre Evacuate Collection Set: 0.4ms
[2026-01-28T11:09:37.080+0000][gc,phases   ] GC(0)   Merge Heap Roots: 0.1ms
[2026-01-28T11:09:37.080+0000][gc,phases   ] GC(0)   Evacuate Collection Set: 7.5ms
[2026-01-28T11:09:37.080+0000][gc,phases   ] GC(0)   Post Evacuate Collection Set: 1.3ms
[2026-01-28T11:09:37.081+0000][gc,phases   ] GC(0)   Other: 1.6ms
[2026-01-28T11:09:37.081+0000][gc,heap     ] GC(0) Eden regions: 51->0(44)
[2026-01-28T11:09:37.081+0000][gc,heap     ] GC(0) Survivor regions: 0->7(7)
[2026-01-28T11:09:37.081+0000][gc,heap     ] GC(0) Old regions: 1->7
[2026-01-28T11:09:37.081+0000][gc,heap     ] GC(0) Humongous regions: 1->1
[2026-01-28T11:09:37.081+0000][gc,metaspace] GC(0) Metaspace: 5392K(5568K)->5392K(5568K) NonClass: 4757K(4864K)->4757K(4864K) Class: 635K(704K)->635K(704K)
[2026-01-28T11:09:37.081+0000][gc          ] GC(0) Pause Young (Normal) (G1 Evacuation Pause) 52M->14M(1024M) 12.042ms
[2026-01-28T11:09:37.081+0000][gc,cpu      ] GC(0) User=0.01s Sys=0.01s Real=0.01s
[2026-01-28T11:09:41.618+0000][gc,start    ] GC(1) Pause Young (Normal) (G1 Evacuation Pause)
[2026-01-28T11:09:41.619+0000][gc,task     ] GC(1) Using 10 workers of 10 for evacuation
[2026-01-28T11:09:41.623+0000][gc,phases   ] GC(1)   Pre Evacuate Collection Set: 0.6ms
[2026-01-28T11:09:41.623+0000][gc,phases   ] GC(1)   Merge Heap Roots: 0.1ms
[2026-01-28T11:09:41.623+0000][gc,phases   ] GC(1)   Evacuate Collection Set: 3.1ms
[2026-01-28T11:09:41.623+0000][gc,phases   ] GC(1)   Post Evacuate Collection Set: 0.5ms
[2026-01-28T11:09:41.623+0000][gc,phases   ] GC(1)   Other: 0.1ms
[2026-01-28T11:09:41.623+0000][gc,heap     ] GC(1) Eden regions: 44->0(50)
[2026-01-28T11:09:41.623+0000][gc,heap     ] GC(1) Survivor regions: 7->5(7)
[2026-01-28T11:09:41.623+0000][gc,heap     ] GC(1) Old regions: 7->15
[2026-01-28T11:09:41.623+0000][gc,heap     ] GC(1) Humongous regions: 130->130
[2026-01-28T11:09:41.623+0000][gc,metaspace] GC(1) Metaspace: 8303K(8576K)->8303K(8576K) NonClass: 7215K(7360K)->7215K(7360K) Class: 1087K(1216K)->1087K(1216K)
[2026-01-28T11:09:41.624+0000][gc          ] GC(1) Pause Young (Normal) (G1 Evacuation Pause) 187M->149M(1024M) 5.200ms
[2026-01-28T11:09:41.624+0000][gc,cpu      ] GC(1) User=0.04s Sys=0.00s Real=0.00s
[2026-01-28T11:09:41.745+0000][gc,start    ] GC(2) Pause Young (Normal) (G1 Evacuation Pause)
[2026-01-28T11:09:41.745+0000][gc,task     ] GC(2) Using 10 workers of 10 for evacuation
[2026-01-28T11:09:41.748+0000][gc,phases   ] GC(2)   Pre Evacuate Collection Set: 0.2ms
[2026-01-28T11:09:41.748+0000][gc,phases   ] GC(2)   Merge Heap Roots: 0.1ms
[2026-01-28T11:09:41.748+0000][gc,phases   ] GC(2)   Evacuate Collection Set: 1.4ms
[2026-01-28T11:09:41.748+0000][gc,phases   ] GC(2)   Post Evacuate Collection Set: 0.3ms
[2026-01-28T11:09:41.748+0000][gc,phases   ] GC(2)   Other: 0.1ms
[2026-01-28T11:09:41.748+0000][gc,heap     ] GC(2) Eden regions: 54->0(612)
[2026-01-28T11:09:41.748+0000][gc,heap     ] GC(2) Survivor regions: 5->2(8)
[2026-01-28T11:09:41.748+0000][gc,heap     ] GC(2) Old regions: 15->19
[2026-01-28T11:09:41.748+0000][gc,heap     ] GC(2) Humongous regions: 130->130
[2026-01-28T11:09:41.748+0000][gc,metaspace] GC(2) Metaspace: 8579K(8832K)->8579K(8832K) NonClass: 7453K(7552K)->7453K(7552K) Class: 1125K(1280K)->1125K(1280K)
[2026-01-28T11:09:41.748+0000][gc          ] GC(2) Pause Young (Normal) (G1 Evacuation Pause) 203M->150M(1024M) 2.839ms
[2026-01-28T11:09:41.748+0000][gc,cpu      ] GC(2) User=0.01s Sys=0.00s Real=0.01s
[2026-01-28T11:10:21.656+0000][gc,start    ] GC(3) Pause Young (Normal) (G1 Evacuation Pause)
[2026-01-28T11:10:21.657+0000][gc,task     ] GC(3) Using 10 workers of 10 for evacuation
[2026-01-28T11:10:21.678+0000][gc,phases   ] GC(3)   Pre Evacuate Collection Set: 0.7ms
[2026-01-28T11:10:21.678+0000][gc,phases   ] GC(3)   Merge Heap Roots: 0.1ms
[2026-01-28T11:10:21.678+0000][gc,phases   ] GC(3)   Evacuate Collection Set: 18.5ms
[2026-01-28T11:10:21.678+0000][gc,phases   ] GC(3)   Post Evacuate Collection Set: 1.0ms
[2026-01-28T11:10:21.678+0000][gc,phases   ] GC(3)   Other: 1.1ms
[2026-01-28T11:10:21.678+0000][gc,heap     ] GC(3) Eden regions: 612->0(606)
[2026-01-28T11:10:21.678+0000][gc,heap     ] GC(3) Survivor regions: 2->8(77)
[2026-01-28T11:10:21.678+0000][gc,heap     ] GC(3) Old regions: 19->19
[2026-01-28T11:10:21.678+0000][gc,heap     ] GC(3) Humongous regions: 130->130
[2026-01-28T11:10:21.678+0000][gc,metaspace] GC(3) Metaspace: 12201K(12608K)->12201K(12608K) NonClass: 10644K(10816K)->10644K(10816K) Class: 1556K(1792K)->1556K(1792K)
[2026-01-28T11:10:21.678+0000][gc          ] GC(3) Pause Young (Normal) (G1 Evacuation Pause) 762M->156M(1024M) 22.018ms
[2026-01-28T11:10:21.678+0000][gc,cpu      ] GC(3) User=0.17s Sys=0.03s Real=0.03s
