[2026-01-28T11:06:55.401+0000][gc,init] CardTable entry size: 512
[2026-01-28T11:06:55.401+0000][gc     ] Using G1
[2026-01-28T11:06:55.405+0000][gc,init] Version: 21.0.4+7-LTS (release)
[2026-01-28T11:06:55.407+0000][gc,init] CPUs: 12 total, 12 available
[2026-01-28T11:06:55.407+0000][gc,init] Memory: 7837M
[2026-01-28T11:06:55.407+0000][gc,init] Large Page Support: Disabled
[2026-01-28T11:06:55.408+0000][gc,init] NUMA Support: Disabled
[2026-01-28T11:06:55.408+0000][gc,init] Compressed Oops: Enabled (32-bit)
[2026-01-28T11:06:55.408+0000][gc,init] Heap Region Size: 1M
[2026-01-28T11:06:55.408+0000][gc,init] Heap Min Capacity: 1G
[2026-01-28T11:06:55.408+0000][gc,init] Heap Initial Capacity: 1G
[2026-01-28T11:06:55.408+0000][gc,init] Heap Max Capacity: 1G
[2026-01-28T11:06:55.408+0000][gc,init] Pre-touch: Disabled
[2026-01-28T11:06:55.408+0000][gc,init] Parallel Workers: 10
[2026-01-28T11:06:55.408+0000][gc,init] Concurrent Workers: 3
[2026-01-28T11:06:55.409+0000][gc,init] Concurrent Refinement Workers: 10
[2026-01-28T11:06:55.409+0000][gc,init] Periodic GC: Disabled
[2026-01-28T11:06:55.451+0000][gc,metaspace] CDS archive(s) mapped at: [0x000000a800000000-0x000000a800bd0000-0x000000a8036b0000), size 57344000, SharedBaseAddress: 0x000000a800000000, ArchiveRelocationMode: 1.
[2026-01-28T11:06:55.451+0000][gc,metaspace] Compressed class space mapped at: 0x000000a804000000-0x000000a844000000, reserved size: 1073741824
[2026-01-28T11:06:55.452+0000][gc,metaspace] Narrow klass base: 0x000000a800000000, Narrow klass shift: 0, Narrow klass range: 0x100000000
[2026-01-28T11:06:57.084+0000][gc,start    ] GC(0) Pause Young (Normal) (G1 Evacuation Pause)
[2026-01-28T11:06:57.100+0000][gc,task     ] GC(0) Using 10 workers of 10 for evacuation
[2026-01-28T11:06:57.124+0000][gc,phases   ] GC(0)   Pre Evacuate Collection Set: 0.4ms
[2026-01-28T11:06:57.124+0000][gc,phases   ] GC(0)   Merge Heap Roots: 0.1ms
[2026-01-28T11:06:57.124+0000][gc,phases   ] GC(0)   Evacuate Collection Set: 22.4ms
[2026-01-28T11:06:57.125+0000][gc,phases   ] GC(0)   Post Evacuate Collection Set: 1.1ms
[2026-01-28T11:06:57.125+0000][gc,phases   ] GC(0)   Other: 6.5ms
[2026-01-28T11:06:57.125+0000][gc,heap     ] GC(0) Eden regions: 51->0(44)
[2026-01-28T11:06:57.125+0000][gc,heap     ] GC(0) Survivor regions: 0->7(7)
[2026-01-28T11:06:57.125+0000][gc,heap     ] GC(0) Old regions: 1->8
[2026-01-28T11:06:57.125+0000][gc,heap     ] GC(0) Humongous regions: 1->1
[2026-01-28T11:06:57.125+0000][gc,metaspace] GC(0) Metaspace: 5390K(5568K)->5390K(5568K) NonClass: 4754K(4864K)->4754K(4864K) Class: 636K(704K)->636K(704K)
[2026-01-28T11:06:57.125+0000][gc          ] GC(0) Pause Young (Normal) (G1 Evacuation Pause) 52M->15M(1024M) 41.322ms
[2026-01-28T11:06:57.125+0000][gc,cpu      ] GC(0) User=0.06s Sys=0.02s Real=0.04s
[2026-01-28T11:07:01.196+0000][gc,start    ] GC(1) Pause Young (Normal) (G1 Evacuation Pause)
[2026-01-28T11:07:01.196+0000][gc,task     ] GC(1) Using 10 workers of 10 for evacuation
[2026-01-28T11:07:01.204+0000][gc,phases   ] GC(1)   Pre Evacuate Collection Set: 0.8ms
[2026-01-28T11:07:01.204+0000][gc,phases   ] GC(1)   Merge Heap Roots: 0.1ms
[2026-01-28T11:07:01.204+0000][gc,phases   ] GC(1)   Evacuate Collection Set: 6.0ms
[2026-01-28T11:07:01.204+0000][gc,phases   ] GC(1)   Post Evacuate Collection Set: 0.6ms
[2026-01-28T11:07:01.204+0000][gc,phases   ] GC(1)   Other: 0.3ms
[2026-01-28T11:07:01.204+0000][gc,heap     ] GC(1) Eden regions: 44->0(49)
[2026-01-28T11:07:01.204+0000][gc,heap     ] GC(1) Survivor regions: 7->4(7)
[2026-01-28T11:07:01.204+0000][gc,heap     ] GC(1) Old regions: 8->15
[2026-01-28T11:07:01.204+0000][gc,heap     ] GC(1) Humongous regions: 130->130
[2026-01-28T11:07:01.204+0000][gc,metaspace] GC(1) Metaspace: 7938K(8192K)->7938K(8192K) NonClass: 6944K(7040K)->6944K(7040K) Class: 994K(1152K)->994K(1152K)
[2026-01-28T11:07:01.204+0000][gc          ] GC(1) Pause Young (Normal) (G1 Evacuation Pause) 188M->148M(1024M) 8.495ms
[2026-01-28T11:07:01.204+0000][gc,cpu      ] GC(1) User=0.04s Sys=0.01s Real=0.01s
[2026-01-28T11:07:01.742+0000][gc,start    ] GC(2) Pause Young (Normal) (G1 Evacuation Pause)
[2026-01-28T11:07:01.742+0000][gc,task     ] GC(2) Using 10 workers of 10 for evacuation
[2026-01-28T11:07:01.744+0000][gc,phases   ] GC(2)   Pre Evacuate Collection Set: 0.2ms
[2026-01-28T11:07:01.744+0000][gc,phases   ] GC(2)   Merge Heap Roots: 0.1ms
[2026-01-28T11:07:01.744+0000][gc,phases   ] GC(2)   Evacuate Collection Set: 1.2ms
[2026-01-28T11:07:01.744+0000][gc,phases   ] GC(2)   Post Evacuate Collection Set: 0.3ms
[2026-01-28T11:07:01.744+0000][gc,phases   ] GC(2)   Other: 0.1ms
[2026-01-28T11:07:01.744+0000][gc,heap     ] GC(2) Eden regions: 57->0(343)
[2026-01-28T11:07:01.745+0000][gc,heap     ] GC(2) Survivor regions: 4->5(8)
[2026-01-28T11:07:01.745+0000][gc,heap     ] GC(2) Old regions: 15->15
[2026-01-28T11:07:01.745+0000][gc,heap     ] GC(2) Humongous regions: 130->130
[2026-01-28T11:07:01.745+0000][gc,metaspace] GC(2) Metaspace: 9122K(9408K)->9122K(9408K) NonClass: 7971K(8128K)->7971K(8128K) Class: 1151K(1280K)->1151K(1280K)
[2026-01-28T11:07:01.745+0000][gc          ] GC(2) Pause Young (Normal) (G1 Evacuation Pause) 205M->149M(1024M) 2.683ms
[2026-01-28T11:07:01.745+0000][gc,cpu      ] GC(2) User=0.01s Sys=0.00s Real=0.01s
