[2026-01-28T10:16:29.277+0000][gc,init] CardTable entry size: 512
[2026-01-28T10:16:29.277+0000][gc     ] Using G1
[2026-01-28T10:16:29.281+0000][gc,init] Version: 21.0.4+7-LTS (release)
[2026-01-28T10:16:29.281+0000][gc,init] CPUs: 12 total, 12 available
[2026-01-28T10:16:29.281+0000][gc,init] Memory: 7837M
[2026-01-28T10:16:29.282+0000][gc,init] Large Page Support: Disabled
[2026-01-28T10:16:29.282+0000][gc,init] NUMA Support: Disabled
[2026-01-28T10:16:29.282+0000][gc,init] Compressed Oops: Enabled (32-bit)
[2026-01-28T10:16:29.282+0000][gc,init] Heap Region Size: 1M
[2026-01-28T10:16:29.282+0000][gc,init] Heap Min Capacity: 1G
[2026-01-28T10:16:29.282+0000][gc,init] Heap Initial Capacity: 1G
[2026-01-28T10:16:29.282+0000][gc,init] Heap Max Capacity: 1G
[2026-01-28T10:16:29.283+0000][gc,init] Pre-touch: Disabled
[2026-01-28T10:16:29.283+0000][gc,init] Parallel Workers: 10
[2026-01-28T10:16:29.283+0000][gc,init] Concurrent Workers: 3
[2026-01-28T10:16:29.284+0000][gc,init] Concurrent Refinement Workers: 10
[2026-01-28T10:16:29.284+0000][gc,init] Periodic GC: Disabled
[2026-01-28T10:16:29.321+0000][gc,metaspace] CDS archive(s) mapped at: [0x0000008800000000-0x0000008800bd0000-0x00000088036b0000), size 57344000, SharedBaseAddress: 0x0000008800000000, ArchiveRelocationMode: 1.
[2026-01-28T10:16:29.322+0000][gc,metaspace] Compressed class space mapped at: 0x0000008804000000-0x0000008844000000, reserved size: 1073741824
[2026-01-28T10:16:29.322+0000][gc,metaspace] Narrow klass base: 0x0000008800000000, Narrow klass shift: 0, Narrow klass range: 0x100000000
[2026-01-28T10:16:30.281+0000][gc,start    ] GC(0) Pause Young (Normal) (G1 Evacuation Pause)
[2026-01-28T10:16:30.281+0000][gc,task     ] GC(0) Using 10 workers of 10 for evacuation
[2026-01-28T10:16:30.286+0000][gc,phases   ] GC(0)   Pre Evacuate Collection Set: 0.3ms
[2026-01-28T10:16:30.286+0000][gc,phases   ] GC(0)   Merge Heap Roots: 0.1ms
[2026-01-28T10:16:30.286+0000][gc,phases   ] GC(0)   Evacuate Collection Set: 3.2ms
[2026-01-28T10:16:30.286+0000][gc,phases   ] GC(0)   Post Evacuate Collection Set: 0.5ms
[2026-01-28T10:16:30.286+0000][gc,phases   ] GC(0)   Other: 0.6ms
[2026-01-28T10:16:30.286+0000][gc,heap     ] GC(0) Eden regions: 51->0(44)
[2026-01-28T10:16:30.286+0000][gc,heap     ] GC(0) Survivor regions: 0->7(7)
[2026-01-28T10:16:30.286+0000][gc,heap     ] GC(0) Old regions: 1->6
[2026-01-28T10:16:30.286+0000][gc,heap     ] GC(0) Humongous regions: 1->1
[2026-01-28T10:16:30.286+0000][gc,metaspace] GC(0) Metaspace: 5732K(5952K)->5732K(5952K) NonClass: 5044K(5184K)->5044K(5184K) Class: 688K(768K)->688K(768K)
[2026-01-28T10:16:30.286+0000][gc          ] GC(0) Pause Young (Normal) (G1 Evacuation Pause) 52M->13M(1024M) 5.442ms
[2026-01-28T10:16:30.286+0000][gc,cpu      ] GC(0) User=0.01s Sys=0.01s Real=0.00s
[2026-01-28T10:16:30.723+0000][gc,start    ] GC(1) Pause Young (Normal) (G1 Evacuation Pause)
[2026-01-28T10:16:30.723+0000][gc,task     ] GC(1) Using 10 workers of 10 for evacuation
[2026-01-28T10:16:30.727+0000][gc,phases   ] GC(1)   Pre Evacuate Collection Set: 0.2ms
[2026-01-28T10:16:30.727+0000][gc,phases   ] GC(1)   Merge Heap Roots: 0.0ms
[2026-01-28T10:16:30.727+0000][gc,phases   ] GC(1)   Evacuate Collection Set: 3.2ms
[2026-01-28T10:16:30.727+0000][gc,phases   ] GC(1)   Post Evacuate Collection Set: 0.6ms
[2026-01-28T10:16:30.727+0000][gc,phases   ] GC(1)   Other: 0.1ms
[2026-01-28T10:16:30.727+0000][gc,heap     ] GC(1) Eden regions: 44->0(74)
[2026-01-28T10:16:30.727+0000][gc,heap     ] GC(1) Survivor regions: 7->3(7)
[2026-01-28T10:16:30.727+0000][gc,heap     ] GC(1) Old regions: 6->14
[2026-01-28T10:16:30.727+0000][gc,heap     ] GC(1) Humongous regions: 1->1
[2026-01-28T10:16:30.727+0000][gc,metaspace] GC(1) Metaspace: 7037K(7232K)->7037K(7232K) NonClass: 6319K(6464K)->6319K(6464K) Class: 718K(768K)->718K(768K)
[2026-01-28T10:16:30.727+0000][gc          ] GC(1) Pause Young (Normal) (G1 Evacuation Pause) 57M->16M(1024M) 4.661ms
[2026-01-28T10:16:30.727+0000][gc,cpu      ] GC(1) User=0.03s Sys=0.01s Real=0.00s
[2026-01-28T10:16:31.262+0000][gc,start    ] GC(2) Pause Young (Normal) (G1 Evacuation Pause)
[2026-01-28T10:16:31.264+0000][gc,task     ] GC(2) Using 10 workers of 10 for evacuation
[2026-01-28T10:16:31.266+0000][gc,phases   ] GC(2)   Pre Evacuate Collection Set: 0.3ms
[2026-01-28T10:16:31.266+0000][gc,phases   ] GC(2)   Merge Heap Roots: 0.1ms
[2026-01-28T10:16:31.266+0000][gc,phases   ] GC(2)   Evacuate Collection Set: 1.1ms
[2026-01-28T10:16:31.266+0000][gc,phases   ] GC(2)   Post Evacuate Collection Set: 0.3ms
[2026-01-28T10:16:31.266+0000][gc,phases   ] GC(2)   Other: 0.1ms
[2026-01-28T10:16:31.266+0000][gc,heap     ] GC(2) Eden regions: 80->0(612)
[2026-01-28T10:16:31.266+0000][gc,heap     ] GC(2) Survivor regions: 3->2(11)
[2026-01-28T10:16:31.266+0000][gc,heap     ] GC(2) Old regions: 14->14
[2026-01-28T10:16:31.267+0000][gc,heap     ] GC(2) Humongous regions: 1->1
[2026-01-28T10:16:31.267+0000][gc,metaspace] GC(2) Metaspace: 7125K(7360K)->7125K(7360K) NonClass: 6397K(6528K)->6397K(6528K) Class: 728K(832K)->728K(832K)
[2026-01-28T10:16:31.267+0000][gc          ] GC(2) Pause Young (Normal) (G1 Evacuation Pause) 96M->16M(1024M) 4.409ms
[2026-01-28T10:16:31.267+0000][gc,cpu      ] GC(2) User=0.01s Sys=0.00s Real=0.00s
[2026-01-28T10:16:39.825+0000][gc,start    ] GC(3) Pause Young (Normal) (G1 Evacuation Pause)
[2026-01-28T10:16:39.825+0000][gc,task     ] GC(3) Using 10 workers of 10 for evacuation
[2026-01-28T10:16:39.834+0000][gc,phases   ] GC(3)   Pre Evacuate Collection Set: 0.7ms
[2026-01-28T10:16:39.834+0000][gc,phases   ] GC(3)   Merge Heap Roots: 0.2ms
[2026-01-28T10:16:39.834+0000][gc,phases   ] GC(3)   Evacuate Collection Set: 6.5ms
[2026-01-28T10:16:39.834+0000][gc,phases   ] GC(3)   Post Evacuate Collection Set: 0.7ms
[2026-01-28T10:16:39.834+0000][gc,phases   ] GC(3)   Other: 0.2ms
[2026-01-28T10:16:39.834+0000][gc,heap     ] GC(3) Eden regions: 612->0(610)
[2026-01-28T10:16:39.834+0000][gc,heap     ] GC(3) Survivor regions: 2->4(77)
[2026-01-28T10:16:39.834+0000][gc,heap     ] GC(3) Old regions: 14->14
[2026-01-28T10:16:39.834+0000][gc,heap     ] GC(3) Humongous regions: 1->1
[2026-01-28T10:16:39.834+0000][gc,metaspace] GC(3) Metaspace: 7445K(7616K)->7445K(7616K) NonClass: 6705K(6784K)->6705K(6784K) Class: 740K(832K)->740K(832K)
[2026-01-28T10:16:39.834+0000][gc          ] GC(3) Pause Young (Normal) (G1 Evacuation Pause) 628M->18M(1024M) 9.248ms
[2026-01-28T10:16:39.834+0000][gc,cpu      ] GC(3) User=0.06s Sys=0.00s Real=0.01s
[2026-01-28T10:16:47.748+0000][gc,start    ] GC(4) Pause Young (Normal) (G1 Evacuation Pause)
[2026-01-28T10:16:47.750+0000][gc,task     ] GC(4) Using 10 workers of 10 for evacuation
[2026-01-28T10:16:47.770+0000][gc,phases   ] GC(4)   Pre Evacuate Collection Set: 1.0ms
[2026-01-28T10:16:47.770+0000][gc,phases   ] GC(4)   Merge Heap Roots: 0.2ms
[2026-01-28T10:16:47.770+0000][gc,phases   ] GC(4)   Evacuate Collection Set: 15.6ms
[2026-01-28T10:16:47.770+0000][gc,phases   ] GC(4)   Post Evacuate Collection Set: 2.5ms
[2026-01-28T10:16:47.770+0000][gc,phases   ] GC(4)   Other: 0.8ms
[2026-01-28T10:16:47.770+0000][gc,heap     ] GC(4) Eden regions: 610->0(609)
[2026-01-28T10:16:47.770+0000][gc,heap     ] GC(4) Survivor regions: 4->5(77)
[2026-01-28T10:16:47.770+0000][gc,heap     ] GC(4) Old regions: 14->14
[2026-01-28T10:16:47.770+0000][gc,heap     ] GC(4) Humongous regions: 1->1
[2026-01-28T10:16:47.770+0000][gc,metaspace] GC(4) Metaspace: 7471K(7680K)->7471K(7680K) NonClass: 6731K(6848K)->6731K(6848K) Class: 740K(832K)->740K(832K)
[2026-01-28T10:16:47.770+0000][gc          ] GC(4) Pause Young (Normal) (G1 Evacuation Pause) 628M->18M(1024M) 22.709ms
[2026-01-28T10:16:47.770+0000][gc,cpu      ] GC(4) User=0.14s Sys=0.01s Real=0.03s
[2026-01-28T10:17:03.846+0000][gc,start    ] GC(5) Pause Young (Normal) (G1 Evacuation Pause)
[2026-01-28T10:17:03.846+0000][gc,task     ] GC(5) Using 10 workers of 10 for evacuation
[2026-01-28T10:17:03.869+0000][gc,phases   ] GC(5)   Pre Evacuate Collection Set: 0.7ms
[2026-01-28T10:17:03.870+0000][gc,phases   ] GC(5)   Merge Heap Roots: 3.7ms
[2026-01-28T10:17:03.870+0000][gc,phases   ] GC(5)   Evacuate Collection Set: 17.6ms
[2026-01-28T10:17:03.870+0000][gc,phases   ] GC(5)   Post Evacuate Collection Set: 1.1ms
[2026-01-28T10:17:03.870+0000][gc,phases   ] GC(5)   Other: 0.3ms
[2026-01-28T10:17:03.870+0000][gc,heap     ] GC(5) Eden regions: 609->0(608)
[2026-01-28T10:17:03.870+0000][gc,heap     ] GC(5) Survivor regions: 5->6(77)
[2026-01-28T10:17:03.870+0000][gc,heap     ] GC(5) Old regions: 14->14
[2026-01-28T10:17:03.870+0000][gc,heap     ] GC(5) Humongous regions: 1->1
[2026-01-28T10:17:03.870+0000][gc,metaspace] GC(5) Metaspace: 7552K(7744K)->7552K(7744K) NonClass: 6812K(6912K)->6812K(6912K) Class: 740K(832K)->740K(832K)
[2026-01-28T10:17:03.870+0000][gc          ] GC(5) Pause Young (Normal) (G1 Evacuation Pause) 627M->19M(1024M) 24.508ms
[2026-01-28T10:17:03.870+0000][gc,cpu      ] GC(5) User=0.16s Sys=0.04s Real=0.02s
[2026-01-28T10:17:11.498+0000][gc,start    ] GC(6) Pause Young (Normal) (G1 Evacuation Pause)
[2026-01-28T10:17:11.498+0000][gc,task     ] GC(6) Using 10 workers of 10 for evacuation
[2026-01-28T10:17:11.503+0000][gc,phases   ] GC(6)   Pre Evacuate Collection Set: 0.6ms
[2026-01-28T10:17:11.503+0000][gc,phases   ] GC(6)   Merge Heap Roots: 0.1ms
[2026-01-28T10:17:11.503+0000][gc,phases   ] GC(6)   Evacuate Collection Set: 3.6ms
[2026-01-28T10:17:11.503+0000][gc,phases   ] GC(6)   Post Evacuate Collection Set: 0.6ms
[2026-01-28T10:17:11.503+0000][gc,phases   ] GC(6)   Other: 0.2ms
[2026-01-28T10:17:11.503+0000][gc,heap     ] GC(6) Eden regions: 608->0(608)
[2026-01-28T10:17:11.503+0000][gc,heap     ] GC(6) Survivor regions: 6->6(77)
[2026-01-28T10:17:11.503+0000][gc,heap     ] GC(6) Old regions: 14->14
[2026-01-28T10:17:11.503+0000][gc,heap     ] GC(6) Humongous regions: 1->1
[2026-01-28T10:17:11.504+0000][gc,metaspace] GC(6) Metaspace: 7616K(7808K)->7616K(7808K) NonClass: 6876K(6976K)->6876K(6976K) Class: 740K(832K)->740K(832K)
[2026-01-28T10:17:11.504+0000][gc          ] GC(6) Pause Young (Normal) (G1 Evacuation Pause) 627M->20M(1024M) 5.970ms
[2026-01-28T10:17:11.504+0000][gc,cpu      ] GC(6) User=0.03s Sys=0.00s Real=0.01s
[2026-01-28T10:17:19.827+0000][gc,start    ] GC(7) Pause Young (Normal) (G1 Evacuation Pause)
[2026-01-28T10:17:19.827+0000][gc,task     ] GC(7) Using 10 workers of 10 for evacuation
[2026-01-28T10:17:19.839+0000][gc,phases   ] GC(7)   Pre Evacuate Collection Set: 1.2ms
[2026-01-28T10:17:19.839+0000][gc,phases   ] GC(7)   Merge Heap Roots: 0.2ms
[2026-01-28T10:17:19.839+0000][gc,phases   ] GC(7)   Evacuate Collection Set: 8.8ms
[2026-01-28T10:17:19.839+0000][gc,phases   ] GC(7)   Post Evacuate Collection Set: 1.0ms
[2026-01-28T10:17:19.839+0000][gc,phases   ] GC(7)   Other: 0.3ms
[2026-01-28T10:17:19.839+0000][gc,heap     ] GC(7) Eden regions: 608->0(608)
[2026-01-28T10:17:19.839+0000][gc,heap     ] GC(7) Survivor regions: 6->6(77)
[2026-01-28T10:17:19.839+0000][gc,heap     ] GC(7) Old regions: 14->14
[2026-01-28T10:17:19.839+0000][gc,heap     ] GC(7) Humongous regions: 1->1
[2026-01-28T10:17:19.839+0000][gc,metaspace] GC(7) Metaspace: 7642K(7808K)->7642K(7808K) NonClass: 6902K(6976K)->6902K(6976K) Class: 740K(832K)->740K(832K)
[2026-01-28T10:17:19.839+0000][gc          ] GC(7) Pause Young (Normal) (G1 Evacuation Pause) 628M->20M(1024M) 12.365ms
[2026-01-28T10:17:19.839+0000][gc,cpu      ] GC(7) User=0.08s Sys=0.01s Real=0.01s
[2026-01-28T10:17:27.927+0000][gc,start    ] GC(8) Pause Young (Normal) (G1 Evacuation Pause)
[2026-01-28T10:17:27.927+0000][gc,task     ] GC(8) Using 10 workers of 10 for evacuation
[2026-01-28T10:17:27.937+0000][gc,phases   ] GC(8)   Pre Evacuate Collection Set: 0.8ms
[2026-01-28T10:17:27.937+0000][gc,phases   ] GC(8)   Merge Heap Roots: 0.2ms
[2026-01-28T10:17:27.937+0000][gc,phases   ] GC(8)   Evacuate Collection Set: 7.3ms
[2026-01-28T10:17:27.938+0000][gc,phases   ] GC(8)   Post Evacuate Collection Set: 1.5ms
[2026-01-28T10:17:27.938+0000][gc,phases   ] GC(8)   Other: 0.2ms
[2026-01-28T10:17:27.938+0000][gc,heap     ] GC(8) Eden regions: 608->0(607)
[2026-01-28T10:17:27.938+0000][gc,heap     ] GC(8) Survivor regions: 6->7(77)
[2026-01-28T10:17:27.938+0000][gc,heap     ] GC(8) Old regions: 14->14
[2026-01-28T10:17:27.938+0000][gc,heap     ] GC(8) Humongous regions: 1->1
[2026-01-28T10:17:27.938+0000][gc,metaspace] GC(8) Metaspace: 7672K(7872K)->7672K(7872K) NonClass: 6931K(7040K)->6931K(7040K) Class: 740K(832K)->740K(832K)
[2026-01-28T10:17:27.938+0000][gc          ] GC(8) Pause Young (Normal) (G1 Evacuation Pause) 628M->20M(1024M) 11.650ms
[2026-01-28T10:17:27.938+0000][gc,cpu      ] GC(8) User=0.08s Sys=0.00s Real=0.01s
