[2026-01-28T09:59:50.620+0000][gc,init] CardTable entry size: 512
[2026-01-28T09:59:50.620+0000][gc     ] Using G1
[2026-01-28T09:59:50.625+0000][gc,init] Version: 21.0.4+7-LTS (release)
[2026-01-28T09:59:50.626+0000][gc,init] CPUs: 12 total, 12 available
[2026-01-28T09:59:50.626+0000][gc,init] Memory: 7837M
[2026-01-28T09:59:50.626+0000][gc,init] Large Page Support: Disabled
[2026-01-28T09:59:50.627+0000][gc,init] NUMA Support: Disabled
[2026-01-28T09:59:50.627+0000][gc,init] Compressed Oops: Enabled (32-bit)
[2026-01-28T09:59:50.627+0000][gc,init] Heap Region Size: 1M
[2026-01-28T09:59:50.627+0000][gc,init] Heap Min Capacity: 1G
[2026-01-28T09:59:50.627+0000][gc,init] Heap Initial Capacity: 1G
[2026-01-28T09:59:50.627+0000][gc,init] Heap Max Capacity: 1G
[2026-01-28T09:59:50.627+0000][gc,init] Pre-touch: Disabled
[2026-01-28T09:59:50.627+0000][gc,init] Parallel Workers: 10
[2026-01-28T09:59:50.627+0000][gc,init] Concurrent Workers: 3
[2026-01-28T09:59:50.627+0000][gc,init] Concurrent Refinement Workers: 10
[2026-01-28T09:59:50.627+0000][gc,init] Periodic GC: Disabled
[2026-01-28T09:59:50.649+0000][gc,metaspace] CDS archive(s) mapped at: [0x000000f000000000-0x000000f000bd0000-0x000000f0036b0000), size 57344000, SharedBaseAddress: 0x000000f000000000, ArchiveRelocationMode: 1.
[2026-01-28T09:59:50.649+0000][gc,metaspace] Compressed class space mapped at: 0x000000f004000000-0x000000f044000000, reserved size: 1073741824
[2026-01-28T09:59:50.649+0000][gc,metaspace] Narrow klass base: 0x000000f000000000, Narrow klass shift: 0, Narrow klass range: 0x100000000
[2026-01-28T09:59:51.534+0000][gc,start    ] GC(0) Pause Young (Normal) (G1 Evacuation Pause)
[2026-01-28T09:59:51.535+0000][gc,task     ] GC(0) Using 10 workers of 10 for evacuation
[2026-01-28T09:59:51.539+0000][gc,phases   ] GC(0)   Pre Evacuate Collection Set: 0.2ms
[2026-01-28T09:59:51.539+0000][gc,phases   ] GC(0)   Merge Heap Roots: 0.1ms
[2026-01-28T09:59:51.539+0000][gc,phases   ] GC(0)   Evacuate Collection Set: 3.2ms
[2026-01-28T09:59:51.539+0000][gc,phases   ] GC(0)   Post Evacuate Collection Set: 0.5ms
[2026-01-28T09:59:51.539+0000][gc,phases   ] GC(0)   Other: 0.7ms
[2026-01-28T09:59:51.539+0000][gc,heap     ] GC(0) Eden regions: 51->0(44)
[2026-01-28T09:59:51.539+0000][gc,heap     ] GC(0) Survivor regions: 0->7(7)
[2026-01-28T09:59:51.539+0000][gc,heap     ] GC(0) Old regions: 1->6
[2026-01-28T09:59:51.539+0000][gc,heap     ] GC(0) Humongous regions: 1->1
[2026-01-28T09:59:51.539+0000][gc,metaspace] GC(0) Metaspace: 5728K(5888K)->5728K(5888K) NonClass: 5044K(5120K)->5044K(5120K) Class: 684K(768K)->684K(768K)
[2026-01-28T09:59:51.540+0000][gc          ] GC(0) Pause Young (Normal) (G1 Evacuation Pause) 52M->13M(1024M) 5.276ms
[2026-01-28T09:59:51.540+0000][gc,cpu      ] GC(0) User=0.02s Sys=0.01s Real=0.00s
[2026-01-28T09:59:52.153+0000][gc,start    ] GC(1) Pause Young (Normal) (G1 Evacuation Pause)
[2026-01-28T09:59:52.153+0000][gc,task     ] GC(1) Using 10 workers of 10 for evacuation
[2026-01-28T09:59:52.158+0000][gc,phases   ] GC(1)   Pre Evacuate Collection Set: 0.3ms
[2026-01-28T09:59:52.158+0000][gc,phases   ] GC(1)   Merge Heap Roots: 0.0ms
[2026-01-28T09:59:52.158+0000][gc,phases   ] GC(1)   Evacuate Collection Set: 3.6ms
[2026-01-28T09:59:52.158+0000][gc,phases   ] GC(1)   Post Evacuate Collection Set: 0.6ms
[2026-01-28T09:59:52.158+0000][gc,phases   ] GC(1)   Other: 0.1ms
[2026-01-28T09:59:52.158+0000][gc,heap     ] GC(1) Eden regions: 44->0(74)
[2026-01-28T09:59:52.158+0000][gc,heap     ] GC(1) Survivor regions: 7->2(7)
[2026-01-28T09:59:52.158+0000][gc,heap     ] GC(1) Old regions: 6->14
[2026-01-28T09:59:52.158+0000][gc,heap     ] GC(1) Humongous regions: 1->1
[2026-01-28T09:59:52.158+0000][gc,metaspace] GC(1) Metaspace: 7135K(7360K)->7135K(7360K) NonClass: 6407K(6528K)->6407K(6528K) Class: 727K(832K)->727K(832K)
[2026-01-28T09:59:52.158+0000][gc          ] GC(1) Pause Young (Normal) (G1 Evacuation Pause) 57M->16M(1024M) 5.306ms
[2026-01-28T09:59:52.158+0000][gc,cpu      ] GC(1) User=0.02s Sys=0.00s Real=0.00s
[2026-01-28T09:59:52.668+0000][gc,start    ] GC(2) Pause Young (Normal) (G1 Evacuation Pause)
[2026-01-28T09:59:52.670+0000][gc,task     ] GC(2) Using 10 workers of 10 for evacuation
[2026-01-28T09:59:52.673+0000][gc,phases   ] GC(2)   Pre Evacuate Collection Set: 0.2ms
[2026-01-28T09:59:52.673+0000][gc,phases   ] GC(2)   Merge Heap Roots: 0.0ms
[2026-01-28T09:59:52.673+0000][gc,phases   ] GC(2)   Evacuate Collection Set: 1.7ms
[2026-01-28T09:59:52.673+0000][gc,phases   ] GC(2)   Post Evacuate Collection Set: 0.3ms
[2026-01-28T09:59:52.673+0000][gc,phases   ] GC(2)   Other: 0.1ms
[2026-01-28T09:59:52.674+0000][gc,heap     ] GC(2) Eden regions: 81->0(612)
[2026-01-28T09:59:52.674+0000][gc,heap     ] GC(2) Survivor regions: 2->2(11)
[2026-01-28T09:59:52.674+0000][gc,heap     ] GC(2) Old regions: 14->14
[2026-01-28T09:59:52.674+0000][gc,heap     ] GC(2) Humongous regions: 1->1
[2026-01-28T09:59:52.674+0000][gc,metaspace] GC(2) Metaspace: 7161K(7360K)->7161K(7360K) NonClass: 6433K(6528K)->6433K(6528K) Class: 728K(832K)->728K(832K)
[2026-01-28T09:59:52.674+0000][gc          ] GC(2) Pause Young (Normal) (G1 Evacuation Pause) 97M->15M(1024M) 6.076ms
[2026-01-28T09:59:52.674+0000][gc,cpu      ] GC(2) User=0.01s Sys=0.01s Real=0.01s
[2026-01-28T10:00:44.848+0000][gc,start    ] GC(3) Pause Young (Normal) (G1 Evacuation Pause)
[2026-01-28T10:00:44.848+0000][gc,task     ] GC(3) Using 10 workers of 10 for evacuation
[2026-01-28T10:00:44.873+0000][gc,phases   ] GC(3)   Pre Evacuate Collection Set: 0.6ms
[2026-01-28T10:00:44.873+0000][gc,phases   ] GC(3)   Merge Heap Roots: 0.2ms
[2026-01-28T10:00:44.873+0000][gc,phases   ] GC(3)   Evacuate Collection Set: 21.3ms
[2026-01-28T10:00:44.873+0000][gc,phases   ] GC(3)   Post Evacuate Collection Set: 1.0ms
[2026-01-28T10:00:44.873+0000][gc,phases   ] GC(3)   Other: 1.5ms
[2026-01-28T10:00:44.873+0000][gc,heap     ] GC(3) Eden regions: 612->0(610)
[2026-01-28T10:00:44.873+0000][gc,heap     ] GC(3) Survivor regions: 2->4(77)
[2026-01-28T10:00:44.873+0000][gc,heap     ] GC(3) Old regions: 14->14
[2026-01-28T10:00:44.873+0000][gc,heap     ] GC(3) Humongous regions: 1->1
[2026-01-28T10:00:44.873+0000][gc,metaspace] GC(3) Metaspace: 8147K(8320K)->8147K(8320K) NonClass: 7372K(7488K)->7372K(7488K) Class: 775K(832K)->775K(832K)
[2026-01-28T10:00:44.873+0000][gc          ] GC(3) Pause Young (Normal) (G1 Evacuation Pause) 627M->17M(1024M) 25.546ms
[2026-01-28T10:00:44.873+0000][gc,cpu      ] GC(3) User=0.16s Sys=0.03s Real=0.03s
[2026-01-28T10:00:52.788+0000][gc,start    ] GC(4) Pause Young (Normal) (G1 Evacuation Pause)
[2026-01-28T10:00:52.788+0000][gc,task     ] GC(4) Using 10 workers of 10 for evacuation
[2026-01-28T10:00:52.794+0000][gc,phases   ] GC(4)   Pre Evacuate Collection Set: 0.7ms
[2026-01-28T10:00:52.794+0000][gc,phases   ] GC(4)   Merge Heap Roots: 0.2ms
[2026-01-28T10:00:52.794+0000][gc,phases   ] GC(4)   Evacuate Collection Set: 4.6ms
[2026-01-28T10:00:52.795+0000][gc,phases   ] GC(4)   Post Evacuate Collection Set: 0.8ms
[2026-01-28T10:00:52.795+0000][gc,phases   ] GC(4)   Other: 0.1ms
[2026-01-28T10:00:52.795+0000][gc,heap     ] GC(4) Eden regions: 610->0(610)
[2026-01-28T10:00:52.795+0000][gc,heap     ] GC(4) Survivor regions: 4->4(77)
[2026-01-28T10:00:52.795+0000][gc,heap     ] GC(4) Old regions: 14->14
[2026-01-28T10:00:52.795+0000][gc,heap     ] GC(4) Humongous regions: 1->1
[2026-01-28T10:00:52.795+0000][gc,metaspace] GC(4) Metaspace: 8219K(8384K)->8219K(8384K) NonClass: 7440K(7552K)->7440K(7552K) Class: 778K(832K)->778K(832K)
[2026-01-28T10:00:52.795+0000][gc          ] GC(4) Pause Young (Normal) (G1 Evacuation Pause) 627M->17M(1024M) 7.241ms
[2026-01-28T10:00:52.795+0000][gc,cpu      ] GC(4) User=0.06s Sys=0.00s Real=0.01s
[2026-01-28T10:01:09.049+0000][gc,start    ] GC(5) Pause Young (Normal) (G1 Evacuation Pause)
[2026-01-28T10:01:09.051+0000][gc,task     ] GC(5) Using 10 workers of 10 for evacuation
[2026-01-28T10:01:09.065+0000][gc,phases   ] GC(5)   Pre Evacuate Collection Set: 2.2ms
[2026-01-28T10:01:09.065+0000][gc,phases   ] GC(5)   Merge Heap Roots: 0.4ms
[2026-01-28T10:01:09.065+0000][gc,phases   ] GC(5)   Evacuate Collection Set: 10.3ms
[2026-01-28T10:01:09.065+0000][gc,phases   ] GC(5)   Post Evacuate Collection Set: 0.8ms
[2026-01-28T10:01:09.065+0000][gc,phases   ] GC(5)   Other: 0.4ms
[2026-01-28T10:01:09.065+0000][gc,heap     ] GC(5) Eden regions: 610->0(610)
[2026-01-28T10:01:09.065+0000][gc,heap     ] GC(5) Survivor regions: 4->4(77)
[2026-01-28T10:01:09.065+0000][gc,heap     ] GC(5) Old regions: 14->14
[2026-01-28T10:01:09.065+0000][gc,heap     ] GC(5) Humongous regions: 1->1
[2026-01-28T10:01:09.065+0000][gc,metaspace] GC(5) Metaspace: 8270K(8448K)->8270K(8448K) NonClass: 7491K(7616K)->7491K(7616K) Class: 778K(832K)->778K(832K)
[2026-01-28T10:01:09.065+0000][gc          ] GC(5) Pause Young (Normal) (G1 Evacuation Pause) 627M->17M(1024M) 16.144ms
[2026-01-28T10:01:09.065+0000][gc,cpu      ] GC(5) User=0.12s Sys=0.00s Real=0.02s
[2026-01-28T10:01:24.832+0000][gc,start    ] GC(6) Pause Young (Normal) (G1 Evacuation Pause)
[2026-01-28T10:01:24.833+0000][gc,task     ] GC(6) Using 10 workers of 10 for evacuation
[2026-01-28T10:01:24.844+0000][gc,phases   ] GC(6)   Pre Evacuate Collection Set: 2.6ms
[2026-01-28T10:01:24.844+0000][gc,phases   ] GC(6)   Merge Heap Roots: 0.4ms
[2026-01-28T10:01:24.844+0000][gc,phases   ] GC(6)   Evacuate Collection Set: 5.8ms
[2026-01-28T10:01:24.844+0000][gc,phases   ] GC(6)   Post Evacuate Collection Set: 1.1ms
[2026-01-28T10:01:24.844+0000][gc,phases   ] GC(6)   Other: 0.6ms
[2026-01-28T10:01:24.844+0000][gc,heap     ] GC(6) Eden regions: 610->0(610)
[2026-01-28T10:01:24.844+0000][gc,heap     ] GC(6) Survivor regions: 4->4(77)
[2026-01-28T10:01:24.844+0000][gc,heap     ] GC(6) Old regions: 14->14
[2026-01-28T10:01:24.844+0000][gc,heap     ] GC(6) Humongous regions: 1->1
[2026-01-28T10:01:24.845+0000][gc,metaspace] GC(6) Metaspace: 8282K(8448K)->8282K(8448K) NonClass: 7503K(7616K)->7503K(7616K) Class: 778K(832K)->778K(832K)
[2026-01-28T10:01:24.845+0000][gc          ] GC(6) Pause Young (Normal) (G1 Evacuation Pause) 627M->17M(1024M) 12.930ms
[2026-01-28T10:01:24.845+0000][gc,cpu      ] GC(6) User=0.08s Sys=0.00s Real=0.01s
[2026-01-28T10:01:40.634+0000][gc,start    ] GC(7) Pause Young (Normal) (G1 Evacuation Pause)
[2026-01-28T10:01:40.635+0000][gc,task     ] GC(7) Using 10 workers of 10 for evacuation
[2026-01-28T10:01:40.643+0000][gc,phases   ] GC(7)   Pre Evacuate Collection Set: 0.6ms
[2026-01-28T10:01:40.643+0000][gc,phases   ] GC(7)   Merge Heap Roots: 0.2ms
[2026-01-28T10:01:40.643+0000][gc,phases   ] GC(7)   Evacuate Collection Set: 6.2ms
[2026-01-28T10:01:40.643+0000][gc,phases   ] GC(7)   Post Evacuate Collection Set: 0.7ms
[2026-01-28T10:01:40.643+0000][gc,phases   ] GC(7)   Other: 0.2ms
[2026-01-28T10:01:40.643+0000][gc,heap     ] GC(7) Eden regions: 610->0(610)
[2026-01-28T10:01:40.643+0000][gc,heap     ] GC(7) Survivor regions: 4->4(77)
[2026-01-28T10:01:40.643+0000][gc,heap     ] GC(7) Old regions: 14->14
[2026-01-28T10:01:40.643+0000][gc,heap     ] GC(7) Humongous regions: 1->1
[2026-01-28T10:01:40.643+0000][gc,metaspace] GC(7) Metaspace: 8316K(8512K)->8316K(8512K) NonClass: 7538K(7680K)->7538K(7680K) Class: 778K(832K)->778K(832K)
[2026-01-28T10:01:40.643+0000][gc          ] GC(7) Pause Young (Normal) (G1 Evacuation Pause) 627M->17M(1024M) 9.333ms
[2026-01-28T10:01:40.643+0000][gc,cpu      ] GC(7) User=0.07s Sys=0.00s Real=0.01s
[2026-01-28T10:01:57.266+0000][gc,start    ] GC(8) Pause Young (Normal) (G1 Evacuation Pause)
[2026-01-28T10:01:57.267+0000][gc,task     ] GC(8) Using 10 workers of 10 for evacuation
[2026-01-28T10:01:57.273+0000][gc,phases   ] GC(8)   Pre Evacuate Collection Set: 0.7ms
[2026-01-28T10:01:57.273+0000][gc,phases   ] GC(8)   Merge Heap Roots: 0.2ms
[2026-01-28T10:01:57.273+0000][gc,phases   ] GC(8)   Evacuate Collection Set: 4.6ms
[2026-01-28T10:01:57.273+0000][gc,phases   ] GC(8)   Post Evacuate Collection Set: 0.8ms
[2026-01-28T10:01:57.274+0000][gc,phases   ] GC(8)   Other: 0.2ms
[2026-01-28T10:01:57.274+0000][gc,heap     ] GC(8) Eden regions: 610->0(610)
[2026-01-28T10:01:57.274+0000][gc,heap     ] GC(8) Survivor regions: 4->4(77)
[2026-01-28T10:01:57.274+0000][gc,heap     ] GC(8) Old regions: 14->14
[2026-01-28T10:01:57.274+0000][gc,heap     ] GC(8) Humongous regions: 1->1
[2026-01-28T10:01:57.274+0000][gc,metaspace] GC(8) Metaspace: 8365K(8576K)->8365K(8576K) NonClass: 7586K(7744K)->7586K(7744K) Class: 778K(832K)->778K(832K)
[2026-01-28T10:01:57.274+0000][gc          ] GC(8) Pause Young (Normal) (G1 Evacuation Pause) 627M->17M(1024M) 7.342ms
[2026-01-28T10:01:57.274+0000][gc,cpu      ] GC(8) User=0.06s Sys=0.00s Real=0.01s
[2026-01-28T10:02:12.627+0000][gc,start    ] GC(9) Pause Young (Normal) (G1 Evacuation Pause)
[2026-01-28T10:02:12.627+0000][gc,task     ] GC(9) Using 10 workers of 10 for evacuation
[2026-01-28T10:02:12.632+0000][gc,phases   ] GC(9)   Pre Evacuate Collection Set: 0.5ms
[2026-01-28T10:02:12.632+0000][gc,phases   ] GC(9)   Merge Heap Roots: 0.1ms
[2026-01-28T10:02:12.632+0000][gc,phases   ] GC(9)   Evacuate Collection Set: 3.2ms
[2026-01-28T10:02:12.632+0000][gc,phases   ] GC(9)   Post Evacuate Collection Set: 0.7ms
[2026-01-28T10:02:12.632+0000][gc,phases   ] GC(9)   Other: 0.1ms
[2026-01-28T10:02:12.632+0000][gc,heap     ] GC(9) Eden regions: 610->0(610)
[2026-01-28T10:02:12.632+0000][gc,heap     ] GC(9) Survivor regions: 4->4(77)
[2026-01-28T10:02:12.632+0000][gc,heap     ] GC(9) Old regions: 14->14
[2026-01-28T10:02:12.632+0000][gc,heap     ] GC(9) Humongous regions: 1->1
[2026-01-28T10:02:12.632+0000][gc,metaspace] GC(9) Metaspace: 8411K(8576K)->8411K(8576K) NonClass: 7632K(7744K)->7632K(7744K) Class: 778K(832K)->778K(832K)
[2026-01-28T10:02:12.633+0000][gc          ] GC(9) Pause Young (Normal) (G1 Evacuation Pause) 627M->17M(1024M) 5.412ms
[2026-01-28T10:02:12.633+0000][gc,cpu      ] GC(9) User=0.03s Sys=0.00s Real=0.01s
[2026-01-28T10:02:28.558+0000][gc,start    ] GC(10) Pause Young (Normal) (G1 Evacuation Pause)
[2026-01-28T10:02:28.560+0000][gc,task     ] GC(10) Using 10 workers of 10 for evacuation
[2026-01-28T10:02:28.567+0000][gc,phases   ] GC(10)   Pre Evacuate Collection Set: 0.7ms
[2026-01-28T10:02:28.567+0000][gc,phases   ] GC(10)   Merge Heap Roots: 0.1ms
[2026-01-28T10:02:28.567+0000][gc,phases   ] GC(10)   Evacuate Collection Set: 5.7ms
[2026-01-28T10:02:28.567+0000][gc,phases   ] GC(10)   Post Evacuate Collection Set: 1.1ms
[2026-01-28T10:02:28.567+0000][gc,phases   ] GC(10)   Other: 0.1ms
[2026-01-28T10:02:28.567+0000][gc,heap     ] GC(10) Eden regions: 610->0(610)
[2026-01-28T10:02:28.568+0000][gc,heap     ] GC(10) Survivor regions: 4->4(77)
[2026-01-28T10:02:28.568+0000][gc,heap     ] GC(10) Old regions: 14->14
[2026-01-28T10:02:28.568+0000][gc,heap     ] GC(10) Humongous regions: 1->1
[2026-01-28T10:02:28.568+0000][gc,metaspace] GC(10) Metaspace: 8412K(8576K)->8412K(8576K) NonClass: 7633K(7744K)->7633K(7744K) Class: 778K(832K)->778K(832K)
[2026-01-28T10:02:28.568+0000][gc          ] GC(10) Pause Young (Normal) (G1 Evacuation Pause) 627M->17M(1024M) 9.258ms
[2026-01-28T10:02:28.568+0000][gc,cpu      ] GC(10) User=0.06s Sys=0.00s Real=0.01s
[2026-01-28T10:02:43.429+0000][gc,start    ] GC(11) Pause Young (Normal) (G1 Evacuation Pause)
[2026-01-28T10:02:43.430+0000][gc,task     ] GC(11) Using 10 workers of 10 for evacuation
[2026-01-28T10:02:43.433+0000][gc,phases   ] GC(11)   Pre Evacuate Collection Set: 0.3ms
[2026-01-28T10:02:43.433+0000][gc,phases   ] GC(11)   Merge Heap Roots: 0.1ms
[2026-01-28T10:02:43.433+0000][gc,phases   ] GC(11)   Evacuate Collection Set: 2.2ms
[2026-01-28T10:02:43.433+0000][gc,phases   ] GC(11)   Post Evacuate Collection Set: 0.5ms
[2026-01-28T10:02:43.434+0000][gc,phases   ] GC(11)   Other: 0.1ms
[2026-01-28T10:02:43.434+0000][gc,heap     ] GC(11) Eden regions: 610->0(610)
[2026-01-28T10:02:43.434+0000][gc,heap     ] GC(11) Survivor regions: 4->4(77)
[2026-01-28T10:02:43.434+0000][gc,heap     ] GC(11) Old regions: 14->14
[2026-01-28T10:02:43.434+0000][gc,heap     ] GC(11) Humongous regions: 1->1
[2026-01-28T10:02:43.434+0000][gc,metaspace] GC(11) Metaspace: 8418K(8576K)->8418K(8576K) NonClass: 7639K(7744K)->7639K(7744K) Class: 778K(832K)->778K(832K)
[2026-01-28T10:02:43.434+0000][gc          ] GC(11) Pause Young (Normal) (G1 Evacuation Pause) 627M->17M(1024M) 4.638ms
[2026-01-28T10:02:43.434+0000][gc,cpu      ] GC(11) User=0.01s Sys=0.01s Real=0.01s
[2026-01-28T10:02:58.788+0000][gc,start    ] GC(12) Pause Young (Normal) (G1 Evacuation Pause)
[2026-01-28T10:02:58.789+0000][gc,task     ] GC(12) Using 10 workers of 10 for evacuation
[2026-01-28T10:02:58.793+0000][gc,phases   ] GC(12)   Pre Evacuate Collection Set: 0.6ms
[2026-01-28T10:02:58.794+0000][gc,phases   ] GC(12)   Merge Heap Roots: 0.2ms
[2026-01-28T10:02:58.794+0000][gc,phases   ] GC(12)   Evacuate Collection Set: 2.6ms
[2026-01-28T10:02:58.794+0000][gc,phases   ] GC(12)   Post Evacuate Collection Set: 0.6ms
[2026-01-28T10:02:58.794+0000][gc,phases   ] GC(12)   Other: 0.2ms
[2026-01-28T10:02:58.794+0000][gc,heap     ] GC(12) Eden regions: 610->0(610)
[2026-01-28T10:02:58.794+0000][gc,heap     ] GC(12) Survivor regions: 4->4(77)
[2026-01-28T10:02:58.794+0000][gc,heap     ] GC(12) Old regions: 14->14
[2026-01-28T10:02:58.794+0000][gc,heap     ] GC(12) Humongous regions: 1->1
[2026-01-28T10:02:58.794+0000][gc,metaspace] GC(12) Metaspace: 8470K(8640K)->8470K(8640K) NonClass: 7691K(7808K)->7691K(7808K) Class: 778K(832K)->778K(832K)
[2026-01-28T10:02:58.794+0000][gc          ] GC(12) Pause Young (Normal) (G1 Evacuation Pause) 627M->17M(1024M) 5.575ms
[2026-01-28T10:02:58.794+0000][gc,cpu      ] GC(12) User=0.03s Sys=0.00s Real=0.01s
[2026-01-28T10:03:13.231+0000][gc,start    ] GC(13) Pause Young (Normal) (G1 Evacuation Pause)
[2026-01-28T10:03:13.231+0000][gc,task     ] GC(13) Using 10 workers of 10 for evacuation
[2026-01-28T10:03:13.234+0000][gc,phases   ] GC(13)   Pre Evacuate Collection Set: 0.3ms
[2026-01-28T10:03:13.235+0000][gc,phases   ] GC(13)   Merge Heap Roots: 0.2ms
[2026-01-28T10:03:13.235+0000][gc,phases   ] GC(13)   Evacuate Collection Set: 2.0ms
[2026-01-28T10:03:13.235+0000][gc,phases   ] GC(13)   Post Evacuate Collection Set: 0.4ms
[2026-01-28T10:03:13.235+0000][gc,phases   ] GC(13)   Other: 0.1ms
[2026-01-28T10:03:13.235+0000][gc,heap     ] GC(13) Eden regions: 610->0(610)
[2026-01-28T10:03:13.235+0000][gc,heap     ] GC(13) Survivor regions: 4->4(77)
[2026-01-28T10:03:13.235+0000][gc,heap     ] GC(13) Old regions: 14->14
[2026-01-28T10:03:13.235+0000][gc,heap     ] GC(13) Humongous regions: 1->1
[2026-01-28T10:03:13.235+0000][gc,metaspace] GC(13) Metaspace: 8545K(8704K)->8545K(8704K) NonClass: 7766K(7872K)->7766K(7872K) Class: 778K(832K)->778K(832K)
[2026-01-28T10:03:13.235+0000][gc          ] GC(13) Pause Young (Normal) (G1 Evacuation Pause) 627M->17M(1024M) 3.551ms
[2026-01-28T10:03:13.235+0000][gc,cpu      ] GC(13) User=0.02s Sys=0.01s Real=0.00s
[2026-01-28T10:03:28.290+0000][gc,start    ] GC(14) Pause Young (Normal) (G1 Evacuation Pause)
[2026-01-28T10:03:28.291+0000][gc,task     ] GC(14) Using 10 workers of 10 for evacuation
[2026-01-28T10:03:28.296+0000][gc,phases   ] GC(14)   Pre Evacuate Collection Set: 0.6ms
[2026-01-28T10:03:28.296+0000][gc,phases   ] GC(14)   Merge Heap Roots: 0.2ms
[2026-01-28T10:03:28.296+0000][gc,phases   ] GC(14)   Evacuate Collection Set: 2.9ms
[2026-01-28T10:03:28.296+0000][gc,phases   ] GC(14)   Post Evacuate Collection Set: 0.6ms
[2026-01-28T10:03:28.296+0000][gc,phases   ] GC(14)   Other: 0.1ms
[2026-01-28T10:03:28.296+0000][gc,heap     ] GC(14) Eden regions: 610->0(610)
[2026-01-28T10:03:28.296+0000][gc,heap     ] GC(14) Survivor regions: 4->4(77)
[2026-01-28T10:03:28.296+0000][gc,heap     ] GC(14) Old regions: 14->14
[2026-01-28T10:03:28.296+0000][gc,heap     ] GC(14) Humongous regions: 1->1
[2026-01-28T10:03:28.296+0000][gc,metaspace] GC(14) Metaspace: 8549K(8704K)->8549K(8704K) NonClass: 7770K(7872K)->7770K(7872K) Class: 778K(832K)->778K(832K)
[2026-01-28T10:03:28.296+0000][gc          ] GC(14) Pause Young (Normal) (G1 Evacuation Pause) 627M->17M(1024M) 5.636ms
[2026-01-28T10:03:28.296+0000][gc,cpu      ] GC(14) User=0.03s Sys=0.00s Real=0.00s
[2026-01-28T10:03:42.776+0000][gc,start    ] GC(15) Pause Young (Normal) (G1 Evacuation Pause)
[2026-01-28T10:03:42.776+0000][gc,task     ] GC(15) Using 10 workers of 10 for evacuation
[2026-01-28T10:03:42.780+0000][gc,phases   ] GC(15)   Pre Evacuate Collection Set: 0.4ms
[2026-01-28T10:03:42.780+0000][gc,phases   ] GC(15)   Merge Heap Roots: 0.1ms
[2026-01-28T10:03:42.780+0000][gc,phases   ] GC(15)   Evacuate Collection Set: 2.4ms
[2026-01-28T10:03:42.780+0000][gc,phases   ] GC(15)   Post Evacuate Collection Set: 0.5ms
[2026-01-28T10:03:42.780+0000][gc,phases   ] GC(15)   Other: 0.1ms
[2026-01-28T10:03:42.780+0000][gc,heap     ] GC(15) Eden regions: 610->0(610)
[2026-01-28T10:03:42.780+0000][gc,heap     ] GC(15) Survivor regions: 4->4(77)
[2026-01-28T10:03:42.780+0000][gc,heap     ] GC(15) Old regions: 14->14
[2026-01-28T10:03:42.780+0000][gc,heap     ] GC(15) Humongous regions: 1->1
[2026-01-28T10:03:42.780+0000][gc,metaspace] GC(15) Metaspace: 8550K(8704K)->8550K(8704K) NonClass: 7771K(7872K)->7771K(7872K) Class: 778K(832K)->778K(832K)
[2026-01-28T10:03:42.780+0000][gc          ] GC(15) Pause Young (Normal) (G1 Evacuation Pause) 627M->17M(1024M) 4.209ms
[2026-01-28T10:03:42.780+0000][gc,cpu      ] GC(15) User=0.02s Sys=0.00s Real=0.00s
[2026-01-28T10:03:58.453+0000][gc,start    ] GC(16) Pause Young (Normal) (G1 Evacuation Pause)
[2026-01-28T10:03:58.454+0000][gc,task     ] GC(16) Using 10 workers of 10 for evacuation
[2026-01-28T10:03:58.462+0000][gc,phases   ] GC(16)   Pre Evacuate Collection Set: 0.6ms
[2026-01-28T10:03:58.462+0000][gc,phases   ] GC(16)   Merge Heap Roots: 0.2ms
[2026-01-28T10:03:58.462+0000][gc,phases   ] GC(16)   Evacuate Collection Set: 5.8ms
[2026-01-28T10:03:58.462+0000][gc,phases   ] GC(16)   Post Evacuate Collection Set: 1.2ms
[2026-01-28T10:03:58.462+0000][gc,phases   ] GC(16)   Other: 0.1ms
[2026-01-28T10:03:58.462+0000][gc,heap     ] GC(16) Eden regions: 610->0(610)
[2026-01-28T10:03:58.462+0000][gc,heap     ] GC(16) Survivor regions: 4->4(77)
[2026-01-28T10:03:58.462+0000][gc,heap     ] GC(16) Old regions: 14->14
[2026-01-28T10:03:58.462+0000][gc,heap     ] GC(16) Humongous regions: 1->1
[2026-01-28T10:03:58.462+0000][gc,metaspace] GC(16) Metaspace: 8585K(8704K)->8585K(8704K) NonClass: 7806K(7872K)->7806K(7872K) Class: 778K(832K)->778K(832K)
[2026-01-28T10:03:58.462+0000][gc          ] GC(16) Pause Young (Normal) (G1 Evacuation Pause) 627M->17M(1024M) 9.488ms
[2026-01-28T10:03:58.462+0000][gc,cpu      ] GC(16) User=0.07s Sys=0.00s Real=0.01s
[2026-01-28T10:04:13.920+0000][gc,start    ] GC(17) Pause Young (Normal) (G1 Evacuation Pause)
[2026-01-28T10:04:13.921+0000][gc,task     ] GC(17) Using 10 workers of 10 for evacuation
[2026-01-28T10:04:13.930+0000][gc,phases   ] GC(17)   Pre Evacuate Collection Set: 1.1ms
[2026-01-28T10:04:13.930+0000][gc,phases   ] GC(17)   Merge Heap Roots: 0.2ms
[2026-01-28T10:04:13.930+0000][gc,phases   ] GC(17)   Evacuate Collection Set: 5.6ms
[2026-01-28T10:04:13.930+0000][gc,phases   ] GC(17)   Post Evacuate Collection Set: 1.6ms
[2026-01-28T10:04:13.930+0000][gc,phases   ] GC(17)   Other: 0.1ms
[2026-01-28T10:04:13.930+0000][gc,heap     ] GC(17) Eden regions: 610->0(610)
[2026-01-28T10:04:13.930+0000][gc,heap     ] GC(17) Survivor regions: 4->4(77)
[2026-01-28T10:04:13.930+0000][gc,heap     ] GC(17) Old regions: 14->14
[2026-01-28T10:04:13.930+0000][gc,heap     ] GC(17) Humongous regions: 1->1
[2026-01-28T10:04:13.930+0000][gc,metaspace] GC(17) Metaspace: 8810K(9024K)->8810K(9024K) NonClass: 8031K(8192K)->8031K(8192K) Class: 778K(832K)->778K(832K)
[2026-01-28T10:04:13.930+0000][gc          ] GC(17) Pause Young (Normal) (G1 Evacuation Pause) 627M->17M(1024M) 10.336ms
[2026-01-28T10:04:13.930+0000][gc,cpu      ] GC(17) User=0.06s Sys=0.00s Real=0.01s
[2026-01-28T10:04:28.895+0000][gc,start    ] GC(18) Pause Young (Normal) (G1 Evacuation Pause)
[2026-01-28T10:04:28.896+0000][gc,task     ] GC(18) Using 10 workers of 10 for evacuation
[2026-01-28T10:04:28.899+0000][gc,phases   ] GC(18)   Pre Evacuate Collection Set: 0.2ms
[2026-01-28T10:04:28.899+0000][gc,phases   ] GC(18)   Merge Heap Roots: 0.1ms
[2026-01-28T10:04:28.899+0000][gc,phases   ] GC(18)   Evacuate Collection Set: 1.9ms
[2026-01-28T10:04:28.899+0000][gc,phases   ] GC(18)   Post Evacuate Collection Set: 0.4ms
[2026-01-28T10:04:28.899+0000][gc,phases   ] GC(18)   Other: 0.1ms
[2026-01-28T10:04:28.899+0000][gc,heap     ] GC(18) Eden regions: 610->0(612)
[2026-01-28T10:04:28.899+0000][gc,heap     ] GC(18) Survivor regions: 4->2(77)
[2026-01-28T10:04:28.899+0000][gc,heap     ] GC(18) Old regions: 14->16
[2026-01-28T10:04:28.899+0000][gc,heap     ] GC(18) Humongous regions: 1->1
[2026-01-28T10:04:28.899+0000][gc,metaspace] GC(18) Metaspace: 8810K(9024K)->8810K(9024K) NonClass: 8031K(8192K)->8031K(8192K) Class: 778K(832K)->778K(832K)
[2026-01-28T10:04:28.899+0000][gc          ] GC(18) Pause Young (Normal) (G1 Evacuation Pause) 627M->17M(1024M) 3.803ms
[2026-01-28T10:04:28.899+0000][gc,cpu      ] GC(18) User=0.02s Sys=0.00s Real=0.00s
[2026-01-28T10:04:43.745+0000][gc,start    ] GC(19) Pause Young (Normal) (G1 Evacuation Pause)
[2026-01-28T10:04:43.746+0000][gc,task     ] GC(19) Using 10 workers of 10 for evacuation
[2026-01-28T10:04:43.749+0000][gc,phases   ] GC(19)   Pre Evacuate Collection Set: 0.5ms
[2026-01-28T10:04:43.749+0000][gc,phases   ] GC(19)   Merge Heap Roots: 0.2ms
[2026-01-28T10:04:43.749+0000][gc,phases   ] GC(19)   Evacuate Collection Set: 1.8ms
[2026-01-28T10:04:43.749+0000][gc,phases   ] GC(19)   Post Evacuate Collection Set: 0.6ms
[2026-01-28T10:04:43.749+0000][gc,phases   ] GC(19)   Other: 0.1ms
[2026-01-28T10:04:43.749+0000][gc,heap     ] GC(19) Eden regions: 612->0(612)
[2026-01-28T10:04:43.749+0000][gc,heap     ] GC(19) Survivor regions: 2->2(77)
[2026-01-28T10:04:43.749+0000][gc,heap     ] GC(19) Old regions: 16->16
[2026-01-28T10:04:43.749+0000][gc,heap     ] GC(19) Humongous regions: 1->1
[2026-01-28T10:04:43.749+0000][gc,metaspace] GC(19) Metaspace: 8811K(9024K)->8811K(9024K) NonClass: 8032K(8192K)->8032K(8192K) Class: 778K(832K)->778K(832K)
[2026-01-28T10:04:43.749+0000][gc          ] GC(19) Pause Young (Normal) (G1 Evacuation Pause) 629M->17M(1024M) 4.548ms
[2026-01-28T10:04:43.750+0000][gc,cpu      ] GC(19) User=0.02s Sys=0.00s Real=0.00s
[2026-01-28T10:04:59.520+0000][gc,start    ] GC(20) Pause Young (Normal) (G1 Evacuation Pause)
[2026-01-28T10:04:59.521+0000][gc,task     ] GC(20) Using 10 workers of 10 for evacuation
[2026-01-28T10:04:59.528+0000][gc,phases   ] GC(20)   Pre Evacuate Collection Set: 0.6ms
[2026-01-28T10:04:59.528+0000][gc,phases   ] GC(20)   Merge Heap Roots: 0.2ms
[2026-01-28T10:04:59.528+0000][gc,phases   ] GC(20)   Evacuate Collection Set: 3.6ms
[2026-01-28T10:04:59.528+0000][gc,phases   ] GC(20)   Post Evacuate Collection Set: 2.2ms
[2026-01-28T10:04:59.528+0000][gc,phases   ] GC(20)   Other: 0.1ms
[2026-01-28T10:04:59.528+0000][gc,heap     ] GC(20) Eden regions: 612->0(612)
[2026-01-28T10:04:59.528+0000][gc,heap     ] GC(20) Survivor regions: 2->2(77)
[2026-01-28T10:04:59.528+0000][gc,heap     ] GC(20) Old regions: 16->16
[2026-01-28T10:04:59.528+0000][gc,heap     ] GC(20) Humongous regions: 1->1
[2026-01-28T10:04:59.528+0000][gc,metaspace] GC(20) Metaspace: 8811K(9024K)->8811K(9024K) NonClass: 8032K(8192K)->8032K(8192K) Class: 778K(832K)->778K(832K)
[2026-01-28T10:04:59.528+0000][gc          ] GC(20) Pause Young (Normal) (G1 Evacuation Pause) 629M->18M(1024M) 8.387ms
[2026-01-28T10:04:59.528+0000][gc,cpu      ] GC(20) User=0.04s Sys=0.00s Real=0.01s
[2026-01-28T10:05:14.685+0000][gc,start    ] GC(21) Pause Young (Normal) (G1 Evacuation Pause)
[2026-01-28T10:05:14.686+0000][gc,task     ] GC(21) Using 10 workers of 10 for evacuation
[2026-01-28T10:05:14.688+0000][gc,phases   ] GC(21)   Pre Evacuate Collection Set: 0.3ms
[2026-01-28T10:05:14.688+0000][gc,phases   ] GC(21)   Merge Heap Roots: 0.1ms
[2026-01-28T10:05:14.688+0000][gc,phases   ] GC(21)   Evacuate Collection Set: 1.3ms
[2026-01-28T10:05:14.688+0000][gc,phases   ] GC(21)   Post Evacuate Collection Set: 0.4ms
[2026-01-28T10:05:14.688+0000][gc,phases   ] GC(21)   Other: 0.1ms
[2026-01-28T10:05:14.688+0000][gc,heap     ] GC(21) Eden regions: 612->0(611)
[2026-01-28T10:05:14.688+0000][gc,heap     ] GC(21) Survivor regions: 2->3(77)
[2026-01-28T10:05:14.688+0000][gc,heap     ] GC(21) Old regions: 16->16
[2026-01-28T10:05:14.688+0000][gc,heap     ] GC(21) Humongous regions: 1->1
[2026-01-28T10:05:14.688+0000][gc,metaspace] GC(21) Metaspace: 8853K(9024K)->8853K(9024K) NonClass: 8074K(8192K)->8074K(8192K) Class: 778K(832K)->778K(832K)
[2026-01-28T10:05:14.688+0000][gc          ] GC(21) Pause Young (Normal) (G1 Evacuation Pause) 630M->18M(1024M) 3.696ms
[2026-01-28T10:05:14.688+0000][gc,cpu      ] GC(21) User=0.01s Sys=0.01s Real=0.00s
[2026-01-28T10:05:29.402+0000][gc,start    ] GC(22) Pause Young (Normal) (G1 Evacuation Pause)
[2026-01-28T10:05:29.403+0000][gc,task     ] GC(22) Using 10 workers of 10 for evacuation
[2026-01-28T10:05:29.409+0000][gc,phases   ] GC(22)   Pre Evacuate Collection Set: 0.5ms
[2026-01-28T10:05:29.409+0000][gc,phases   ] GC(22)   Merge Heap Roots: 0.1ms
[2026-01-28T10:05:29.409+0000][gc,phases   ] GC(22)   Evacuate Collection Set: 3.3ms
[2026-01-28T10:05:29.409+0000][gc,phases   ] GC(22)   Post Evacuate Collection Set: 1.4ms
[2026-01-28T10:05:29.409+0000][gc,phases   ] GC(22)   Other: 0.2ms
[2026-01-28T10:05:29.409+0000][gc,heap     ] GC(22) Eden regions: 611->0(611)
[2026-01-28T10:05:29.409+0000][gc,heap     ] GC(22) Survivor regions: 3->3(77)
[2026-01-28T10:05:29.409+0000][gc,heap     ] GC(22) Old regions: 16->16
[2026-01-28T10:05:29.409+0000][gc,heap     ] GC(22) Humongous regions: 1->1
[2026-01-28T10:05:29.409+0000][gc,metaspace] GC(22) Metaspace: 8853K(9024K)->8853K(9024K) NonClass: 8074K(8192K)->8074K(8192K) Class: 778K(832K)->778K(832K)
[2026-01-28T10:05:29.409+0000][gc          ] GC(22) Pause Young (Normal) (G1 Evacuation Pause) 629M->19M(1024M) 7.086ms
[2026-01-28T10:05:29.409+0000][gc,cpu      ] GC(22) User=0.04s Sys=0.00s Real=0.00s
[2026-01-28T10:05:44.482+0000][gc,start    ] GC(23) Pause Young (Normal) (G1 Evacuation Pause)
[2026-01-28T10:05:44.483+0000][gc,task     ] GC(23) Using 10 workers of 10 for evacuation
[2026-01-28T10:05:44.486+0000][gc,phases   ] GC(23)   Pre Evacuate Collection Set: 0.4ms
[2026-01-28T10:05:44.486+0000][gc,phases   ] GC(23)   Merge Heap Roots: 0.1ms
[2026-01-28T10:05:44.486+0000][gc,phases   ] GC(23)   Evacuate Collection Set: 2.2ms
[2026-01-28T10:05:44.486+0000][gc,phases   ] GC(23)   Post Evacuate Collection Set: 0.5ms
[2026-01-28T10:05:44.486+0000][gc,phases   ] GC(23)   Other: 0.1ms
[2026-01-28T10:05:44.486+0000][gc,heap     ] GC(23) Eden regions: 611->0(611)
[2026-01-28T10:05:44.486+0000][gc,heap     ] GC(23) Survivor regions: 3->3(77)
[2026-01-28T10:05:44.486+0000][gc,heap     ] GC(23) Old regions: 16->16
[2026-01-28T10:05:44.486+0000][gc,heap     ] GC(23) Humongous regions: 1->1
[2026-01-28T10:05:44.487+0000][gc,metaspace] GC(23) Metaspace: 8859K(9024K)->8859K(9024K) NonClass: 8080K(8192K)->8080K(8192K) Class: 778K(832K)->778K(832K)
[2026-01-28T10:05:44.487+0000][gc          ] GC(23) Pause Young (Normal) (G1 Evacuation Pause) 630M->19M(1024M) 4.861ms
[2026-01-28T10:05:44.487+0000][gc,cpu      ] GC(23) User=0.03s Sys=0.00s Real=0.00s
[2026-01-28T10:06:00.489+0000][gc,start    ] GC(24) Pause Young (Normal) (G1 Evacuation Pause)
[2026-01-28T10:06:00.492+0000][gc,task     ] GC(24) Using 10 workers of 10 for evacuation
[2026-01-28T10:06:00.504+0000][gc,phases   ] GC(24)   Pre Evacuate Collection Set: 4.3ms
[2026-01-28T10:06:00.504+0000][gc,phases   ] GC(24)   Merge Heap Roots: 0.4ms
[2026-01-28T10:06:00.505+0000][gc,phases   ] GC(24)   Evacuate Collection Set: 6.3ms
[2026-01-28T10:06:00.505+0000][gc,phases   ] GC(24)   Post Evacuate Collection Set: 1.0ms
[2026-01-28T10:06:00.505+0000][gc,phases   ] GC(24)   Other: 1.6ms
[2026-01-28T10:06:00.505+0000][gc,heap     ] GC(24) Eden regions: 611->0(610)
[2026-01-28T10:06:00.505+0000][gc,heap     ] GC(24) Survivor regions: 3->4(77)
[2026-01-28T10:06:00.505+0000][gc,heap     ] GC(24) Old regions: 16->16
[2026-01-28T10:06:00.505+0000][gc,heap     ] GC(24) Humongous regions: 1->1
[2026-01-28T10:06:00.505+0000][gc,metaspace] GC(24) Metaspace: 8867K(9024K)->8867K(9024K) NonClass: 8088K(8192K)->8088K(8192K) Class: 778K(832K)->778K(832K)
[2026-01-28T10:06:00.505+0000][gc          ] GC(24) Pause Young (Normal) (G1 Evacuation Pause) 630M->19M(1024M) 16.267ms
[2026-01-28T10:06:00.505+0000][gc,cpu      ] GC(24) User=0.09s Sys=0.00s Real=0.02s
[2026-01-28T10:06:15.587+0000][gc,start    ] GC(25) Pause Young (Normal) (G1 Evacuation Pause)
[2026-01-28T10:06:15.587+0000][gc,task     ] GC(25) Using 10 workers of 10 for evacuation
[2026-01-28T10:06:15.591+0000][gc,phases   ] GC(25)   Pre Evacuate Collection Set: 0.4ms
[2026-01-28T10:06:15.591+0000][gc,phases   ] GC(25)   Merge Heap Roots: 0.1ms
[2026-01-28T10:06:15.591+0000][gc,phases   ] GC(25)   Evacuate Collection Set: 2.3ms
[2026-01-28T10:06:15.591+0000][gc,phases   ] GC(25)   Post Evacuate Collection Set: 0.6ms
[2026-01-28T10:06:15.591+0000][gc,phases   ] GC(25)   Other: 0.2ms
[2026-01-28T10:06:15.591+0000][gc,heap     ] GC(25) Eden regions: 610->0(610)
[2026-01-28T10:06:15.591+0000][gc,heap     ] GC(25) Survivor regions: 4->4(77)
[2026-01-28T10:06:15.591+0000][gc,heap     ] GC(25) Old regions: 16->16
[2026-01-28T10:06:15.591+0000][gc,heap     ] GC(25) Humongous regions: 1->1
[2026-01-28T10:06:15.591+0000][gc,metaspace] GC(25) Metaspace: 8877K(9024K)->8877K(9024K) NonClass: 8098K(8192K)->8098K(8192K) Class: 778K(832K)->778K(832K)
[2026-01-28T10:06:15.591+0000][gc          ] GC(25) Pause Young (Normal) (G1 Evacuation Pause) 629M->20M(1024M) 4.418ms
[2026-01-28T10:06:15.591+0000][gc,cpu      ] GC(25) User=0.02s Sys=0.00s Real=0.01s
[2026-01-28T10:06:30.187+0000][gc,start    ] GC(26) Pause Young (Normal) (G1 Evacuation Pause)
[2026-01-28T10:06:30.187+0000][gc,task     ] GC(26) Using 10 workers of 10 for evacuation
[2026-01-28T10:06:30.195+0000][gc,phases   ] GC(26)   Pre Evacuate Collection Set: 0.5ms
[2026-01-28T10:06:30.195+0000][gc,phases   ] GC(26)   Merge Heap Roots: 0.1ms
[2026-01-28T10:06:30.195+0000][gc,phases   ] GC(26)   Evacuate Collection Set: 5.9ms
[2026-01-28T10:06:30.195+0000][gc,phases   ] GC(26)   Post Evacuate Collection Set: 0.6ms
[2026-01-28T10:06:30.195+0000][gc,phases   ] GC(26)   Other: 0.2ms
[2026-01-28T10:06:30.195+0000][gc,heap     ] GC(26) Eden regions: 610->0(610)
[2026-01-28T10:06:30.195+0000][gc,heap     ] GC(26) Survivor regions: 4->4(77)
[2026-01-28T10:06:30.195+0000][gc,heap     ] GC(26) Old regions: 16->16
[2026-01-28T10:06:30.195+0000][gc,heap     ] GC(26) Humongous regions: 1->1
[2026-01-28T10:06:30.195+0000][gc,metaspace] GC(26) Metaspace: 8878K(9024K)->8878K(9024K) NonClass: 8099K(8192K)->8099K(8192K) Class: 778K(832K)->778K(832K)
[2026-01-28T10:06:30.195+0000][gc          ] GC(26) Pause Young (Normal) (G1 Evacuation Pause) 630M->20M(1024M) 8.556ms
[2026-01-28T10:06:30.195+0000][gc,cpu      ] GC(26) User=0.06s Sys=0.00s Real=0.01s
[2026-01-28T10:06:45.395+0000][gc,start    ] GC(27) Pause Young (Normal) (G1 Evacuation Pause)
[2026-01-28T10:06:45.395+0000][gc,task     ] GC(27) Using 10 workers of 10 for evacuation
[2026-01-28T10:06:45.401+0000][gc,phases   ] GC(27)   Pre Evacuate Collection Set: 1.0ms
[2026-01-28T10:06:45.401+0000][gc,phases   ] GC(27)   Merge Heap Roots: 0.2ms
[2026-01-28T10:06:45.401+0000][gc,phases   ] GC(27)   Evacuate Collection Set: 3.6ms
[2026-01-28T10:06:45.401+0000][gc,phases   ] GC(27)   Post Evacuate Collection Set: 0.9ms
[2026-01-28T10:06:45.401+0000][gc,phases   ] GC(27)   Other: 0.3ms
[2026-01-28T10:06:45.402+0000][gc,heap     ] GC(27) Eden regions: 610->0(610)
[2026-01-28T10:06:45.402+0000][gc,heap     ] GC(27) Survivor regions: 4->4(77)
[2026-01-28T10:06:45.402+0000][gc,heap     ] GC(27) Old regions: 16->16
[2026-01-28T10:06:45.402+0000][gc,heap     ] GC(27) Humongous regions: 1->1
[2026-01-28T10:06:45.402+0000][gc,metaspace] GC(27) Metaspace: 8878K(9024K)->8878K(9024K) NonClass: 8099K(8192K)->8099K(8192K) Class: 778K(832K)->778K(832K)
[2026-01-28T10:06:45.402+0000][gc          ] GC(27) Pause Young (Normal) (G1 Evacuation Pause) 630M->20M(1024M) 7.175ms
[2026-01-28T10:06:45.402+0000][gc,cpu      ] GC(27) User=0.04s Sys=0.01s Real=0.01s
[2026-01-28T10:07:01.374+0000][gc,start    ] GC(28) Pause Young (Normal) (G1 Evacuation Pause)
[2026-01-28T10:07:01.376+0000][gc,task     ] GC(28) Using 10 workers of 10 for evacuation
[2026-01-28T10:07:01.381+0000][gc,phases   ] GC(28)   Pre Evacuate Collection Set: 0.7ms
[2026-01-28T10:07:01.381+0000][gc,phases   ] GC(28)   Merge Heap Roots: 0.1ms
[2026-01-28T10:07:01.381+0000][gc,phases   ] GC(28)   Evacuate Collection Set: 3.3ms
[2026-01-28T10:07:01.381+0000][gc,phases   ] GC(28)   Post Evacuate Collection Set: 0.6ms
[2026-01-28T10:07:01.381+0000][gc,phases   ] GC(28)   Other: 0.3ms
[2026-01-28T10:07:01.381+0000][gc,heap     ] GC(28) Eden regions: 610->0(609)
[2026-01-28T10:07:01.381+0000][gc,heap     ] GC(28) Survivor regions: 4->5(77)
[2026-01-28T10:07:01.381+0000][gc,heap     ] GC(28) Old regions: 16->16
[2026-01-28T10:07:01.381+0000][gc,heap     ] GC(28) Humongous regions: 1->1
[2026-01-28T10:07:01.381+0000][gc,metaspace] GC(28) Metaspace: 8878K(9024K)->8878K(9024K) NonClass: 8099K(8192K)->8099K(8192K) Class: 778K(832K)->778K(832K)
[2026-01-28T10:07:01.381+0000][gc          ] GC(28) Pause Young (Normal) (G1 Evacuation Pause) 630M->21M(1024M) 6.531ms
[2026-01-28T10:07:01.381+0000][gc,cpu      ] GC(28) User=0.04s Sys=0.00s Real=0.00s
[2026-01-28T10:07:16.752+0000][gc,start    ] GC(29) Pause Young (Normal) (G1 Evacuation Pause)
[2026-01-28T10:07:16.753+0000][gc,task     ] GC(29) Using 10 workers of 10 for evacuation
[2026-01-28T10:07:16.758+0000][gc,phases   ] GC(29)   Pre Evacuate Collection Set: 0.7ms
[2026-01-28T10:07:16.758+0000][gc,phases   ] GC(29)   Merge Heap Roots: 0.2ms
[2026-01-28T10:07:16.758+0000][gc,phases   ] GC(29)   Evacuate Collection Set: 3.4ms
[2026-01-28T10:07:16.758+0000][gc,phases   ] GC(29)   Post Evacuate Collection Set: 0.7ms
[2026-01-28T10:07:16.758+0000][gc,phases   ] GC(29)   Other: 0.2ms
[2026-01-28T10:07:16.758+0000][gc,heap     ] GC(29) Eden regions: 609->0(609)
[2026-01-28T10:07:16.758+0000][gc,heap     ] GC(29) Survivor regions: 5->5(77)
[2026-01-28T10:07:16.758+0000][gc,heap     ] GC(29) Old regions: 16->17
[2026-01-28T10:07:16.758+0000][gc,heap     ] GC(29) Humongous regions: 1->1
[2026-01-28T10:07:16.758+0000][gc,metaspace] GC(29) Metaspace: 8878K(9024K)->8878K(9024K) NonClass: 8099K(8192K)->8099K(8192K) Class: 778K(832K)->778K(832K)
[2026-01-28T10:07:16.758+0000][gc          ] GC(29) Pause Young (Normal) (G1 Evacuation Pause) 630M->21M(1024M) 6.532ms
[2026-01-28T10:07:16.758+0000][gc,cpu      ] GC(29) User=0.04s Sys=0.00s Real=0.00s
[2026-01-28T10:07:32.560+0000][gc,start    ] GC(30) Pause Young (Normal) (G1 Evacuation Pause)
[2026-01-28T10:07:32.561+0000][gc,task     ] GC(30) Using 10 workers of 10 for evacuation
[2026-01-28T10:07:32.567+0000][gc,phases   ] GC(30)   Pre Evacuate Collection Set: 0.8ms
[2026-01-28T10:07:32.567+0000][gc,phases   ] GC(30)   Merge Heap Roots: 0.2ms
[2026-01-28T10:07:32.567+0000][gc,phases   ] GC(30)   Evacuate Collection Set: 3.9ms
[2026-01-28T10:07:32.567+0000][gc,phases   ] GC(30)   Post Evacuate Collection Set: 0.8ms
[2026-01-28T10:07:32.567+0000][gc,phases   ] GC(30)   Other: 0.3ms
[2026-01-28T10:07:32.567+0000][gc,heap     ] GC(30) Eden regions: 609->0(609)
[2026-01-28T10:07:32.567+0000][gc,heap     ] GC(30) Survivor regions: 5->5(77)
[2026-01-28T10:07:32.567+0000][gc,heap     ] GC(30) Old regions: 17->17
[2026-01-28T10:07:32.567+0000][gc,heap     ] GC(30) Humongous regions: 1->1
[2026-01-28T10:07:32.567+0000][gc,metaspace] GC(30) Metaspace: 8878K(9024K)->8878K(9024K) NonClass: 8099K(8192K)->8099K(8192K) Class: 778K(832K)->778K(832K)
[2026-01-28T10:07:32.568+0000][gc          ] GC(30) Pause Young (Normal) (G1 Evacuation Pause) 630M->22M(1024M) 7.759ms
[2026-01-28T10:07:32.568+0000][gc,cpu      ] GC(30) User=0.04s Sys=0.00s Real=0.01s
[2026-01-28T10:07:48.161+0000][gc,start    ] GC(31) Pause Young (Normal) (G1 Evacuation Pause)
[2026-01-28T10:07:48.162+0000][gc,task     ] GC(31) Using 10 workers of 10 for evacuation
[2026-01-28T10:07:48.179+0000][gc,phases   ] GC(31)   Pre Evacuate Collection Set: 0.7ms
[2026-01-28T10:07:48.179+0000][gc,phases   ] GC(31)   Merge Heap Roots: 0.2ms
[2026-01-28T10:07:48.179+0000][gc,phases   ] GC(31)   Evacuate Collection Set: 14.3ms
[2026-01-28T10:07:48.179+0000][gc,phases   ] GC(31)   Post Evacuate Collection Set: 1.9ms
[2026-01-28T10:07:48.180+0000][gc,phases   ] GC(31)   Other: 0.2ms
[2026-01-28T10:07:48.180+0000][gc,heap     ] GC(31) Eden regions: 609->0(608)
[2026-01-28T10:07:48.180+0000][gc,heap     ] GC(31) Survivor regions: 5->6(77)
[2026-01-28T10:07:48.180+0000][gc,heap     ] GC(31) Old regions: 17->17
[2026-01-28T10:07:48.180+0000][gc,heap     ] GC(31) Humongous regions: 1->1
[2026-01-28T10:07:48.180+0000][gc,metaspace] GC(31) Metaspace: 8878K(9024K)->8878K(9024K) NonClass: 8099K(8192K)->8099K(8192K) Class: 778K(832K)->778K(832K)
[2026-01-28T10:07:48.180+0000][gc          ] GC(31) Pause Young (Normal) (G1 Evacuation Pause) 631M->22M(1024M) 19.217ms
[2026-01-28T10:07:48.180+0000][gc,cpu      ] GC(31) User=0.15s Sys=0.00s Real=0.02s
[2026-01-28T10:08:03.981+0000][gc,start    ] GC(32) Pause Young (Normal) (G1 Evacuation Pause)
[2026-01-28T10:08:03.983+0000][gc,task     ] GC(32) Using 10 workers of 10 for evacuation
[2026-01-28T10:08:03.995+0000][gc,phases   ] GC(32)   Pre Evacuate Collection Set: 1.0ms
[2026-01-28T10:08:03.996+0000][gc,phases   ] GC(32)   Merge Heap Roots: 0.2ms
[2026-01-28T10:08:03.996+0000][gc,phases   ] GC(32)   Evacuate Collection Set: 9.8ms
[2026-01-28T10:08:03.996+0000][gc,phases   ] GC(32)   Post Evacuate Collection Set: 1.6ms
[2026-01-28T10:08:03.996+0000][gc,phases   ] GC(32)   Other: 0.2ms
[2026-01-28T10:08:03.996+0000][gc,heap     ] GC(32) Eden regions: 608->0(608)
[2026-01-28T10:08:03.996+0000][gc,heap     ] GC(32) Survivor regions: 6->6(77)
[2026-01-28T10:08:03.996+0000][gc,heap     ] GC(32) Old regions: 17->17
[2026-01-28T10:08:03.996+0000][gc,heap     ] GC(32) Humongous regions: 1->1
[2026-01-28T10:08:03.996+0000][gc,metaspace] GC(32) Metaspace: 8889K(9088K)->8889K(9088K) NonClass: 8110K(8256K)->8110K(8256K) Class: 778K(832K)->778K(832K)
[2026-01-28T10:08:03.996+0000][gc          ] GC(32) Pause Young (Normal) (G1 Evacuation Pause) 630M->22M(1024M) 14.638ms
[2026-01-28T10:08:03.996+0000][gc,cpu      ] GC(32) User=0.10s Sys=0.00s Real=0.01s
[2026-01-28T10:08:19.659+0000][gc,start    ] GC(33) Pause Young (Normal) (G1 Evacuation Pause)
[2026-01-28T10:08:19.660+0000][gc,task     ] GC(33) Using 10 workers of 10 for evacuation
[2026-01-28T10:08:19.671+0000][gc,phases   ] GC(33)   Pre Evacuate Collection Set: 1.2ms
[2026-01-28T10:08:19.671+0000][gc,phases   ] GC(33)   Merge Heap Roots: 0.5ms
[2026-01-28T10:08:19.671+0000][gc,phases   ] GC(33)   Evacuate Collection Set: 8.2ms
[2026-01-28T10:08:19.671+0000][gc,phases   ] GC(33)   Post Evacuate Collection Set: 1.2ms
[2026-01-28T10:08:19.671+0000][gc,phases   ] GC(33)   Other: 0.3ms
[2026-01-28T10:08:19.672+0000][gc,heap     ] GC(33) Eden regions: 608->0(608)
[2026-01-28T10:08:19.672+0000][gc,heap     ] GC(33) Survivor regions: 6->6(77)
[2026-01-28T10:08:19.672+0000][gc,heap     ] GC(33) Old regions: 17->17
[2026-01-28T10:08:19.672+0000][gc,heap     ] GC(33) Humongous regions: 1->1
[2026-01-28T10:08:19.672+0000][gc,metaspace] GC(33) Metaspace: 8889K(9088K)->8889K(9088K) NonClass: 8110K(8256K)->8110K(8256K) Class: 778K(832K)->778K(832K)
[2026-01-28T10:08:19.672+0000][gc          ] GC(33) Pause Young (Normal) (G1 Evacuation Pause) 630M->23M(1024M) 13.001ms
[2026-01-28T10:08:19.672+0000][gc,cpu      ] GC(33) User=0.09s Sys=0.00s Real=0.02s
[2026-01-28T10:08:35.936+0000][gc,start    ] GC(34) Pause Young (Normal) (G1 Evacuation Pause)
[2026-01-28T10:08:35.936+0000][gc,task     ] GC(34) Using 10 workers of 10 for evacuation
[2026-01-28T10:08:35.947+0000][gc,phases   ] GC(34)   Pre Evacuate Collection Set: 0.9ms
[2026-01-28T10:08:35.948+0000][gc,phases   ] GC(34)   Merge Heap Roots: 0.3ms
[2026-01-28T10:08:35.948+0000][gc,phases   ] GC(34)   Evacuate Collection Set: 8.2ms
[2026-01-28T10:08:35.948+0000][gc,phases   ] GC(34)   Post Evacuate Collection Set: 1.3ms
[2026-01-28T10:08:35.948+0000][gc,phases   ] GC(34)   Other: 0.4ms
[2026-01-28T10:08:35.948+0000][gc,heap     ] GC(34) Eden regions: 608->0(608)
[2026-01-28T10:08:35.948+0000][gc,heap     ] GC(34) Survivor regions: 6->6(77)
[2026-01-28T10:08:35.948+0000][gc,heap     ] GC(34) Old regions: 17->18
[2026-01-28T10:08:35.948+0000][gc,heap     ] GC(34) Humongous regions: 1->1
[2026-01-28T10:08:35.948+0000][gc,metaspace] GC(34) Metaspace: 8889K(9088K)->8889K(9088K) NonClass: 8110K(8256K)->8110K(8256K) Class: 778K(832K)->778K(832K)
[2026-01-28T10:08:35.948+0000][gc          ] GC(34) Pause Young (Normal) (G1 Evacuation Pause) 631M->23M(1024M) 12.427ms
[2026-01-28T10:08:35.948+0000][gc,cpu      ] GC(34) User=0.09s Sys=0.00s Real=0.01s
[2026-01-28T10:08:52.690+0000][gc,start    ] GC(35) Pause Young (Normal) (G1 Evacuation Pause)
[2026-01-28T10:08:52.693+0000][gc,task     ] GC(35) Using 10 workers of 10 for evacuation
[2026-01-28T10:08:52.707+0000][gc,phases   ] GC(35)   Pre Evacuate Collection Set: 0.7ms
[2026-01-28T10:08:52.707+0000][gc,phases   ] GC(35)   Merge Heap Roots: 0.2ms
[2026-01-28T10:08:52.707+0000][gc,phases   ] GC(35)   Evacuate Collection Set: 11.2ms
[2026-01-28T10:08:52.707+0000][gc,phases   ] GC(35)   Post Evacuate Collection Set: 0.8ms
[2026-01-28T10:08:52.707+0000][gc,phases   ] GC(35)   Other: 0.2ms
[2026-01-28T10:08:52.707+0000][gc,heap     ] GC(35) Eden regions: 608->0(608)
[2026-01-28T10:08:52.707+0000][gc,heap     ] GC(35) Survivor regions: 6->6(77)
[2026-01-28T10:08:52.707+0000][gc,heap     ] GC(35) Old regions: 18->18
[2026-01-28T10:08:52.707+0000][gc,heap     ] GC(35) Humongous regions: 1->1
[2026-01-28T10:08:52.707+0000][gc,metaspace] GC(35) Metaspace: 8889K(9088K)->8889K(9088K) NonClass: 8110K(8256K)->8110K(8256K) Class: 778K(832K)->778K(832K)
[2026-01-28T10:08:52.707+0000][gc          ] GC(35) Pause Young (Normal) (G1 Evacuation Pause) 631M->24M(1024M) 16.716ms
[2026-01-28T10:08:52.707+0000][gc,cpu      ] GC(35) User=0.11s Sys=0.00s Real=0.02s
[2026-01-28T10:09:08.977+0000][gc,start    ] GC(36) Pause Young (Normal) (G1 Evacuation Pause)
[2026-01-28T10:09:08.978+0000][gc,task     ] GC(36) Using 10 workers of 10 for evacuation
[2026-01-28T10:09:08.988+0000][gc,phases   ] GC(36)   Pre Evacuate Collection Set: 1.0ms
[2026-01-28T10:09:08.988+0000][gc,phases   ] GC(36)   Merge Heap Roots: 0.8ms
[2026-01-28T10:09:08.988+0000][gc,phases   ] GC(36)   Evacuate Collection Set: 7.1ms
[2026-01-28T10:09:08.988+0000][gc,phases   ] GC(36)   Post Evacuate Collection Set: 0.8ms
[2026-01-28T10:09:08.988+0000][gc,phases   ] GC(36)   Other: 0.3ms
[2026-01-28T10:09:08.988+0000][gc,heap     ] GC(36) Eden regions: 608->0(608)
[2026-01-28T10:09:08.988+0000][gc,heap     ] GC(36) Survivor regions: 6->6(77)
[2026-01-28T10:09:08.988+0000][gc,heap     ] GC(36) Old regions: 18->18
[2026-01-28T10:09:08.988+0000][gc,heap     ] GC(36) Humongous regions: 1->1
[2026-01-28T10:09:08.988+0000][gc,metaspace] GC(36) Metaspace: 8889K(9088K)->8889K(9088K) NonClass: 8110K(8256K)->8110K(8256K) Class: 778K(832K)->778K(832K)
[2026-01-28T10:09:08.988+0000][gc          ] GC(36) Pause Young (Normal) (G1 Evacuation Pause) 632M->24M(1024M) 11.472ms
[2026-01-28T10:09:08.988+0000][gc,cpu      ] GC(36) User=0.08s Sys=0.00s Real=0.01s
[2026-01-28T10:09:24.812+0000][gc,start    ] GC(37) Pause Young (Normal) (G1 Evacuation Pause)
[2026-01-28T10:09:24.812+0000][gc,task     ] GC(37) Using 10 workers of 10 for evacuation
[2026-01-28T10:09:24.821+0000][gc,phases   ] GC(37)   Pre Evacuate Collection Set: 1.1ms
[2026-01-28T10:09:24.821+0000][gc,phases   ] GC(37)   Merge Heap Roots: 0.4ms
[2026-01-28T10:09:24.821+0000][gc,phases   ] GC(37)   Evacuate Collection Set: 6.5ms
[2026-01-28T10:09:24.821+0000][gc,phases   ] GC(37)   Post Evacuate Collection Set: 0.8ms
[2026-01-28T10:09:24.821+0000][gc,phases   ] GC(37)   Other: 0.3ms
[2026-01-28T10:09:24.821+0000][gc,heap     ] GC(37) Eden regions: 608->0(608)
[2026-01-28T10:09:24.821+0000][gc,heap     ] GC(37) Survivor regions: 6->6(77)
[2026-01-28T10:09:24.822+0000][gc,heap     ] GC(37) Old regions: 18->19
[2026-01-28T10:09:24.822+0000][gc,heap     ] GC(37) Humongous regions: 1->1
[2026-01-28T10:09:24.822+0000][gc,metaspace] GC(37) Metaspace: 8889K(9088K)->8889K(9088K) NonClass: 8110K(8256K)->8110K(8256K) Class: 778K(832K)->778K(832K)
[2026-01-28T10:09:24.822+0000][gc          ] GC(37) Pause Young (Normal) (G1 Evacuation Pause) 632M->24M(1024M) 10.172ms
[2026-01-28T10:09:24.822+0000][gc,cpu      ] GC(37) User=0.08s Sys=0.00s Real=0.01s
[2026-01-28T10:09:40.507+0000][gc,start    ] GC(38) Pause Young (Normal) (G1 Evacuation Pause)
[2026-01-28T10:09:40.508+0000][gc,task     ] GC(38) Using 10 workers of 10 for evacuation
[2026-01-28T10:09:40.519+0000][gc,phases   ] GC(38)   Pre Evacuate Collection Set: 1.1ms
[2026-01-28T10:09:40.519+0000][gc,phases   ] GC(38)   Merge Heap Roots: 0.2ms
[2026-01-28T10:09:40.520+0000][gc,phases   ] GC(38)   Evacuate Collection Set: 9.0ms
[2026-01-28T10:09:40.520+0000][gc,phases   ] GC(38)   Post Evacuate Collection Set: 1.2ms
[2026-01-28T10:09:40.520+0000][gc,phases   ] GC(38)   Other: 0.3ms
[2026-01-28T10:09:40.520+0000][gc,heap     ] GC(38) Eden regions: 608->0(608)
[2026-01-28T10:09:40.520+0000][gc,heap     ] GC(38) Survivor regions: 6->6(77)
[2026-01-28T10:09:40.520+0000][gc,heap     ] GC(38) Old regions: 19->19
[2026-01-28T10:09:40.520+0000][gc,heap     ] GC(38) Humongous regions: 1->1
[2026-01-28T10:09:40.520+0000][gc,metaspace] GC(38) Metaspace: 8889K(9088K)->8889K(9088K) NonClass: 8110K(8256K)->8110K(8256K) Class: 778K(832K)->778K(832K)
[2026-01-28T10:09:40.520+0000][gc          ] GC(38) Pause Young (Normal) (G1 Evacuation Pause) 632M->25M(1024M) 13.613ms
[2026-01-28T10:09:40.520+0000][gc,cpu      ] GC(38) User=0.10s Sys=0.00s Real=0.01s
[2026-01-28T10:09:56.939+0000][gc,start    ] GC(39) Pause Young (Normal) (G1 Evacuation Pause)
[2026-01-28T10:09:56.940+0000][gc,task     ] GC(39) Using 10 workers of 10 for evacuation
[2026-01-28T10:09:56.949+0000][gc,phases   ] GC(39)   Pre Evacuate Collection Set: 0.6ms
[2026-01-28T10:09:56.949+0000][gc,phases   ] GC(39)   Merge Heap Roots: 0.2ms
[2026-01-28T10:09:56.949+0000][gc,phases   ] GC(39)   Evacuate Collection Set: 7.4ms
[2026-01-28T10:09:56.949+0000][gc,phases   ] GC(39)   Post Evacuate Collection Set: 0.7ms
[2026-01-28T10:09:56.949+0000][gc,phases   ] GC(39)   Other: 0.2ms
[2026-01-28T10:09:56.949+0000][gc,heap     ] GC(39) Eden regions: 608->0(608)
[2026-01-28T10:09:56.949+0000][gc,heap     ] GC(39) Survivor regions: 6->6(77)
[2026-01-28T10:09:56.949+0000][gc,heap     ] GC(39) Old regions: 19->19
[2026-01-28T10:09:56.950+0000][gc,heap     ] GC(39) Humongous regions: 1->1
[2026-01-28T10:09:56.950+0000][gc,metaspace] GC(39) Metaspace: 8894K(9152K)->8894K(9152K) NonClass: 8114K(8256K)->8114K(8256K) Class: 780K(896K)->780K(896K)
[2026-01-28T10:09:56.950+0000][gc          ] GC(39) Pause Young (Normal) (G1 Evacuation Pause) 633M->25M(1024M) 10.668ms
[2026-01-28T10:09:56.950+0000][gc,cpu      ] GC(39) User=0.08s Sys=0.00s Real=0.01s
[2026-01-28T10:10:13.042+0000][gc,start    ] GC(40) Pause Young (Normal) (G1 Evacuation Pause)
[2026-01-28T10:10:13.043+0000][gc,task     ] GC(40) Using 10 workers of 10 for evacuation
[2026-01-28T10:10:13.053+0000][gc,phases   ] GC(40)   Pre Evacuate Collection Set: 2.4ms
[2026-01-28T10:10:13.053+0000][gc,phases   ] GC(40)   Merge Heap Roots: 0.2ms
[2026-01-28T10:10:13.053+0000][gc,phases   ] GC(40)   Evacuate Collection Set: 6.4ms
[2026-01-28T10:10:13.053+0000][gc,phases   ] GC(40)   Post Evacuate Collection Set: 0.7ms
[2026-01-28T10:10:13.053+0000][gc,phases   ] GC(40)   Other: 0.4ms
[2026-01-28T10:10:13.053+0000][gc,heap     ] GC(40) Eden regions: 608->0(608)
[2026-01-28T10:10:13.053+0000][gc,heap     ] GC(40) Survivor regions: 6->6(77)
[2026-01-28T10:10:13.053+0000][gc,heap     ] GC(40) Old regions: 19->20
[2026-01-28T10:10:13.053+0000][gc,heap     ] GC(40) Humongous regions: 1->1
[2026-01-28T10:10:13.053+0000][gc,metaspace] GC(40) Metaspace: 8898K(9152K)->8898K(9152K) NonClass: 8117K(8256K)->8117K(8256K) Class: 780K(896K)->780K(896K)
[2026-01-28T10:10:13.053+0000][gc          ] GC(40) Pause Young (Normal) (G1 Evacuation Pause) 633M->26M(1024M) 11.723ms
[2026-01-28T10:10:13.053+0000][gc,cpu      ] GC(40) User=0.08s Sys=0.01s Real=0.02s
[2026-01-28T10:10:28.574+0000][gc,start    ] GC(41) Pause Young (Normal) (G1 Evacuation Pause)
[2026-01-28T10:10:28.575+0000][gc,task     ] GC(41) Using 10 workers of 10 for evacuation
[2026-01-28T10:10:28.588+0000][gc,phases   ] GC(41)   Pre Evacuate Collection Set: 1.1ms
[2026-01-28T10:10:28.589+0000][gc,phases   ] GC(41)   Merge Heap Roots: 0.2ms
[2026-01-28T10:10:28.589+0000][gc,phases   ] GC(41)   Evacuate Collection Set: 8.6ms
[2026-01-28T10:10:28.589+0000][gc,phases   ] GC(41)   Post Evacuate Collection Set: 2.3ms
[2026-01-28T10:10:28.589+0000][gc,phases   ] GC(41)   Other: 0.7ms
[2026-01-28T10:10:28.589+0000][gc,heap     ] GC(41) Eden regions: 608->0(608)
[2026-01-28T10:10:28.589+0000][gc,heap     ] GC(41) Survivor regions: 6->6(77)
[2026-01-28T10:10:28.589+0000][gc,heap     ] GC(41) Old regions: 20->20
[2026-01-28T10:10:28.589+0000][gc,heap     ] GC(41) Humongous regions: 1->1
[2026-01-28T10:10:28.589+0000][gc,metaspace] GC(41) Metaspace: 8898K(9152K)->8898K(9152K) NonClass: 8117K(8256K)->8117K(8256K) Class: 780K(896K)->780K(896K)
[2026-01-28T10:10:28.589+0000][gc          ] GC(41) Pause Young (Normal) (G1 Evacuation Pause) 634M->26M(1024M) 15.110ms
[2026-01-28T10:10:28.589+0000][gc,cpu      ] GC(41) User=0.10s Sys=0.00s Real=0.01s
[2026-01-28T10:10:44.378+0000][gc,start    ] GC(42) Pause Young (Normal) (G1 Evacuation Pause)
[2026-01-28T10:10:44.379+0000][gc,task     ] GC(42) Using 10 workers of 10 for evacuation
[2026-01-28T10:10:44.392+0000][gc,phases   ] GC(42)   Pre Evacuate Collection Set: 0.6ms
[2026-01-28T10:10:44.392+0000][gc,phases   ] GC(42)   Merge Heap Roots: 0.3ms
[2026-01-28T10:10:44.392+0000][gc,phases   ] GC(42)   Evacuate Collection Set: 9.7ms
[2026-01-28T10:10:44.392+0000][gc,phases   ] GC(42)   Post Evacuate Collection Set: 1.7ms
[2026-01-28T10:10:44.392+0000][gc,phases   ] GC(42)   Other: 0.4ms
[2026-01-28T10:10:44.392+0000][gc,heap     ] GC(42) Eden regions: 608->0(608)
[2026-01-28T10:10:44.392+0000][gc,heap     ] GC(42) Survivor regions: 6->6(77)
[2026-01-28T10:10:44.392+0000][gc,heap     ] GC(42) Old regions: 20->21
[2026-01-28T10:10:44.392+0000][gc,heap     ] GC(42) Humongous regions: 1->1
[2026-01-28T10:10:44.392+0000][gc,metaspace] GC(42) Metaspace: 8899K(9152K)->8899K(9152K) NonClass: 8118K(8256K)->8118K(8256K) Class: 780K(896K)->780K(896K)
[2026-01-28T10:10:44.392+0000][gc          ] GC(42) Pause Young (Normal) (G1 Evacuation Pause) 634M->26M(1024M) 15.113ms
[2026-01-28T10:10:44.393+0000][gc,cpu      ] GC(42) User=0.10s Sys=0.00s Real=0.02s
[2026-01-28T10:11:00.305+0000][gc,start    ] GC(43) Pause Young (Normal) (G1 Evacuation Pause)
[2026-01-28T10:11:00.305+0000][gc,task     ] GC(43) Using 10 workers of 10 for evacuation
[2026-01-28T10:11:00.318+0000][gc,phases   ] GC(43)   Pre Evacuate Collection Set: 0.9ms
[2026-01-28T10:11:00.318+0000][gc,phases   ] GC(43)   Merge Heap Roots: 0.4ms
[2026-01-28T10:11:00.319+0000][gc,phases   ] GC(43)   Evacuate Collection Set: 9.8ms
[2026-01-28T10:11:00.319+0000][gc,phases   ] GC(43)   Post Evacuate Collection Set: 1.3ms
[2026-01-28T10:11:00.319+0000][gc,phases   ] GC(43)   Other: 0.4ms
[2026-01-28T10:11:00.319+0000][gc,heap     ] GC(43) Eden regions: 608->0(608)
[2026-01-28T10:11:00.319+0000][gc,heap     ] GC(43) Survivor regions: 6->6(77)
[2026-01-28T10:11:00.319+0000][gc,heap     ] GC(43) Old regions: 21->21
[2026-01-28T10:11:00.319+0000][gc,heap     ] GC(43) Humongous regions: 1->1
[2026-01-28T10:11:00.319+0000][gc,metaspace] GC(43) Metaspace: 8899K(9152K)->8899K(9152K) NonClass: 8119K(8256K)->8119K(8256K) Class: 780K(896K)->780K(896K)
[2026-01-28T10:11:00.319+0000][gc          ] GC(43) Pause Young (Normal) (G1 Evacuation Pause) 634M->27M(1024M) 14.424ms
[2026-01-28T10:11:00.319+0000][gc,cpu      ] GC(43) User=0.10s Sys=0.00s Real=0.01s
[2026-01-28T10:11:16.472+0000][gc,start    ] GC(44) Pause Young (Normal) (G1 Evacuation Pause)
[2026-01-28T10:11:16.473+0000][gc,task     ] GC(44) Using 10 workers of 10 for evacuation
[2026-01-28T10:11:16.490+0000][gc,phases   ] GC(44)   Pre Evacuate Collection Set: 0.8ms
[2026-01-28T10:11:16.490+0000][gc,phases   ] GC(44)   Merge Heap Roots: 0.2ms
[2026-01-28T10:11:16.490+0000][gc,phases   ] GC(44)   Evacuate Collection Set: 14.3ms
[2026-01-28T10:11:16.490+0000][gc,phases   ] GC(44)   Post Evacuate Collection Set: 1.1ms
[2026-01-28T10:11:16.490+0000][gc,phases   ] GC(44)   Other: 0.3ms
[2026-01-28T10:11:16.490+0000][gc,heap     ] GC(44) Eden regions: 608->0(608)
[2026-01-28T10:11:16.490+0000][gc,heap     ] GC(44) Survivor regions: 6->6(77)
[2026-01-28T10:11:16.490+0000][gc,heap     ] GC(44) Old regions: 21->21
[2026-01-28T10:11:16.490+0000][gc,heap     ] GC(44) Humongous regions: 1->1
[2026-01-28T10:11:16.490+0000][gc,metaspace] GC(44) Metaspace: 8901K(9152K)->8901K(9152K) NonClass: 8120K(8256K)->8120K(8256K) Class: 780K(896K)->780K(896K)
[2026-01-28T10:11:16.491+0000][gc          ] GC(44) Pause Young (Normal) (G1 Evacuation Pause) 635M->27M(1024M) 18.466ms
[2026-01-28T10:11:16.491+0000][gc,cpu      ] GC(44) User=0.15s Sys=0.00s Real=0.01s
[2026-01-28T10:11:31.703+0000][gc,start    ] GC(45) Pause Young (Normal) (G1 Evacuation Pause)
[2026-01-28T10:11:31.704+0000][gc,task     ] GC(45) Using 10 workers of 10 for evacuation
[2026-01-28T10:11:31.711+0000][gc,phases   ] GC(45)   Pre Evacuate Collection Set: 0.9ms
[2026-01-28T10:11:31.711+0000][gc,phases   ] GC(45)   Merge Heap Roots: 0.2ms
[2026-01-28T10:11:31.711+0000][gc,phases   ] GC(45)   Evacuate Collection Set: 5.0ms
[2026-01-28T10:11:31.711+0000][gc,phases   ] GC(45)   Post Evacuate Collection Set: 0.8ms
[2026-01-28T10:11:31.711+0000][gc,phases   ] GC(45)   Other: 0.3ms
[2026-01-28T10:11:31.711+0000][gc,heap     ] GC(45) Eden regions: 608->0(608)
[2026-01-28T10:11:31.711+0000][gc,heap     ] GC(45) Survivor regions: 6->6(77)
[2026-01-28T10:11:31.711+0000][gc,heap     ] GC(45) Old regions: 21->22
[2026-01-28T10:11:31.711+0000][gc,heap     ] GC(45) Humongous regions: 1->1
[2026-01-28T10:11:31.711+0000][gc,metaspace] GC(45) Metaspace: 8901K(9152K)->8901K(9152K) NonClass: 8120K(8256K)->8120K(8256K) Class: 780K(896K)->780K(896K)
[2026-01-28T10:11:31.711+0000][gc          ] GC(45) Pause Young (Normal) (G1 Evacuation Pause) 635M->27M(1024M) 8.414ms
[2026-01-28T10:11:31.711+0000][gc,cpu      ] GC(45) User=0.06s Sys=0.00s Real=0.00s
[2026-01-28T10:11:46.649+0000][gc,start    ] GC(46) Pause Young (Normal) (G1 Evacuation Pause)
[2026-01-28T10:11:46.650+0000][gc,task     ] GC(46) Using 10 workers of 10 for evacuation
[2026-01-28T10:11:46.662+0000][gc,phases   ] GC(46)   Pre Evacuate Collection Set: 0.6ms
[2026-01-28T10:11:46.663+0000][gc,phases   ] GC(46)   Merge Heap Roots: 0.3ms
[2026-01-28T10:11:46.663+0000][gc,phases   ] GC(46)   Evacuate Collection Set: 10.6ms
[2026-01-28T10:11:46.663+0000][gc,phases   ] GC(46)   Post Evacuate Collection Set: 0.8ms
[2026-01-28T10:11:46.663+0000][gc,phases   ] GC(46)   Other: 0.4ms
[2026-01-28T10:11:46.663+0000][gc,heap     ] GC(46) Eden regions: 608->0(608)
[2026-01-28T10:11:46.663+0000][gc,heap     ] GC(46) Survivor regions: 6->6(77)
[2026-01-28T10:11:46.663+0000][gc,heap     ] GC(46) Old regions: 22->22
[2026-01-28T10:11:46.663+0000][gc,heap     ] GC(46) Humongous regions: 1->1
[2026-01-28T10:11:46.663+0000][gc,metaspace] GC(46) Metaspace: 8901K(9152K)->8901K(9152K) NonClass: 8120K(8256K)->8120K(8256K) Class: 780K(896K)->780K(896K)
[2026-01-28T10:11:46.663+0000][gc          ] GC(46) Pause Young (Normal) (G1 Evacuation Pause) 635M->28M(1024M) 14.129ms
[2026-01-28T10:11:46.663+0000][gc,cpu      ] GC(46) User=0.11s Sys=0.00s Real=0.02s
[2026-01-28T10:12:02.229+0000][gc,start    ] GC(47) Pause Young (Normal) (G1 Evacuation Pause)
[2026-01-28T10:12:02.230+0000][gc,task     ] GC(47) Using 10 workers of 10 for evacuation
[2026-01-28T10:12:02.237+0000][gc,phases   ] GC(47)   Pre Evacuate Collection Set: 0.7ms
[2026-01-28T10:12:02.237+0000][gc,phases   ] GC(47)   Merge Heap Roots: 0.2ms
[2026-01-28T10:12:02.237+0000][gc,phases   ] GC(47)   Evacuate Collection Set: 5.7ms
[2026-01-28T10:12:02.237+0000][gc,phases   ] GC(47)   Post Evacuate Collection Set: 0.7ms
[2026-01-28T10:12:02.237+0000][gc,phases   ] GC(47)   Other: 0.3ms
[2026-01-28T10:12:02.237+0000][gc,heap     ] GC(47) Eden regions: 608->0(608)
[2026-01-28T10:12:02.237+0000][gc,heap     ] GC(47) Survivor regions: 6->6(77)
[2026-01-28T10:12:02.238+0000][gc,heap     ] GC(47) Old regions: 22->22
[2026-01-28T10:12:02.238+0000][gc,heap     ] GC(47) Humongous regions: 1->1
[2026-01-28T10:12:02.238+0000][gc,metaspace] GC(47) Metaspace: 8901K(9152K)->8901K(9152K) NonClass: 8120K(8256K)->8120K(8256K) Class: 780K(896K)->780K(896K)
[2026-01-28T10:12:02.238+0000][gc          ] GC(47) Pause Young (Normal) (G1 Evacuation Pause) 636M->28M(1024M) 8.619ms
[2026-01-28T10:12:02.238+0000][gc,cpu      ] GC(47) User=0.06s Sys=0.01s Real=0.01s
[2026-01-28T10:12:18.422+0000][gc,start    ] GC(48) Pause Young (Normal) (G1 Evacuation Pause)
[2026-01-28T10:12:18.423+0000][gc,task     ] GC(48) Using 10 workers of 10 for evacuation
[2026-01-28T10:12:18.435+0000][gc,phases   ] GC(48)   Pre Evacuate Collection Set: 0.6ms
[2026-01-28T10:12:18.435+0000][gc,phases   ] GC(48)   Merge Heap Roots: 0.3ms
[2026-01-28T10:12:18.435+0000][gc,phases   ] GC(48)   Evacuate Collection Set: 9.1ms
[2026-01-28T10:12:18.435+0000][gc,phases   ] GC(48)   Post Evacuate Collection Set: 1.4ms
[2026-01-28T10:12:18.435+0000][gc,phases   ] GC(48)   Other: 0.3ms
[2026-01-28T10:12:18.435+0000][gc,heap     ] GC(48) Eden regions: 608->0(608)
[2026-01-28T10:12:18.435+0000][gc,heap     ] GC(48) Survivor regions: 6->6(77)
[2026-01-28T10:12:18.435+0000][gc,heap     ] GC(48) Old regions: 22->23
[2026-01-28T10:12:18.435+0000][gc,heap     ] GC(48) Humongous regions: 1->1
[2026-01-28T10:12:18.435+0000][gc,metaspace] GC(48) Metaspace: 8905K(9152K)->8905K(9152K) NonClass: 8124K(8256K)->8124K(8256K) Class: 780K(896K)->780K(896K)
[2026-01-28T10:12:18.435+0000][gc          ] GC(48) Pause Young (Normal) (G1 Evacuation Pause) 636M->29M(1024M) 12.933ms
[2026-01-28T10:12:18.435+0000][gc,cpu      ] GC(48) User=0.10s Sys=0.00s Real=0.01s
[2026-01-28T10:12:34.698+0000][gc,start    ] GC(49) Pause Young (Normal) (G1 Evacuation Pause)
[2026-01-28T10:12:34.699+0000][gc,task     ] GC(49) Using 10 workers of 10 for evacuation
[2026-01-28T10:12:34.710+0000][gc,phases   ] GC(49)   Pre Evacuate Collection Set: 0.6ms
[2026-01-28T10:12:34.710+0000][gc,phases   ] GC(49)   Merge Heap Roots: 0.2ms
[2026-01-28T10:12:34.710+0000][gc,phases   ] GC(49)   Evacuate Collection Set: 8.7ms
[2026-01-28T10:12:34.711+0000][gc,phases   ] GC(49)   Post Evacuate Collection Set: 1.4ms
[2026-01-28T10:12:34.711+0000][gc,phases   ] GC(49)   Other: 0.3ms
[2026-01-28T10:12:34.711+0000][gc,heap     ] GC(49) Eden regions: 608->0(608)
[2026-01-28T10:12:34.711+0000][gc,heap     ] GC(49) Survivor regions: 6->6(77)
[2026-01-28T10:12:34.711+0000][gc,heap     ] GC(49) Old regions: 23->23
[2026-01-28T10:12:34.711+0000][gc,heap     ] GC(49) Humongous regions: 1->1
[2026-01-28T10:12:34.711+0000][gc,metaspace] GC(49) Metaspace: 8905K(9152K)->8905K(9152K) NonClass: 8124K(8256K)->8124K(8256K) Class: 780K(896K)->780K(896K)
[2026-01-28T10:12:34.711+0000][gc          ] GC(49) Pause Young (Normal) (G1 Evacuation Pause) 637M->29M(1024M) 13.264ms
[2026-01-28T10:12:34.711+0000][gc,cpu      ] GC(49) User=0.09s Sys=0.00s Real=0.01s
[2026-01-28T10:12:51.269+0000][gc,start    ] GC(50) Pause Young (Normal) (G1 Evacuation Pause)
[2026-01-28T10:12:51.270+0000][gc,task     ] GC(50) Using 10 workers of 10 for evacuation
[2026-01-28T10:12:51.287+0000][gc,phases   ] GC(50)   Pre Evacuate Collection Set: 0.8ms
[2026-01-28T10:12:51.288+0000][gc,phases   ] GC(50)   Merge Heap Roots: 0.3ms
[2026-01-28T10:12:51.288+0000][gc,phases   ] GC(50)   Evacuate Collection Set: 15.0ms
[2026-01-28T10:12:51.288+0000][gc,phases   ] GC(50)   Post Evacuate Collection Set: 1.2ms
[2026-01-28T10:12:51.288+0000][gc,phases   ] GC(50)   Other: 0.2ms
[2026-01-28T10:12:51.288+0000][gc,heap     ] GC(50) Eden regions: 608->0(608)
[2026-01-28T10:12:51.288+0000][gc,heap     ] GC(50) Survivor regions: 6->6(77)
[2026-01-28T10:12:51.288+0000][gc,heap     ] GC(50) Old regions: 23->24
[2026-01-28T10:12:51.288+0000][gc,heap     ] GC(50) Humongous regions: 1->1
[2026-01-28T10:12:51.288+0000][gc,metaspace] GC(50) Metaspace: 8905K(9152K)->8905K(9152K) NonClass: 8124K(8256K)->8124K(8256K) Class: 780K(896K)->780K(896K)
[2026-01-28T10:12:51.288+0000][gc          ] GC(50) Pause Young (Normal) (G1 Evacuation Pause) 637M->30M(1024M) 19.084ms
[2026-01-28T10:12:51.289+0000][gc,cpu      ] GC(50) User=0.16s Sys=0.00s Real=0.02s
[2026-01-28T10:13:07.100+0000][gc,start    ] GC(51) Pause Young (Normal) (G1 Evacuation Pause)
[2026-01-28T10:13:07.101+0000][gc,task     ] GC(51) Using 10 workers of 10 for evacuation
[2026-01-28T10:13:07.109+0000][gc,phases   ] GC(51)   Pre Evacuate Collection Set: 0.8ms
[2026-01-28T10:13:07.110+0000][gc,phases   ] GC(51)   Merge Heap Roots: 0.2ms
[2026-01-28T10:13:07.110+0000][gc,phases   ] GC(51)   Evacuate Collection Set: 6.3ms
[2026-01-28T10:13:07.110+0000][gc,phases   ] GC(51)   Post Evacuate Collection Set: 0.8ms
[2026-01-28T10:13:07.110+0000][gc,phases   ] GC(51)   Other: 0.2ms
[2026-01-28T10:13:07.110+0000][gc,heap     ] GC(51) Eden regions: 608->0(608)
[2026-01-28T10:13:07.110+0000][gc,heap     ] GC(51) Survivor regions: 6->6(77)
[2026-01-28T10:13:07.110+0000][gc,heap     ] GC(51) Old regions: 24->24
[2026-01-28T10:13:07.110+0000][gc,heap     ] GC(51) Humongous regions: 1->1
[2026-01-28T10:13:07.110+0000][gc,metaspace] GC(51) Metaspace: 8905K(9152K)->8905K(9152K) NonClass: 8124K(8256K)->8124K(8256K) Class: 780K(896K)->780K(896K)
[2026-01-28T10:13:07.110+0000][gc          ] GC(51) Pause Young (Normal) (G1 Evacuation Pause) 638M->30M(1024M) 10.025ms
[2026-01-28T10:13:07.110+0000][gc,cpu      ] GC(51) User=0.07s Sys=0.01s Real=0.01s
[2026-01-28T10:13:22.990+0000][gc,start    ] GC(52) Pause Young (Normal) (G1 Evacuation Pause)
[2026-01-28T10:13:22.990+0000][gc,task     ] GC(52) Using 10 workers of 10 for evacuation
[2026-01-28T10:13:23.006+0000][gc,phases   ] GC(52)   Pre Evacuate Collection Set: 0.7ms
[2026-01-28T10:13:23.006+0000][gc,phases   ] GC(52)   Merge Heap Roots: 0.3ms
[2026-01-28T10:13:23.006+0000][gc,phases   ] GC(52)   Evacuate Collection Set: 13.1ms
[2026-01-28T10:13:23.006+0000][gc,phases   ] GC(52)   Post Evacuate Collection Set: 1.2ms
[2026-01-28T10:13:23.006+0000][gc,phases   ] GC(52)   Other: 0.2ms
[2026-01-28T10:13:23.006+0000][gc,heap     ] GC(52) Eden regions: 608->0(608)
[2026-01-28T10:13:23.006+0000][gc,heap     ] GC(52) Survivor regions: 6->6(77)
[2026-01-28T10:13:23.006+0000][gc,heap     ] GC(52) Old regions: 24->24
[2026-01-28T10:13:23.006+0000][gc,heap     ] GC(52) Humongous regions: 1->1
[2026-01-28T10:13:23.006+0000][gc,metaspace] GC(52) Metaspace: 8908K(9152K)->8908K(9152K) NonClass: 8127K(8256K)->8127K(8256K) Class: 780K(896K)->780K(896K)
[2026-01-28T10:13:23.006+0000][gc          ] GC(52) Pause Young (Normal) (G1 Evacuation Pause) 638M->30M(1024M) 16.667ms
[2026-01-28T10:13:23.006+0000][gc,cpu      ] GC(52) User=0.14s Sys=0.00s Real=0.02s
[2026-01-28T10:13:39.318+0000][gc,start    ] GC(53) Pause Young (Normal) (G1 Evacuation Pause)
[2026-01-28T10:13:39.319+0000][gc,task     ] GC(53) Using 10 workers of 10 for evacuation
[2026-01-28T10:13:39.331+0000][gc,phases   ] GC(53)   Pre Evacuate Collection Set: 0.7ms
[2026-01-28T10:13:39.331+0000][gc,phases   ] GC(53)   Merge Heap Roots: 0.3ms
[2026-01-28T10:13:39.331+0000][gc,phases   ] GC(53)   Evacuate Collection Set: 9.8ms
[2026-01-28T10:13:39.331+0000][gc,phases   ] GC(53)   Post Evacuate Collection Set: 1.3ms
[2026-01-28T10:13:39.331+0000][gc,phases   ] GC(53)   Other: 0.2ms
[2026-01-28T10:13:39.331+0000][gc,heap     ] GC(53) Eden regions: 608->0(608)
[2026-01-28T10:13:39.332+0000][gc,heap     ] GC(53) Survivor regions: 6->6(77)
[2026-01-28T10:13:39.332+0000][gc,heap     ] GC(53) Old regions: 24->25
[2026-01-28T10:13:39.332+0000][gc,heap     ] GC(53) Humongous regions: 1->1
[2026-01-28T10:13:39.332+0000][gc,metaspace] GC(53) Metaspace: 8910K(9152K)->8910K(9152K) NonClass: 8130K(8256K)->8130K(8256K) Class: 780K(896K)->780K(896K)
[2026-01-28T10:13:39.332+0000][gc          ] GC(53) Pause Young (Normal) (G1 Evacuation Pause) 638M->31M(1024M) 13.843ms
[2026-01-28T10:13:39.332+0000][gc,cpu      ] GC(53) User=0.10s Sys=0.00s Real=0.02s
[2026-01-28T10:13:56.477+0000][gc,start    ] GC(54) Pause Young (Normal) (G1 Evacuation Pause)
[2026-01-28T10:13:56.478+0000][gc,task     ] GC(54) Using 10 workers of 10 for evacuation
[2026-01-28T10:13:56.492+0000][gc,phases   ] GC(54)   Pre Evacuate Collection Set: 0.7ms
[2026-01-28T10:13:56.492+0000][gc,phases   ] GC(54)   Merge Heap Roots: 0.2ms
[2026-01-28T10:13:56.492+0000][gc,phases   ] GC(54)   Evacuate Collection Set: 11.5ms
[2026-01-28T10:13:56.492+0000][gc,phases   ] GC(54)   Post Evacuate Collection Set: 1.6ms
[2026-01-28T10:13:56.493+0000][gc,phases   ] GC(54)   Other: 0.3ms
[2026-01-28T10:13:56.493+0000][gc,heap     ] GC(54) Eden regions: 608->0(608)
[2026-01-28T10:13:56.493+0000][gc,heap     ] GC(54) Survivor regions: 6->6(77)
[2026-01-28T10:13:56.493+0000][gc,heap     ] GC(54) Old regions: 25->25
[2026-01-28T10:13:56.493+0000][gc,heap     ] GC(54) Humongous regions: 1->1
[2026-01-28T10:13:56.493+0000][gc,metaspace] GC(54) Metaspace: 8912K(9152K)->8912K(9152K) NonClass: 8131K(8256K)->8131K(8256K) Class: 780K(896K)->780K(896K)
[2026-01-28T10:13:56.493+0000][gc          ] GC(54) Pause Young (Normal) (G1 Evacuation Pause) 639M->31M(1024M) 15.415ms
[2026-01-28T10:13:56.493+0000][gc,cpu      ] GC(54) User=0.12s Sys=0.00s Real=0.02s
[2026-01-28T10:14:12.744+0000][gc,start    ] GC(55) Pause Young (Normal) (G1 Evacuation Pause)
[2026-01-28T10:14:12.745+0000][gc,task     ] GC(55) Using 10 workers of 10 for evacuation
[2026-01-28T10:14:12.760+0000][gc,phases   ] GC(55)   Pre Evacuate Collection Set: 0.7ms
[2026-01-28T10:14:12.760+0000][gc,phases   ] GC(55)   Merge Heap Roots: 0.2ms
[2026-01-28T10:14:12.760+0000][gc,phases   ] GC(55)   Evacuate Collection Set: 12.3ms
[2026-01-28T10:14:12.760+0000][gc,phases   ] GC(55)   Post Evacuate Collection Set: 0.8ms
[2026-01-28T10:14:12.760+0000][gc,phases   ] GC(55)   Other: 0.2ms
[2026-01-28T10:14:12.760+0000][gc,heap     ] GC(55) Eden regions: 608->0(608)
[2026-01-28T10:14:12.760+0000][gc,heap     ] GC(55) Survivor regions: 6->6(77)
[2026-01-28T10:14:12.760+0000][gc,heap     ] GC(55) Old regions: 25->26
[2026-01-28T10:14:12.760+0000][gc,heap     ] GC(55) Humongous regions: 1->1
[2026-01-28T10:14:12.760+0000][gc,metaspace] GC(55) Metaspace: 8912K(9152K)->8912K(9152K) NonClass: 8131K(8256K)->8131K(8256K) Class: 780K(896K)->780K(896K)
[2026-01-28T10:14:12.760+0000][gc          ] GC(55) Pause Young (Normal) (G1 Evacuation Pause) 639M->32M(1024M) 15.833ms
[2026-01-28T10:14:12.760+0000][gc,cpu      ] GC(55) User=0.13s Sys=0.00s Real=0.01s
[2026-01-28T10:14:28.951+0000][gc,start    ] GC(56) Pause Young (Normal) (G1 Evacuation Pause)
[2026-01-28T10:14:28.952+0000][gc,task     ] GC(56) Using 10 workers of 10 for evacuation
[2026-01-28T10:14:28.963+0000][gc,phases   ] GC(56)   Pre Evacuate Collection Set: 0.7ms
[2026-01-28T10:14:28.963+0000][gc,phases   ] GC(56)   Merge Heap Roots: 0.2ms
[2026-01-28T10:14:28.963+0000][gc,phases   ] GC(56)   Evacuate Collection Set: 7.8ms
[2026-01-28T10:14:28.963+0000][gc,phases   ] GC(56)   Post Evacuate Collection Set: 1.6ms
[2026-01-28T10:14:28.963+0000][gc,phases   ] GC(56)   Other: 0.2ms
[2026-01-28T10:14:28.963+0000][gc,heap     ] GC(56) Eden regions: 608->0(608)
[2026-01-28T10:14:28.964+0000][gc,heap     ] GC(56) Survivor regions: 6->6(77)
[2026-01-28T10:14:28.964+0000][gc,heap     ] GC(56) Old regions: 26->26
[2026-01-28T10:14:28.964+0000][gc,heap     ] GC(56) Humongous regions: 1->1
[2026-01-28T10:14:28.964+0000][gc,metaspace] GC(56) Metaspace: 8912K(9152K)->8912K(9152K) NonClass: 8131K(8256K)->8131K(8256K) Class: 780K(896K)->780K(896K)
[2026-01-28T10:14:28.964+0000][gc          ] GC(56) Pause Young (Normal) (G1 Evacuation Pause) 640M->32M(1024M) 12.742ms
[2026-01-28T10:14:28.964+0000][gc,cpu      ] GC(56) User=0.09s Sys=0.00s Real=0.02s
[2026-01-28T10:14:44.773+0000][gc,start    ] GC(57) Pause Young (Normal) (G1 Evacuation Pause)
[2026-01-28T10:14:44.774+0000][gc,task     ] GC(57) Using 10 workers of 10 for evacuation
[2026-01-28T10:14:44.787+0000][gc,phases   ] GC(57)   Pre Evacuate Collection Set: 0.7ms
[2026-01-28T10:14:44.787+0000][gc,phases   ] GC(57)   Merge Heap Roots: 0.3ms
[2026-01-28T10:14:44.787+0000][gc,phases   ] GC(57)   Evacuate Collection Set: 10.5ms
[2026-01-28T10:14:44.787+0000][gc,phases   ] GC(57)   Post Evacuate Collection Set: 1.2ms
[2026-01-28T10:14:44.787+0000][gc,phases   ] GC(57)   Other: 0.2ms
[2026-01-28T10:14:44.787+0000][gc,heap     ] GC(57) Eden regions: 608->0(608)
[2026-01-28T10:14:44.787+0000][gc,heap     ] GC(57) Survivor regions: 6->6(77)
[2026-01-28T10:14:44.787+0000][gc,heap     ] GC(57) Old regions: 26->26
[2026-01-28T10:14:44.787+0000][gc,heap     ] GC(57) Humongous regions: 1->1
[2026-01-28T10:14:44.787+0000][gc,metaspace] GC(57) Metaspace: 8912K(9152K)->8912K(9152K) NonClass: 8132K(8256K)->8132K(8256K) Class: 780K(896K)->780K(896K)
[2026-01-28T10:14:44.787+0000][gc          ] GC(57) Pause Young (Normal) (G1 Evacuation Pause) 640M->32M(1024M) 14.565ms
[2026-01-28T10:14:44.788+0000][gc,cpu      ] GC(57) User=0.11s Sys=0.00s Real=0.01s
[2026-01-28T10:15:00.989+0000][gc,start    ] GC(58) Pause Young (Normal) (G1 Evacuation Pause)
[2026-01-28T10:15:00.990+0000][gc,task     ] GC(58) Using 10 workers of 10 for evacuation
[2026-01-28T10:15:01.003+0000][gc,phases   ] GC(58)   Pre Evacuate Collection Set: 0.6ms
[2026-01-28T10:15:01.003+0000][gc,phases   ] GC(58)   Merge Heap Roots: 0.3ms
[2026-01-28T10:15:01.003+0000][gc,phases   ] GC(58)   Evacuate Collection Set: 10.6ms
[2026-01-28T10:15:01.003+0000][gc,phases   ] GC(58)   Post Evacuate Collection Set: 1.0ms
[2026-01-28T10:15:01.003+0000][gc,phases   ] GC(58)   Other: 0.2ms
[2026-01-28T10:15:01.003+0000][gc,heap     ] GC(58) Eden regions: 608->0(608)
[2026-01-28T10:15:01.003+0000][gc,heap     ] GC(58) Survivor regions: 6->6(77)
[2026-01-28T10:15:01.003+0000][gc,heap     ] GC(58) Old regions: 26->27
[2026-01-28T10:15:01.004+0000][gc,heap     ] GC(58) Humongous regions: 1->1
[2026-01-28T10:15:01.004+0000][gc,metaspace] GC(58) Metaspace: 8913K(9152K)->8913K(9152K) NonClass: 8132K(8256K)->8132K(8256K) Class: 780K(896K)->780K(896K)
[2026-01-28T10:15:01.004+0000][gc          ] GC(58) Pause Young (Normal) (G1 Evacuation Pause) 640M->33M(1024M) 14.600ms
[2026-01-28T10:15:01.004+0000][gc,cpu      ] GC(58) User=0.11s Sys=0.00s Real=0.02s
[2026-01-28T10:15:16.638+0000][gc,start    ] GC(59) Pause Young (Normal) (G1 Evacuation Pause)
[2026-01-28T10:15:16.639+0000][gc,task     ] GC(59) Using 10 workers of 10 for evacuation
[2026-01-28T10:15:16.652+0000][gc,phases   ] GC(59)   Pre Evacuate Collection Set: 0.6ms
[2026-01-28T10:15:16.652+0000][gc,phases   ] GC(59)   Merge Heap Roots: 0.3ms
[2026-01-28T10:15:16.652+0000][gc,phases   ] GC(59)   Evacuate Collection Set: 9.5ms
[2026-01-28T10:15:16.652+0000][gc,phases   ] GC(59)   Post Evacuate Collection Set: 1.6ms
[2026-01-28T10:15:16.652+0000][gc,phases   ] GC(59)   Other: 0.3ms
[2026-01-28T10:15:16.652+0000][gc,heap     ] GC(59) Eden regions: 608->0(607)
[2026-01-28T10:15:16.652+0000][gc,heap     ] GC(59) Survivor regions: 6->7(77)
[2026-01-28T10:15:16.652+0000][gc,heap     ] GC(59) Old regions: 27->27
[2026-01-28T10:15:16.652+0000][gc,heap     ] GC(59) Humongous regions: 1->1
[2026-01-28T10:15:16.652+0000][gc,metaspace] GC(59) Metaspace: 8913K(9152K)->8913K(9152K) NonClass: 8132K(8256K)->8132K(8256K) Class: 781K(896K)->781K(896K)
[2026-01-28T10:15:16.652+0000][gc          ] GC(59) Pause Young (Normal) (G1 Evacuation Pause) 641M->33M(1024M) 13.862ms
[2026-01-28T10:15:16.652+0000][gc,cpu      ] GC(59) User=0.11s Sys=0.00s Real=0.02s
[2026-01-28T10:15:32.886+0000][gc,start    ] GC(60) Pause Young (Normal) (G1 Evacuation Pause)
[2026-01-28T10:15:32.886+0000][gc,task     ] GC(60) Using 10 workers of 10 for evacuation
[2026-01-28T10:15:32.896+0000][gc,phases   ] GC(60)   Pre Evacuate Collection Set: 0.7ms
[2026-01-28T10:15:32.896+0000][gc,phases   ] GC(60)   Merge Heap Roots: 0.3ms
[2026-01-28T10:15:32.896+0000][gc,phases   ] GC(60)   Evacuate Collection Set: 7.7ms
[2026-01-28T10:15:32.896+0000][gc,phases   ] GC(60)   Post Evacuate Collection Set: 0.7ms
[2026-01-28T10:15:32.896+0000][gc,phases   ] GC(60)   Other: 0.2ms
[2026-01-28T10:15:32.896+0000][gc,heap     ] GC(60) Eden regions: 607->0(608)
[2026-01-28T10:15:32.896+0000][gc,heap     ] GC(60) Survivor regions: 7->6(77)
[2026-01-28T10:15:32.896+0000][gc,heap     ] GC(60) Old regions: 27->28
[2026-01-28T10:15:32.896+0000][gc,heap     ] GC(60) Humongous regions: 1->1
[2026-01-28T10:15:32.896+0000][gc,metaspace] GC(60) Metaspace: 8915K(9152K)->8915K(9152K) NonClass: 8134K(8256K)->8134K(8256K) Class: 781K(896K)->781K(896K)
[2026-01-28T10:15:32.896+0000][gc          ] GC(60) Pause Young (Normal) (G1 Evacuation Pause) 640M->34M(1024M) 10.454ms
[2026-01-28T10:15:32.896+0000][gc,cpu      ] GC(60) User=0.08s Sys=0.00s Real=0.01s
[2026-01-28T10:15:49.125+0000][gc,start    ] GC(61) Pause Young (Normal) (G1 Evacuation Pause)
[2026-01-28T10:15:49.126+0000][gc,task     ] GC(61) Using 10 workers of 10 for evacuation
[2026-01-28T10:15:49.145+0000][gc,phases   ] GC(61)   Pre Evacuate Collection Set: 0.8ms
[2026-01-28T10:15:49.146+0000][gc,phases   ] GC(61)   Merge Heap Roots: 0.3ms
[2026-01-28T10:15:49.146+0000][gc,phases   ] GC(61)   Evacuate Collection Set: 16.7ms
[2026-01-28T10:15:49.146+0000][gc,phases   ] GC(61)   Post Evacuate Collection Set: 1.6ms
[2026-01-28T10:15:49.146+0000][gc,phases   ] GC(61)   Other: 0.3ms
[2026-01-28T10:15:49.146+0000][gc,heap     ] GC(61) Eden regions: 608->0(608)
[2026-01-28T10:15:49.146+0000][gc,heap     ] GC(61) Survivor regions: 6->6(77)
[2026-01-28T10:15:49.146+0000][gc,heap     ] GC(61) Old regions: 28->28
[2026-01-28T10:15:49.146+0000][gc,heap     ] GC(61) Humongous regions: 1->1
[2026-01-28T10:15:49.146+0000][gc,metaspace] GC(61) Metaspace: 8915K(9152K)->8915K(9152K) NonClass: 8134K(8256K)->8134K(8256K) Class: 781K(896K)->781K(896K)
[2026-01-28T10:15:49.146+0000][gc          ] GC(61) Pause Young (Normal) (G1 Evacuation Pause) 642M->34M(1024M) 21.308ms
[2026-01-28T10:15:49.146+0000][gc,cpu      ] GC(61) User=0.18s Sys=0.00s Real=0.02s
[2026-01-28T10:16:05.317+0000][gc,start    ] GC(62) Pause Young (Normal) (G1 Evacuation Pause)
[2026-01-28T10:16:05.317+0000][gc,task     ] GC(62) Using 10 workers of 10 for evacuation
[2026-01-28T10:16:05.327+0000][gc,phases   ] GC(62)   Pre Evacuate Collection Set: 0.8ms
[2026-01-28T10:16:05.327+0000][gc,phases   ] GC(62)   Merge Heap Roots: 0.3ms
[2026-01-28T10:16:05.327+0000][gc,phases   ] GC(62)   Evacuate Collection Set: 7.2ms
[2026-01-28T10:16:05.327+0000][gc,phases   ] GC(62)   Post Evacuate Collection Set: 0.8ms
[2026-01-28T10:16:05.327+0000][gc,phases   ] GC(62)   Other: 0.2ms
[2026-01-28T10:16:05.327+0000][gc,heap     ] GC(62) Eden regions: 608->0(608)
[2026-01-28T10:16:05.327+0000][gc,heap     ] GC(62) Survivor regions: 6->6(77)
[2026-01-28T10:16:05.327+0000][gc,heap     ] GC(62) Old regions: 28->28
[2026-01-28T10:16:05.327+0000][gc,heap     ] GC(62) Humongous regions: 1->1
[2026-01-28T10:16:05.327+0000][gc,metaspace] GC(62) Metaspace: 8918K(9152K)->8918K(9152K) NonClass: 8137K(8256K)->8137K(8256K) Class: 781K(896K)->781K(896K)
[2026-01-28T10:16:05.327+0000][gc          ] GC(62) Pause Young (Normal) (G1 Evacuation Pause) 642M->34M(1024M) 10.152ms
[2026-01-28T10:16:05.327+0000][gc,cpu      ] GC(62) User=0.08s Sys=0.00s Real=0.01s
[2026-01-28T10:16:21.900+0000][gc,start    ] GC(63) Pause Young (Normal) (G1 Evacuation Pause)
[2026-01-28T10:16:21.900+0000][gc,task     ] GC(63) Using 10 workers of 10 for evacuation
[2026-01-28T10:16:21.909+0000][gc,phases   ] GC(63)   Pre Evacuate Collection Set: 0.8ms
[2026-01-28T10:16:21.910+0000][gc,phases   ] GC(63)   Merge Heap Roots: 0.2ms
[2026-01-28T10:16:21.910+0000][gc,phases   ] GC(63)   Evacuate Collection Set: 7.0ms
[2026-01-28T10:16:21.910+0000][gc,phases   ] GC(63)   Post Evacuate Collection Set: 0.7ms
[2026-01-28T10:16:21.910+0000][gc,phases   ] GC(63)   Other: 0.3ms
[2026-01-28T10:16:21.910+0000][gc,heap     ] GC(63) Eden regions: 608->0(608)
[2026-01-28T10:16:21.910+0000][gc,heap     ] GC(63) Survivor regions: 6->6(77)
[2026-01-28T10:16:21.910+0000][gc,heap     ] GC(63) Old regions: 28->29
[2026-01-28T10:16:21.910+0000][gc,heap     ] GC(63) Humongous regions: 1->1
[2026-01-28T10:16:21.910+0000][gc,metaspace] GC(63) Metaspace: 8919K(9152K)->8919K(9152K) NonClass: 8138K(8256K)->8138K(8256K) Class: 781K(896K)->781K(896K)
[2026-01-28T10:16:21.910+0000][gc          ] GC(63) Pause Young (Normal) (G1 Evacuation Pause) 642M->35M(1024M) 10.147ms
[2026-01-28T10:16:21.910+0000][gc,cpu      ] GC(63) User=0.08s Sys=0.00s Real=0.01s
