[2026-01-28T11:06:55.465+0000][gc,init] CardTable entry size: 512
[2026-01-28T11:06:55.466+0000][gc     ] Using G1
[2026-01-28T11:06:55.474+0000][gc,init] Version: 21.0.4+7-LTS (release)
[2026-01-28T11:06:55.474+0000][gc,init] CPUs: 12 total, 12 available
[2026-01-28T11:06:55.474+0000][gc,init] Memory: 7837M
[2026-01-28T11:06:55.474+0000][gc,init] Large Page Support: Disabled
[2026-01-28T11:06:55.475+0000][gc,init] NUMA Support: Disabled
[2026-01-28T11:06:55.475+0000][gc,init] Compressed Oops: Enabled (32-bit)
[2026-01-28T11:06:55.476+0000][gc,init] Heap Region Size: 1M
[2026-01-28T11:06:55.476+0000][gc,init] Heap Min Capacity: 1G
[2026-01-28T11:06:55.476+0000][gc,init] Heap Initial Capacity: 1G
[2026-01-28T11:06:55.476+0000][gc,init] Heap Max Capacity: 1G
[2026-01-28T11:06:55.476+0000][gc,init] Pre-touch: Disabled
[2026-01-28T11:06:55.476+0000][gc,init] Parallel Workers: 10
[2026-01-28T11:06:55.477+0000][gc,init] Concurrent Workers: 3
[2026-01-28T11:06:55.478+0000][gc,init] Concurrent Refinement Workers: 10
[2026-01-28T11:06:55.479+0000][gc,init] Periodic GC: Disabled
[2026-01-28T11:06:55.481+0000][gc,metaspace] CDS archive(s) mapped at: [0x0000000800000000-0x0000000800bd0000-0x00000008036b0000), size 57344000, SharedBaseAddress: 0x0000000800000000, ArchiveRelocationMode: 1.
[2026-01-28T11:06:55.481+0000][gc,metaspace] Compressed class space mapped at: 0x0000000804000000-0x0000000844000000, reserved size: 1073741824
[2026-01-28T11:06:55.481+0000][gc,metaspace] Narrow klass base: 0x0000000800000000, Narrow klass shift: 0, Narrow klass range: 0x100000000
[2026-01-28T11:06:57.251+0000][gc,start    ] GC(0) Pause Young (Normal) (G1 Evacuation Pause)
[2026-01-28T11:06:57.253+0000][gc,task     ] GC(0) Using 10 workers of 10 for evacuation
[2026-01-28T11:06:57.273+0000][gc,phases   ] GC(0)   Pre Evacuate Collection Set: 0.5ms
[2026-01-28T11:06:57.277+0000][gc,phases   ] GC(0)   Merge Heap Roots: 0.1ms
[2026-01-28T11:06:57.277+0000][gc,phases   ] GC(0)   Evacuate Collection Set: 18.1ms
[2026-01-28T11:06:57.277+0000][gc,phases   ] GC(0)   Post Evacuate Collection Set: 1.1ms
[2026-01-28T11:06:57.277+0000][gc,phases   ] GC(0)   Other: 1.6ms
[2026-01-28T11:06:57.277+0000][gc,heap     ] GC(0) Eden regions: 51->0(44)
[2026-01-28T11:06:57.277+0000][gc,heap     ] GC(0) Survivor regions: 0->7(7)
[2026-01-28T11:06:57.277+0000][gc,heap     ] GC(0) Old regions: 1->7
[2026-01-28T11:06:57.277+0000][gc,heap     ] GC(0) Humongous regions: 1->1
[2026-01-28T11:06:57.277+0000][gc,metaspace] GC(0) Metaspace: 5546K(5760K)->5546K(5760K) NonClass: 4880K(4992K)->4880K(4992K) Class: 665K(768K)->665K(768K)
[2026-01-28T11:06:57.278+0000][gc          ] GC(0) Pause Young (Normal) (G1 Evacuation Pause) 52M->14M(1024M) 26.332ms
[2026-01-28T11:06:57.278+0000][gc,cpu      ] GC(0) User=0.02s Sys=0.05s Real=0.03s
[2026-01-28T11:07:02.318+0000][gc,start    ] GC(1) Pause Young (Normal) (G1 Evacuation Pause)
[2026-01-28T11:07:02.319+0000][gc,task     ] GC(1) Using 10 workers of 10 for evacuation
[2026-01-28T11:07:02.334+0000][gc,phases   ] GC(1)   Pre Evacuate Collection Set: 5.3ms
[2026-01-28T11:07:02.334+0000][gc,phases   ] GC(1)   Merge Heap Roots: 0.2ms
[2026-01-28T11:07:02.334+0000][gc,phases   ] GC(1)   Evacuate Collection Set: 7.3ms
[2026-01-28T11:07:02.334+0000][gc,phases   ] GC(1)   Post Evacuate Collection Set: 1.1ms
[2026-01-28T11:07:02.334+0000][gc,phases   ] GC(1)   Other: 1.0ms
[2026-01-28T11:07:02.334+0000][gc,heap     ] GC(1) Eden regions: 44->0(58)
[2026-01-28T11:07:02.334+0000][gc,heap     ] GC(1) Survivor regions: 7->3(7)
[2026-01-28T11:07:02.334+0000][gc,heap     ] GC(1) Old regions: 7->14
[2026-01-28T11:07:02.335+0000][gc,heap     ] GC(1) Humongous regions: 1->1
[2026-01-28T11:07:02.335+0000][gc,metaspace] GC(1) Metaspace: 7884K(8128K)->7884K(8128K) NonClass: 7053K(7168K)->7053K(7168K) Class: 831K(960K)->831K(960K)
[2026-01-28T11:07:02.335+0000][gc          ] GC(1) Pause Young (Normal) (G1 Evacuation Pause) 58M->17M(1024M) 16.295ms
[2026-01-28T11:07:02.335+0000][gc,cpu      ] GC(1) User=0.04s Sys=0.01s Real=0.02s
[2026-01-28T11:07:02.562+0000][gc,start    ] GC(2) Pause Young (Normal) (G1 Evacuation Pause)
[2026-01-28T11:07:02.563+0000][gc,task     ] GC(2) Using 10 workers of 10 for evacuation
[2026-01-28T11:07:02.573+0000][gc,phases   ] GC(2)   Pre Evacuate Collection Set: 0.2ms
[2026-01-28T11:07:02.574+0000][gc,phases   ] GC(2)   Merge Heap Roots: 0.0ms
[2026-01-28T11:07:02.574+0000][gc,phases   ] GC(2)   Evacuate Collection Set: 9.9ms
[2026-01-28T11:07:02.574+0000][gc,phases   ] GC(2)   Post Evacuate Collection Set: 0.5ms
[2026-01-28T11:07:02.574+0000][gc,phases   ] GC(2)   Other: 0.1ms
[2026-01-28T11:07:02.574+0000][gc,heap     ] GC(2) Eden regions: 67->0(317)
[2026-01-28T11:07:02.574+0000][gc,heap     ] GC(2) Survivor regions: 3->6(9)
[2026-01-28T11:07:02.574+0000][gc,heap     ] GC(2) Old regions: 14->14
[2026-01-28T11:07:02.574+0000][gc,heap     ] GC(2) Humongous regions: 1->1
[2026-01-28T11:07:02.574+0000][gc,metaspace] GC(2) Metaspace: 9118K(9408K)->9118K(9408K) NonClass: 8122K(8256K)->8122K(8256K) Class: 995K(1152K)->995K(1152K)
[2026-01-28T11:07:02.574+0000][gc          ] GC(2) Pause Young (Normal) (G1 Evacuation Pause) 84M->20M(1024M) 11.996ms
[2026-01-28T11:07:02.574+0000][gc,cpu      ] GC(2) User=0.02s Sys=0.04s Real=0.02s
