[2026-01-28T11:10:36.594+0000][gc,init] CardTable entry size: 512
[2026-01-28T11:10:36.594+0000][gc     ] Using G1
[2026-01-28T11:10:36.600+0000][gc,init] Version: 21.0.4+7-LTS (release)
[2026-01-28T11:10:36.600+0000][gc,init] CPUs: 12 total, 12 available
[2026-01-28T11:10:36.600+0000][gc,init] Memory: 7837M
[2026-01-28T11:10:36.600+0000][gc,init] Large Page Support: Disabled
[2026-01-28T11:10:36.601+0000][gc,init] NUMA Support: Disabled
[2026-01-28T11:10:36.601+0000][gc,init] Compressed Oops: Enabled (32-bit)
[2026-01-28T11:10:36.601+0000][gc,init] Heap Region Size: 1M
[2026-01-28T11:10:36.601+0000][gc,init] Heap Min Capacity: 1G
[2026-01-28T11:10:36.601+0000][gc,init] Heap Initial Capacity: 1G
[2026-01-28T11:10:36.601+0000][gc,init] Heap Max Capacity: 1G
[2026-01-28T11:10:36.601+0000][gc,init] Pre-touch: Disabled
[2026-01-28T11:10:36.601+0000][gc,init] Parallel Workers: 10
[2026-01-28T11:10:36.601+0000][gc,init] Concurrent Workers: 3
[2026-01-28T11:10:36.601+0000][gc,init] Concurrent Refinement Workers: 10
[2026-01-28T11:10:36.602+0000][gc,init] Periodic GC: Disabled
[2026-01-28T11:10:36.647+0000][gc,metaspace] CDS archive(s) mapped at: [0x0000002800000000-0x0000002800bd0000-0x00000028036b0000), size 57344000, SharedBaseAddress: 0x0000002800000000, ArchiveRelocationMode: 1.
[2026-01-28T11:10:36.649+0000][gc,metaspace] Compressed class space mapped at: 0x0000002804000000-0x0000002844000000, reserved size: 1073741824
[2026-01-28T11:10:36.650+0000][gc,metaspace] Narrow klass base: 0x0000002800000000, Narrow klass shift: 0, Narrow klass range: 0x100000000
[2026-01-28T11:10:37.838+0000][gc,start    ] GC(0) Pause Young (Normal) (G1 Evacuation Pause)
[2026-01-28T11:10:37.842+0000][gc,task     ] GC(0) Using 10 workers of 10 for evacuation
[2026-01-28T11:10:37.857+0000][gc,phases   ] GC(0)   Pre Evacuate Collection Set: 1.2ms
[2026-01-28T11:10:37.857+0000][gc,phases   ] GC(0)   Merge Heap Roots: 0.1ms
[2026-01-28T11:10:37.857+0000][gc,phases   ] GC(0)   Evacuate Collection Set: 13.0ms
[2026-01-28T11:10:37.857+0000][gc,phases   ] GC(0)   Post Evacuate Collection Set: 0.9ms
[2026-01-28T11:10:37.857+0000][gc,phases   ] GC(0)   Other: 3.2ms
[2026-01-28T11:10:37.857+0000][gc,heap     ] GC(0) Eden regions: 51->0(44)
[2026-01-28T11:10:37.857+0000][gc,heap     ] GC(0) Survivor regions: 0->7(7)
[2026-01-28T11:10:37.857+0000][gc,heap     ] GC(0) Old regions: 1->6
[2026-01-28T11:10:37.857+0000][gc,heap     ] GC(0) Humongous regions: 1->1
[2026-01-28T11:10:37.857+0000][gc,metaspace] GC(0) Metaspace: 5595K(5824K)->5595K(5824K) NonClass: 4937K(5056K)->4937K(5056K) Class: 658K(768K)->658K(768K)
[2026-01-28T11:10:37.857+0000][gc          ] GC(0) Pause Young (Normal) (G1 Evacuation Pause) 52M->13M(1024M) 19.096ms
[2026-01-28T11:10:37.857+0000][gc,cpu      ] GC(0) User=0.03s Sys=0.01s Real=0.02s
[2026-01-28T11:10:42.303+0000][gc,start    ] GC(1) Pause Young (Normal) (G1 Evacuation Pause)
[2026-01-28T11:10:42.303+0000][gc,task     ] GC(1) Using 10 workers of 10 for evacuation
[2026-01-28T11:10:42.307+0000][gc,phases   ] GC(1)   Pre Evacuate Collection Set: 0.3ms
[2026-01-28T11:10:42.308+0000][gc,phases   ] GC(1)   Merge Heap Roots: 0.1ms
[2026-01-28T11:10:42.308+0000][gc,phases   ] GC(1)   Evacuate Collection Set: 3.0ms
[2026-01-28T11:10:42.308+0000][gc,phases   ] GC(1)   Post Evacuate Collection Set: 0.6ms
[2026-01-28T11:10:42.308+0000][gc,phases   ] GC(1)   Other: 0.1ms
[2026-01-28T11:10:42.308+0000][gc,heap     ] GC(1) Eden regions: 44->0(62)
[2026-01-28T11:10:42.308+0000][gc,heap     ] GC(1) Survivor regions: 7->3(7)
[2026-01-28T11:10:42.308+0000][gc,heap     ] GC(1) Old regions: 6->14
[2026-01-28T11:10:42.308+0000][gc,heap     ] GC(1) Humongous regions: 10->10
[2026-01-28T11:10:42.308+0000][gc,metaspace] GC(1) Metaspace: 7925K(8256K)->7925K(8256K) NonClass: 7035K(7232K)->7035K(7232K) Class: 890K(1024K)->890K(1024K)
[2026-01-28T11:10:42.308+0000][gc          ] GC(1) Pause Young (Normal) (G1 Evacuation Pause) 66M->26M(1024M) 4.998ms
[2026-01-28T11:10:42.308+0000][gc,cpu      ] GC(1) User=0.02s Sys=0.01s Real=0.01s
[2026-01-28T11:10:42.502+0000][gc,start    ] GC(2) Pause Young (Normal) (G1 Evacuation Pause)
[2026-01-28T11:10:42.502+0000][gc,task     ] GC(2) Using 10 workers of 10 for evacuation
[2026-01-28T11:10:42.504+0000][gc,phases   ] GC(2)   Pre Evacuate Collection Set: 0.2ms
[2026-01-28T11:10:42.504+0000][gc,phases   ] GC(2)   Merge Heap Roots: 0.1ms
[2026-01-28T11:10:42.504+0000][gc,phases   ] GC(2)   Evacuate Collection Set: 1.3ms
[2026-01-28T11:10:42.504+0000][gc,phases   ] GC(2)   Post Evacuate Collection Set: 0.4ms
[2026-01-28T11:10:42.505+0000][gc,phases   ] GC(2)   Other: 0.1ms
[2026-01-28T11:10:42.505+0000][gc,heap     ] GC(2) Eden regions: 70->0(420)
[2026-01-28T11:10:42.505+0000][gc,heap     ] GC(2) Survivor regions: 3->5(10)
[2026-01-28T11:10:42.505+0000][gc,heap     ] GC(2) Old regions: 14->14
[2026-01-28T11:10:42.505+0000][gc,heap     ] GC(2) Humongous regions: 10->10
[2026-01-28T11:10:42.505+0000][gc,metaspace] GC(2) Metaspace: 9155K(9472K)->9155K(9472K) NonClass: 8100K(8256K)->8100K(8256K) Class: 1054K(1216K)->1054K(1216K)
[2026-01-28T11:10:42.505+0000][gc          ] GC(2) Pause Young (Normal) (G1 Evacuation Pause) 96M->28M(1024M) 2.691ms
[2026-01-28T11:10:42.505+0000][gc,cpu      ] GC(2) User=0.01s Sys=0.00s Real=0.00s
[2026-01-28T11:11:32.206+0000][gc,start    ] GC(3) Pause Young (Normal) (G1 Evacuation Pause)
[2026-01-28T11:11:32.207+0000][gc,task     ] GC(3) Using 10 workers of 10 for evacuation
[2026-01-28T11:11:32.214+0000][gc,phases   ] GC(3)   Pre Evacuate Collection Set: 1.0ms
[2026-01-28T11:11:32.214+0000][gc,phases   ] GC(3)   Merge Heap Roots: 0.3ms
[2026-01-28T11:11:32.214+0000][gc,phases   ] GC(3)   Evacuate Collection Set: 4.8ms
[2026-01-28T11:11:32.214+0000][gc,phases   ] GC(3)   Post Evacuate Collection Set: 0.8ms
[2026-01-28T11:11:32.214+0000][gc,phases   ] GC(3)   Other: 0.3ms
[2026-01-28T11:11:32.214+0000][gc,heap     ] GC(3) Eden regions: 451->0(609)
[2026-01-28T11:11:32.214+0000][gc,heap     ] GC(3) Survivor regions: 5->5(57)
[2026-01-28T11:11:32.214+0000][gc,heap     ] GC(3) Old regions: 14->14
[2026-01-28T11:11:32.214+0000][gc,heap     ] GC(3) Humongous regions: 10->10
[2026-01-28T11:11:32.214+0000][gc,metaspace] GC(3) Metaspace: 11216K(11584K)->11216K(11584K) NonClass: 10097K(10304K)->10097K(10304K) Class: 1118K(1280K)->1118K(1280K)
[2026-01-28T11:11:32.215+0000][gc          ] GC(3) Pause Young (Normal) (G1 Evacuation Pause) 479M->28M(1024M) 8.361ms
[2026-01-28T11:11:32.215+0000][gc,cpu      ] GC(3) User=0.06s Sys=0.01s Real=0.01s
[2026-01-28T11:12:22.345+0000][gc,start    ] GC(4) Pause Young (Normal) (G1 Evacuation Pause)
[2026-01-28T11:12:22.346+0000][gc,task     ] GC(4) Using 10 workers of 10 for evacuation
[2026-01-28T11:12:22.350+0000][gc,phases   ] GC(4)   Pre Evacuate Collection Set: 0.5ms
[2026-01-28T11:12:22.350+0000][gc,phases   ] GC(4)   Merge Heap Roots: 0.2ms
[2026-01-28T11:12:22.350+0000][gc,phases   ] GC(4)   Evacuate Collection Set: 3.3ms
[2026-01-28T11:12:22.351+0000][gc,phases   ] GC(4)   Post Evacuate Collection Set: 0.6ms
[2026-01-28T11:12:22.351+0000][gc,phases   ] GC(4)   Other: 0.1ms
[2026-01-28T11:12:22.351+0000][gc,heap     ] GC(4) Eden regions: 609->0(607)
[2026-01-28T11:12:22.351+0000][gc,heap     ] GC(4) Survivor regions: 5->7(77)
[2026-01-28T11:12:22.351+0000][gc,heap     ] GC(4) Old regions: 14->14
[2026-01-28T11:12:22.351+0000][gc,heap     ] GC(4) Humongous regions: 10->10
[2026-01-28T11:12:22.351+0000][gc,metaspace] GC(4) Metaspace: 11455K(11776K)->11455K(11776K) NonClass: 10326K(10432K)->10326K(10432K) Class: 1128K(1344K)->1128K(1344K)
[2026-01-28T11:12:22.351+0000][gc          ] GC(4) Pause Young (Normal) (G1 Evacuation Pause) 637M->30M(1024M) 5.412ms
[2026-01-28T11:12:22.351+0000][gc,cpu      ] GC(4) User=0.03s Sys=0.01s Real=0.01s
[2026-01-28T11:13:22.254+0000][gc,start    ] GC(5) Pause Young (Normal) (G1 Evacuation Pause)
[2026-01-28T11:13:22.255+0000][gc,task     ] GC(5) Using 10 workers of 10 for evacuation
[2026-01-28T11:13:22.262+0000][gc,phases   ] GC(5)   Pre Evacuate Collection Set: 0.5ms
[2026-01-28T11:13:22.263+0000][gc,phases   ] GC(5)   Merge Heap Roots: 0.2ms
[2026-01-28T11:13:22.263+0000][gc,phases   ] GC(5)   Evacuate Collection Set: 5.7ms
[2026-01-28T11:13:22.263+0000][gc,phases   ] GC(5)   Post Evacuate Collection Set: 0.7ms
[2026-01-28T11:13:22.263+0000][gc,phases   ] GC(5)   Other: 0.2ms
[2026-01-28T11:13:22.263+0000][gc,heap     ] GC(5) Eden regions: 607->0(608)
[2026-01-28T11:13:22.263+0000][gc,heap     ] GC(5) Survivor regions: 7->6(77)
[2026-01-28T11:13:22.263+0000][gc,heap     ] GC(5) Old regions: 14->14
[2026-01-28T11:13:22.263+0000][gc,heap     ] GC(5) Humongous regions: 10->10
[2026-01-28T11:13:22.263+0000][gc,metaspace] GC(5) Metaspace: 11683K(12032K)->11683K(12032K) NonClass: 10545K(10688K)->10545K(10688K) Class: 1137K(1344K)->1137K(1344K)
[2026-01-28T11:13:22.263+0000][gc          ] GC(5) Pause Young (Normal) (G1 Evacuation Pause) 637M->29M(1024M) 8.780ms
[2026-01-28T11:13:22.263+0000][gc,cpu      ] GC(5) User=0.05s Sys=0.00s Real=0.01s
[2026-01-28T11:14:22.186+0000][gc,start    ] GC(6) Pause Young (Normal) (G1 Evacuation Pause)
[2026-01-28T11:14:22.188+0000][gc,task     ] GC(6) Using 10 workers of 10 for evacuation
[2026-01-28T11:14:22.197+0000][gc,phases   ] GC(6)   Pre Evacuate Collection Set: 1.4ms
[2026-01-28T11:14:22.197+0000][gc,phases   ] GC(6)   Merge Heap Roots: 0.5ms
[2026-01-28T11:14:22.198+0000][gc,phases   ] GC(6)   Evacuate Collection Set: 6.5ms
[2026-01-28T11:14:22.198+0000][gc,phases   ] GC(6)   Post Evacuate Collection Set: 1.1ms
[2026-01-28T11:14:22.198+0000][gc,phases   ] GC(6)   Other: 0.3ms
[2026-01-28T11:14:22.198+0000][gc,heap     ] GC(6) Eden regions: 608->0(608)
[2026-01-28T11:14:22.198+0000][gc,heap     ] GC(6) Survivor regions: 6->6(77)
[2026-01-28T11:14:22.198+0000][gc,heap     ] GC(6) Old regions: 14->14
[2026-01-28T11:14:22.198+0000][gc,heap     ] GC(6) Humongous regions: 10->10
[2026-01-28T11:14:22.198+0000][gc,metaspace] GC(6) Metaspace: 11813K(12160K)->11813K(12160K) NonClass: 10675K(10816K)->10675K(10816K) Class: 1137K(1344K)->1137K(1344K)
[2026-01-28T11:14:22.198+0000][gc          ] GC(6) Pause Young (Normal) (G1 Evacuation Pause) 637M->29M(1024M) 12.298ms
[2026-01-28T11:14:22.198+0000][gc,cpu      ] GC(6) User=0.08s Sys=0.01s Real=0.02s
[2026-01-28T11:15:12.347+0000][gc,start    ] GC(7) Pause Young (Normal) (G1 Evacuation Pause)
[2026-01-28T11:15:12.348+0000][gc,task     ] GC(7) Using 10 workers of 10 for evacuation
[2026-01-28T11:15:12.364+0000][gc,phases   ] GC(7)   Pre Evacuate Collection Set: 0.6ms
[2026-01-28T11:15:12.365+0000][gc,phases   ] GC(7)   Merge Heap Roots: 0.2ms
[2026-01-28T11:15:12.365+0000][gc,phases   ] GC(7)   Evacuate Collection Set: 13.6ms
[2026-01-28T11:15:12.365+0000][gc,phases   ] GC(7)   Post Evacuate Collection Set: 1.9ms
[2026-01-28T11:15:12.365+0000][gc,phases   ] GC(7)   Other: 0.2ms
[2026-01-28T11:15:12.365+0000][gc,heap     ] GC(7) Eden regions: 608->0(606)
[2026-01-28T11:15:12.365+0000][gc,heap     ] GC(7) Survivor regions: 6->8(77)
[2026-01-28T11:15:12.365+0000][gc,heap     ] GC(7) Old regions: 14->14
[2026-01-28T11:15:12.365+0000][gc,heap     ] GC(7) Humongous regions: 10->10
[2026-01-28T11:15:12.365+0000][gc,metaspace] GC(7) Metaspace: 11964K(12352K)->11964K(12352K) NonClass: 10825K(11008K)->10825K(11008K) Class: 1138K(1344K)->1138K(1344K)
[2026-01-28T11:15:12.365+0000][gc          ] GC(7) Pause Young (Normal) (G1 Evacuation Pause) 637M->30M(1024M) 17.722ms
[2026-01-28T11:15:12.365+0000][gc,cpu      ] GC(7) User=0.13s Sys=0.01s Real=0.02s
[2026-01-28T11:16:12.284+0000][gc,start    ] GC(8) Pause Young (Normal) (G1 Evacuation Pause)
[2026-01-28T11:16:12.285+0000][gc,task     ] GC(8) Using 10 workers of 10 for evacuation
[2026-01-28T11:16:12.298+0000][gc,phases   ] GC(8)   Pre Evacuate Collection Set: 0.8ms
[2026-01-28T11:16:12.298+0000][gc,phases   ] GC(8)   Merge Heap Roots: 0.2ms
[2026-01-28T11:16:12.298+0000][gc,phases   ] GC(8)   Evacuate Collection Set: 10.7ms
[2026-01-28T11:16:12.299+0000][gc,phases   ] GC(8)   Post Evacuate Collection Set: 1.5ms
[2026-01-28T11:16:12.299+0000][gc,phases   ] GC(8)   Other: 0.2ms
[2026-01-28T11:16:12.299+0000][gc,heap     ] GC(8) Eden regions: 606->0(607)
[2026-01-28T11:16:12.299+0000][gc,heap     ] GC(8) Survivor regions: 8->7(77)
[2026-01-28T11:16:12.299+0000][gc,heap     ] GC(8) Old regions: 14->14
[2026-01-28T11:16:12.299+0000][gc,heap     ] GC(8) Humongous regions: 10->10
[2026-01-28T11:16:12.299+0000][gc,metaspace] GC(8) Metaspace: 12057K(12416K)->12057K(12416K) NonClass: 10914K(11072K)->10914K(11072K) Class: 1142K(1344K)->1142K(1344K)
[2026-01-28T11:16:12.299+0000][gc          ] GC(8) Pause Young (Normal) (G1 Evacuation Pause) 636M->30M(1024M) 15.219ms
[2026-01-28T11:16:12.299+0000][gc,cpu      ] GC(8) User=0.11s Sys=0.00s Real=0.02s
[2026-01-28T11:17:12.225+0000][gc,start    ] GC(9) Pause Young (Normal) (G1 Evacuation Pause)
[2026-01-28T11:17:12.226+0000][gc,task     ] GC(9) Using 10 workers of 10 for evacuation
[2026-01-28T11:17:12.232+0000][gc,phases   ] GC(9)   Pre Evacuate Collection Set: 0.9ms
[2026-01-28T11:17:12.232+0000][gc,phases   ] GC(9)   Merge Heap Roots: 0.1ms
[2026-01-28T11:17:12.232+0000][gc,phases   ] GC(9)   Evacuate Collection Set: 4.3ms
[2026-01-28T11:17:12.232+0000][gc,phases   ] GC(9)   Post Evacuate Collection Set: 0.8ms
[2026-01-28T11:17:12.232+0000][gc,phases   ] GC(9)   Other: 0.2ms
[2026-01-28T11:17:12.232+0000][gc,heap     ] GC(9) Eden regions: 607->0(608)
[2026-01-28T11:17:12.232+0000][gc,heap     ] GC(9) Survivor regions: 7->6(77)
[2026-01-28T11:17:12.232+0000][gc,heap     ] GC(9) Old regions: 14->14
[2026-01-28T11:17:12.232+0000][gc,heap     ] GC(9) Humongous regions: 10->10
[2026-01-28T11:17:12.232+0000][gc,metaspace] GC(9) Metaspace: 12102K(12480K)->12102K(12480K) NonClass: 10959K(11136K)->10959K(11136K) Class: 1142K(1344K)->1142K(1344K)
[2026-01-28T11:17:12.232+0000][gc          ] GC(9) Pause Young (Normal) (G1 Evacuation Pause) 637M->29M(1024M) 7.059ms
[2026-01-28T11:17:12.232+0000][gc,cpu      ] GC(9) User=0.04s Sys=0.01s Real=0.01s
[2026-01-28T11:18:02.367+0000][gc,start    ] GC(10) Pause Young (Normal) (G1 Evacuation Pause)
[2026-01-28T11:18:02.368+0000][gc,task     ] GC(10) Using 10 workers of 10 for evacuation
[2026-01-28T11:18:02.373+0000][gc,phases   ] GC(10)   Pre Evacuate Collection Set: 0.5ms
[2026-01-28T11:18:02.373+0000][gc,phases   ] GC(10)   Merge Heap Roots: 0.2ms
[2026-01-28T11:18:02.373+0000][gc,phases   ] GC(10)   Evacuate Collection Set: 3.4ms
[2026-01-28T11:18:02.373+0000][gc,phases   ] GC(10)   Post Evacuate Collection Set: 0.7ms
[2026-01-28T11:18:02.373+0000][gc,phases   ] GC(10)   Other: 0.1ms
[2026-01-28T11:18:02.373+0000][gc,heap     ] GC(10) Eden regions: 608->0(606)
[2026-01-28T11:18:02.373+0000][gc,heap     ] GC(10) Survivor regions: 6->8(77)
[2026-01-28T11:18:02.373+0000][gc,heap     ] GC(10) Old regions: 14->14
[2026-01-28T11:18:02.373+0000][gc,heap     ] GC(10) Humongous regions: 10->10
[2026-01-28T11:18:02.373+0000][gc,metaspace] GC(10) Metaspace: 12152K(12544K)->12152K(12544K) NonClass: 11006K(11200K)->11006K(11200K) Class: 1145K(1344K)->1145K(1344K)
[2026-01-28T11:18:02.373+0000][gc          ] GC(10) Pause Young (Normal) (G1 Evacuation Pause) 637M->31M(1024M) 5.591ms
[2026-01-28T11:18:02.373+0000][gc,cpu      ] GC(10) User=0.04s Sys=0.01s Real=0.00s
[2026-01-28T11:19:02.323+0000][gc,start    ] GC(11) Pause Young (Normal) (G1 Evacuation Pause)
[2026-01-28T11:19:02.324+0000][gc,task     ] GC(11) Using 10 workers of 10 for evacuation
[2026-01-28T11:19:02.329+0000][gc,phases   ] GC(11)   Pre Evacuate Collection Set: 0.5ms
[2026-01-28T11:19:02.329+0000][gc,phases   ] GC(11)   Merge Heap Roots: 0.2ms
[2026-01-28T11:19:02.330+0000][gc,phases   ] GC(11)   Evacuate Collection Set: 3.7ms
[2026-01-28T11:19:02.330+0000][gc,phases   ] GC(11)   Post Evacuate Collection Set: 0.7ms
[2026-01-28T11:19:02.330+0000][gc,phases   ] GC(11)   Other: 0.1ms
[2026-01-28T11:19:02.330+0000][gc,heap     ] GC(11) Eden regions: 606->0(606)
[2026-01-28T11:19:02.330+0000][gc,heap     ] GC(11) Survivor regions: 8->8(77)
[2026-01-28T11:19:02.330+0000][gc,heap     ] GC(11) Old regions: 14->14
[2026-01-28T11:19:02.330+0000][gc,heap     ] GC(11) Humongous regions: 10->10
[2026-01-28T11:19:02.330+0000][gc,metaspace] GC(11) Metaspace: 12194K(12544K)->12194K(12544K) NonClass: 11047K(11200K)->11047K(11200K) Class: 1146K(1344K)->1146K(1344K)
[2026-01-28T11:19:02.330+0000][gc          ] GC(11) Pause Young (Normal) (G1 Evacuation Pause) 637M->30M(1024M) 6.775ms
[2026-01-28T11:19:02.330+0000][gc,cpu      ] GC(11) User=0.04s Sys=0.00s Real=0.00s
[2026-01-28T11:20:02.275+0000][gc,start    ] GC(12) Pause Young (Normal) (G1 Evacuation Pause)
[2026-01-28T11:20:02.276+0000][gc,task     ] GC(12) Using 10 workers of 10 for evacuation
[2026-01-28T11:20:02.281+0000][gc,phases   ] GC(12)   Pre Evacuate Collection Set: 0.5ms
[2026-01-28T11:20:02.282+0000][gc,phases   ] GC(12)   Merge Heap Roots: 0.2ms
[2026-01-28T11:20:02.282+0000][gc,phases   ] GC(12)   Evacuate Collection Set: 4.1ms
[2026-01-28T11:20:02.282+0000][gc,phases   ] GC(12)   Post Evacuate Collection Set: 0.8ms
[2026-01-28T11:20:02.282+0000][gc,phases   ] GC(12)   Other: 0.2ms
[2026-01-28T11:20:02.282+0000][gc,heap     ] GC(12) Eden regions: 606->0(607)
[2026-01-28T11:20:02.282+0000][gc,heap     ] GC(12) Survivor regions: 8->7(77)
[2026-01-28T11:20:02.282+0000][gc,heap     ] GC(12) Old regions: 14->14
[2026-01-28T11:20:02.282+0000][gc,heap     ] GC(12) Humongous regions: 10->10
[2026-01-28T11:20:02.282+0000][gc,metaspace] GC(12) Metaspace: 12231K(12544K)->12231K(12544K) NonClass: 11085K(11200K)->11085K(11200K) Class: 1146K(1344K)->1146K(1344K)
[2026-01-28T11:20:02.282+0000][gc          ] GC(12) Pause Young (Normal) (G1 Evacuation Pause) 636M->30M(1024M) 7.479ms
[2026-01-28T11:20:02.282+0000][gc,cpu      ] GC(12) User=0.04s Sys=0.01s Real=0.01s
[2026-01-28T11:21:02.198+0000][gc,start    ] GC(13) Pause Young (Normal) (G1 Evacuation Pause)
[2026-01-28T11:21:02.199+0000][gc,task     ] GC(13) Using 10 workers of 10 for evacuation
[2026-01-28T11:21:02.211+0000][gc,phases   ] GC(13)   Pre Evacuate Collection Set: 1.4ms
[2026-01-28T11:21:02.211+0000][gc,phases   ] GC(13)   Merge Heap Roots: 0.3ms
[2026-01-28T11:21:02.211+0000][gc,phases   ] GC(13)   Evacuate Collection Set: 7.8ms
[2026-01-28T11:21:02.211+0000][gc,phases   ] GC(13)   Post Evacuate Collection Set: 1.3ms
[2026-01-28T11:21:02.211+0000][gc,phases   ] GC(13)   Other: 0.4ms
[2026-01-28T11:21:02.211+0000][gc,heap     ] GC(13) Eden regions: 607->0(607)
[2026-01-28T11:21:02.211+0000][gc,heap     ] GC(13) Survivor regions: 7->7(77)
[2026-01-28T11:21:02.211+0000][gc,heap     ] GC(13) Old regions: 14->14
[2026-01-28T11:21:02.211+0000][gc,heap     ] GC(13) Humongous regions: 10->10
[2026-01-28T11:21:02.211+0000][gc,metaspace] GC(13) Metaspace: 12249K(12608K)->12249K(12608K) NonClass: 11103K(11264K)->11103K(11264K) Class: 1146K(1344K)->1146K(1344K)
[2026-01-28T11:21:02.212+0000][gc          ] GC(13) Pause Young (Normal) (G1 Evacuation Pause) 637M->29M(1024M) 13.696ms
[2026-01-28T11:21:02.212+0000][gc,cpu      ] GC(13) User=0.09s Sys=0.00s Real=0.02s
[2026-01-28T11:21:52.353+0000][gc,start    ] GC(14) Pause Young (Normal) (G1 Evacuation Pause)
[2026-01-28T11:21:52.354+0000][gc,task     ] GC(14) Using 10 workers of 10 for evacuation
[2026-01-28T11:21:52.361+0000][gc,phases   ] GC(14)   Pre Evacuate Collection Set: 0.6ms
[2026-01-28T11:21:52.361+0000][gc,phases   ] GC(14)   Merge Heap Roots: 0.1ms
[2026-01-28T11:21:52.361+0000][gc,phases   ] GC(14)   Evacuate Collection Set: 5.0ms
[2026-01-28T11:21:52.361+0000][gc,phases   ] GC(14)   Post Evacuate Collection Set: 0.9ms
[2026-01-28T11:21:52.361+0000][gc,phases   ] GC(14)   Other: 0.1ms
[2026-01-28T11:21:52.361+0000][gc,heap     ] GC(14) Eden regions: 607->0(606)
[2026-01-28T11:21:52.361+0000][gc,heap     ] GC(14) Survivor regions: 7->8(77)
[2026-01-28T11:21:52.361+0000][gc,heap     ] GC(14) Old regions: 14->14
[2026-01-28T11:21:52.361+0000][gc,heap     ] GC(14) Humongous regions: 10->10
[2026-01-28T11:21:52.361+0000][gc,metaspace] GC(14) Metaspace: 12325K(12672K)->12325K(12672K) NonClass: 11174K(11328K)->11174K(11328K) Class: 1150K(1344K)->1150K(1344K)
[2026-01-28T11:21:52.361+0000][gc          ] GC(14) Pause Young (Normal) (G1 Evacuation Pause) 636M->31M(1024M) 8.257ms
[2026-01-28T11:21:52.361+0000][gc,cpu      ] GC(14) User=0.05s Sys=0.01s Real=0.00s
[2026-01-28T11:22:52.294+0000][gc,start    ] GC(15) Pause Young (Normal) (G1 Evacuation Pause)
[2026-01-28T11:22:52.295+0000][gc,task     ] GC(15) Using 10 workers of 10 for evacuation
[2026-01-28T11:22:52.312+0000][gc,phases   ] GC(15)   Pre Evacuate Collection Set: 1.2ms
[2026-01-28T11:22:52.312+0000][gc,phases   ] GC(15)   Merge Heap Roots: 0.9ms
[2026-01-28T11:22:52.312+0000][gc,phases   ] GC(15)   Evacuate Collection Set: 13.9ms
[2026-01-28T11:22:52.312+0000][gc,phases   ] GC(15)   Post Evacuate Collection Set: 1.0ms
[2026-01-28T11:22:52.312+0000][gc,phases   ] GC(15)   Other: 0.3ms
[2026-01-28T11:22:52.312+0000][gc,heap     ] GC(15) Eden regions: 606->0(606)
[2026-01-28T11:22:52.312+0000][gc,heap     ] GC(15) Survivor regions: 8->8(77)
[2026-01-28T11:22:52.312+0000][gc,heap     ] GC(15) Old regions: 14->14
[2026-01-28T11:22:52.313+0000][gc,heap     ] GC(15) Humongous regions: 10->10
[2026-01-28T11:22:52.313+0000][gc,metaspace] GC(15) Metaspace: 12338K(12672K)->12338K(12672K) NonClass: 11187K(11328K)->11187K(11328K) Class: 1150K(1344K)->1150K(1344K)
[2026-01-28T11:22:52.313+0000][gc          ] GC(15) Pause Young (Normal) (G1 Evacuation Pause) 637M->31M(1024M) 18.480ms
[2026-01-28T11:22:52.313+0000][gc,cpu      ] GC(15) User=0.15s Sys=0.00s Real=0.02s
[2026-01-28T11:23:52.249+0000][gc,start    ] GC(16) Pause Young (Normal) (G1 Evacuation Pause)
[2026-01-28T11:23:52.250+0000][gc,task     ] GC(16) Using 10 workers of 10 for evacuation
[2026-01-28T11:23:52.267+0000][gc,phases   ] GC(16)   Pre Evacuate Collection Set: 0.7ms
[2026-01-28T11:23:52.268+0000][gc,phases   ] GC(16)   Merge Heap Roots: 0.2ms
[2026-01-28T11:23:52.268+0000][gc,phases   ] GC(16)   Evacuate Collection Set: 14.8ms
[2026-01-28T11:23:52.268+0000][gc,phases   ] GC(16)   Post Evacuate Collection Set: 1.0ms
[2026-01-28T11:23:52.268+0000][gc,phases   ] GC(16)   Other: 0.3ms
[2026-01-28T11:23:52.268+0000][gc,heap     ] GC(16) Eden regions: 606->0(609)
[2026-01-28T11:23:52.268+0000][gc,heap     ] GC(16) Survivor regions: 8->5(77)
[2026-01-28T11:23:52.268+0000][gc,heap     ] GC(16) Old regions: 14->16
[2026-01-28T11:23:52.268+0000][gc,heap     ] GC(16) Humongous regions: 10->10
[2026-01-28T11:23:52.268+0000][gc,metaspace] GC(16) Metaspace: 12351K(12672K)->12351K(12672K) NonClass: 11200K(11328K)->11200K(11328K) Class: 1150K(1344K)->1150K(1344K)
[2026-01-28T11:23:52.268+0000][gc          ] GC(16) Pause Young (Normal) (G1 Evacuation Pause) 637M->29M(1024M) 18.764ms
[2026-01-28T11:23:52.268+0000][gc,cpu      ] GC(16) User=0.13s Sys=0.02s Real=0.02s
[2026-01-28T11:24:42.439+0000][gc,start    ] GC(17) Pause Young (Normal) (G1 Evacuation Pause)
[2026-01-28T11:24:42.439+0000][gc,task     ] GC(17) Using 10 workers of 10 for evacuation
[2026-01-28T11:24:42.444+0000][gc,phases   ] GC(17)   Pre Evacuate Collection Set: 0.6ms
[2026-01-28T11:24:42.445+0000][gc,phases   ] GC(17)   Merge Heap Roots: 0.2ms
[2026-01-28T11:24:42.445+0000][gc,phases   ] GC(17)   Evacuate Collection Set: 3.4ms
[2026-01-28T11:24:42.445+0000][gc,phases   ] GC(17)   Post Evacuate Collection Set: 0.7ms
[2026-01-28T11:24:42.445+0000][gc,phases   ] GC(17)   Other: 0.2ms
[2026-01-28T11:24:42.445+0000][gc,heap     ] GC(17) Eden regions: 609->0(608)
[2026-01-28T11:24:42.445+0000][gc,heap     ] GC(17) Survivor regions: 5->6(77)
[2026-01-28T11:24:42.445+0000][gc,heap     ] GC(17) Old regions: 16->17
[2026-01-28T11:24:42.445+0000][gc,heap     ] GC(17) Humongous regions: 10->10
[2026-01-28T11:24:42.445+0000][gc,metaspace] GC(17) Metaspace: 12380K(12736K)->12380K(12736K) NonClass: 11229K(11392K)->11229K(11392K) Class: 1151K(1344K)->1151K(1344K)
[2026-01-28T11:24:42.445+0000][gc          ] GC(17) Pause Young (Normal) (G1 Evacuation Pause) 638M->31M(1024M) 6.292ms
[2026-01-28T11:24:42.445+0000][gc,cpu      ] GC(17) User=0.04s Sys=0.01s Real=0.01s
[2026-01-28T11:25:42.321+0000][gc,start    ] GC(18) Pause Young (Normal) (G1 Evacuation Pause)
[2026-01-28T11:25:42.321+0000][gc,task     ] GC(18) Using 10 workers of 10 for evacuation
[2026-01-28T11:25:42.325+0000][gc,phases   ] GC(18)   Pre Evacuate Collection Set: 0.6ms
[2026-01-28T11:25:42.326+0000][gc,phases   ] GC(18)   Merge Heap Roots: 0.2ms
[2026-01-28T11:25:42.326+0000][gc,phases   ] GC(18)   Evacuate Collection Set: 2.9ms
[2026-01-28T11:25:42.326+0000][gc,phases   ] GC(18)   Post Evacuate Collection Set: 0.7ms
[2026-01-28T11:25:42.326+0000][gc,phases   ] GC(18)   Other: 0.1ms
[2026-01-28T11:25:42.326+0000][gc,heap     ] GC(18) Eden regions: 608->0(609)
[2026-01-28T11:25:42.326+0000][gc,heap     ] GC(18) Survivor regions: 6->5(77)
[2026-01-28T11:25:42.326+0000][gc,heap     ] GC(18) Old regions: 17->18
[2026-01-28T11:25:42.326+0000][gc,heap     ] GC(18) Humongous regions: 10->10
[2026-01-28T11:25:42.326+0000][gc,metaspace] GC(18) Metaspace: 12420K(12800K)->12420K(12800K) NonClass: 11268K(11456K)->11268K(11456K) Class: 1151K(1344K)->1151K(1344K)
[2026-01-28T11:25:42.326+0000][gc          ] GC(18) Pause Young (Normal) (G1 Evacuation Pause) 639M->31M(1024M) 5.250ms
[2026-01-28T11:25:42.326+0000][gc,cpu      ] GC(18) User=0.03s Sys=0.00s Real=0.01s
[2026-01-28T11:26:42.286+0000][gc,start    ] GC(19) Pause Young (Normal) (G1 Evacuation Pause)
[2026-01-28T11:26:42.288+0000][gc,task     ] GC(19) Using 10 workers of 10 for evacuation
[2026-01-28T11:26:42.300+0000][gc,phases   ] GC(19)   Pre Evacuate Collection Set: 2.1ms
[2026-01-28T11:26:42.300+0000][gc,phases   ] GC(19)   Merge Heap Roots: 0.4ms
[2026-01-28T11:26:42.300+0000][gc,phases   ] GC(19)   Evacuate Collection Set: 6.9ms
[2026-01-28T11:26:42.300+0000][gc,phases   ] GC(19)   Post Evacuate Collection Set: 1.3ms
[2026-01-28T11:26:42.300+0000][gc,phases   ] GC(19)   Other: 1.3ms
[2026-01-28T11:26:42.300+0000][gc,heap     ] GC(19) Eden regions: 609->0(610)
[2026-01-28T11:26:42.300+0000][gc,heap     ] GC(19) Survivor regions: 5->4(77)
[2026-01-28T11:26:42.300+0000][gc,heap     ] GC(19) Old regions: 18->18
[2026-01-28T11:26:42.300+0000][gc,heap     ] GC(19) Humongous regions: 10->10
[2026-01-28T11:26:42.300+0000][gc,metaspace] GC(19) Metaspace: 12448K(12800K)->12448K(12800K) NonClass: 11296K(11456K)->11296K(11456K) Class: 1151K(1344K)->1151K(1344K)
[2026-01-28T11:26:42.300+0000][gc          ] GC(19) Pause Young (Normal) (G1 Evacuation Pause) 640M->30M(1024M) 14.714ms
[2026-01-28T11:26:42.300+0000][gc,cpu      ] GC(19) User=0.09s Sys=0.01s Real=0.01s
[2026-01-28T11:27:42.228+0000][gc,start    ] GC(20) Pause Young (Normal) (G1 Evacuation Pause)
[2026-01-28T11:27:42.229+0000][gc,task     ] GC(20) Using 10 workers of 10 for evacuation
[2026-01-28T11:27:42.236+0000][gc,phases   ] GC(20)   Pre Evacuate Collection Set: 2.4ms
[2026-01-28T11:27:42.236+0000][gc,phases   ] GC(20)   Merge Heap Roots: 0.3ms
[2026-01-28T11:27:42.237+0000][gc,phases   ] GC(20)   Evacuate Collection Set: 3.2ms
[2026-01-28T11:27:42.237+0000][gc,phases   ] GC(20)   Post Evacuate Collection Set: 0.9ms
[2026-01-28T11:27:42.237+0000][gc,phases   ] GC(20)   Other: 0.6ms
[2026-01-28T11:27:42.237+0000][gc,heap     ] GC(20) Eden regions: 610->0(611)
[2026-01-28T11:27:42.237+0000][gc,heap     ] GC(20) Survivor regions: 4->3(77)
[2026-01-28T11:27:42.237+0000][gc,heap     ] GC(20) Old regions: 18->18
[2026-01-28T11:27:42.237+0000][gc,heap     ] GC(20) Humongous regions: 10->10
[2026-01-28T11:27:42.237+0000][gc,metaspace] GC(20) Metaspace: 12493K(12864K)->12493K(12864K) NonClass: 11341K(11520K)->11341K(11520K) Class: 1151K(1344K)->1151K(1344K)
[2026-01-28T11:27:42.237+0000][gc          ] GC(20) Pause Young (Normal) (G1 Evacuation Pause) 640M->30M(1024M) 9.345ms
[2026-01-28T11:27:42.237+0000][gc,cpu      ] GC(20) User=0.05s Sys=0.01s Real=0.01s
[2026-01-28T11:28:32.414+0000][gc,start    ] GC(21) Pause Young (Normal) (G1 Evacuation Pause)
[2026-01-28T11:28:32.415+0000][gc,task     ] GC(21) Using 10 workers of 10 for evacuation
[2026-01-28T11:28:32.419+0000][gc,phases   ] GC(21)   Pre Evacuate Collection Set: 0.7ms
[2026-01-28T11:28:32.419+0000][gc,phases   ] GC(21)   Merge Heap Roots: 0.2ms
[2026-01-28T11:28:32.419+0000][gc,phases   ] GC(21)   Evacuate Collection Set: 2.0ms
[2026-01-28T11:28:32.419+0000][gc,phases   ] GC(21)   Post Evacuate Collection Set: 0.7ms
[2026-01-28T11:28:32.419+0000][gc,phases   ] GC(21)   Other: 0.2ms
[2026-01-28T11:28:32.419+0000][gc,heap     ] GC(21) Eden regions: 611->0(609)
[2026-01-28T11:28:32.419+0000][gc,heap     ] GC(21) Survivor regions: 3->5(77)
[2026-01-28T11:28:32.419+0000][gc,heap     ] GC(21) Old regions: 18->18
[2026-01-28T11:28:32.419+0000][gc,heap     ] GC(21) Humongous regions: 10->10
[2026-01-28T11:28:32.419+0000][gc,metaspace] GC(21) Metaspace: 12502K(12928K)->12502K(12928K) NonClass: 11350K(11584K)->11350K(11584K) Class: 1151K(1344K)->1151K(1344K)
[2026-01-28T11:28:32.419+0000][gc          ] GC(21) Pause Young (Normal) (G1 Evacuation Pause) 641M->31M(1024M) 5.426ms
[2026-01-28T11:28:32.419+0000][gc,cpu      ] GC(21) User=0.03s Sys=0.00s Real=0.01s
[2026-01-28T11:29:32.329+0000][gc,start    ] GC(22) Pause Young (Normal) (G1 Evacuation Pause)
[2026-01-28T11:29:32.329+0000][gc,task     ] GC(22) Using 10 workers of 10 for evacuation
[2026-01-28T11:29:32.333+0000][gc,phases   ] GC(22)   Pre Evacuate Collection Set: 0.6ms
[2026-01-28T11:29:32.333+0000][gc,phases   ] GC(22)   Merge Heap Roots: 0.2ms
[2026-01-28T11:29:32.333+0000][gc,phases   ] GC(22)   Evacuate Collection Set: 2.1ms
[2026-01-28T11:29:32.333+0000][gc,phases   ] GC(22)   Post Evacuate Collection Set: 0.7ms
[2026-01-28T11:29:32.333+0000][gc,phases   ] GC(22)   Other: 0.1ms
[2026-01-28T11:29:32.333+0000][gc,heap     ] GC(22) Eden regions: 609->0(610)
[2026-01-28T11:29:32.333+0000][gc,heap     ] GC(22) Survivor regions: 5->4(77)
[2026-01-28T11:29:32.333+0000][gc,heap     ] GC(22) Old regions: 18->18
[2026-01-28T11:29:32.333+0000][gc,heap     ] GC(22) Humongous regions: 10->10
[2026-01-28T11:29:32.333+0000][gc,metaspace] GC(22) Metaspace: 12504K(12928K)->12504K(12928K) NonClass: 11352K(11584K)->11352K(11584K) Class: 1151K(1344K)->1151K(1344K)
[2026-01-28T11:29:32.333+0000][gc          ] GC(22) Pause Young (Normal) (G1 Evacuation Pause) 640M->31M(1024M) 4.538ms
[2026-01-28T11:29:32.333+0000][gc,cpu      ] GC(22) User=0.03s Sys=0.00s Real=0.00s
[2026-01-28T11:30:32.288+0000][gc,start    ] GC(23) Pause Young (Normal) (G1 Evacuation Pause)
[2026-01-28T11:30:32.289+0000][gc,task     ] GC(23) Using 10 workers of 10 for evacuation
[2026-01-28T11:30:32.293+0000][gc,phases   ] GC(23)   Pre Evacuate Collection Set: 0.6ms
[2026-01-28T11:30:32.293+0000][gc,phases   ] GC(23)   Merge Heap Roots: 0.2ms
[2026-01-28T11:30:32.293+0000][gc,phases   ] GC(23)   Evacuate Collection Set: 2.1ms
[2026-01-28T11:30:32.293+0000][gc,phases   ] GC(23)   Post Evacuate Collection Set: 0.7ms
[2026-01-28T11:30:32.293+0000][gc,phases   ] GC(23)   Other: 0.1ms
[2026-01-28T11:30:32.293+0000][gc,heap     ] GC(23) Eden regions: 610->0(610)
[2026-01-28T11:30:32.293+0000][gc,heap     ] GC(23) Survivor regions: 4->4(77)
[2026-01-28T11:30:32.293+0000][gc,heap     ] GC(23) Old regions: 18->18
[2026-01-28T11:30:32.293+0000][gc,heap     ] GC(23) Humongous regions: 10->10
[2026-01-28T11:30:32.293+0000][gc,metaspace] GC(23) Metaspace: 12541K(12928K)->12541K(12928K) NonClass: 11389K(11584K)->11389K(11584K) Class: 1151K(1344K)->1151K(1344K)
[2026-01-28T11:30:32.293+0000][gc          ] GC(23) Pause Young (Normal) (G1 Evacuation Pause) 641M->31M(1024M) 5.216ms
[2026-01-28T11:30:32.293+0000][gc,cpu      ] GC(23) User=0.02s Sys=0.00s Real=0.00s
[2026-01-28T11:31:32.213+0000][gc,start    ] GC(24) Pause Young (Normal) (G1 Evacuation Pause)
[2026-01-28T11:31:32.214+0000][gc,task     ] GC(24) Using 10 workers of 10 for evacuation
[2026-01-28T11:31:32.219+0000][gc,phases   ] GC(24)   Pre Evacuate Collection Set: 0.9ms
[2026-01-28T11:31:32.219+0000][gc,phases   ] GC(24)   Merge Heap Roots: 0.2ms
[2026-01-28T11:31:32.220+0000][gc,phases   ] GC(24)   Evacuate Collection Set: 3.0ms
[2026-01-28T11:31:32.220+0000][gc,phases   ] GC(24)   Post Evacuate Collection Set: 1.0ms
[2026-01-28T11:31:32.220+0000][gc,phases   ] GC(24)   Other: 0.3ms
[2026-01-28T11:31:32.220+0000][gc,heap     ] GC(24) Eden regions: 610->0(611)
[2026-01-28T11:31:32.220+0000][gc,heap     ] GC(24) Survivor regions: 4->3(77)
[2026-01-28T11:31:32.220+0000][gc,heap     ] GC(24) Old regions: 18->18
[2026-01-28T11:31:32.220+0000][gc,heap     ] GC(24) Humongous regions: 10->10
[2026-01-28T11:31:32.220+0000][gc,metaspace] GC(24) Metaspace: 12554K(12928K)->12554K(12928K) NonClass: 11402K(11584K)->11402K(11584K) Class: 1151K(1344K)->1151K(1344K)
[2026-01-28T11:31:32.220+0000][gc          ] GC(24) Pause Young (Normal) (G1 Evacuation Pause) 641M->30M(1024M) 7.327ms
[2026-01-28T11:31:32.220+0000][gc,cpu      ] GC(24) User=0.03s Sys=0.00s Real=0.01s
[2026-01-28T11:32:22.357+0000][gc,start    ] GC(25) Pause Young (Normal) (G1 Evacuation Pause)
[2026-01-28T11:32:22.360+0000][gc,task     ] GC(25) Using 10 workers of 10 for evacuation
[2026-01-28T11:32:22.363+0000][gc,phases   ] GC(25)   Pre Evacuate Collection Set: 0.7ms
[2026-01-28T11:32:22.363+0000][gc,phases   ] GC(25)   Merge Heap Roots: 0.2ms
[2026-01-28T11:32:22.363+0000][gc,phases   ] GC(25)   Evacuate Collection Set: 1.9ms
[2026-01-28T11:32:22.363+0000][gc,phases   ] GC(25)   Post Evacuate Collection Set: 0.7ms
[2026-01-28T11:32:22.363+0000][gc,phases   ] GC(25)   Other: 0.1ms
[2026-01-28T11:32:22.363+0000][gc,heap     ] GC(25) Eden regions: 611->0(609)
[2026-01-28T11:32:22.363+0000][gc,heap     ] GC(25) Survivor regions: 3->5(77)
[2026-01-28T11:32:22.363+0000][gc,heap     ] GC(25) Old regions: 18->18
[2026-01-28T11:32:22.364+0000][gc,heap     ] GC(25) Humongous regions: 10->10
[2026-01-28T11:32:22.364+0000][gc,metaspace] GC(25) Metaspace: 12793K(13184K)->12793K(13184K) NonClass: 11605K(11776K)->11605K(11776K) Class: 1187K(1408K)->1187K(1408K)
[2026-01-28T11:32:22.364+0000][gc          ] GC(25) Pause Young (Normal) (G1 Evacuation Pause) 641M->32M(1024M) 7.076ms
[2026-01-28T11:32:22.364+0000][gc,cpu      ] GC(25) User=0.03s Sys=0.00s Real=0.00s
[2026-01-28T11:33:22.303+0000][gc,start    ] GC(26) Pause Young (Normal) (G1 Evacuation Pause)
[2026-01-28T11:33:22.304+0000][gc,task     ] GC(26) Using 10 workers of 10 for evacuation
[2026-01-28T11:33:22.308+0000][gc,phases   ] GC(26)   Pre Evacuate Collection Set: 0.7ms
[2026-01-28T11:33:22.308+0000][gc,phases   ] GC(26)   Merge Heap Roots: 0.1ms
[2026-01-28T11:33:22.308+0000][gc,phases   ] GC(26)   Evacuate Collection Set: 2.1ms
[2026-01-28T11:33:22.308+0000][gc,phases   ] GC(26)   Post Evacuate Collection Set: 1.5ms
[2026-01-28T11:33:22.308+0000][gc,phases   ] GC(26)   Other: 0.1ms
[2026-01-28T11:33:22.309+0000][gc,heap     ] GC(26) Eden regions: 609->0(610)
[2026-01-28T11:33:22.309+0000][gc,heap     ] GC(26) Survivor regions: 5->4(77)
[2026-01-28T11:33:22.309+0000][gc,heap     ] GC(26) Old regions: 18->18
[2026-01-28T11:33:22.309+0000][gc,heap     ] GC(26) Humongous regions: 10->10
[2026-01-28T11:33:22.309+0000][gc,metaspace] GC(26) Metaspace: 12794K(13184K)->12794K(13184K) NonClass: 11607K(11776K)->11607K(11776K) Class: 1187K(1408K)->1187K(1408K)
[2026-01-28T11:33:22.309+0000][gc          ] GC(26) Pause Young (Normal) (G1 Evacuation Pause) 641M->31M(1024M) 5.812ms
[2026-01-28T11:33:22.309+0000][gc,cpu      ] GC(26) User=0.03s Sys=0.01s Real=0.01s
[2026-01-28T11:34:22.279+0000][gc,start    ] GC(27) Pause Young (Normal) (G1 Evacuation Pause)
[2026-01-28T11:34:22.280+0000][gc,task     ] GC(27) Using 10 workers of 10 for evacuation
[2026-01-28T11:34:22.283+0000][gc,phases   ] GC(27)   Pre Evacuate Collection Set: 0.7ms
[2026-01-28T11:34:22.283+0000][gc,phases   ] GC(27)   Merge Heap Roots: 0.2ms
[2026-01-28T11:34:22.283+0000][gc,phases   ] GC(27)   Evacuate Collection Set: 1.9ms
[2026-01-28T11:34:22.283+0000][gc,phases   ] GC(27)   Post Evacuate Collection Set: 0.7ms
[2026-01-28T11:34:22.283+0000][gc,phases   ] GC(27)   Other: 0.2ms
[2026-01-28T11:34:22.283+0000][gc,heap     ] GC(27) Eden regions: 610->0(610)
[2026-01-28T11:34:22.283+0000][gc,heap     ] GC(27) Survivor regions: 4->4(77)
[2026-01-28T11:34:22.283+0000][gc,heap     ] GC(27) Old regions: 18->18
[2026-01-28T11:34:22.283+0000][gc,heap     ] GC(27) Humongous regions: 10->10
[2026-01-28T11:34:22.284+0000][gc,metaspace] GC(27) Metaspace: 12795K(13184K)->12795K(13184K) NonClass: 11607K(11776K)->11607K(11776K) Class: 1187K(1408K)->1187K(1408K)
[2026-01-28T11:34:22.284+0000][gc          ] GC(27) Pause Young (Normal) (G1 Evacuation Pause) 641M->31M(1024M) 4.433ms
[2026-01-28T11:34:22.284+0000][gc,cpu      ] GC(27) User=0.02s Sys=0.01s Real=0.00s
[2026-01-28T11:35:17.630+0000][gc,start    ] GC(28) Pause Young (Normal) (G1 Evacuation Pause)
[2026-01-28T11:35:17.632+0000][gc,task     ] GC(28) Using 10 workers of 10 for evacuation
[2026-01-28T11:35:17.643+0000][gc,phases   ] GC(28)   Pre Evacuate Collection Set: 2.1ms
[2026-01-28T11:35:17.643+0000][gc,phases   ] GC(28)   Merge Heap Roots: 0.5ms
[2026-01-28T11:35:17.643+0000][gc,phases   ] GC(28)   Evacuate Collection Set: 6.1ms
[2026-01-28T11:35:17.643+0000][gc,phases   ] GC(28)   Post Evacuate Collection Set: 1.6ms
[2026-01-28T11:35:17.643+0000][gc,phases   ] GC(28)   Other: 0.6ms
[2026-01-28T11:35:17.644+0000][gc,heap     ] GC(28) Eden regions: 610->0(611)
[2026-01-28T11:35:17.644+0000][gc,heap     ] GC(28) Survivor regions: 4->3(77)
[2026-01-28T11:35:17.644+0000][gc,heap     ] GC(28) Old regions: 18->19
[2026-01-28T11:35:17.644+0000][gc,heap     ] GC(28) Humongous regions: 10->10
[2026-01-28T11:35:17.644+0000][gc,metaspace] GC(28) Metaspace: 12795K(13184K)->12795K(13184K) NonClass: 11608K(11776K)->11608K(11776K) Class: 1187K(1408K)->1187K(1408K)
[2026-01-28T11:35:17.644+0000][gc          ] GC(28) Pause Young (Normal) (G1 Evacuation Pause) 641M->30M(1024M) 13.744ms
[2026-01-28T11:35:17.644+0000][gc,cpu      ] GC(28) User=0.05s Sys=0.00s Real=0.01s
[2026-01-28T11:36:12.391+0000][gc,start    ] GC(29) Pause Young (Normal) (G1 Evacuation Pause)
[2026-01-28T11:36:12.392+0000][gc,task     ] GC(29) Using 10 workers of 10 for evacuation
[2026-01-28T11:36:12.396+0000][gc,phases   ] GC(29)   Pre Evacuate Collection Set: 0.6ms
[2026-01-28T11:36:12.396+0000][gc,phases   ] GC(29)   Merge Heap Roots: 0.2ms
[2026-01-28T11:36:12.396+0000][gc,phases   ] GC(29)   Evacuate Collection Set: 2.2ms
[2026-01-28T11:36:12.396+0000][gc,phases   ] GC(29)   Post Evacuate Collection Set: 0.8ms
[2026-01-28T11:36:12.396+0000][gc,phases   ] GC(29)   Other: 0.2ms
[2026-01-28T11:36:12.396+0000][gc,heap     ] GC(29) Eden regions: 611->0(609)
[2026-01-28T11:36:12.396+0000][gc,heap     ] GC(29) Survivor regions: 3->5(77)
[2026-01-28T11:36:12.396+0000][gc,heap     ] GC(29) Old regions: 19->19
[2026-01-28T11:36:12.396+0000][gc,heap     ] GC(29) Humongous regions: 10->10
[2026-01-28T11:36:12.396+0000][gc,metaspace] GC(29) Metaspace: 12801K(13184K)->12801K(13184K) NonClass: 11614K(11776K)->11614K(11776K) Class: 1187K(1408K)->1187K(1408K)
[2026-01-28T11:36:12.396+0000][gc          ] GC(29) Pause Young (Normal) (G1 Evacuation Pause) 641M->32M(1024M) 4.818ms
[2026-01-28T11:36:12.396+0000][gc,cpu      ] GC(29) User=0.03s Sys=0.00s Real=0.00s
[2026-01-28T11:37:12.333+0000][gc,start    ] GC(30) Pause Young (Normal) (G1 Evacuation Pause)
[2026-01-28T11:37:12.334+0000][gc,task     ] GC(30) Using 10 workers of 10 for evacuation
[2026-01-28T11:37:12.338+0000][gc,phases   ] GC(30)   Pre Evacuate Collection Set: 0.6ms
[2026-01-28T11:37:12.338+0000][gc,phases   ] GC(30)   Merge Heap Roots: 0.2ms
[2026-01-28T11:37:12.338+0000][gc,phases   ] GC(30)   Evacuate Collection Set: 2.2ms
[2026-01-28T11:37:12.338+0000][gc,phases   ] GC(30)   Post Evacuate Collection Set: 0.7ms
[2026-01-28T11:37:12.338+0000][gc,phases   ] GC(30)   Other: 0.1ms
[2026-01-28T11:37:12.338+0000][gc,heap     ] GC(30) Eden regions: 609->0(610)
[2026-01-28T11:37:12.338+0000][gc,heap     ] GC(30) Survivor regions: 5->4(77)
[2026-01-28T11:37:12.338+0000][gc,heap     ] GC(30) Old regions: 19->19
[2026-01-28T11:37:12.338+0000][gc,heap     ] GC(30) Humongous regions: 10->10
[2026-01-28T11:37:12.338+0000][gc,metaspace] GC(30) Metaspace: 12806K(13184K)->12806K(13184K) NonClass: 11618K(11776K)->11618K(11776K) Class: 1187K(1408K)->1187K(1408K)
[2026-01-28T11:37:12.338+0000][gc          ] GC(30) Pause Young (Normal) (G1 Evacuation Pause) 641M->32M(1024M) 5.321ms
[2026-01-28T11:37:12.338+0000][gc,cpu      ] GC(30) User=0.03s Sys=0.00s Real=0.00s
[2026-01-28T11:38:12.264+0000][gc,start    ] GC(31) Pause Young (Normal) (G1 Evacuation Pause)
[2026-01-28T11:38:12.264+0000][gc,task     ] GC(31) Using 10 workers of 10 for evacuation
[2026-01-28T11:38:12.271+0000][gc,phases   ] GC(31)   Pre Evacuate Collection Set: 0.9ms
[2026-01-28T11:38:12.272+0000][gc,phases   ] GC(31)   Merge Heap Roots: 0.2ms
[2026-01-28T11:38:12.272+0000][gc,phases   ] GC(31)   Evacuate Collection Set: 4.6ms
[2026-01-28T11:38:12.272+0000][gc,phases   ] GC(31)   Post Evacuate Collection Set: 1.2ms
[2026-01-28T11:38:12.272+0000][gc,phases   ] GC(31)   Other: 0.3ms
[2026-01-28T11:38:12.272+0000][gc,heap     ] GC(31) Eden regions: 610->0(610)
[2026-01-28T11:38:12.272+0000][gc,heap     ] GC(31) Survivor regions: 4->4(77)
[2026-01-28T11:38:12.272+0000][gc,heap     ] GC(31) Old regions: 19->19
[2026-01-28T11:38:12.272+0000][gc,heap     ] GC(31) Humongous regions: 10->10
[2026-01-28T11:38:12.272+0000][gc,metaspace] GC(31) Metaspace: 12879K(13248K)->12879K(13248K) NonClass: 11682K(11840K)->11682K(11840K) Class: 1196K(1408K)->1196K(1408K)
[2026-01-28T11:38:12.273+0000][gc          ] GC(31) Pause Young (Normal) (G1 Evacuation Pause) 642M->31M(1024M) 8.828ms
[2026-01-28T11:38:12.273+0000][gc,cpu      ] GC(31) User=0.04s Sys=0.01s Real=0.01s
[2026-01-28T11:39:02.442+0000][gc,start    ] GC(32) Pause Young (Normal) (G1 Evacuation Pause)
[2026-01-28T11:39:02.442+0000][gc,task     ] GC(32) Using 10 workers of 10 for evacuation
[2026-01-28T11:39:02.450+0000][gc,phases   ] GC(32)   Pre Evacuate Collection Set: 0.8ms
[2026-01-28T11:39:02.450+0000][gc,phases   ] GC(32)   Merge Heap Roots: 0.1ms
[2026-01-28T11:39:02.450+0000][gc,phases   ] GC(32)   Evacuate Collection Set: 5.6ms
[2026-01-28T11:39:02.450+0000][gc,phases   ] GC(32)   Post Evacuate Collection Set: 0.8ms
[2026-01-28T11:39:02.450+0000][gc,phases   ] GC(32)   Other: 0.2ms
[2026-01-28T11:39:02.450+0000][gc,heap     ] GC(32) Eden regions: 610->0(608)
[2026-01-28T11:39:02.450+0000][gc,heap     ] GC(32) Survivor regions: 4->6(77)
[2026-01-28T11:39:02.450+0000][gc,heap     ] GC(32) Old regions: 19->19
[2026-01-28T11:39:02.450+0000][gc,heap     ] GC(32) Humongous regions: 10->10
[2026-01-28T11:39:02.450+0000][gc,metaspace] GC(32) Metaspace: 12899K(13312K)->12899K(13312K) NonClass: 11702K(11904K)->11702K(11904K) Class: 1196K(1408K)->1196K(1408K)
[2026-01-28T11:39:02.450+0000][gc          ] GC(32) Pause Young (Normal) (G1 Evacuation Pause) 641M->33M(1024M) 8.399ms
[2026-01-28T11:39:02.450+0000][gc,cpu      ] GC(32) User=0.07s Sys=0.00s Real=0.01s
[2026-01-28T11:40:02.345+0000][gc,start    ] GC(33) Pause Young (Normal) (G1 Evacuation Pause)
[2026-01-28T11:40:02.345+0000][gc,task     ] GC(33) Using 10 workers of 10 for evacuation
[2026-01-28T11:40:02.350+0000][gc,phases   ] GC(33)   Pre Evacuate Collection Set: 0.7ms
[2026-01-28T11:40:02.350+0000][gc,phases   ] GC(33)   Merge Heap Roots: 0.2ms
[2026-01-28T11:40:02.350+0000][gc,phases   ] GC(33)   Evacuate Collection Set: 2.4ms
[2026-01-28T11:40:02.350+0000][gc,phases   ] GC(33)   Post Evacuate Collection Set: 0.8ms
[2026-01-28T11:40:02.350+0000][gc,phases   ] GC(33)   Other: 0.3ms
[2026-01-28T11:40:02.350+0000][gc,heap     ] GC(33) Eden regions: 608->0(609)
[2026-01-28T11:40:02.350+0000][gc,heap     ] GC(33) Survivor regions: 6->5(77)
[2026-01-28T11:40:02.350+0000][gc,heap     ] GC(33) Old regions: 19->19
[2026-01-28T11:40:02.350+0000][gc,heap     ] GC(33) Humongous regions: 10->10
[2026-01-28T11:40:02.350+0000][gc,metaspace] GC(33) Metaspace: 12900K(13312K)->12900K(13312K) NonClass: 11703K(11904K)->11703K(11904K) Class: 1196K(1408K)->1196K(1408K)
[2026-01-28T11:40:02.350+0000][gc          ] GC(33) Pause Young (Normal) (G1 Evacuation Pause) 641M->32M(1024M) 5.654ms
[2026-01-28T11:40:02.350+0000][gc,cpu      ] GC(33) User=0.03s Sys=0.00s Real=0.00s
[2026-01-28T11:41:02.284+0000][gc,start    ] GC(34) Pause Young (Normal) (G1 Evacuation Pause)
[2026-01-28T11:41:02.285+0000][gc,task     ] GC(34) Using 10 workers of 10 for evacuation
[2026-01-28T11:41:02.288+0000][gc,phases   ] GC(34)   Pre Evacuate Collection Set: 0.6ms
[2026-01-28T11:41:02.288+0000][gc,phases   ] GC(34)   Merge Heap Roots: 0.2ms
[2026-01-28T11:41:02.288+0000][gc,phases   ] GC(34)   Evacuate Collection Set: 1.8ms
[2026-01-28T11:41:02.288+0000][gc,phases   ] GC(34)   Post Evacuate Collection Set: 0.6ms
[2026-01-28T11:41:02.288+0000][gc,phases   ] GC(34)   Other: 0.1ms
[2026-01-28T11:41:02.288+0000][gc,heap     ] GC(34) Eden regions: 609->0(610)
[2026-01-28T11:41:02.288+0000][gc,heap     ] GC(34) Survivor regions: 5->4(77)
[2026-01-28T11:41:02.288+0000][gc,heap     ] GC(34) Old regions: 19->19
[2026-01-28T11:41:02.288+0000][gc,heap     ] GC(34) Humongous regions: 10->10
[2026-01-28T11:41:02.288+0000][gc,metaspace] GC(34) Metaspace: 12904K(13312K)->12904K(13312K) NonClass: 11708K(11904K)->11708K(11904K) Class: 1196K(1408K)->1196K(1408K)
[2026-01-28T11:41:02.288+0000][gc          ] GC(34) Pause Young (Normal) (G1 Evacuation Pause) 641M->32M(1024M) 4.117ms
[2026-01-28T11:41:02.288+0000][gc,cpu      ] GC(34) User=0.02s Sys=0.00s Real=0.00s
[2026-01-28T11:41:56.585+0000][gc,start    ] GC(35) Pause Young (Normal) (G1 Evacuation Pause)
[2026-01-28T11:41:56.587+0000][gc,task     ] GC(35) Using 10 workers of 10 for evacuation
[2026-01-28T11:41:56.600+0000][gc,phases   ] GC(35)   Pre Evacuate Collection Set: 2.4ms
[2026-01-28T11:41:56.600+0000][gc,phases   ] GC(35)   Merge Heap Roots: 0.5ms
[2026-01-28T11:41:56.600+0000][gc,phases   ] GC(35)   Evacuate Collection Set: 7.2ms
[2026-01-28T11:41:56.600+0000][gc,phases   ] GC(35)   Post Evacuate Collection Set: 2.9ms
[2026-01-28T11:41:56.601+0000][gc,phases   ] GC(35)   Other: 0.4ms
[2026-01-28T11:41:56.601+0000][gc,heap     ] GC(35) Eden regions: 610->0(610)
[2026-01-28T11:41:56.601+0000][gc,heap     ] GC(35) Survivor regions: 4->4(77)
[2026-01-28T11:41:56.601+0000][gc,heap     ] GC(35) Old regions: 19->19
[2026-01-28T11:41:56.601+0000][gc,heap     ] GC(35) Humongous regions: 10->10
[2026-01-28T11:41:56.601+0000][gc,metaspace] GC(35) Metaspace: 12923K(13312K)->12923K(13312K) NonClass: 11726K(11904K)->11726K(11904K) Class: 1196K(1408K)->1196K(1408K)
[2026-01-28T11:41:56.601+0000][gc          ] GC(35) Pause Young (Normal) (G1 Evacuation Pause) 642M->31M(1024M) 15.522ms
[2026-01-28T11:41:56.601+0000][gc,cpu      ] GC(35) User=0.08s Sys=0.00s Real=0.01s
[2026-01-28T11:42:52.377+0000][gc,start    ] GC(36) Pause Young (Normal) (G1 Evacuation Pause)
[2026-01-28T11:42:52.377+0000][gc,task     ] GC(36) Using 10 workers of 10 for evacuation
[2026-01-28T11:42:52.382+0000][gc,phases   ] GC(36)   Pre Evacuate Collection Set: 0.6ms
[2026-01-28T11:42:52.382+0000][gc,phases   ] GC(36)   Merge Heap Roots: 0.2ms
[2026-01-28T11:42:52.382+0000][gc,phases   ] GC(36)   Evacuate Collection Set: 2.3ms
[2026-01-28T11:42:52.382+0000][gc,phases   ] GC(36)   Post Evacuate Collection Set: 0.9ms
[2026-01-28T11:42:52.382+0000][gc,phases   ] GC(36)   Other: 0.1ms
[2026-01-28T11:42:52.382+0000][gc,heap     ] GC(36) Eden regions: 610->0(609)
[2026-01-28T11:42:52.382+0000][gc,heap     ] GC(36) Survivor regions: 4->5(77)
[2026-01-28T11:42:52.382+0000][gc,heap     ] GC(36) Old regions: 19->19
[2026-01-28T11:42:52.382+0000][gc,heap     ] GC(36) Humongous regions: 10->10
[2026-01-28T11:42:52.382+0000][gc,metaspace] GC(36) Metaspace: 12963K(13376K)->12963K(13376K) NonClass: 11767K(11968K)->11767K(11968K) Class: 1196K(1408K)->1196K(1408K)
[2026-01-28T11:42:52.382+0000][gc          ] GC(36) Pause Young (Normal) (G1 Evacuation Pause) 641M->33M(1024M) 4.990ms
[2026-01-28T11:42:52.382+0000][gc,cpu      ] GC(36) User=0.02s Sys=0.01s Real=0.00s
[2026-01-28T11:43:52.309+0000][gc,start    ] GC(37) Pause Young (Normal) (G1 Evacuation Pause)
[2026-01-28T11:43:52.310+0000][gc,task     ] GC(37) Using 10 workers of 10 for evacuation
[2026-01-28T11:43:52.314+0000][gc,phases   ] GC(37)   Pre Evacuate Collection Set: 0.5ms
[2026-01-28T11:43:52.314+0000][gc,phases   ] GC(37)   Merge Heap Roots: 0.2ms
[2026-01-28T11:43:52.314+0000][gc,phases   ] GC(37)   Evacuate Collection Set: 2.4ms
[2026-01-28T11:43:52.315+0000][gc,phases   ] GC(37)   Post Evacuate Collection Set: 0.7ms
[2026-01-28T11:43:52.315+0000][gc,phases   ] GC(37)   Other: 0.1ms
[2026-01-28T11:43:52.315+0000][gc,heap     ] GC(37) Eden regions: 609->0(609)
[2026-01-28T11:43:52.315+0000][gc,heap     ] GC(37) Survivor regions: 5->5(77)
[2026-01-28T11:43:52.315+0000][gc,heap     ] GC(37) Old regions: 19->19
[2026-01-28T11:43:52.315+0000][gc,heap     ] GC(37) Humongous regions: 10->10
[2026-01-28T11:43:52.315+0000][gc,metaspace] GC(37) Metaspace: 12967K(13376K)->12967K(13376K) NonClass: 11771K(11968K)->11771K(11968K) Class: 1196K(1408K)->1196K(1408K)
[2026-01-28T11:43:52.315+0000][gc          ] GC(37) Pause Young (Normal) (G1 Evacuation Pause) 642M->32M(1024M) 5.851ms
[2026-01-28T11:43:52.315+0000][gc,cpu      ] GC(37) User=0.03s Sys=0.00s Real=0.01s
