[2026-01-28T11:09:35.997+0000][gc,init] CardTable entry size: 512
[2026-01-28T11:09:35.998+0000][gc     ] Using G1
[2026-01-28T11:09:36.008+0000][gc,init] Version: 21.0.4+7-LTS (release)
[2026-01-28T11:09:36.008+0000][gc,init] CPUs: 12 total, 12 available
[2026-01-28T11:09:36.008+0000][gc,init] Memory: 7837M
[2026-01-28T11:09:36.008+0000][gc,init] Large Page Support: Disabled
[2026-01-28T11:09:36.008+0000][gc,init] NUMA Support: Disabled
[2026-01-28T11:09:36.008+0000][gc,init] Compressed Oops: Enabled (32-bit)
[2026-01-28T11:09:36.008+0000][gc,init] Heap Region Size: 1M
[2026-01-28T11:09:36.008+0000][gc,init] Heap Min Capacity: 1G
[2026-01-28T11:09:36.008+0000][gc,init] Heap Initial Capacity: 1G
[2026-01-28T11:09:36.008+0000][gc,init] Heap Max Capacity: 1G
[2026-01-28T11:09:36.008+0000][gc,init] Pre-touch: Disabled
[2026-01-28T11:09:36.009+0000][gc,init] Parallel Workers: 10
[2026-01-28T11:09:36.009+0000][gc,init] Concurrent Workers: 3
[2026-01-28T11:09:36.009+0000][gc,init] Concurrent Refinement Workers: 10
[2026-01-28T11:09:36.009+0000][gc,init] Periodic GC: Disabled
[2026-01-28T11:09:36.039+0000][gc,metaspace] CDS archive(s) mapped at: [0x0000000100000000-0x0000000100bd0000-0x00000001036b0000), size 57344000, SharedBaseAddress: 0x0000000100000000, ArchiveRelocationMode: 1.
[2026-01-28T11:09:36.040+0000][gc,metaspace] Compressed class space mapped at: 0x0000000104000000-0x0000000144000000, reserved size: 1073741824
[2026-01-28T11:09:36.040+0000][gc,metaspace] Narrow klass base: 0x0000000100000000, Narrow klass shift: 0, Narrow klass range: 0x100000000
[2026-01-28T11:09:36.981+0000][gc,start    ] GC(0) Pause Young (Normal) (G1 Evacuation Pause)
[2026-01-28T11:09:36.987+0000][gc,task     ] GC(0) Using 10 workers of 10 for evacuation
[2026-01-28T11:09:37.006+0000][gc,phases   ] GC(0)   Pre Evacuate Collection Set: 0.3ms
[2026-01-28T11:09:37.008+0000][gc,phases   ] GC(0)   Merge Heap Roots: 0.9ms
[2026-01-28T11:09:37.008+0000][gc,phases   ] GC(0)   Evacuate Collection Set: 15.9ms
[2026-01-28T11:09:37.008+0000][gc,phases   ] GC(0)   Post Evacuate Collection Set: 2.0ms
[2026-01-28T11:09:37.009+0000][gc,phases   ] GC(0)   Other: 6.0ms
[2026-01-28T11:09:37.009+0000][gc,heap     ] GC(0) Eden regions: 51->0(44)
[2026-01-28T11:09:37.009+0000][gc,heap     ] GC(0) Survivor regions: 0->7(7)
[2026-01-28T11:09:37.009+0000][gc,heap     ] GC(0) Old regions: 1->7
[2026-01-28T11:09:37.009+0000][gc,heap     ] GC(0) Humongous regions: 1->1
[2026-01-28T11:09:37.009+0000][gc,metaspace] GC(0) Metaspace: 5474K(5696K)->5474K(5696K) NonClass: 4822K(4928K)->4822K(4928K) Class: 651K(768K)->651K(768K)
[2026-01-28T11:09:37.009+0000][gc          ] GC(0) Pause Young (Normal) (G1 Evacuation Pause) 52M->14M(1024M) 28.619ms
[2026-01-28T11:09:37.009+0000][gc,cpu      ] GC(0) User=0.04s Sys=0.00s Real=0.03s
[2026-01-28T11:09:42.295+0000][gc,start    ] GC(1) Pause Young (Normal) (G1 Evacuation Pause)
[2026-01-28T11:09:42.295+0000][gc,task     ] GC(1) Using 10 workers of 10 for evacuation
[2026-01-28T11:09:42.299+0000][gc,phases   ] GC(1)   Pre Evacuate Collection Set: 0.5ms
[2026-01-28T11:09:42.299+0000][gc,phases   ] GC(1)   Merge Heap Roots: 0.1ms
[2026-01-28T11:09:42.299+0000][gc,phases   ] GC(1)   Evacuate Collection Set: 2.9ms
[2026-01-28T11:09:42.299+0000][gc,phases   ] GC(1)   Post Evacuate Collection Set: 0.5ms
[2026-01-28T11:09:42.299+0000][gc,phases   ] GC(1)   Other: 0.1ms
[2026-01-28T11:09:42.299+0000][gc,heap     ] GC(1) Eden regions: 44->0(62)
[2026-01-28T11:09:42.299+0000][gc,heap     ] GC(1) Survivor regions: 7->3(7)
[2026-01-28T11:09:42.299+0000][gc,heap     ] GC(1) Old regions: 7->14
[2026-01-28T11:09:42.299+0000][gc,heap     ] GC(1) Humongous regions: 1->1
[2026-01-28T11:09:42.299+0000][gc,metaspace] GC(1) Metaspace: 7580K(7872K)->7580K(7872K) NonClass: 6699K(6848K)->6699K(6848K) Class: 880K(1024K)->880K(1024K)
[2026-01-28T11:09:42.299+0000][gc          ] GC(1) Pause Young (Normal) (G1 Evacuation Pause) 58M->16M(1024M) 4.602ms
[2026-01-28T11:09:42.300+0000][gc,cpu      ] GC(1) User=0.03s Sys=0.01s Real=0.01s
[2026-01-28T11:09:42.496+0000][gc,start    ] GC(2) Pause Young (Normal) (G1 Evacuation Pause)
[2026-01-28T11:09:42.496+0000][gc,task     ] GC(2) Using 10 workers of 10 for evacuation
[2026-01-28T11:09:42.498+0000][gc,phases   ] GC(2)   Pre Evacuate Collection Set: 0.2ms
[2026-01-28T11:09:42.499+0000][gc,phases   ] GC(2)   Merge Heap Roots: 0.1ms
[2026-01-28T11:09:42.499+0000][gc,phases   ] GC(2)   Evacuate Collection Set: 1.6ms
[2026-01-28T11:09:42.499+0000][gc,phases   ] GC(2)   Post Evacuate Collection Set: 0.3ms
[2026-01-28T11:09:42.499+0000][gc,phases   ] GC(2)   Other: 0.1ms
[2026-01-28T11:09:42.499+0000][gc,heap     ] GC(2) Eden regions: 70->0(567)
[2026-01-28T11:09:42.499+0000][gc,heap     ] GC(2) Survivor regions: 3->5(10)
[2026-01-28T11:09:42.499+0000][gc,heap     ] GC(2) Old regions: 14->14
[2026-01-28T11:09:42.499+0000][gc,heap     ] GC(2) Humongous regions: 1->1
[2026-01-28T11:09:42.499+0000][gc,metaspace] GC(2) Metaspace: 8799K(9152K)->8799K(9152K) NonClass: 7752K(7936K)->7752K(7936K) Class: 1047K(1216K)->1047K(1216K)
[2026-01-28T11:09:42.499+0000][gc          ] GC(2) Pause Young (Normal) (G1 Evacuation Pause) 86M->19M(1024M) 2.986ms
[2026-01-28T11:09:42.499+0000][gc,cpu      ] GC(2) User=0.01s Sys=0.00s Real=0.01s
