[2026-01-28T10:17:41.661+0000][gc,init] CardTable entry size: 512
[2026-01-28T10:17:41.663+0000][gc     ] Using G1
[2026-01-28T10:17:41.666+0000][gc,init] Version: 21.0.4+7-LTS (release)
[2026-01-28T10:17:41.667+0000][gc,init] CPUs: 12 total, 12 available
[2026-01-28T10:17:41.667+0000][gc,init] Memory: 7837M
[2026-01-28T10:17:41.667+0000][gc,init] Large Page Support: Disabled
[2026-01-28T10:17:41.667+0000][gc,init] NUMA Support: Disabled
[2026-01-28T10:17:41.667+0000][gc,init] Compressed Oops: Enabled (32-bit)
[2026-01-28T10:17:41.667+0000][gc,init] Heap Region Size: 1M
[2026-01-28T10:17:41.667+0000][gc,init] Heap Min Capacity: 1G
[2026-01-28T10:17:41.667+0000][gc,init] Heap Initial Capacity: 1G
[2026-01-28T10:17:41.667+0000][gc,init] Heap Max Capacity: 1G
[2026-01-28T10:17:41.667+0000][gc,init] Pre-touch: Disabled
[2026-01-28T10:17:41.667+0000][gc,init] Parallel Workers: 10
[2026-01-28T10:17:41.667+0000][gc,init] Concurrent Workers: 3
[2026-01-28T10:17:41.667+0000][gc,init] Concurrent Refinement Workers: 10
[2026-01-28T10:17:41.667+0000][gc,init] Periodic GC: Disabled
[2026-01-28T10:17:41.728+0000][gc,metaspace] CDS archive(s) mapped at: [0x0000003800000000-0x0000003800bd0000-0x00000038036b0000), size 57344000, SharedBaseAddress: 0x0000003800000000, ArchiveRelocationMode: 1.
[2026-01-28T10:17:41.729+0000][gc,metaspace] Compressed class space mapped at: 0x0000003804000000-0x0000003844000000, reserved size: 1073741824
[2026-01-28T10:17:41.729+0000][gc,metaspace] Narrow klass base: 0x0000003800000000, Narrow klass shift: 0, Narrow klass range: 0x100000000
[2026-01-28T10:17:43.064+0000][gc,start    ] GC(0) Pause Young (Normal) (G1 Evacuation Pause)
[2026-01-28T10:17:43.066+0000][gc,task     ] GC(0) Using 10 workers of 10 for evacuation
[2026-01-28T10:17:43.076+0000][gc,phases   ] GC(0)   Pre Evacuate Collection Set: 0.3ms
[2026-01-28T10:17:43.076+0000][gc,phases   ] GC(0)   Merge Heap Roots: 0.2ms
[2026-01-28T10:17:43.076+0000][gc,phases   ] GC(0)   Evacuate Collection Set: 7.6ms
[2026-01-28T10:17:43.076+0000][gc,phases   ] GC(0)   Post Evacuate Collection Set: 1.6ms
[2026-01-28T10:17:43.080+0000][gc,phases   ] GC(0)   Other: 1.4ms
[2026-01-28T10:17:43.080+0000][gc,heap     ] GC(0) Eden regions: 51->0(44)
[2026-01-28T10:17:43.080+0000][gc,heap     ] GC(0) Survivor regions: 0->7(7)
[2026-01-28T10:17:43.081+0000][gc,heap     ] GC(0) Old regions: 1->6
[2026-01-28T10:17:43.082+0000][gc,heap     ] GC(0) Humongous regions: 1->1
[2026-01-28T10:17:43.083+0000][gc,metaspace] GC(0) Metaspace: 5514K(5760K)->5514K(5760K) NonClass: 4858K(4992K)->4858K(4992K) Class: 656K(768K)->656K(768K)
[2026-01-28T10:17:43.083+0000][gc          ] GC(0) Pause Young (Normal) (G1 Evacuation Pause) 52M->13M(1024M) 18.427ms
[2026-01-28T10:17:43.083+0000][gc,cpu      ] GC(0) User=0.02s Sys=0.03s Real=0.02s
[2026-01-28T10:17:44.840+0000][gc,start    ] GC(1) Pause Young (Normal) (G1 Evacuation Pause)
[2026-01-28T10:17:44.840+0000][gc,task     ] GC(1) Using 10 workers of 10 for evacuation
[2026-01-28T10:17:44.846+0000][gc,phases   ] GC(1)   Pre Evacuate Collection Set: 0.4ms
[2026-01-28T10:17:44.846+0000][gc,phases   ] GC(1)   Merge Heap Roots: 0.1ms
[2026-01-28T10:17:44.847+0000][gc,phases   ] GC(1)   Evacuate Collection Set: 5.3ms
[2026-01-28T10:17:44.847+0000][gc,phases   ] GC(1)   Post Evacuate Collection Set: 0.7ms
[2026-01-28T10:17:44.847+0000][gc,phases   ] GC(1)   Other: 0.1ms
[2026-01-28T10:17:44.847+0000][gc,heap     ] GC(1) Eden regions: 44->0(67)
[2026-01-28T10:17:44.847+0000][gc,heap     ] GC(1) Survivor regions: 7->2(7)
[2026-01-28T10:17:44.847+0000][gc,heap     ] GC(1) Old regions: 6->14
[2026-01-28T10:17:44.847+0000][gc,heap     ] GC(1) Humongous regions: 1->1
[2026-01-28T10:17:44.847+0000][gc,metaspace] GC(1) Metaspace: 7254K(7424K)->7254K(7424K) NonClass: 6507K(6592K)->6507K(6592K) Class: 746K(832K)->746K(832K)
[2026-01-28T10:17:44.847+0000][gc          ] GC(1) Pause Young (Normal) (G1 Evacuation Pause) 57M->16M(1024M) 7.345ms
[2026-01-28T10:17:44.847+0000][gc,cpu      ] GC(1) User=0.03s Sys=0.01s Real=0.01s
[2026-01-28T10:17:46.656+0000][gc,start    ] GC(2) Pause Young (Normal) (G1 Evacuation Pause)
[2026-01-28T10:17:46.658+0000][gc,task     ] GC(2) Using 10 workers of 10 for evacuation
[2026-01-28T10:17:46.667+0000][gc,phases   ] GC(2)   Pre Evacuate Collection Set: 1.1ms
[2026-01-28T10:17:46.667+0000][gc,phases   ] GC(2)   Merge Heap Roots: 0.4ms
[2026-01-28T10:17:46.667+0000][gc,phases   ] GC(2)   Evacuate Collection Set: 7.2ms
[2026-01-28T10:17:46.668+0000][gc,phases   ] GC(2)   Post Evacuate Collection Set: 0.6ms
[2026-01-28T10:17:46.668+0000][gc,phases   ] GC(2)   Other: 0.2ms
[2026-01-28T10:17:46.668+0000][gc,heap     ] GC(2) Eden regions: 77->0(612)
[2026-01-28T10:17:46.668+0000][gc,heap     ] GC(2) Survivor regions: 2->2(10)
[2026-01-28T10:17:46.668+0000][gc,heap     ] GC(2) Old regions: 14->14
[2026-01-28T10:17:46.668+0000][gc,heap     ] GC(2) Humongous regions: 1->1
[2026-01-28T10:17:46.668+0000][gc,metaspace] GC(2) Metaspace: 7274K(7424K)->7274K(7424K) NonClass: 6527K(6592K)->6527K(6592K) Class: 746K(832K)->746K(832K)
[2026-01-28T10:17:46.668+0000][gc          ] GC(2) Pause Young (Normal) (G1 Evacuation Pause) 93M->16M(1024M) 12.202ms
[2026-01-28T10:17:46.668+0000][gc,cpu      ] GC(2) User=0.04s Sys=0.01s Real=0.01s
[2026-01-28T10:17:54.642+0000][gc,start    ] GC(3) Pause Young (Normal) (G1 Evacuation Pause)
[2026-01-28T10:17:54.642+0000][gc,task     ] GC(3) Using 10 workers of 10 for evacuation
[2026-01-28T10:17:54.650+0000][gc,phases   ] GC(3)   Pre Evacuate Collection Set: 1.2ms
[2026-01-28T10:17:54.650+0000][gc,phases   ] GC(3)   Merge Heap Roots: 0.3ms
[2026-01-28T10:17:54.650+0000][gc,phases   ] GC(3)   Evacuate Collection Set: 5.4ms
[2026-01-28T10:17:54.651+0000][gc,phases   ] GC(3)   Post Evacuate Collection Set: 0.9ms
[2026-01-28T10:17:54.651+0000][gc,phases   ] GC(3)   Other: 0.3ms
[2026-01-28T10:17:54.651+0000][gc,heap     ] GC(3) Eden regions: 612->0(612)
[2026-01-28T10:17:54.651+0000][gc,heap     ] GC(3) Survivor regions: 2->2(77)
[2026-01-28T10:17:54.651+0000][gc,heap     ] GC(3) Old regions: 14->14
[2026-01-28T10:17:54.651+0000][gc,heap     ] GC(3) Humongous regions: 1->1
[2026-01-28T10:17:54.651+0000][gc,metaspace] GC(3) Metaspace: 7344K(7616K)->7344K(7616K) NonClass: 6590K(6720K)->6590K(6720K) Class: 754K(896K)->754K(896K)
[2026-01-28T10:17:54.651+0000][gc          ] GC(3) Pause Young (Normal) (G1 Evacuation Pause) 628M->16M(1024M) 8.779ms
[2026-01-28T10:17:54.651+0000][gc,cpu      ] GC(3) User=0.06s Sys=0.00s Real=0.01s
[2026-01-28T10:18:01.524+0000][gc,start    ] GC(4) Pause Young (Normal) (G1 Evacuation Pause)
[2026-01-28T10:18:01.525+0000][gc,task     ] GC(4) Using 10 workers of 10 for evacuation
[2026-01-28T10:18:01.539+0000][gc,phases   ] GC(4)   Pre Evacuate Collection Set: 0.9ms
[2026-01-28T10:18:01.539+0000][gc,phases   ] GC(4)   Merge Heap Roots: 0.2ms
[2026-01-28T10:18:01.539+0000][gc,phases   ] GC(4)   Evacuate Collection Set: 12.3ms
[2026-01-28T10:18:01.539+0000][gc,phases   ] GC(4)   Post Evacuate Collection Set: 1.0ms
[2026-01-28T10:18:01.540+0000][gc,phases   ] GC(4)   Other: 0.2ms
[2026-01-28T10:18:01.540+0000][gc,heap     ] GC(4) Eden regions: 612->0(612)
[2026-01-28T10:18:01.540+0000][gc,heap     ] GC(4) Survivor regions: 2->2(77)
[2026-01-28T10:18:01.540+0000][gc,heap     ] GC(4) Old regions: 14->14
[2026-01-28T10:18:01.540+0000][gc,heap     ] GC(4) Humongous regions: 1->1
[2026-01-28T10:18:01.540+0000][gc,metaspace] GC(4) Metaspace: 7393K(7680K)->7393K(7680K) NonClass: 6638K(6784K)->6638K(6784K) Class: 754K(896K)->754K(896K)
[2026-01-28T10:18:01.540+0000][gc          ] GC(4) Pause Young (Normal) (G1 Evacuation Pause) 628M->16M(1024M) 15.547ms
[2026-01-28T10:18:01.540+0000][gc,cpu      ] GC(4) User=0.13s Sys=0.00s Real=0.01s
[2026-01-28T10:18:21.207+0000][gc,start    ] GC(5) Pause Young (Normal) (G1 Evacuation Pause)
[2026-01-28T10:18:21.208+0000][gc,task     ] GC(5) Using 10 workers of 10 for evacuation
[2026-01-28T10:18:21.292+0000][gc,phases   ] GC(5)   Pre Evacuate Collection Set: 5.8ms
[2026-01-28T10:18:21.292+0000][gc,phases   ] GC(5)   Merge Heap Roots: 0.6ms
[2026-01-28T10:18:21.292+0000][gc,phases   ] GC(5)   Evacuate Collection Set: 73.2ms
[2026-01-28T10:18:21.292+0000][gc,phases   ] GC(5)   Post Evacuate Collection Set: 3.7ms
[2026-01-28T10:18:21.293+0000][gc,phases   ] GC(5)   Other: 0.9ms
[2026-01-28T10:18:21.293+0000][gc,heap     ] GC(5) Eden regions: 612->0(612)
[2026-01-28T10:18:21.293+0000][gc,heap     ] GC(5) Survivor regions: 2->2(77)
[2026-01-28T10:18:21.293+0000][gc,heap     ] GC(5) Old regions: 14->14
[2026-01-28T10:18:21.293+0000][gc,heap     ] GC(5) Humongous regions: 1->1
[2026-01-28T10:18:21.294+0000][gc,metaspace] GC(5) Metaspace: 7559K(7808K)->7559K(7808K) NonClass: 6793K(6912K)->6793K(6912K) Class: 765K(896K)->765K(896K)
[2026-01-28T10:18:21.294+0000][gc          ] GC(5) Pause Young (Normal) (G1 Evacuation Pause) 628M->16M(1024M) 86.910ms
[2026-01-28T10:18:21.294+0000][gc,cpu      ] GC(5) User=0.45s Sys=0.01s Real=0.09s
[2026-01-28T10:18:32.330+0000][gc,start    ] GC(6) Pause Young (Normal) (G1 Evacuation Pause)
[2026-01-28T10:18:32.336+0000][gc,task     ] GC(6) Using 10 workers of 10 for evacuation
[2026-01-28T10:18:32.355+0000][gc,phases   ] GC(6)   Pre Evacuate Collection Set: 1.9ms
[2026-01-28T10:18:32.355+0000][gc,phases   ] GC(6)   Merge Heap Roots: 1.3ms
[2026-01-28T10:18:32.355+0000][gc,phases   ] GC(6)   Evacuate Collection Set: 8.4ms
[2026-01-28T10:18:32.355+0000][gc,phases   ] GC(6)   Post Evacuate Collection Set: 3.8ms
[2026-01-28T10:18:32.355+0000][gc,phases   ] GC(6)   Other: 4.6ms
[2026-01-28T10:18:32.355+0000][gc,heap     ] GC(6) Eden regions: 612->0(612)
[2026-01-28T10:18:32.356+0000][gc,heap     ] GC(6) Survivor regions: 2->2(77)
[2026-01-28T10:18:32.356+0000][gc,heap     ] GC(6) Old regions: 14->14
[2026-01-28T10:18:32.356+0000][gc,heap     ] GC(6) Humongous regions: 1->1
[2026-01-28T10:18:32.356+0000][gc,metaspace] GC(6) Metaspace: 7672K(7936K)->7672K(7936K) NonClass: 6906K(7040K)->6906K(7040K) Class: 765K(896K)->765K(896K)
[2026-01-28T10:18:32.356+0000][gc          ] GC(6) Pause Young (Normal) (G1 Evacuation Pause) 628M->16M(1024M) 26.249ms
[2026-01-28T10:18:32.356+0000][gc,cpu      ] GC(6) User=0.07s Sys=0.00s Real=0.03s
[2026-01-28T10:18:53.496+0000][gc,start    ] GC(7) Pause Young (Normal) (G1 Evacuation Pause)
[2026-01-28T10:18:53.496+0000][gc,task     ] GC(7) Using 10 workers of 10 for evacuation
[2026-01-28T10:18:53.505+0000][gc,phases   ] GC(7)   Pre Evacuate Collection Set: 0.7ms
[2026-01-28T10:18:53.505+0000][gc,phases   ] GC(7)   Merge Heap Roots: 0.2ms
[2026-01-28T10:18:53.505+0000][gc,phases   ] GC(7)   Evacuate Collection Set: 7.1ms
[2026-01-28T10:18:53.505+0000][gc,phases   ] GC(7)   Post Evacuate Collection Set: 0.9ms
[2026-01-28T10:18:53.506+0000][gc,phases   ] GC(7)   Other: 0.2ms
[2026-01-28T10:18:53.506+0000][gc,heap     ] GC(7) Eden regions: 612->0(612)
[2026-01-28T10:18:53.506+0000][gc,heap     ] GC(7) Survivor regions: 2->2(77)
[2026-01-28T10:18:53.506+0000][gc,heap     ] GC(7) Old regions: 14->14
[2026-01-28T10:18:53.506+0000][gc,heap     ] GC(7) Humongous regions: 1->1
[2026-01-28T10:18:53.506+0000][gc,metaspace] GC(7) Metaspace: 7799K(8064K)->7799K(8064K) NonClass: 7030K(7168K)->7030K(7168K) Class: 768K(896K)->768K(896K)
[2026-01-28T10:18:53.506+0000][gc          ] GC(7) Pause Young (Normal) (G1 Evacuation Pause) 628M->16M(1024M) 9.642ms
[2026-01-28T10:18:53.506+0000][gc,cpu      ] GC(7) User=0.07s Sys=0.00s Real=0.01s
[2026-01-28T10:19:09.753+0000][gc,start    ] GC(8) Pause Young (Normal) (G1 Evacuation Pause)
[2026-01-28T10:19:09.753+0000][gc,task     ] GC(8) Using 10 workers of 10 for evacuation
[2026-01-28T10:19:09.772+0000][gc,phases   ] GC(8)   Pre Evacuate Collection Set: 0.9ms
[2026-01-28T10:19:09.772+0000][gc,phases   ] GC(8)   Merge Heap Roots: 0.5ms
[2026-01-28T10:19:09.772+0000][gc,phases   ] GC(8)   Evacuate Collection Set: 15.1ms
[2026-01-28T10:19:09.772+0000][gc,phases   ] GC(8)   Post Evacuate Collection Set: 2.0ms
[2026-01-28T10:19:09.772+0000][gc,phases   ] GC(8)   Other: 0.3ms
[2026-01-28T10:19:09.772+0000][gc,heap     ] GC(8) Eden regions: 612->0(612)
[2026-01-28T10:19:09.772+0000][gc,heap     ] GC(8) Survivor regions: 2->2(77)
[2026-01-28T10:19:09.772+0000][gc,heap     ] GC(8) Old regions: 14->14
[2026-01-28T10:19:09.773+0000][gc,heap     ] GC(8) Humongous regions: 1->1
[2026-01-28T10:19:09.773+0000][gc,metaspace] GC(8) Metaspace: 7822K(8064K)->7822K(8064K) NonClass: 7053K(7168K)->7053K(7168K) Class: 769K(896K)->769K(896K)
[2026-01-28T10:19:09.773+0000][gc          ] GC(8) Pause Young (Normal) (G1 Evacuation Pause) 628M->16M(1024M) 19.782ms
[2026-01-28T10:19:09.773+0000][gc,cpu      ] GC(8) User=0.16s Sys=0.00s Real=0.02s
[2026-01-28T10:19:26.299+0000][gc,start    ] GC(9) Pause Young (Normal) (G1 Evacuation Pause)
[2026-01-28T10:19:26.299+0000][gc,task     ] GC(9) Using 10 workers of 10 for evacuation
[2026-01-28T10:19:26.313+0000][gc,phases   ] GC(9)   Pre Evacuate Collection Set: 2.0ms
[2026-01-28T10:19:26.313+0000][gc,phases   ] GC(9)   Merge Heap Roots: 0.3ms
[2026-01-28T10:19:26.313+0000][gc,phases   ] GC(9)   Evacuate Collection Set: 9.5ms
[2026-01-28T10:19:26.314+0000][gc,phases   ] GC(9)   Post Evacuate Collection Set: 1.8ms
[2026-01-28T10:19:26.321+0000][gc,phases   ] GC(9)   Other: 0.6ms
[2026-01-28T10:19:26.321+0000][gc,heap     ] GC(9) Eden regions: 612->0(612)
[2026-01-28T10:19:26.321+0000][gc,heap     ] GC(9) Survivor regions: 2->2(77)
[2026-01-28T10:19:26.321+0000][gc,heap     ] GC(9) Old regions: 14->14
[2026-01-28T10:19:26.321+0000][gc,heap     ] GC(9) Humongous regions: 1->1
[2026-01-28T10:19:26.321+0000][gc,metaspace] GC(9) Metaspace: 7860K(8128K)->7860K(8128K) NonClass: 7090K(7232K)->7090K(7232K) Class: 769K(896K)->769K(896K)
[2026-01-28T10:19:26.322+0000][gc          ] GC(9) Pause Young (Normal) (G1 Evacuation Pause) 628M->16M(1024M) 23.007ms
[2026-01-28T10:19:26.322+0000][gc,cpu      ] GC(9) User=0.11s Sys=0.01s Real=0.03s
[2026-01-28T10:19:42.488+0000][gc,start    ] GC(10) Pause Young (Normal) (G1 Evacuation Pause)
[2026-01-28T10:19:42.489+0000][gc,task     ] GC(10) Using 10 workers of 10 for evacuation
[2026-01-28T10:19:42.501+0000][gc,phases   ] GC(10)   Pre Evacuate Collection Set: 1.5ms
[2026-01-28T10:19:42.501+0000][gc,phases   ] GC(10)   Merge Heap Roots: 0.2ms
[2026-01-28T10:19:42.501+0000][gc,phases   ] GC(10)   Evacuate Collection Set: 9.1ms
[2026-01-28T10:19:42.501+0000][gc,phases   ] GC(10)   Post Evacuate Collection Set: 1.2ms
[2026-01-28T10:19:42.502+0000][gc,phases   ] GC(10)   Other: 0.5ms
[2026-01-28T10:19:42.502+0000][gc,heap     ] GC(10) Eden regions: 612->0(612)
[2026-01-28T10:19:42.502+0000][gc,heap     ] GC(10) Survivor regions: 2->2(77)
[2026-01-28T10:19:42.502+0000][gc,heap     ] GC(10) Old regions: 14->14
[2026-01-28T10:19:42.502+0000][gc,heap     ] GC(10) Humongous regions: 1->1
[2026-01-28T10:19:42.502+0000][gc,metaspace] GC(10) Metaspace: 7919K(8192K)->7919K(8192K) NonClass: 7150K(7296K)->7150K(7296K) Class: 769K(896K)->769K(896K)
[2026-01-28T10:19:42.502+0000][gc          ] GC(10) Pause Young (Normal) (G1 Evacuation Pause) 628M->16M(1024M) 13.556ms
[2026-01-28T10:19:42.502+0000][gc,cpu      ] GC(10) User=0.10s Sys=0.00s Real=0.02s
[2026-01-28T10:19:59.450+0000][gc,start    ] GC(11) Pause Young (Normal) (G1 Evacuation Pause)
[2026-01-28T10:19:59.450+0000][gc,task     ] GC(11) Using 10 workers of 10 for evacuation
[2026-01-28T10:19:59.468+0000][gc,phases   ] GC(11)   Pre Evacuate Collection Set: 0.9ms
[2026-01-28T10:19:59.468+0000][gc,phases   ] GC(11)   Merge Heap Roots: 0.2ms
[2026-01-28T10:19:59.468+0000][gc,phases   ] GC(11)   Evacuate Collection Set: 15.0ms
[2026-01-28T10:19:59.468+0000][gc,phases   ] GC(11)   Post Evacuate Collection Set: 1.1ms
[2026-01-28T10:19:59.468+0000][gc,phases   ] GC(11)   Other: 0.2ms
[2026-01-28T10:19:59.468+0000][gc,heap     ] GC(11) Eden regions: 612->0(612)
[2026-01-28T10:19:59.468+0000][gc,heap     ] GC(11) Survivor regions: 2->2(77)
[2026-01-28T10:19:59.468+0000][gc,heap     ] GC(11) Old regions: 14->14
[2026-01-28T10:19:59.468+0000][gc,heap     ] GC(11) Humongous regions: 1->1
[2026-01-28T10:19:59.468+0000][gc,metaspace] GC(11) Metaspace: 8036K(8256K)->8036K(8256K) NonClass: 7266K(7360K)->7266K(7360K) Class: 769K(896K)->769K(896K)
[2026-01-28T10:19:59.468+0000][gc          ] GC(11) Pause Young (Normal) (G1 Evacuation Pause) 628M->16M(1024M) 17.845ms
[2026-01-28T10:19:59.468+0000][gc,cpu      ] GC(11) User=0.15s Sys=0.00s Real=0.02s
[2026-01-28T10:20:16.429+0000][gc,start    ] GC(12) Pause Young (Normal) (G1 Evacuation Pause)
[2026-01-28T10:20:16.430+0000][gc,task     ] GC(12) Using 10 workers of 10 for evacuation
[2026-01-28T10:20:16.438+0000][gc,phases   ] GC(12)   Pre Evacuate Collection Set: 0.8ms
[2026-01-28T10:20:16.438+0000][gc,phases   ] GC(12)   Merge Heap Roots: 0.2ms
[2026-01-28T10:20:16.438+0000][gc,phases   ] GC(12)   Evacuate Collection Set: 6.0ms
[2026-01-28T10:20:16.438+0000][gc,phases   ] GC(12)   Post Evacuate Collection Set: 1.3ms
[2026-01-28T10:20:16.438+0000][gc,phases   ] GC(12)   Other: 0.2ms
[2026-01-28T10:20:16.438+0000][gc,heap     ] GC(12) Eden regions: 612->0(612)
[2026-01-28T10:20:16.438+0000][gc,heap     ] GC(12) Survivor regions: 2->2(77)
[2026-01-28T10:20:16.438+0000][gc,heap     ] GC(12) Old regions: 14->14
[2026-01-28T10:20:16.438+0000][gc,heap     ] GC(12) Humongous regions: 1->1
[2026-01-28T10:20:16.439+0000][gc,metaspace] GC(12) Metaspace: 8039K(8256K)->8039K(8256K) NonClass: 7270K(7360K)->7270K(7360K) Class: 769K(896K)->769K(896K)
[2026-01-28T10:20:16.439+0000][gc          ] GC(12) Pause Young (Normal) (G1 Evacuation Pause) 628M->16M(1024M) 9.935ms
[2026-01-28T10:20:16.439+0000][gc,cpu      ] GC(12) User=0.07s Sys=0.01s Real=0.01s
[2026-01-28T10:20:32.936+0000][gc,start    ] GC(13) Pause Young (Normal) (G1 Evacuation Pause)
[2026-01-28T10:20:32.936+0000][gc,task     ] GC(13) Using 10 workers of 10 for evacuation
[2026-01-28T10:20:32.949+0000][gc,phases   ] GC(13)   Pre Evacuate Collection Set: 0.9ms
[2026-01-28T10:20:32.949+0000][gc,phases   ] GC(13)   Merge Heap Roots: 0.2ms
[2026-01-28T10:20:32.949+0000][gc,phases   ] GC(13)   Evacuate Collection Set: 10.0ms
[2026-01-28T10:20:32.949+0000][gc,phases   ] GC(13)   Post Evacuate Collection Set: 1.5ms
[2026-01-28T10:20:32.949+0000][gc,phases   ] GC(13)   Other: 0.2ms
[2026-01-28T10:20:32.949+0000][gc,heap     ] GC(13) Eden regions: 612->0(612)
[2026-01-28T10:20:32.949+0000][gc,heap     ] GC(13) Survivor regions: 2->2(77)
[2026-01-28T10:20:32.949+0000][gc,heap     ] GC(13) Old regions: 14->14
[2026-01-28T10:20:32.949+0000][gc,heap     ] GC(13) Humongous regions: 1->1
[2026-01-28T10:20:32.949+0000][gc,metaspace] GC(13) Metaspace: 8054K(8320K)->8054K(8320K) NonClass: 7284K(7424K)->7284K(7424K) Class: 769K(896K)->769K(896K)
[2026-01-28T10:20:32.949+0000][gc          ] GC(13) Pause Young (Normal) (G1 Evacuation Pause) 628M->16M(1024M) 13.644ms
[2026-01-28T10:20:32.949+0000][gc,cpu      ] GC(13) User=0.11s Sys=0.00s Real=0.01s
[2026-01-28T10:20:50.018+0000][gc,start    ] GC(14) Pause Young (Normal) (G1 Evacuation Pause)
[2026-01-28T10:20:50.018+0000][gc,task     ] GC(14) Using 10 workers of 10 for evacuation
[2026-01-28T10:20:50.042+0000][gc,phases   ] GC(14)   Pre Evacuate Collection Set: 0.8ms
[2026-01-28T10:20:50.042+0000][gc,phases   ] GC(14)   Merge Heap Roots: 0.2ms
[2026-01-28T10:20:50.042+0000][gc,phases   ] GC(14)   Evacuate Collection Set: 20.8ms
[2026-01-28T10:20:50.042+0000][gc,phases   ] GC(14)   Post Evacuate Collection Set: 1.1ms
[2026-01-28T10:20:50.042+0000][gc,phases   ] GC(14)   Other: 0.2ms
[2026-01-28T10:20:50.042+0000][gc,heap     ] GC(14) Eden regions: 612->0(612)
[2026-01-28T10:20:50.042+0000][gc,heap     ] GC(14) Survivor regions: 2->2(77)
[2026-01-28T10:20:50.042+0000][gc,heap     ] GC(14) Old regions: 14->14
[2026-01-28T10:20:50.042+0000][gc,heap     ] GC(14) Humongous regions: 1->1
[2026-01-28T10:20:50.042+0000][gc,metaspace] GC(14) Metaspace: 8145K(8384K)->8145K(8384K) NonClass: 7375K(7488K)->7375K(7488K) Class: 769K(896K)->769K(896K)
[2026-01-28T10:20:50.042+0000][gc          ] GC(14) Pause Young (Normal) (G1 Evacuation Pause) 628M->16M(1024M) 24.556ms
[2026-01-28T10:20:50.042+0000][gc,cpu      ] GC(14) User=0.21s Sys=0.00s Real=0.03s
[2026-01-28T10:21:06.779+0000][gc,start    ] GC(15) Pause Young (Normal) (G1 Evacuation Pause)
[2026-01-28T10:21:06.780+0000][gc,task     ] GC(15) Using 10 workers of 10 for evacuation
[2026-01-28T10:21:06.787+0000][gc,phases   ] GC(15)   Pre Evacuate Collection Set: 1.0ms
[2026-01-28T10:21:06.787+0000][gc,phases   ] GC(15)   Merge Heap Roots: 0.1ms
[2026-01-28T10:21:06.787+0000][gc,phases   ] GC(15)   Evacuate Collection Set: 4.7ms
[2026-01-28T10:21:06.787+0000][gc,phases   ] GC(15)   Post Evacuate Collection Set: 0.9ms
[2026-01-28T10:21:06.787+0000][gc,phases   ] GC(15)   Other: 0.3ms
[2026-01-28T10:21:06.787+0000][gc,heap     ] GC(15) Eden regions: 612->0(612)
[2026-01-28T10:21:06.788+0000][gc,heap     ] GC(15) Survivor regions: 2->2(77)
[2026-01-28T10:21:06.788+0000][gc,heap     ] GC(15) Old regions: 14->14
[2026-01-28T10:21:06.788+0000][gc,heap     ] GC(15) Humongous regions: 1->1
[2026-01-28T10:21:06.788+0000][gc,metaspace] GC(15) Metaspace: 8199K(8448K)->8199K(8448K) NonClass: 7429K(7552K)->7429K(7552K) Class: 769K(896K)->769K(896K)
[2026-01-28T10:21:06.788+0000][gc          ] GC(15) Pause Young (Normal) (G1 Evacuation Pause) 628M->16M(1024M) 8.439ms
[2026-01-28T10:21:06.788+0000][gc,cpu      ] GC(15) User=0.05s Sys=0.00s Real=0.01s
[2026-01-28T10:21:23.117+0000][gc,start    ] GC(16) Pause Young (Normal) (G1 Evacuation Pause)
[2026-01-28T10:21:23.117+0000][gc,task     ] GC(16) Using 10 workers of 10 for evacuation
[2026-01-28T10:21:23.137+0000][gc,phases   ] GC(16)   Pre Evacuate Collection Set: 1.0ms
[2026-01-28T10:21:23.138+0000][gc,phases   ] GC(16)   Merge Heap Roots: 0.2ms
[2026-01-28T10:21:23.138+0000][gc,phases   ] GC(16)   Evacuate Collection Set: 17.5ms
[2026-01-28T10:21:23.138+0000][gc,phases   ] GC(16)   Post Evacuate Collection Set: 1.6ms
[2026-01-28T10:21:23.138+0000][gc,phases   ] GC(16)   Other: 0.2ms
[2026-01-28T10:21:23.138+0000][gc,heap     ] GC(16) Eden regions: 612->0(612)
[2026-01-28T10:21:23.138+0000][gc,heap     ] GC(16) Survivor regions: 2->2(77)
[2026-01-28T10:21:23.138+0000][gc,heap     ] GC(16) Old regions: 14->15
[2026-01-28T10:21:23.138+0000][gc,heap     ] GC(16) Humongous regions: 1->1
[2026-01-28T10:21:23.138+0000][gc,metaspace] GC(16) Metaspace: 8208K(8512K)->8208K(8512K) NonClass: 7438K(7616K)->7438K(7616K) Class: 769K(896K)->769K(896K)
[2026-01-28T10:21:23.138+0000][gc          ] GC(16) Pause Young (Normal) (G1 Evacuation Pause) 628M->16M(1024M) 21.495ms
[2026-01-28T10:21:23.138+0000][gc,cpu      ] GC(16) User=0.10s Sys=0.05s Real=0.02s
[2026-01-28T10:21:42.363+0000][gc,start    ] GC(17) Pause Young (Normal) (G1 Evacuation Pause)
[2026-01-28T10:21:42.363+0000][gc,task     ] GC(17) Using 10 workers of 10 for evacuation
[2026-01-28T10:21:42.374+0000][gc,phases   ] GC(17)   Pre Evacuate Collection Set: 1.1ms
[2026-01-28T10:21:42.374+0000][gc,phases   ] GC(17)   Merge Heap Roots: 0.2ms
[2026-01-28T10:21:42.374+0000][gc,phases   ] GC(17)   Evacuate Collection Set: 7.1ms
[2026-01-28T10:21:42.374+0000][gc,phases   ] GC(17)   Post Evacuate Collection Set: 1.9ms
[2026-01-28T10:21:42.374+0000][gc,phases   ] GC(17)   Other: 0.2ms
[2026-01-28T10:21:42.374+0000][gc,heap     ] GC(17) Eden regions: 612->0(612)
[2026-01-28T10:21:42.374+0000][gc,heap     ] GC(17) Survivor regions: 2->2(77)
[2026-01-28T10:21:42.374+0000][gc,heap     ] GC(17) Old regions: 15->15
[2026-01-28T10:21:42.374+0000][gc,heap     ] GC(17) Humongous regions: 1->1
[2026-01-28T10:21:42.374+0000][gc,metaspace] GC(17) Metaspace: 8213K(8512K)->8213K(8512K) NonClass: 7443K(7616K)->7443K(7616K) Class: 769K(896K)->769K(896K)
[2026-01-28T10:21:42.374+0000][gc          ] GC(17) Pause Young (Normal) (G1 Evacuation Pause) 628M->16M(1024M) 11.468ms
[2026-01-28T10:21:42.374+0000][gc,cpu      ] GC(17) User=0.08s Sys=0.00s Real=0.01s
[2026-01-28T10:21:59.788+0000][gc,start    ] GC(18) Pause Young (Normal) (G1 Evacuation Pause)
[2026-01-28T10:21:59.788+0000][gc,task     ] GC(18) Using 10 workers of 10 for evacuation
[2026-01-28T10:21:59.793+0000][gc,phases   ] GC(18)   Pre Evacuate Collection Set: 0.8ms
[2026-01-28T10:21:59.793+0000][gc,phases   ] GC(18)   Merge Heap Roots: 0.2ms
[2026-01-28T10:21:59.793+0000][gc,phases   ] GC(18)   Evacuate Collection Set: 3.3ms
[2026-01-28T10:21:59.793+0000][gc,phases   ] GC(18)   Post Evacuate Collection Set: 0.9ms
[2026-01-28T10:21:59.793+0000][gc,phases   ] GC(18)   Other: 0.1ms
[2026-01-28T10:21:59.793+0000][gc,heap     ] GC(18) Eden regions: 612->0(612)
[2026-01-28T10:21:59.793+0000][gc,heap     ] GC(18) Survivor regions: 2->2(77)
[2026-01-28T10:21:59.793+0000][gc,heap     ] GC(18) Old regions: 15->15
[2026-01-28T10:21:59.793+0000][gc,heap     ] GC(18) Humongous regions: 1->1
[2026-01-28T10:21:59.794+0000][gc,metaspace] GC(18) Metaspace: 8371K(8640K)->8371K(8640K) NonClass: 7601K(7744K)->7601K(7744K) Class: 769K(896K)->769K(896K)
[2026-01-28T10:21:59.794+0000][gc          ] GC(18) Pause Young (Normal) (G1 Evacuation Pause) 628M->16M(1024M) 5.989ms
[2026-01-28T10:21:59.794+0000][gc,cpu      ] GC(18) User=0.04s Sys=0.00s Real=0.01s
[2026-01-28T10:22:16.371+0000][gc,start    ] GC(19) Pause Young (Normal) (G1 Evacuation Pause)
[2026-01-28T10:22:16.372+0000][gc,task     ] GC(19) Using 10 workers of 10 for evacuation
[2026-01-28T10:22:16.378+0000][gc,phases   ] GC(19)   Pre Evacuate Collection Set: 0.8ms
[2026-01-28T10:22:16.378+0000][gc,phases   ] GC(19)   Merge Heap Roots: 0.1ms
[2026-01-28T10:22:16.378+0000][gc,phases   ] GC(19)   Evacuate Collection Set: 4.5ms
[2026-01-28T10:22:16.378+0000][gc,phases   ] GC(19)   Post Evacuate Collection Set: 0.8ms
[2026-01-28T10:22:16.378+0000][gc,phases   ] GC(19)   Other: 0.2ms
[2026-01-28T10:22:16.379+0000][gc,heap     ] GC(19) Eden regions: 612->0(612)
[2026-01-28T10:22:16.379+0000][gc,heap     ] GC(19) Survivor regions: 2->2(77)
[2026-01-28T10:22:16.379+0000][gc,heap     ] GC(19) Old regions: 15->15
[2026-01-28T10:22:16.379+0000][gc,heap     ] GC(19) Humongous regions: 1->1
[2026-01-28T10:22:16.379+0000][gc,metaspace] GC(19) Metaspace: 8422K(8704K)->8422K(8704K) NonClass: 7653K(7808K)->7653K(7808K) Class: 769K(896K)->769K(896K)
[2026-01-28T10:22:16.379+0000][gc          ] GC(19) Pause Young (Normal) (G1 Evacuation Pause) 628M->16M(1024M) 7.780ms
[2026-01-28T10:22:16.379+0000][gc,cpu      ] GC(19) User=0.05s Sys=0.00s Real=0.01s
[2026-01-28T10:22:32.924+0000][gc,start    ] GC(20) Pause Young (Normal) (G1 Evacuation Pause)
[2026-01-28T10:22:32.925+0000][gc,task     ] GC(20) Using 10 workers of 10 for evacuation
[2026-01-28T10:22:32.931+0000][gc,phases   ] GC(20)   Pre Evacuate Collection Set: 0.9ms
[2026-01-28T10:22:32.931+0000][gc,phases   ] GC(20)   Merge Heap Roots: 0.3ms
[2026-01-28T10:22:32.931+0000][gc,phases   ] GC(20)   Evacuate Collection Set: 4.1ms
[2026-01-28T10:22:32.931+0000][gc,phases   ] GC(20)   Post Evacuate Collection Set: 0.8ms
[2026-01-28T10:22:32.931+0000][gc,phases   ] GC(20)   Other: 0.2ms
[2026-01-28T10:22:32.931+0000][gc,heap     ] GC(20) Eden regions: 612->0(611)
[2026-01-28T10:22:32.931+0000][gc,heap     ] GC(20) Survivor regions: 2->3(77)
[2026-01-28T10:22:32.931+0000][gc,heap     ] GC(20) Old regions: 15->15
[2026-01-28T10:22:32.931+0000][gc,heap     ] GC(20) Humongous regions: 1->1
[2026-01-28T10:22:32.931+0000][gc,metaspace] GC(20) Metaspace: 8422K(8704K)->8422K(8704K) NonClass: 7653K(7808K)->7653K(7808K) Class: 769K(896K)->769K(896K)
[2026-01-28T10:22:32.931+0000][gc          ] GC(20) Pause Young (Normal) (G1 Evacuation Pause) 628M->17M(1024M) 7.014ms
[2026-01-28T10:22:32.931+0000][gc,cpu      ] GC(20) User=0.04s Sys=0.01s Real=0.01s
[2026-01-28T10:22:49.772+0000][gc,start    ] GC(21) Pause Young (Normal) (G1 Evacuation Pause)
[2026-01-28T10:22:49.773+0000][gc,task     ] GC(21) Using 10 workers of 10 for evacuation
[2026-01-28T10:22:49.786+0000][gc,phases   ] GC(21)   Pre Evacuate Collection Set: 1.0ms
[2026-01-28T10:22:49.786+0000][gc,phases   ] GC(21)   Merge Heap Roots: 0.2ms
[2026-01-28T10:22:49.786+0000][gc,phases   ] GC(21)   Evacuate Collection Set: 10.4ms
[2026-01-28T10:22:49.787+0000][gc,phases   ] GC(21)   Post Evacuate Collection Set: 1.4ms
[2026-01-28T10:22:49.787+0000][gc,phases   ] GC(21)   Other: 0.2ms
[2026-01-28T10:22:49.787+0000][gc,heap     ] GC(21) Eden regions: 611->0(611)
[2026-01-28T10:22:49.787+0000][gc,heap     ] GC(21) Survivor regions: 3->3(77)
[2026-01-28T10:22:49.787+0000][gc,heap     ] GC(21) Old regions: 15->15
[2026-01-28T10:22:49.787+0000][gc,heap     ] GC(21) Humongous regions: 1->1
[2026-01-28T10:22:49.787+0000][gc,metaspace] GC(21) Metaspace: 8428K(8704K)->8428K(8704K) NonClass: 7658K(7808K)->7658K(7808K) Class: 769K(896K)->769K(896K)
[2026-01-28T10:22:49.787+0000][gc          ] GC(21) Pause Young (Normal) (G1 Evacuation Pause) 628M->17M(1024M) 14.696ms
[2026-01-28T10:22:49.787+0000][gc,cpu      ] GC(21) User=0.11s Sys=0.00s Real=0.01s
[2026-01-28T10:23:06.654+0000][gc,start    ] GC(22) Pause Young (Normal) (G1 Evacuation Pause)
[2026-01-28T10:23:06.655+0000][gc,task     ] GC(22) Using 10 workers of 10 for evacuation
[2026-01-28T10:23:06.661+0000][gc,phases   ] GC(22)   Pre Evacuate Collection Set: 0.7ms
[2026-01-28T10:23:06.661+0000][gc,phases   ] GC(22)   Merge Heap Roots: 0.2ms
[2026-01-28T10:23:06.661+0000][gc,phases   ] GC(22)   Evacuate Collection Set: 3.9ms
[2026-01-28T10:23:06.661+0000][gc,phases   ] GC(22)   Post Evacuate Collection Set: 0.7ms
[2026-01-28T10:23:06.661+0000][gc,phases   ] GC(22)   Other: 0.1ms
[2026-01-28T10:23:06.661+0000][gc,heap     ] GC(22) Eden regions: 611->0(611)
[2026-01-28T10:23:06.661+0000][gc,heap     ] GC(22) Survivor regions: 3->3(77)
[2026-01-28T10:23:06.661+0000][gc,heap     ] GC(22) Old regions: 15->15
[2026-01-28T10:23:06.661+0000][gc,heap     ] GC(22) Humongous regions: 1->1
[2026-01-28T10:23:06.661+0000][gc,metaspace] GC(22) Metaspace: 8438K(8704K)->8438K(8704K) NonClass: 7668K(7808K)->7668K(7808K) Class: 769K(896K)->769K(896K)
[2026-01-28T10:23:06.661+0000][gc          ] GC(22) Pause Young (Normal) (G1 Evacuation Pause) 628M->18M(1024M) 7.125ms
[2026-01-28T10:23:06.661+0000][gc,cpu      ] GC(22) User=0.05s Sys=0.00s Real=0.01s
[2026-01-28T10:23:23.220+0000][gc,start    ] GC(23) Pause Young (Normal) (G1 Evacuation Pause)
[2026-01-28T10:23:23.220+0000][gc,task     ] GC(23) Using 10 workers of 10 for evacuation
[2026-01-28T10:23:23.231+0000][gc,phases   ] GC(23)   Pre Evacuate Collection Set: 0.8ms
[2026-01-28T10:23:23.231+0000][gc,phases   ] GC(23)   Merge Heap Roots: 0.2ms
[2026-01-28T10:23:23.231+0000][gc,phases   ] GC(23)   Evacuate Collection Set: 8.4ms
[2026-01-28T10:23:23.231+0000][gc,phases   ] GC(23)   Post Evacuate Collection Set: 0.8ms
[2026-01-28T10:23:23.231+0000][gc,phases   ] GC(23)   Other: 0.2ms
[2026-01-28T10:23:23.231+0000][gc,heap     ] GC(23) Eden regions: 611->0(610)
[2026-01-28T10:23:23.231+0000][gc,heap     ] GC(23) Survivor regions: 3->4(77)
[2026-01-28T10:23:23.231+0000][gc,heap     ] GC(23) Old regions: 15->15
[2026-01-28T10:23:23.231+0000][gc,heap     ] GC(23) Humongous regions: 1->1
[2026-01-28T10:23:23.231+0000][gc,metaspace] GC(23) Metaspace: 8443K(8704K)->8443K(8704K) NonClass: 7674K(7808K)->7674K(7808K) Class: 769K(896K)->769K(896K)
[2026-01-28T10:23:23.231+0000][gc          ] GC(23) Pause Young (Normal) (G1 Evacuation Pause) 629M->18M(1024M) 11.014ms
[2026-01-28T10:23:23.231+0000][gc,cpu      ] GC(23) User=0.08s Sys=0.00s Real=0.02s
[2026-01-28T10:23:40.118+0000][gc,start    ] GC(24) Pause Young (Normal) (G1 Evacuation Pause)
[2026-01-28T10:23:40.118+0000][gc,task     ] GC(24) Using 10 workers of 10 for evacuation
[2026-01-28T10:23:40.124+0000][gc,phases   ] GC(24)   Pre Evacuate Collection Set: 1.0ms
[2026-01-28T10:23:40.124+0000][gc,phases   ] GC(24)   Merge Heap Roots: 0.2ms
[2026-01-28T10:23:40.124+0000][gc,phases   ] GC(24)   Evacuate Collection Set: 3.4ms
[2026-01-28T10:23:40.124+0000][gc,phases   ] GC(24)   Post Evacuate Collection Set: 0.7ms
[2026-01-28T10:23:40.124+0000][gc,phases   ] GC(24)   Other: 0.1ms
[2026-01-28T10:23:40.124+0000][gc,heap     ] GC(24) Eden regions: 610->0(610)
[2026-01-28T10:23:40.124+0000][gc,heap     ] GC(24) Survivor regions: 4->4(77)
[2026-01-28T10:23:40.124+0000][gc,heap     ] GC(24) Old regions: 15->15
[2026-01-28T10:23:40.124+0000][gc,heap     ] GC(24) Humongous regions: 1->1
[2026-01-28T10:23:40.124+0000][gc,metaspace] GC(24) Metaspace: 8448K(8704K)->8448K(8704K) NonClass: 7679K(7808K)->7679K(7808K) Class: 769K(896K)->769K(896K)
[2026-01-28T10:23:40.124+0000][gc          ] GC(24) Pause Young (Normal) (G1 Evacuation Pause) 628M->18M(1024M) 6.042ms
[2026-01-28T10:23:40.124+0000][gc,cpu      ] GC(24) User=0.04s Sys=0.00s Real=0.01s
[2026-01-28T10:23:56.657+0000][gc,start    ] GC(25) Pause Young (Normal) (G1 Evacuation Pause)
[2026-01-28T10:23:56.658+0000][gc,task     ] GC(25) Using 10 workers of 10 for evacuation
[2026-01-28T10:23:56.666+0000][gc,phases   ] GC(25)   Pre Evacuate Collection Set: 0.8ms
[2026-01-28T10:23:56.666+0000][gc,phases   ] GC(25)   Merge Heap Roots: 0.2ms
[2026-01-28T10:23:56.666+0000][gc,phases   ] GC(25)   Evacuate Collection Set: 6.4ms
[2026-01-28T10:23:56.666+0000][gc,phases   ] GC(25)   Post Evacuate Collection Set: 0.7ms
[2026-01-28T10:23:56.666+0000][gc,phases   ] GC(25)   Other: 0.2ms
[2026-01-28T10:23:56.666+0000][gc,heap     ] GC(25) Eden regions: 610->0(610)
[2026-01-28T10:23:56.666+0000][gc,heap     ] GC(25) Survivor regions: 4->4(77)
[2026-01-28T10:23:56.667+0000][gc,heap     ] GC(25) Old regions: 15->15
[2026-01-28T10:23:56.667+0000][gc,heap     ] GC(25) Humongous regions: 1->1
[2026-01-28T10:23:56.667+0000][gc,metaspace] GC(25) Metaspace: 8450K(8704K)->8450K(8704K) NonClass: 7680K(7808K)->7680K(7808K) Class: 769K(896K)->769K(896K)
[2026-01-28T10:23:56.667+0000][gc          ] GC(25) Pause Young (Normal) (G1 Evacuation Pause) 628M->19M(1024M) 9.671ms
[2026-01-28T10:23:56.667+0000][gc,cpu      ] GC(25) User=0.07s Sys=0.00s Real=0.01s
[2026-01-28T10:24:12.772+0000][gc,start    ] GC(26) Pause Young (Normal) (G1 Evacuation Pause)
[2026-01-28T10:24:12.774+0000][gc,task     ] GC(26) Using 10 workers of 10 for evacuation
[2026-01-28T10:24:12.785+0000][gc,phases   ] GC(26)   Pre Evacuate Collection Set: 0.8ms
[2026-01-28T10:24:12.785+0000][gc,phases   ] GC(26)   Merge Heap Roots: 0.1ms
[2026-01-28T10:24:12.785+0000][gc,phases   ] GC(26)   Evacuate Collection Set: 8.8ms
[2026-01-28T10:24:12.786+0000][gc,phases   ] GC(26)   Post Evacuate Collection Set: 1.4ms
[2026-01-28T10:24:12.786+0000][gc,phases   ] GC(26)   Other: 0.2ms
[2026-01-28T10:24:12.786+0000][gc,heap     ] GC(26) Eden regions: 610->0(609)
[2026-01-28T10:24:12.786+0000][gc,heap     ] GC(26) Survivor regions: 4->5(77)
[2026-01-28T10:24:12.786+0000][gc,heap     ] GC(26) Old regions: 15->15
[2026-01-28T10:24:12.786+0000][gc,heap     ] GC(26) Humongous regions: 1->1
[2026-01-28T10:24:12.786+0000][gc,metaspace] GC(26) Metaspace: 8463K(8704K)->8463K(8704K) NonClass: 7694K(7808K)->7694K(7808K) Class: 769K(896K)->769K(896K)
[2026-01-28T10:24:12.786+0000][gc          ] GC(26) Pause Young (Normal) (G1 Evacuation Pause) 629M->19M(1024M) 14.060ms
[2026-01-28T10:24:12.786+0000][gc,cpu      ] GC(26) User=0.09s Sys=0.00s Real=0.01s
[2026-01-28T10:24:29.085+0000][gc,start    ] GC(27) Pause Young (Normal) (G1 Evacuation Pause)
[2026-01-28T10:24:29.085+0000][gc,task     ] GC(27) Using 10 workers of 10 for evacuation
[2026-01-28T10:24:29.092+0000][gc,phases   ] GC(27)   Pre Evacuate Collection Set: 0.9ms
[2026-01-28T10:24:29.092+0000][gc,phases   ] GC(27)   Merge Heap Roots: 0.2ms
[2026-01-28T10:24:29.092+0000][gc,phases   ] GC(27)   Evacuate Collection Set: 5.1ms
[2026-01-28T10:24:29.092+0000][gc,phases   ] GC(27)   Post Evacuate Collection Set: 0.7ms
[2026-01-28T10:24:29.092+0000][gc,phases   ] GC(27)   Other: 0.1ms
[2026-01-28T10:24:29.092+0000][gc,heap     ] GC(27) Eden regions: 609->0(609)
[2026-01-28T10:24:29.092+0000][gc,heap     ] GC(27) Survivor regions: 5->5(77)
[2026-01-28T10:24:29.092+0000][gc,heap     ] GC(27) Old regions: 15->15
[2026-01-28T10:24:29.092+0000][gc,heap     ] GC(27) Humongous regions: 1->1
[2026-01-28T10:24:29.092+0000][gc,metaspace] GC(27) Metaspace: 8464K(8704K)->8464K(8704K) NonClass: 7695K(7808K)->7695K(7808K) Class: 769K(896K)->769K(896K)
[2026-01-28T10:24:29.092+0000][gc          ] GC(27) Pause Young (Normal) (G1 Evacuation Pause) 628M->20M(1024M) 7.823ms
[2026-01-28T10:24:29.092+0000][gc,cpu      ] GC(27) User=0.06s Sys=0.00s Real=0.01s
[2026-01-28T10:24:44.644+0000][gc,start    ] GC(28) Pause Young (Normal) (G1 Evacuation Pause)
[2026-01-28T10:24:44.644+0000][gc,task     ] GC(28) Using 10 workers of 10 for evacuation
[2026-01-28T10:24:44.652+0000][gc,phases   ] GC(28)   Pre Evacuate Collection Set: 0.9ms
[2026-01-28T10:24:44.652+0000][gc,phases   ] GC(28)   Merge Heap Roots: 0.2ms
[2026-01-28T10:24:44.652+0000][gc,phases   ] GC(28)   Evacuate Collection Set: 5.5ms
[2026-01-28T10:24:44.652+0000][gc,phases   ] GC(28)   Post Evacuate Collection Set: 1.1ms
[2026-01-28T10:24:44.652+0000][gc,phases   ] GC(28)   Other: 0.2ms
[2026-01-28T10:24:44.652+0000][gc,heap     ] GC(28) Eden regions: 609->0(609)
[2026-01-28T10:24:44.652+0000][gc,heap     ] GC(28) Survivor regions: 5->5(77)
[2026-01-28T10:24:44.653+0000][gc,heap     ] GC(28) Old regions: 15->15
[2026-01-28T10:24:44.653+0000][gc,heap     ] GC(28) Humongous regions: 1->1
[2026-01-28T10:24:44.653+0000][gc,metaspace] GC(28) Metaspace: 8464K(8704K)->8464K(8704K) NonClass: 7695K(7808K)->7695K(7808K) Class: 769K(896K)->769K(896K)
[2026-01-28T10:24:44.653+0000][gc          ] GC(28) Pause Young (Normal) (G1 Evacuation Pause) 629M->20M(1024M) 8.765ms
[2026-01-28T10:24:44.653+0000][gc,cpu      ] GC(28) User=0.06s Sys=0.00s Real=0.01s
[2026-01-28T10:25:00.645+0000][gc,start    ] GC(29) Pause Young (Normal) (G1 Evacuation Pause)
[2026-01-28T10:25:00.646+0000][gc,task     ] GC(29) Using 10 workers of 10 for evacuation
[2026-01-28T10:25:00.654+0000][gc,phases   ] GC(29)   Pre Evacuate Collection Set: 0.7ms
[2026-01-28T10:25:00.654+0000][gc,phases   ] GC(29)   Merge Heap Roots: 0.2ms
[2026-01-28T10:25:00.654+0000][gc,phases   ] GC(29)   Evacuate Collection Set: 5.8ms
[2026-01-28T10:25:00.654+0000][gc,phases   ] GC(29)   Post Evacuate Collection Set: 0.7ms
[2026-01-28T10:25:00.654+0000][gc,phases   ] GC(29)   Other: 0.2ms
[2026-01-28T10:25:00.654+0000][gc,heap     ] GC(29) Eden regions: 609->0(608)
[2026-01-28T10:25:00.654+0000][gc,heap     ] GC(29) Survivor regions: 5->6(77)
[2026-01-28T10:25:00.654+0000][gc,heap     ] GC(29) Old regions: 15->15
[2026-01-28T10:25:00.654+0000][gc,heap     ] GC(29) Humongous regions: 1->1
[2026-01-28T10:25:00.654+0000][gc,metaspace] GC(29) Metaspace: 8464K(8704K)->8464K(8704K) NonClass: 7695K(7808K)->7695K(7808K) Class: 769K(896K)->769K(896K)
[2026-01-28T10:25:00.654+0000][gc          ] GC(29) Pause Young (Normal) (G1 Evacuation Pause) 629M->20M(1024M) 8.853ms
[2026-01-28T10:25:00.654+0000][gc,cpu      ] GC(29) User=0.04s Sys=0.01s Real=0.01s
[2026-01-28T10:25:16.198+0000][gc,start    ] GC(30) Pause Young (Normal) (G1 Evacuation Pause)
[2026-01-28T10:25:16.198+0000][gc,task     ] GC(30) Using 10 workers of 10 for evacuation
[2026-01-28T10:25:16.211+0000][gc,phases   ] GC(30)   Pre Evacuate Collection Set: 1.4ms
[2026-01-28T10:25:16.211+0000][gc,phases   ] GC(30)   Merge Heap Roots: 0.4ms
[2026-01-28T10:25:16.211+0000][gc,phases   ] GC(30)   Evacuate Collection Set: 10.1ms
[2026-01-28T10:25:16.211+0000][gc,phases   ] GC(30)   Post Evacuate Collection Set: 0.8ms
[2026-01-28T10:25:16.211+0000][gc,phases   ] GC(30)   Other: 0.2ms
[2026-01-28T10:25:16.211+0000][gc,heap     ] GC(30) Eden regions: 608->0(608)
[2026-01-28T10:25:16.211+0000][gc,heap     ] GC(30) Survivor regions: 6->6(77)
[2026-01-28T10:25:16.211+0000][gc,heap     ] GC(30) Old regions: 15->15
[2026-01-28T10:25:16.211+0000][gc,heap     ] GC(30) Humongous regions: 1->1
[2026-01-28T10:25:16.211+0000][gc,metaspace] GC(30) Metaspace: 8468K(8704K)->8468K(8704K) NonClass: 7698K(7808K)->7698K(7808K) Class: 769K(896K)->769K(896K)
[2026-01-28T10:25:16.212+0000][gc          ] GC(30) Pause Young (Normal) (G1 Evacuation Pause) 628M->21M(1024M) 13.812ms
[2026-01-28T10:25:16.212+0000][gc,cpu      ] GC(30) User=0.11s Sys=0.00s Real=0.02s
[2026-01-28T10:25:31.742+0000][gc,start    ] GC(31) Pause Young (Normal) (G1 Evacuation Pause)
[2026-01-28T10:25:31.743+0000][gc,task     ] GC(31) Using 10 workers of 10 for evacuation
[2026-01-28T10:25:31.751+0000][gc,phases   ] GC(31)   Pre Evacuate Collection Set: 0.8ms
[2026-01-28T10:25:31.751+0000][gc,phases   ] GC(31)   Merge Heap Roots: 0.2ms
[2026-01-28T10:25:31.751+0000][gc,phases   ] GC(31)   Evacuate Collection Set: 5.3ms
[2026-01-28T10:25:31.751+0000][gc,phases   ] GC(31)   Post Evacuate Collection Set: 0.8ms
[2026-01-28T10:25:31.751+0000][gc,phases   ] GC(31)   Other: 0.1ms
[2026-01-28T10:25:31.751+0000][gc,heap     ] GC(31) Eden regions: 608->0(608)
[2026-01-28T10:25:31.751+0000][gc,heap     ] GC(31) Survivor regions: 6->6(77)
[2026-01-28T10:25:31.751+0000][gc,heap     ] GC(31) Old regions: 15->16
[2026-01-28T10:25:31.751+0000][gc,heap     ] GC(31) Humongous regions: 1->1
[2026-01-28T10:25:31.751+0000][gc,metaspace] GC(31) Metaspace: 8468K(8704K)->8468K(8704K) NonClass: 7698K(7808K)->7698K(7808K) Class: 769K(896K)->769K(896K)
[2026-01-28T10:25:31.751+0000][gc          ] GC(31) Pause Young (Normal) (G1 Evacuation Pause) 629M->21M(1024M) 8.834ms
[2026-01-28T10:25:31.751+0000][gc,cpu      ] GC(31) User=0.06s Sys=0.00s Real=0.00s
[2026-01-28T10:25:47.877+0000][gc,start    ] GC(32) Pause Young (Normal) (G1 Evacuation Pause)
[2026-01-28T10:25:47.878+0000][gc,task     ] GC(32) Using 10 workers of 10 for evacuation
[2026-01-28T10:25:47.896+0000][gc,phases   ] GC(32)   Pre Evacuate Collection Set: 1.1ms
[2026-01-28T10:25:47.897+0000][gc,phases   ] GC(32)   Merge Heap Roots: 0.2ms
[2026-01-28T10:25:47.897+0000][gc,phases   ] GC(32)   Evacuate Collection Set: 16.2ms
[2026-01-28T10:25:47.897+0000][gc,phases   ] GC(32)   Post Evacuate Collection Set: 0.9ms
[2026-01-28T10:25:47.897+0000][gc,phases   ] GC(32)   Other: 0.2ms
[2026-01-28T10:25:47.897+0000][gc,heap     ] GC(32) Eden regions: 608->0(608)
[2026-01-28T10:25:47.897+0000][gc,heap     ] GC(32) Survivor regions: 6->6(77)
[2026-01-28T10:25:47.897+0000][gc,heap     ] GC(32) Old regions: 16->16
[2026-01-28T10:25:47.897+0000][gc,heap     ] GC(32) Humongous regions: 1->1
[2026-01-28T10:25:47.897+0000][gc,metaspace] GC(32) Metaspace: 8475K(8704K)->8475K(8704K) NonClass: 7706K(7808K)->7706K(7808K) Class: 769K(896K)->769K(896K)
[2026-01-28T10:25:47.897+0000][gc          ] GC(32) Pause Young (Normal) (G1 Evacuation Pause) 629M->22M(1024M) 20.030ms
[2026-01-28T10:25:47.897+0000][gc,cpu      ] GC(32) User=0.16s Sys=0.00s Real=0.02s
[2026-01-28T10:26:03.060+0000][gc,start    ] GC(33) Pause Young (Normal) (G1 Evacuation Pause)
[2026-01-28T10:26:03.060+0000][gc,task     ] GC(33) Using 10 workers of 10 for evacuation
[2026-01-28T10:26:03.065+0000][gc,phases   ] GC(33)   Pre Evacuate Collection Set: 0.8ms
[2026-01-28T10:26:03.065+0000][gc,phases   ] GC(33)   Merge Heap Roots: 0.2ms
[2026-01-28T10:26:03.065+0000][gc,phases   ] GC(33)   Evacuate Collection Set: 3.0ms
[2026-01-28T10:26:03.065+0000][gc,phases   ] GC(33)   Post Evacuate Collection Set: 0.5ms
[2026-01-28T10:26:03.065+0000][gc,phases   ] GC(33)   Other: 0.1ms
[2026-01-28T10:26:03.065+0000][gc,heap     ] GC(33) Eden regions: 608->0(608)
[2026-01-28T10:26:03.065+0000][gc,heap     ] GC(33) Survivor regions: 6->6(77)
[2026-01-28T10:26:03.065+0000][gc,heap     ] GC(33) Old regions: 16->16
[2026-01-28T10:26:03.065+0000][gc,heap     ] GC(33) Humongous regions: 1->1
[2026-01-28T10:26:03.065+0000][gc,metaspace] GC(33) Metaspace: 8476K(8704K)->8476K(8704K) NonClass: 7706K(7808K)->7706K(7808K) Class: 769K(896K)->769K(896K)
[2026-01-28T10:26:03.065+0000][gc          ] GC(33) Pause Young (Normal) (G1 Evacuation Pause) 630M->22M(1024M) 5.871ms
[2026-01-28T10:26:03.065+0000][gc,cpu      ] GC(33) User=0.03s Sys=0.00s Real=0.01s
[2026-01-28T10:26:19.003+0000][gc,start    ] GC(34) Pause Young (Normal) (G1 Evacuation Pause)
[2026-01-28T10:26:19.004+0000][gc,task     ] GC(34) Using 10 workers of 10 for evacuation
[2026-01-28T10:26:19.011+0000][gc,phases   ] GC(34)   Pre Evacuate Collection Set: 2.1ms
[2026-01-28T10:26:19.011+0000][gc,phases   ] GC(34)   Merge Heap Roots: 0.3ms
[2026-01-28T10:26:19.011+0000][gc,phases   ] GC(34)   Evacuate Collection Set: 3.5ms
[2026-01-28T10:26:19.011+0000][gc,phases   ] GC(34)   Post Evacuate Collection Set: 0.7ms
[2026-01-28T10:26:19.011+0000][gc,phases   ] GC(34)   Other: 0.1ms
[2026-01-28T10:26:19.011+0000][gc,heap     ] GC(34) Eden regions: 608->0(607)
[2026-01-28T10:26:19.011+0000][gc,heap     ] GC(34) Survivor regions: 6->7(77)
[2026-01-28T10:26:19.011+0000][gc,heap     ] GC(34) Old regions: 16->16
[2026-01-28T10:26:19.011+0000][gc,heap     ] GC(34) Humongous regions: 1->1
[2026-01-28T10:26:19.011+0000][gc,metaspace] GC(34) Metaspace: 8476K(8704K)->8476K(8704K) NonClass: 7707K(7808K)->7707K(7808K) Class: 769K(896K)->769K(896K)
[2026-01-28T10:26:19.011+0000][gc          ] GC(34) Pause Young (Normal) (G1 Evacuation Pause) 630M->22M(1024M) 8.184ms
[2026-01-28T10:26:19.011+0000][gc,cpu      ] GC(34) User=0.05s Sys=0.00s Real=0.01s
[2026-01-28T10:26:34.927+0000][gc,start    ] GC(35) Pause Young (Normal) (G1 Evacuation Pause)
[2026-01-28T10:26:34.928+0000][gc,task     ] GC(35) Using 10 workers of 10 for evacuation
[2026-01-28T10:26:34.944+0000][gc,phases   ] GC(35)   Pre Evacuate Collection Set: 0.7ms
[2026-01-28T10:26:34.944+0000][gc,phases   ] GC(35)   Merge Heap Roots: 0.3ms
[2026-01-28T10:26:34.944+0000][gc,phases   ] GC(35)   Evacuate Collection Set: 14.0ms
[2026-01-28T10:26:34.944+0000][gc,phases   ] GC(35)   Post Evacuate Collection Set: 0.7ms
[2026-01-28T10:26:34.944+0000][gc,phases   ] GC(35)   Other: 0.1ms
[2026-01-28T10:26:34.944+0000][gc,heap     ] GC(35) Eden regions: 607->0(607)
[2026-01-28T10:26:34.944+0000][gc,heap     ] GC(35) Survivor regions: 7->7(77)
[2026-01-28T10:26:34.944+0000][gc,heap     ] GC(35) Old regions: 16->17
[2026-01-28T10:26:34.944+0000][gc,heap     ] GC(35) Humongous regions: 1->1
[2026-01-28T10:26:34.944+0000][gc,metaspace] GC(35) Metaspace: 8477K(8704K)->8477K(8704K) NonClass: 7707K(7808K)->7707K(7808K) Class: 769K(896K)->769K(896K)
[2026-01-28T10:26:34.944+0000][gc          ] GC(35) Pause Young (Normal) (G1 Evacuation Pause) 629M->23M(1024M) 16.982ms
[2026-01-28T10:26:34.944+0000][gc,cpu      ] GC(35) User=0.07s Sys=0.03s Real=0.02s
[2026-01-28T10:26:50.696+0000][gc,start    ] GC(36) Pause Young (Normal) (G1 Evacuation Pause)
[2026-01-28T10:26:50.696+0000][gc,task     ] GC(36) Using 10 workers of 10 for evacuation
[2026-01-28T10:26:50.706+0000][gc,phases   ] GC(36)   Pre Evacuate Collection Set: 0.9ms
[2026-01-28T10:26:50.706+0000][gc,phases   ] GC(36)   Merge Heap Roots: 0.2ms
[2026-01-28T10:26:50.706+0000][gc,phases   ] GC(36)   Evacuate Collection Set: 7.4ms
[2026-01-28T10:26:50.706+0000][gc,phases   ] GC(36)   Post Evacuate Collection Set: 0.9ms
[2026-01-28T10:26:50.706+0000][gc,phases   ] GC(36)   Other: 0.2ms
[2026-01-28T10:26:50.706+0000][gc,heap     ] GC(36) Eden regions: 607->0(608)
[2026-01-28T10:26:50.706+0000][gc,heap     ] GC(36) Survivor regions: 7->6(77)
[2026-01-28T10:26:50.706+0000][gc,heap     ] GC(36) Old regions: 17->17
[2026-01-28T10:26:50.706+0000][gc,heap     ] GC(36) Humongous regions: 1->1
[2026-01-28T10:26:50.706+0000][gc,metaspace] GC(36) Metaspace: 8479K(8704K)->8479K(8704K) NonClass: 7709K(7808K)->7709K(7808K) Class: 769K(896K)->769K(896K)
[2026-01-28T10:26:50.706+0000][gc          ] GC(36) Pause Young (Normal) (G1 Evacuation Pause) 630M->23M(1024M) 10.722ms
[2026-01-28T10:26:50.706+0000][gc,cpu      ] GC(36) User=0.08s Sys=0.00s Real=0.01s
[2026-01-28T10:27:06.387+0000][gc,start    ] GC(37) Pause Young (Normal) (G1 Evacuation Pause)
[2026-01-28T10:27:06.389+0000][gc,task     ] GC(37) Using 10 workers of 10 for evacuation
[2026-01-28T10:27:06.400+0000][gc,phases   ] GC(37)   Pre Evacuate Collection Set: 2.0ms
[2026-01-28T10:27:06.400+0000][gc,phases   ] GC(37)   Merge Heap Roots: 0.5ms
[2026-01-28T10:27:06.400+0000][gc,phases   ] GC(37)   Evacuate Collection Set: 7.7ms
[2026-01-28T10:27:06.400+0000][gc,phases   ] GC(37)   Post Evacuate Collection Set: 0.9ms
[2026-01-28T10:27:06.400+0000][gc,phases   ] GC(37)   Other: 0.5ms
[2026-01-28T10:27:06.400+0000][gc,heap     ] GC(37) Eden regions: 608->0(608)
[2026-01-28T10:27:06.400+0000][gc,heap     ] GC(37) Survivor regions: 6->6(77)
[2026-01-28T10:27:06.400+0000][gc,heap     ] GC(37) Old regions: 17->18
[2026-01-28T10:27:06.400+0000][gc,heap     ] GC(37) Humongous regions: 1->1
[2026-01-28T10:27:06.400+0000][gc,metaspace] GC(37) Metaspace: 8480K(8704K)->8480K(8704K) NonClass: 7710K(7808K)->7710K(7808K) Class: 769K(896K)->769K(896K)
[2026-01-28T10:27:06.401+0000][gc          ] GC(37) Pause Young (Normal) (G1 Evacuation Pause) 631M->24M(1024M) 13.500ms
[2026-01-28T10:27:06.401+0000][gc,cpu      ] GC(37) User=0.09s Sys=0.00s Real=0.01s
[2026-01-28T10:27:22.389+0000][gc,start    ] GC(38) Pause Young (Normal) (G1 Evacuation Pause)
[2026-01-28T10:27:22.389+0000][gc,task     ] GC(38) Using 10 workers of 10 for evacuation
[2026-01-28T10:27:22.398+0000][gc,phases   ] GC(38)   Pre Evacuate Collection Set: 0.8ms
[2026-01-28T10:27:22.398+0000][gc,phases   ] GC(38)   Merge Heap Roots: 0.2ms
[2026-01-28T10:27:22.399+0000][gc,phases   ] GC(38)   Evacuate Collection Set: 7.1ms
[2026-01-28T10:27:22.399+0000][gc,phases   ] GC(38)   Post Evacuate Collection Set: 1.0ms
[2026-01-28T10:27:22.399+0000][gc,phases   ] GC(38)   Other: 0.2ms
[2026-01-28T10:27:22.399+0000][gc,heap     ] GC(38) Eden regions: 608->0(608)
[2026-01-28T10:27:22.399+0000][gc,heap     ] GC(38) Survivor regions: 6->6(77)
[2026-01-28T10:27:22.399+0000][gc,heap     ] GC(38) Old regions: 18->18
[2026-01-28T10:27:22.399+0000][gc,heap     ] GC(38) Humongous regions: 1->1
[2026-01-28T10:27:22.399+0000][gc,metaspace] GC(38) Metaspace: 8480K(8704K)->8480K(8704K) NonClass: 7710K(7808K)->7710K(7808K) Class: 769K(896K)->769K(896K)
[2026-01-28T10:27:22.399+0000][gc          ] GC(38) Pause Young (Normal) (G1 Evacuation Pause) 632M->24M(1024M) 10.245ms
[2026-01-28T10:27:22.399+0000][gc,cpu      ] GC(38) User=0.08s Sys=0.00s Real=0.01s
[2026-01-28T10:27:38.788+0000][gc,start    ] GC(39) Pause Young (Normal) (G1 Evacuation Pause)
[2026-01-28T10:27:38.789+0000][gc,task     ] GC(39) Using 10 workers of 10 for evacuation
[2026-01-28T10:27:38.798+0000][gc,phases   ] GC(39)   Pre Evacuate Collection Set: 0.9ms
[2026-01-28T10:27:38.798+0000][gc,phases   ] GC(39)   Merge Heap Roots: 0.3ms
[2026-01-28T10:27:38.798+0000][gc,phases   ] GC(39)   Evacuate Collection Set: 7.0ms
[2026-01-28T10:27:38.798+0000][gc,phases   ] GC(39)   Post Evacuate Collection Set: 1.0ms
[2026-01-28T10:27:38.798+0000][gc,phases   ] GC(39)   Other: 0.2ms
[2026-01-28T10:27:38.798+0000][gc,heap     ] GC(39) Eden regions: 608->0(607)
[2026-01-28T10:27:38.798+0000][gc,heap     ] GC(39) Survivor regions: 6->7(77)
[2026-01-28T10:27:38.798+0000][gc,heap     ] GC(39) Old regions: 18->18
[2026-01-28T10:27:38.798+0000][gc,heap     ] GC(39) Humongous regions: 1->1
[2026-01-28T10:27:38.798+0000][gc,metaspace] GC(39) Metaspace: 8482K(8704K)->8482K(8704K) NonClass: 7713K(7808K)->7713K(7808K) Class: 769K(896K)->769K(896K)
[2026-01-28T10:27:38.799+0000][gc          ] GC(39) Pause Young (Normal) (G1 Evacuation Pause) 632M->25M(1024M) 10.972ms
[2026-01-28T10:27:38.799+0000][gc,cpu      ] GC(39) User=0.07s Sys=0.00s Real=0.01s
[2026-01-28T10:27:55.871+0000][gc,start    ] GC(40) Pause Young (Normal) (G1 Evacuation Pause)
[2026-01-28T10:27:55.871+0000][gc,task     ] GC(40) Using 10 workers of 10 for evacuation
[2026-01-28T10:27:55.884+0000][gc,phases   ] GC(40)   Pre Evacuate Collection Set: 0.7ms
[2026-01-28T10:27:55.884+0000][gc,phases   ] GC(40)   Merge Heap Roots: 0.3ms
[2026-01-28T10:27:55.884+0000][gc,phases   ] GC(40)   Evacuate Collection Set: 10.4ms
[2026-01-28T10:27:55.884+0000][gc,phases   ] GC(40)   Post Evacuate Collection Set: 0.7ms
[2026-01-28T10:27:55.884+0000][gc,phases   ] GC(40)   Other: 0.1ms
[2026-01-28T10:27:55.884+0000][gc,heap     ] GC(40) Eden regions: 607->0(608)
[2026-01-28T10:27:55.884+0000][gc,heap     ] GC(40) Survivor regions: 7->6(77)
[2026-01-28T10:27:55.884+0000][gc,heap     ] GC(40) Old regions: 18->19
[2026-01-28T10:27:55.884+0000][gc,heap     ] GC(40) Humongous regions: 1->1
[2026-01-28T10:27:55.884+0000][gc,metaspace] GC(40) Metaspace: 8483K(8704K)->8483K(8704K) NonClass: 7713K(7808K)->7713K(7808K) Class: 769K(896K)->769K(896K)
[2026-01-28T10:27:55.884+0000][gc          ] GC(40) Pause Young (Normal) (G1 Evacuation Pause) 632M->25M(1024M) 12.799ms
[2026-01-28T10:27:55.884+0000][gc,cpu      ] GC(40) User=0.11s Sys=0.00s Real=0.01s
[2026-01-28T10:28:13.388+0000][gc,start    ] GC(41) Pause Young (Normal) (G1 Evacuation Pause)
[2026-01-28T10:28:13.389+0000][gc,task     ] GC(41) Using 10 workers of 10 for evacuation
[2026-01-28T10:28:13.399+0000][gc,phases   ] GC(41)   Pre Evacuate Collection Set: 1.0ms
[2026-01-28T10:28:13.399+0000][gc,phases   ] GC(41)   Merge Heap Roots: 0.2ms
[2026-01-28T10:28:13.399+0000][gc,phases   ] GC(41)   Evacuate Collection Set: 7.3ms
[2026-01-28T10:28:13.399+0000][gc,phases   ] GC(41)   Post Evacuate Collection Set: 0.9ms
[2026-01-28T10:28:13.399+0000][gc,phases   ] GC(41)   Other: 0.4ms
[2026-01-28T10:28:13.399+0000][gc,heap     ] GC(41) Eden regions: 608->0(608)
[2026-01-28T10:28:13.399+0000][gc,heap     ] GC(41) Survivor regions: 6->6(77)
[2026-01-28T10:28:13.399+0000][gc,heap     ] GC(41) Old regions: 19->19
[2026-01-28T10:28:13.399+0000][gc,heap     ] GC(41) Humongous regions: 1->1
[2026-01-28T10:28:13.399+0000][gc,metaspace] GC(41) Metaspace: 8489K(8704K)->8489K(8704K) NonClass: 7719K(7808K)->7719K(7808K) Class: 769K(896K)->769K(896K)
[2026-01-28T10:28:13.399+0000][gc          ] GC(41) Pause Young (Normal) (G1 Evacuation Pause) 633M->25M(1024M) 11.218ms
[2026-01-28T10:28:13.399+0000][gc,cpu      ] GC(41) User=0.09s Sys=0.00s Real=0.01s
[2026-01-28T10:28:30.249+0000][gc,start    ] GC(42) Pause Young (Normal) (G1 Evacuation Pause)
[2026-01-28T10:28:30.250+0000][gc,task     ] GC(42) Using 10 workers of 10 for evacuation
[2026-01-28T10:28:30.258+0000][gc,phases   ] GC(42)   Pre Evacuate Collection Set: 0.9ms
[2026-01-28T10:28:30.258+0000][gc,phases   ] GC(42)   Merge Heap Roots: 0.4ms
[2026-01-28T10:28:30.258+0000][gc,phases   ] GC(42)   Evacuate Collection Set: 5.4ms
[2026-01-28T10:28:30.258+0000][gc,phases   ] GC(42)   Post Evacuate Collection Set: 0.8ms
[2026-01-28T10:28:30.258+0000][gc,phases   ] GC(42)   Other: 0.2ms
[2026-01-28T10:28:30.258+0000][gc,heap     ] GC(42) Eden regions: 608->0(608)
[2026-01-28T10:28:30.258+0000][gc,heap     ] GC(42) Survivor regions: 6->6(77)
[2026-01-28T10:28:30.258+0000][gc,heap     ] GC(42) Old regions: 19->20
[2026-01-28T10:28:30.258+0000][gc,heap     ] GC(42) Humongous regions: 1->1
[2026-01-28T10:28:30.258+0000][gc,metaspace] GC(42) Metaspace: 8489K(8704K)->8489K(8704K) NonClass: 7719K(7808K)->7719K(7808K) Class: 769K(896K)->769K(896K)
[2026-01-28T10:28:30.258+0000][gc          ] GC(42) Pause Young (Normal) (G1 Evacuation Pause) 633M->26M(1024M) 9.106ms
[2026-01-28T10:28:30.258+0000][gc,cpu      ] GC(42) User=0.07s Sys=0.00s Real=0.01s
[2026-01-28T10:28:46.420+0000][gc,start    ] GC(43) Pause Young (Normal) (G1 Evacuation Pause)
[2026-01-28T10:28:46.422+0000][gc,task     ] GC(43) Using 10 workers of 10 for evacuation
[2026-01-28T10:28:46.444+0000][gc,phases   ] GC(43)   Pre Evacuate Collection Set: 4.7ms
[2026-01-28T10:28:46.444+0000][gc,phases   ] GC(43)   Merge Heap Roots: 1.6ms
[2026-01-28T10:28:46.444+0000][gc,phases   ] GC(43)   Evacuate Collection Set: 13.9ms
[2026-01-28T10:28:46.444+0000][gc,phases   ] GC(43)   Post Evacuate Collection Set: 1.2ms
[2026-01-28T10:28:46.444+0000][gc,phases   ] GC(43)   Other: 0.9ms
[2026-01-28T10:28:46.444+0000][gc,heap     ] GC(43) Eden regions: 608->0(608)
[2026-01-28T10:28:46.444+0000][gc,heap     ] GC(43) Survivor regions: 6->6(77)
[2026-01-28T10:28:46.444+0000][gc,heap     ] GC(43) Old regions: 20->20
[2026-01-28T10:28:46.444+0000][gc,heap     ] GC(43) Humongous regions: 1->1
[2026-01-28T10:28:46.444+0000][gc,metaspace] GC(43) Metaspace: 8489K(8704K)->8489K(8704K) NonClass: 7719K(7808K)->7719K(7808K) Class: 769K(896K)->769K(896K)
[2026-01-28T10:28:46.445+0000][gc          ] GC(43) Pause Young (Normal) (G1 Evacuation Pause) 634M->26M(1024M) 25.117ms
[2026-01-28T10:28:46.445+0000][gc,cpu      ] GC(43) User=0.20s Sys=0.00s Real=0.03s
[2026-01-28T10:29:01.750+0000][gc,start    ] GC(44) Pause Young (Normal) (G1 Evacuation Pause)
[2026-01-28T10:29:01.751+0000][gc,task     ] GC(44) Using 10 workers of 10 for evacuation
[2026-01-28T10:29:01.781+0000][gc,phases   ] GC(44)   Pre Evacuate Collection Set: 0.9ms
[2026-01-28T10:29:01.781+0000][gc,phases   ] GC(44)   Merge Heap Roots: 0.3ms
[2026-01-28T10:29:01.781+0000][gc,phases   ] GC(44)   Evacuate Collection Set: 28.4ms
[2026-01-28T10:29:01.781+0000][gc,phases   ] GC(44)   Post Evacuate Collection Set: 0.8ms
[2026-01-28T10:29:01.781+0000][gc,phases   ] GC(44)   Other: 0.2ms
[2026-01-28T10:29:01.781+0000][gc,heap     ] GC(44) Eden regions: 608->0(608)
[2026-01-28T10:29:01.781+0000][gc,heap     ] GC(44) Survivor regions: 6->6(77)
[2026-01-28T10:29:01.781+0000][gc,heap     ] GC(44) Old regions: 20->21
[2026-01-28T10:29:01.781+0000][gc,heap     ] GC(44) Humongous regions: 1->1
[2026-01-28T10:29:01.781+0000][gc,metaspace] GC(44) Metaspace: 8489K(8704K)->8489K(8704K) NonClass: 7719K(7808K)->7719K(7808K) Class: 769K(896K)->769K(896K)
[2026-01-28T10:29:01.781+0000][gc          ] GC(44) Pause Young (Normal) (G1 Evacuation Pause) 634M->26M(1024M) 31.786ms
[2026-01-28T10:29:01.781+0000][gc,cpu      ] GC(44) User=0.06s Sys=0.03s Real=0.04s
[2026-01-28T10:29:16.344+0000][gc,start    ] GC(45) Pause Young (Normal) (G1 Evacuation Pause)
[2026-01-28T10:29:16.345+0000][gc,task     ] GC(45) Using 10 workers of 10 for evacuation
[2026-01-28T10:29:16.350+0000][gc,phases   ] GC(45)   Pre Evacuate Collection Set: 0.4ms
[2026-01-28T10:29:16.351+0000][gc,phases   ] GC(45)   Merge Heap Roots: 0.3ms
[2026-01-28T10:29:16.351+0000][gc,phases   ] GC(45)   Evacuate Collection Set: 3.9ms
[2026-01-28T10:29:16.351+0000][gc,phases   ] GC(45)   Post Evacuate Collection Set: 0.5ms
[2026-01-28T10:29:16.351+0000][gc,phases   ] GC(45)   Other: 0.2ms
[2026-01-28T10:29:16.351+0000][gc,heap     ] GC(45) Eden regions: 608->0(607)
[2026-01-28T10:29:16.351+0000][gc,heap     ] GC(45) Survivor regions: 6->7(77)
[2026-01-28T10:29:16.351+0000][gc,heap     ] GC(45) Old regions: 21->21
[2026-01-28T10:29:16.351+0000][gc,heap     ] GC(45) Humongous regions: 1->1
[2026-01-28T10:29:16.351+0000][gc,metaspace] GC(45) Metaspace: 8489K(8704K)->8489K(8704K) NonClass: 7719K(7808K)->7719K(7808K) Class: 769K(896K)->769K(896K)
[2026-01-28T10:29:16.351+0000][gc          ] GC(45) Pause Young (Normal) (G1 Evacuation Pause) 634M->27M(1024M) 6.887ms
[2026-01-28T10:29:16.351+0000][gc,cpu      ] GC(45) User=0.04s Sys=0.00s Real=0.00s
[2026-01-28T10:29:30.643+0000][gc,start    ] GC(46) Pause Young (Normal) (G1 Evacuation Pause)
[2026-01-28T10:29:30.644+0000][gc,task     ] GC(46) Using 10 workers of 10 for evacuation
[2026-01-28T10:29:30.650+0000][gc,phases   ] GC(46)   Pre Evacuate Collection Set: 0.6ms
[2026-01-28T10:29:30.650+0000][gc,phases   ] GC(46)   Merge Heap Roots: 0.2ms
[2026-01-28T10:29:30.650+0000][gc,phases   ] GC(46)   Evacuate Collection Set: 4.4ms
[2026-01-28T10:29:30.650+0000][gc,phases   ] GC(46)   Post Evacuate Collection Set: 0.6ms
[2026-01-28T10:29:30.650+0000][gc,phases   ] GC(46)   Other: 0.1ms
[2026-01-28T10:29:30.650+0000][gc,heap     ] GC(46) Eden regions: 607->0(608)
[2026-01-28T10:29:30.650+0000][gc,heap     ] GC(46) Survivor regions: 7->6(77)
[2026-01-28T10:29:30.650+0000][gc,heap     ] GC(46) Old regions: 21->21
[2026-01-28T10:29:30.650+0000][gc,heap     ] GC(46) Humongous regions: 1->1
[2026-01-28T10:29:30.650+0000][gc,metaspace] GC(46) Metaspace: 8491K(8704K)->8491K(8704K) NonClass: 7721K(7808K)->7721K(7808K) Class: 769K(896K)->769K(896K)
[2026-01-28T10:29:30.650+0000][gc          ] GC(46) Pause Young (Normal) (G1 Evacuation Pause) 634M->27M(1024M) 7.191ms
[2026-01-28T10:29:30.650+0000][gc,cpu      ] GC(46) User=0.05s Sys=0.00s Real=0.00s
[2026-01-28T10:29:45.594+0000][gc,start    ] GC(47) Pause Young (Normal) (G1 Evacuation Pause)
[2026-01-28T10:29:45.594+0000][gc,task     ] GC(47) Using 10 workers of 10 for evacuation
[2026-01-28T10:29:45.599+0000][gc,phases   ] GC(47)   Pre Evacuate Collection Set: 0.6ms
[2026-01-28T10:29:45.599+0000][gc,phases   ] GC(47)   Merge Heap Roots: 0.2ms
[2026-01-28T10:29:45.599+0000][gc,phases   ] GC(47)   Evacuate Collection Set: 3.4ms
[2026-01-28T10:29:45.599+0000][gc,phases   ] GC(47)   Post Evacuate Collection Set: 0.5ms
[2026-01-28T10:29:45.599+0000][gc,phases   ] GC(47)   Other: 0.1ms
[2026-01-28T10:29:45.599+0000][gc,heap     ] GC(47) Eden regions: 608->0(608)
[2026-01-28T10:29:45.599+0000][gc,heap     ] GC(47) Survivor regions: 6->6(77)
[2026-01-28T10:29:45.599+0000][gc,heap     ] GC(47) Old regions: 21->22
[2026-01-28T10:29:45.599+0000][gc,heap     ] GC(47) Humongous regions: 1->1
[2026-01-28T10:29:45.599+0000][gc,metaspace] GC(47) Metaspace: 8491K(8704K)->8491K(8704K) NonClass: 7721K(7808K)->7721K(7808K) Class: 769K(896K)->769K(896K)
[2026-01-28T10:29:45.599+0000][gc          ] GC(47) Pause Young (Normal) (G1 Evacuation Pause) 635M->28M(1024M) 5.764ms
[2026-01-28T10:29:45.599+0000][gc,cpu      ] GC(47) User=0.04s Sys=0.00s Real=0.00s
[2026-01-28T10:30:00.902+0000][gc,start    ] GC(48) Pause Young (Normal) (G1 Evacuation Pause)
[2026-01-28T10:30:00.903+0000][gc,task     ] GC(48) Using 10 workers of 10 for evacuation
[2026-01-28T10:30:00.912+0000][gc,phases   ] GC(48)   Pre Evacuate Collection Set: 1.1ms
[2026-01-28T10:30:00.912+0000][gc,phases   ] GC(48)   Merge Heap Roots: 0.2ms
[2026-01-28T10:30:00.912+0000][gc,phases   ] GC(48)   Evacuate Collection Set: 6.3ms
[2026-01-28T10:30:00.912+0000][gc,phases   ] GC(48)   Post Evacuate Collection Set: 1.0ms
[2026-01-28T10:30:00.912+0000][gc,phases   ] GC(48)   Other: 0.2ms
[2026-01-28T10:30:00.912+0000][gc,heap     ] GC(48) Eden regions: 608->0(608)
[2026-01-28T10:30:00.912+0000][gc,heap     ] GC(48) Survivor regions: 6->6(77)
[2026-01-28T10:30:00.912+0000][gc,heap     ] GC(48) Old regions: 22->22
[2026-01-28T10:30:00.912+0000][gc,heap     ] GC(48) Humongous regions: 1->1
[2026-01-28T10:30:00.912+0000][gc,metaspace] GC(48) Metaspace: 8507K(8768K)->8507K(8768K) NonClass: 7738K(7872K)->7738K(7872K) Class: 769K(896K)->769K(896K)
[2026-01-28T10:30:00.912+0000][gc          ] GC(48) Pause Young (Normal) (G1 Evacuation Pause) 636M->28M(1024M) 10.311ms
[2026-01-28T10:30:00.912+0000][gc,cpu      ] GC(48) User=0.08s Sys=0.00s Real=0.01s
[2026-01-28T10:30:15.753+0000][gc,start    ] GC(49) Pause Young (Normal) (G1 Evacuation Pause)
[2026-01-28T10:30:15.754+0000][gc,task     ] GC(49) Using 10 workers of 10 for evacuation
[2026-01-28T10:30:15.760+0000][gc,phases   ] GC(49)   Pre Evacuate Collection Set: 0.8ms
[2026-01-28T10:30:15.760+0000][gc,phases   ] GC(49)   Merge Heap Roots: 0.2ms
[2026-01-28T10:30:15.760+0000][gc,phases   ] GC(49)   Evacuate Collection Set: 3.5ms
[2026-01-28T10:30:15.760+0000][gc,phases   ] GC(49)   Post Evacuate Collection Set: 0.6ms
[2026-01-28T10:30:15.760+0000][gc,phases   ] GC(49)   Other: 0.1ms
[2026-01-28T10:30:15.760+0000][gc,heap     ] GC(49) Eden regions: 608->0(608)
[2026-01-28T10:30:15.760+0000][gc,heap     ] GC(49) Survivor regions: 6->6(77)
[2026-01-28T10:30:15.760+0000][gc,heap     ] GC(49) Old regions: 22->22
[2026-01-28T10:30:15.760+0000][gc,heap     ] GC(49) Humongous regions: 1->1
[2026-01-28T10:30:15.760+0000][gc,metaspace] GC(49) Metaspace: 8513K(8768K)->8513K(8768K) NonClass: 7744K(7872K)->7744K(7872K) Class: 769K(896K)->769K(896K)
[2026-01-28T10:30:15.760+0000][gc          ] GC(49) Pause Young (Normal) (G1 Evacuation Pause) 636M->28M(1024M) 6.649ms
[2026-01-28T10:30:15.760+0000][gc,cpu      ] GC(49) User=0.04s Sys=0.01s Real=0.00s
[2026-01-28T10:30:31.635+0000][gc,start    ] GC(50) Pause Young (Normal) (G1 Evacuation Pause)
[2026-01-28T10:30:31.636+0000][gc,task     ] GC(50) Using 10 workers of 10 for evacuation
[2026-01-28T10:30:31.657+0000][gc,phases   ] GC(50)   Pre Evacuate Collection Set: 1.2ms
[2026-01-28T10:30:31.657+0000][gc,phases   ] GC(50)   Merge Heap Roots: 0.2ms
[2026-01-28T10:30:31.657+0000][gc,phases   ] GC(50)   Evacuate Collection Set: 17.6ms
[2026-01-28T10:30:31.657+0000][gc,phases   ] GC(50)   Post Evacuate Collection Set: 0.9ms
[2026-01-28T10:30:31.657+0000][gc,phases   ] GC(50)   Other: 0.2ms
[2026-01-28T10:30:31.657+0000][gc,heap     ] GC(50) Eden regions: 608->0(607)
[2026-01-28T10:30:31.657+0000][gc,heap     ] GC(50) Survivor regions: 6->7(77)
[2026-01-28T10:30:31.657+0000][gc,heap     ] GC(50) Old regions: 22->23
[2026-01-28T10:30:31.657+0000][gc,heap     ] GC(50) Humongous regions: 1->1
[2026-01-28T10:30:31.657+0000][gc,metaspace] GC(50) Metaspace: 8517K(8768K)->8517K(8768K) NonClass: 7747K(7872K)->7747K(7872K) Class: 769K(896K)->769K(896K)
[2026-01-28T10:30:31.657+0000][gc          ] GC(50) Pause Young (Normal) (G1 Evacuation Pause) 636M->29M(1024M) 21.633ms
[2026-01-28T10:30:31.657+0000][gc,cpu      ] GC(50) User=0.05s Sys=0.06s Real=0.02s
[2026-01-28T10:30:46.371+0000][gc,start    ] GC(51) Pause Young (Normal) (G1 Evacuation Pause)
[2026-01-28T10:30:46.372+0000][gc,task     ] GC(51) Using 10 workers of 10 for evacuation
[2026-01-28T10:30:46.380+0000][gc,phases   ] GC(51)   Pre Evacuate Collection Set: 0.8ms
[2026-01-28T10:30:46.380+0000][gc,phases   ] GC(51)   Merge Heap Roots: 0.3ms
[2026-01-28T10:30:46.380+0000][gc,phases   ] GC(51)   Evacuate Collection Set: 6.1ms
[2026-01-28T10:30:46.380+0000][gc,phases   ] GC(51)   Post Evacuate Collection Set: 0.7ms
[2026-01-28T10:30:46.380+0000][gc,phases   ] GC(51)   Other: 0.2ms
[2026-01-28T10:30:46.380+0000][gc,heap     ] GC(51) Eden regions: 607->0(608)
[2026-01-28T10:30:46.380+0000][gc,heap     ] GC(51) Survivor regions: 7->6(77)
[2026-01-28T10:30:46.380+0000][gc,heap     ] GC(51) Old regions: 23->23
[2026-01-28T10:30:46.380+0000][gc,heap     ] GC(51) Humongous regions: 1->1
[2026-01-28T10:30:46.380+0000][gc,metaspace] GC(51) Metaspace: 8517K(8768K)->8517K(8768K) NonClass: 7747K(7872K)->7747K(7872K) Class: 769K(896K)->769K(896K)
[2026-01-28T10:30:46.381+0000][gc          ] GC(51) Pause Young (Normal) (G1 Evacuation Pause) 636M->29M(1024M) 9.217ms
[2026-01-28T10:30:46.381+0000][gc,cpu      ] GC(51) User=0.06s Sys=0.00s Real=0.01s
[2026-01-28T10:31:01.479+0000][gc,start    ] GC(52) Pause Young (Normal) (G1 Evacuation Pause)
[2026-01-28T10:31:01.479+0000][gc,task     ] GC(52) Using 10 workers of 10 for evacuation
[2026-01-28T10:31:01.485+0000][gc,phases   ] GC(52)   Pre Evacuate Collection Set: 0.9ms
[2026-01-28T10:31:01.485+0000][gc,phases   ] GC(52)   Merge Heap Roots: 0.2ms
[2026-01-28T10:31:01.485+0000][gc,phases   ] GC(52)   Evacuate Collection Set: 3.6ms
[2026-01-28T10:31:01.485+0000][gc,phases   ] GC(52)   Post Evacuate Collection Set: 0.5ms
[2026-01-28T10:31:01.485+0000][gc,phases   ] GC(52)   Other: 0.2ms
[2026-01-28T10:31:01.485+0000][gc,heap     ] GC(52) Eden regions: 608->0(607)
[2026-01-28T10:31:01.485+0000][gc,heap     ] GC(52) Survivor regions: 6->7(77)
[2026-01-28T10:31:01.485+0000][gc,heap     ] GC(52) Old regions: 23->24
[2026-01-28T10:31:01.485+0000][gc,heap     ] GC(52) Humongous regions: 1->1
[2026-01-28T10:31:01.485+0000][gc,metaspace] GC(52) Metaspace: 8518K(8768K)->8518K(8768K) NonClass: 7748K(7872K)->7748K(7872K) Class: 769K(896K)->769K(896K)
[2026-01-28T10:31:01.485+0000][gc          ] GC(52) Pause Young (Normal) (G1 Evacuation Pause) 637M->30M(1024M) 6.084ms
[2026-01-28T10:31:01.485+0000][gc,cpu      ] GC(52) User=0.04s Sys=0.00s Real=0.01s
[2026-01-28T10:31:15.675+0000][gc,start    ] GC(53) Pause Young (Normal) (G1 Evacuation Pause)
[2026-01-28T10:31:15.676+0000][gc,task     ] GC(53) Using 10 workers of 10 for evacuation
[2026-01-28T10:31:15.679+0000][gc,phases   ] GC(53)   Pre Evacuate Collection Set: 0.2ms
[2026-01-28T10:31:15.679+0000][gc,phases   ] GC(53)   Merge Heap Roots: 0.1ms
[2026-01-28T10:31:15.679+0000][gc,phases   ] GC(53)   Evacuate Collection Set: 2.0ms
[2026-01-28T10:31:15.679+0000][gc,phases   ] GC(53)   Post Evacuate Collection Set: 0.4ms
[2026-01-28T10:31:15.679+0000][gc,phases   ] GC(53)   Other: 0.1ms
[2026-01-28T10:31:15.679+0000][gc,heap     ] GC(53) Eden regions: 607->0(607)
[2026-01-28T10:31:15.679+0000][gc,heap     ] GC(53) Survivor regions: 7->7(77)
[2026-01-28T10:31:15.679+0000][gc,heap     ] GC(53) Old regions: 24->24
[2026-01-28T10:31:15.679+0000][gc,heap     ] GC(53) Humongous regions: 1->1
[2026-01-28T10:31:15.679+0000][gc,metaspace] GC(53) Metaspace: 8518K(8768K)->8518K(8768K) NonClass: 7748K(7872K)->7748K(7872K) Class: 769K(896K)->769K(896K)
[2026-01-28T10:31:15.679+0000][gc          ] GC(53) Pause Young (Normal) (G1 Evacuation Pause) 637M->30M(1024M) 4.157ms
[2026-01-28T10:31:15.679+0000][gc,cpu      ] GC(53) User=0.01s Sys=0.00s Real=0.00s
[2026-01-28T10:31:29.813+0000][gc,start    ] GC(54) Pause Young (Normal) (G1 Evacuation Pause)
[2026-01-28T10:31:29.813+0000][gc,task     ] GC(54) Using 10 workers of 10 for evacuation
[2026-01-28T10:31:29.817+0000][gc,phases   ] GC(54)   Pre Evacuate Collection Set: 0.5ms
[2026-01-28T10:31:29.817+0000][gc,phases   ] GC(54)   Merge Heap Roots: 0.2ms
[2026-01-28T10:31:29.817+0000][gc,phases   ] GC(54)   Evacuate Collection Set: 2.6ms
[2026-01-28T10:31:29.817+0000][gc,phases   ] GC(54)   Post Evacuate Collection Set: 0.4ms
[2026-01-28T10:31:29.817+0000][gc,phases   ] GC(54)   Other: 0.1ms
[2026-01-28T10:31:29.817+0000][gc,heap     ] GC(54) Eden regions: 607->0(608)
[2026-01-28T10:31:29.817+0000][gc,heap     ] GC(54) Survivor regions: 7->6(77)
[2026-01-28T10:31:29.817+0000][gc,heap     ] GC(54) Old regions: 24->25
[2026-01-28T10:31:29.817+0000][gc,heap     ] GC(54) Humongous regions: 1->1
[2026-01-28T10:31:29.817+0000][gc,metaspace] GC(54) Metaspace: 8518K(8768K)->8518K(8768K) NonClass: 7748K(7872K)->7748K(7872K) Class: 769K(896K)->769K(896K)
[2026-01-28T10:31:29.817+0000][gc          ] GC(54) Pause Young (Normal) (G1 Evacuation Pause) 637M->30M(1024M) 4.520ms
[2026-01-28T10:31:29.817+0000][gc,cpu      ] GC(54) User=0.02s Sys=0.01s Real=0.00s
[2026-01-28T10:31:44.092+0000][gc,start    ] GC(55) Pause Young (Normal) (G1 Evacuation Pause)
[2026-01-28T10:31:44.093+0000][gc,task     ] GC(55) Using 10 workers of 10 for evacuation
[2026-01-28T10:31:44.096+0000][gc,phases   ] GC(55)   Pre Evacuate Collection Set: 0.4ms
[2026-01-28T10:31:44.096+0000][gc,phases   ] GC(55)   Merge Heap Roots: 0.1ms
[2026-01-28T10:31:44.096+0000][gc,phases   ] GC(55)   Evacuate Collection Set: 2.2ms
[2026-01-28T10:31:44.096+0000][gc,phases   ] GC(55)   Post Evacuate Collection Set: 0.4ms
[2026-01-28T10:31:44.096+0000][gc,phases   ] GC(55)   Other: 0.1ms
[2026-01-28T10:31:44.096+0000][gc,heap     ] GC(55) Eden regions: 608->0(608)
[2026-01-28T10:31:44.096+0000][gc,heap     ] GC(55) Survivor regions: 6->6(77)
[2026-01-28T10:31:44.097+0000][gc,heap     ] GC(55) Old regions: 25->25
[2026-01-28T10:31:44.097+0000][gc,heap     ] GC(55) Humongous regions: 1->1
[2026-01-28T10:31:44.097+0000][gc,metaspace] GC(55) Metaspace: 8518K(8768K)->8518K(8768K) NonClass: 7748K(7872K)->7748K(7872K) Class: 769K(896K)->769K(896K)
[2026-01-28T10:31:44.097+0000][gc          ] GC(55) Pause Young (Normal) (G1 Evacuation Pause) 638M->31M(1024M) 4.592ms
[2026-01-28T10:31:44.097+0000][gc,cpu      ] GC(55) User=0.02s Sys=0.00s Real=0.01s
[2026-01-28T10:31:58.628+0000][gc,start    ] GC(56) Pause Young (Normal) (G1 Evacuation Pause)
[2026-01-28T10:31:58.629+0000][gc,task     ] GC(56) Using 10 workers of 10 for evacuation
[2026-01-28T10:31:58.634+0000][gc,phases   ] GC(56)   Pre Evacuate Collection Set: 0.7ms
[2026-01-28T10:31:58.634+0000][gc,phases   ] GC(56)   Merge Heap Roots: 0.3ms
[2026-01-28T10:31:58.634+0000][gc,phases   ] GC(56)   Evacuate Collection Set: 3.3ms
[2026-01-28T10:31:58.634+0000][gc,phases   ] GC(56)   Post Evacuate Collection Set: 0.7ms
[2026-01-28T10:31:58.634+0000][gc,phases   ] GC(56)   Other: 0.1ms
[2026-01-28T10:31:58.634+0000][gc,heap     ] GC(56) Eden regions: 608->0(608)
[2026-01-28T10:31:58.634+0000][gc,heap     ] GC(56) Survivor regions: 6->6(77)
[2026-01-28T10:31:58.634+0000][gc,heap     ] GC(56) Old regions: 25->25
[2026-01-28T10:31:58.634+0000][gc,heap     ] GC(56) Humongous regions: 1->1
[2026-01-28T10:31:58.634+0000][gc,metaspace] GC(56) Metaspace: 8518K(8768K)->8518K(8768K) NonClass: 7749K(7872K)->7749K(7872K) Class: 769K(896K)->769K(896K)
[2026-01-28T10:31:58.634+0000][gc          ] GC(56) Pause Young (Normal) (G1 Evacuation Pause) 639M->31M(1024M) 6.492ms
[2026-01-28T10:31:58.634+0000][gc,cpu      ] GC(56) User=0.04s Sys=0.01s Real=0.01s
[2026-01-28T10:32:13.082+0000][gc,start    ] GC(57) Pause Young (Normal) (G1 Evacuation Pause)
[2026-01-28T10:32:13.083+0000][gc,task     ] GC(57) Using 10 workers of 10 for evacuation
[2026-01-28T10:32:13.087+0000][gc,phases   ] GC(57)   Pre Evacuate Collection Set: 0.4ms
[2026-01-28T10:32:13.087+0000][gc,phases   ] GC(57)   Merge Heap Roots: 0.2ms
[2026-01-28T10:32:13.087+0000][gc,phases   ] GC(57)   Evacuate Collection Set: 2.4ms
[2026-01-28T10:32:13.087+0000][gc,phases   ] GC(57)   Post Evacuate Collection Set: 0.4ms
[2026-01-28T10:32:13.087+0000][gc,phases   ] GC(57)   Other: 0.1ms
[2026-01-28T10:32:13.087+0000][gc,heap     ] GC(57) Eden regions: 608->0(608)
[2026-01-28T10:32:13.087+0000][gc,heap     ] GC(57) Survivor regions: 6->6(77)
[2026-01-28T10:32:13.087+0000][gc,heap     ] GC(57) Old regions: 25->26
[2026-01-28T10:32:13.087+0000][gc,heap     ] GC(57) Humongous regions: 1->1
[2026-01-28T10:32:13.087+0000][gc,metaspace] GC(57) Metaspace: 8518K(8768K)->8518K(8768K) NonClass: 7749K(7872K)->7749K(7872K) Class: 769K(896K)->769K(896K)
[2026-01-28T10:32:13.087+0000][gc          ] GC(57) Pause Young (Normal) (G1 Evacuation Pause) 639M->32M(1024M) 4.967ms
[2026-01-28T10:32:13.087+0000][gc,cpu      ] GC(57) User=0.03s Sys=0.00s Real=0.00s
[2026-01-28T10:32:27.376+0000][gc,start    ] GC(58) Pause Young (Normal) (G1 Evacuation Pause)
[2026-01-28T10:32:27.377+0000][gc,task     ] GC(58) Using 10 workers of 10 for evacuation
[2026-01-28T10:32:27.385+0000][gc,phases   ] GC(58)   Pre Evacuate Collection Set: 0.9ms
[2026-01-28T10:32:27.385+0000][gc,phases   ] GC(58)   Merge Heap Roots: 0.4ms
[2026-01-28T10:32:27.385+0000][gc,phases   ] GC(58)   Evacuate Collection Set: 5.8ms
[2026-01-28T10:32:27.385+0000][gc,phases   ] GC(58)   Post Evacuate Collection Set: 0.9ms
[2026-01-28T10:32:27.385+0000][gc,phases   ] GC(58)   Other: 0.2ms
[2026-01-28T10:32:27.385+0000][gc,heap     ] GC(58) Eden regions: 608->0(608)
[2026-01-28T10:32:27.386+0000][gc,heap     ] GC(58) Survivor regions: 6->6(77)
[2026-01-28T10:32:27.386+0000][gc,heap     ] GC(58) Old regions: 26->26
[2026-01-28T10:32:27.386+0000][gc,heap     ] GC(58) Humongous regions: 1->1
[2026-01-28T10:32:27.386+0000][gc,metaspace] GC(58) Metaspace: 8519K(8768K)->8519K(8768K) NonClass: 7749K(7872K)->7749K(7872K) Class: 769K(896K)->769K(896K)
[2026-01-28T10:32:27.386+0000][gc          ] GC(58) Pause Young (Normal) (G1 Evacuation Pause) 640M->32M(1024M) 9.598ms
[2026-01-28T10:32:27.386+0000][gc,cpu      ] GC(58) User=0.07s Sys=0.00s Real=0.01s
[2026-01-28T10:32:42.138+0000][gc,start    ] GC(59) Pause Young (Normal) (G1 Evacuation Pause)
[2026-01-28T10:32:42.138+0000][gc,task     ] GC(59) Using 10 workers of 10 for evacuation
[2026-01-28T10:32:42.142+0000][gc,phases   ] GC(59)   Pre Evacuate Collection Set: 0.4ms
[2026-01-28T10:32:42.142+0000][gc,phases   ] GC(59)   Merge Heap Roots: 0.1ms
[2026-01-28T10:32:42.142+0000][gc,phases   ] GC(59)   Evacuate Collection Set: 2.7ms
[2026-01-28T10:32:42.142+0000][gc,phases   ] GC(59)   Post Evacuate Collection Set: 0.4ms
[2026-01-28T10:32:42.142+0000][gc,phases   ] GC(59)   Other: 0.1ms
[2026-01-28T10:32:42.142+0000][gc,heap     ] GC(59) Eden regions: 608->0(608)
[2026-01-28T10:32:42.142+0000][gc,heap     ] GC(59) Survivor regions: 6->6(77)
[2026-01-28T10:32:42.142+0000][gc,heap     ] GC(59) Old regions: 26->27
[2026-01-28T10:32:42.142+0000][gc,heap     ] GC(59) Humongous regions: 1->1
[2026-01-28T10:32:42.142+0000][gc,metaspace] GC(59) Metaspace: 8520K(8768K)->8520K(8768K) NonClass: 7750K(7872K)->7750K(7872K) Class: 769K(896K)->769K(896K)
[2026-01-28T10:32:42.142+0000][gc          ] GC(59) Pause Young (Normal) (G1 Evacuation Pause) 640M->32M(1024M) 4.349ms
[2026-01-28T10:32:42.142+0000][gc,cpu      ] GC(59) User=0.03s Sys=0.01s Real=0.01s
[2026-01-28T10:32:57.846+0000][gc,start    ] GC(60) Pause Young (Normal) (G1 Evacuation Pause)
[2026-01-28T10:32:57.847+0000][gc,task     ] GC(60) Using 10 workers of 10 for evacuation
[2026-01-28T10:32:57.853+0000][gc,phases   ] GC(60)   Pre Evacuate Collection Set: 0.8ms
[2026-01-28T10:32:57.853+0000][gc,phases   ] GC(60)   Merge Heap Roots: 0.3ms
[2026-01-28T10:32:57.853+0000][gc,phases   ] GC(60)   Evacuate Collection Set: 4.6ms
[2026-01-28T10:32:57.854+0000][gc,phases   ] GC(60)   Post Evacuate Collection Set: 0.7ms
[2026-01-28T10:32:57.854+0000][gc,phases   ] GC(60)   Other: 0.2ms
[2026-01-28T10:32:57.854+0000][gc,heap     ] GC(60) Eden regions: 608->0(608)
[2026-01-28T10:32:57.854+0000][gc,heap     ] GC(60) Survivor regions: 6->6(77)
[2026-01-28T10:32:57.854+0000][gc,heap     ] GC(60) Old regions: 27->27
[2026-01-28T10:32:57.854+0000][gc,heap     ] GC(60) Humongous regions: 1->1
[2026-01-28T10:32:57.854+0000][gc,metaspace] GC(60) Metaspace: 8521K(8768K)->8521K(8768K) NonClass: 7751K(7872K)->7751K(7872K) Class: 769K(896K)->769K(896K)
[2026-01-28T10:32:57.854+0000][gc          ] GC(60) Pause Young (Normal) (G1 Evacuation Pause) 640M->33M(1024M) 8.075ms
[2026-01-28T10:32:57.854+0000][gc,cpu      ] GC(60) User=0.05s Sys=0.00s Real=0.01s
[2026-01-28T10:33:12.578+0000][gc,start    ] GC(61) Pause Young (Normal) (G1 Evacuation Pause)
[2026-01-28T10:33:12.579+0000][gc,task     ] GC(61) Using 10 workers of 10 for evacuation
[2026-01-28T10:33:12.583+0000][gc,phases   ] GC(61)   Pre Evacuate Collection Set: 0.4ms
[2026-01-28T10:33:12.583+0000][gc,phases   ] GC(61)   Merge Heap Roots: 0.2ms
[2026-01-28T10:33:12.583+0000][gc,phases   ] GC(61)   Evacuate Collection Set: 2.1ms
[2026-01-28T10:33:12.583+0000][gc,phases   ] GC(61)   Post Evacuate Collection Set: 0.4ms
[2026-01-28T10:33:12.583+0000][gc,phases   ] GC(61)   Other: 0.1ms
[2026-01-28T10:33:12.583+0000][gc,heap     ] GC(61) Eden regions: 608->0(608)
[2026-01-28T10:33:12.583+0000][gc,heap     ] GC(61) Survivor regions: 6->6(77)
[2026-01-28T10:33:12.583+0000][gc,heap     ] GC(61) Old regions: 27->27
[2026-01-28T10:33:12.583+0000][gc,heap     ] GC(61) Humongous regions: 1->1
[2026-01-28T10:33:12.583+0000][gc,metaspace] GC(61) Metaspace: 8524K(8768K)->8524K(8768K) NonClass: 7753K(7872K)->7753K(7872K) Class: 770K(896K)->770K(896K)
[2026-01-28T10:33:12.583+0000][gc          ] GC(61) Pause Young (Normal) (G1 Evacuation Pause) 641M->33M(1024M) 4.842ms
[2026-01-28T10:33:12.583+0000][gc,cpu      ] GC(61) User=0.02s Sys=0.00s Real=0.01s
[2026-01-28T10:33:27.618+0000][gc,start    ] GC(62) Pause Young (Normal) (G1 Evacuation Pause)
[2026-01-28T10:33:27.618+0000][gc,task     ] GC(62) Using 10 workers of 10 for evacuation
[2026-01-28T10:33:27.624+0000][gc,phases   ] GC(62)   Pre Evacuate Collection Set: 0.8ms
[2026-01-28T10:33:27.625+0000][gc,phases   ] GC(62)   Merge Heap Roots: 0.3ms
[2026-01-28T10:33:27.625+0000][gc,phases   ] GC(62)   Evacuate Collection Set: 4.3ms
[2026-01-28T10:33:27.625+0000][gc,phases   ] GC(62)   Post Evacuate Collection Set: 0.7ms
[2026-01-28T10:33:27.625+0000][gc,phases   ] GC(62)   Other: 0.2ms
[2026-01-28T10:33:27.625+0000][gc,heap     ] GC(62) Eden regions: 608->0(608)
[2026-01-28T10:33:27.625+0000][gc,heap     ] GC(62) Survivor regions: 6->6(77)
[2026-01-28T10:33:27.625+0000][gc,heap     ] GC(62) Old regions: 27->28
[2026-01-28T10:33:27.625+0000][gc,heap     ] GC(62) Humongous regions: 1->1
[2026-01-28T10:33:27.625+0000][gc,metaspace] GC(62) Metaspace: 8524K(8768K)->8524K(8768K) NonClass: 7754K(7872K)->7754K(7872K) Class: 770K(896K)->770K(896K)
[2026-01-28T10:33:27.625+0000][gc          ] GC(62) Pause Young (Normal) (G1 Evacuation Pause) 641M->34M(1024M) 7.003ms
[2026-01-28T10:33:27.625+0000][gc,cpu      ] GC(62) User=0.05s Sys=0.00s Real=0.01s
[2026-01-28T10:33:42.305+0000][gc,start    ] GC(63) Pause Young (Normal) (G1 Evacuation Pause)
[2026-01-28T10:33:42.306+0000][gc,task     ] GC(63) Using 10 workers of 10 for evacuation
[2026-01-28T10:33:42.311+0000][gc,phases   ] GC(63)   Pre Evacuate Collection Set: 0.5ms
[2026-01-28T10:33:42.311+0000][gc,phases   ] GC(63)   Merge Heap Roots: 0.2ms
[2026-01-28T10:33:42.311+0000][gc,phases   ] GC(63)   Evacuate Collection Set: 2.8ms
[2026-01-28T10:33:42.311+0000][gc,phases   ] GC(63)   Post Evacuate Collection Set: 0.5ms
[2026-01-28T10:33:42.311+0000][gc,phases   ] GC(63)   Other: 0.1ms
[2026-01-28T10:33:42.311+0000][gc,heap     ] GC(63) Eden regions: 608->0(608)
[2026-01-28T10:33:42.311+0000][gc,heap     ] GC(63) Survivor regions: 6->6(77)
[2026-01-28T10:33:42.311+0000][gc,heap     ] GC(63) Old regions: 28->28
[2026-01-28T10:33:42.311+0000][gc,heap     ] GC(63) Humongous regions: 1->1
[2026-01-28T10:33:42.311+0000][gc,metaspace] GC(63) Metaspace: 8526K(8768K)->8526K(8768K) NonClass: 7755K(7872K)->7755K(7872K) Class: 770K(896K)->770K(896K)
[2026-01-28T10:33:42.311+0000][gc          ] GC(63) Pause Young (Normal) (G1 Evacuation Pause) 642M->34M(1024M) 5.574ms
[2026-01-28T10:33:42.311+0000][gc,cpu      ] GC(63) User=0.02s Sys=0.00s Real=0.01s
[2026-01-28T10:33:57.214+0000][gc,start    ] GC(64) Pause Young (Normal) (G1 Evacuation Pause)
[2026-01-28T10:33:57.214+0000][gc,task     ] GC(64) Using 10 workers of 10 for evacuation
[2026-01-28T10:33:57.227+0000][gc,phases   ] GC(64)   Pre Evacuate Collection Set: 0.8ms
[2026-01-28T10:33:57.227+0000][gc,phases   ] GC(64)   Merge Heap Roots: 0.2ms
[2026-01-28T10:33:57.227+0000][gc,phases   ] GC(64)   Evacuate Collection Set: 10.3ms
[2026-01-28T10:33:57.227+0000][gc,phases   ] GC(64)   Post Evacuate Collection Set: 0.8ms
[2026-01-28T10:33:57.227+0000][gc,phases   ] GC(64)   Other: 0.3ms
[2026-01-28T10:33:57.227+0000][gc,heap     ] GC(64) Eden regions: 608->0(608)
[2026-01-28T10:33:57.227+0000][gc,heap     ] GC(64) Survivor regions: 6->6(77)
[2026-01-28T10:33:57.227+0000][gc,heap     ] GC(64) Old regions: 28->29
[2026-01-28T10:33:57.227+0000][gc,heap     ] GC(64) Humongous regions: 1->1
[2026-01-28T10:33:57.227+0000][gc,metaspace] GC(64) Metaspace: 8533K(8768K)->8533K(8768K) NonClass: 7762K(7872K)->7762K(7872K) Class: 770K(896K)->770K(896K)
[2026-01-28T10:33:57.227+0000][gc          ] GC(64) Pause Young (Normal) (G1 Evacuation Pause) 642M->34M(1024M) 13.238ms
[2026-01-28T10:33:57.227+0000][gc,cpu      ] GC(64) User=0.06s Sys=0.02s Real=0.01s
[2026-01-28T10:34:11.986+0000][gc,start    ] GC(65) Pause Young (Normal) (G1 Evacuation Pause)
[2026-01-28T10:34:11.987+0000][gc,task     ] GC(65) Using 10 workers of 10 for evacuation
[2026-01-28T10:34:11.990+0000][gc,phases   ] GC(65)   Pre Evacuate Collection Set: 0.4ms
[2026-01-28T10:34:11.990+0000][gc,phases   ] GC(65)   Merge Heap Roots: 0.2ms
[2026-01-28T10:34:11.990+0000][gc,phases   ] GC(65)   Evacuate Collection Set: 2.4ms
[2026-01-28T10:34:11.990+0000][gc,phases   ] GC(65)   Post Evacuate Collection Set: 0.4ms
[2026-01-28T10:34:11.990+0000][gc,phases   ] GC(65)   Other: 0.1ms
[2026-01-28T10:34:11.990+0000][gc,heap     ] GC(65) Eden regions: 608->0(608)
[2026-01-28T10:34:11.990+0000][gc,heap     ] GC(65) Survivor regions: 6->6(77)
[2026-01-28T10:34:11.990+0000][gc,heap     ] GC(65) Old regions: 29->29
[2026-01-28T10:34:11.990+0000][gc,heap     ] GC(65) Humongous regions: 1->1
[2026-01-28T10:34:11.990+0000][gc,metaspace] GC(65) Metaspace: 8533K(8768K)->8533K(8768K) NonClass: 7762K(7872K)->7762K(7872K) Class: 770K(896K)->770K(896K)
[2026-01-28T10:34:11.990+0000][gc          ] GC(65) Pause Young (Normal) (G1 Evacuation Pause) 642M->35M(1024M) 4.731ms
[2026-01-28T10:34:11.991+0000][gc,cpu      ] GC(65) User=0.02s Sys=0.00s Real=0.01s
[2026-01-28T10:34:26.764+0000][gc,start    ] GC(66) Pause Young (Normal) (G1 Evacuation Pause)
[2026-01-28T10:34:26.765+0000][gc,task     ] GC(66) Using 10 workers of 10 for evacuation
[2026-01-28T10:34:26.772+0000][gc,phases   ] GC(66)   Pre Evacuate Collection Set: 0.7ms
[2026-01-28T10:34:26.772+0000][gc,phases   ] GC(66)   Merge Heap Roots: 0.2ms
[2026-01-28T10:34:26.772+0000][gc,phases   ] GC(66)   Evacuate Collection Set: 5.1ms
[2026-01-28T10:34:26.772+0000][gc,phases   ] GC(66)   Post Evacuate Collection Set: 0.7ms
[2026-01-28T10:34:26.772+0000][gc,phases   ] GC(66)   Other: 0.2ms
[2026-01-28T10:34:26.772+0000][gc,heap     ] GC(66) Eden regions: 608->0(608)
[2026-01-28T10:34:26.772+0000][gc,heap     ] GC(66) Survivor regions: 6->6(77)
[2026-01-28T10:34:26.772+0000][gc,heap     ] GC(66) Old regions: 29->29
[2026-01-28T10:34:26.772+0000][gc,heap     ] GC(66) Humongous regions: 1->1
[2026-01-28T10:34:26.772+0000][gc,metaspace] GC(66) Metaspace: 8533K(8768K)->8533K(8768K) NonClass: 7762K(7872K)->7762K(7872K) Class: 770K(896K)->770K(896K)
[2026-01-28T10:34:26.772+0000][gc          ] GC(66) Pause Young (Normal) (G1 Evacuation Pause) 643M->35M(1024M) 8.239ms
[2026-01-28T10:34:26.772+0000][gc,cpu      ] GC(66) User=0.05s Sys=0.00s Real=0.01s
[2026-01-28T10:34:41.654+0000][gc,start    ] GC(67) Pause Young (Normal) (G1 Evacuation Pause)
[2026-01-28T10:34:41.655+0000][gc,task     ] GC(67) Using 10 workers of 10 for evacuation
[2026-01-28T10:34:41.663+0000][gc,phases   ] GC(67)   Pre Evacuate Collection Set: 1.0ms
[2026-01-28T10:34:41.663+0000][gc,phases   ] GC(67)   Merge Heap Roots: 0.2ms
[2026-01-28T10:34:41.663+0000][gc,phases   ] GC(67)   Evacuate Collection Set: 6.2ms
[2026-01-28T10:34:41.663+0000][gc,phases   ] GC(67)   Post Evacuate Collection Set: 0.9ms
[2026-01-28T10:34:41.663+0000][gc,phases   ] GC(67)   Other: 0.2ms
[2026-01-28T10:34:41.663+0000][gc,heap     ] GC(67) Eden regions: 608->0(608)
[2026-01-28T10:34:41.663+0000][gc,heap     ] GC(67) Survivor regions: 6->6(77)
[2026-01-28T10:34:41.664+0000][gc,heap     ] GC(67) Old regions: 29->30
[2026-01-28T10:34:41.664+0000][gc,heap     ] GC(67) Humongous regions: 1->1
[2026-01-28T10:34:41.664+0000][gc,metaspace] GC(67) Metaspace: 8537K(8832K)->8537K(8832K) NonClass: 7766K(7936K)->7766K(7936K) Class: 770K(896K)->770K(896K)
[2026-01-28T10:34:41.664+0000][gc          ] GC(67) Pause Young (Normal) (G1 Evacuation Pause) 643M->35M(1024M) 9.455ms
[2026-01-28T10:34:41.664+0000][gc,cpu      ] GC(67) User=0.06s Sys=0.00s Real=0.01s
[2026-01-28T10:34:58.050+0000][gc,start    ] GC(68) Pause Young (Normal) (G1 Evacuation Pause)
[2026-01-28T10:34:58.050+0000][gc,task     ] GC(68) Using 10 workers of 10 for evacuation
[2026-01-28T10:34:58.071+0000][gc,phases   ] GC(68)   Pre Evacuate Collection Set: 1.4ms
[2026-01-28T10:34:58.071+0000][gc,phases   ] GC(68)   Merge Heap Roots: 0.9ms
[2026-01-28T10:34:58.071+0000][gc,phases   ] GC(68)   Evacuate Collection Set: 17.1ms
[2026-01-28T10:34:58.071+0000][gc,phases   ] GC(68)   Post Evacuate Collection Set: 0.9ms
[2026-01-28T10:34:58.071+0000][gc,phases   ] GC(68)   Other: 0.3ms
[2026-01-28T10:34:58.071+0000][gc,heap     ] GC(68) Eden regions: 608->0(608)
[2026-01-28T10:34:58.071+0000][gc,heap     ] GC(68) Survivor regions: 6->6(77)
[2026-01-28T10:34:58.071+0000][gc,heap     ] GC(68) Old regions: 30->30
[2026-01-28T10:34:58.071+0000][gc,heap     ] GC(68) Humongous regions: 1->1
[2026-01-28T10:34:58.071+0000][gc,metaspace] GC(68) Metaspace: 8537K(8832K)->8537K(8832K) NonClass: 7766K(7936K)->7766K(7936K) Class: 770K(896K)->770K(896K)
[2026-01-28T10:34:58.071+0000][gc          ] GC(68) Pause Young (Normal) (G1 Evacuation Pause) 643M->36M(1024M) 21.397ms
[2026-01-28T10:34:58.071+0000][gc,cpu      ] GC(68) User=0.10s Sys=0.00s Real=0.02s
[2026-01-28T10:35:05.594+0000][gc,start    ] GC(69) Pause Young (Normal) (G1 Evacuation Pause)
[2026-01-28T10:35:05.598+0000][gc,task     ] GC(69) Using 10 workers of 10 for evacuation
[2026-01-28T10:35:05.664+0000][gc,phases   ] GC(69)   Pre Evacuate Collection Set: 9.4ms
[2026-01-28T10:35:05.664+0000][gc,phases   ] GC(69)   Merge Heap Roots: 1.3ms
[2026-01-28T10:35:05.664+0000][gc,phases   ] GC(69)   Evacuate Collection Set: 51.5ms
[2026-01-28T10:35:05.664+0000][gc,phases   ] GC(69)   Post Evacuate Collection Set: 2.3ms
[2026-01-28T10:35:05.665+0000][gc,phases   ] GC(69)   Other: 2.7ms
[2026-01-28T10:35:05.665+0000][gc,heap     ] GC(69) Eden regions: 608->0(608)
[2026-01-28T10:35:05.665+0000][gc,heap     ] GC(69) Survivor regions: 6->6(77)
[2026-01-28T10:35:05.665+0000][gc,heap     ] GC(69) Old regions: 30->31
[2026-01-28T10:35:05.665+0000][gc,heap     ] GC(69) Humongous regions: 1->1
[2026-01-28T10:35:05.665+0000][gc,metaspace] GC(69) Metaspace: 8543K(8832K)->8543K(8832K) NonClass: 7772K(7936K)->7772K(7936K) Class: 770K(896K)->770K(896K)
[2026-01-28T10:35:05.665+0000][gc          ] GC(69) Pause Young (Normal) (G1 Evacuation Pause) 644M->36M(1024M) 70.715ms
[2026-01-28T10:35:05.665+0000][gc,cpu      ] GC(69) User=0.47s Sys=0.03s Real=0.07s
[2026-01-28T10:35:12.262+0000][gc,start    ] GC(70) Pause Young (Normal) (G1 Evacuation Pause)
[2026-01-28T10:35:12.263+0000][gc,task     ] GC(70) Using 10 workers of 10 for evacuation
[2026-01-28T10:35:12.276+0000][gc,phases   ] GC(70)   Pre Evacuate Collection Set: 0.8ms
[2026-01-28T10:35:12.276+0000][gc,phases   ] GC(70)   Merge Heap Roots: 0.4ms
[2026-01-28T10:35:12.276+0000][gc,phases   ] GC(70)   Evacuate Collection Set: 11.3ms
[2026-01-28T10:35:12.277+0000][gc,phases   ] GC(70)   Post Evacuate Collection Set: 1.0ms
[2026-01-28T10:35:12.277+0000][gc,phases   ] GC(70)   Other: 0.2ms
[2026-01-28T10:35:12.277+0000][gc,heap     ] GC(70) Eden regions: 608->0(608)
[2026-01-28T10:35:12.277+0000][gc,heap     ] GC(70) Survivor regions: 6->6(77)
[2026-01-28T10:35:12.277+0000][gc,heap     ] GC(70) Old regions: 31->31
[2026-01-28T10:35:12.277+0000][gc,heap     ] GC(70) Humongous regions: 1->1
[2026-01-28T10:35:12.277+0000][gc,metaspace] GC(70) Metaspace: 8543K(8832K)->8543K(8832K) NonClass: 7772K(7936K)->7772K(7936K) Class: 770K(896K)->770K(896K)
[2026-01-28T10:35:12.277+0000][gc          ] GC(70) Pause Young (Normal) (G1 Evacuation Pause) 644M->36M(1024M) 14.605ms
[2026-01-28T10:35:12.277+0000][gc,cpu      ] GC(70) User=0.12s Sys=0.00s Real=0.01s
[2026-01-28T10:35:18.888+0000][gc,start    ] GC(71) Pause Young (Normal) (G1 Evacuation Pause)
[2026-01-28T10:35:18.889+0000][gc,task     ] GC(71) Using 10 workers of 10 for evacuation
[2026-01-28T10:35:18.897+0000][gc,phases   ] GC(71)   Pre Evacuate Collection Set: 0.9ms
[2026-01-28T10:35:18.898+0000][gc,phases   ] GC(71)   Merge Heap Roots: 0.3ms
[2026-01-28T10:35:18.898+0000][gc,phases   ] GC(71)   Evacuate Collection Set: 6.5ms
[2026-01-28T10:35:18.898+0000][gc,phases   ] GC(71)   Post Evacuate Collection Set: 0.8ms
[2026-01-28T10:35:18.898+0000][gc,phases   ] GC(71)   Other: 0.1ms
[2026-01-28T10:35:18.898+0000][gc,heap     ] GC(71) Eden regions: 608->0(608)
[2026-01-28T10:35:18.898+0000][gc,heap     ] GC(71) Survivor regions: 6->6(77)
[2026-01-28T10:35:18.898+0000][gc,heap     ] GC(71) Old regions: 31->31
[2026-01-28T10:35:18.898+0000][gc,heap     ] GC(71) Humongous regions: 1->1
[2026-01-28T10:35:18.898+0000][gc,metaspace] GC(71) Metaspace: 8545K(8832K)->8545K(8832K) NonClass: 7774K(7936K)->7774K(7936K) Class: 770K(896K)->770K(896K)
[2026-01-28T10:35:18.898+0000][gc          ] GC(71) Pause Young (Normal) (G1 Evacuation Pause) 644M->37M(1024M) 9.941ms
[2026-01-28T10:35:18.898+0000][gc,cpu      ] GC(71) User=0.07s Sys=0.00s Real=0.01s
[2026-01-28T10:35:25.336+0000][gc,start    ] GC(72) Pause Young (Normal) (G1 Evacuation Pause)
[2026-01-28T10:35:25.336+0000][gc,task     ] GC(72) Using 10 workers of 10 for evacuation
[2026-01-28T10:35:25.345+0000][gc,phases   ] GC(72)   Pre Evacuate Collection Set: 1.0ms
[2026-01-28T10:35:25.345+0000][gc,phases   ] GC(72)   Merge Heap Roots: 0.2ms
[2026-01-28T10:35:25.345+0000][gc,phases   ] GC(72)   Evacuate Collection Set: 7.1ms
[2026-01-28T10:35:25.345+0000][gc,phases   ] GC(72)   Post Evacuate Collection Set: 0.9ms
[2026-01-28T10:35:25.345+0000][gc,phases   ] GC(72)   Other: 0.2ms
[2026-01-28T10:35:25.346+0000][gc,heap     ] GC(72) Eden regions: 608->0(608)
[2026-01-28T10:35:25.346+0000][gc,heap     ] GC(72) Survivor regions: 6->6(77)
[2026-01-28T10:35:25.346+0000][gc,heap     ] GC(72) Old regions: 31->32
[2026-01-28T10:35:25.346+0000][gc,heap     ] GC(72) Humongous regions: 1->1
[2026-01-28T10:35:25.346+0000][gc,metaspace] GC(72) Metaspace: 8547K(8832K)->8547K(8832K) NonClass: 7777K(7936K)->7777K(7936K) Class: 770K(896K)->770K(896K)
[2026-01-28T10:35:25.346+0000][gc          ] GC(72) Pause Young (Normal) (G1 Evacuation Pause) 645M->37M(1024M) 10.081ms
[2026-01-28T10:35:25.346+0000][gc,cpu      ] GC(72) User=0.07s Sys=0.00s Real=0.01s
[2026-01-28T10:35:31.894+0000][gc,start    ] GC(73) Pause Young (Normal) (G1 Evacuation Pause)
[2026-01-28T10:35:31.895+0000][gc,task     ] GC(73) Using 10 workers of 10 for evacuation
[2026-01-28T10:35:31.904+0000][gc,phases   ] GC(73)   Pre Evacuate Collection Set: 1.0ms
[2026-01-28T10:35:31.904+0000][gc,phases   ] GC(73)   Merge Heap Roots: 0.3ms
[2026-01-28T10:35:31.904+0000][gc,phases   ] GC(73)   Evacuate Collection Set: 6.8ms
[2026-01-28T10:35:31.904+0000][gc,phases   ] GC(73)   Post Evacuate Collection Set: 0.9ms
[2026-01-28T10:35:31.904+0000][gc,phases   ] GC(73)   Other: 0.2ms
[2026-01-28T10:35:31.904+0000][gc,heap     ] GC(73) Eden regions: 608->0(608)
[2026-01-28T10:35:31.904+0000][gc,heap     ] GC(73) Survivor regions: 6->6(77)
[2026-01-28T10:35:31.904+0000][gc,heap     ] GC(73) Old regions: 32->32
[2026-01-28T10:35:31.904+0000][gc,heap     ] GC(73) Humongous regions: 1->1
[2026-01-28T10:35:31.904+0000][gc,metaspace] GC(73) Metaspace: 8550K(8832K)->8550K(8832K) NonClass: 7779K(7936K)->7779K(7936K) Class: 770K(896K)->770K(896K)
[2026-01-28T10:35:31.904+0000][gc          ] GC(73) Pause Young (Normal) (G1 Evacuation Pause) 645M->37M(1024M) 9.829ms
[2026-01-28T10:35:31.904+0000][gc,cpu      ] GC(73) User=0.07s Sys=0.00s Real=0.01s
[2026-01-28T10:35:38.648+0000][gc,start    ] GC(74) Pause Young (Normal) (G1 Evacuation Pause)
[2026-01-28T10:35:38.649+0000][gc,task     ] GC(74) Using 10 workers of 10 for evacuation
[2026-01-28T10:35:38.667+0000][gc,phases   ] GC(74)   Pre Evacuate Collection Set: 1.1ms
[2026-01-28T10:35:38.667+0000][gc,phases   ] GC(74)   Merge Heap Roots: 0.6ms
[2026-01-28T10:35:38.667+0000][gc,phases   ] GC(74)   Evacuate Collection Set: 14.1ms
[2026-01-28T10:35:38.667+0000][gc,phases   ] GC(74)   Post Evacuate Collection Set: 1.5ms
[2026-01-28T10:35:38.667+0000][gc,phases   ] GC(74)   Other: 0.3ms
[2026-01-28T10:35:38.667+0000][gc,heap     ] GC(74) Eden regions: 608->0(608)
[2026-01-28T10:35:38.667+0000][gc,heap     ] GC(74) Survivor regions: 6->6(77)
[2026-01-28T10:35:38.668+0000][gc,heap     ] GC(74) Old regions: 32->32
[2026-01-28T10:35:38.668+0000][gc,heap     ] GC(74) Humongous regions: 1->1
[2026-01-28T10:35:38.668+0000][gc,metaspace] GC(74) Metaspace: 8550K(8832K)->8550K(8832K) NonClass: 7779K(7936K)->7779K(7936K) Class: 770K(896K)->770K(896K)
[2026-01-28T10:35:38.668+0000][gc          ] GC(74) Pause Young (Normal) (G1 Evacuation Pause) 645M->37M(1024M) 19.331ms
[2026-01-28T10:35:38.668+0000][gc,cpu      ] GC(74) User=0.13s Sys=0.00s Real=0.02s
[2026-01-28T10:35:45.674+0000][gc,start    ] GC(75) Pause Young (Normal) (G1 Evacuation Pause)
[2026-01-28T10:35:45.675+0000][gc,task     ] GC(75) Using 10 workers of 10 for evacuation
[2026-01-28T10:35:45.689+0000][gc,phases   ] GC(75)   Pre Evacuate Collection Set: 1.1ms
[2026-01-28T10:35:45.689+0000][gc,phases   ] GC(75)   Merge Heap Roots: 0.3ms
[2026-01-28T10:35:45.689+0000][gc,phases   ] GC(75)   Evacuate Collection Set: 11.7ms
[2026-01-28T10:35:45.689+0000][gc,phases   ] GC(75)   Post Evacuate Collection Set: 0.8ms
[2026-01-28T10:35:45.689+0000][gc,phases   ] GC(75)   Other: 0.2ms
[2026-01-28T10:35:45.689+0000][gc,heap     ] GC(75) Eden regions: 608->0(609)
[2026-01-28T10:35:45.689+0000][gc,heap     ] GC(75) Survivor regions: 6->5(77)
[2026-01-28T10:35:45.689+0000][gc,heap     ] GC(75) Old regions: 32->33
[2026-01-28T10:35:45.689+0000][gc,heap     ] GC(75) Humongous regions: 1->1
[2026-01-28T10:35:45.689+0000][gc,metaspace] GC(75) Metaspace: 8553K(8832K)->8553K(8832K) NonClass: 7782K(7936K)->7782K(7936K) Class: 770K(896K)->770K(896K)
[2026-01-28T10:35:45.689+0000][gc          ] GC(75) Pause Young (Normal) (G1 Evacuation Pause) 645M->38M(1024M) 15.410ms
[2026-01-28T10:35:45.689+0000][gc,cpu      ] GC(75) User=0.12s Sys=0.00s Real=0.01s
[2026-01-28T10:35:52.811+0000][gc,start    ] GC(76) Pause Young (Normal) (G1 Evacuation Pause)
[2026-01-28T10:35:52.812+0000][gc,task     ] GC(76) Using 10 workers of 10 for evacuation
[2026-01-28T10:35:52.831+0000][gc,phases   ] GC(76)   Pre Evacuate Collection Set: 2.0ms
[2026-01-28T10:35:52.832+0000][gc,phases   ] GC(76)   Merge Heap Roots: 0.7ms
[2026-01-28T10:35:52.832+0000][gc,phases   ] GC(76)   Evacuate Collection Set: 15.8ms
[2026-01-28T10:35:52.832+0000][gc,phases   ] GC(76)   Post Evacuate Collection Set: 1.0ms
[2026-01-28T10:35:52.832+0000][gc,phases   ] GC(76)   Other: 0.3ms
[2026-01-28T10:35:52.832+0000][gc,heap     ] GC(76) Eden regions: 609->0(609)
[2026-01-28T10:35:52.832+0000][gc,heap     ] GC(76) Survivor regions: 5->5(77)
[2026-01-28T10:35:52.832+0000][gc,heap     ] GC(76) Old regions: 33->33
[2026-01-28T10:35:52.832+0000][gc,heap     ] GC(76) Humongous regions: 1->1
[2026-01-28T10:35:52.832+0000][gc,metaspace] GC(76) Metaspace: 8561K(8832K)->8561K(8832K) NonClass: 7791K(7936K)->7791K(7936K) Class: 770K(896K)->770K(896K)
[2026-01-28T10:35:52.832+0000][gc          ] GC(76) Pause Young (Normal) (G1 Evacuation Pause) 647M->38M(1024M) 21.166ms
[2026-01-28T10:35:52.832+0000][gc,cpu      ] GC(76) User=0.18s Sys=0.00s Real=0.02s
[2026-01-28T10:36:01.791+0000][gc,start    ] GC(77) Pause Young (Normal) (G1 Evacuation Pause)
[2026-01-28T10:36:01.792+0000][gc,task     ] GC(77) Using 10 workers of 10 for evacuation
[2026-01-28T10:36:01.811+0000][gc,phases   ] GC(77)   Pre Evacuate Collection Set: 0.9ms
[2026-01-28T10:36:01.811+0000][gc,phases   ] GC(77)   Merge Heap Roots: 0.6ms
[2026-01-28T10:36:01.811+0000][gc,phases   ] GC(77)   Evacuate Collection Set: 15.4ms
[2026-01-28T10:36:01.811+0000][gc,phases   ] GC(77)   Post Evacuate Collection Set: 1.8ms
[2026-01-28T10:36:01.811+0000][gc,phases   ] GC(77)   Other: 0.2ms
[2026-01-28T10:36:01.811+0000][gc,heap     ] GC(77) Eden regions: 609->0(609)
[2026-01-28T10:36:01.811+0000][gc,heap     ] GC(77) Survivor regions: 5->5(77)
[2026-01-28T10:36:01.811+0000][gc,heap     ] GC(77) Old regions: 33->34
[2026-01-28T10:36:01.811+0000][gc,heap     ] GC(77) Humongous regions: 1->1
[2026-01-28T10:36:01.811+0000][gc,metaspace] GC(77) Metaspace: 8562K(8832K)->8562K(8832K) NonClass: 7791K(7936K)->7791K(7936K) Class: 770K(896K)->770K(896K)
[2026-01-28T10:36:01.811+0000][gc          ] GC(77) Pause Young (Normal) (G1 Evacuation Pause) 647M->38M(1024M) 20.489ms
[2026-01-28T10:36:01.811+0000][gc,cpu      ] GC(77) User=0.17s Sys=0.00s Real=0.02s
[2026-01-28T10:36:17.805+0000][gc,start    ] GC(78) Pause Young (Normal) (G1 Evacuation Pause)
[2026-01-28T10:36:17.806+0000][gc,task     ] GC(78) Using 10 workers of 10 for evacuation
[2026-01-28T10:36:17.820+0000][gc,phases   ] GC(78)   Pre Evacuate Collection Set: 0.9ms
[2026-01-28T10:36:17.820+0000][gc,phases   ] GC(78)   Merge Heap Roots: 0.2ms
[2026-01-28T10:36:17.820+0000][gc,phases   ] GC(78)   Evacuate Collection Set: 11.9ms
[2026-01-28T10:36:17.820+0000][gc,phases   ] GC(78)   Post Evacuate Collection Set: 1.4ms
[2026-01-28T10:36:17.821+0000][gc,phases   ] GC(78)   Other: 0.4ms
[2026-01-28T10:36:17.821+0000][gc,heap     ] GC(78) Eden regions: 609->0(609)
[2026-01-28T10:36:17.821+0000][gc,heap     ] GC(78) Survivor regions: 5->5(77)
[2026-01-28T10:36:17.821+0000][gc,heap     ] GC(78) Old regions: 34->34
[2026-01-28T10:36:17.821+0000][gc,heap     ] GC(78) Humongous regions: 1->1
[2026-01-28T10:36:17.821+0000][gc,metaspace] GC(78) Metaspace: 8564K(8832K)->8564K(8832K) NonClass: 7794K(7936K)->7794K(7936K) Class: 770K(896K)->770K(896K)
[2026-01-28T10:36:17.821+0000][gc          ] GC(78) Pause Young (Normal) (G1 Evacuation Pause) 647M->39M(1024M) 16.242ms
[2026-01-28T10:36:17.821+0000][gc,cpu      ] GC(78) User=0.13s Sys=0.00s Real=0.02s
[2026-01-28T10:36:27.727+0000][gc,start    ] GC(79) Pause Young (Normal) (G1 Evacuation Pause)
[2026-01-28T10:36:27.728+0000][gc,task     ] GC(79) Using 10 workers of 10 for evacuation
[2026-01-28T10:36:27.734+0000][gc,phases   ] GC(79)   Pre Evacuate Collection Set: 0.8ms
[2026-01-28T10:36:27.734+0000][gc,phases   ] GC(79)   Merge Heap Roots: 0.3ms
[2026-01-28T10:36:27.734+0000][gc,phases   ] GC(79)   Evacuate Collection Set: 4.5ms
[2026-01-28T10:36:27.734+0000][gc,phases   ] GC(79)   Post Evacuate Collection Set: 0.7ms
[2026-01-28T10:36:27.734+0000][gc,phases   ] GC(79)   Other: 0.2ms
[2026-01-28T10:36:27.734+0000][gc,heap     ] GC(79) Eden regions: 609->0(609)
[2026-01-28T10:36:27.734+0000][gc,heap     ] GC(79) Survivor regions: 5->5(77)
[2026-01-28T10:36:27.734+0000][gc,heap     ] GC(79) Old regions: 34->34
[2026-01-28T10:36:27.734+0000][gc,heap     ] GC(79) Humongous regions: 1->1
[2026-01-28T10:36:27.734+0000][gc,metaspace] GC(79) Metaspace: 8567K(8832K)->8567K(8832K) NonClass: 7797K(7936K)->7797K(7936K) Class: 770K(896K)->770K(896K)
[2026-01-28T10:36:27.734+0000][gc          ] GC(79) Pause Young (Normal) (G1 Evacuation Pause) 648M->39M(1024M) 7.733ms
[2026-01-28T10:36:27.735+0000][gc,cpu      ] GC(79) User=0.05s Sys=0.01s Real=0.01s
[2026-01-28T10:36:33.117+0000][gc,start    ] GC(80) Pause Young (Normal) (G1 Evacuation Pause)
[2026-01-28T10:36:33.117+0000][gc,task     ] GC(80) Using 10 workers of 10 for evacuation
[2026-01-28T10:36:33.128+0000][gc,phases   ] GC(80)   Pre Evacuate Collection Set: 0.7ms
[2026-01-28T10:36:33.128+0000][gc,phases   ] GC(80)   Merge Heap Roots: 0.2ms
[2026-01-28T10:36:33.128+0000][gc,phases   ] GC(80)   Evacuate Collection Set: 8.4ms
[2026-01-28T10:36:33.128+0000][gc,phases   ] GC(80)   Post Evacuate Collection Set: 1.3ms
[2026-01-28T10:36:33.129+0000][gc,phases   ] GC(80)   Other: 0.2ms
[2026-01-28T10:36:33.129+0000][gc,heap     ] GC(80) Eden regions: 609->0(607)
[2026-01-28T10:36:33.129+0000][gc,heap     ] GC(80) Survivor regions: 5->7(77)
[2026-01-28T10:36:33.129+0000][gc,heap     ] GC(80) Old regions: 34->35
[2026-01-28T10:36:33.129+0000][gc,heap     ] GC(80) Humongous regions: 1->1
[2026-01-28T10:36:33.129+0000][gc,metaspace] GC(80) Metaspace: 11141K(11520K)->11141K(11520K) NonClass: 10065K(10240K)->10065K(10240K) Class: 1076K(1280K)->1076K(1280K)
[2026-01-28T10:36:33.129+0000][gc          ] GC(80) Pause Young (Normal) (G1 Evacuation Pause) 648M->42M(1024M) 11.706ms
[2026-01-28T10:36:33.129+0000][gc,cpu      ] GC(80) User=0.04s Sys=0.01s Real=0.01s
[2026-01-28T10:36:39.643+0000][gc,start    ] GC(81) Pause Young (Normal) (G1 Evacuation Pause)
[2026-01-28T10:36:39.643+0000][gc,task     ] GC(81) Using 10 workers of 10 for evacuation
[2026-01-28T10:36:39.649+0000][gc,phases   ] GC(81)   Pre Evacuate Collection Set: 0.6ms
[2026-01-28T10:36:39.649+0000][gc,phases   ] GC(81)   Merge Heap Roots: 0.2ms
[2026-01-28T10:36:39.649+0000][gc,phases   ] GC(81)   Evacuate Collection Set: 4.5ms
[2026-01-28T10:36:39.649+0000][gc,phases   ] GC(81)   Post Evacuate Collection Set: 0.6ms
[2026-01-28T10:36:39.649+0000][gc,phases   ] GC(81)   Other: 0.2ms
[2026-01-28T10:36:39.650+0000][gc,heap     ] GC(81) Eden regions: 607->0(607)
[2026-01-28T10:36:39.650+0000][gc,heap     ] GC(81) Survivor regions: 7->7(77)
[2026-01-28T10:36:39.650+0000][gc,heap     ] GC(81) Old regions: 35->35
[2026-01-28T10:36:39.650+0000][gc,heap     ] GC(81) Humongous regions: 1->1
[2026-01-28T10:36:39.650+0000][gc,metaspace] GC(81) Metaspace: 11142K(11520K)->11142K(11520K) NonClass: 10066K(10240K)->10066K(10240K) Class: 1076K(1280K)->1076K(1280K)
[2026-01-28T10:36:39.650+0000][gc          ] GC(81) Pause Young (Normal) (G1 Evacuation Pause) 649M->42M(1024M) 7.006ms
[2026-01-28T10:36:39.650+0000][gc,cpu      ] GC(81) User=0.04s Sys=0.00s Real=0.00s
[2026-01-28T10:36:44.819+0000][gc,start    ] GC(82) Pause Young (Normal) (G1 Evacuation Pause)
[2026-01-28T10:36:44.820+0000][gc,task     ] GC(82) Using 10 workers of 10 for evacuation
[2026-01-28T10:36:44.823+0000][gc,phases   ] GC(82)   Pre Evacuate Collection Set: 0.4ms
[2026-01-28T10:36:44.824+0000][gc,phases   ] GC(82)   Merge Heap Roots: 0.2ms
[2026-01-28T10:36:44.824+0000][gc,phases   ] GC(82)   Evacuate Collection Set: 2.8ms
[2026-01-28T10:36:44.824+0000][gc,phases   ] GC(82)   Post Evacuate Collection Set: 0.5ms
[2026-01-28T10:36:44.824+0000][gc,phases   ] GC(82)   Other: 0.1ms
[2026-01-28T10:36:44.824+0000][gc,heap     ] GC(82) Eden regions: 607->0(607)
[2026-01-28T10:36:44.824+0000][gc,heap     ] GC(82) Survivor regions: 7->7(77)
[2026-01-28T10:36:44.824+0000][gc,heap     ] GC(82) Old regions: 35->35
[2026-01-28T10:36:44.824+0000][gc,heap     ] GC(82) Humongous regions: 1->1
[2026-01-28T10:36:44.824+0000][gc,metaspace] GC(82) Metaspace: 11230K(11584K)->11230K(11584K) NonClass: 10153K(10304K)->10153K(10304K) Class: 1076K(1280K)->1076K(1280K)
[2026-01-28T10:36:44.824+0000][gc          ] GC(82) Pause Young (Normal) (G1 Evacuation Pause) 649M->42M(1024M) 4.556ms
[2026-01-28T10:36:44.824+0000][gc,cpu      ] GC(82) User=0.03s Sys=0.00s Real=0.01s
[2026-01-28T10:36:51.379+0000][gc,start    ] GC(83) Pause Young (Normal) (G1 Evacuation Pause)
[2026-01-28T10:36:51.380+0000][gc,task     ] GC(83) Using 10 workers of 10 for evacuation
[2026-01-28T10:36:51.395+0000][gc,phases   ] GC(83)   Pre Evacuate Collection Set: 1.0ms
[2026-01-28T10:36:51.395+0000][gc,phases   ] GC(83)   Merge Heap Roots: 1.5ms
[2026-01-28T10:36:51.395+0000][gc,phases   ] GC(83)   Evacuate Collection Set: 10.0ms
[2026-01-28T10:36:51.395+0000][gc,phases   ] GC(83)   Post Evacuate Collection Set: 1.8ms
[2026-01-28T10:36:51.395+0000][gc,phases   ] GC(83)   Other: 0.2ms
[2026-01-28T10:36:51.395+0000][gc,heap     ] GC(83) Eden regions: 607->0(606)
[2026-01-28T10:36:51.395+0000][gc,heap     ] GC(83) Survivor regions: 7->8(77)
[2026-01-28T10:36:51.395+0000][gc,heap     ] GC(83) Old regions: 35->36
[2026-01-28T10:36:51.395+0000][gc,heap     ] GC(83) Humongous regions: 1->1
[2026-01-28T10:36:51.395+0000][gc,metaspace] GC(83) Metaspace: 11244K(11648K)->11244K(11648K) NonClass: 10167K(10368K)->10167K(10368K) Class: 1077K(1280K)->1077K(1280K)
[2026-01-28T10:36:51.395+0000][gc          ] GC(83) Pause Young (Normal) (G1 Evacuation Pause) 649M->43M(1024M) 15.985ms
[2026-01-28T10:36:51.395+0000][gc,cpu      ] GC(83) User=0.10s Sys=0.00s Real=0.02s
[2026-01-28T10:36:56.996+0000][gc,start    ] GC(84) Pause Young (Normal) (G1 Evacuation Pause)
[2026-01-28T10:36:56.997+0000][gc,task     ] GC(84) Using 10 workers of 10 for evacuation
[2026-01-28T10:36:57.002+0000][gc,phases   ] GC(84)   Pre Evacuate Collection Set: 0.6ms
[2026-01-28T10:36:57.002+0000][gc,phases   ] GC(84)   Merge Heap Roots: 0.2ms
[2026-01-28T10:36:57.002+0000][gc,phases   ] GC(84)   Evacuate Collection Set: 3.8ms
[2026-01-28T10:36:57.002+0000][gc,phases   ] GC(84)   Post Evacuate Collection Set: 0.6ms
[2026-01-28T10:36:57.002+0000][gc,phases   ] GC(84)   Other: 0.1ms
[2026-01-28T10:36:57.002+0000][gc,heap     ] GC(84) Eden regions: 606->0(607)
[2026-01-28T10:36:57.003+0000][gc,heap     ] GC(84) Survivor regions: 8->7(77)
[2026-01-28T10:36:57.003+0000][gc,heap     ] GC(84) Old regions: 36->36
[2026-01-28T10:36:57.003+0000][gc,heap     ] GC(84) Humongous regions: 1->1
[2026-01-28T10:36:57.003+0000][gc,metaspace] GC(84) Metaspace: 11274K(11648K)->11274K(11648K) NonClass: 10196K(10368K)->10196K(10368K) Class: 1078K(1280K)->1078K(1280K)
[2026-01-28T10:36:57.003+0000][gc          ] GC(84) Pause Young (Normal) (G1 Evacuation Pause) 649M->42M(1024M) 6.677ms
[2026-01-28T10:36:57.003+0000][gc,cpu      ] GC(84) User=0.04s Sys=0.01s Real=0.01s
[2026-01-28T10:37:01.898+0000][gc,start    ] GC(85) Pause Young (Normal) (G1 Evacuation Pause)
[2026-01-28T10:37:01.898+0000][gc,task     ] GC(85) Using 10 workers of 10 for evacuation
[2026-01-28T10:37:01.904+0000][gc,phases   ] GC(85)   Pre Evacuate Collection Set: 0.4ms
[2026-01-28T10:37:01.904+0000][gc,phases   ] GC(85)   Merge Heap Roots: 0.3ms
[2026-01-28T10:37:01.904+0000][gc,phases   ] GC(85)   Evacuate Collection Set: 4.6ms
[2026-01-28T10:37:01.904+0000][gc,phases   ] GC(85)   Post Evacuate Collection Set: 0.7ms
[2026-01-28T10:37:01.904+0000][gc,phases   ] GC(85)   Other: 0.1ms
[2026-01-28T10:37:01.904+0000][gc,heap     ] GC(85) Eden regions: 607->0(607)
[2026-01-28T10:37:01.904+0000][gc,heap     ] GC(85) Survivor regions: 7->7(77)
[2026-01-28T10:37:01.904+0000][gc,heap     ] GC(85) Old regions: 36->36
[2026-01-28T10:37:01.904+0000][gc,heap     ] GC(85) Humongous regions: 1->1
[2026-01-28T10:37:01.904+0000][gc,metaspace] GC(85) Metaspace: 11322K(11648K)->11322K(11648K) NonClass: 10240K(10368K)->10240K(10368K) Class: 1081K(1280K)->1081K(1280K)
[2026-01-28T10:37:01.904+0000][gc          ] GC(85) Pause Young (Normal) (G1 Evacuation Pause) 649M->43M(1024M) 6.715ms
[2026-01-28T10:37:01.905+0000][gc,cpu      ] GC(85) User=0.04s Sys=0.01s Real=0.01s
[2026-01-28T10:37:07.954+0000][gc,start    ] GC(86) Pause Young (Normal) (G1 Evacuation Pause)
[2026-01-28T10:37:07.955+0000][gc,task     ] GC(86) Using 10 workers of 10 for evacuation
[2026-01-28T10:37:07.964+0000][gc,phases   ] GC(86)   Pre Evacuate Collection Set: 0.9ms
[2026-01-28T10:37:07.964+0000][gc,phases   ] GC(86)   Merge Heap Roots: 0.3ms
[2026-01-28T10:37:07.964+0000][gc,phases   ] GC(86)   Evacuate Collection Set: 6.0ms
[2026-01-28T10:37:07.964+0000][gc,phases   ] GC(86)   Post Evacuate Collection Set: 0.9ms
[2026-01-28T10:37:07.964+0000][gc,phases   ] GC(86)   Other: 0.2ms
[2026-01-28T10:37:07.964+0000][gc,heap     ] GC(86) Eden regions: 607->0(607)
[2026-01-28T10:37:07.964+0000][gc,heap     ] GC(86) Survivor regions: 7->7(77)
[2026-01-28T10:37:07.964+0000][gc,heap     ] GC(86) Old regions: 36->37
[2026-01-28T10:37:07.964+0000][gc,heap     ] GC(86) Humongous regions: 1->1
[2026-01-28T10:37:07.964+0000][gc,metaspace] GC(86) Metaspace: 11325K(11648K)->11325K(11648K) NonClass: 10243K(10368K)->10243K(10368K) Class: 1081K(1280K)->1081K(1280K)
[2026-01-28T10:37:07.964+0000][gc          ] GC(86) Pause Young (Normal) (G1 Evacuation Pause) 650M->43M(1024M) 9.631ms
[2026-01-28T10:37:07.964+0000][gc,cpu      ] GC(86) User=0.07s Sys=0.00s Real=0.01s
[2026-01-28T10:37:12.954+0000][gc,start    ] GC(87) Pause Young (Normal) (G1 Evacuation Pause)
[2026-01-28T10:37:12.954+0000][gc,task     ] GC(87) Using 10 workers of 10 for evacuation
[2026-01-28T10:37:12.966+0000][gc,phases   ] GC(87)   Pre Evacuate Collection Set: 0.9ms
[2026-01-28T10:37:12.966+0000][gc,phases   ] GC(87)   Merge Heap Roots: 0.3ms
[2026-01-28T10:37:12.966+0000][gc,phases   ] GC(87)   Evacuate Collection Set: 6.3ms
[2026-01-28T10:37:12.966+0000][gc,phases   ] GC(87)   Post Evacuate Collection Set: 4.4ms
[2026-01-28T10:37:12.966+0000][gc,phases   ] GC(87)   Other: 0.2ms
[2026-01-28T10:37:12.966+0000][gc,heap     ] GC(87) Eden regions: 607->0(607)
[2026-01-28T10:37:12.967+0000][gc,heap     ] GC(87) Survivor regions: 7->7(77)
[2026-01-28T10:37:12.967+0000][gc,heap     ] GC(87) Old regions: 37->37
[2026-01-28T10:37:12.967+0000][gc,heap     ] GC(87) Humongous regions: 1->1
[2026-01-28T10:37:12.967+0000][gc,metaspace] GC(87) Metaspace: 11354K(11712K)->11354K(11712K) NonClass: 10271K(10432K)->10271K(10432K) Class: 1082K(1280K)->1082K(1280K)
[2026-01-28T10:37:12.967+0000][gc          ] GC(87) Pause Young (Normal) (G1 Evacuation Pause) 650M->43M(1024M) 12.666ms
[2026-01-28T10:37:12.967+0000][gc,cpu      ] GC(87) User=0.05s Sys=0.00s Real=0.01s
[2026-01-28T10:37:18.757+0000][gc,start    ] GC(88) Pause Young (Normal) (G1 Evacuation Pause)
[2026-01-28T10:37:18.758+0000][gc,task     ] GC(88) Using 10 workers of 10 for evacuation
[2026-01-28T10:37:18.765+0000][gc,phases   ] GC(88)   Pre Evacuate Collection Set: 0.7ms
[2026-01-28T10:37:18.765+0000][gc,phases   ] GC(88)   Merge Heap Roots: 0.2ms
[2026-01-28T10:37:18.766+0000][gc,phases   ] GC(88)   Evacuate Collection Set: 5.0ms
[2026-01-28T10:37:18.766+0000][gc,phases   ] GC(88)   Post Evacuate Collection Set: 0.6ms
[2026-01-28T10:37:18.766+0000][gc,phases   ] GC(88)   Other: 1.0ms
[2026-01-28T10:37:18.766+0000][gc,heap     ] GC(88) Eden regions: 607->0(607)
[2026-01-28T10:37:18.766+0000][gc,heap     ] GC(88) Survivor regions: 7->7(77)
[2026-01-28T10:37:18.766+0000][gc,heap     ] GC(88) Old regions: 37->37
[2026-01-28T10:37:18.766+0000][gc,heap     ] GC(88) Humongous regions: 1->1
[2026-01-28T10:37:18.766+0000][gc,metaspace] GC(88) Metaspace: 11354K(11712K)->11354K(11712K) NonClass: 10271K(10432K)->10271K(10432K) Class: 1082K(1280K)->1082K(1280K)
[2026-01-28T10:37:18.766+0000][gc          ] GC(88) Pause Young (Normal) (G1 Evacuation Pause) 650M->43M(1024M) 8.323ms
[2026-01-28T10:37:18.766+0000][gc,cpu      ] GC(88) User=0.04s Sys=0.01s Real=0.01s
[2026-01-28T10:37:25.487+0000][gc,start    ] GC(89) Pause Young (Normal) (G1 Evacuation Pause)
[2026-01-28T10:37:25.488+0000][gc,task     ] GC(89) Using 10 workers of 10 for evacuation
[2026-01-28T10:37:25.498+0000][gc,phases   ] GC(89)   Pre Evacuate Collection Set: 1.3ms
[2026-01-28T10:37:25.498+0000][gc,phases   ] GC(89)   Merge Heap Roots: 0.6ms
[2026-01-28T10:37:25.498+0000][gc,phases   ] GC(89)   Evacuate Collection Set: 6.8ms
[2026-01-28T10:37:25.498+0000][gc,phases   ] GC(89)   Post Evacuate Collection Set: 1.1ms
[2026-01-28T10:37:25.498+0000][gc,phases   ] GC(89)   Other: 0.5ms
[2026-01-28T10:37:25.498+0000][gc,heap     ] GC(89) Eden regions: 607->0(608)
[2026-01-28T10:37:25.498+0000][gc,heap     ] GC(89) Survivor regions: 7->6(77)
[2026-01-28T10:37:25.498+0000][gc,heap     ] GC(89) Old regions: 37->38
[2026-01-28T10:37:25.498+0000][gc,heap     ] GC(89) Humongous regions: 1->1
[2026-01-28T10:37:25.498+0000][gc,metaspace] GC(89) Metaspace: 11377K(11712K)->11377K(11712K) NonClass: 10294K(10432K)->10294K(10432K) Class: 1082K(1280K)->1082K(1280K)
[2026-01-28T10:37:25.498+0000][gc          ] GC(89) Pause Young (Normal) (G1 Evacuation Pause) 650M->43M(1024M) 12.207ms
[2026-01-28T10:37:25.498+0000][gc,cpu      ] GC(89) User=0.08s Sys=0.00s Real=0.01s
[2026-01-28T10:37:38.408+0000][gc,start    ] GC(90) Pause Young (Normal) (G1 Evacuation Pause)
[2026-01-28T10:37:38.408+0000][gc,task     ] GC(90) Using 10 workers of 10 for evacuation
[2026-01-28T10:37:38.412+0000][gc,phases   ] GC(90)   Pre Evacuate Collection Set: 0.3ms
[2026-01-28T10:37:38.412+0000][gc,phases   ] GC(90)   Merge Heap Roots: 0.1ms
[2026-01-28T10:37:38.412+0000][gc,phases   ] GC(90)   Evacuate Collection Set: 2.4ms
[2026-01-28T10:37:38.412+0000][gc,phases   ] GC(90)   Post Evacuate Collection Set: 0.5ms
[2026-01-28T10:37:38.412+0000][gc,phases   ] GC(90)   Other: 0.1ms
[2026-01-28T10:37:38.412+0000][gc,heap     ] GC(90) Eden regions: 608->0(608)
[2026-01-28T10:37:38.412+0000][gc,heap     ] GC(90) Survivor regions: 6->6(77)
[2026-01-28T10:37:38.412+0000][gc,heap     ] GC(90) Old regions: 38->38
[2026-01-28T10:37:38.412+0000][gc,heap     ] GC(90) Humongous regions: 1->1
[2026-01-28T10:37:38.412+0000][gc,metaspace] GC(90) Metaspace: 11413K(11776K)->11413K(11776K) NonClass: 10328K(10496K)->10328K(10496K) Class: 1084K(1280K)->1084K(1280K)
[2026-01-28T10:37:38.412+0000][gc          ] GC(90) Pause Young (Normal) (G1 Evacuation Pause) 651M->44M(1024M) 3.987ms
[2026-01-28T10:37:38.412+0000][gc,cpu      ] GC(90) User=0.02s Sys=0.01s Real=0.01s
[2026-01-28T10:37:51.310+0000][gc,start    ] GC(91) Pause Young (Normal) (G1 Evacuation Pause)
[2026-01-28T10:37:51.311+0000][gc,task     ] GC(91) Using 10 workers of 10 for evacuation
[2026-01-28T10:37:51.329+0000][gc,phases   ] GC(91)   Pre Evacuate Collection Set: 1.0ms
[2026-01-28T10:37:51.329+0000][gc,phases   ] GC(91)   Merge Heap Roots: 0.3ms
[2026-01-28T10:37:51.329+0000][gc,phases   ] GC(91)   Evacuate Collection Set: 13.4ms
[2026-01-28T10:37:51.329+0000][gc,phases   ] GC(91)   Post Evacuate Collection Set: 2.5ms
[2026-01-28T10:37:51.329+0000][gc,phases   ] GC(91)   Other: 0.2ms
[2026-01-28T10:37:51.329+0000][gc,heap     ] GC(91) Eden regions: 608->0(607)
[2026-01-28T10:37:51.329+0000][gc,heap     ] GC(91) Survivor regions: 6->7(77)
[2026-01-28T10:37:51.329+0000][gc,heap     ] GC(91) Old regions: 38->38
[2026-01-28T10:37:51.329+0000][gc,heap     ] GC(91) Humongous regions: 1->1
[2026-01-28T10:37:51.329+0000][gc,metaspace] GC(91) Metaspace: 11432K(11776K)->11432K(11776K) NonClass: 10347K(10496K)->10347K(10496K) Class: 1085K(1280K)->1085K(1280K)
[2026-01-28T10:37:51.330+0000][gc          ] GC(91) Pause Young (Normal) (G1 Evacuation Pause) 652M->44M(1024M) 19.291ms
[2026-01-28T10:37:51.330+0000][gc,cpu      ] GC(91) User=0.15s Sys=0.00s Real=0.02s
[2026-01-28T10:38:02.451+0000][gc,start    ] GC(92) Pause Young (Normal) (G1 Evacuation Pause)
[2026-01-28T10:38:02.452+0000][gc,task     ] GC(92) Using 10 workers of 10 for evacuation
[2026-01-28T10:38:02.457+0000][gc,phases   ] GC(92)   Pre Evacuate Collection Set: 0.9ms
[2026-01-28T10:38:02.457+0000][gc,phases   ] GC(92)   Merge Heap Roots: 0.3ms
[2026-01-28T10:38:02.457+0000][gc,phases   ] GC(92)   Evacuate Collection Set: 3.0ms
[2026-01-28T10:38:02.457+0000][gc,phases   ] GC(92)   Post Evacuate Collection Set: 0.5ms
[2026-01-28T10:38:02.457+0000][gc,phases   ] GC(92)   Other: 0.1ms
[2026-01-28T10:38:02.457+0000][gc,heap     ] GC(92) Eden regions: 607->0(608)
[2026-01-28T10:38:02.457+0000][gc,heap     ] GC(92) Survivor regions: 7->6(77)
[2026-01-28T10:38:02.457+0000][gc,heap     ] GC(92) Old regions: 38->38
[2026-01-28T10:38:02.457+0000][gc,heap     ] GC(92) Humongous regions: 1->1
[2026-01-28T10:38:02.457+0000][gc,metaspace] GC(92) Metaspace: 11467K(11840K)->11467K(11840K) NonClass: 10379K(10560K)->10379K(10560K) Class: 1087K(1280K)->1087K(1280K)
[2026-01-28T10:38:02.457+0000][gc          ] GC(92) Pause Young (Normal) (G1 Evacuation Pause) 651M->44M(1024M) 6.115ms
[2026-01-28T10:38:02.457+0000][gc,cpu      ] GC(92) User=0.03s Sys=0.00s Real=0.00s
[2026-01-28T10:38:14.854+0000][gc,start    ] GC(93) Pause Young (Normal) (G1 Evacuation Pause)
[2026-01-28T10:38:14.855+0000][gc,task     ] GC(93) Using 10 workers of 10 for evacuation
[2026-01-28T10:38:14.858+0000][gc,phases   ] GC(93)   Pre Evacuate Collection Set: 0.3ms
[2026-01-28T10:38:14.858+0000][gc,phases   ] GC(93)   Merge Heap Roots: 0.2ms
[2026-01-28T10:38:14.858+0000][gc,phases   ] GC(93)   Evacuate Collection Set: 1.9ms
[2026-01-28T10:38:14.858+0000][gc,phases   ] GC(93)   Post Evacuate Collection Set: 0.4ms
[2026-01-28T10:38:14.858+0000][gc,phases   ] GC(93)   Other: 0.1ms
[2026-01-28T10:38:14.858+0000][gc,heap     ] GC(93) Eden regions: 608->0(608)
[2026-01-28T10:38:14.858+0000][gc,heap     ] GC(93) Survivor regions: 6->6(77)
[2026-01-28T10:38:14.858+0000][gc,heap     ] GC(93) Old regions: 38->39
[2026-01-28T10:38:14.858+0000][gc,heap     ] GC(93) Humongous regions: 1->1
[2026-01-28T10:38:14.858+0000][gc,metaspace] GC(93) Metaspace: 11484K(11840K)->11484K(11840K) NonClass: 10396K(10560K)->10396K(10560K) Class: 1087K(1280K)->1087K(1280K)
[2026-01-28T10:38:14.858+0000][gc          ] GC(93) Pause Young (Normal) (G1 Evacuation Pause) 652M->44M(1024M) 4.211ms
[2026-01-28T10:38:14.858+0000][gc,cpu      ] GC(93) User=0.01s Sys=0.01s Real=0.00s
[2026-01-28T10:38:27.008+0000][gc,start    ] GC(94) Pause Young (Normal) (G1 Evacuation Pause)
[2026-01-28T10:38:27.009+0000][gc,task     ] GC(94) Using 10 workers of 10 for evacuation
[2026-01-28T10:38:27.015+0000][gc,phases   ] GC(94)   Pre Evacuate Collection Set: 0.8ms
[2026-01-28T10:38:27.015+0000][gc,phases   ] GC(94)   Merge Heap Roots: 0.3ms
[2026-01-28T10:38:27.015+0000][gc,phases   ] GC(94)   Evacuate Collection Set: 4.5ms
[2026-01-28T10:38:27.015+0000][gc,phases   ] GC(94)   Post Evacuate Collection Set: 0.8ms
[2026-01-28T10:38:27.015+0000][gc,phases   ] GC(94)   Other: 0.1ms
[2026-01-28T10:38:27.015+0000][gc,heap     ] GC(94) Eden regions: 608->0(608)
[2026-01-28T10:38:27.015+0000][gc,heap     ] GC(94) Survivor regions: 6->6(77)
[2026-01-28T10:38:27.016+0000][gc,heap     ] GC(94) Old regions: 39->39
[2026-01-28T10:38:27.016+0000][gc,heap     ] GC(94) Humongous regions: 1->1
[2026-01-28T10:38:27.016+0000][gc,metaspace] GC(94) Metaspace: 11498K(11840K)->11498K(11840K) NonClass: 10410K(10560K)->10410K(10560K) Class: 1088K(1280K)->1088K(1280K)
[2026-01-28T10:38:27.016+0000][gc          ] GC(94) Pause Young (Normal) (G1 Evacuation Pause) 652M->44M(1024M) 7.339ms
[2026-01-28T10:38:27.016+0000][gc,cpu      ] GC(94) User=0.06s Sys=0.00s Real=0.01s
[2026-01-28T10:38:39.525+0000][gc,start    ] GC(95) Pause Young (Normal) (G1 Evacuation Pause)
[2026-01-28T10:38:39.525+0000][gc,task     ] GC(95) Using 10 workers of 10 for evacuation
[2026-01-28T10:38:39.536+0000][gc,phases   ] GC(95)   Pre Evacuate Collection Set: 1.0ms
[2026-01-28T10:38:39.536+0000][gc,phases   ] GC(95)   Merge Heap Roots: 0.2ms
[2026-01-28T10:38:39.536+0000][gc,phases   ] GC(95)   Evacuate Collection Set: 8.6ms
[2026-01-28T10:38:39.536+0000][gc,phases   ] GC(95)   Post Evacuate Collection Set: 0.9ms
[2026-01-28T10:38:39.536+0000][gc,phases   ] GC(95)   Other: 0.2ms
[2026-01-28T10:38:39.536+0000][gc,heap     ] GC(95) Eden regions: 608->0(610)
[2026-01-28T10:38:39.536+0000][gc,heap     ] GC(95) Survivor regions: 6->4(77)
[2026-01-28T10:38:39.536+0000][gc,heap     ] GC(95) Old regions: 39->42
[2026-01-28T10:38:39.536+0000][gc,heap     ] GC(95) Humongous regions: 1->1
[2026-01-28T10:38:39.536+0000][gc,metaspace] GC(95) Metaspace: 11508K(11840K)->11508K(11840K) NonClass: 10420K(10560K)->10420K(10560K) Class: 1088K(1280K)->1088K(1280K)
[2026-01-28T10:38:39.536+0000][gc          ] GC(95) Pause Young (Normal) (G1 Evacuation Pause) 652M->45M(1024M) 11.431ms
[2026-01-28T10:38:39.536+0000][gc,cpu      ] GC(95) User=0.08s Sys=0.01s Real=0.01s
[2026-01-28T10:38:51.349+0000][gc,start    ] GC(96) Pause Young (Normal) (G1 Evacuation Pause)
[2026-01-28T10:38:51.349+0000][gc,task     ] GC(96) Using 10 workers of 10 for evacuation
[2026-01-28T10:38:51.361+0000][gc,phases   ] GC(96)   Pre Evacuate Collection Set: 0.9ms
[2026-01-28T10:38:51.361+0000][gc,phases   ] GC(96)   Merge Heap Roots: 0.3ms
[2026-01-28T10:38:51.361+0000][gc,phases   ] GC(96)   Evacuate Collection Set: 9.1ms
[2026-01-28T10:38:51.362+0000][gc,phases   ] GC(96)   Post Evacuate Collection Set: 1.4ms
[2026-01-28T10:38:51.362+0000][gc,phases   ] GC(96)   Other: 0.1ms
[2026-01-28T10:38:51.362+0000][gc,heap     ] GC(96) Eden regions: 610->0(610)
[2026-01-28T10:38:51.362+0000][gc,heap     ] GC(96) Survivor regions: 4->4(77)
[2026-01-28T10:38:51.362+0000][gc,heap     ] GC(96) Old regions: 42->42
[2026-01-28T10:38:51.362+0000][gc,heap     ] GC(96) Humongous regions: 1->1
[2026-01-28T10:38:51.362+0000][gc,metaspace] GC(96) Metaspace: 11523K(11840K)->11523K(11840K) NonClass: 10434K(10560K)->10434K(10560K) Class: 1088K(1280K)->1088K(1280K)
[2026-01-28T10:38:51.362+0000][gc          ] GC(96) Pause Young (Normal) (G1 Evacuation Pause) 655M->46M(1024M) 13.294ms
[2026-01-28T10:38:51.362+0000][gc,cpu      ] GC(96) User=0.10s Sys=0.00s Real=0.02s
[2026-01-28T10:39:02.464+0000][gc,start    ] GC(97) Pause Young (Normal) (G1 Evacuation Pause)
[2026-01-28T10:39:02.464+0000][gc,task     ] GC(97) Using 10 workers of 10 for evacuation
[2026-01-28T10:39:02.468+0000][gc,phases   ] GC(97)   Pre Evacuate Collection Set: 0.6ms
[2026-01-28T10:39:02.468+0000][gc,phases   ] GC(97)   Merge Heap Roots: 0.2ms
[2026-01-28T10:39:02.468+0000][gc,phases   ] GC(97)   Evacuate Collection Set: 2.3ms
[2026-01-28T10:39:02.468+0000][gc,phases   ] GC(97)   Post Evacuate Collection Set: 0.5ms
[2026-01-28T10:39:02.468+0000][gc,phases   ] GC(97)   Other: 0.1ms
[2026-01-28T10:39:02.468+0000][gc,heap     ] GC(97) Eden regions: 610->0(610)
[2026-01-28T10:39:02.468+0000][gc,heap     ] GC(97) Survivor regions: 4->4(77)
[2026-01-28T10:39:02.468+0000][gc,heap     ] GC(97) Old regions: 42->42
[2026-01-28T10:39:02.468+0000][gc,heap     ] GC(97) Humongous regions: 1->1
[2026-01-28T10:39:02.468+0000][gc,metaspace] GC(97) Metaspace: 11571K(11904K)->11571K(11904K) NonClass: 10475K(10624K)->10475K(10624K) Class: 1096K(1280K)->1096K(1280K)
[2026-01-28T10:39:02.468+0000][gc          ] GC(97) Pause Young (Normal) (G1 Evacuation Pause) 656M->45M(1024M) 4.347ms
[2026-01-28T10:39:02.468+0000][gc,cpu      ] GC(97) User=0.02s Sys=0.01s Real=0.00s
[2026-01-28T10:39:14.968+0000][gc,start    ] GC(98) Pause Young (Normal) (G1 Evacuation Pause)
[2026-01-28T10:39:14.969+0000][gc,task     ] GC(98) Using 10 workers of 10 for evacuation
[2026-01-28T10:39:14.976+0000][gc,phases   ] GC(98)   Pre Evacuate Collection Set: 0.8ms
[2026-01-28T10:39:14.979+0000][gc,phases   ] GC(98)   Merge Heap Roots: 0.3ms
[2026-01-28T10:39:14.979+0000][gc,phases   ] GC(98)   Evacuate Collection Set: 3.6ms
[2026-01-28T10:39:14.979+0000][gc,phases   ] GC(98)   Post Evacuate Collection Set: 1.9ms
[2026-01-28T10:39:14.979+0000][gc,phases   ] GC(98)   Other: 0.2ms
[2026-01-28T10:39:14.979+0000][gc,heap     ] GC(98) Eden regions: 610->0(610)
[2026-01-28T10:39:14.979+0000][gc,heap     ] GC(98) Survivor regions: 4->4(77)
[2026-01-28T10:39:14.979+0000][gc,heap     ] GC(98) Old regions: 42->42
[2026-01-28T10:39:14.979+0000][gc,heap     ] GC(98) Humongous regions: 1->1
[2026-01-28T10:39:14.979+0000][gc,metaspace] GC(98) Metaspace: 11577K(11904K)->11577K(11904K) NonClass: 10480K(10624K)->10480K(10624K) Class: 1096K(1280K)->1096K(1280K)
[2026-01-28T10:39:14.979+0000][gc          ] GC(98) Pause Young (Normal) (G1 Evacuation Pause) 655M->45M(1024M) 11.091ms
[2026-01-28T10:39:14.979+0000][gc,cpu      ] GC(98) User=0.04s Sys=0.01s Real=0.01s
[2026-01-28T10:39:27.645+0000][gc,start    ] GC(99) Pause Young (Normal) (G1 Evacuation Pause)
[2026-01-28T10:39:27.646+0000][gc,task     ] GC(99) Using 10 workers of 10 for evacuation
[2026-01-28T10:39:27.661+0000][gc,phases   ] GC(99)   Pre Evacuate Collection Set: 0.9ms
[2026-01-28T10:39:27.661+0000][gc,phases   ] GC(99)   Merge Heap Roots: 0.3ms
[2026-01-28T10:39:27.661+0000][gc,phases   ] GC(99)   Evacuate Collection Set: 10.8ms
[2026-01-28T10:39:27.661+0000][gc,phases   ] GC(99)   Post Evacuate Collection Set: 2.9ms
[2026-01-28T10:39:27.661+0000][gc,phases   ] GC(99)   Other: 0.2ms
[2026-01-28T10:39:27.661+0000][gc,heap     ] GC(99) Eden regions: 610->0(610)
[2026-01-28T10:39:27.662+0000][gc,heap     ] GC(99) Survivor regions: 4->4(77)
[2026-01-28T10:39:27.662+0000][gc,heap     ] GC(99) Old regions: 42->43
[2026-01-28T10:39:27.662+0000][gc,heap     ] GC(99) Humongous regions: 1->1
[2026-01-28T10:39:27.662+0000][gc,metaspace] GC(99) Metaspace: 11585K(11968K)->11585K(11968K) NonClass: 10489K(10688K)->10489K(10688K) Class: 1096K(1280K)->1096K(1280K)
[2026-01-28T10:39:27.662+0000][gc          ] GC(99) Pause Young (Normal) (G1 Evacuation Pause) 655M->46M(1024M) 16.917ms
[2026-01-28T10:39:27.662+0000][gc,cpu      ] GC(99) User=0.12s Sys=0.00s Real=0.02s
[2026-01-28T10:39:40.482+0000][gc,start    ] GC(100) Pause Young (Normal) (G1 Evacuation Pause)
[2026-01-28T10:39:40.488+0000][gc,task     ] GC(100) Using 10 workers of 10 for evacuation
[2026-01-28T10:39:40.503+0000][gc,phases   ] GC(100)   Pre Evacuate Collection Set: 3.0ms
[2026-01-28T10:39:40.503+0000][gc,phases   ] GC(100)   Merge Heap Roots: 1.0ms
[2026-01-28T10:39:40.503+0000][gc,phases   ] GC(100)   Evacuate Collection Set: 9.8ms
[2026-01-28T10:39:40.504+0000][gc,phases   ] GC(100)   Post Evacuate Collection Set: 1.4ms
[2026-01-28T10:39:40.504+0000][gc,phases   ] GC(100)   Other: 3.1ms
[2026-01-28T10:39:40.504+0000][gc,heap     ] GC(100) Eden regions: 610->0(610)
[2026-01-28T10:39:40.504+0000][gc,heap     ] GC(100) Survivor regions: 4->4(77)
[2026-01-28T10:39:40.504+0000][gc,heap     ] GC(100) Old regions: 43->43
[2026-01-28T10:39:40.504+0000][gc,heap     ] GC(100) Humongous regions: 1->1
[2026-01-28T10:39:40.504+0000][gc,metaspace] GC(100) Metaspace: 11606K(11968K)->11606K(11968K) NonClass: 10510K(10688K)->10510K(10688K) Class: 1096K(1280K)->1096K(1280K)
[2026-01-28T10:39:40.504+0000][gc          ] GC(100) Pause Young (Normal) (G1 Evacuation Pause) 656M->46M(1024M) 22.660ms
[2026-01-28T10:39:40.504+0000][gc,cpu      ] GC(100) User=0.11s Sys=0.00s Real=0.02s
[2026-01-28T10:39:51.481+0000][gc,start    ] GC(101) Pause Young (Normal) (G1 Evacuation Pause)
[2026-01-28T10:39:51.484+0000][gc,task     ] GC(101) Using 10 workers of 10 for evacuation
[2026-01-28T10:39:51.492+0000][gc,phases   ] GC(101)   Pre Evacuate Collection Set: 0.9ms
[2026-01-28T10:39:51.492+0000][gc,phases   ] GC(101)   Merge Heap Roots: 0.2ms
[2026-01-28T10:39:51.492+0000][gc,phases   ] GC(101)   Evacuate Collection Set: 5.8ms
[2026-01-28T10:39:51.492+0000][gc,phases   ] GC(101)   Post Evacuate Collection Set: 0.8ms
[2026-01-28T10:39:51.493+0000][gc,phases   ] GC(101)   Other: 0.2ms
[2026-01-28T10:39:51.493+0000][gc,heap     ] GC(101) Eden regions: 610->0(608)
[2026-01-28T10:39:51.493+0000][gc,heap     ] GC(101) Survivor regions: 4->6(77)
[2026-01-28T10:39:51.493+0000][gc,heap     ] GC(101) Old regions: 43->43
[2026-01-28T10:39:51.493+0000][gc,heap     ] GC(101) Humongous regions: 1->1
[2026-01-28T10:39:51.493+0000][gc,metaspace] GC(101) Metaspace: 11622K(11968K)->11622K(11968K) NonClass: 10526K(10688K)->10526K(10688K) Class: 1096K(1280K)->1096K(1280K)
[2026-01-28T10:39:51.493+0000][gc          ] GC(101) Pause Young (Normal) (G1 Evacuation Pause) 656M->48M(1024M) 11.460ms
[2026-01-28T10:39:51.493+0000][gc,cpu      ] GC(101) User=0.06s Sys=0.01s Real=0.01s
[2026-01-28T10:40:04.306+0000][gc,start    ] GC(102) Pause Young (Normal) (G1 Evacuation Pause)
[2026-01-28T10:40:04.307+0000][gc,task     ] GC(102) Using 10 workers of 10 for evacuation
[2026-01-28T10:40:04.317+0000][gc,phases   ] GC(102)   Pre Evacuate Collection Set: 2.7ms
[2026-01-28T10:40:04.317+0000][gc,phases   ] GC(102)   Merge Heap Roots: 0.4ms
[2026-01-28T10:40:04.317+0000][gc,phases   ] GC(102)   Evacuate Collection Set: 5.8ms
[2026-01-28T10:40:04.317+0000][gc,phases   ] GC(102)   Post Evacuate Collection Set: 0.8ms
[2026-01-28T10:40:04.317+0000][gc,phases   ] GC(102)   Other: 0.3ms
[2026-01-28T10:40:04.317+0000][gc,heap     ] GC(102) Eden regions: 608->0(610)
[2026-01-28T10:40:04.317+0000][gc,heap     ] GC(102) Survivor regions: 6->4(77)
[2026-01-28T10:40:04.317+0000][gc,heap     ] GC(102) Old regions: 43->43
[2026-01-28T10:40:04.317+0000][gc,heap     ] GC(102) Humongous regions: 1->1
[2026-01-28T10:40:04.317+0000][gc,metaspace] GC(102) Metaspace: 11628K(11968K)->11628K(11968K) NonClass: 10532K(10688K)->10532K(10688K) Class: 1096K(1280K)->1096K(1280K)
[2026-01-28T10:40:04.317+0000][gc          ] GC(102) Pause Young (Normal) (G1 Evacuation Pause) 656M->47M(1024M) 11.027ms
[2026-01-28T10:40:04.317+0000][gc,cpu      ] GC(102) User=0.09s Sys=0.00s Real=0.01s
[2026-01-28T10:40:17.231+0000][gc,start    ] GC(103) Pause Young (Normal) (G1 Evacuation Pause)
[2026-01-28T10:40:17.232+0000][gc,task     ] GC(103) Using 10 workers of 10 for evacuation
[2026-01-28T10:40:17.250+0000][gc,phases   ] GC(103)   Pre Evacuate Collection Set: 1.0ms
[2026-01-28T10:40:17.250+0000][gc,phases   ] GC(103)   Merge Heap Roots: 0.5ms
[2026-01-28T10:40:17.250+0000][gc,phases   ] GC(103)   Evacuate Collection Set: 14.5ms
[2026-01-28T10:40:17.250+0000][gc,phases   ] GC(103)   Post Evacuate Collection Set: 1.1ms
[2026-01-28T10:40:17.250+0000][gc,phases   ] GC(103)   Other: 0.3ms
[2026-01-28T10:40:17.250+0000][gc,heap     ] GC(103) Eden regions: 610->0(610)
[2026-01-28T10:40:17.250+0000][gc,heap     ] GC(103) Survivor regions: 4->4(77)
[2026-01-28T10:40:17.250+0000][gc,heap     ] GC(103) Old regions: 43->43
[2026-01-28T10:40:17.250+0000][gc,heap     ] GC(103) Humongous regions: 1->1
[2026-01-28T10:40:17.250+0000][gc,metaspace] GC(103) Metaspace: 11631K(11968K)->11631K(11968K) NonClass: 10535K(10688K)->10535K(10688K) Class: 1096K(1280K)->1096K(1280K)
[2026-01-28T10:40:17.250+0000][gc          ] GC(103) Pause Young (Normal) (G1 Evacuation Pause) 657M->47M(1024M) 18.894ms
[2026-01-28T10:40:17.250+0000][gc,cpu      ] GC(103) User=0.15s Sys=0.00s Real=0.02s
[2026-01-28T10:40:30.180+0000][gc,start    ] GC(104) Pause Young (Normal) (G1 Evacuation Pause)
[2026-01-28T10:40:30.181+0000][gc,task     ] GC(104) Using 10 workers of 10 for evacuation
[2026-01-28T10:40:30.188+0000][gc,phases   ] GC(104)   Pre Evacuate Collection Set: 0.9ms
[2026-01-28T10:40:30.188+0000][gc,phases   ] GC(104)   Merge Heap Roots: 0.3ms
[2026-01-28T10:40:30.188+0000][gc,phases   ] GC(104)   Evacuate Collection Set: 4.7ms
[2026-01-28T10:40:30.188+0000][gc,phases   ] GC(104)   Post Evacuate Collection Set: 0.8ms
[2026-01-28T10:40:30.188+0000][gc,phases   ] GC(104)   Other: 0.2ms
[2026-01-28T10:40:30.188+0000][gc,heap     ] GC(104) Eden regions: 610->0(610)
[2026-01-28T10:40:30.188+0000][gc,heap     ] GC(104) Survivor regions: 4->4(77)
[2026-01-28T10:40:30.188+0000][gc,heap     ] GC(104) Old regions: 43->44
[2026-01-28T10:40:30.188+0000][gc,heap     ] GC(104) Humongous regions: 1->1
[2026-01-28T10:40:30.188+0000][gc,metaspace] GC(104) Metaspace: 11636K(11968K)->11636K(11968K) NonClass: 10540K(10688K)->10540K(10688K) Class: 1096K(1280K)->1096K(1280K)
[2026-01-28T10:40:30.188+0000][gc          ] GC(104) Pause Young (Normal) (G1 Evacuation Pause) 657M->47M(1024M) 8.216ms
[2026-01-28T10:40:30.188+0000][gc,cpu      ] GC(104) User=0.06s Sys=0.00s Real=0.01s
[2026-01-28T10:40:41.306+0000][gc,start    ] GC(105) Pause Young (Normal) (G1 Evacuation Pause)
[2026-01-28T10:40:41.307+0000][gc,task     ] GC(105) Using 10 workers of 10 for evacuation
[2026-01-28T10:40:41.310+0000][gc,phases   ] GC(105)   Pre Evacuate Collection Set: 0.3ms
[2026-01-28T10:40:41.310+0000][gc,phases   ] GC(105)   Merge Heap Roots: 0.2ms
[2026-01-28T10:40:41.310+0000][gc,phases   ] GC(105)   Evacuate Collection Set: 1.8ms
[2026-01-28T10:40:41.310+0000][gc,phases   ] GC(105)   Post Evacuate Collection Set: 0.5ms
[2026-01-28T10:40:41.310+0000][gc,phases   ] GC(105)   Other: 0.1ms
[2026-01-28T10:40:41.310+0000][gc,heap     ] GC(105) Eden regions: 610->0(609)
[2026-01-28T10:40:41.310+0000][gc,heap     ] GC(105) Survivor regions: 4->5(77)
[2026-01-28T10:40:41.310+0000][gc,heap     ] GC(105) Old regions: 44->44
[2026-01-28T10:40:41.310+0000][gc,heap     ] GC(105) Humongous regions: 1->1
[2026-01-28T10:40:41.310+0000][gc,metaspace] GC(105) Metaspace: 11644K(11968K)->11644K(11968K) NonClass: 10547K(10688K)->10547K(10688K) Class: 1096K(1280K)->1096K(1280K)
[2026-01-28T10:40:41.310+0000][gc          ] GC(105) Pause Young (Normal) (G1 Evacuation Pause) 657M->48M(1024M) 3.692ms
[2026-01-28T10:40:41.310+0000][gc,cpu      ] GC(105) User=0.02s Sys=0.01s Real=0.00s
[2026-01-28T10:40:52.242+0000][gc,start    ] GC(106) Pause Young (Normal) (G1 Evacuation Pause)
[2026-01-28T10:40:52.244+0000][gc,task     ] GC(106) Using 10 workers of 10 for evacuation
[2026-01-28T10:40:52.248+0000][gc,phases   ] GC(106)   Pre Evacuate Collection Set: 0.7ms
[2026-01-28T10:40:52.248+0000][gc,phases   ] GC(106)   Merge Heap Roots: 0.2ms
[2026-01-28T10:40:52.248+0000][gc,phases   ] GC(106)   Evacuate Collection Set: 3.0ms
[2026-01-28T10:40:52.248+0000][gc,phases   ] GC(106)   Post Evacuate Collection Set: 0.8ms
[2026-01-28T10:40:52.249+0000][gc,phases   ] GC(106)   Other: 0.1ms
[2026-01-28T10:40:52.249+0000][gc,heap     ] GC(106) Eden regions: 609->0(610)
[2026-01-28T10:40:52.249+0000][gc,heap     ] GC(106) Survivor regions: 5->4(77)
[2026-01-28T10:40:52.249+0000][gc,heap     ] GC(106) Old regions: 44->44
[2026-01-28T10:40:52.249+0000][gc,heap     ] GC(106) Humongous regions: 1->1
[2026-01-28T10:40:52.249+0000][gc,metaspace] GC(106) Metaspace: 11653K(11968K)->11653K(11968K) NonClass: 10555K(10688K)->10555K(10688K) Class: 1097K(1280K)->1097K(1280K)
[2026-01-28T10:40:52.249+0000][gc          ] GC(106) Pause Young (Normal) (G1 Evacuation Pause) 657M->48M(1024M) 6.227ms
[2026-01-28T10:40:52.249+0000][gc,cpu      ] GC(106) User=0.03s Sys=0.01s Real=0.00s
[2026-01-28T10:41:04.887+0000][gc,start    ] GC(107) Pause Young (Normal) (G1 Evacuation Pause)
[2026-01-28T10:41:04.888+0000][gc,task     ] GC(107) Using 10 workers of 10 for evacuation
[2026-01-28T10:41:04.892+0000][gc,phases   ] GC(107)   Pre Evacuate Collection Set: 0.6ms
[2026-01-28T10:41:04.892+0000][gc,phases   ] GC(107)   Merge Heap Roots: 0.3ms
[2026-01-28T10:41:04.892+0000][gc,phases   ] GC(107)   Evacuate Collection Set: 2.5ms
[2026-01-28T10:41:04.892+0000][gc,phases   ] GC(107)   Post Evacuate Collection Set: 0.5ms
[2026-01-28T10:41:04.892+0000][gc,phases   ] GC(107)   Other: 0.1ms
[2026-01-28T10:41:04.892+0000][gc,heap     ] GC(107) Eden regions: 610->0(610)
[2026-01-28T10:41:04.892+0000][gc,heap     ] GC(107) Survivor regions: 4->4(77)
[2026-01-28T10:41:04.892+0000][gc,heap     ] GC(107) Old regions: 44->44
[2026-01-28T10:41:04.892+0000][gc,heap     ] GC(107) Humongous regions: 1->1
[2026-01-28T10:41:04.892+0000][gc,metaspace] GC(107) Metaspace: 11668K(11968K)->11668K(11968K) NonClass: 10570K(10688K)->10570K(10688K) Class: 1097K(1280K)->1097K(1280K)
[2026-01-28T10:41:04.892+0000][gc          ] GC(107) Pause Young (Normal) (G1 Evacuation Pause) 658M->48M(1024M) 5.145ms
[2026-01-28T10:41:04.892+0000][gc,cpu      ] GC(107) User=0.03s Sys=0.01s Real=0.01s
[2026-01-28T10:41:17.636+0000][gc,start    ] GC(108) Pause Young (Normal) (G1 Evacuation Pause)
[2026-01-28T10:41:17.637+0000][gc,task     ] GC(108) Using 10 workers of 10 for evacuation
[2026-01-28T10:41:17.648+0000][gc,phases   ] GC(108)   Pre Evacuate Collection Set: 1.0ms
[2026-01-28T10:41:17.648+0000][gc,phases   ] GC(108)   Merge Heap Roots: 0.2ms
[2026-01-28T10:41:17.648+0000][gc,phases   ] GC(108)   Evacuate Collection Set: 7.8ms
[2026-01-28T10:41:17.648+0000][gc,phases   ] GC(108)   Post Evacuate Collection Set: 1.3ms
[2026-01-28T10:41:17.648+0000][gc,phases   ] GC(108)   Other: 0.2ms
[2026-01-28T10:41:17.648+0000][gc,heap     ] GC(108) Eden regions: 610->0(609)
[2026-01-28T10:41:17.648+0000][gc,heap     ] GC(108) Survivor regions: 4->5(77)
[2026-01-28T10:41:17.648+0000][gc,heap     ] GC(108) Old regions: 44->44
[2026-01-28T10:41:17.648+0000][gc,heap     ] GC(108) Humongous regions: 1->1
[2026-01-28T10:41:17.648+0000][gc,metaspace] GC(108) Metaspace: 11672K(11968K)->11672K(11968K) NonClass: 10574K(10688K)->10574K(10688K) Class: 1097K(1280K)->1097K(1280K)
[2026-01-28T10:41:17.648+0000][gc          ] GC(108) Pause Young (Normal) (G1 Evacuation Pause) 658M->48M(1024M) 11.889ms
[2026-01-28T10:41:17.648+0000][gc,cpu      ] GC(108) User=0.09s Sys=0.00s Real=0.01s
[2026-01-28T10:41:30.426+0000][gc,start    ] GC(109) Pause Young (Normal) (G1 Evacuation Pause)
[2026-01-28T10:41:30.427+0000][gc,task     ] GC(109) Using 10 workers of 10 for evacuation
[2026-01-28T10:41:30.438+0000][gc,phases   ] GC(109)   Pre Evacuate Collection Set: 0.9ms
[2026-01-28T10:41:30.438+0000][gc,phases   ] GC(109)   Merge Heap Roots: 0.3ms
[2026-01-28T10:41:30.439+0000][gc,phases   ] GC(109)   Evacuate Collection Set: 8.7ms
[2026-01-28T10:41:30.439+0000][gc,phases   ] GC(109)   Post Evacuate Collection Set: 1.3ms
[2026-01-28T10:41:30.439+0000][gc,phases   ] GC(109)   Other: 0.2ms
[2026-01-28T10:41:30.439+0000][gc,heap     ] GC(109) Eden regions: 609->0(609)
[2026-01-28T10:41:30.439+0000][gc,heap     ] GC(109) Survivor regions: 5->5(77)
[2026-01-28T10:41:30.439+0000][gc,heap     ] GC(109) Old regions: 44->44
[2026-01-28T10:41:30.439+0000][gc,heap     ] GC(109) Humongous regions: 1->1
[2026-01-28T10:41:30.439+0000][gc,metaspace] GC(109) Metaspace: 11676K(11968K)->11676K(11968K) NonClass: 10578K(10688K)->10578K(10688K) Class: 1097K(1280K)->1097K(1280K)
[2026-01-28T10:41:30.439+0000][gc          ] GC(109) Pause Young (Normal) (G1 Evacuation Pause) 657M->49M(1024M) 12.428ms
[2026-01-28T10:41:30.439+0000][gc,cpu      ] GC(109) User=0.10s Sys=0.00s Real=0.01s
[2026-01-28T10:41:41.369+0000][gc,start    ] GC(110) Pause Young (Normal) (G1 Evacuation Pause)
[2026-01-28T10:41:41.370+0000][gc,task     ] GC(110) Using 10 workers of 10 for evacuation
[2026-01-28T10:41:41.374+0000][gc,phases   ] GC(110)   Pre Evacuate Collection Set: 0.6ms
[2026-01-28T10:41:41.374+0000][gc,phases   ] GC(110)   Merge Heap Roots: 0.2ms
[2026-01-28T10:41:41.374+0000][gc,phases   ] GC(110)   Evacuate Collection Set: 3.1ms
[2026-01-28T10:41:41.374+0000][gc,phases   ] GC(110)   Post Evacuate Collection Set: 0.5ms
[2026-01-28T10:41:41.374+0000][gc,phases   ] GC(110)   Other: 0.1ms
[2026-01-28T10:41:41.375+0000][gc,heap     ] GC(110) Eden regions: 609->0(608)
[2026-01-28T10:41:41.375+0000][gc,heap     ] GC(110) Survivor regions: 5->6(77)
[2026-01-28T10:41:41.375+0000][gc,heap     ] GC(110) Old regions: 44->45
[2026-01-28T10:41:41.375+0000][gc,heap     ] GC(110) Humongous regions: 1->1
[2026-01-28T10:41:41.375+0000][gc,metaspace] GC(110) Metaspace: 11700K(12160K)->11700K(12160K) NonClass: 10600K(10816K)->10600K(10816K) Class: 1099K(1344K)->1099K(1344K)
[2026-01-28T10:41:41.375+0000][gc          ] GC(110) Pause Young (Normal) (G1 Evacuation Pause) 658M->50M(1024M) 6.037ms
[2026-01-28T10:41:41.375+0000][gc,cpu      ] GC(110) User=0.03s Sys=0.00s Real=0.01s
[2026-01-28T10:41:53.336+0000][gc,start    ] GC(111) Pause Young (Normal) (G1 Evacuation Pause)
[2026-01-28T10:41:53.337+0000][gc,task     ] GC(111) Using 10 workers of 10 for evacuation
[2026-01-28T10:41:53.351+0000][gc,phases   ] GC(111)   Pre Evacuate Collection Set: 1.9ms
[2026-01-28T10:41:53.351+0000][gc,phases   ] GC(111)   Merge Heap Roots: 0.6ms
[2026-01-28T10:41:53.351+0000][gc,phases   ] GC(111)   Evacuate Collection Set: 8.5ms
[2026-01-28T10:41:53.352+0000][gc,phases   ] GC(111)   Post Evacuate Collection Set: 2.6ms
[2026-01-28T10:41:53.352+0000][gc,phases   ] GC(111)   Other: 0.3ms
[2026-01-28T10:41:53.352+0000][gc,heap     ] GC(111) Eden regions: 608->0(609)
[2026-01-28T10:41:53.352+0000][gc,heap     ] GC(111) Survivor regions: 6->5(77)
[2026-01-28T10:41:53.352+0000][gc,heap     ] GC(111) Old regions: 45->45
[2026-01-28T10:41:53.352+0000][gc,heap     ] GC(111) Humongous regions: 1->1
[2026-01-28T10:41:53.352+0000][gc,metaspace] GC(111) Metaspace: 11705K(12160K)->11705K(12160K) NonClass: 10605K(10816K)->10605K(10816K) Class: 1099K(1344K)->1099K(1344K)
[2026-01-28T10:41:53.353+0000][gc          ] GC(111) Pause Young (Normal) (G1 Evacuation Pause) 658M->49M(1024M) 16.979ms
[2026-01-28T10:41:53.353+0000][gc,cpu      ] GC(111) User=0.12s Sys=0.00s Real=0.02s
[2026-01-28T10:42:06.049+0000][gc,start    ] GC(112) Pause Young (Normal) (G1 Evacuation Pause)
[2026-01-28T10:42:06.050+0000][gc,task     ] GC(112) Using 10 workers of 10 for evacuation
[2026-01-28T10:42:06.055+0000][gc,phases   ] GC(112)   Pre Evacuate Collection Set: 0.5ms
[2026-01-28T10:42:06.055+0000][gc,phases   ] GC(112)   Merge Heap Roots: 0.2ms
[2026-01-28T10:42:06.055+0000][gc,phases   ] GC(112)   Evacuate Collection Set: 3.9ms
[2026-01-28T10:42:06.055+0000][gc,phases   ] GC(112)   Post Evacuate Collection Set: 0.7ms
[2026-01-28T10:42:06.055+0000][gc,phases   ] GC(112)   Other: 0.2ms
[2026-01-28T10:42:06.055+0000][gc,heap     ] GC(112) Eden regions: 609->0(609)
[2026-01-28T10:42:06.055+0000][gc,heap     ] GC(112) Survivor regions: 5->5(77)
[2026-01-28T10:42:06.055+0000][gc,heap     ] GC(112) Old regions: 45->45
[2026-01-28T10:42:06.055+0000][gc,heap     ] GC(112) Humongous regions: 1->1
[2026-01-28T10:42:06.056+0000][gc,metaspace] GC(112) Metaspace: 11708K(12160K)->11708K(12160K) NonClass: 10608K(10816K)->10608K(10816K) Class: 1099K(1344K)->1099K(1344K)
[2026-01-28T10:42:06.056+0000][gc          ] GC(112) Pause Young (Normal) (G1 Evacuation Pause) 658M->49M(1024M) 6.401ms
[2026-01-28T10:42:06.056+0000][gc,cpu      ] GC(112) User=0.04s Sys=0.00s Real=0.01s
[2026-01-28T10:42:18.256+0000][gc,start    ] GC(113) Pause Young (Normal) (G1 Evacuation Pause)
[2026-01-28T10:42:18.257+0000][gc,task     ] GC(113) Using 10 workers of 10 for evacuation
[2026-01-28T10:42:18.262+0000][gc,phases   ] GC(113)   Pre Evacuate Collection Set: 0.4ms
[2026-01-28T10:42:18.262+0000][gc,phases   ] GC(113)   Merge Heap Roots: 0.2ms
[2026-01-28T10:42:18.262+0000][gc,phases   ] GC(113)   Evacuate Collection Set: 3.5ms
[2026-01-28T10:42:18.262+0000][gc,phases   ] GC(113)   Post Evacuate Collection Set: 0.6ms
[2026-01-28T10:42:18.262+0000][gc,phases   ] GC(113)   Other: 0.2ms
[2026-01-28T10:42:18.262+0000][gc,heap     ] GC(113) Eden regions: 609->0(609)
[2026-01-28T10:42:18.262+0000][gc,heap     ] GC(113) Survivor regions: 5->5(77)
[2026-01-28T10:42:18.262+0000][gc,heap     ] GC(113) Old regions: 45->45
[2026-01-28T10:42:18.262+0000][gc,heap     ] GC(113) Humongous regions: 1->1
[2026-01-28T10:42:18.262+0000][gc,metaspace] GC(113) Metaspace: 11708K(12160K)->11708K(12160K) NonClass: 10608K(10816K)->10608K(10816K) Class: 1099K(1344K)->1099K(1344K)
[2026-01-28T10:42:18.262+0000][gc          ] GC(113) Pause Young (Normal) (G1 Evacuation Pause) 658M->50M(1024M) 6.295ms
[2026-01-28T10:42:18.263+0000][gc,cpu      ] GC(113) User=0.04s Sys=0.00s Real=0.01s
[2026-01-28T10:42:30.469+0000][gc,start    ] GC(114) Pause Young (Normal) (G1 Evacuation Pause)
[2026-01-28T10:42:30.470+0000][gc,task     ] GC(114) Using 10 workers of 10 for evacuation
[2026-01-28T10:42:30.482+0000][gc,phases   ] GC(114)   Pre Evacuate Collection Set: 0.8ms
[2026-01-28T10:42:30.482+0000][gc,phases   ] GC(114)   Merge Heap Roots: 0.2ms
[2026-01-28T10:42:30.482+0000][gc,phases   ] GC(114)   Evacuate Collection Set: 9.9ms
[2026-01-28T10:42:30.482+0000][gc,phases   ] GC(114)   Post Evacuate Collection Set: 1.1ms
[2026-01-28T10:42:30.482+0000][gc,phases   ] GC(114)   Other: 0.1ms
[2026-01-28T10:42:30.482+0000][gc,heap     ] GC(114) Eden regions: 609->0(609)
[2026-01-28T10:42:30.482+0000][gc,heap     ] GC(114) Survivor regions: 5->5(77)
[2026-01-28T10:42:30.482+0000][gc,heap     ] GC(114) Old regions: 45->46
[2026-01-28T10:42:30.482+0000][gc,heap     ] GC(114) Humongous regions: 1->1
[2026-01-28T10:42:30.482+0000][gc,metaspace] GC(114) Metaspace: 11708K(12160K)->11708K(12160K) NonClass: 10608K(10816K)->10608K(10816K) Class: 1099K(1344K)->1099K(1344K)
[2026-01-28T10:42:30.482+0000][gc          ] GC(114) Pause Young (Normal) (G1 Evacuation Pause) 659M->50M(1024M) 13.072ms
[2026-01-28T10:42:30.482+0000][gc,cpu      ] GC(114) User=0.09s Sys=0.02s Real=0.02s
[2026-01-28T10:42:41.383+0000][gc,start    ] GC(115) Pause Young (Normal) (G1 Evacuation Pause)
[2026-01-28T10:42:41.383+0000][gc,task     ] GC(115) Using 10 workers of 10 for evacuation
[2026-01-28T10:42:41.389+0000][gc,phases   ] GC(115)   Pre Evacuate Collection Set: 0.3ms
[2026-01-28T10:42:41.389+0000][gc,phases   ] GC(115)   Merge Heap Roots: 0.2ms
[2026-01-28T10:42:41.389+0000][gc,phases   ] GC(115)   Evacuate Collection Set: 4.1ms
[2026-01-28T10:42:41.389+0000][gc,phases   ] GC(115)   Post Evacuate Collection Set: 0.5ms
[2026-01-28T10:42:41.389+0000][gc,phases   ] GC(115)   Other: 0.1ms
[2026-01-28T10:42:41.389+0000][gc,heap     ] GC(115) Eden regions: 609->0(608)
[2026-01-28T10:42:41.389+0000][gc,heap     ] GC(115) Survivor regions: 5->6(77)
[2026-01-28T10:42:41.389+0000][gc,heap     ] GC(115) Old regions: 46->46
[2026-01-28T10:42:41.389+0000][gc,heap     ] GC(115) Humongous regions: 1->1
[2026-01-28T10:42:41.389+0000][gc,metaspace] GC(115) Metaspace: 11714K(12160K)->11714K(12160K) NonClass: 10614K(10816K)->10614K(10816K) Class: 1099K(1344K)->1099K(1344K)
[2026-01-28T10:42:41.389+0000][gc          ] GC(115) Pause Young (Normal) (G1 Evacuation Pause) 659M->51M(1024M) 6.569ms
[2026-01-28T10:42:41.389+0000][gc,cpu      ] GC(115) User=0.05s Sys=0.00s Real=0.00s
[2026-01-28T10:42:52.873+0000][gc,start    ] GC(116) Pause Young (Normal) (G1 Evacuation Pause)
[2026-01-28T10:42:52.874+0000][gc,task     ] GC(116) Using 10 workers of 10 for evacuation
[2026-01-28T10:42:52.887+0000][gc,phases   ] GC(116)   Pre Evacuate Collection Set: 0.8ms
[2026-01-28T10:42:52.887+0000][gc,phases   ] GC(116)   Merge Heap Roots: 0.3ms
[2026-01-28T10:42:52.887+0000][gc,phases   ] GC(116)   Evacuate Collection Set: 7.3ms
[2026-01-28T10:42:52.887+0000][gc,phases   ] GC(116)   Post Evacuate Collection Set: 3.3ms
[2026-01-28T10:42:52.888+0000][gc,phases   ] GC(116)   Other: 0.3ms
[2026-01-28T10:42:52.888+0000][gc,heap     ] GC(116) Eden regions: 608->0(609)
[2026-01-28T10:42:52.888+0000][gc,heap     ] GC(116) Survivor regions: 6->5(77)
[2026-01-28T10:42:52.888+0000][gc,heap     ] GC(116) Old regions: 46->46
[2026-01-28T10:42:52.888+0000][gc,heap     ] GC(116) Humongous regions: 1->1
[2026-01-28T10:42:52.888+0000][gc,metaspace] GC(116) Metaspace: 11720K(12160K)->11720K(12160K) NonClass: 10620K(10816K)->10620K(10816K) Class: 1099K(1344K)->1099K(1344K)
[2026-01-28T10:42:52.888+0000][gc          ] GC(116) Pause Young (Normal) (G1 Evacuation Pause) 659M->51M(1024M) 14.517ms
[2026-01-28T10:42:52.888+0000][gc,cpu      ] GC(116) User=0.09s Sys=0.00s Real=0.01s
[2026-01-28T10:43:05.171+0000][gc,start    ] GC(117) Pause Young (Normal) (G1 Evacuation Pause)
[2026-01-28T10:43:05.172+0000][gc,task     ] GC(117) Using 10 workers of 10 for evacuation
[2026-01-28T10:43:05.174+0000][gc,phases   ] GC(117)   Pre Evacuate Collection Set: 0.3ms
[2026-01-28T10:43:05.175+0000][gc,phases   ] GC(117)   Merge Heap Roots: 0.1ms
[2026-01-28T10:43:05.175+0000][gc,phases   ] GC(117)   Evacuate Collection Set: 1.5ms
[2026-01-28T10:43:05.175+0000][gc,phases   ] GC(117)   Post Evacuate Collection Set: 0.4ms
[2026-01-28T10:43:05.175+0000][gc,phases   ] GC(117)   Other: 0.1ms
[2026-01-28T10:43:05.175+0000][gc,heap     ] GC(117) Eden regions: 609->0(609)
[2026-01-28T10:43:05.175+0000][gc,heap     ] GC(117) Survivor regions: 5->5(77)
[2026-01-28T10:43:05.175+0000][gc,heap     ] GC(117) Old regions: 46->47
[2026-01-28T10:43:05.175+0000][gc,heap     ] GC(117) Humongous regions: 1->1
[2026-01-28T10:43:05.175+0000][gc,metaspace] GC(117) Metaspace: 11729K(12160K)->11729K(12160K) NonClass: 10630K(10816K)->10630K(10816K) Class: 1099K(1344K)->1099K(1344K)
[2026-01-28T10:43:05.175+0000][gc          ] GC(117) Pause Young (Normal) (G1 Evacuation Pause) 660M->51M(1024M) 3.465ms
[2026-01-28T10:43:05.175+0000][gc,cpu      ] GC(117) User=0.01s Sys=0.00s Real=0.01s
[2026-01-28T10:43:17.078+0000][gc,start    ] GC(118) Pause Young (Normal) (G1 Evacuation Pause)
[2026-01-28T10:43:17.080+0000][gc,task     ] GC(118) Using 10 workers of 10 for evacuation
[2026-01-28T10:43:17.085+0000][gc,phases   ] GC(118)   Pre Evacuate Collection Set: 1.0ms
[2026-01-28T10:43:17.085+0000][gc,phases   ] GC(118)   Merge Heap Roots: 0.2ms
[2026-01-28T10:43:17.085+0000][gc,phases   ] GC(118)   Evacuate Collection Set: 3.4ms
[2026-01-28T10:43:17.085+0000][gc,phases   ] GC(118)   Post Evacuate Collection Set: 0.6ms
[2026-01-28T10:43:17.085+0000][gc,phases   ] GC(118)   Other: 0.1ms
[2026-01-28T10:43:17.085+0000][gc,heap     ] GC(118) Eden regions: 609->0(609)
[2026-01-28T10:43:17.085+0000][gc,heap     ] GC(118) Survivor regions: 5->5(77)
[2026-01-28T10:43:17.085+0000][gc,heap     ] GC(118) Old regions: 47->47
[2026-01-28T10:43:17.085+0000][gc,heap     ] GC(118) Humongous regions: 1->1
[2026-01-28T10:43:17.085+0000][gc,metaspace] GC(118) Metaspace: 11733K(12160K)->11733K(12160K) NonClass: 10633K(10816K)->10633K(10816K) Class: 1099K(1344K)->1099K(1344K)
[2026-01-28T10:43:17.085+0000][gc          ] GC(118) Pause Young (Normal) (G1 Evacuation Pause) 660M->51M(1024M) 6.640ms
[2026-01-28T10:43:17.085+0000][gc,cpu      ] GC(118) User=0.05s Sys=0.00s Real=0.01s
[2026-01-28T10:43:29.124+0000][gc,start    ] GC(119) Pause Young (Normal) (G1 Evacuation Pause)
[2026-01-28T10:43:29.124+0000][gc,task     ] GC(119) Using 10 workers of 10 for evacuation
[2026-01-28T10:43:29.127+0000][gc,phases   ] GC(119)   Pre Evacuate Collection Set: 0.4ms
[2026-01-28T10:43:29.127+0000][gc,phases   ] GC(119)   Merge Heap Roots: 0.1ms
[2026-01-28T10:43:29.127+0000][gc,phases   ] GC(119)   Evacuate Collection Set: 2.4ms
[2026-01-28T10:43:29.127+0000][gc,phases   ] GC(119)   Post Evacuate Collection Set: 0.4ms
[2026-01-28T10:43:29.127+0000][gc,phases   ] GC(119)   Other: 0.1ms
[2026-01-28T10:43:29.127+0000][gc,heap     ] GC(119) Eden regions: 609->0(609)
[2026-01-28T10:43:29.127+0000][gc,heap     ] GC(119) Survivor regions: 5->5(77)
[2026-01-28T10:43:29.128+0000][gc,heap     ] GC(119) Old regions: 47->47
[2026-01-28T10:43:29.128+0000][gc,heap     ] GC(119) Humongous regions: 1->1
[2026-01-28T10:43:29.128+0000][gc,metaspace] GC(119) Metaspace: 11736K(12160K)->11736K(12160K) NonClass: 10636K(10816K)->10636K(10816K) Class: 1099K(1344K)->1099K(1344K)
[2026-01-28T10:43:29.128+0000][gc          ] GC(119) Pause Young (Normal) (G1 Evacuation Pause) 660M->52M(1024M) 3.941ms
[2026-01-28T10:43:29.128+0000][gc,cpu      ] GC(119) User=0.02s Sys=0.00s Real=0.00s
[2026-01-28T10:43:41.258+0000][gc,start    ] GC(120) Pause Young (Normal) (G1 Evacuation Pause)
[2026-01-28T10:43:41.259+0000][gc,task     ] GC(120) Using 10 workers of 10 for evacuation
[2026-01-28T10:43:41.266+0000][gc,phases   ] GC(120)   Pre Evacuate Collection Set: 0.7ms
[2026-01-28T10:43:41.266+0000][gc,phases   ] GC(120)   Merge Heap Roots: 0.3ms
[2026-01-28T10:43:41.266+0000][gc,phases   ] GC(120)   Evacuate Collection Set: 5.3ms
[2026-01-28T10:43:41.266+0000][gc,phases   ] GC(120)   Post Evacuate Collection Set: 0.8ms
[2026-01-28T10:43:41.266+0000][gc,phases   ] GC(120)   Other: 0.2ms
[2026-01-28T10:43:41.266+0000][gc,heap     ] GC(120) Eden regions: 609->0(609)
[2026-01-28T10:43:41.267+0000][gc,heap     ] GC(120) Survivor regions: 5->5(77)
[2026-01-28T10:43:41.267+0000][gc,heap     ] GC(120) Old regions: 47->47
[2026-01-28T10:43:41.267+0000][gc,heap     ] GC(120) Humongous regions: 1->1
[2026-01-28T10:43:41.267+0000][gc,metaspace] GC(120) Metaspace: 11766K(12160K)->11766K(12160K) NonClass: 10662K(10816K)->10662K(10816K) Class: 1103K(1344K)->1103K(1344K)
[2026-01-28T10:43:41.267+0000][gc          ] GC(120) Pause Young (Normal) (G1 Evacuation Pause) 661M->52M(1024M) 8.603ms
[2026-01-28T10:43:41.267+0000][gc,cpu      ] GC(120) User=0.06s Sys=0.00s Real=0.01s
[2026-01-28T10:43:51.921+0000][gc,start    ] GC(121) Pause Young (Normal) (G1 Evacuation Pause)
[2026-01-28T10:43:51.922+0000][gc,task     ] GC(121) Using 10 workers of 10 for evacuation
[2026-01-28T10:43:51.933+0000][gc,phases   ] GC(121)   Pre Evacuate Collection Set: 0.9ms
[2026-01-28T10:43:51.933+0000][gc,phases   ] GC(121)   Merge Heap Roots: 0.3ms
[2026-01-28T10:43:51.933+0000][gc,phases   ] GC(121)   Evacuate Collection Set: 8.6ms
[2026-01-28T10:43:51.933+0000][gc,phases   ] GC(121)   Post Evacuate Collection Set: 1.1ms
[2026-01-28T10:43:51.933+0000][gc,phases   ] GC(121)   Other: 0.1ms
[2026-01-28T10:43:51.933+0000][gc,heap     ] GC(121) Eden regions: 609->0(609)
[2026-01-28T10:43:51.933+0000][gc,heap     ] GC(121) Survivor regions: 5->5(77)
[2026-01-28T10:43:51.933+0000][gc,heap     ] GC(121) Old regions: 47->48
[2026-01-28T10:43:51.933+0000][gc,heap     ] GC(121) Humongous regions: 1->1
[2026-01-28T10:43:51.934+0000][gc,metaspace] GC(121) Metaspace: 11771K(12160K)->11771K(12160K) NonClass: 10668K(10816K)->10668K(10816K) Class: 1103K(1344K)->1103K(1344K)
[2026-01-28T10:43:51.934+0000][gc          ] GC(121) Pause Young (Normal) (G1 Evacuation Pause) 661M->52M(1024M) 12.495ms
[2026-01-28T10:43:51.934+0000][gc,cpu      ] GC(121) User=0.10s Sys=0.01s Real=0.02s
[2026-01-28T10:44:04.813+0000][gc,start    ] GC(122) Pause Young (Normal) (G1 Evacuation Pause)
[2026-01-28T10:44:04.814+0000][gc,task     ] GC(122) Using 10 workers of 10 for evacuation
[2026-01-28T10:44:04.819+0000][gc,phases   ] GC(122)   Pre Evacuate Collection Set: 1.0ms
[2026-01-28T10:44:04.820+0000][gc,phases   ] GC(122)   Merge Heap Roots: 0.2ms
[2026-01-28T10:44:04.820+0000][gc,phases   ] GC(122)   Evacuate Collection Set: 3.8ms
[2026-01-28T10:44:04.820+0000][gc,phases   ] GC(122)   Post Evacuate Collection Set: 0.7ms
[2026-01-28T10:44:04.820+0000][gc,phases   ] GC(122)   Other: 0.1ms
[2026-01-28T10:44:04.820+0000][gc,heap     ] GC(122) Eden regions: 609->0(609)
[2026-01-28T10:44:04.820+0000][gc,heap     ] GC(122) Survivor regions: 5->5(77)
[2026-01-28T10:44:04.820+0000][gc,heap     ] GC(122) Old regions: 48->48
[2026-01-28T10:44:04.820+0000][gc,heap     ] GC(122) Humongous regions: 1->1
[2026-01-28T10:44:04.820+0000][gc,metaspace] GC(122) Metaspace: 11773K(12160K)->11773K(12160K) NonClass: 10669K(10816K)->10669K(10816K) Class: 1103K(1344K)->1103K(1344K)
[2026-01-28T10:44:04.820+0000][gc          ] GC(122) Pause Young (Normal) (G1 Evacuation Pause) 661M->53M(1024M) 7.137ms
[2026-01-28T10:44:04.820+0000][gc,cpu      ] GC(122) User=0.05s Sys=0.00s Real=0.00s
[2026-01-28T10:44:17.153+0000][gc,start    ] GC(123) Pause Young (Normal) (G1 Evacuation Pause)
[2026-01-28T10:44:17.153+0000][gc,task     ] GC(123) Using 10 workers of 10 for evacuation
[2026-01-28T10:44:17.160+0000][gc,phases   ] GC(123)   Pre Evacuate Collection Set: 0.7ms
[2026-01-28T10:44:17.160+0000][gc,phases   ] GC(123)   Merge Heap Roots: 0.3ms
[2026-01-28T10:44:17.160+0000][gc,phases   ] GC(123)   Evacuate Collection Set: 4.7ms
[2026-01-28T10:44:17.160+0000][gc,phases   ] GC(123)   Post Evacuate Collection Set: 0.7ms
[2026-01-28T10:44:17.160+0000][gc,phases   ] GC(123)   Other: 0.2ms
[2026-01-28T10:44:17.160+0000][gc,heap     ] GC(123) Eden regions: 609->0(609)
[2026-01-28T10:44:17.160+0000][gc,heap     ] GC(123) Survivor regions: 5->5(77)
[2026-01-28T10:44:17.160+0000][gc,heap     ] GC(123) Old regions: 48->48
[2026-01-28T10:44:17.160+0000][gc,heap     ] GC(123) Humongous regions: 1->1
[2026-01-28T10:44:17.160+0000][gc,metaspace] GC(123) Metaspace: 11774K(12160K)->11774K(12160K) NonClass: 10671K(10816K)->10671K(10816K) Class: 1103K(1344K)->1103K(1344K)
[2026-01-28T10:44:17.160+0000][gc          ] GC(123) Pause Young (Normal) (G1 Evacuation Pause) 662M->53M(1024M) 7.499ms
[2026-01-28T10:44:17.160+0000][gc,cpu      ] GC(123) User=0.05s Sys=0.00s Real=0.00s
[2026-01-28T10:44:29.344+0000][gc,start    ] GC(124) Pause Young (Normal) (G1 Evacuation Pause)
[2026-01-28T10:44:29.345+0000][gc,task     ] GC(124) Using 10 workers of 10 for evacuation
[2026-01-28T10:44:29.350+0000][gc,phases   ] GC(124)   Pre Evacuate Collection Set: 0.3ms
[2026-01-28T10:44:29.350+0000][gc,phases   ] GC(124)   Merge Heap Roots: 0.1ms
[2026-01-28T10:44:29.350+0000][gc,phases   ] GC(124)   Evacuate Collection Set: 3.0ms
[2026-01-28T10:44:29.350+0000][gc,phases   ] GC(124)   Post Evacuate Collection Set: 0.6ms
[2026-01-28T10:44:29.350+0000][gc,phases   ] GC(124)   Other: 0.2ms
[2026-01-28T10:44:29.350+0000][gc,heap     ] GC(124) Eden regions: 609->0(609)
[2026-01-28T10:44:29.350+0000][gc,heap     ] GC(124) Survivor regions: 5->5(77)
[2026-01-28T10:44:29.350+0000][gc,heap     ] GC(124) Old regions: 48->49
[2026-01-28T10:44:29.350+0000][gc,heap     ] GC(124) Humongous regions: 1->1
[2026-01-28T10:44:29.350+0000][gc,metaspace] GC(124) Metaspace: 11785K(12160K)->11785K(12160K) NonClass: 10682K(10816K)->10682K(10816K) Class: 1103K(1344K)->1103K(1344K)
[2026-01-28T10:44:29.350+0000][gc          ] GC(124) Pause Young (Normal) (G1 Evacuation Pause) 662M->53M(1024M) 5.722ms
[2026-01-28T10:44:29.350+0000][gc,cpu      ] GC(124) User=0.03s Sys=0.01s Real=0.00s
[2026-01-28T10:44:41.351+0000][gc,start    ] GC(125) Pause Young (Normal) (G1 Evacuation Pause)
[2026-01-28T10:44:41.351+0000][gc,task     ] GC(125) Using 10 workers of 10 for evacuation
[2026-01-28T10:44:41.372+0000][gc,phases   ] GC(125)   Pre Evacuate Collection Set: 2.3ms
[2026-01-28T10:44:41.372+0000][gc,phases   ] GC(125)   Merge Heap Roots: 0.9ms
[2026-01-28T10:44:41.372+0000][gc,phases   ] GC(125)   Evacuate Collection Set: 16.4ms
[2026-01-28T10:44:41.372+0000][gc,phases   ] GC(125)   Post Evacuate Collection Set: 1.1ms
[2026-01-28T10:44:41.372+0000][gc,phases   ] GC(125)   Other: 0.3ms
[2026-01-28T10:44:41.372+0000][gc,heap     ] GC(125) Eden regions: 609->0(608)
[2026-01-28T10:44:41.372+0000][gc,heap     ] GC(125) Survivor regions: 5->6(77)
[2026-01-28T10:44:41.372+0000][gc,heap     ] GC(125) Old regions: 49->49
[2026-01-28T10:44:41.372+0000][gc,heap     ] GC(125) Humongous regions: 1->1
[2026-01-28T10:44:41.372+0000][gc,metaspace] GC(125) Metaspace: 11786K(12224K)->11786K(12224K) NonClass: 10683K(10880K)->10683K(10880K) Class: 1103K(1344K)->1103K(1344K)
[2026-01-28T10:44:41.372+0000][gc          ] GC(125) Pause Young (Normal) (G1 Evacuation Pause) 662M->54M(1024M) 21.901ms
[2026-01-28T10:44:41.372+0000][gc,cpu      ] GC(125) User=0.18s Sys=0.00s Real=0.03s
[2026-01-28T10:44:52.604+0000][gc,start    ] GC(126) Pause Young (Normal) (G1 Evacuation Pause)
[2026-01-28T10:44:52.605+0000][gc,task     ] GC(126) Using 10 workers of 10 for evacuation
[2026-01-28T10:44:52.615+0000][gc,phases   ] GC(126)   Pre Evacuate Collection Set: 1.6ms
[2026-01-28T10:44:52.615+0000][gc,phases   ] GC(126)   Merge Heap Roots: 0.5ms
[2026-01-28T10:44:52.615+0000][gc,phases   ] GC(126)   Evacuate Collection Set: 6.6ms
[2026-01-28T10:44:52.615+0000][gc,phases   ] GC(126)   Post Evacuate Collection Set: 1.1ms
[2026-01-28T10:44:52.615+0000][gc,phases   ] GC(126)   Other: 0.2ms
[2026-01-28T10:44:52.615+0000][gc,heap     ] GC(126) Eden regions: 608->0(609)
[2026-01-28T10:44:52.615+0000][gc,heap     ] GC(126) Survivor regions: 6->5(77)
[2026-01-28T10:44:52.615+0000][gc,heap     ] GC(126) Old regions: 49->49
[2026-01-28T10:44:52.615+0000][gc,heap     ] GC(126) Humongous regions: 1->1
[2026-01-28T10:44:52.615+0000][gc,metaspace] GC(126) Metaspace: 11795K(12224K)->11795K(12224K) NonClass: 10692K(10880K)->10692K(10880K) Class: 1103K(1344K)->1103K(1344K)
[2026-01-28T10:44:52.615+0000][gc          ] GC(126) Pause Young (Normal) (G1 Evacuation Pause) 662M->54M(1024M) 11.325ms
[2026-01-28T10:44:52.615+0000][gc,cpu      ] GC(126) User=0.08s Sys=0.00s Real=0.01s
[2026-01-28T10:45:05.653+0000][gc,start    ] GC(127) Pause Young (Normal) (G1 Evacuation Pause)
[2026-01-28T10:45:05.654+0000][gc,task     ] GC(127) Using 10 workers of 10 for evacuation
[2026-01-28T10:45:05.665+0000][gc,phases   ] GC(127)   Pre Evacuate Collection Set: 0.8ms
[2026-01-28T10:45:05.665+0000][gc,phases   ] GC(127)   Merge Heap Roots: 0.3ms
[2026-01-28T10:45:05.665+0000][gc,phases   ] GC(127)   Evacuate Collection Set: 8.0ms
[2026-01-28T10:45:05.665+0000][gc,phases   ] GC(127)   Post Evacuate Collection Set: 1.6ms
[2026-01-28T10:45:05.665+0000][gc,phases   ] GC(127)   Other: 0.2ms
[2026-01-28T10:45:05.665+0000][gc,heap     ] GC(127) Eden regions: 609->0(609)
[2026-01-28T10:45:05.665+0000][gc,heap     ] GC(127) Survivor regions: 5->5(77)
[2026-01-28T10:45:05.665+0000][gc,heap     ] GC(127) Old regions: 49->49
[2026-01-28T10:45:05.665+0000][gc,heap     ] GC(127) Humongous regions: 1->1
[2026-01-28T10:45:05.665+0000][gc,metaspace] GC(127) Metaspace: 11809K(12224K)->11809K(12224K) NonClass: 10706K(10880K)->10706K(10880K) Class: 1103K(1344K)->1103K(1344K)
[2026-01-28T10:45:05.665+0000][gc          ] GC(127) Pause Young (Normal) (G1 Evacuation Pause) 663M->54M(1024M) 12.454ms
[2026-01-28T10:45:05.666+0000][gc,cpu      ] GC(127) User=0.09s Sys=0.00s Real=0.01s
[2026-01-28T10:45:18.252+0000][gc,start    ] GC(128) Pause Young (Normal) (G1 Evacuation Pause)
[2026-01-28T10:45:18.252+0000][gc,task     ] GC(128) Using 10 workers of 10 for evacuation
[2026-01-28T10:45:18.257+0000][gc,phases   ] GC(128)   Pre Evacuate Collection Set: 0.6ms
[2026-01-28T10:45:18.257+0000][gc,phases   ] GC(128)   Merge Heap Roots: 0.2ms
[2026-01-28T10:45:18.257+0000][gc,phases   ] GC(128)   Evacuate Collection Set: 3.2ms
[2026-01-28T10:45:18.257+0000][gc,phases   ] GC(128)   Post Evacuate Collection Set: 0.6ms
[2026-01-28T10:45:18.257+0000][gc,phases   ] GC(128)   Other: 0.2ms
[2026-01-28T10:45:18.257+0000][gc,heap     ] GC(128) Eden regions: 609->0(609)
[2026-01-28T10:45:18.257+0000][gc,heap     ] GC(128) Survivor regions: 5->5(77)
[2026-01-28T10:45:18.258+0000][gc,heap     ] GC(128) Old regions: 49->50
[2026-01-28T10:45:18.258+0000][gc,heap     ] GC(128) Humongous regions: 1->1
[2026-01-28T10:45:18.258+0000][gc,metaspace] GC(128) Metaspace: 11818K(12224K)->11818K(12224K) NonClass: 10714K(10880K)->10714K(10880K) Class: 1103K(1344K)->1103K(1344K)
[2026-01-28T10:45:18.258+0000][gc          ] GC(128) Pause Young (Normal) (G1 Evacuation Pause) 663M->54M(1024M) 5.730ms
[2026-01-28T10:45:18.258+0000][gc,cpu      ] GC(128) User=0.04s Sys=0.00s Real=0.01s
[2026-01-28T10:45:30.813+0000][gc,start    ] GC(129) Pause Young (Normal) (G1 Evacuation Pause)
[2026-01-28T10:45:30.813+0000][gc,task     ] GC(129) Using 10 workers of 10 for evacuation
[2026-01-28T10:45:30.822+0000][gc,phases   ] GC(129)   Pre Evacuate Collection Set: 1.0ms
[2026-01-28T10:45:30.822+0000][gc,phases   ] GC(129)   Merge Heap Roots: 0.3ms
[2026-01-28T10:45:30.822+0000][gc,phases   ] GC(129)   Evacuate Collection Set: 6.6ms
[2026-01-28T10:45:30.822+0000][gc,phases   ] GC(129)   Post Evacuate Collection Set: 0.9ms
[2026-01-28T10:45:30.822+0000][gc,phases   ] GC(129)   Other: 0.1ms
[2026-01-28T10:45:30.822+0000][gc,heap     ] GC(129) Eden regions: 609->0(609)
[2026-01-28T10:45:30.822+0000][gc,heap     ] GC(129) Survivor regions: 5->5(77)
[2026-01-28T10:45:30.822+0000][gc,heap     ] GC(129) Old regions: 50->50
[2026-01-28T10:45:30.822+0000][gc,heap     ] GC(129) Humongous regions: 1->1
[2026-01-28T10:45:30.823+0000][gc,metaspace] GC(129) Metaspace: 11827K(12224K)->11827K(12224K) NonClass: 10723K(10880K)->10723K(10880K) Class: 1103K(1344K)->1103K(1344K)
[2026-01-28T10:45:30.823+0000][gc          ] GC(129) Pause Young (Normal) (G1 Evacuation Pause) 663M->55M(1024M) 9.680ms
[2026-01-28T10:45:30.823+0000][gc,cpu      ] GC(129) User=0.08s Sys=0.01s Real=0.01s
[2026-01-28T10:45:41.428+0000][gc,start    ] GC(130) Pause Young (Normal) (G1 Evacuation Pause)
[2026-01-28T10:45:41.429+0000][gc,task     ] GC(130) Using 10 workers of 10 for evacuation
[2026-01-28T10:45:41.434+0000][gc,phases   ] GC(130)   Pre Evacuate Collection Set: 0.6ms
[2026-01-28T10:45:41.434+0000][gc,phases   ] GC(130)   Merge Heap Roots: 0.2ms
[2026-01-28T10:45:41.434+0000][gc,phases   ] GC(130)   Evacuate Collection Set: 3.5ms
[2026-01-28T10:45:41.434+0000][gc,phases   ] GC(130)   Post Evacuate Collection Set: 0.5ms
[2026-01-28T10:45:41.434+0000][gc,phases   ] GC(130)   Other: 0.2ms
[2026-01-28T10:45:41.434+0000][gc,heap     ] GC(130) Eden regions: 609->0(607)
[2026-01-28T10:45:41.434+0000][gc,heap     ] GC(130) Survivor regions: 5->7(77)
[2026-01-28T10:45:41.434+0000][gc,heap     ] GC(130) Old regions: 50->50
[2026-01-28T10:45:41.434+0000][gc,heap     ] GC(130) Humongous regions: 1->1
[2026-01-28T10:45:41.434+0000][gc,metaspace] GC(130) Metaspace: 11827K(12224K)->11827K(12224K) NonClass: 10723K(10880K)->10723K(10880K) Class: 1103K(1344K)->1103K(1344K)
[2026-01-28T10:45:41.434+0000][gc          ] GC(130) Pause Young (Normal) (G1 Evacuation Pause) 664M->57M(1024M) 5.822ms
[2026-01-28T10:45:41.434+0000][gc,cpu      ] GC(130) User=0.05s Sys=0.00s Real=0.01s
[2026-01-28T10:45:54.277+0000][gc,start    ] GC(131) Pause Young (Normal) (G1 Evacuation Pause)
[2026-01-28T10:45:54.278+0000][gc,task     ] GC(131) Using 10 workers of 10 for evacuation
[2026-01-28T10:45:54.285+0000][gc,phases   ] GC(131)   Pre Evacuate Collection Set: 0.7ms
[2026-01-28T10:45:54.285+0000][gc,phases   ] GC(131)   Merge Heap Roots: 0.3ms
[2026-01-28T10:45:54.285+0000][gc,phases   ] GC(131)   Evacuate Collection Set: 4.7ms
[2026-01-28T10:45:54.285+0000][gc,phases   ] GC(131)   Post Evacuate Collection Set: 0.8ms
[2026-01-28T10:45:54.285+0000][gc,phases   ] GC(131)   Other: 0.2ms
[2026-01-28T10:45:54.285+0000][gc,heap     ] GC(131) Eden regions: 607->0(609)
[2026-01-28T10:45:54.285+0000][gc,heap     ] GC(131) Survivor regions: 7->5(77)
[2026-01-28T10:45:54.285+0000][gc,heap     ] GC(131) Old regions: 50->51
[2026-01-28T10:45:54.285+0000][gc,heap     ] GC(131) Humongous regions: 1->1
[2026-01-28T10:45:54.285+0000][gc,metaspace] GC(131) Metaspace: 11827K(12224K)->11827K(12224K) NonClass: 10723K(10880K)->10723K(10880K) Class: 1103K(1344K)->1103K(1344K)
[2026-01-28T10:45:54.285+0000][gc          ] GC(131) Pause Young (Normal) (G1 Evacuation Pause) 664M->55M(1024M) 8.012ms
[2026-01-28T10:45:54.285+0000][gc,cpu      ] GC(131) User=0.05s Sys=0.00s Real=0.01s
[2026-01-28T10:46:07.135+0000][gc,start    ] GC(132) Pause Young (Normal) (G1 Evacuation Pause)
[2026-01-28T10:46:07.136+0000][gc,task     ] GC(132) Using 10 workers of 10 for evacuation
[2026-01-28T10:46:07.145+0000][gc,phases   ] GC(132)   Pre Evacuate Collection Set: 0.9ms
[2026-01-28T10:46:07.145+0000][gc,phases   ] GC(132)   Merge Heap Roots: 0.3ms
[2026-01-28T10:46:07.145+0000][gc,phases   ] GC(132)   Evacuate Collection Set: 6.9ms
[2026-01-28T10:46:07.145+0000][gc,phases   ] GC(132)   Post Evacuate Collection Set: 0.8ms
[2026-01-28T10:46:07.145+0000][gc,phases   ] GC(132)   Other: 0.2ms
[2026-01-28T10:46:07.145+0000][gc,heap     ] GC(132) Eden regions: 609->0(609)
[2026-01-28T10:46:07.145+0000][gc,heap     ] GC(132) Survivor regions: 5->5(77)
[2026-01-28T10:46:07.146+0000][gc,heap     ] GC(132) Old regions: 51->51
[2026-01-28T10:46:07.146+0000][gc,heap     ] GC(132) Humongous regions: 1->1
[2026-01-28T10:46:07.146+0000][gc,metaspace] GC(132) Metaspace: 11827K(12224K)->11827K(12224K) NonClass: 10723K(10880K)->10723K(10880K) Class: 1103K(1344K)->1103K(1344K)
[2026-01-28T10:46:07.146+0000][gc          ] GC(132) Pause Young (Normal) (G1 Evacuation Pause) 664M->56M(1024M) 10.245ms
[2026-01-28T10:46:07.146+0000][gc,cpu      ] GC(132) User=0.07s Sys=0.01s Real=0.01s
[2026-01-28T10:46:19.700+0000][gc,start    ] GC(133) Pause Young (Normal) (G1 Evacuation Pause)
[2026-01-28T10:46:19.701+0000][gc,task     ] GC(133) Using 10 workers of 10 for evacuation
[2026-01-28T10:46:19.709+0000][gc,phases   ] GC(133)   Pre Evacuate Collection Set: 0.8ms
[2026-01-28T10:46:19.710+0000][gc,phases   ] GC(133)   Merge Heap Roots: 0.3ms
[2026-01-28T10:46:19.710+0000][gc,phases   ] GC(133)   Evacuate Collection Set: 6.0ms
[2026-01-28T10:46:19.710+0000][gc,phases   ] GC(133)   Post Evacuate Collection Set: 1.0ms
[2026-01-28T10:46:19.710+0000][gc,phases   ] GC(133)   Other: 0.1ms
[2026-01-28T10:46:19.710+0000][gc,heap     ] GC(133) Eden regions: 609->0(609)
[2026-01-28T10:46:19.710+0000][gc,heap     ] GC(133) Survivor regions: 5->5(77)
[2026-01-28T10:46:19.710+0000][gc,heap     ] GC(133) Old regions: 51->51
[2026-01-28T10:46:19.710+0000][gc,heap     ] GC(133) Humongous regions: 1->1
[2026-01-28T10:46:19.710+0000][gc,metaspace] GC(133) Metaspace: 11827K(12224K)->11827K(12224K) NonClass: 10723K(10880K)->10723K(10880K) Class: 1103K(1344K)->1103K(1344K)
[2026-01-28T10:46:19.710+0000][gc          ] GC(133) Pause Young (Normal) (G1 Evacuation Pause) 665M->56M(1024M) 9.816ms
[2026-01-28T10:46:19.710+0000][gc,cpu      ] GC(133) User=0.06s Sys=0.00s Real=0.01s
[2026-01-28T10:46:31.351+0000][gc,start    ] GC(134) Pause Young (Normal) (G1 Evacuation Pause)
[2026-01-28T10:46:31.353+0000][gc,task     ] GC(134) Using 10 workers of 10 for evacuation
[2026-01-28T10:46:31.364+0000][gc,phases   ] GC(134)   Pre Evacuate Collection Set: 3.0ms
[2026-01-28T10:46:31.364+0000][gc,phases   ] GC(134)   Merge Heap Roots: 0.3ms
[2026-01-28T10:46:31.364+0000][gc,phases   ] GC(134)   Evacuate Collection Set: 5.7ms
[2026-01-28T10:46:31.364+0000][gc,phases   ] GC(134)   Post Evacuate Collection Set: 0.8ms
[2026-01-28T10:46:31.364+0000][gc,phases   ] GC(134)   Other: 0.5ms
[2026-01-28T10:46:31.364+0000][gc,heap     ] GC(134) Eden regions: 609->0(608)
[2026-01-28T10:46:31.364+0000][gc,heap     ] GC(134) Survivor regions: 5->6(77)
[2026-01-28T10:46:31.364+0000][gc,heap     ] GC(134) Old regions: 51->52
[2026-01-28T10:46:31.364+0000][gc,heap     ] GC(134) Humongous regions: 1->1
[2026-01-28T10:46:31.364+0000][gc,metaspace] GC(134) Metaspace: 11829K(12224K)->11829K(12224K) NonClass: 10725K(10880K)->10725K(10880K) Class: 1103K(1344K)->1103K(1344K)
[2026-01-28T10:46:31.364+0000][gc          ] GC(134) Pause Young (Normal) (G1 Evacuation Pause) 665M->57M(1024M) 13.268ms
[2026-01-28T10:46:31.364+0000][gc,cpu      ] GC(134) User=0.09s Sys=0.01s Real=0.02s
[2026-01-28T10:46:42.796+0000][gc,start    ] GC(135) Pause Young (Normal) (G1 Evacuation Pause)
[2026-01-28T10:46:42.797+0000][gc,task     ] GC(135) Using 10 workers of 10 for evacuation
[2026-01-28T10:46:42.807+0000][gc,phases   ] GC(135)   Pre Evacuate Collection Set: 1.0ms
[2026-01-28T10:46:42.807+0000][gc,phases   ] GC(135)   Merge Heap Roots: 0.3ms
[2026-01-28T10:46:42.807+0000][gc,phases   ] GC(135)   Evacuate Collection Set: 7.1ms
[2026-01-28T10:46:42.807+0000][gc,phases   ] GC(135)   Post Evacuate Collection Set: 1.2ms
[2026-01-28T10:46:42.807+0000][gc,phases   ] GC(135)   Other: 0.2ms
[2026-01-28T10:46:42.807+0000][gc,heap     ] GC(135) Eden regions: 608->0(609)
[2026-01-28T10:46:42.807+0000][gc,heap     ] GC(135) Survivor regions: 6->5(77)
[2026-01-28T10:46:42.807+0000][gc,heap     ] GC(135) Old regions: 52->52
[2026-01-28T10:46:42.807+0000][gc,heap     ] GC(135) Humongous regions: 1->1
[2026-01-28T10:46:42.807+0000][gc,metaspace] GC(135) Metaspace: 11838K(12224K)->11838K(12224K) NonClass: 10734K(10880K)->10734K(10880K) Class: 1103K(1344K)->1103K(1344K)
[2026-01-28T10:46:42.807+0000][gc          ] GC(135) Pause Young (Normal) (G1 Evacuation Pause) 665M->56M(1024M) 11.238ms
[2026-01-28T10:46:42.807+0000][gc,cpu      ] GC(135) User=0.08s Sys=0.01s Real=0.01s
[2026-01-28T10:46:55.966+0000][gc,start    ] GC(136) Pause Young (Normal) (G1 Evacuation Pause)
[2026-01-28T10:46:55.966+0000][gc,task     ] GC(136) Using 10 workers of 10 for evacuation
[2026-01-28T10:46:55.973+0000][gc,phases   ] GC(136)   Pre Evacuate Collection Set: 0.9ms
[2026-01-28T10:46:55.973+0000][gc,phases   ] GC(136)   Merge Heap Roots: 0.2ms
[2026-01-28T10:46:55.973+0000][gc,phases   ] GC(136)   Evacuate Collection Set: 4.8ms
[2026-01-28T10:46:55.973+0000][gc,phases   ] GC(136)   Post Evacuate Collection Set: 0.7ms
[2026-01-28T10:46:55.973+0000][gc,phases   ] GC(136)   Other: 0.1ms
[2026-01-28T10:46:55.973+0000][gc,heap     ] GC(136) Eden regions: 609->0(609)
[2026-01-28T10:46:55.973+0000][gc,heap     ] GC(136) Survivor regions: 5->5(77)
[2026-01-28T10:46:55.973+0000][gc,heap     ] GC(136) Old regions: 52->52
[2026-01-28T10:46:55.973+0000][gc,heap     ] GC(136) Humongous regions: 1->1
[2026-01-28T10:46:55.973+0000][gc,metaspace] GC(136) Metaspace: 11848K(12224K)->11848K(12224K) NonClass: 10744K(10880K)->10744K(10880K) Class: 1103K(1344K)->1103K(1344K)
[2026-01-28T10:46:55.973+0000][gc          ] GC(136) Pause Young (Normal) (G1 Evacuation Pause) 665M->57M(1024M) 7.430ms
[2026-01-28T10:46:55.974+0000][gc,cpu      ] GC(136) User=0.06s Sys=0.00s Real=0.01s
[2026-01-28T10:47:08.933+0000][gc,start    ] GC(137) Pause Young (Normal) (G1 Evacuation Pause)
[2026-01-28T10:47:08.934+0000][gc,task     ] GC(137) Using 10 workers of 10 for evacuation
[2026-01-28T10:47:08.942+0000][gc,phases   ] GC(137)   Pre Evacuate Collection Set: 0.9ms
[2026-01-28T10:47:08.942+0000][gc,phases   ] GC(137)   Merge Heap Roots: 0.3ms
[2026-01-28T10:47:08.942+0000][gc,phases   ] GC(137)   Evacuate Collection Set: 5.8ms
[2026-01-28T10:47:08.942+0000][gc,phases   ] GC(137)   Post Evacuate Collection Set: 0.9ms
[2026-01-28T10:47:08.942+0000][gc,phases   ] GC(137)   Other: 0.2ms
[2026-01-28T10:47:08.942+0000][gc,heap     ] GC(137) Eden regions: 609->0(609)
[2026-01-28T10:47:08.942+0000][gc,heap     ] GC(137) Survivor regions: 5->5(77)
[2026-01-28T10:47:08.942+0000][gc,heap     ] GC(137) Old regions: 52->52
[2026-01-28T10:47:08.942+0000][gc,heap     ] GC(137) Humongous regions: 1->1
[2026-01-28T10:47:08.942+0000][gc,metaspace] GC(137) Metaspace: 11903K(12352K)->11903K(12352K) NonClass: 10794K(11008K)->10794K(11008K) Class: 1108K(1344K)->1108K(1344K)
[2026-01-28T10:47:08.942+0000][gc          ] GC(137) Pause Young (Normal) (G1 Evacuation Pause) 666M->57M(1024M) 9.556ms
[2026-01-28T10:47:08.943+0000][gc,cpu      ] GC(137) User=0.07s Sys=0.00s Real=0.01s
[2026-01-28T10:47:21.272+0000][gc,start    ] GC(138) Pause Young (Normal) (G1 Evacuation Pause)
[2026-01-28T10:47:21.273+0000][gc,task     ] GC(138) Using 10 workers of 10 for evacuation
[2026-01-28T10:47:21.283+0000][gc,phases   ] GC(138)   Pre Evacuate Collection Set: 0.8ms
[2026-01-28T10:47:21.283+0000][gc,phases   ] GC(138)   Merge Heap Roots: 0.3ms
[2026-01-28T10:47:21.283+0000][gc,phases   ] GC(138)   Evacuate Collection Set: 7.0ms
[2026-01-28T10:47:21.283+0000][gc,phases   ] GC(138)   Post Evacuate Collection Set: 1.6ms
[2026-01-28T10:47:21.283+0000][gc,phases   ] GC(138)   Other: 0.2ms
[2026-01-28T10:47:21.283+0000][gc,heap     ] GC(138) Eden regions: 609->0(609)
[2026-01-28T10:47:21.283+0000][gc,heap     ] GC(138) Survivor regions: 5->5(77)
[2026-01-28T10:47:21.283+0000][gc,heap     ] GC(138) Old regions: 52->53
[2026-01-28T10:47:21.283+0000][gc,heap     ] GC(138) Humongous regions: 1->1
[2026-01-28T10:47:21.283+0000][gc,metaspace] GC(138) Metaspace: 11914K(12352K)->11914K(12352K) NonClass: 10805K(11008K)->10805K(11008K) Class: 1108K(1344K)->1108K(1344K)
[2026-01-28T10:47:21.283+0000][gc          ] GC(138) Pause Young (Normal) (G1 Evacuation Pause) 666M->58M(1024M) 11.423ms
[2026-01-28T10:47:21.283+0000][gc,cpu      ] GC(138) User=0.08s Sys=0.00s Real=0.01s
[2026-01-28T10:47:31.848+0000][gc,start    ] GC(139) Pause Young (Normal) (G1 Evacuation Pause)
[2026-01-28T10:47:31.849+0000][gc,task     ] GC(139) Using 10 workers of 10 for evacuation
[2026-01-28T10:47:31.855+0000][gc,phases   ] GC(139)   Pre Evacuate Collection Set: 0.8ms
[2026-01-28T10:47:31.855+0000][gc,phases   ] GC(139)   Merge Heap Roots: 0.4ms
[2026-01-28T10:47:31.855+0000][gc,phases   ] GC(139)   Evacuate Collection Set: 3.8ms
[2026-01-28T10:47:31.855+0000][gc,phases   ] GC(139)   Post Evacuate Collection Set: 0.7ms
[2026-01-28T10:47:31.855+0000][gc,phases   ] GC(139)   Other: 0.1ms
[2026-01-28T10:47:31.855+0000][gc,heap     ] GC(139) Eden regions: 609->0(609)
[2026-01-28T10:47:31.855+0000][gc,heap     ] GC(139) Survivor regions: 5->5(77)
[2026-01-28T10:47:31.855+0000][gc,heap     ] GC(139) Old regions: 53->53
[2026-01-28T10:47:31.855+0000][gc,heap     ] GC(139) Humongous regions: 1->1
[2026-01-28T10:47:31.855+0000][gc,metaspace] GC(139) Metaspace: 11914K(12352K)->11914K(12352K) NonClass: 10805K(11008K)->10805K(11008K) Class: 1108K(1344K)->1108K(1344K)
[2026-01-28T10:47:31.856+0000][gc          ] GC(139) Pause Young (Normal) (G1 Evacuation Pause) 667M->58M(1024M) 7.327ms
[2026-01-28T10:47:31.856+0000][gc,cpu      ] GC(139) User=0.04s Sys=0.00s Real=0.01s
[2026-01-28T10:47:44.763+0000][gc,start    ] GC(140) Pause Young (Normal) (G1 Evacuation Pause)
[2026-01-28T10:47:44.765+0000][gc,task     ] GC(140) Using 10 workers of 10 for evacuation
[2026-01-28T10:47:44.783+0000][gc,phases   ] GC(140)   Pre Evacuate Collection Set: 1.1ms
[2026-01-28T10:47:44.783+0000][gc,phases   ] GC(140)   Merge Heap Roots: 0.3ms
[2026-01-28T10:47:44.783+0000][gc,phases   ] GC(140)   Evacuate Collection Set: 15.4ms
[2026-01-28T10:47:44.783+0000][gc,phases   ] GC(140)   Post Evacuate Collection Set: 1.1ms
[2026-01-28T10:47:44.783+0000][gc,phases   ] GC(140)   Other: 0.5ms
[2026-01-28T10:47:44.783+0000][gc,heap     ] GC(140) Eden regions: 609->0(609)
[2026-01-28T10:47:44.784+0000][gc,heap     ] GC(140) Survivor regions: 5->5(77)
[2026-01-28T10:47:44.784+0000][gc,heap     ] GC(140) Old regions: 53->53
[2026-01-28T10:47:44.784+0000][gc,heap     ] GC(140) Humongous regions: 1->1
[2026-01-28T10:47:44.784+0000][gc,metaspace] GC(140) Metaspace: 11914K(12352K)->11914K(12352K) NonClass: 10805K(11008K)->10805K(11008K) Class: 1108K(1344K)->1108K(1344K)
[2026-01-28T10:47:44.784+0000][gc          ] GC(140) Pause Young (Normal) (G1 Evacuation Pause) 667M->58M(1024M) 20.679ms
[2026-01-28T10:47:44.784+0000][gc,cpu      ] GC(140) User=0.16s Sys=0.00s Real=0.02s
[2026-01-28T10:47:57.790+0000][gc,start    ] GC(141) Pause Young (Normal) (G1 Evacuation Pause)
[2026-01-28T10:47:57.791+0000][gc,task     ] GC(141) Using 10 workers of 10 for evacuation
[2026-01-28T10:47:57.803+0000][gc,phases   ] GC(141)   Pre Evacuate Collection Set: 0.9ms
[2026-01-28T10:47:57.803+0000][gc,phases   ] GC(141)   Merge Heap Roots: 0.3ms
[2026-01-28T10:47:57.803+0000][gc,phases   ] GC(141)   Evacuate Collection Set: 9.8ms
[2026-01-28T10:47:57.803+0000][gc,phases   ] GC(141)   Post Evacuate Collection Set: 0.8ms
[2026-01-28T10:47:57.803+0000][gc,phases   ] GC(141)   Other: 0.1ms
[2026-01-28T10:47:57.803+0000][gc,heap     ] GC(141) Eden regions: 609->0(609)
[2026-01-28T10:47:57.803+0000][gc,heap     ] GC(141) Survivor regions: 5->5(77)
[2026-01-28T10:47:57.803+0000][gc,heap     ] GC(141) Old regions: 53->54
[2026-01-28T10:47:57.803+0000][gc,heap     ] GC(141) Humongous regions: 1->1
[2026-01-28T10:47:57.803+0000][gc,metaspace] GC(141) Metaspace: 11914K(12352K)->11914K(12352K) NonClass: 10805K(11008K)->10805K(11008K) Class: 1108K(1344K)->1108K(1344K)
[2026-01-28T10:47:57.803+0000][gc          ] GC(141) Pause Young (Normal) (G1 Evacuation Pause) 667M->58M(1024M) 13.274ms
[2026-01-28T10:47:57.803+0000][gc,cpu      ] GC(141) User=0.11s Sys=0.00s Real=0.02s
[2026-01-28T10:48:10.597+0000][gc,start    ] GC(142) Pause Young (Normal) (G1 Evacuation Pause)
[2026-01-28T10:48:10.597+0000][gc,task     ] GC(142) Using 10 workers of 10 for evacuation
[2026-01-28T10:48:10.608+0000][gc,phases   ] GC(142)   Pre Evacuate Collection Set: 1.1ms
[2026-01-28T10:48:10.608+0000][gc,phases   ] GC(142)   Merge Heap Roots: 0.7ms
[2026-01-28T10:48:10.608+0000][gc,phases   ] GC(142)   Evacuate Collection Set: 7.9ms
[2026-01-28T10:48:10.608+0000][gc,phases   ] GC(142)   Post Evacuate Collection Set: 1.1ms
[2026-01-28T10:48:10.608+0000][gc,phases   ] GC(142)   Other: 0.2ms
[2026-01-28T10:48:10.609+0000][gc,heap     ] GC(142) Eden regions: 609->0(609)
[2026-01-28T10:48:10.609+0000][gc,heap     ] GC(142) Survivor regions: 5->5(77)
[2026-01-28T10:48:10.609+0000][gc,heap     ] GC(142) Old regions: 54->54
[2026-01-28T10:48:10.609+0000][gc,heap     ] GC(142) Humongous regions: 1->1
[2026-01-28T10:48:10.609+0000][gc,metaspace] GC(142) Metaspace: 11914K(12352K)->11914K(12352K) NonClass: 10806K(11008K)->10806K(11008K) Class: 1108K(1344K)->1108K(1344K)
[2026-01-28T10:48:10.609+0000][gc          ] GC(142) Pause Young (Normal) (G1 Evacuation Pause) 667M->59M(1024M) 12.067ms
[2026-01-28T10:48:10.609+0000][gc,cpu      ] GC(142) User=0.09s Sys=0.00s Real=0.01s
[2026-01-28T10:48:21.444+0000][gc,start    ] GC(143) Pause Young (Normal) (G1 Evacuation Pause)
[2026-01-28T10:48:21.445+0000][gc,task     ] GC(143) Using 10 workers of 10 for evacuation
[2026-01-28T10:48:21.453+0000][gc,phases   ] GC(143)   Pre Evacuate Collection Set: 0.6ms
[2026-01-28T10:48:21.453+0000][gc,phases   ] GC(143)   Merge Heap Roots: 0.2ms
[2026-01-28T10:48:21.453+0000][gc,phases   ] GC(143)   Evacuate Collection Set: 6.3ms
[2026-01-28T10:48:21.453+0000][gc,phases   ] GC(143)   Post Evacuate Collection Set: 0.9ms
[2026-01-28T10:48:21.453+0000][gc,phases   ] GC(143)   Other: 0.1ms
[2026-01-28T10:48:21.453+0000][gc,heap     ] GC(143) Eden regions: 609->0(607)
[2026-01-28T10:48:21.453+0000][gc,heap     ] GC(143) Survivor regions: 5->7(77)
[2026-01-28T10:48:21.453+0000][gc,heap     ] GC(143) Old regions: 54->54
[2026-01-28T10:48:21.453+0000][gc,heap     ] GC(143) Humongous regions: 1->1
[2026-01-28T10:48:21.453+0000][gc,metaspace] GC(143) Metaspace: 11917K(12352K)->11917K(12352K) NonClass: 10809K(11008K)->10809K(11008K) Class: 1108K(1344K)->1108K(1344K)
[2026-01-28T10:48:21.454+0000][gc          ] GC(143) Pause Young (Normal) (G1 Evacuation Pause) 668M->61M(1024M) 9.807ms
[2026-01-28T10:48:21.454+0000][gc,cpu      ] GC(143) User=0.07s Sys=0.00s Real=0.01s
[2026-01-28T10:48:33.694+0000][gc,start    ] GC(144) Pause Young (Normal) (G1 Evacuation Pause)
[2026-01-28T10:48:33.695+0000][gc,task     ] GC(144) Using 10 workers of 10 for evacuation
[2026-01-28T10:48:33.712+0000][gc,phases   ] GC(144)   Pre Evacuate Collection Set: 2.1ms
[2026-01-28T10:48:33.712+0000][gc,phases   ] GC(144)   Merge Heap Roots: 1.1ms
[2026-01-28T10:48:33.712+0000][gc,phases   ] GC(144)   Evacuate Collection Set: 12.1ms
[2026-01-28T10:48:33.712+0000][gc,phases   ] GC(144)   Post Evacuate Collection Set: 1.7ms
[2026-01-28T10:48:33.712+0000][gc,phases   ] GC(144)   Other: 0.2ms
[2026-01-28T10:48:33.712+0000][gc,heap     ] GC(144) Eden regions: 607->0(609)
[2026-01-28T10:48:33.712+0000][gc,heap     ] GC(144) Survivor regions: 7->5(77)
[2026-01-28T10:48:33.712+0000][gc,heap     ] GC(144) Old regions: 54->55
[2026-01-28T10:48:33.712+0000][gc,heap     ] GC(144) Humongous regions: 1->1
[2026-01-28T10:48:33.712+0000][gc,metaspace] GC(144) Metaspace: 11919K(12352K)->11919K(12352K) NonClass: 10811K(11008K)->10811K(11008K) Class: 1108K(1344K)->1108K(1344K)
[2026-01-28T10:48:33.712+0000][gc          ] GC(144) Pause Young (Normal) (G1 Evacuation Pause) 668M->59M(1024M) 18.596ms
[2026-01-28T10:48:33.712+0000][gc,cpu      ] GC(144) User=0.15s Sys=0.00s Real=0.02s
[2026-01-28T10:48:46.844+0000][gc,start    ] GC(145) Pause Young (Normal) (G1 Evacuation Pause)
[2026-01-28T10:48:46.845+0000][gc,task     ] GC(145) Using 10 workers of 10 for evacuation
[2026-01-28T10:48:46.856+0000][gc,phases   ] GC(145)   Pre Evacuate Collection Set: 1.0ms
[2026-01-28T10:48:46.856+0000][gc,phases   ] GC(145)   Merge Heap Roots: 0.3ms
[2026-01-28T10:48:46.856+0000][gc,phases   ] GC(145)   Evacuate Collection Set: 8.2ms
[2026-01-28T10:48:46.856+0000][gc,phases   ] GC(145)   Post Evacuate Collection Set: 1.0ms
[2026-01-28T10:48:46.856+0000][gc,phases   ] GC(145)   Other: 0.3ms
[2026-01-28T10:48:46.856+0000][gc,heap     ] GC(145) Eden regions: 609->0(609)
[2026-01-28T10:48:46.857+0000][gc,heap     ] GC(145) Survivor regions: 5->5(77)
[2026-01-28T10:48:46.857+0000][gc,heap     ] GC(145) Old regions: 55->55
[2026-01-28T10:48:46.857+0000][gc,heap     ] GC(145) Humongous regions: 1->1
[2026-01-28T10:48:46.857+0000][gc,metaspace] GC(145) Metaspace: 11925K(12352K)->11925K(12352K) NonClass: 10816K(11008K)->10816K(11008K) Class: 1108K(1344K)->1108K(1344K)
[2026-01-28T10:48:46.857+0000][gc          ] GC(145) Pause Young (Normal) (G1 Evacuation Pause) 668M->59M(1024M) 12.583ms
[2026-01-28T10:48:46.857+0000][gc,cpu      ] GC(145) User=0.09s Sys=0.00s Real=0.01s
[2026-01-28T10:48:59.597+0000][gc,start    ] GC(146) Pause Young (Normal) (G1 Evacuation Pause)
[2026-01-28T10:48:59.598+0000][gc,task     ] GC(146) Using 10 workers of 10 for evacuation
[2026-01-28T10:48:59.613+0000][gc,phases   ] GC(146)   Pre Evacuate Collection Set: 1.2ms
[2026-01-28T10:48:59.613+0000][gc,phases   ] GC(146)   Merge Heap Roots: 0.3ms
[2026-01-28T10:48:59.613+0000][gc,phases   ] GC(146)   Evacuate Collection Set: 11.3ms
[2026-01-28T10:48:59.613+0000][gc,phases   ] GC(146)   Post Evacuate Collection Set: 2.4ms
[2026-01-28T10:48:59.613+0000][gc,phases   ] GC(146)   Other: 0.2ms
[2026-01-28T10:48:59.613+0000][gc,heap     ] GC(146) Eden regions: 609->0(609)
[2026-01-28T10:48:59.613+0000][gc,heap     ] GC(146) Survivor regions: 5->5(77)
[2026-01-28T10:48:59.613+0000][gc,heap     ] GC(146) Old regions: 55->55
[2026-01-28T10:48:59.613+0000][gc,heap     ] GC(146) Humongous regions: 1->1
[2026-01-28T10:48:59.613+0000][gc,metaspace] GC(146) Metaspace: 11925K(12352K)->11925K(12352K) NonClass: 10817K(11008K)->10817K(11008K) Class: 1108K(1344K)->1108K(1344K)
[2026-01-28T10:48:59.614+0000][gc          ] GC(146) Pause Young (Normal) (G1 Evacuation Pause) 668M->60M(1024M) 16.551ms
[2026-01-28T10:48:59.614+0000][gc,cpu      ] GC(146) User=0.13s Sys=0.00s Real=0.02s
[2026-01-28T10:49:11.337+0000][gc,start    ] GC(147) Pause Young (Normal) (G1 Evacuation Pause)
[2026-01-28T10:49:11.338+0000][gc,task     ] GC(147) Using 10 workers of 10 for evacuation
[2026-01-28T10:49:11.353+0000][gc,phases   ] GC(147)   Pre Evacuate Collection Set: 0.8ms
[2026-01-28T10:49:11.353+0000][gc,phases   ] GC(147)   Merge Heap Roots: 0.2ms
[2026-01-28T10:49:11.353+0000][gc,phases   ] GC(147)   Evacuate Collection Set: 11.9ms
[2026-01-28T10:49:11.353+0000][gc,phases   ] GC(147)   Post Evacuate Collection Set: 1.3ms
[2026-01-28T10:49:11.353+0000][gc,phases   ] GC(147)   Other: 0.2ms
[2026-01-28T10:49:11.353+0000][gc,heap     ] GC(147) Eden regions: 609->0(608)
[2026-01-28T10:49:11.353+0000][gc,heap     ] GC(147) Survivor regions: 5->6(77)
[2026-01-28T10:49:11.353+0000][gc,heap     ] GC(147) Old regions: 55->56
[2026-01-28T10:49:11.353+0000][gc,heap     ] GC(147) Humongous regions: 1->1
[2026-01-28T10:49:11.353+0000][gc,metaspace] GC(147) Metaspace: 11931K(12352K)->11931K(12352K) NonClass: 10822K(11008K)->10822K(11008K) Class: 1108K(1344K)->1108K(1344K)
[2026-01-28T10:49:11.353+0000][gc          ] GC(147) Pause Young (Normal) (G1 Evacuation Pause) 669M->61M(1024M) 15.699ms
[2026-01-28T10:49:11.353+0000][gc,cpu      ] GC(147) User=0.13s Sys=0.00s Real=0.02s
[2026-01-28T10:49:22.415+0000][gc,start    ] GC(148) Pause Young (Normal) (G1 Evacuation Pause)
[2026-01-28T10:49:22.416+0000][gc,task     ] GC(148) Using 10 workers of 10 for evacuation
[2026-01-28T10:49:22.421+0000][gc,phases   ] GC(148)   Pre Evacuate Collection Set: 0.9ms
[2026-01-28T10:49:22.421+0000][gc,phases   ] GC(148)   Merge Heap Roots: 0.2ms
[2026-01-28T10:49:22.421+0000][gc,phases   ] GC(148)   Evacuate Collection Set: 3.2ms
[2026-01-28T10:49:22.421+0000][gc,phases   ] GC(148)   Post Evacuate Collection Set: 0.5ms
[2026-01-28T10:49:22.421+0000][gc,phases   ] GC(148)   Other: 0.2ms
[2026-01-28T10:49:22.421+0000][gc,heap     ] GC(148) Eden regions: 608->0(609)
[2026-01-28T10:49:22.421+0000][gc,heap     ] GC(148) Survivor regions: 6->5(77)
[2026-01-28T10:49:22.421+0000][gc,heap     ] GC(148) Old regions: 56->56
[2026-01-28T10:49:22.421+0000][gc,heap     ] GC(148) Humongous regions: 1->1
[2026-01-28T10:49:22.421+0000][gc,metaspace] GC(148) Metaspace: 11938K(12352K)->11938K(12352K) NonClass: 10830K(11008K)->10830K(11008K) Class: 1108K(1344K)->1108K(1344K)
[2026-01-28T10:49:22.421+0000][gc          ] GC(148) Pause Young (Normal) (G1 Evacuation Pause) 669M->60M(1024M) 6.518ms
[2026-01-28T10:49:22.421+0000][gc,cpu      ] GC(148) User=0.04s Sys=0.00s Real=0.01s
[2026-01-28T10:49:35.174+0000][gc,start    ] GC(149) Pause Young (Normal) (G1 Evacuation Pause)
[2026-01-28T10:49:35.174+0000][gc,task     ] GC(149) Using 10 workers of 10 for evacuation
[2026-01-28T10:49:35.181+0000][gc,phases   ] GC(149)   Pre Evacuate Collection Set: 0.8ms
[2026-01-28T10:49:35.181+0000][gc,phases   ] GC(149)   Merge Heap Roots: 0.3ms
[2026-01-28T10:49:35.181+0000][gc,phases   ] GC(149)   Evacuate Collection Set: 4.1ms
[2026-01-28T10:49:35.181+0000][gc,phases   ] GC(149)   Post Evacuate Collection Set: 0.7ms
[2026-01-28T10:49:35.181+0000][gc,phases   ] GC(149)   Other: 0.1ms
[2026-01-28T10:49:35.181+0000][gc,heap     ] GC(149) Eden regions: 609->0(609)
[2026-01-28T10:49:35.181+0000][gc,heap     ] GC(149) Survivor regions: 5->5(77)
[2026-01-28T10:49:35.181+0000][gc,heap     ] GC(149) Old regions: 56->56
[2026-01-28T10:49:35.181+0000][gc,heap     ] GC(149) Humongous regions: 1->1
[2026-01-28T10:49:35.181+0000][gc,metaspace] GC(149) Metaspace: 11938K(12352K)->11938K(12352K) NonClass: 10830K(11008K)->10830K(11008K) Class: 1108K(1344K)->1108K(1344K)
[2026-01-28T10:49:35.181+0000][gc          ] GC(149) Pause Young (Normal) (G1 Evacuation Pause) 669M->61M(1024M) 6.804ms
[2026-01-28T10:49:35.181+0000][gc,cpu      ] GC(149) User=0.05s Sys=0.00s Real=0.01s
[2026-01-28T10:49:48.273+0000][gc,start    ] GC(150) Pause Young (Normal) (G1 Evacuation Pause)
[2026-01-28T10:49:48.274+0000][gc,task     ] GC(150) Using 10 workers of 10 for evacuation
[2026-01-28T10:49:48.288+0000][gc,phases   ] GC(150)   Pre Evacuate Collection Set: 1.1ms
[2026-01-28T10:49:48.288+0000][gc,phases   ] GC(150)   Merge Heap Roots: 0.2ms
[2026-01-28T10:49:48.288+0000][gc,phases   ] GC(150)   Evacuate Collection Set: 10.4ms
[2026-01-28T10:49:48.288+0000][gc,phases   ] GC(150)   Post Evacuate Collection Set: 1.4ms
[2026-01-28T10:49:48.288+0000][gc,phases   ] GC(150)   Other: 0.3ms
[2026-01-28T10:49:48.288+0000][gc,heap     ] GC(150) Eden regions: 609->0(609)
[2026-01-28T10:49:48.288+0000][gc,heap     ] GC(150) Survivor regions: 5->5(77)
[2026-01-28T10:49:48.288+0000][gc,heap     ] GC(150) Old regions: 56->56
[2026-01-28T10:49:48.288+0000][gc,heap     ] GC(150) Humongous regions: 1->1
[2026-01-28T10:49:48.288+0000][gc,metaspace] GC(150) Metaspace: 11946K(12352K)->11946K(12352K) NonClass: 10838K(11008K)->10838K(11008K) Class: 1108K(1344K)->1108K(1344K)
[2026-01-28T10:49:48.288+0000][gc          ] GC(150) Pause Young (Normal) (G1 Evacuation Pause) 670M->61M(1024M) 14.928ms
[2026-01-28T10:49:48.288+0000][gc,cpu      ] GC(150) User=0.11s Sys=0.00s Real=0.01s
[2026-01-28T10:50:01.226+0000][gc,start    ] GC(151) Pause Young (Normal) (G1 Evacuation Pause)
[2026-01-28T10:50:01.227+0000][gc,task     ] GC(151) Using 10 workers of 10 for evacuation
[2026-01-28T10:50:01.250+0000][gc,phases   ] GC(151)   Pre Evacuate Collection Set: 4.4ms
[2026-01-28T10:50:01.250+0000][gc,phases   ] GC(151)   Merge Heap Roots: 1.1ms
[2026-01-28T10:50:01.250+0000][gc,phases   ] GC(151)   Evacuate Collection Set: 13.8ms
[2026-01-28T10:50:01.250+0000][gc,phases   ] GC(151)   Post Evacuate Collection Set: 3.8ms
[2026-01-28T10:50:01.250+0000][gc,phases   ] GC(151)   Other: 0.3ms
[2026-01-28T10:50:01.250+0000][gc,heap     ] GC(151) Eden regions: 609->0(609)
[2026-01-28T10:50:01.250+0000][gc,heap     ] GC(151) Survivor regions: 5->5(77)
[2026-01-28T10:50:01.250+0000][gc,heap     ] GC(151) Old regions: 56->57
[2026-01-28T10:50:01.250+0000][gc,heap     ] GC(151) Humongous regions: 1->1
[2026-01-28T10:50:01.250+0000][gc,metaspace] GC(151) Metaspace: 11946K(12352K)->11946K(12352K) NonClass: 10838K(11008K)->10838K(11008K) Class: 1108K(1344K)->1108K(1344K)
[2026-01-28T10:50:01.251+0000][gc          ] GC(151) Pause Young (Normal) (G1 Evacuation Pause) 670M->61M(1024M) 24.962ms
[2026-01-28T10:50:01.251+0000][gc,cpu      ] GC(151) User=0.19s Sys=0.00s Real=0.03s
[2026-01-28T10:50:11.672+0000][gc,start    ] GC(152) Pause Young (Normal) (G1 Evacuation Pause)
[2026-01-28T10:50:11.673+0000][gc,task     ] GC(152) Using 10 workers of 10 for evacuation
[2026-01-28T10:50:11.683+0000][gc,phases   ] GC(152)   Pre Evacuate Collection Set: 1.0ms
[2026-01-28T10:50:11.683+0000][gc,phases   ] GC(152)   Merge Heap Roots: 0.6ms
[2026-01-28T10:50:11.683+0000][gc,phases   ] GC(152)   Evacuate Collection Set: 7.1ms
[2026-01-28T10:50:11.683+0000][gc,phases   ] GC(152)   Post Evacuate Collection Set: 0.8ms
[2026-01-28T10:50:11.683+0000][gc,phases   ] GC(152)   Other: 0.2ms
[2026-01-28T10:50:11.683+0000][gc,heap     ] GC(152) Eden regions: 609->0(609)
[2026-01-28T10:50:11.683+0000][gc,heap     ] GC(152) Survivor regions: 5->5(77)
[2026-01-28T10:50:11.683+0000][gc,heap     ] GC(152) Old regions: 57->57
[2026-01-28T10:50:11.683+0000][gc,heap     ] GC(152) Humongous regions: 1->1
[2026-01-28T10:50:11.683+0000][gc,metaspace] GC(152) Metaspace: 11953K(12352K)->11953K(12352K) NonClass: 10844K(11008K)->10844K(11008K) Class: 1108K(1344K)->1108K(1344K)
[2026-01-28T10:50:11.683+0000][gc          ] GC(152) Pause Young (Normal) (G1 Evacuation Pause) 670M->62M(1024M) 10.792ms
[2026-01-28T10:50:11.683+0000][gc,cpu      ] GC(152) User=0.08s Sys=0.00s Real=0.01s
[2026-01-28T10:50:24.422+0000][gc,start    ] GC(153) Pause Young (Normal) (G1 Evacuation Pause)
[2026-01-28T10:50:24.423+0000][gc,task     ] GC(153) Using 10 workers of 10 for evacuation
[2026-01-28T10:50:24.430+0000][gc,phases   ] GC(153)   Pre Evacuate Collection Set: 0.8ms
[2026-01-28T10:50:24.430+0000][gc,phases   ] GC(153)   Merge Heap Roots: 0.3ms
[2026-01-28T10:50:24.430+0000][gc,phases   ] GC(153)   Evacuate Collection Set: 4.5ms
[2026-01-28T10:50:24.430+0000][gc,phases   ] GC(153)   Post Evacuate Collection Set: 0.8ms
[2026-01-28T10:50:24.430+0000][gc,phases   ] GC(153)   Other: 0.1ms
[2026-01-28T10:50:24.430+0000][gc,heap     ] GC(153) Eden regions: 609->0(609)
[2026-01-28T10:50:24.430+0000][gc,heap     ] GC(153) Survivor regions: 5->5(77)
[2026-01-28T10:50:24.430+0000][gc,heap     ] GC(153) Old regions: 57->57
[2026-01-28T10:50:24.430+0000][gc,heap     ] GC(153) Humongous regions: 1->1
[2026-01-28T10:50:24.430+0000][gc,metaspace] GC(153) Metaspace: 11954K(12352K)->11954K(12352K) NonClass: 10845K(11008K)->10845K(11008K) Class: 1108K(1344K)->1108K(1344K)
[2026-01-28T10:50:24.430+0000][gc          ] GC(153) Pause Young (Normal) (G1 Evacuation Pause) 671M->62M(1024M) 7.555ms
[2026-01-28T10:50:24.430+0000][gc,cpu      ] GC(153) User=0.05s Sys=0.00s Real=0.01s
[2026-01-28T10:50:37.291+0000][gc,start    ] GC(154) Pause Young (Normal) (G1 Evacuation Pause)
[2026-01-28T10:50:37.292+0000][gc,task     ] GC(154) Using 10 workers of 10 for evacuation
[2026-01-28T10:50:37.305+0000][gc,phases   ] GC(154)   Pre Evacuate Collection Set: 2.4ms
[2026-01-28T10:50:37.305+0000][gc,phases   ] GC(154)   Merge Heap Roots: 1.1ms
[2026-01-28T10:50:37.305+0000][gc,phases   ] GC(154)   Evacuate Collection Set: 7.6ms
[2026-01-28T10:50:37.305+0000][gc,phases   ] GC(154)   Post Evacuate Collection Set: 1.2ms
[2026-01-28T10:50:37.305+0000][gc,phases   ] GC(154)   Other: 0.7ms
[2026-01-28T10:50:37.305+0000][gc,heap     ] GC(154) Eden regions: 609->0(609)
[2026-01-28T10:50:37.305+0000][gc,heap     ] GC(154) Survivor regions: 5->5(77)
[2026-01-28T10:50:37.305+0000][gc,heap     ] GC(154) Old regions: 57->58
[2026-01-28T10:50:37.305+0000][gc,heap     ] GC(154) Humongous regions: 1->1
[2026-01-28T10:50:37.305+0000][gc,metaspace] GC(154) Metaspace: 11965K(12352K)->11965K(12352K) NonClass: 10856K(11008K)->10856K(11008K) Class: 1108K(1344K)->1108K(1344K)
[2026-01-28T10:50:37.305+0000][gc          ] GC(154) Pause Young (Normal) (G1 Evacuation Pause) 671M->62M(1024M) 14.575ms
[2026-01-28T10:50:37.305+0000][gc,cpu      ] GC(154) User=0.10s Sys=0.00s Real=0.01s
[2026-01-28T10:50:50.211+0000][gc,start    ] GC(155) Pause Young (Normal) (G1 Evacuation Pause)
[2026-01-28T10:50:50.212+0000][gc,task     ] GC(155) Using 10 workers of 10 for evacuation
[2026-01-28T10:50:50.234+0000][gc,phases   ] GC(155)   Pre Evacuate Collection Set: 0.9ms
[2026-01-28T10:50:50.234+0000][gc,phases   ] GC(155)   Merge Heap Roots: 0.3ms
[2026-01-28T10:50:50.234+0000][gc,phases   ] GC(155)   Evacuate Collection Set: 19.6ms
[2026-01-28T10:50:50.234+0000][gc,phases   ] GC(155)   Post Evacuate Collection Set: 1.5ms
[2026-01-28T10:50:50.235+0000][gc,phases   ] GC(155)   Other: 0.2ms
[2026-01-28T10:50:50.235+0000][gc,heap     ] GC(155) Eden regions: 609->0(609)
[2026-01-28T10:50:50.235+0000][gc,heap     ] GC(155) Survivor regions: 5->5(77)
[2026-01-28T10:50:50.235+0000][gc,heap     ] GC(155) Old regions: 58->58
[2026-01-28T10:50:50.235+0000][gc,heap     ] GC(155) Humongous regions: 1->1
[2026-01-28T10:50:50.235+0000][gc,metaspace] GC(155) Metaspace: 11995K(12352K)->11995K(12352K) NonClass: 10886K(11008K)->10886K(11008K) Class: 1108K(1344K)->1108K(1344K)
[2026-01-28T10:50:50.235+0000][gc          ] GC(155) Pause Young (Normal) (G1 Evacuation Pause) 671M->62M(1024M) 24.398ms
[2026-01-28T10:50:50.235+0000][gc,cpu      ] GC(155) User=0.21s Sys=0.00s Real=0.03s
[2026-01-28T10:51:01.424+0000][gc,start    ] GC(156) Pause Young (Normal) (G1 Evacuation Pause)
[2026-01-28T10:51:01.425+0000][gc,task     ] GC(156) Using 10 workers of 10 for evacuation
[2026-01-28T10:51:01.438+0000][gc,phases   ] GC(156)   Pre Evacuate Collection Set: 1.3ms
[2026-01-28T10:51:01.438+0000][gc,phases   ] GC(156)   Merge Heap Roots: 0.6ms
[2026-01-28T10:51:01.438+0000][gc,phases   ] GC(156)   Evacuate Collection Set: 9.6ms
[2026-01-28T10:51:01.438+0000][gc,phases   ] GC(156)   Post Evacuate Collection Set: 1.4ms
[2026-01-28T10:51:01.438+0000][gc,phases   ] GC(156)   Other: 0.3ms
[2026-01-28T10:51:01.438+0000][gc,heap     ] GC(156) Eden regions: 609->0(607)
[2026-01-28T10:51:01.438+0000][gc,heap     ] GC(156) Survivor regions: 5->7(77)
[2026-01-28T10:51:01.438+0000][gc,heap     ] GC(156) Old regions: 58->58
[2026-01-28T10:51:01.438+0000][gc,heap     ] GC(156) Humongous regions: 1->1
[2026-01-28T10:51:01.439+0000][gc,metaspace] GC(156) Metaspace: 11995K(12352K)->11995K(12352K) NonClass: 10886K(11008K)->10886K(11008K) Class: 1108K(1344K)->1108K(1344K)
[2026-01-28T10:51:01.439+0000][gc          ] GC(156) Pause Young (Normal) (G1 Evacuation Pause) 671M->65M(1024M) 14.367ms
[2026-01-28T10:51:01.439+0000][gc,cpu      ] GC(156) User=0.12s Sys=0.00s Real=0.01s
[2026-01-28T10:51:13.562+0000][gc,start    ] GC(157) Pause Young (Normal) (G1 Evacuation Pause)
[2026-01-28T10:51:13.562+0000][gc,task     ] GC(157) Using 10 workers of 10 for evacuation
[2026-01-28T10:51:13.573+0000][gc,phases   ] GC(157)   Pre Evacuate Collection Set: 0.8ms
[2026-01-28T10:51:13.573+0000][gc,phases   ] GC(157)   Merge Heap Roots: 0.3ms
[2026-01-28T10:51:13.573+0000][gc,phases   ] GC(157)   Evacuate Collection Set: 8.7ms
[2026-01-28T10:51:13.573+0000][gc,phases   ] GC(157)   Post Evacuate Collection Set: 0.9ms
[2026-01-28T10:51:13.573+0000][gc,phases   ] GC(157)   Other: 0.1ms
[2026-01-28T10:51:13.573+0000][gc,heap     ] GC(157) Eden regions: 607->0(609)
[2026-01-28T10:51:13.573+0000][gc,heap     ] GC(157) Survivor regions: 7->5(77)
[2026-01-28T10:51:13.573+0000][gc,heap     ] GC(157) Old regions: 58->59
[2026-01-28T10:51:13.573+0000][gc,heap     ] GC(157) Humongous regions: 1->1
[2026-01-28T10:51:13.573+0000][gc,metaspace] GC(157) Metaspace: 11998K(12416K)->11998K(12416K) NonClass: 10889K(11072K)->10889K(11072K) Class: 1108K(1344K)->1108K(1344K)
[2026-01-28T10:51:13.573+0000][gc          ] GC(157) Pause Young (Normal) (G1 Evacuation Pause) 672M->63M(1024M) 11.545ms
[2026-01-28T10:51:13.573+0000][gc,cpu      ] GC(157) User=0.09s Sys=0.01s Real=0.01s
[2026-01-28T10:51:26.000+0000][gc,start    ] GC(158) Pause Young (Normal) (G1 Evacuation Pause)
[2026-01-28T10:51:26.000+0000][gc,task     ] GC(158) Using 10 workers of 10 for evacuation
[2026-01-28T10:51:26.006+0000][gc,phases   ] GC(158)   Pre Evacuate Collection Set: 0.8ms
[2026-01-28T10:51:26.006+0000][gc,phases   ] GC(158)   Merge Heap Roots: 0.2ms
[2026-01-28T10:51:26.006+0000][gc,phases   ] GC(158)   Evacuate Collection Set: 3.5ms
[2026-01-28T10:51:26.006+0000][gc,phases   ] GC(158)   Post Evacuate Collection Set: 0.5ms
[2026-01-28T10:51:26.006+0000][gc,phases   ] GC(158)   Other: 0.2ms
[2026-01-28T10:51:26.006+0000][gc,heap     ] GC(158) Eden regions: 609->0(609)
[2026-01-28T10:51:26.006+0000][gc,heap     ] GC(158) Survivor regions: 5->5(77)
[2026-01-28T10:51:26.006+0000][gc,heap     ] GC(158) Old regions: 59->59
[2026-01-28T10:51:26.006+0000][gc,heap     ] GC(158) Humongous regions: 1->1
[2026-01-28T10:51:26.006+0000][gc,metaspace] GC(158) Metaspace: 11998K(12416K)->11998K(12416K) NonClass: 10889K(11072K)->10889K(11072K) Class: 1108K(1344K)->1108K(1344K)
[2026-01-28T10:51:26.006+0000][gc          ] GC(158) Pause Young (Normal) (G1 Evacuation Pause) 672M->64M(1024M) 6.022ms
[2026-01-28T10:51:26.006+0000][gc,cpu      ] GC(158) User=0.03s Sys=0.01s Real=0.01s
[2026-01-28T10:51:38.706+0000][gc,start    ] GC(159) Pause Young (Normal) (G1 Evacuation Pause)
[2026-01-28T10:51:38.707+0000][gc,task     ] GC(159) Using 10 workers of 10 for evacuation
[2026-01-28T10:51:38.718+0000][gc,phases   ] GC(159)   Pre Evacuate Collection Set: 0.7ms
[2026-01-28T10:51:38.718+0000][gc,phases   ] GC(159)   Merge Heap Roots: 0.2ms
[2026-01-28T10:51:38.718+0000][gc,phases   ] GC(159)   Evacuate Collection Set: 8.6ms
[2026-01-28T10:51:38.718+0000][gc,phases   ] GC(159)   Post Evacuate Collection Set: 1.1ms
[2026-01-28T10:51:38.718+0000][gc,phases   ] GC(159)   Other: 0.2ms
[2026-01-28T10:51:38.718+0000][gc,heap     ] GC(159) Eden regions: 609->0(609)
[2026-01-28T10:51:38.718+0000][gc,heap     ] GC(159) Survivor regions: 5->5(77)
[2026-01-28T10:51:38.718+0000][gc,heap     ] GC(159) Old regions: 59->59
[2026-01-28T10:51:38.718+0000][gc,heap     ] GC(159) Humongous regions: 1->1
[2026-01-28T10:51:38.718+0000][gc,metaspace] GC(159) Metaspace: 11998K(12416K)->11998K(12416K) NonClass: 10889K(11072K)->10889K(11072K) Class: 1108K(1344K)->1108K(1344K)
[2026-01-28T10:51:38.718+0000][gc          ] GC(159) Pause Young (Normal) (G1 Evacuation Pause) 673M->64M(1024M) 12.398ms
[2026-01-28T10:51:38.718+0000][gc,cpu      ] GC(159) User=0.09s Sys=0.01s Real=0.01s
[2026-01-28T10:51:51.288+0000][gc,start    ] GC(160) Pause Young (Normal) (G1 Evacuation Pause)
[2026-01-28T10:51:51.289+0000][gc,task     ] GC(160) Using 10 workers of 10 for evacuation
[2026-01-28T10:51:51.307+0000][gc,phases   ] GC(160)   Pre Evacuate Collection Set: 0.9ms
[2026-01-28T10:51:51.307+0000][gc,phases   ] GC(160)   Merge Heap Roots: 0.3ms
[2026-01-28T10:51:51.307+0000][gc,phases   ] GC(160)   Evacuate Collection Set: 13.5ms
[2026-01-28T10:51:51.307+0000][gc,phases   ] GC(160)   Post Evacuate Collection Set: 2.7ms
[2026-01-28T10:51:51.307+0000][gc,phases   ] GC(160)   Other: 0.2ms
[2026-01-28T10:51:51.307+0000][gc,heap     ] GC(160) Eden regions: 609->0(609)
[2026-01-28T10:51:51.307+0000][gc,heap     ] GC(160) Survivor regions: 5->5(77)
[2026-01-28T10:51:51.307+0000][gc,heap     ] GC(160) Old regions: 59->59
[2026-01-28T10:51:51.307+0000][gc,heap     ] GC(160) Humongous regions: 1->1
[2026-01-28T10:51:51.307+0000][gc,metaspace] GC(160) Metaspace: 11998K(12416K)->11998K(12416K) NonClass: 10889K(11072K)->10889K(11072K) Class: 1108K(1344K)->1108K(1344K)
[2026-01-28T10:51:51.307+0000][gc          ] GC(160) Pause Young (Normal) (G1 Evacuation Pause) 673M->64M(1024M) 19.157ms
[2026-01-28T10:51:51.307+0000][gc,cpu      ] GC(160) User=0.15s Sys=0.00s Real=0.02s
[2026-01-28T10:52:02.059+0000][gc,start    ] GC(161) Pause Young (Normal) (G1 Evacuation Pause)
[2026-01-28T10:52:02.060+0000][gc,task     ] GC(161) Using 10 workers of 10 for evacuation
[2026-01-28T10:52:02.071+0000][gc,phases   ] GC(161)   Pre Evacuate Collection Set: 1.0ms
[2026-01-28T10:52:02.071+0000][gc,phases   ] GC(161)   Merge Heap Roots: 0.3ms
[2026-01-28T10:52:02.071+0000][gc,phases   ] GC(161)   Evacuate Collection Set: 8.2ms
[2026-01-28T10:52:02.071+0000][gc,phases   ] GC(161)   Post Evacuate Collection Set: 1.6ms
[2026-01-28T10:52:02.071+0000][gc,phases   ] GC(161)   Other: 0.2ms
[2026-01-28T10:52:02.071+0000][gc,heap     ] GC(161) Eden regions: 609->0(609)
[2026-01-28T10:52:02.071+0000][gc,heap     ] GC(161) Survivor regions: 5->5(77)
[2026-01-28T10:52:02.071+0000][gc,heap     ] GC(161) Old regions: 59->60
[2026-01-28T10:52:02.072+0000][gc,heap     ] GC(161) Humongous regions: 1->1
[2026-01-28T10:52:02.072+0000][gc,metaspace] GC(161) Metaspace: 12008K(12416K)->12008K(12416K) NonClass: 10899K(11072K)->10899K(11072K) Class: 1108K(1344K)->1108K(1344K)
[2026-01-28T10:52:02.072+0000][gc          ] GC(161) Pause Young (Normal) (G1 Evacuation Pause) 673M->64M(1024M) 12.838ms
[2026-01-28T10:52:02.072+0000][gc,cpu      ] GC(161) User=0.09s Sys=0.00s Real=0.02s
[2026-01-28T10:52:14.767+0000][gc,start    ] GC(162) Pause Young (Normal) (G1 Evacuation Pause)
[2026-01-28T10:52:14.768+0000][gc,task     ] GC(162) Using 10 workers of 10 for evacuation
[2026-01-28T10:52:14.780+0000][gc,phases   ] GC(162)   Pre Evacuate Collection Set: 1.0ms
[2026-01-28T10:52:14.781+0000][gc,phases   ] GC(162)   Merge Heap Roots: 0.6ms
[2026-01-28T10:52:14.781+0000][gc,phases   ] GC(162)   Evacuate Collection Set: 9.2ms
[2026-01-28T10:52:14.781+0000][gc,phases   ] GC(162)   Post Evacuate Collection Set: 1.1ms
[2026-01-28T10:52:14.781+0000][gc,phases   ] GC(162)   Other: 0.2ms
[2026-01-28T10:52:14.781+0000][gc,heap     ] GC(162) Eden regions: 609->0(609)
[2026-01-28T10:52:14.781+0000][gc,heap     ] GC(162) Survivor regions: 5->5(77)
[2026-01-28T10:52:14.781+0000][gc,heap     ] GC(162) Old regions: 60->60
[2026-01-28T10:52:14.781+0000][gc,heap     ] GC(162) Humongous regions: 1->1
[2026-01-28T10:52:14.781+0000][gc,metaspace] GC(162) Metaspace: 12017K(12416K)->12017K(12416K) NonClass: 10908K(11072K)->10908K(11072K) Class: 1108K(1344K)->1108K(1344K)
[2026-01-28T10:52:14.781+0000][gc          ] GC(162) Pause Young (Normal) (G1 Evacuation Pause) 673M->65M(1024M) 13.674ms
[2026-01-28T10:52:14.781+0000][gc,cpu      ] GC(162) User=0.11s Sys=0.00s Real=0.02s
[2026-01-28T10:52:28.034+0000][gc,start    ] GC(163) Pause Young (Normal) (G1 Evacuation Pause)
[2026-01-28T10:52:28.035+0000][gc,task     ] GC(163) Using 10 workers of 10 for evacuation
[2026-01-28T10:52:28.044+0000][gc,phases   ] GC(163)   Pre Evacuate Collection Set: 0.9ms
[2026-01-28T10:52:28.044+0000][gc,phases   ] GC(163)   Merge Heap Roots: 0.3ms
[2026-01-28T10:52:28.044+0000][gc,phases   ] GC(163)   Evacuate Collection Set: 6.4ms
[2026-01-28T10:52:28.044+0000][gc,phases   ] GC(163)   Post Evacuate Collection Set: 0.8ms
[2026-01-28T10:52:28.044+0000][gc,phases   ] GC(163)   Other: 0.2ms
[2026-01-28T10:52:28.044+0000][gc,heap     ] GC(163) Eden regions: 609->0(609)
[2026-01-28T10:52:28.044+0000][gc,heap     ] GC(163) Survivor regions: 5->5(77)
[2026-01-28T10:52:28.044+0000][gc,heap     ] GC(163) Old regions: 60->60
[2026-01-28T10:52:28.044+0000][gc,heap     ] GC(163) Humongous regions: 1->1
[2026-01-28T10:52:28.044+0000][gc,metaspace] GC(163) Metaspace: 12028K(12416K)->12028K(12416K) NonClass: 10920K(11072K)->10920K(11072K) Class: 1108K(1344K)->1108K(1344K)
[2026-01-28T10:52:28.044+0000][gc          ] GC(163) Pause Young (Normal) (G1 Evacuation Pause) 674M->65M(1024M) 10.090ms
[2026-01-28T10:52:28.044+0000][gc,cpu      ] GC(163) User=0.07s Sys=0.00s Real=0.01s
[2026-01-28T10:52:40.801+0000][gc,start    ] GC(164) Pause Young (Normal) (G1 Evacuation Pause)
[2026-01-28T10:52:40.801+0000][gc,task     ] GC(164) Using 10 workers of 10 for evacuation
[2026-01-28T10:52:40.809+0000][gc,phases   ] GC(164)   Pre Evacuate Collection Set: 1.0ms
[2026-01-28T10:52:40.809+0000][gc,phases   ] GC(164)   Merge Heap Roots: 0.3ms
[2026-01-28T10:52:40.809+0000][gc,phases   ] GC(164)   Evacuate Collection Set: 5.0ms
[2026-01-28T10:52:40.809+0000][gc,phases   ] GC(164)   Post Evacuate Collection Set: 1.0ms
[2026-01-28T10:52:40.809+0000][gc,phases   ] GC(164)   Other: 0.3ms
[2026-01-28T10:52:40.809+0000][gc,heap     ] GC(164) Eden regions: 609->0(609)
[2026-01-28T10:52:40.809+0000][gc,heap     ] GC(164) Survivor regions: 5->5(77)
[2026-01-28T10:52:40.809+0000][gc,heap     ] GC(164) Old regions: 60->61
[2026-01-28T10:52:40.809+0000][gc,heap     ] GC(164) Humongous regions: 1->1
[2026-01-28T10:52:40.809+0000][gc,metaspace] GC(164) Metaspace: 12031K(12416K)->12031K(12416K) NonClass: 10922K(11072K)->10922K(11072K) Class: 1108K(1344K)->1108K(1344K)
[2026-01-28T10:52:40.809+0000][gc          ] GC(164) Pause Young (Normal) (G1 Evacuation Pause) 674M->65M(1024M) 8.631ms
[2026-01-28T10:52:40.809+0000][gc,cpu      ] GC(164) User=0.06s Sys=0.00s Real=0.01s
[2026-01-28T10:52:51.481+0000][gc,start    ] GC(165) Pause Young (Normal) (G1 Evacuation Pause)
[2026-01-28T10:52:51.482+0000][gc,task     ] GC(165) Using 10 workers of 10 for evacuation
[2026-01-28T10:52:51.497+0000][gc,phases   ] GC(165)   Pre Evacuate Collection Set: 0.8ms
[2026-01-28T10:52:51.497+0000][gc,phases   ] GC(165)   Merge Heap Roots: 0.3ms
[2026-01-28T10:52:51.497+0000][gc,phases   ] GC(165)   Evacuate Collection Set: 10.6ms
[2026-01-28T10:52:51.497+0000][gc,phases   ] GC(165)   Post Evacuate Collection Set: 2.1ms
[2026-01-28T10:52:51.497+0000][gc,phases   ] GC(165)   Other: 0.5ms
[2026-01-28T10:52:51.497+0000][gc,heap     ] GC(165) Eden regions: 609->0(607)
[2026-01-28T10:52:51.497+0000][gc,heap     ] GC(165) Survivor regions: 5->7(77)
[2026-01-28T10:52:51.497+0000][gc,heap     ] GC(165) Old regions: 61->61
[2026-01-28T10:52:51.497+0000][gc,heap     ] GC(165) Humongous regions: 1->1
[2026-01-28T10:52:51.497+0000][gc,metaspace] GC(165) Metaspace: 12031K(12416K)->12031K(12416K) NonClass: 10922K(11072K)->10922K(11072K) Class: 1108K(1344K)->1108K(1344K)
[2026-01-28T10:52:51.497+0000][gc          ] GC(165) Pause Young (Normal) (G1 Evacuation Pause) 674M->68M(1024M) 16.397ms
[2026-01-28T10:52:51.498+0000][gc,cpu      ] GC(165) User=0.11s Sys=0.01s Real=0.01s
[2026-01-28T10:53:04.106+0000][gc,start    ] GC(166) Pause Young (Normal) (G1 Evacuation Pause)
[2026-01-28T10:53:04.108+0000][gc,task     ] GC(166) Using 10 workers of 10 for evacuation
[2026-01-28T10:53:04.121+0000][gc,phases   ] GC(166)   Pre Evacuate Collection Set: 2.1ms
[2026-01-28T10:53:04.121+0000][gc,phases   ] GC(166)   Merge Heap Roots: 0.7ms
[2026-01-28T10:53:04.121+0000][gc,phases   ] GC(166)   Evacuate Collection Set: 7.2ms
[2026-01-28T10:53:04.121+0000][gc,phases   ] GC(166)   Post Evacuate Collection Set: 2.0ms
[2026-01-28T10:53:04.122+0000][gc,phases   ] GC(166)   Other: 0.9ms
[2026-01-28T10:53:04.122+0000][gc,heap     ] GC(166) Eden regions: 607->0(609)
[2026-01-28T10:53:04.122+0000][gc,heap     ] GC(166) Survivor regions: 7->5(77)
[2026-01-28T10:53:04.122+0000][gc,heap     ] GC(166) Old regions: 61->61
[2026-01-28T10:53:04.122+0000][gc,heap     ] GC(166) Humongous regions: 1->1
[2026-01-28T10:53:04.122+0000][gc,metaspace] GC(166) Metaspace: 12036K(12416K)->12036K(12416K) NonClass: 10927K(11072K)->10927K(11072K) Class: 1108K(1344K)->1108K(1344K)
[2026-01-28T10:53:04.122+0000][gc          ] GC(166) Pause Young (Normal) (G1 Evacuation Pause) 675M->66M(1024M) 15.918ms
[2026-01-28T10:53:04.122+0000][gc,cpu      ] GC(166) User=0.09s Sys=0.00s Real=0.02s
[2026-01-28T10:53:17.097+0000][gc,start    ] GC(167) Pause Young (Normal) (G1 Evacuation Pause)
[2026-01-28T10:53:17.099+0000][gc,task     ] GC(167) Using 10 workers of 10 for evacuation
[2026-01-28T10:53:17.113+0000][gc,phases   ] GC(167)   Pre Evacuate Collection Set: 0.9ms
[2026-01-28T10:53:17.113+0000][gc,phases   ] GC(167)   Merge Heap Roots: 0.8ms
[2026-01-28T10:53:17.113+0000][gc,phases   ] GC(167)   Evacuate Collection Set: 10.7ms
[2026-01-28T10:53:17.113+0000][gc,phases   ] GC(167)   Post Evacuate Collection Set: 0.8ms
[2026-01-28T10:53:17.113+0000][gc,phases   ] GC(167)   Other: 0.2ms
[2026-01-28T10:53:17.113+0000][gc,heap     ] GC(167) Eden regions: 609->0(609)
[2026-01-28T10:53:17.113+0000][gc,heap     ] GC(167) Survivor regions: 5->5(77)
[2026-01-28T10:53:17.113+0000][gc,heap     ] GC(167) Old regions: 61->62
[2026-01-28T10:53:17.113+0000][gc,heap     ] GC(167) Humongous regions: 1->1
[2026-01-28T10:53:17.113+0000][gc,metaspace] GC(167) Metaspace: 12059K(12480K)->12059K(12480K) NonClass: 10950K(11136K)->10950K(11136K) Class: 1108K(1344K)->1108K(1344K)
[2026-01-28T10:53:17.113+0000][gc          ] GC(167) Pause Young (Normal) (G1 Evacuation Pause) 675M->67M(1024M) 15.970ms
[2026-01-28T10:53:17.113+0000][gc,cpu      ] GC(167) User=0.12s Sys=0.00s Real=0.02s
[2026-01-28T10:53:29.881+0000][gc,start    ] GC(168) Pause Young (Normal) (G1 Evacuation Pause)
[2026-01-28T10:53:29.882+0000][gc,task     ] GC(168) Using 10 workers of 10 for evacuation
[2026-01-28T10:53:29.889+0000][gc,phases   ] GC(168)   Pre Evacuate Collection Set: 0.8ms
[2026-01-28T10:53:29.889+0000][gc,phases   ] GC(168)   Merge Heap Roots: 0.3ms
[2026-01-28T10:53:29.889+0000][gc,phases   ] GC(168)   Evacuate Collection Set: 4.4ms
[2026-01-28T10:53:29.889+0000][gc,phases   ] GC(168)   Post Evacuate Collection Set: 0.8ms
[2026-01-28T10:53:29.889+0000][gc,phases   ] GC(168)   Other: 0.2ms
[2026-01-28T10:53:29.889+0000][gc,heap     ] GC(168) Eden regions: 609->0(609)
[2026-01-28T10:53:29.889+0000][gc,heap     ] GC(168) Survivor regions: 5->5(77)
[2026-01-28T10:53:29.889+0000][gc,heap     ] GC(168) Old regions: 62->62
[2026-01-28T10:53:29.889+0000][gc,heap     ] GC(168) Humongous regions: 1->1
[2026-01-28T10:53:29.889+0000][gc,metaspace] GC(168) Metaspace: 12068K(12480K)->12068K(12480K) NonClass: 10959K(11136K)->10959K(11136K) Class: 1108K(1344K)->1108K(1344K)
[2026-01-28T10:53:29.889+0000][gc          ] GC(168) Pause Young (Normal) (G1 Evacuation Pause) 676M->67M(1024M) 7.879ms
[2026-01-28T10:53:29.889+0000][gc,cpu      ] GC(168) User=0.05s Sys=0.00s Real=0.00s
[2026-01-28T10:53:41.360+0000][gc,start    ] GC(169) Pause Young (Normal) (G1 Evacuation Pause)
[2026-01-28T10:53:41.362+0000][gc,task     ] GC(169) Using 10 workers of 10 for evacuation
[2026-01-28T10:53:41.375+0000][gc,phases   ] GC(169)   Pre Evacuate Collection Set: 2.5ms
[2026-01-28T10:53:41.375+0000][gc,phases   ] GC(169)   Merge Heap Roots: 1.1ms
[2026-01-28T10:53:41.375+0000][gc,phases   ] GC(169)   Evacuate Collection Set: 7.8ms
[2026-01-28T10:53:41.375+0000][gc,phases   ] GC(169)   Post Evacuate Collection Set: 0.9ms
[2026-01-28T10:53:41.375+0000][gc,phases   ] GC(169)   Other: 0.9ms
[2026-01-28T10:53:41.375+0000][gc,heap     ] GC(169) Eden regions: 609->0(608)
[2026-01-28T10:53:41.375+0000][gc,heap     ] GC(169) Survivor regions: 5->6(77)
[2026-01-28T10:53:41.375+0000][gc,heap     ] GC(169) Old regions: 62->62
[2026-01-28T10:53:41.375+0000][gc,heap     ] GC(169) Humongous regions: 1->1
[2026-01-28T10:53:41.375+0000][gc,metaspace] GC(169) Metaspace: 12074K(12480K)->12074K(12480K) NonClass: 10965K(11136K)->10965K(11136K) Class: 1108K(1344K)->1108K(1344K)
[2026-01-28T10:53:41.375+0000][gc          ] GC(169) Pause Young (Normal) (G1 Evacuation Pause) 676M->68M(1024M) 14.893ms
[2026-01-28T10:53:41.375+0000][gc,cpu      ] GC(169) User=0.10s Sys=0.00s Real=0.02s
[2026-01-28T10:53:53.345+0000][gc,start    ] GC(170) Pause Young (Normal) (G1 Evacuation Pause)
[2026-01-28T10:53:53.346+0000][gc,task     ] GC(170) Using 10 workers of 10 for evacuation
[2026-01-28T10:53:53.361+0000][gc,phases   ] GC(170)   Pre Evacuate Collection Set: 2.6ms
[2026-01-28T10:53:53.361+0000][gc,phases   ] GC(170)   Merge Heap Roots: 0.9ms
[2026-01-28T10:53:53.361+0000][gc,phases   ] GC(170)   Evacuate Collection Set: 9.3ms
[2026-01-28T10:53:53.361+0000][gc,phases   ] GC(170)   Post Evacuate Collection Set: 1.4ms
[2026-01-28T10:53:53.361+0000][gc,phases   ] GC(170)   Other: 0.4ms
[2026-01-28T10:53:53.361+0000][gc,heap     ] GC(170) Eden regions: 608->0(609)
[2026-01-28T10:53:53.361+0000][gc,heap     ] GC(170) Survivor regions: 6->5(77)
[2026-01-28T10:53:53.361+0000][gc,heap     ] GC(170) Old regions: 62->63
[2026-01-28T10:53:53.361+0000][gc,heap     ] GC(170) Humongous regions: 1->1
[2026-01-28T10:53:53.361+0000][gc,metaspace] GC(170) Metaspace: 12084K(12480K)->12084K(12480K) NonClass: 10975K(11136K)->10975K(11136K) Class: 1109K(1344K)->1109K(1344K)
[2026-01-28T10:53:53.361+0000][gc          ] GC(170) Pause Young (Normal) (G1 Evacuation Pause) 676M->67M(1024M) 15.540ms
[2026-01-28T10:53:53.361+0000][gc,cpu      ] GC(170) User=0.13s Sys=0.00s Real=0.01s
[2026-01-28T10:54:06.193+0000][gc,start    ] GC(171) Pause Young (Normal) (G1 Evacuation Pause)
[2026-01-28T10:54:06.194+0000][gc,task     ] GC(171) Using 10 workers of 10 for evacuation
[2026-01-28T10:54:06.200+0000][gc,phases   ] GC(171)   Pre Evacuate Collection Set: 0.9ms
[2026-01-28T10:54:06.201+0000][gc,phases   ] GC(171)   Merge Heap Roots: 0.3ms
[2026-01-28T10:54:06.201+0000][gc,phases   ] GC(171)   Evacuate Collection Set: 4.6ms
[2026-01-28T10:54:06.201+0000][gc,phases   ] GC(171)   Post Evacuate Collection Set: 0.8ms
[2026-01-28T10:54:06.201+0000][gc,phases   ] GC(171)   Other: 0.2ms
[2026-01-28T10:54:06.201+0000][gc,heap     ] GC(171) Eden regions: 609->0(609)
[2026-01-28T10:54:06.201+0000][gc,heap     ] GC(171) Survivor regions: 5->5(77)
[2026-01-28T10:54:06.201+0000][gc,heap     ] GC(171) Old regions: 63->63
[2026-01-28T10:54:06.201+0000][gc,heap     ] GC(171) Humongous regions: 1->1
[2026-01-28T10:54:06.201+0000][gc,metaspace] GC(171) Metaspace: 12087K(12480K)->12087K(12480K) NonClass: 10978K(11136K)->10978K(11136K) Class: 1109K(1344K)->1109K(1344K)
[2026-01-28T10:54:06.201+0000][gc          ] GC(171) Pause Young (Normal) (G1 Evacuation Pause) 676M->68M(1024M) 8.221ms
[2026-01-28T10:54:06.201+0000][gc,cpu      ] GC(171) User=0.06s Sys=0.00s Real=0.00s
[2026-01-28T10:54:19.228+0000][gc,start    ] GC(172) Pause Young (Normal) (G1 Evacuation Pause)
[2026-01-28T10:54:19.229+0000][gc,task     ] GC(172) Using 10 workers of 10 for evacuation
[2026-01-28T10:54:19.240+0000][gc,phases   ] GC(172)   Pre Evacuate Collection Set: 0.8ms
[2026-01-28T10:54:19.240+0000][gc,phases   ] GC(172)   Merge Heap Roots: 0.3ms
[2026-01-28T10:54:19.240+0000][gc,phases   ] GC(172)   Evacuate Collection Set: 8.5ms
[2026-01-28T10:54:19.240+0000][gc,phases   ] GC(172)   Post Evacuate Collection Set: 1.7ms
[2026-01-28T10:54:19.240+0000][gc,phases   ] GC(172)   Other: 0.2ms
[2026-01-28T10:54:19.240+0000][gc,heap     ] GC(172) Eden regions: 609->0(609)
[2026-01-28T10:54:19.240+0000][gc,heap     ] GC(172) Survivor regions: 5->5(77)
[2026-01-28T10:54:19.240+0000][gc,heap     ] GC(172) Old regions: 63->63
[2026-01-28T10:54:19.241+0000][gc,heap     ] GC(172) Humongous regions: 1->1
[2026-01-28T10:54:19.241+0000][gc,metaspace] GC(172) Metaspace: 12088K(12480K)->12088K(12480K) NonClass: 10979K(11136K)->10979K(11136K) Class: 1109K(1344K)->1109K(1344K)
[2026-01-28T10:54:19.241+0000][gc          ] GC(172) Pause Young (Normal) (G1 Evacuation Pause) 677M->68M(1024M) 12.541ms
[2026-01-28T10:54:19.241+0000][gc,cpu      ] GC(172) User=0.10s Sys=0.00s Real=0.01s
[2026-01-28T10:54:31.308+0000][gc,start    ] GC(173) Pause Young (Normal) (G1 Evacuation Pause)
[2026-01-28T10:54:31.308+0000][gc,task     ] GC(173) Using 10 workers of 10 for evacuation
[2026-01-28T10:54:31.316+0000][gc,phases   ] GC(173)   Pre Evacuate Collection Set: 0.7ms
[2026-01-28T10:54:31.316+0000][gc,phases   ] GC(173)   Merge Heap Roots: 0.3ms
[2026-01-28T10:54:31.316+0000][gc,phases   ] GC(173)   Evacuate Collection Set: 5.3ms
[2026-01-28T10:54:31.316+0000][gc,phases   ] GC(173)   Post Evacuate Collection Set: 0.9ms
[2026-01-28T10:54:31.316+0000][gc,phases   ] GC(173)   Other: 0.2ms
[2026-01-28T10:54:31.316+0000][gc,heap     ] GC(173) Eden regions: 609->0(608)
[2026-01-28T10:54:31.316+0000][gc,heap     ] GC(173) Survivor regions: 5->6(77)
[2026-01-28T10:54:31.316+0000][gc,heap     ] GC(173) Old regions: 63->64
[2026-01-28T10:54:31.316+0000][gc,heap     ] GC(173) Humongous regions: 1->1
[2026-01-28T10:54:31.316+0000][gc,metaspace] GC(173) Metaspace: 12090K(12480K)->12090K(12480K) NonClass: 10981K(11136K)->10981K(11136K) Class: 1109K(1344K)->1109K(1344K)
[2026-01-28T10:54:31.316+0000][gc          ] GC(173) Pause Young (Normal) (G1 Evacuation Pause) 677M->69M(1024M) 8.220ms
[2026-01-28T10:54:31.316+0000][gc,cpu      ] GC(173) User=0.05s Sys=0.00s Real=0.01s
[2026-01-28T10:54:42.149+0000][gc,start    ] GC(174) Pause Young (Normal) (G1 Evacuation Pause)
[2026-01-28T10:54:42.151+0000][gc,task     ] GC(174) Using 10 workers of 10 for evacuation
[2026-01-28T10:54:42.156+0000][gc,phases   ] GC(174)   Pre Evacuate Collection Set: 0.7ms
[2026-01-28T10:54:42.157+0000][gc,phases   ] GC(174)   Merge Heap Roots: 0.3ms
[2026-01-28T10:54:42.157+0000][gc,phases   ] GC(174)   Evacuate Collection Set: 4.2ms
[2026-01-28T10:54:42.157+0000][gc,phases   ] GC(174)   Post Evacuate Collection Set: 0.6ms
[2026-01-28T10:54:42.157+0000][gc,phases   ] GC(174)   Other: 0.2ms
[2026-01-28T10:54:42.157+0000][gc,heap     ] GC(174) Eden regions: 608->0(609)
[2026-01-28T10:54:42.157+0000][gc,heap     ] GC(174) Survivor regions: 6->5(77)
[2026-01-28T10:54:42.157+0000][gc,heap     ] GC(174) Old regions: 64->64
[2026-01-28T10:54:42.157+0000][gc,heap     ] GC(174) Humongous regions: 1->1
[2026-01-28T10:54:42.157+0000][gc,metaspace] GC(174) Metaspace: 12090K(12480K)->12090K(12480K) NonClass: 10981K(11136K)->10981K(11136K) Class: 1109K(1344K)->1109K(1344K)
[2026-01-28T10:54:42.157+0000][gc          ] GC(174) Pause Young (Normal) (G1 Evacuation Pause) 677M->68M(1024M) 7.523ms
[2026-01-28T10:54:42.157+0000][gc,cpu      ] GC(174) User=0.05s Sys=0.00s Real=0.01s
[2026-01-28T10:54:55.819+0000][gc,start    ] GC(175) Pause Young (Normal) (G1 Evacuation Pause)
[2026-01-28T10:54:55.820+0000][gc,task     ] GC(175) Using 10 workers of 10 for evacuation
[2026-01-28T10:54:55.833+0000][gc,phases   ] GC(175)   Pre Evacuate Collection Set: 0.9ms
[2026-01-28T10:54:55.833+0000][gc,phases   ] GC(175)   Merge Heap Roots: 0.3ms
[2026-01-28T10:54:55.833+0000][gc,phases   ] GC(175)   Evacuate Collection Set: 10.8ms
[2026-01-28T10:54:55.833+0000][gc,phases   ] GC(175)   Post Evacuate Collection Set: 1.0ms
[2026-01-28T10:54:55.833+0000][gc,phases   ] GC(175)   Other: 0.2ms
[2026-01-28T10:54:55.833+0000][gc,heap     ] GC(175) Eden regions: 609->0(609)
[2026-01-28T10:54:55.833+0000][gc,heap     ] GC(175) Survivor regions: 5->5(77)
[2026-01-28T10:54:55.833+0000][gc,heap     ] GC(175) Old regions: 64->64
[2026-01-28T10:54:55.833+0000][gc,heap     ] GC(175) Humongous regions: 1->1
[2026-01-28T10:54:55.833+0000][gc,metaspace] GC(175) Metaspace: 12091K(12544K)->12091K(12544K) NonClass: 10981K(11200K)->10981K(11200K) Class: 1109K(1344K)->1109K(1344K)
[2026-01-28T10:54:55.833+0000][gc          ] GC(175) Pause Young (Normal) (G1 Evacuation Pause) 677M->69M(1024M) 14.174ms
[2026-01-28T10:54:55.834+0000][gc,cpu      ] GC(175) User=0.12s Sys=0.01s Real=0.02s
[2026-01-28T10:55:08.715+0000][gc,start    ] GC(176) Pause Young (Normal) (G1 Evacuation Pause)
[2026-01-28T10:55:08.715+0000][gc,task     ] GC(176) Using 10 workers of 10 for evacuation
[2026-01-28T10:55:08.722+0000][gc,phases   ] GC(176)   Pre Evacuate Collection Set: 1.1ms
[2026-01-28T10:55:08.722+0000][gc,phases   ] GC(176)   Merge Heap Roots: 0.3ms
[2026-01-28T10:55:08.722+0000][gc,phases   ] GC(176)   Evacuate Collection Set: 4.5ms
[2026-01-28T10:55:08.722+0000][gc,phases   ] GC(176)   Post Evacuate Collection Set: 0.9ms
[2026-01-28T10:55:08.722+0000][gc,phases   ] GC(176)   Other: 0.2ms
[2026-01-28T10:55:08.722+0000][gc,heap     ] GC(176) Eden regions: 609->0(609)
[2026-01-28T10:55:08.722+0000][gc,heap     ] GC(176) Survivor regions: 5->5(77)
[2026-01-28T10:55:08.722+0000][gc,heap     ] GC(176) Old regions: 64->64
[2026-01-28T10:55:08.722+0000][gc,heap     ] GC(176) Humongous regions: 1->1
[2026-01-28T10:55:08.722+0000][gc,metaspace] GC(176) Metaspace: 12091K(12544K)->12091K(12544K) NonClass: 10981K(11200K)->10981K(11200K) Class: 1109K(1344K)->1109K(1344K)
[2026-01-28T10:55:08.722+0000][gc          ] GC(176) Pause Young (Normal) (G1 Evacuation Pause) 678M->69M(1024M) 7.745ms
[2026-01-28T10:55:08.722+0000][gc,cpu      ] GC(176) User=0.05s Sys=0.00s Real=0.01s
[2026-01-28T10:55:21.303+0000][gc,start    ] GC(177) Pause Young (Normal) (G1 Evacuation Pause)
[2026-01-28T10:55:21.304+0000][gc,task     ] GC(177) Using 10 workers of 10 for evacuation
[2026-01-28T10:55:21.314+0000][gc,phases   ] GC(177)   Pre Evacuate Collection Set: 1.0ms
[2026-01-28T10:55:21.314+0000][gc,phases   ] GC(177)   Merge Heap Roots: 0.3ms
[2026-01-28T10:55:21.314+0000][gc,phases   ] GC(177)   Evacuate Collection Set: 7.6ms
[2026-01-28T10:55:21.314+0000][gc,phases   ] GC(177)   Post Evacuate Collection Set: 0.9ms
[2026-01-28T10:55:21.314+0000][gc,phases   ] GC(177)   Other: 0.2ms
[2026-01-28T10:55:21.314+0000][gc,heap     ] GC(177) Eden regions: 609->0(608)
[2026-01-28T10:55:21.314+0000][gc,heap     ] GC(177) Survivor regions: 5->6(77)
[2026-01-28T10:55:21.314+0000][gc,heap     ] GC(177) Old regions: 64->65
[2026-01-28T10:55:21.314+0000][gc,heap     ] GC(177) Humongous regions: 1->1
[2026-01-28T10:55:21.314+0000][gc,metaspace] GC(177) Metaspace: 12091K(12544K)->12091K(12544K) NonClass: 10981K(11200K)->10981K(11200K) Class: 1109K(1344K)->1109K(1344K)
[2026-01-28T10:55:21.314+0000][gc          ] GC(177) Pause Young (Normal) (G1 Evacuation Pause) 678M->70M(1024M) 10.965ms
[2026-01-28T10:55:21.314+0000][gc,cpu      ] GC(177) User=0.09s Sys=0.00s Real=0.01s
[2026-01-28T10:55:33.088+0000][gc,start    ] GC(178) Pause Young (Normal) (G1 Evacuation Pause)
[2026-01-28T10:55:33.088+0000][gc,task     ] GC(178) Using 10 workers of 10 for evacuation
[2026-01-28T10:55:33.101+0000][gc,phases   ] GC(178)   Pre Evacuate Collection Set: 0.9ms
[2026-01-28T10:55:33.101+0000][gc,phases   ] GC(178)   Merge Heap Roots: 0.3ms
[2026-01-28T10:55:33.101+0000][gc,phases   ] GC(178)   Evacuate Collection Set: 9.2ms
[2026-01-28T10:55:33.101+0000][gc,phases   ] GC(178)   Post Evacuate Collection Set: 1.5ms
[2026-01-28T10:55:33.101+0000][gc,phases   ] GC(178)   Other: 0.2ms
[2026-01-28T10:55:33.101+0000][gc,heap     ] GC(178) Eden regions: 608->0(609)
[2026-01-28T10:55:33.101+0000][gc,heap     ] GC(178) Survivor regions: 6->5(77)
[2026-01-28T10:55:33.101+0000][gc,heap     ] GC(178) Old regions: 65->65
[2026-01-28T10:55:33.101+0000][gc,heap     ] GC(178) Humongous regions: 1->1
[2026-01-28T10:55:33.101+0000][gc,metaspace] GC(178) Metaspace: 12094K(12544K)->12094K(12544K) NonClass: 10985K(11200K)->10985K(11200K) Class: 1109K(1344K)->1109K(1344K)
[2026-01-28T10:55:33.101+0000][gc          ] GC(178) Pause Young (Normal) (G1 Evacuation Pause) 678M->70M(1024M) 13.590ms
[2026-01-28T10:55:33.101+0000][gc,cpu      ] GC(178) User=0.10s Sys=0.00s Real=0.01s
[2026-01-28T10:55:46.092+0000][gc,start    ] GC(179) Pause Young (Normal) (G1 Evacuation Pause)
[2026-01-28T10:55:46.093+0000][gc,task     ] GC(179) Using 10 workers of 10 for evacuation
[2026-01-28T10:55:46.104+0000][gc,phases   ] GC(179)   Pre Evacuate Collection Set: 0.8ms
[2026-01-28T10:55:46.104+0000][gc,phases   ] GC(179)   Merge Heap Roots: 0.2ms
[2026-01-28T10:55:46.104+0000][gc,phases   ] GC(179)   Evacuate Collection Set: 8.3ms
[2026-01-28T10:55:46.104+0000][gc,phases   ] GC(179)   Post Evacuate Collection Set: 0.8ms
[2026-01-28T10:55:46.104+0000][gc,phases   ] GC(179)   Other: 0.1ms
[2026-01-28T10:55:46.104+0000][gc,heap     ] GC(179) Eden regions: 609->0(609)
[2026-01-28T10:55:46.104+0000][gc,heap     ] GC(179) Survivor regions: 5->5(77)
[2026-01-28T10:55:46.104+0000][gc,heap     ] GC(179) Old regions: 65->65
[2026-01-28T10:55:46.104+0000][gc,heap     ] GC(179) Humongous regions: 1->1
[2026-01-28T10:55:46.104+0000][gc,metaspace] GC(179) Metaspace: 12095K(12544K)->12095K(12544K) NonClass: 10985K(11200K)->10985K(11200K) Class: 1109K(1344K)->1109K(1344K)
[2026-01-28T10:55:46.104+0000][gc          ] GC(179) Pause Young (Normal) (G1 Evacuation Pause) 679M->70M(1024M) 11.730ms
[2026-01-28T10:55:46.104+0000][gc,cpu      ] GC(179) User=0.09s Sys=0.00s Real=0.01s
[2026-01-28T10:55:59.158+0000][gc,start    ] GC(180) Pause Young (Normal) (G1 Evacuation Pause)
[2026-01-28T10:55:59.159+0000][gc,task     ] GC(180) Using 10 workers of 10 for evacuation
[2026-01-28T10:55:59.167+0000][gc,phases   ] GC(180)   Pre Evacuate Collection Set: 0.9ms
[2026-01-28T10:55:59.167+0000][gc,phases   ] GC(180)   Merge Heap Roots: 0.3ms
[2026-01-28T10:55:59.167+0000][gc,phases   ] GC(180)   Evacuate Collection Set: 5.1ms
[2026-01-28T10:55:59.167+0000][gc,phases   ] GC(180)   Post Evacuate Collection Set: 0.8ms
[2026-01-28T10:55:59.167+0000][gc,phases   ] GC(180)   Other: 0.2ms
[2026-01-28T10:55:59.167+0000][gc,heap     ] GC(180) Eden regions: 609->0(609)
[2026-01-28T10:55:59.167+0000][gc,heap     ] GC(180) Survivor regions: 5->5(77)
[2026-01-28T10:55:59.167+0000][gc,heap     ] GC(180) Old regions: 65->66
[2026-01-28T10:55:59.167+0000][gc,heap     ] GC(180) Humongous regions: 1->1
[2026-01-28T10:55:59.167+0000][gc,metaspace] GC(180) Metaspace: 12095K(12544K)->12095K(12544K) NonClass: 10985K(11200K)->10985K(11200K) Class: 1109K(1344K)->1109K(1344K)
[2026-01-28T10:55:59.167+0000][gc          ] GC(180) Pause Young (Normal) (G1 Evacuation Pause) 679M->70M(1024M) 8.709ms
[2026-01-28T10:55:59.167+0000][gc,cpu      ] GC(180) User=0.06s Sys=0.00s Real=0.01s
[2026-01-28T10:56:11.352+0000][gc,start    ] GC(181) Pause Young (Normal) (G1 Evacuation Pause)
[2026-01-28T10:56:11.353+0000][gc,task     ] GC(181) Using 10 workers of 10 for evacuation
[2026-01-28T10:56:11.371+0000][gc,phases   ] GC(181)   Pre Evacuate Collection Set: 0.8ms
[2026-01-28T10:56:11.371+0000][gc,phases   ] GC(181)   Merge Heap Roots: 0.3ms
[2026-01-28T10:56:11.371+0000][gc,phases   ] GC(181)   Evacuate Collection Set: 14.4ms
[2026-01-28T10:56:11.371+0000][gc,phases   ] GC(181)   Post Evacuate Collection Set: 2.1ms
[2026-01-28T10:56:11.371+0000][gc,phases   ] GC(181)   Other: 0.3ms
[2026-01-28T10:56:11.371+0000][gc,heap     ] GC(181) Eden regions: 609->0(608)
[2026-01-28T10:56:11.371+0000][gc,heap     ] GC(181) Survivor regions: 5->6(77)
[2026-01-28T10:56:11.371+0000][gc,heap     ] GC(181) Old regions: 66->66
[2026-01-28T10:56:11.371+0000][gc,heap     ] GC(181) Humongous regions: 1->1
[2026-01-28T10:56:11.371+0000][gc,metaspace] GC(181) Metaspace: 12095K(12544K)->12095K(12544K) NonClass: 10986K(11200K)->10986K(11200K) Class: 1109K(1344K)->1109K(1344K)
[2026-01-28T10:56:11.371+0000][gc          ] GC(181) Pause Young (Normal) (G1 Evacuation Pause) 679M->72M(1024M) 19.425ms
[2026-01-28T10:56:11.371+0000][gc,cpu      ] GC(181) User=0.16s Sys=0.00s Real=0.02s
[2026-01-28T10:56:22.769+0000][gc,start    ] GC(182) Pause Young (Normal) (G1 Evacuation Pause)
[2026-01-28T10:56:22.770+0000][gc,task     ] GC(182) Using 10 workers of 10 for evacuation
[2026-01-28T10:56:22.782+0000][gc,phases   ] GC(182)   Pre Evacuate Collection Set: 2.3ms
[2026-01-28T10:56:22.782+0000][gc,phases   ] GC(182)   Merge Heap Roots: 0.8ms
[2026-01-28T10:56:22.782+0000][gc,phases   ] GC(182)   Evacuate Collection Set: 8.0ms
[2026-01-28T10:56:22.782+0000][gc,phases   ] GC(182)   Post Evacuate Collection Set: 0.9ms
[2026-01-28T10:56:22.782+0000][gc,phases   ] GC(182)   Other: 0.3ms
[2026-01-28T10:56:22.782+0000][gc,heap     ] GC(182) Eden regions: 608->0(609)
[2026-01-28T10:56:22.782+0000][gc,heap     ] GC(182) Survivor regions: 6->5(77)
[2026-01-28T10:56:22.782+0000][gc,heap     ] GC(182) Old regions: 66->66
[2026-01-28T10:56:22.782+0000][gc,heap     ] GC(182) Humongous regions: 1->1
[2026-01-28T10:56:22.782+0000][gc,metaspace] GC(182) Metaspace: 12095K(12544K)->12095K(12544K) NonClass: 10986K(11200K)->10986K(11200K) Class: 1109K(1344K)->1109K(1344K)
[2026-01-28T10:56:22.782+0000][gc          ] GC(182) Pause Young (Normal) (G1 Evacuation Pause) 680M->71M(1024M) 13.381ms
[2026-01-28T10:56:22.782+0000][gc,cpu      ] GC(182) User=0.10s Sys=0.00s Real=0.02s
[2026-01-28T10:56:36.190+0000][gc,start    ] GC(183) Pause Young (Normal) (G1 Evacuation Pause)
[2026-01-28T10:56:36.191+0000][gc,task     ] GC(183) Using 10 workers of 10 for evacuation
[2026-01-28T10:56:36.201+0000][gc,phases   ] GC(183)   Pre Evacuate Collection Set: 1.0ms
[2026-01-28T10:56:36.201+0000][gc,phases   ] GC(183)   Merge Heap Roots: 0.3ms
[2026-01-28T10:56:36.201+0000][gc,phases   ] GC(183)   Evacuate Collection Set: 6.7ms
[2026-01-28T10:56:36.201+0000][gc,phases   ] GC(183)   Post Evacuate Collection Set: 1.2ms
[2026-01-28T10:56:36.201+0000][gc,phases   ] GC(183)   Other: 0.4ms
[2026-01-28T10:56:36.201+0000][gc,heap     ] GC(183) Eden regions: 609->0(609)
[2026-01-28T10:56:36.201+0000][gc,heap     ] GC(183) Survivor regions: 5->5(77)
[2026-01-28T10:56:36.201+0000][gc,heap     ] GC(183) Old regions: 66->67
[2026-01-28T10:56:36.201+0000][gc,heap     ] GC(183) Humongous regions: 1->1
[2026-01-28T10:56:36.201+0000][gc,metaspace] GC(183) Metaspace: 12095K(12544K)->12095K(12544K) NonClass: 10986K(11200K)->10986K(11200K) Class: 1109K(1344K)->1109K(1344K)
[2026-01-28T10:56:36.201+0000][gc          ] GC(183) Pause Young (Normal) (G1 Evacuation Pause) 680M->71M(1024M) 11.135ms
[2026-01-28T10:56:36.201+0000][gc,cpu      ] GC(183) User=0.07s Sys=0.00s Real=0.02s
[2026-01-28T10:56:48.941+0000][gc,start    ] GC(184) Pause Young (Normal) (G1 Evacuation Pause)
[2026-01-28T10:56:48.943+0000][gc,task     ] GC(184) Using 10 workers of 10 for evacuation
[2026-01-28T10:56:48.954+0000][gc,phases   ] GC(184)   Pre Evacuate Collection Set: 3.0ms
[2026-01-28T10:56:48.954+0000][gc,phases   ] GC(184)   Merge Heap Roots: 0.4ms
[2026-01-28T10:56:48.954+0000][gc,phases   ] GC(184)   Evacuate Collection Set: 6.8ms
[2026-01-28T10:56:48.955+0000][gc,phases   ] GC(184)   Post Evacuate Collection Set: 1.1ms
[2026-01-28T10:56:48.955+0000][gc,phases   ] GC(184)   Other: 0.6ms
[2026-01-28T10:56:48.955+0000][gc,heap     ] GC(184) Eden regions: 609->0(609)
[2026-01-28T10:56:48.955+0000][gc,heap     ] GC(184) Survivor regions: 5->5(77)
[2026-01-28T10:56:48.955+0000][gc,heap     ] GC(184) Old regions: 67->67
[2026-01-28T10:56:48.955+0000][gc,heap     ] GC(184) Humongous regions: 1->1
[2026-01-28T10:56:48.955+0000][gc,metaspace] GC(184) Metaspace: 12095K(12544K)->12095K(12544K) NonClass: 10986K(11200K)->10986K(11200K) Class: 1109K(1344K)->1109K(1344K)
[2026-01-28T10:56:48.955+0000][gc          ] GC(184) Pause Young (Normal) (G1 Evacuation Pause) 680M->72M(1024M) 13.625ms
[2026-01-28T10:56:48.955+0000][gc,cpu      ] GC(184) User=0.09s Sys=0.00s Real=0.01s
[2026-01-28T10:57:01.347+0000][gc,start    ] GC(185) Pause Young (Normal) (G1 Evacuation Pause)
[2026-01-28T10:57:01.348+0000][gc,task     ] GC(185) Using 10 workers of 10 for evacuation
[2026-01-28T10:57:01.360+0000][gc,phases   ] GC(185)   Pre Evacuate Collection Set: 1.4ms
[2026-01-28T10:57:01.360+0000][gc,phases   ] GC(185)   Merge Heap Roots: 0.6ms
[2026-01-28T10:57:01.360+0000][gc,phases   ] GC(185)   Evacuate Collection Set: 8.5ms
[2026-01-28T10:57:01.360+0000][gc,phases   ] GC(185)   Post Evacuate Collection Set: 1.3ms
[2026-01-28T10:57:01.360+0000][gc,phases   ] GC(185)   Other: 0.2ms
[2026-01-28T10:57:01.360+0000][gc,heap     ] GC(185) Eden regions: 609->0(608)
[2026-01-28T10:57:01.360+0000][gc,heap     ] GC(185) Survivor regions: 5->6(77)
[2026-01-28T10:57:01.360+0000][gc,heap     ] GC(185) Old regions: 67->67
[2026-01-28T10:57:01.360+0000][gc,heap     ] GC(185) Humongous regions: 1->1
[2026-01-28T10:57:01.360+0000][gc,metaspace] GC(185) Metaspace: 12097K(12544K)->12097K(12544K) NonClass: 10988K(11200K)->10988K(11200K) Class: 1109K(1344K)->1109K(1344K)
[2026-01-28T10:57:01.360+0000][gc          ] GC(185) Pause Young (Normal) (G1 Evacuation Pause) 681M->73M(1024M) 13.440ms
[2026-01-28T10:57:01.360+0000][gc,cpu      ] GC(185) User=0.11s Sys=0.00s Real=0.01s
[2026-01-28T10:57:13.110+0000][gc,start    ] GC(186) Pause Young (Normal) (G1 Evacuation Pause)
[2026-01-28T10:57:13.113+0000][gc,task     ] GC(186) Using 10 workers of 10 for evacuation
[2026-01-28T10:57:13.124+0000][gc,phases   ] GC(186)   Pre Evacuate Collection Set: 0.9ms
[2026-01-28T10:57:13.124+0000][gc,phases   ] GC(186)   Merge Heap Roots: 0.2ms
[2026-01-28T10:57:13.124+0000][gc,phases   ] GC(186)   Evacuate Collection Set: 8.0ms
[2026-01-28T10:57:13.124+0000][gc,phases   ] GC(186)   Post Evacuate Collection Set: 2.3ms
[2026-01-28T10:57:13.125+0000][gc,phases   ] GC(186)   Other: 0.2ms
[2026-01-28T10:57:13.125+0000][gc,heap     ] GC(186) Eden regions: 608->0(609)
[2026-01-28T10:57:13.125+0000][gc,heap     ] GC(186) Survivor regions: 6->5(77)
[2026-01-28T10:57:13.125+0000][gc,heap     ] GC(186) Old regions: 67->68
[2026-01-28T10:57:13.125+0000][gc,heap     ] GC(186) Humongous regions: 1->1
[2026-01-28T10:57:13.125+0000][gc,metaspace] GC(186) Metaspace: 12099K(12544K)->12099K(12544K) NonClass: 10989K(11200K)->10989K(11200K) Class: 1109K(1344K)->1109K(1344K)
[2026-01-28T10:57:13.125+0000][gc          ] GC(186) Pause Young (Normal) (G1 Evacuation Pause) 681M->72M(1024M) 14.891ms
[2026-01-28T10:57:13.125+0000][gc,cpu      ] GC(186) User=0.08s Sys=0.00s Real=0.02s
[2026-01-28T10:57:26.323+0000][gc,start    ] GC(187) Pause Young (Normal) (G1 Evacuation Pause)
[2026-01-28T10:57:26.324+0000][gc,task     ] GC(187) Using 10 workers of 10 for evacuation
[2026-01-28T10:57:26.337+0000][gc,phases   ] GC(187)   Pre Evacuate Collection Set: 1.0ms
[2026-01-28T10:57:26.337+0000][gc,phases   ] GC(187)   Merge Heap Roots: 0.3ms
[2026-01-28T10:57:26.337+0000][gc,phases   ] GC(187)   Evacuate Collection Set: 8.7ms
[2026-01-28T10:57:26.337+0000][gc,phases   ] GC(187)   Post Evacuate Collection Set: 2.4ms
[2026-01-28T10:57:26.337+0000][gc,phases   ] GC(187)   Other: 0.2ms
[2026-01-28T10:57:26.337+0000][gc,heap     ] GC(187) Eden regions: 609->0(609)
[2026-01-28T10:57:26.337+0000][gc,heap     ] GC(187) Survivor regions: 5->5(77)
[2026-01-28T10:57:26.337+0000][gc,heap     ] GC(187) Old regions: 68->68
[2026-01-28T10:57:26.337+0000][gc,heap     ] GC(187) Humongous regions: 1->1
[2026-01-28T10:57:26.337+0000][gc,metaspace] GC(187) Metaspace: 12104K(12544K)->12104K(12544K) NonClass: 10994K(11200K)->10994K(11200K) Class: 1109K(1344K)->1109K(1344K)
[2026-01-28T10:57:26.337+0000][gc          ] GC(187) Pause Young (Normal) (G1 Evacuation Pause) 681M->73M(1024M) 14.344ms
[2026-01-28T10:57:26.337+0000][gc,cpu      ] GC(187) User=0.10s Sys=0.00s Real=0.01s
[2026-01-28T10:57:39.535+0000][gc,start    ] GC(188) Pause Young (Normal) (G1 Evacuation Pause)
[2026-01-28T10:57:39.536+0000][gc,task     ] GC(188) Using 10 workers of 10 for evacuation
[2026-01-28T10:57:39.544+0000][gc,phases   ] GC(188)   Pre Evacuate Collection Set: 0.9ms
[2026-01-28T10:57:39.544+0000][gc,phases   ] GC(188)   Merge Heap Roots: 0.2ms
[2026-01-28T10:57:39.544+0000][gc,phases   ] GC(188)   Evacuate Collection Set: 5.7ms
[2026-01-28T10:57:39.544+0000][gc,phases   ] GC(188)   Post Evacuate Collection Set: 0.8ms
[2026-01-28T10:57:39.544+0000][gc,phases   ] GC(188)   Other: 0.2ms
[2026-01-28T10:57:39.544+0000][gc,heap     ] GC(188) Eden regions: 609->0(609)
[2026-01-28T10:57:39.544+0000][gc,heap     ] GC(188) Survivor regions: 5->5(77)
[2026-01-28T10:57:39.544+0000][gc,heap     ] GC(188) Old regions: 68->68
[2026-01-28T10:57:39.544+0000][gc,heap     ] GC(188) Humongous regions: 1->1
[2026-01-28T10:57:39.544+0000][gc,metaspace] GC(188) Metaspace: 12112K(12544K)->12112K(12544K) NonClass: 11003K(11200K)->11003K(11200K) Class: 1109K(1344K)->1109K(1344K)
[2026-01-28T10:57:39.544+0000][gc          ] GC(188) Pause Young (Normal) (G1 Evacuation Pause) 682M->73M(1024M) 8.723ms
[2026-01-28T10:57:39.544+0000][gc,cpu      ] GC(188) User=0.07s Sys=0.00s Real=0.01s
[2026-01-28T10:57:51.386+0000][gc,start    ] GC(189) Pause Young (Normal) (G1 Evacuation Pause)
[2026-01-28T10:57:51.387+0000][gc,task     ] GC(189) Using 10 workers of 10 for evacuation
[2026-01-28T10:57:51.408+0000][gc,phases   ] GC(189)   Pre Evacuate Collection Set: 1.6ms
[2026-01-28T10:57:51.408+0000][gc,phases   ] GC(189)   Merge Heap Roots: 1.0ms
[2026-01-28T10:57:51.408+0000][gc,phases   ] GC(189)   Evacuate Collection Set: 16.4ms
[2026-01-28T10:57:51.408+0000][gc,phases   ] GC(189)   Post Evacuate Collection Set: 1.4ms
[2026-01-28T10:57:51.408+0000][gc,phases   ] GC(189)   Other: 0.2ms
[2026-01-28T10:57:51.408+0000][gc,heap     ] GC(189) Eden regions: 609->0(607)
[2026-01-28T10:57:51.408+0000][gc,heap     ] GC(189) Survivor regions: 5->7(77)
[2026-01-28T10:57:51.408+0000][gc,heap     ] GC(189) Old regions: 68->68
[2026-01-28T10:57:51.408+0000][gc,heap     ] GC(189) Humongous regions: 1->1
[2026-01-28T10:57:51.408+0000][gc,metaspace] GC(189) Metaspace: 12337K(12800K)->12337K(12800K) NonClass: 11193K(11392K)->11193K(11392K) Class: 1144K(1408K)->1144K(1408K)
[2026-01-28T10:57:51.408+0000][gc          ] GC(189) Pause Young (Normal) (G1 Evacuation Pause) 682M->75M(1024M) 21.973ms
[2026-01-28T10:57:51.408+0000][gc,cpu      ] GC(189) User=0.18s Sys=0.01s Real=0.02s
[2026-01-28T10:58:03.147+0000][gc,start    ] GC(190) Pause Young (Normal) (G1 Evacuation Pause)
[2026-01-28T10:58:03.147+0000][gc,task     ] GC(190) Using 10 workers of 10 for evacuation
[2026-01-28T10:58:03.160+0000][gc,phases   ] GC(190)   Pre Evacuate Collection Set: 0.9ms
[2026-01-28T10:58:03.160+0000][gc,phases   ] GC(190)   Merge Heap Roots: 0.3ms
[2026-01-28T10:58:03.160+0000][gc,phases   ] GC(190)   Evacuate Collection Set: 9.1ms
[2026-01-28T10:58:03.160+0000][gc,phases   ] GC(190)   Post Evacuate Collection Set: 1.6ms
[2026-01-28T10:58:03.160+0000][gc,phases   ] GC(190)   Other: 0.1ms
[2026-01-28T10:58:03.160+0000][gc,heap     ] GC(190) Eden regions: 607->0(609)
[2026-01-28T10:58:03.160+0000][gc,heap     ] GC(190) Survivor regions: 7->5(77)
[2026-01-28T10:58:03.160+0000][gc,heap     ] GC(190) Old regions: 68->69
[2026-01-28T10:58:03.160+0000][gc,heap     ] GC(190) Humongous regions: 1->1
[2026-01-28T10:58:03.160+0000][gc,metaspace] GC(190) Metaspace: 12340K(12800K)->12340K(12800K) NonClass: 11196K(11392K)->11196K(11392K) Class: 1144K(1408K)->1144K(1408K)
[2026-01-28T10:58:03.160+0000][gc          ] GC(190) Pause Young (Normal) (G1 Evacuation Pause) 682M->74M(1024M) 13.380ms
[2026-01-28T10:58:03.160+0000][gc,cpu      ] GC(190) User=0.09s Sys=0.02s Real=0.01s
[2026-01-28T10:58:16.393+0000][gc,start    ] GC(191) Pause Young (Normal) (G1 Evacuation Pause)
[2026-01-28T10:58:16.396+0000][gc,task     ] GC(191) Using 10 workers of 10 for evacuation
[2026-01-28T10:58:16.407+0000][gc,phases   ] GC(191)   Pre Evacuate Collection Set: 0.8ms
[2026-01-28T10:58:16.408+0000][gc,phases   ] GC(191)   Merge Heap Roots: 0.3ms
[2026-01-28T10:58:16.408+0000][gc,phases   ] GC(191)   Evacuate Collection Set: 9.5ms
[2026-01-28T10:58:16.408+0000][gc,phases   ] GC(191)   Post Evacuate Collection Set: 1.0ms
[2026-01-28T10:58:16.408+0000][gc,phases   ] GC(191)   Other: 0.2ms
[2026-01-28T10:58:16.408+0000][gc,heap     ] GC(191) Eden regions: 609->0(609)
[2026-01-28T10:58:16.408+0000][gc,heap     ] GC(191) Survivor regions: 5->5(77)
[2026-01-28T10:58:16.408+0000][gc,heap     ] GC(191) Old regions: 69->69
[2026-01-28T10:58:16.408+0000][gc,heap     ] GC(191) Humongous regions: 1->1
[2026-01-28T10:58:16.408+0000][gc,metaspace] GC(191) Metaspace: 12340K(12800K)->12340K(12800K) NonClass: 11196K(11392K)->11196K(11392K) Class: 1144K(1408K)->1144K(1408K)
[2026-01-28T10:58:16.408+0000][gc          ] GC(191) Pause Young (Normal) (G1 Evacuation Pause) 683M->74M(1024M) 14.961ms
[2026-01-28T10:58:16.408+0000][gc,cpu      ] GC(191) User=0.11s Sys=0.00s Real=0.01s
[2026-01-28T10:58:29.187+0000][gc,start    ] GC(192) Pause Young (Normal) (G1 Evacuation Pause)
[2026-01-28T10:58:29.188+0000][gc,task     ] GC(192) Using 10 workers of 10 for evacuation
[2026-01-28T10:58:29.195+0000][gc,phases   ] GC(192)   Pre Evacuate Collection Set: 1.0ms
[2026-01-28T10:58:29.195+0000][gc,phases   ] GC(192)   Merge Heap Roots: 0.3ms
[2026-01-28T10:58:29.195+0000][gc,phases   ] GC(192)   Evacuate Collection Set: 4.5ms
[2026-01-28T10:58:29.195+0000][gc,phases   ] GC(192)   Post Evacuate Collection Set: 0.9ms
[2026-01-28T10:58:29.195+0000][gc,phases   ] GC(192)   Other: 0.2ms
[2026-01-28T10:58:29.195+0000][gc,heap     ] GC(192) Eden regions: 609->0(609)
[2026-01-28T10:58:29.195+0000][gc,heap     ] GC(192) Survivor regions: 5->5(77)
[2026-01-28T10:58:29.195+0000][gc,heap     ] GC(192) Old regions: 69->69
[2026-01-28T10:58:29.195+0000][gc,heap     ] GC(192) Humongous regions: 1->1
[2026-01-28T10:58:29.195+0000][gc,metaspace] GC(192) Metaspace: 12343K(12800K)->12343K(12800K) NonClass: 11198K(11392K)->11198K(11392K) Class: 1144K(1408K)->1144K(1408K)
[2026-01-28T10:58:29.195+0000][gc          ] GC(192) Pause Young (Normal) (G1 Evacuation Pause) 683M->74M(1024M) 8.371ms
[2026-01-28T10:58:29.195+0000][gc,cpu      ] GC(192) User=0.06s Sys=0.00s Real=0.01s
[2026-01-28T10:58:41.386+0000][gc,start    ] GC(193) Pause Young (Normal) (G1 Evacuation Pause)
[2026-01-28T10:58:41.387+0000][gc,task     ] GC(193) Using 10 workers of 10 for evacuation
[2026-01-28T10:58:41.411+0000][gc,phases   ] GC(193)   Pre Evacuate Collection Set: 2.5ms
[2026-01-28T10:58:41.411+0000][gc,phases   ] GC(193)   Merge Heap Roots: 1.7ms
[2026-01-28T10:58:41.411+0000][gc,phases   ] GC(193)   Evacuate Collection Set: 18.9ms
[2026-01-28T10:58:41.411+0000][gc,phases   ] GC(193)   Post Evacuate Collection Set: 0.9ms
[2026-01-28T10:58:41.411+0000][gc,phases   ] GC(193)   Other: 0.3ms
[2026-01-28T10:58:41.411+0000][gc,heap     ] GC(193) Eden regions: 609->0(608)
[2026-01-28T10:58:41.411+0000][gc,heap     ] GC(193) Survivor regions: 5->6(77)
[2026-01-28T10:58:41.411+0000][gc,heap     ] GC(193) Old regions: 69->70
[2026-01-28T10:58:41.411+0000][gc,heap     ] GC(193) Humongous regions: 1->1
[2026-01-28T10:58:41.411+0000][gc,metaspace] GC(193) Metaspace: 12345K(12800K)->12345K(12800K) NonClass: 11200K(11392K)->11200K(11392K) Class: 1144K(1408K)->1144K(1408K)
[2026-01-28T10:58:41.411+0000][gc          ] GC(193) Pause Young (Normal) (G1 Evacuation Pause) 683M->76M(1024M) 25.476ms
[2026-01-28T10:58:41.411+0000][gc,cpu      ] GC(193) User=0.22s Sys=0.00s Real=0.02s
[2026-01-28T10:58:53.645+0000][gc,start    ] GC(194) Pause Young (Normal) (G1 Evacuation Pause)
[2026-01-28T10:58:53.646+0000][gc,task     ] GC(194) Using 10 workers of 10 for evacuation
[2026-01-28T10:58:53.653+0000][gc,phases   ] GC(194)   Pre Evacuate Collection Set: 0.8ms
[2026-01-28T10:58:53.653+0000][gc,phases   ] GC(194)   Merge Heap Roots: 0.3ms
[2026-01-28T10:58:53.653+0000][gc,phases   ] GC(194)   Evacuate Collection Set: 5.1ms
[2026-01-28T10:58:53.653+0000][gc,phases   ] GC(194)   Post Evacuate Collection Set: 0.9ms
[2026-01-28T10:58:53.653+0000][gc,phases   ] GC(194)   Other: 0.1ms
[2026-01-28T10:58:53.653+0000][gc,heap     ] GC(194) Eden regions: 608->0(609)
[2026-01-28T10:58:53.653+0000][gc,heap     ] GC(194) Survivor regions: 6->5(77)
[2026-01-28T10:58:53.653+0000][gc,heap     ] GC(194) Old regions: 70->70
[2026-01-28T10:58:53.653+0000][gc,heap     ] GC(194) Humongous regions: 1->1
[2026-01-28T10:58:53.653+0000][gc,metaspace] GC(194) Metaspace: 12345K(12800K)->12345K(12800K) NonClass: 11200K(11392K)->11200K(11392K) Class: 1144K(1408K)->1144K(1408K)
[2026-01-28T10:58:53.654+0000][gc          ] GC(194) Pause Young (Normal) (G1 Evacuation Pause) 684M->75M(1024M) 8.750ms
[2026-01-28T10:58:53.654+0000][gc,cpu      ] GC(194) User=0.06s Sys=0.00s Real=0.01s
[2026-01-28T10:59:06.794+0000][gc,start    ] GC(195) Pause Young (Normal) (G1 Evacuation Pause)
[2026-01-28T10:59:06.795+0000][gc,task     ] GC(195) Using 10 workers of 10 for evacuation
[2026-01-28T10:59:06.802+0000][gc,phases   ] GC(195)   Pre Evacuate Collection Set: 0.9ms
[2026-01-28T10:59:06.802+0000][gc,phases   ] GC(195)   Merge Heap Roots: 0.3ms
[2026-01-28T10:59:06.802+0000][gc,phases   ] GC(195)   Evacuate Collection Set: 4.7ms
[2026-01-28T10:59:06.802+0000][gc,phases   ] GC(195)   Post Evacuate Collection Set: 0.7ms
[2026-01-28T10:59:06.802+0000][gc,phases   ] GC(195)   Other: 0.1ms
[2026-01-28T10:59:06.802+0000][gc,heap     ] GC(195) Eden regions: 609->0(609)
[2026-01-28T10:59:06.802+0000][gc,heap     ] GC(195) Survivor regions: 5->5(77)
[2026-01-28T10:59:06.802+0000][gc,heap     ] GC(195) Old regions: 70->70
[2026-01-28T10:59:06.802+0000][gc,heap     ] GC(195) Humongous regions: 1->1
[2026-01-28T10:59:06.802+0000][gc,metaspace] GC(195) Metaspace: 12345K(12800K)->12345K(12800K) NonClass: 11200K(11392K)->11200K(11392K) Class: 1144K(1408K)->1144K(1408K)
[2026-01-28T10:59:06.802+0000][gc          ] GC(195) Pause Young (Normal) (G1 Evacuation Pause) 684M->75M(1024M) 8.278ms
[2026-01-28T10:59:06.802+0000][gc,cpu      ] GC(195) User=0.05s Sys=0.00s Real=0.01s
[2026-01-28T10:59:20.034+0000][gc,start    ] GC(196) Pause Young (Normal) (G1 Evacuation Pause)
[2026-01-28T10:59:20.035+0000][gc,task     ] GC(196) Using 10 workers of 10 for evacuation
[2026-01-28T10:59:20.050+0000][gc,phases   ] GC(196)   Pre Evacuate Collection Set: 0.8ms
[2026-01-28T10:59:20.050+0000][gc,phases   ] GC(196)   Merge Heap Roots: 0.3ms
[2026-01-28T10:59:20.050+0000][gc,phases   ] GC(196)   Evacuate Collection Set: 12.3ms
[2026-01-28T10:59:20.050+0000][gc,phases   ] GC(196)   Post Evacuate Collection Set: 0.9ms
[2026-01-28T10:59:20.050+0000][gc,phases   ] GC(196)   Other: 0.2ms
[2026-01-28T10:59:20.050+0000][gc,heap     ] GC(196) Eden regions: 609->0(609)
[2026-01-28T10:59:20.050+0000][gc,heap     ] GC(196) Survivor regions: 5->5(77)
[2026-01-28T10:59:20.050+0000][gc,heap     ] GC(196) Old regions: 70->71
[2026-01-28T10:59:20.050+0000][gc,heap     ] GC(196) Humongous regions: 1->1
[2026-01-28T10:59:20.050+0000][gc,metaspace] GC(196) Metaspace: 12345K(12800K)->12345K(12800K) NonClass: 11200K(11392K)->11200K(11392K) Class: 1144K(1408K)->1144K(1408K)
[2026-01-28T10:59:20.050+0000][gc          ] GC(196) Pause Young (Normal) (G1 Evacuation Pause) 684M->76M(1024M) 15.875ms
[2026-01-28T10:59:20.050+0000][gc,cpu      ] GC(196) User=0.14s Sys=0.00s Real=0.01s
[2026-01-28T10:59:31.378+0000][gc,start    ] GC(197) Pause Young (Normal) (G1 Evacuation Pause)
[2026-01-28T10:59:31.379+0000][gc,task     ] GC(197) Using 10 workers of 10 for evacuation
[2026-01-28T10:59:31.394+0000][gc,phases   ] GC(197)   Pre Evacuate Collection Set: 0.8ms
[2026-01-28T10:59:31.394+0000][gc,phases   ] GC(197)   Merge Heap Roots: 0.2ms
[2026-01-28T10:59:31.394+0000][gc,phases   ] GC(197)   Evacuate Collection Set: 11.5ms
[2026-01-28T10:59:31.394+0000][gc,phases   ] GC(197)   Post Evacuate Collection Set: 2.1ms
[2026-01-28T10:59:31.394+0000][gc,phases   ] GC(197)   Other: 0.2ms
[2026-01-28T10:59:31.394+0000][gc,heap     ] GC(197) Eden regions: 609->0(608)
[2026-01-28T10:59:31.394+0000][gc,heap     ] GC(197) Survivor regions: 5->6(77)
[2026-01-28T10:59:31.394+0000][gc,heap     ] GC(197) Old regions: 71->71
[2026-01-28T10:59:31.394+0000][gc,heap     ] GC(197) Humongous regions: 1->1
[2026-01-28T10:59:31.394+0000][gc,metaspace] GC(197) Metaspace: 12345K(12800K)->12345K(12800K) NonClass: 11200K(11392K)->11200K(11392K) Class: 1144K(1408K)->1144K(1408K)
[2026-01-28T10:59:31.394+0000][gc          ] GC(197) Pause Young (Normal) (G1 Evacuation Pause) 685M->77M(1024M) 16.704ms
[2026-01-28T10:59:31.395+0000][gc,cpu      ] GC(197) User=0.13s Sys=0.00s Real=0.02s
[2026-01-28T10:59:42.985+0000][gc,start    ] GC(198) Pause Young (Normal) (G1 Evacuation Pause)
[2026-01-28T10:59:42.986+0000][gc,task     ] GC(198) Using 10 workers of 10 for evacuation
[2026-01-28T10:59:42.992+0000][gc,phases   ] GC(198)   Pre Evacuate Collection Set: 0.8ms
[2026-01-28T10:59:42.992+0000][gc,phases   ] GC(198)   Merge Heap Roots: 0.4ms
[2026-01-28T10:59:42.992+0000][gc,phases   ] GC(198)   Evacuate Collection Set: 4.3ms
[2026-01-28T10:59:42.992+0000][gc,phases   ] GC(198)   Post Evacuate Collection Set: 0.7ms
[2026-01-28T10:59:42.992+0000][gc,phases   ] GC(198)   Other: 0.2ms
[2026-01-28T10:59:42.992+0000][gc,heap     ] GC(198) Eden regions: 608->0(609)
[2026-01-28T10:59:42.992+0000][gc,heap     ] GC(198) Survivor regions: 6->5(77)
[2026-01-28T10:59:42.992+0000][gc,heap     ] GC(198) Old regions: 71->71
[2026-01-28T10:59:42.992+0000][gc,heap     ] GC(198) Humongous regions: 1->1
[2026-01-28T10:59:42.992+0000][gc,metaspace] GC(198) Metaspace: 12346K(12800K)->12346K(12800K) NonClass: 11201K(11392K)->11201K(11392K) Class: 1144K(1408K)->1144K(1408K)
[2026-01-28T10:59:42.992+0000][gc          ] GC(198) Pause Young (Normal) (G1 Evacuation Pause) 685M->76M(1024M) 7.308ms
[2026-01-28T10:59:42.993+0000][gc,cpu      ] GC(198) User=0.05s Sys=0.00s Real=0.01s
[2026-01-28T10:59:56.896+0000][gc,start    ] GC(199) Pause Young (Normal) (G1 Evacuation Pause)
[2026-01-28T10:59:56.897+0000][gc,task     ] GC(199) Using 10 workers of 10 for evacuation
[2026-01-28T10:59:56.908+0000][gc,phases   ] GC(199)   Pre Evacuate Collection Set: 0.9ms
[2026-01-28T10:59:56.908+0000][gc,phases   ] GC(199)   Merge Heap Roots: 0.3ms
[2026-01-28T10:59:56.908+0000][gc,phases   ] GC(199)   Evacuate Collection Set: 8.3ms
[2026-01-28T10:59:56.908+0000][gc,phases   ] GC(199)   Post Evacuate Collection Set: 0.9ms
[2026-01-28T10:59:56.908+0000][gc,phases   ] GC(199)   Other: 0.2ms
[2026-01-28T10:59:56.908+0000][gc,heap     ] GC(199) Eden regions: 609->0(609)
[2026-01-28T10:59:56.908+0000][gc,heap     ] GC(199) Survivor regions: 5->5(77)
[2026-01-28T10:59:56.908+0000][gc,heap     ] GC(199) Old regions: 71->72
[2026-01-28T10:59:56.908+0000][gc,heap     ] GC(199) Humongous regions: 1->1
[2026-01-28T10:59:56.908+0000][gc,metaspace] GC(199) Metaspace: 12346K(12800K)->12346K(12800K) NonClass: 11201K(11392K)->11201K(11392K) Class: 1144K(1408K)->1144K(1408K)
[2026-01-28T10:59:56.908+0000][gc          ] GC(199) Pause Young (Normal) (G1 Evacuation Pause) 685M->76M(1024M) 12.059ms
[2026-01-28T10:59:56.908+0000][gc,cpu      ] GC(199) User=0.09s Sys=0.00s Real=0.01s
[2026-01-28T11:00:10.182+0000][gc,start    ] GC(200) Pause Young (Normal) (G1 Evacuation Pause)
[2026-01-28T11:00:10.182+0000][gc,task     ] GC(200) Using 10 workers of 10 for evacuation
[2026-01-28T11:00:10.195+0000][gc,phases   ] GC(200)   Pre Evacuate Collection Set: 1.5ms
[2026-01-28T11:00:10.195+0000][gc,phases   ] GC(200)   Merge Heap Roots: 0.5ms
[2026-01-28T11:00:10.196+0000][gc,phases   ] GC(200)   Evacuate Collection Set: 9.9ms
[2026-01-28T11:00:10.196+0000][gc,phases   ] GC(200)   Post Evacuate Collection Set: 1.0ms
[2026-01-28T11:00:10.196+0000][gc,phases   ] GC(200)   Other: 0.4ms
[2026-01-28T11:00:10.196+0000][gc,heap     ] GC(200) Eden regions: 609->0(609)
[2026-01-28T11:00:10.196+0000][gc,heap     ] GC(200) Survivor regions: 5->5(77)
[2026-01-28T11:00:10.196+0000][gc,heap     ] GC(200) Old regions: 72->72
[2026-01-28T11:00:10.196+0000][gc,heap     ] GC(200) Humongous regions: 1->1
[2026-01-28T11:00:10.196+0000][gc,metaspace] GC(200) Metaspace: 12346K(12800K)->12346K(12800K) NonClass: 11201K(11392K)->11201K(11392K) Class: 1144K(1408K)->1144K(1408K)
[2026-01-28T11:00:10.196+0000][gc          ] GC(200) Pause Young (Normal) (G1 Evacuation Pause) 685M->77M(1024M) 14.265ms
[2026-01-28T11:00:10.196+0000][gc,cpu      ] GC(200) User=0.12s Sys=0.00s Real=0.01s
[2026-01-28T11:00:21.512+0000][gc,start    ] GC(201) Pause Young (Normal) (G1 Evacuation Pause)
[2026-01-28T11:00:21.513+0000][gc,task     ] GC(201) Using 10 workers of 10 for evacuation
[2026-01-28T11:00:21.534+0000][gc,phases   ] GC(201)   Pre Evacuate Collection Set: 1.8ms
[2026-01-28T11:00:21.534+0000][gc,phases   ] GC(201)   Merge Heap Roots: 0.3ms
[2026-01-28T11:00:21.534+0000][gc,phases   ] GC(201)   Evacuate Collection Set: 16.1ms
[2026-01-28T11:00:21.534+0000][gc,phases   ] GC(201)   Post Evacuate Collection Set: 2.2ms
[2026-01-28T11:00:21.534+0000][gc,phases   ] GC(201)   Other: 0.4ms
[2026-01-28T11:00:21.534+0000][gc,heap     ] GC(201) Eden regions: 609->0(607)
[2026-01-28T11:00:21.534+0000][gc,heap     ] GC(201) Survivor regions: 5->7(77)
[2026-01-28T11:00:21.535+0000][gc,heap     ] GC(201) Old regions: 72->72
[2026-01-28T11:00:21.535+0000][gc,heap     ] GC(201) Humongous regions: 1->1
[2026-01-28T11:00:21.535+0000][gc,metaspace] GC(201) Metaspace: 12346K(12800K)->12346K(12800K) NonClass: 11201K(11392K)->11201K(11392K) Class: 1144K(1408K)->1144K(1408K)
[2026-01-28T11:00:21.535+0000][gc          ] GC(201) Pause Young (Normal) (G1 Evacuation Pause) 686M->79M(1024M) 22.642ms
[2026-01-28T11:00:21.535+0000][gc,cpu      ] GC(201) User=0.19s Sys=0.00s Real=0.02s
[2026-01-28T11:00:33.987+0000][gc,start    ] GC(202) Pause Young (Normal) (G1 Evacuation Pause)
[2026-01-28T11:00:33.988+0000][gc,task     ] GC(202) Using 10 workers of 10 for evacuation
[2026-01-28T11:00:33.999+0000][gc,phases   ] GC(202)   Pre Evacuate Collection Set: 1.5ms
[2026-01-28T11:00:33.999+0000][gc,phases   ] GC(202)   Merge Heap Roots: 0.6ms
[2026-01-28T11:00:33.999+0000][gc,phases   ] GC(202)   Evacuate Collection Set: 7.4ms
[2026-01-28T11:00:33.999+0000][gc,phases   ] GC(202)   Post Evacuate Collection Set: 1.2ms
[2026-01-28T11:00:33.999+0000][gc,phases   ] GC(202)   Other: 0.2ms
[2026-01-28T11:00:33.999+0000][gc,heap     ] GC(202) Eden regions: 607->0(609)
[2026-01-28T11:00:33.999+0000][gc,heap     ] GC(202) Survivor regions: 7->5(77)
[2026-01-28T11:00:33.999+0000][gc,heap     ] GC(202) Old regions: 72->73
[2026-01-28T11:00:33.999+0000][gc,heap     ] GC(202) Humongous regions: 1->1
[2026-01-28T11:00:33.999+0000][gc,metaspace] GC(202) Metaspace: 12348K(12800K)->12348K(12800K) NonClass: 11203K(11392K)->11203K(11392K) Class: 1144K(1408K)->1144K(1408K)
[2026-01-28T11:00:33.999+0000][gc          ] GC(202) Pause Young (Normal) (G1 Evacuation Pause) 686M->77M(1024M) 12.369ms
[2026-01-28T11:00:33.999+0000][gc,cpu      ] GC(202) User=0.09s Sys=0.00s Real=0.01s
[2026-01-28T11:00:47.386+0000][gc,start    ] GC(203) Pause Young (Normal) (G1 Evacuation Pause)
[2026-01-28T11:00:47.387+0000][gc,task     ] GC(203) Using 10 workers of 10 for evacuation
[2026-01-28T11:00:47.410+0000][gc,phases   ] GC(203)   Pre Evacuate Collection Set: 1.0ms
[2026-01-28T11:00:47.410+0000][gc,phases   ] GC(203)   Merge Heap Roots: 0.3ms
[2026-01-28T11:00:47.410+0000][gc,phases   ] GC(203)   Evacuate Collection Set: 19.1ms
[2026-01-28T11:00:47.410+0000][gc,phases   ] GC(203)   Post Evacuate Collection Set: 2.1ms
[2026-01-28T11:00:47.410+0000][gc,phases   ] GC(203)   Other: 0.4ms
[2026-01-28T11:00:47.410+0000][gc,heap     ] GC(203) Eden regions: 609->0(609)
[2026-01-28T11:00:47.410+0000][gc,heap     ] GC(203) Survivor regions: 5->5(77)
[2026-01-28T11:00:47.410+0000][gc,heap     ] GC(203) Old regions: 73->73
[2026-01-28T11:00:47.410+0000][gc,heap     ] GC(203) Humongous regions: 1->1
[2026-01-28T11:00:47.410+0000][gc,metaspace] GC(203) Metaspace: 12348K(12800K)->12348K(12800K) NonClass: 11203K(11392K)->11203K(11392K) Class: 1144K(1408K)->1144K(1408K)
[2026-01-28T11:00:47.410+0000][gc          ] GC(203) Pause Young (Normal) (G1 Evacuation Pause) 686M->78M(1024M) 24.053ms
[2026-01-28T11:00:47.410+0000][gc,cpu      ] GC(203) User=0.19s Sys=0.02s Real=0.02s
[2026-01-28T11:01:00.394+0000][gc,start    ] GC(204) Pause Young (Normal) (G1 Evacuation Pause)
[2026-01-28T11:01:00.395+0000][gc,task     ] GC(204) Using 10 workers of 10 for evacuation
[2026-01-28T11:01:00.413+0000][gc,phases   ] GC(204)   Pre Evacuate Collection Set: 1.3ms
[2026-01-28T11:01:00.413+0000][gc,phases   ] GC(204)   Merge Heap Roots: 1.0ms
[2026-01-28T11:01:00.413+0000][gc,phases   ] GC(204)   Evacuate Collection Set: 12.5ms
[2026-01-28T11:01:00.413+0000][gc,phases   ] GC(204)   Post Evacuate Collection Set: 2.4ms
[2026-01-28T11:01:00.413+0000][gc,phases   ] GC(204)   Other: 0.4ms
[2026-01-28T11:01:00.413+0000][gc,heap     ] GC(204) Eden regions: 609->0(609)
[2026-01-28T11:01:00.413+0000][gc,heap     ] GC(204) Survivor regions: 5->5(77)
[2026-01-28T11:01:00.413+0000][gc,heap     ] GC(204) Old regions: 73->73
[2026-01-28T11:01:00.413+0000][gc,heap     ] GC(204) Humongous regions: 1->1
[2026-01-28T11:01:00.413+0000][gc,metaspace] GC(204) Metaspace: 12348K(12800K)->12348K(12800K) NonClass: 11203K(11392K)->11203K(11392K) Class: 1144K(1408K)->1144K(1408K)
[2026-01-28T11:01:00.413+0000][gc          ] GC(204) Pause Young (Normal) (G1 Evacuation Pause) 687M->78M(1024M) 19.395ms
[2026-01-28T11:01:00.414+0000][gc,cpu      ] GC(204) User=0.15s Sys=0.00s Real=0.02s
[2026-01-28T11:01:11.539+0000][gc,start    ] GC(205) Pause Young (Normal) (G1 Evacuation Pause)
[2026-01-28T11:01:11.540+0000][gc,task     ] GC(205) Using 10 workers of 10 for evacuation
[2026-01-28T11:01:11.549+0000][gc,phases   ] GC(205)   Pre Evacuate Collection Set: 1.3ms
[2026-01-28T11:01:11.549+0000][gc,phases   ] GC(205)   Merge Heap Roots: 0.6ms
[2026-01-28T11:01:11.549+0000][gc,phases   ] GC(205)   Evacuate Collection Set: 5.9ms
[2026-01-28T11:01:11.550+0000][gc,phases   ] GC(205)   Post Evacuate Collection Set: 1.3ms
[2026-01-28T11:01:11.550+0000][gc,phases   ] GC(205)   Other: 0.3ms
[2026-01-28T11:01:11.550+0000][gc,heap     ] GC(205) Eden regions: 609->0(609)
[2026-01-28T11:01:11.550+0000][gc,heap     ] GC(205) Survivor regions: 5->5(77)
[2026-01-28T11:01:11.550+0000][gc,heap     ] GC(205) Old regions: 73->74
[2026-01-28T11:01:11.550+0000][gc,heap     ] GC(205) Humongous regions: 1->1
[2026-01-28T11:01:11.550+0000][gc,metaspace] GC(205) Metaspace: 12348K(12800K)->12348K(12800K) NonClass: 11203K(11392K)->11203K(11392K) Class: 1144K(1408K)->1144K(1408K)
[2026-01-28T11:01:11.550+0000][gc          ] GC(205) Pause Young (Normal) (G1 Evacuation Pause) 687M->78M(1024M) 11.097ms
[2026-01-28T11:01:11.550+0000][gc,cpu      ] GC(205) User=0.08s Sys=0.00s Real=0.01s
[2026-01-28T11:01:24.487+0000][gc,start    ] GC(206) Pause Young (Normal) (G1 Evacuation Pause)
[2026-01-28T11:01:24.491+0000][gc,task     ] GC(206) Using 10 workers of 10 for evacuation
[2026-01-28T11:01:24.529+0000][gc,phases   ] GC(206)   Pre Evacuate Collection Set: 8.3ms
[2026-01-28T11:01:24.529+0000][gc,phases   ] GC(206)   Merge Heap Roots: 2.0ms
[2026-01-28T11:01:24.529+0000][gc,phases   ] GC(206)   Evacuate Collection Set: 20.4ms
[2026-01-28T11:01:24.529+0000][gc,phases   ] GC(206)   Post Evacuate Collection Set: 4.9ms
[2026-01-28T11:01:24.529+0000][gc,phases   ] GC(206)   Other: 2.4ms
[2026-01-28T11:01:24.530+0000][gc,heap     ] GC(206) Eden regions: 609->0(609)
[2026-01-28T11:01:24.530+0000][gc,heap     ] GC(206) Survivor regions: 5->5(77)
[2026-01-28T11:01:24.530+0000][gc,heap     ] GC(206) Old regions: 74->74
[2026-01-28T11:01:24.530+0000][gc,heap     ] GC(206) Humongous regions: 1->1
[2026-01-28T11:01:24.530+0000][gc,metaspace] GC(206) Metaspace: 12348K(12800K)->12348K(12800K) NonClass: 11203K(11392K)->11203K(11392K) Class: 1144K(1408K)->1144K(1408K)
[2026-01-28T11:01:24.530+0000][gc          ] GC(206) Pause Young (Normal) (G1 Evacuation Pause) 687M->79M(1024M) 43.488ms
[2026-01-28T11:01:24.530+0000][gc,cpu      ] GC(206) User=0.20s Sys=0.00s Real=0.04s
[2026-01-28T11:01:38.125+0000][gc,start    ] GC(207) Pause Young (Normal) (G1 Evacuation Pause)
[2026-01-28T11:01:38.126+0000][gc,task     ] GC(207) Using 10 workers of 10 for evacuation
[2026-01-28T11:01:38.141+0000][gc,phases   ] GC(207)   Pre Evacuate Collection Set: 0.8ms
[2026-01-28T11:01:38.141+0000][gc,phases   ] GC(207)   Merge Heap Roots: 0.3ms
[2026-01-28T11:01:38.141+0000][gc,phases   ] GC(207)   Evacuate Collection Set: 12.8ms
[2026-01-28T11:01:38.141+0000][gc,phases   ] GC(207)   Post Evacuate Collection Set: 1.0ms
[2026-01-28T11:01:38.141+0000][gc,phases   ] GC(207)   Other: 0.2ms
[2026-01-28T11:01:38.141+0000][gc,heap     ] GC(207) Eden regions: 609->0(609)
[2026-01-28T11:01:38.141+0000][gc,heap     ] GC(207) Survivor regions: 5->5(77)
[2026-01-28T11:01:38.141+0000][gc,heap     ] GC(207) Old regions: 74->74
[2026-01-28T11:01:38.142+0000][gc,heap     ] GC(207) Humongous regions: 1->1
[2026-01-28T11:01:38.142+0000][gc,metaspace] GC(207) Metaspace: 12348K(12800K)->12348K(12800K) NonClass: 11203K(11392K)->11203K(11392K) Class: 1144K(1408K)->1144K(1408K)
[2026-01-28T11:01:38.142+0000][gc          ] GC(207) Pause Young (Normal) (G1 Evacuation Pause) 688M->79M(1024M) 16.694ms
[2026-01-28T11:01:38.142+0000][gc,cpu      ] GC(207) User=0.13s Sys=0.01s Real=0.01s
[2026-01-28T11:01:51.321+0000][gc,start    ] GC(208) Pause Young (Normal) (G1 Evacuation Pause)
[2026-01-28T11:01:51.322+0000][gc,task     ] GC(208) Using 10 workers of 10 for evacuation
[2026-01-28T11:01:51.340+0000][gc,phases   ] GC(208)   Pre Evacuate Collection Set: 1.0ms
[2026-01-28T11:01:51.340+0000][gc,phases   ] GC(208)   Merge Heap Roots: 0.3ms
[2026-01-28T11:01:51.340+0000][gc,phases   ] GC(208)   Evacuate Collection Set: 15.7ms
[2026-01-28T11:01:51.340+0000][gc,phases   ] GC(208)   Post Evacuate Collection Set: 1.2ms
[2026-01-28T11:01:51.340+0000][gc,phases   ] GC(208)   Other: 0.3ms
[2026-01-28T11:01:51.340+0000][gc,heap     ] GC(208) Eden regions: 609->0(608)
[2026-01-28T11:01:51.340+0000][gc,heap     ] GC(208) Survivor regions: 5->6(77)
[2026-01-28T11:01:51.340+0000][gc,heap     ] GC(208) Old regions: 74->75
[2026-01-28T11:01:51.340+0000][gc,heap     ] GC(208) Humongous regions: 1->1
[2026-01-28T11:01:51.340+0000][gc,metaspace] GC(208) Metaspace: 12348K(12800K)->12348K(12800K) NonClass: 11203K(11392K)->11203K(11392K) Class: 1144K(1408K)->1144K(1408K)
[2026-01-28T11:01:51.341+0000][gc          ] GC(208) Pause Young (Normal) (G1 Evacuation Pause) 688M->80M(1024M) 19.543ms
[2026-01-28T11:01:51.341+0000][gc,cpu      ] GC(208) User=0.17s Sys=0.00s Real=0.02s
[2026-01-28T11:02:02.887+0000][gc,start    ] GC(209) Pause Young (Normal) (G1 Evacuation Pause)
[2026-01-28T11:02:02.888+0000][gc,task     ] GC(209) Using 10 workers of 10 for evacuation
[2026-01-28T11:02:02.896+0000][gc,phases   ] GC(209)   Pre Evacuate Collection Set: 0.9ms
[2026-01-28T11:02:02.896+0000][gc,phases   ] GC(209)   Merge Heap Roots: 0.4ms
[2026-01-28T11:02:02.896+0000][gc,phases   ] GC(209)   Evacuate Collection Set: 6.1ms
[2026-01-28T11:02:02.896+0000][gc,phases   ] GC(209)   Post Evacuate Collection Set: 0.8ms
[2026-01-28T11:02:02.896+0000][gc,phases   ] GC(209)   Other: 0.2ms
[2026-01-28T11:02:02.896+0000][gc,heap     ] GC(209) Eden regions: 608->0(609)
[2026-01-28T11:02:02.896+0000][gc,heap     ] GC(209) Survivor regions: 6->5(77)
[2026-01-28T11:02:02.896+0000][gc,heap     ] GC(209) Old regions: 75->75
[2026-01-28T11:02:02.897+0000][gc,heap     ] GC(209) Humongous regions: 1->1
[2026-01-28T11:02:02.897+0000][gc,metaspace] GC(209) Metaspace: 12348K(12800K)->12348K(12800K) NonClass: 11203K(11392K)->11203K(11392K) Class: 1144K(1408K)->1144K(1408K)
[2026-01-28T11:02:02.897+0000][gc          ] GC(209) Pause Young (Normal) (G1 Evacuation Pause) 688M->79M(1024M) 9.319ms
[2026-01-28T11:02:02.897+0000][gc,cpu      ] GC(209) User=0.06s Sys=0.00s Real=0.01s
[2026-01-28T11:02:16.010+0000][gc,start    ] GC(210) Pause Young (Normal) (G1 Evacuation Pause)
[2026-01-28T11:02:16.012+0000][gc,task     ] GC(210) Using 10 workers of 10 for evacuation
[2026-01-28T11:02:16.030+0000][gc,phases   ] GC(210)   Pre Evacuate Collection Set: 0.9ms
[2026-01-28T11:02:16.030+0000][gc,phases   ] GC(210)   Merge Heap Roots: 0.3ms
[2026-01-28T11:02:16.030+0000][gc,phases   ] GC(210)   Evacuate Collection Set: 15.1ms
[2026-01-28T11:02:16.030+0000][gc,phases   ] GC(210)   Post Evacuate Collection Set: 1.5ms
[2026-01-28T11:02:16.030+0000][gc,phases   ] GC(210)   Other: 0.2ms
[2026-01-28T11:02:16.030+0000][gc,heap     ] GC(210) Eden regions: 609->0(609)
[2026-01-28T11:02:16.030+0000][gc,heap     ] GC(210) Survivor regions: 5->5(77)
[2026-01-28T11:02:16.030+0000][gc,heap     ] GC(210) Old regions: 75->75
[2026-01-28T11:02:16.030+0000][gc,heap     ] GC(210) Humongous regions: 1->1
[2026-01-28T11:02:16.030+0000][gc,metaspace] GC(210) Metaspace: 12348K(12800K)->12348K(12800K) NonClass: 11203K(11392K)->11203K(11392K) Class: 1144K(1408K)->1144K(1408K)
[2026-01-28T11:02:16.030+0000][gc          ] GC(210) Pause Young (Normal) (G1 Evacuation Pause) 688M->80M(1024M) 19.716ms
[2026-01-28T11:02:16.030+0000][gc,cpu      ] GC(210) User=0.16s Sys=0.00s Real=0.02s
[2026-01-28T11:02:29.577+0000][gc,start    ] GC(211) Pause Young (Normal) (G1 Evacuation Pause)
[2026-01-28T11:02:29.578+0000][gc,task     ] GC(211) Using 10 workers of 10 for evacuation
[2026-01-28T11:02:29.598+0000][gc,phases   ] GC(211)   Pre Evacuate Collection Set: 3.5ms
[2026-01-28T11:02:29.598+0000][gc,phases   ] GC(211)   Merge Heap Roots: 1.5ms
[2026-01-28T11:02:29.598+0000][gc,phases   ] GC(211)   Evacuate Collection Set: 12.7ms
[2026-01-28T11:02:29.598+0000][gc,phases   ] GC(211)   Post Evacuate Collection Set: 1.6ms
[2026-01-28T11:02:29.598+0000][gc,phases   ] GC(211)   Other: 0.6ms
[2026-01-28T11:02:29.598+0000][gc,heap     ] GC(211) Eden regions: 609->0(609)
[2026-01-28T11:02:29.598+0000][gc,heap     ] GC(211) Survivor regions: 5->5(77)
[2026-01-28T11:02:29.598+0000][gc,heap     ] GC(211) Old regions: 75->75
[2026-01-28T11:02:29.599+0000][gc,heap     ] GC(211) Humongous regions: 1->1
[2026-01-28T11:02:29.599+0000][gc,metaspace] GC(211) Metaspace: 12348K(12800K)->12348K(12800K) NonClass: 11204K(11392K)->11204K(11392K) Class: 1144K(1408K)->1144K(1408K)
[2026-01-28T11:02:29.599+0000][gc          ] GC(211) Pause Young (Normal) (G1 Evacuation Pause) 689M->80M(1024M) 21.929ms
[2026-01-28T11:02:29.599+0000][gc,cpu      ] GC(211) User=0.17s Sys=0.00s Real=0.02s
[2026-01-28T11:02:41.376+0000][gc,start    ] GC(212) Pause Young (Normal) (G1 Evacuation Pause)
[2026-01-28T11:02:41.377+0000][gc,task     ] GC(212) Using 10 workers of 10 for evacuation
[2026-01-28T11:02:41.388+0000][gc,phases   ] GC(212)   Pre Evacuate Collection Set: 0.9ms
[2026-01-28T11:02:41.388+0000][gc,phases   ] GC(212)   Merge Heap Roots: 0.3ms
[2026-01-28T11:02:41.389+0000][gc,phases   ] GC(212)   Evacuate Collection Set: 9.7ms
[2026-01-28T11:02:41.389+0000][gc,phases   ] GC(212)   Post Evacuate Collection Set: 0.7ms
[2026-01-28T11:02:41.389+0000][gc,phases   ] GC(212)   Other: 0.2ms
[2026-01-28T11:02:41.389+0000][gc,heap     ] GC(212) Eden regions: 609->0(607)
[2026-01-28T11:02:41.389+0000][gc,heap     ] GC(212) Survivor regions: 5->7(77)
[2026-01-28T11:02:41.389+0000][gc,heap     ] GC(212) Old regions: 75->76
[2026-01-28T11:02:41.389+0000][gc,heap     ] GC(212) Humongous regions: 1->1
[2026-01-28T11:02:41.389+0000][gc,metaspace] GC(212) Metaspace: 12348K(12800K)->12348K(12800K) NonClass: 11204K(11392K)->11204K(11392K) Class: 1144K(1408K)->1144K(1408K)
[2026-01-28T11:02:41.389+0000][gc          ] GC(212) Pause Young (Normal) (G1 Evacuation Pause) 689M->82M(1024M) 13.188ms
[2026-01-28T11:02:41.389+0000][gc,cpu      ] GC(212) User=0.10s Sys=0.00s Real=0.01s
[2026-01-28T11:02:54.264+0000][gc,start    ] GC(213) Pause Young (Normal) (G1 Evacuation Pause)
[2026-01-28T11:02:54.265+0000][gc,task     ] GC(213) Using 10 workers of 10 for evacuation
[2026-01-28T11:02:54.276+0000][gc,phases   ] GC(213)   Pre Evacuate Collection Set: 0.9ms
[2026-01-28T11:02:54.276+0000][gc,phases   ] GC(213)   Merge Heap Roots: 0.3ms
[2026-01-28T11:02:54.276+0000][gc,phases   ] GC(213)   Evacuate Collection Set: 8.2ms
[2026-01-28T11:02:54.276+0000][gc,phases   ] GC(213)   Post Evacuate Collection Set: 1.4ms
[2026-01-28T11:02:54.277+0000][gc,phases   ] GC(213)   Other: 0.1ms
[2026-01-28T11:02:54.277+0000][gc,heap     ] GC(213) Eden regions: 607->0(609)
[2026-01-28T11:02:54.277+0000][gc,heap     ] GC(213) Survivor regions: 7->5(77)
[2026-01-28T11:02:54.277+0000][gc,heap     ] GC(213) Old regions: 76->76
[2026-01-28T11:02:54.277+0000][gc,heap     ] GC(213) Humongous regions: 1->1
[2026-01-28T11:02:54.277+0000][gc,metaspace] GC(213) Metaspace: 12348K(12800K)->12348K(12800K) NonClass: 11204K(11392K)->11204K(11392K) Class: 1144K(1408K)->1144K(1408K)
[2026-01-28T11:02:54.277+0000][gc          ] GC(213) Pause Young (Normal) (G1 Evacuation Pause) 689M->81M(1024M) 12.814ms
[2026-01-28T11:02:54.277+0000][gc,cpu      ] GC(213) User=0.09s Sys=0.00s Real=0.01s
[2026-01-28T11:03:07.863+0000][gc,start    ] GC(214) Pause Young (Normal) (G1 Evacuation Pause)
[2026-01-28T11:03:07.864+0000][gc,task     ] GC(214) Using 10 workers of 10 for evacuation
[2026-01-28T11:03:07.887+0000][gc,phases   ] GC(214)   Pre Evacuate Collection Set: 1.3ms
[2026-01-28T11:03:07.887+0000][gc,phases   ] GC(214)   Merge Heap Roots: 0.3ms
[2026-01-28T11:03:07.887+0000][gc,phases   ] GC(214)   Evacuate Collection Set: 19.6ms
[2026-01-28T11:03:07.887+0000][gc,phases   ] GC(214)   Post Evacuate Collection Set: 1.8ms
[2026-01-28T11:03:07.887+0000][gc,phases   ] GC(214)   Other: 0.3ms
[2026-01-28T11:03:07.887+0000][gc,heap     ] GC(214) Eden regions: 609->0(609)
[2026-01-28T11:03:07.887+0000][gc,heap     ] GC(214) Survivor regions: 5->5(77)
[2026-01-28T11:03:07.887+0000][gc,heap     ] GC(214) Old regions: 76->76
[2026-01-28T11:03:07.888+0000][gc,heap     ] GC(214) Humongous regions: 1->1
[2026-01-28T11:03:07.888+0000][gc,metaspace] GC(214) Metaspace: 12349K(12800K)->12349K(12800K) NonClass: 11204K(11392K)->11204K(11392K) Class: 1144K(1408K)->1144K(1408K)
[2026-01-28T11:03:07.888+0000][gc          ] GC(214) Pause Young (Normal) (G1 Evacuation Pause) 690M->81M(1024M) 24.463ms
[2026-01-28T11:03:07.888+0000][gc,cpu      ] GC(214) User=0.21s Sys=0.00s Real=0.02s
[2026-01-28T11:03:21.286+0000][gc,start    ] GC(215) Pause Young (Normal) (G1 Evacuation Pause)
[2026-01-28T11:03:21.287+0000][gc,task     ] GC(215) Using 10 workers of 10 for evacuation
[2026-01-28T11:03:21.297+0000][gc,phases   ] GC(215)   Pre Evacuate Collection Set: 0.8ms
[2026-01-28T11:03:21.297+0000][gc,phases   ] GC(215)   Merge Heap Roots: 0.3ms
[2026-01-28T11:03:21.297+0000][gc,phases   ] GC(215)   Evacuate Collection Set: 7.4ms
[2026-01-28T11:03:21.297+0000][gc,phases   ] GC(215)   Post Evacuate Collection Set: 0.8ms
[2026-01-28T11:03:21.297+0000][gc,phases   ] GC(215)   Other: 0.2ms
[2026-01-28T11:03:21.297+0000][gc,heap     ] GC(215) Eden regions: 609->0(609)
[2026-01-28T11:03:21.297+0000][gc,heap     ] GC(215) Survivor regions: 5->5(77)
[2026-01-28T11:03:21.297+0000][gc,heap     ] GC(215) Old regions: 76->77
[2026-01-28T11:03:21.297+0000][gc,heap     ] GC(215) Humongous regions: 1->1
[2026-01-28T11:03:21.297+0000][gc,metaspace] GC(215) Metaspace: 12349K(12800K)->12349K(12800K) NonClass: 11204K(11392K)->11204K(11392K) Class: 1144K(1408K)->1144K(1408K)
[2026-01-28T11:03:21.297+0000][gc          ] GC(215) Pause Young (Normal) (G1 Evacuation Pause) 690M->82M(1024M) 11.056ms
[2026-01-28T11:03:21.297+0000][gc,cpu      ] GC(215) User=0.09s Sys=0.00s Real=0.01s
[2026-01-28T11:03:32.363+0000][gc,start    ] GC(216) Pause Young (Normal) (G1 Evacuation Pause)
[2026-01-28T11:03:32.364+0000][gc,task     ] GC(216) Using 10 workers of 10 for evacuation
[2026-01-28T11:03:32.371+0000][gc,phases   ] GC(216)   Pre Evacuate Collection Set: 0.9ms
[2026-01-28T11:03:32.371+0000][gc,phases   ] GC(216)   Merge Heap Roots: 0.3ms
[2026-01-28T11:03:32.371+0000][gc,phases   ] GC(216)   Evacuate Collection Set: 4.8ms
[2026-01-28T11:03:32.371+0000][gc,phases   ] GC(216)   Post Evacuate Collection Set: 0.8ms
[2026-01-28T11:03:32.371+0000][gc,phases   ] GC(216)   Other: 0.2ms
[2026-01-28T11:03:32.371+0000][gc,heap     ] GC(216) Eden regions: 609->0(609)
[2026-01-28T11:03:32.371+0000][gc,heap     ] GC(216) Survivor regions: 5->5(77)
[2026-01-28T11:03:32.371+0000][gc,heap     ] GC(216) Old regions: 77->77
[2026-01-28T11:03:32.371+0000][gc,heap     ] GC(216) Humongous regions: 1->1
[2026-01-28T11:03:32.371+0000][gc,metaspace] GC(216) Metaspace: 12349K(12800K)->12349K(12800K) NonClass: 11204K(11392K)->11204K(11392K) Class: 1144K(1408K)->1144K(1408K)
[2026-01-28T11:03:32.371+0000][gc          ] GC(216) Pause Young (Normal) (G1 Evacuation Pause) 691M->82M(1024M) 8.590ms
[2026-01-28T11:03:32.372+0000][gc,cpu      ] GC(216) User=0.06s Sys=0.00s Real=0.00s
[2026-01-28T11:03:46.059+0000][gc,start    ] GC(217) Pause Young (Normal) (G1 Evacuation Pause)
[2026-01-28T11:03:46.060+0000][gc,task     ] GC(217) Using 10 workers of 10 for evacuation
[2026-01-28T11:03:46.071+0000][gc,phases   ] GC(217)   Pre Evacuate Collection Set: 1.1ms
[2026-01-28T11:03:46.072+0000][gc,phases   ] GC(217)   Merge Heap Roots: 0.3ms
[2026-01-28T11:03:46.072+0000][gc,phases   ] GC(217)   Evacuate Collection Set: 8.9ms
[2026-01-28T11:03:46.072+0000][gc,phases   ] GC(217)   Post Evacuate Collection Set: 1.0ms
[2026-01-28T11:03:46.072+0000][gc,phases   ] GC(217)   Other: 0.2ms
[2026-01-28T11:03:46.072+0000][gc,heap     ] GC(217) Eden regions: 609->0(609)
[2026-01-28T11:03:46.072+0000][gc,heap     ] GC(217) Survivor regions: 5->5(77)
[2026-01-28T11:03:46.072+0000][gc,heap     ] GC(217) Old regions: 77->77
[2026-01-28T11:03:46.072+0000][gc,heap     ] GC(217) Humongous regions: 1->1
[2026-01-28T11:03:46.072+0000][gc,metaspace] GC(217) Metaspace: 12349K(12800K)->12349K(12800K) NonClass: 11204K(11392K)->11204K(11392K) Class: 1144K(1408K)->1144K(1408K)
[2026-01-28T11:03:46.072+0000][gc          ] GC(217) Pause Young (Normal) (G1 Evacuation Pause) 691M->82M(1024M) 13.140ms
[2026-01-28T11:03:46.072+0000][gc,cpu      ] GC(217) User=0.09s Sys=0.01s Real=0.01s
[2026-01-28T11:03:59.763+0000][gc,start    ] GC(218) Pause Young (Normal) (G1 Evacuation Pause)
[2026-01-28T11:03:59.764+0000][gc,task     ] GC(218) Using 10 workers of 10 for evacuation
[2026-01-28T11:03:59.774+0000][gc,phases   ] GC(218)   Pre Evacuate Collection Set: 1.0ms
[2026-01-28T11:03:59.774+0000][gc,phases   ] GC(218)   Merge Heap Roots: 0.4ms
[2026-01-28T11:03:59.774+0000][gc,phases   ] GC(218)   Evacuate Collection Set: 7.5ms
[2026-01-28T11:03:59.774+0000][gc,phases   ] GC(218)   Post Evacuate Collection Set: 1.0ms
[2026-01-28T11:03:59.774+0000][gc,phases   ] GC(218)   Other: 0.2ms
[2026-01-28T11:03:59.774+0000][gc,heap     ] GC(218) Eden regions: 609->0(609)
[2026-01-28T11:03:59.774+0000][gc,heap     ] GC(218) Survivor regions: 5->5(77)
[2026-01-28T11:03:59.774+0000][gc,heap     ] GC(218) Old regions: 77->78
[2026-01-28T11:03:59.774+0000][gc,heap     ] GC(218) Humongous regions: 1->1
[2026-01-28T11:03:59.774+0000][gc,metaspace] GC(218) Metaspace: 12349K(12800K)->12349K(12800K) NonClass: 11204K(11392K)->11204K(11392K) Class: 1144K(1408K)->1144K(1408K)
[2026-01-28T11:03:59.775+0000][gc          ] GC(218) Pause Young (Normal) (G1 Evacuation Pause) 691M->82M(1024M) 11.609ms
[2026-01-28T11:03:59.775+0000][gc,cpu      ] GC(218) User=0.09s Sys=0.00s Real=0.01s
[2026-01-28T11:04:11.449+0000][gc,start    ] GC(219) Pause Young (Normal) (G1 Evacuation Pause)
[2026-01-28T11:04:11.449+0000][gc,task     ] GC(219) Using 10 workers of 10 for evacuation
[2026-01-28T11:04:11.470+0000][gc,phases   ] GC(219)   Pre Evacuate Collection Set: 1.1ms
[2026-01-28T11:04:11.470+0000][gc,phases   ] GC(219)   Merge Heap Roots: 0.7ms
[2026-01-28T11:04:11.470+0000][gc,phases   ] GC(219)   Evacuate Collection Set: 16.4ms
[2026-01-28T11:04:11.470+0000][gc,phases   ] GC(219)   Post Evacuate Collection Set: 2.4ms
[2026-01-28T11:04:11.470+0000][gc,phases   ] GC(219)   Other: 0.2ms
[2026-01-28T11:04:11.470+0000][gc,heap     ] GC(219) Eden regions: 609->0(607)
[2026-01-28T11:04:11.470+0000][gc,heap     ] GC(219) Survivor regions: 5->7(77)
[2026-01-28T11:04:11.470+0000][gc,heap     ] GC(219) Old regions: 78->78
[2026-01-28T11:04:11.471+0000][gc,heap     ] GC(219) Humongous regions: 1->1
[2026-01-28T11:04:11.471+0000][gc,metaspace] GC(219) Metaspace: 12350K(12800K)->12350K(12800K) NonClass: 11205K(11392K)->11205K(11392K) Class: 1144K(1408K)->1144K(1408K)
[2026-01-28T11:04:11.471+0000][gc          ] GC(219) Pause Young (Normal) (G1 Evacuation Pause) 691M->85M(1024M) 21.872ms
[2026-01-28T11:04:11.471+0000][gc,cpu      ] GC(219) User=0.18s Sys=0.00s Real=0.03s
[2026-01-28T11:04:24.151+0000][gc,start    ] GC(220) Pause Young (Normal) (G1 Evacuation Pause)
[2026-01-28T11:04:24.151+0000][gc,task     ] GC(220) Using 10 workers of 10 for evacuation
[2026-01-28T11:04:24.159+0000][gc,phases   ] GC(220)   Pre Evacuate Collection Set: 0.9ms
[2026-01-28T11:04:24.159+0000][gc,phases   ] GC(220)   Merge Heap Roots: 0.3ms
[2026-01-28T11:04:24.159+0000][gc,phases   ] GC(220)   Evacuate Collection Set: 5.9ms
[2026-01-28T11:04:24.159+0000][gc,phases   ] GC(220)   Post Evacuate Collection Set: 0.8ms
[2026-01-28T11:04:24.159+0000][gc,phases   ] GC(220)   Other: 0.1ms
[2026-01-28T11:04:24.159+0000][gc,heap     ] GC(220) Eden regions: 607->0(609)
[2026-01-28T11:04:24.159+0000][gc,heap     ] GC(220) Survivor regions: 7->5(77)
[2026-01-28T11:04:24.159+0000][gc,heap     ] GC(220) Old regions: 78->78
[2026-01-28T11:04:24.159+0000][gc,heap     ] GC(220) Humongous regions: 1->1
[2026-01-28T11:04:24.159+0000][gc,metaspace] GC(220) Metaspace: 12350K(12800K)->12350K(12800K) NonClass: 11205K(11392K)->11205K(11392K) Class: 1144K(1408K)->1144K(1408K)
[2026-01-28T11:04:24.159+0000][gc          ] GC(220) Pause Young (Normal) (G1 Evacuation Pause) 692M->83M(1024M) 8.796ms
[2026-01-28T11:04:24.160+0000][gc,cpu      ] GC(220) User=0.06s Sys=0.00s Real=0.01s
[2026-01-28T11:04:37.545+0000][gc,start    ] GC(221) Pause Young (Normal) (G1 Evacuation Pause)
[2026-01-28T11:04:37.546+0000][gc,task     ] GC(221) Using 10 workers of 10 for evacuation
[2026-01-28T11:04:37.562+0000][gc,phases   ] GC(221)   Pre Evacuate Collection Set: 1.0ms
[2026-01-28T11:04:37.562+0000][gc,phases   ] GC(221)   Merge Heap Roots: 0.3ms
[2026-01-28T11:04:37.562+0000][gc,phases   ] GC(221)   Evacuate Collection Set: 12.1ms
[2026-01-28T11:04:37.562+0000][gc,phases   ] GC(221)   Post Evacuate Collection Set: 1.8ms
[2026-01-28T11:04:37.562+0000][gc,phases   ] GC(221)   Other: 0.3ms
[2026-01-28T11:04:37.562+0000][gc,heap     ] GC(221) Eden regions: 609->0(609)
[2026-01-28T11:04:37.562+0000][gc,heap     ] GC(221) Survivor regions: 5->5(77)
[2026-01-28T11:04:37.562+0000][gc,heap     ] GC(221) Old regions: 78->79
[2026-01-28T11:04:37.562+0000][gc,heap     ] GC(221) Humongous regions: 1->1
[2026-01-28T11:04:37.562+0000][gc,metaspace] GC(221) Metaspace: 12351K(12800K)->12351K(12800K) NonClass: 11206K(11392K)->11206K(11392K) Class: 1144K(1408K)->1144K(1408K)
[2026-01-28T11:04:37.562+0000][gc          ] GC(221) Pause Young (Normal) (G1 Evacuation Pause) 692M->83M(1024M) 16.766ms
[2026-01-28T11:04:37.562+0000][gc,cpu      ] GC(221) User=0.14s Sys=0.00s Real=0.01s
[2026-01-28T11:04:51.263+0000][gc,start    ] GC(222) Pause Young (Normal) (G1 Evacuation Pause)
[2026-01-28T11:04:51.264+0000][gc,task     ] GC(222) Using 10 workers of 10 for evacuation
[2026-01-28T11:04:51.276+0000][gc,phases   ] GC(222)   Pre Evacuate Collection Set: 0.8ms
[2026-01-28T11:04:51.276+0000][gc,phases   ] GC(222)   Merge Heap Roots: 0.3ms
[2026-01-28T11:04:51.276+0000][gc,phases   ] GC(222)   Evacuate Collection Set: 9.1ms
[2026-01-28T11:04:51.276+0000][gc,phases   ] GC(222)   Post Evacuate Collection Set: 1.2ms
[2026-01-28T11:04:51.276+0000][gc,phases   ] GC(222)   Other: 0.2ms
[2026-01-28T11:04:51.276+0000][gc,heap     ] GC(222) Eden regions: 609->0(608)
[2026-01-28T11:04:51.276+0000][gc,heap     ] GC(222) Survivor regions: 5->6(77)
[2026-01-28T11:04:51.276+0000][gc,heap     ] GC(222) Old regions: 79->79
[2026-01-28T11:04:51.276+0000][gc,heap     ] GC(222) Humongous regions: 1->1
[2026-01-28T11:04:51.276+0000][gc,metaspace] GC(222) Metaspace: 12368K(12864K)->12368K(12864K) NonClass: 11224K(11456K)->11224K(11456K) Class: 1144K(1408K)->1144K(1408K)
[2026-01-28T11:04:51.277+0000][gc          ] GC(222) Pause Young (Normal) (G1 Evacuation Pause) 692M->84M(1024M) 13.158ms
[2026-01-28T11:04:51.277+0000][gc,cpu      ] GC(222) User=0.11s Sys=0.00s Real=0.02s
[2026-01-28T11:05:02.027+0000][gc,start    ] GC(223) Pause Young (Normal) (G1 Evacuation Pause)
[2026-01-28T11:05:02.027+0000][gc,task     ] GC(223) Using 10 workers of 10 for evacuation
[2026-01-28T11:05:02.040+0000][gc,phases   ] GC(223)   Pre Evacuate Collection Set: 0.9ms
[2026-01-28T11:05:02.040+0000][gc,phases   ] GC(223)   Merge Heap Roots: 0.3ms
[2026-01-28T11:05:02.040+0000][gc,phases   ] GC(223)   Evacuate Collection Set: 9.7ms
[2026-01-28T11:05:02.040+0000][gc,phases   ] GC(223)   Post Evacuate Collection Set: 1.7ms
[2026-01-28T11:05:02.041+0000][gc,phases   ] GC(223)   Other: 0.2ms
[2026-01-28T11:05:02.041+0000][gc,heap     ] GC(223) Eden regions: 608->0(609)
[2026-01-28T11:05:02.041+0000][gc,heap     ] GC(223) Survivor regions: 6->5(77)
[2026-01-28T11:05:02.041+0000][gc,heap     ] GC(223) Old regions: 79->79
[2026-01-28T11:05:02.041+0000][gc,heap     ] GC(223) Humongous regions: 1->1
[2026-01-28T11:05:02.041+0000][gc,metaspace] GC(223) Metaspace: 12375K(12864K)->12375K(12864K) NonClass: 11230K(11456K)->11230K(11456K) Class: 1144K(1408K)->1144K(1408K)
[2026-01-28T11:05:02.041+0000][gc          ] GC(223) Pause Young (Normal) (G1 Evacuation Pause) 692M->84M(1024M) 13.748ms
[2026-01-28T11:05:02.041+0000][gc,cpu      ] GC(223) User=0.11s Sys=0.00s Real=0.01s
[2026-01-28T11:05:15.220+0000][gc,start    ] GC(224) Pause Young (Normal) (G1 Evacuation Pause)
[2026-01-28T11:05:15.221+0000][gc,task     ] GC(224) Using 10 workers of 10 for evacuation
[2026-01-28T11:05:15.242+0000][gc,phases   ] GC(224)   Pre Evacuate Collection Set: 3.3ms
[2026-01-28T11:05:15.242+0000][gc,phases   ] GC(224)   Merge Heap Roots: 1.4ms
[2026-01-28T11:05:15.242+0000][gc,phases   ] GC(224)   Evacuate Collection Set: 14.9ms
[2026-01-28T11:05:15.242+0000][gc,phases   ] GC(224)   Post Evacuate Collection Set: 0.9ms
[2026-01-28T11:05:15.242+0000][gc,phases   ] GC(224)   Other: 0.6ms
[2026-01-28T11:05:15.242+0000][gc,heap     ] GC(224) Eden regions: 609->0(609)
[2026-01-28T11:05:15.242+0000][gc,heap     ] GC(224) Survivor regions: 5->5(77)
[2026-01-28T11:05:15.242+0000][gc,heap     ] GC(224) Old regions: 79->80
[2026-01-28T11:05:15.242+0000][gc,heap     ] GC(224) Humongous regions: 1->1
[2026-01-28T11:05:15.242+0000][gc,metaspace] GC(224) Metaspace: 12375K(12864K)->12375K(12864K) NonClass: 11230K(11456K)->11230K(11456K) Class: 1144K(1408K)->1144K(1408K)
[2026-01-28T11:05:15.243+0000][gc          ] GC(224) Pause Young (Normal) (G1 Evacuation Pause) 693M->84M(1024M) 22.168ms
[2026-01-28T11:05:15.243+0000][gc,cpu      ] GC(224) User=0.18s Sys=0.00s Real=0.02s
[2026-01-28T11:05:28.715+0000][gc,start    ] GC(225) Pause Young (Normal) (G1 Evacuation Pause)
[2026-01-28T11:05:28.716+0000][gc,task     ] GC(225) Using 10 workers of 10 for evacuation
[2026-01-28T11:05:28.725+0000][gc,phases   ] GC(225)   Pre Evacuate Collection Set: 1.0ms
[2026-01-28T11:05:28.725+0000][gc,phases   ] GC(225)   Merge Heap Roots: 0.3ms
[2026-01-28T11:05:28.725+0000][gc,phases   ] GC(225)   Evacuate Collection Set: 6.7ms
[2026-01-28T11:05:28.725+0000][gc,phases   ] GC(225)   Post Evacuate Collection Set: 0.9ms
[2026-01-28T11:05:28.726+0000][gc,phases   ] GC(225)   Other: 0.3ms
[2026-01-28T11:05:28.726+0000][gc,heap     ] GC(225) Eden regions: 609->0(609)
[2026-01-28T11:05:28.726+0000][gc,heap     ] GC(225) Survivor regions: 5->5(77)
[2026-01-28T11:05:28.726+0000][gc,heap     ] GC(225) Old regions: 80->80
[2026-01-28T11:05:28.726+0000][gc,heap     ] GC(225) Humongous regions: 1->1
[2026-01-28T11:05:28.726+0000][gc,metaspace] GC(225) Metaspace: 12375K(12864K)->12375K(12864K) NonClass: 11230K(11456K)->11230K(11456K) Class: 1144K(1408K)->1144K(1408K)
[2026-01-28T11:05:28.726+0000][gc          ] GC(225) Pause Young (Normal) (G1 Evacuation Pause) 693M->85M(1024M) 10.637ms
[2026-01-28T11:05:28.726+0000][gc,cpu      ] GC(225) User=0.07s Sys=0.00s Real=0.01s
[2026-01-28T11:05:41.350+0000][gc,start    ] GC(226) Pause Young (Normal) (G1 Evacuation Pause)
[2026-01-28T11:05:41.351+0000][gc,task     ] GC(226) Using 10 workers of 10 for evacuation
[2026-01-28T11:05:41.366+0000][gc,phases   ] GC(226)   Pre Evacuate Collection Set: 0.8ms
[2026-01-28T11:05:41.366+0000][gc,phases   ] GC(226)   Merge Heap Roots: 0.3ms
[2026-01-28T11:05:41.366+0000][gc,phases   ] GC(226)   Evacuate Collection Set: 12.3ms
[2026-01-28T11:05:41.366+0000][gc,phases   ] GC(226)   Post Evacuate Collection Set: 1.7ms
[2026-01-28T11:05:41.366+0000][gc,phases   ] GC(226)   Other: 0.2ms
[2026-01-28T11:05:41.366+0000][gc,heap     ] GC(226) Eden regions: 609->0(608)
[2026-01-28T11:05:41.366+0000][gc,heap     ] GC(226) Survivor regions: 5->6(77)
[2026-01-28T11:05:41.366+0000][gc,heap     ] GC(226) Old regions: 80->80
[2026-01-28T11:05:41.366+0000][gc,heap     ] GC(226) Humongous regions: 1->1
[2026-01-28T11:05:41.366+0000][gc,metaspace] GC(226) Metaspace: 12375K(12864K)->12375K(12864K) NonClass: 11230K(11456K)->11230K(11456K) Class: 1144K(1408K)->1144K(1408K)
[2026-01-28T11:05:41.367+0000][gc          ] GC(226) Pause Young (Normal) (G1 Evacuation Pause) 694M->86M(1024M) 16.826ms
[2026-01-28T11:05:41.367+0000][gc,cpu      ] GC(226) User=0.14s Sys=0.00s Real=0.02s
[2026-01-28T11:05:53.597+0000][gc,start    ] GC(227) Pause Young (Normal) (G1 Evacuation Pause)
[2026-01-28T11:05:53.597+0000][gc,task     ] GC(227) Using 10 workers of 10 for evacuation
[2026-01-28T11:05:53.609+0000][gc,phases   ] GC(227)   Pre Evacuate Collection Set: 1.7ms
[2026-01-28T11:05:53.609+0000][gc,phases   ] GC(227)   Merge Heap Roots: 0.8ms
[2026-01-28T11:05:53.609+0000][gc,phases   ] GC(227)   Evacuate Collection Set: 8.0ms
[2026-01-28T11:05:53.609+0000][gc,phases   ] GC(227)   Post Evacuate Collection Set: 0.9ms
[2026-01-28T11:05:53.609+0000][gc,phases   ] GC(227)   Other: 0.3ms
[2026-01-28T11:05:53.609+0000][gc,heap     ] GC(227) Eden regions: 608->0(609)
[2026-01-28T11:05:53.609+0000][gc,heap     ] GC(227) Survivor regions: 6->5(77)
[2026-01-28T11:05:53.609+0000][gc,heap     ] GC(227) Old regions: 80->80
[2026-01-28T11:05:53.609+0000][gc,heap     ] GC(227) Humongous regions: 1->1
[2026-01-28T11:05:53.609+0000][gc,metaspace] GC(227) Metaspace: 12375K(12864K)->12375K(12864K) NonClass: 11230K(11456K)->11230K(11456K) Class: 1144K(1408K)->1144K(1408K)
[2026-01-28T11:05:53.609+0000][gc          ] GC(227) Pause Young (Normal) (G1 Evacuation Pause) 694M->85M(1024M) 12.578ms
[2026-01-28T11:05:53.609+0000][gc,cpu      ] GC(227) User=0.10s Sys=0.01s Real=0.01s
[2026-01-28T11:06:06.781+0000][gc,start    ] GC(228) Pause Young (Normal) (G1 Evacuation Pause)
[2026-01-28T11:06:06.782+0000][gc,task     ] GC(228) Using 10 workers of 10 for evacuation
[2026-01-28T11:06:06.792+0000][gc,phases   ] GC(228)   Pre Evacuate Collection Set: 0.8ms
[2026-01-28T11:06:06.792+0000][gc,phases   ] GC(228)   Merge Heap Roots: 0.3ms
[2026-01-28T11:06:06.792+0000][gc,phases   ] GC(228)   Evacuate Collection Set: 7.4ms
[2026-01-28T11:06:06.792+0000][gc,phases   ] GC(228)   Post Evacuate Collection Set: 1.1ms
[2026-01-28T11:06:06.792+0000][gc,phases   ] GC(228)   Other: 0.4ms
[2026-01-28T11:06:06.792+0000][gc,heap     ] GC(228) Eden regions: 609->0(609)
[2026-01-28T11:06:06.792+0000][gc,heap     ] GC(228) Survivor regions: 5->5(77)
[2026-01-28T11:06:06.792+0000][gc,heap     ] GC(228) Old regions: 80->81
[2026-01-28T11:06:06.792+0000][gc,heap     ] GC(228) Humongous regions: 1->1
[2026-01-28T11:06:06.792+0000][gc,metaspace] GC(228) Metaspace: 12375K(12864K)->12375K(12864K) NonClass: 11230K(11456K)->11230K(11456K) Class: 1144K(1408K)->1144K(1408K)
[2026-01-28T11:06:06.792+0000][gc          ] GC(228) Pause Young (Normal) (G1 Evacuation Pause) 694M->86M(1024M) 11.706ms
[2026-01-28T11:06:06.792+0000][gc,cpu      ] GC(228) User=0.09s Sys=0.00s Real=0.01s
[2026-01-28T11:06:20.344+0000][gc,start    ] GC(229) Pause Young (Normal) (G1 Evacuation Pause)
[2026-01-28T11:06:20.345+0000][gc,task     ] GC(229) Using 10 workers of 10 for evacuation
[2026-01-28T11:06:20.355+0000][gc,phases   ] GC(229)   Pre Evacuate Collection Set: 0.8ms
[2026-01-28T11:06:20.355+0000][gc,phases   ] GC(229)   Merge Heap Roots: 0.3ms
[2026-01-28T11:06:20.355+0000][gc,phases   ] GC(229)   Evacuate Collection Set: 7.0ms
[2026-01-28T11:06:20.355+0000][gc,phases   ] GC(229)   Post Evacuate Collection Set: 1.0ms
[2026-01-28T11:06:20.355+0000][gc,phases   ] GC(229)   Other: 0.3ms
[2026-01-28T11:06:20.355+0000][gc,heap     ] GC(229) Eden regions: 609->0(609)
[2026-01-28T11:06:20.355+0000][gc,heap     ] GC(229) Survivor regions: 5->5(77)
[2026-01-28T11:06:20.355+0000][gc,heap     ] GC(229) Old regions: 81->81
[2026-01-28T11:06:20.355+0000][gc,heap     ] GC(229) Humongous regions: 1->1
[2026-01-28T11:06:20.355+0000][gc,metaspace] GC(229) Metaspace: 12376K(12864K)->12376K(12864K) NonClass: 11231K(11456K)->11231K(11456K) Class: 1144K(1408K)->1144K(1408K)
[2026-01-28T11:06:20.355+0000][gc          ] GC(229) Pause Young (Normal) (G1 Evacuation Pause) 695M->86M(1024M) 11.035ms
[2026-01-28T11:06:20.355+0000][gc,cpu      ] GC(229) User=0.08s Sys=0.01s Real=0.01s
