[2026-01-28T11:09:36.112+0000][gc,init] CardTable entry size: 512
[2026-01-28T11:09:36.113+0000][gc     ] Using G1
[2026-01-28T11:09:36.117+0000][gc,init] Version: 21.0.4+7-LTS (release)
[2026-01-28T11:09:36.118+0000][gc,init] CPUs: 12 total, 12 available
[2026-01-28T11:09:36.118+0000][gc,init] Memory: 7837M
[2026-01-28T11:09:36.119+0000][gc,init] Large Page Support: Disabled
[2026-01-28T11:09:36.119+0000][gc,init] NUMA Support: Disabled
[2026-01-28T11:09:36.119+0000][gc,init] Compressed Oops: Enabled (32-bit)
[2026-01-28T11:09:36.119+0000][gc,init] Heap Region Size: 1M
[2026-01-28T11:09:36.119+0000][gc,init] Heap Min Capacity: 1G
[2026-01-28T11:09:36.119+0000][gc,init] Heap Initial Capacity: 1G
[2026-01-28T11:09:36.119+0000][gc,init] Heap Max Capacity: 1G
[2026-01-28T11:09:36.119+0000][gc,init] Pre-touch: Disabled
[2026-01-28T11:09:36.120+0000][gc,init] Parallel Workers: 10
[2026-01-28T11:09:36.120+0000][gc,init] Concurrent Workers: 3
[2026-01-28T11:09:36.120+0000][gc,init] Concurrent Refinement Workers: 10
[2026-01-28T11:09:36.121+0000][gc,init] Periodic GC: Disabled
[2026-01-28T11:09:36.164+0000][gc,metaspace] CDS archive(s) mapped at: [0x0000000300000000-0x0000000300bd0000-0x00000003036b0000), size 57344000, SharedBaseAddress: 0x0000000300000000, ArchiveRelocationMode: 1.
[2026-01-28T11:09:36.165+0000][gc,metaspace] Compressed class space mapped at: 0x0000000304000000-0x0000000344000000, reserved size: 1073741824
[2026-01-28T11:09:36.165+0000][gc,metaspace] Narrow klass base: 0x0000000300000000, Narrow klass shift: 0, Narrow klass range: 0x100000000
[2026-01-28T11:09:37.120+0000][gc,start    ] GC(0) Pause Young (Normal) (G1 Evacuation Pause)
[2026-01-28T11:09:37.123+0000][gc,task     ] GC(0) Using 10 workers of 10 for evacuation
[2026-01-28T11:09:37.139+0000][gc,phases   ] GC(0)   Pre Evacuate Collection Set: 0.3ms
[2026-01-28T11:09:37.140+0000][gc,phases   ] GC(0)   Merge Heap Roots: 0.0ms
[2026-01-28T11:09:37.140+0000][gc,phases   ] GC(0)   Evacuate Collection Set: 14.2ms
[2026-01-28T11:09:37.140+0000][gc,phases   ] GC(0)   Post Evacuate Collection Set: 1.0ms
[2026-01-28T11:09:37.140+0000][gc,phases   ] GC(0)   Other: 3.2ms
[2026-01-28T11:09:37.140+0000][gc,heap     ] GC(0) Eden regions: 51->0(44)
[2026-01-28T11:09:37.140+0000][gc,heap     ] GC(0) Survivor regions: 0->7(7)
[2026-01-28T11:09:37.140+0000][gc,heap     ] GC(0) Old regions: 1->7
[2026-01-28T11:09:37.140+0000][gc,heap     ] GC(0) Humongous regions: 1->1
[2026-01-28T11:09:37.140+0000][gc,metaspace] GC(0) Metaspace: 5486K(5696K)->5486K(5696K) NonClass: 4840K(4992K)->4840K(4992K) Class: 645K(704K)->645K(704K)
[2026-01-28T11:09:37.140+0000][gc          ] GC(0) Pause Young (Normal) (G1 Evacuation Pause) 52M->14M(1024M) 20.684ms
[2026-01-28T11:09:37.141+0000][gc,cpu      ] GC(0) User=0.03s Sys=0.02s Real=0.02s
[2026-01-28T11:09:48.193+0000][gc,start    ] GC(1) Pause Young (Normal) (G1 Evacuation Pause)
[2026-01-28T11:09:48.193+0000][gc,task     ] GC(1) Using 10 workers of 10 for evacuation
[2026-01-28T11:09:48.202+0000][gc,phases   ] GC(1)   Pre Evacuate Collection Set: 0.7ms
[2026-01-28T11:09:48.202+0000][gc,phases   ] GC(1)   Merge Heap Roots: 0.2ms
[2026-01-28T11:09:48.202+0000][gc,phases   ] GC(1)   Evacuate Collection Set: 6.8ms
[2026-01-28T11:09:48.202+0000][gc,phases   ] GC(1)   Post Evacuate Collection Set: 0.8ms
[2026-01-28T11:09:48.202+0000][gc,phases   ] GC(1)   Other: 0.2ms
[2026-01-28T11:09:48.202+0000][gc,heap     ] GC(1) Eden regions: 44->0(47)
[2026-01-28T11:09:48.202+0000][gc,heap     ] GC(1) Survivor regions: 7->5(7)
[2026-01-28T11:09:48.202+0000][gc,heap     ] GC(1) Old regions: 7->15
[2026-01-28T11:09:48.203+0000][gc,heap     ] GC(1) Humongous regions: 136->130
[2026-01-28T11:09:48.203+0000][gc,metaspace] GC(1) Metaspace: 8560K(8832K)->8560K(8832K) NonClass: 7446K(7616K)->7446K(7616K) Class: 1113K(1216K)->1113K(1216K)
[2026-01-28T11:09:48.203+0000][gc          ] GC(1) Pause Young (Normal) (G1 Evacuation Pause) 193M->149M(1024M) 9.609ms
[2026-01-28T11:09:48.203+0000][gc,cpu      ] GC(1) User=0.05s Sys=0.02s Real=0.01s
[2026-01-28T11:09:48.356+0000][gc,start    ] GC(2) Pause Young (Normal) (G1 Evacuation Pause)
[2026-01-28T11:09:48.356+0000][gc,task     ] GC(2) Using 10 workers of 10 for evacuation
[2026-01-28T11:09:48.359+0000][gc,phases   ] GC(2)   Pre Evacuate Collection Set: 0.2ms
[2026-01-28T11:09:48.359+0000][gc,phases   ] GC(2)   Merge Heap Roots: 0.1ms
[2026-01-28T11:09:48.359+0000][gc,phases   ] GC(2)   Evacuate Collection Set: 2.1ms
[2026-01-28T11:09:48.359+0000][gc,phases   ] GC(2)   Post Evacuate Collection Set: 0.5ms
[2026-01-28T11:09:48.359+0000][gc,phases   ] GC(2)   Other: 0.1ms
[2026-01-28T11:09:48.360+0000][gc,heap     ] GC(2) Eden regions: 53->0(285)
[2026-01-28T11:09:48.360+0000][gc,heap     ] GC(2) Survivor regions: 5->2(8)
[2026-01-28T11:09:48.360+0000][gc,heap     ] GC(2) Old regions: 15->19
[2026-01-28T11:09:48.360+0000][gc,heap     ] GC(2) Humongous regions: 130->130
[2026-01-28T11:09:48.360+0000][gc,metaspace] GC(2) Metaspace: 8891K(9216K)->8891K(9216K) NonClass: 7735K(7936K)->7735K(7936K) Class: 1156K(1280K)->1156K(1280K)
[2026-01-28T11:09:48.360+0000][gc          ] GC(2) Pause Young (Normal) (G1 Evacuation Pause) 202M->150M(1024M) 3.972ms
[2026-01-28T11:09:48.360+0000][gc,cpu      ] GC(2) User=0.02s Sys=0.00s Real=0.01s
[2026-01-28T11:10:02.212+0000][gc,start    ] GC(3) Pause Young (Normal) (G1 Evacuation Pause)
[2026-01-28T11:10:02.213+0000][gc,task     ] GC(3) Using 10 workers of 10 for evacuation
[2026-01-28T11:10:02.228+0000][gc,phases   ] GC(3)   Pre Evacuate Collection Set: 0.7ms
[2026-01-28T11:10:02.228+0000][gc,phases   ] GC(3)   Merge Heap Roots: 0.2ms
[2026-01-28T11:10:02.228+0000][gc,phases   ] GC(3)   Evacuate Collection Set: 13.3ms
[2026-01-28T11:10:02.228+0000][gc,phases   ] GC(3)   Post Evacuate Collection Set: 0.8ms
[2026-01-28T11:10:02.228+0000][gc,phases   ] GC(3)   Other: 0.2ms
[2026-01-28T11:10:02.228+0000][gc,heap     ] GC(3) Eden regions: 300->0(477)
[2026-01-28T11:10:02.228+0000][gc,heap     ] GC(3) Survivor regions: 2->9(38)
[2026-01-28T11:10:02.228+0000][gc,heap     ] GC(3) Old regions: 19->19
[2026-01-28T11:10:02.228+0000][gc,heap     ] GC(3) Humongous regions: 136->130
[2026-01-28T11:10:02.228+0000][gc,metaspace] GC(3) Metaspace: 13264K(13696K)->13264K(13696K) NonClass: 11512K(11712K)->11512K(11712K) Class: 1752K(1984K)->1752K(1984K)
[2026-01-28T11:10:02.228+0000][gc          ] GC(3) Pause Young (Normal) (G1 Evacuation Pause) 456M->157M(1024M) 16.029ms
[2026-01-28T11:10:02.228+0000][gc,cpu      ] GC(3) User=0.12s Sys=0.01s Real=0.02s
