[2026-01-28T11:10:36.590+0000][gc,init] CardTable entry size: 512
[2026-01-28T11:10:36.591+0000][gc     ] Using G1
[2026-01-28T11:10:36.599+0000][gc,init] Version: 21.0.4+7-LTS (release)
[2026-01-28T11:10:36.599+0000][gc,init] CPUs: 12 total, 12 available
[2026-01-28T11:10:36.600+0000][gc,init] Memory: 7837M
[2026-01-28T11:10:36.600+0000][gc,init] Large Page Support: Disabled
[2026-01-28T11:10:36.600+0000][gc,init] NUMA Support: Disabled
[2026-01-28T11:10:36.600+0000][gc,init] Compressed Oops: Enabled (32-bit)
[2026-01-28T11:10:36.600+0000][gc,init] Heap Region Size: 1M
[2026-01-28T11:10:36.600+0000][gc,init] Heap Min Capacity: 1G
[2026-01-28T11:10:36.601+0000][gc,init] Heap Initial Capacity: 1G
[2026-01-28T11:10:36.601+0000][gc,init] Heap Max Capacity: 1G
[2026-01-28T11:10:36.601+0000][gc,init] Pre-touch: Disabled
[2026-01-28T11:10:36.601+0000][gc,init] Parallel Workers: 10
[2026-01-28T11:10:36.601+0000][gc,init] Concurrent Workers: 3
[2026-01-28T11:10:36.601+0000][gc,init] Concurrent Refinement Workers: 10
[2026-01-28T11:10:36.601+0000][gc,init] Periodic GC: Disabled
[2026-01-28T11:10:36.638+0000][gc,metaspace] CDS archive(s) mapped at: [0x0000000400000000-0x0000000400bd0000-0x00000004036b0000), size 57344000, SharedBaseAddress: 0x0000000400000000, ArchiveRelocationMode: 1.
[2026-01-28T11:10:36.638+0000][gc,metaspace] Compressed class space mapped at: 0x0000000404000000-0x0000000444000000, reserved size: 1073741824
[2026-01-28T11:10:36.638+0000][gc,metaspace] Narrow klass base: 0x0000000400000000, Narrow klass shift: 0, Narrow klass range: 0x100000000
[2026-01-28T11:10:37.667+0000][gc,start    ] GC(0) Pause Young (Normal) (G1 Evacuation Pause)
[2026-01-28T11:10:37.672+0000][gc,task     ] GC(0) Using 10 workers of 10 for evacuation
[2026-01-28T11:10:37.684+0000][gc,phases   ] GC(0)   Pre Evacuate Collection Set: 0.2ms
[2026-01-28T11:10:37.684+0000][gc,phases   ] GC(0)   Merge Heap Roots: 1.6ms
[2026-01-28T11:10:37.685+0000][gc,phases   ] GC(0)   Evacuate Collection Set: 8.5ms
[2026-01-28T11:10:37.685+0000][gc,phases   ] GC(0)   Post Evacuate Collection Set: 1.5ms
[2026-01-28T11:10:37.685+0000][gc,phases   ] GC(0)   Other: 5.4ms
[2026-01-28T11:10:37.685+0000][gc,heap     ] GC(0) Eden regions: 51->0(44)
[2026-01-28T11:10:37.685+0000][gc,heap     ] GC(0) Survivor regions: 0->7(7)
[2026-01-28T11:10:37.685+0000][gc,heap     ] GC(0) Old regions: 1->8
[2026-01-28T11:10:37.685+0000][gc,heap     ] GC(0) Humongous regions: 1->1
[2026-01-28T11:10:37.686+0000][gc,metaspace] GC(0) Metaspace: 5539K(5760K)->5539K(5760K) NonClass: 4893K(4992K)->4893K(4992K) Class: 646K(768K)->646K(768K)
[2026-01-28T11:10:37.686+0000][gc          ] GC(0) Pause Young (Normal) (G1 Evacuation Pause) 52M->15M(1024M) 18.773ms
[2026-01-28T11:10:37.686+0000][gc,cpu      ] GC(0) User=0.02s Sys=0.01s Real=0.01s
[2026-01-28T11:10:48.170+0000][gc,start    ] GC(1) Pause Young (Normal) (G1 Evacuation Pause)
[2026-01-28T11:10:48.170+0000][gc,task     ] GC(1) Using 10 workers of 10 for evacuation
[2026-01-28T11:10:48.179+0000][gc,phases   ] GC(1)   Pre Evacuate Collection Set: 0.7ms
[2026-01-28T11:10:48.179+0000][gc,phases   ] GC(1)   Merge Heap Roots: 0.2ms
[2026-01-28T11:10:48.179+0000][gc,phases   ] GC(1)   Evacuate Collection Set: 6.4ms
[2026-01-28T11:10:48.179+0000][gc,phases   ] GC(1)   Post Evacuate Collection Set: 0.8ms
[2026-01-28T11:10:48.179+0000][gc,phases   ] GC(1)   Other: 0.2ms
[2026-01-28T11:10:48.179+0000][gc,heap     ] GC(1) Eden regions: 44->0(47)
[2026-01-28T11:10:48.179+0000][gc,heap     ] GC(1) Survivor regions: 7->5(7)
[2026-01-28T11:10:48.179+0000][gc,heap     ] GC(1) Old regions: 8->15
[2026-01-28T11:10:48.179+0000][gc,heap     ] GC(1) Humongous regions: 136->130
[2026-01-28T11:10:48.179+0000][gc,metaspace] GC(1) Metaspace: 8190K(8448K)->8190K(8448K) NonClass: 7178K(7296K)->7178K(7296K) Class: 1012K(1152K)->1012K(1152K)
[2026-01-28T11:10:48.179+0000][gc          ] GC(1) Pause Young (Normal) (G1 Evacuation Pause) 194M->149M(1024M) 9.287ms
[2026-01-28T11:10:48.179+0000][gc,cpu      ] GC(1) User=0.06s Sys=0.01s Real=0.01s
[2026-01-28T11:10:48.322+0000][gc,start    ] GC(2) Pause Young (Normal) (G1 Evacuation Pause)
[2026-01-28T11:10:48.323+0000][gc,task     ] GC(2) Using 10 workers of 10 for evacuation
[2026-01-28T11:10:48.325+0000][gc,phases   ] GC(2)   Pre Evacuate Collection Set: 0.3ms
[2026-01-28T11:10:48.325+0000][gc,phases   ] GC(2)   Merge Heap Roots: 0.1ms
[2026-01-28T11:10:48.325+0000][gc,phases   ] GC(2)   Evacuate Collection Set: 1.5ms
[2026-01-28T11:10:48.325+0000][gc,phases   ] GC(2)   Post Evacuate Collection Set: 0.4ms
[2026-01-28T11:10:48.325+0000][gc,phases   ] GC(2)   Other: 0.1ms
[2026-01-28T11:10:48.325+0000][gc,heap     ] GC(2) Eden regions: 56->0(251)
[2026-01-28T11:10:48.325+0000][gc,heap     ] GC(2) Survivor regions: 5->6(8)
[2026-01-28T11:10:48.325+0000][gc,heap     ] GC(2) Old regions: 15->15
[2026-01-28T11:10:48.325+0000][gc,heap     ] GC(2) Humongous regions: 130->130
[2026-01-28T11:10:48.325+0000][gc,metaspace] GC(2) Metaspace: 8489K(8832K)->8489K(8832K) NonClass: 7434K(7616K)->7434K(7616K) Class: 1055K(1216K)->1055K(1216K)
[2026-01-28T11:10:48.325+0000][gc          ] GC(2) Pause Young (Normal) (G1 Evacuation Pause) 205M->150M(1024M) 3.075ms
[2026-01-28T11:10:48.325+0000][gc,cpu      ] GC(2) User=0.02s Sys=0.00s Real=0.00s
[2026-01-28T11:11:07.683+0000][gc,start    ] GC(3) Pause Young (Normal) (G1 Evacuation Pause)
[2026-01-28T11:11:07.684+0000][gc,task     ] GC(3) Using 10 workers of 10 for evacuation
[2026-01-28T11:11:07.700+0000][gc,phases   ] GC(3)   Pre Evacuate Collection Set: 1.0ms
[2026-01-28T11:11:07.700+0000][gc,phases   ] GC(3)   Merge Heap Roots: 0.2ms
[2026-01-28T11:11:07.700+0000][gc,phases   ] GC(3)   Evacuate Collection Set: 13.4ms
[2026-01-28T11:11:07.701+0000][gc,phases   ] GC(3)   Post Evacuate Collection Set: 1.5ms
[2026-01-28T11:11:07.701+0000][gc,phases   ] GC(3)   Other: 0.2ms
[2026-01-28T11:11:07.701+0000][gc,heap     ] GC(3) Eden regions: 277->0(606)
[2026-01-28T11:11:07.701+0000][gc,heap     ] GC(3) Survivor regions: 6->8(36)
[2026-01-28T11:11:07.701+0000][gc,heap     ] GC(3) Old regions: 15->15
[2026-01-28T11:11:07.701+0000][gc,heap     ] GC(3) Humongous regions: 130->130
[2026-01-28T11:11:07.701+0000][gc,metaspace] GC(3) Metaspace: 12212K(12544K)->12212K(12544K) NonClass: 10648K(10816K)->10648K(10816K) Class: 1564K(1728K)->1564K(1728K)
[2026-01-28T11:11:07.701+0000][gc          ] GC(3) Pause Young (Normal) (G1 Evacuation Pause) 427M->151M(1024M) 17.981ms
[2026-01-28T11:11:07.701+0000][gc,cpu      ] GC(3) User=0.11s Sys=0.02s Real=0.02s
[2026-01-28T11:11:38.460+0000][gc,start    ] GC(4) Pause Young (Normal) (G1 Evacuation Pause)
[2026-01-28T11:11:38.460+0000][gc,task     ] GC(4) Using 10 workers of 10 for evacuation
[2026-01-28T11:11:38.466+0000][gc,phases   ] GC(4)   Pre Evacuate Collection Set: 0.6ms
[2026-01-28T11:11:38.466+0000][gc,phases   ] GC(4)   Merge Heap Roots: 0.2ms
[2026-01-28T11:11:38.466+0000][gc,phases   ] GC(4)   Evacuate Collection Set: 4.2ms
[2026-01-28T11:11:38.466+0000][gc,phases   ] GC(4)   Post Evacuate Collection Set: 0.9ms
[2026-01-28T11:11:38.466+0000][gc,phases   ] GC(4)   Other: 0.2ms
[2026-01-28T11:11:38.466+0000][gc,heap     ] GC(4) Eden regions: 606->0(603)
[2026-01-28T11:11:38.466+0000][gc,heap     ] GC(4) Survivor regions: 8->11(77)
[2026-01-28T11:11:38.466+0000][gc,heap     ] GC(4) Old regions: 15->15
[2026-01-28T11:11:38.466+0000][gc,heap     ] GC(4) Humongous regions: 130->130
[2026-01-28T11:11:38.466+0000][gc,metaspace] GC(4) Metaspace: 12679K(13056K)->12679K(13056K) NonClass: 11082K(11264K)->11082K(11264K) Class: 1596K(1792K)->1596K(1792K)
[2026-01-28T11:11:38.466+0000][gc          ] GC(4) Pause Young (Normal) (G1 Evacuation Pause) 757M->155M(1024M) 6.463ms
[2026-01-28T11:11:38.466+0000][gc,cpu      ] GC(4) User=0.04s Sys=0.01s Real=0.00s
[2026-01-28T11:12:18.307+0000][gc,start    ] GC(5) Pause Young (Normal) (G1 Evacuation Pause)
[2026-01-28T11:12:18.307+0000][gc,task     ] GC(5) Using 10 workers of 10 for evacuation
[2026-01-28T11:12:18.313+0000][gc,phases   ] GC(5)   Pre Evacuate Collection Set: 0.7ms
[2026-01-28T11:12:18.313+0000][gc,phases   ] GC(5)   Merge Heap Roots: 0.2ms
[2026-01-28T11:12:18.313+0000][gc,phases   ] GC(5)   Evacuate Collection Set: 4.1ms
[2026-01-28T11:12:18.313+0000][gc,phases   ] GC(5)   Post Evacuate Collection Set: 0.7ms
[2026-01-28T11:12:18.313+0000][gc,phases   ] GC(5)   Other: 0.1ms
[2026-01-28T11:12:18.313+0000][gc,heap     ] GC(5) Eden regions: 603->0(603)
[2026-01-28T11:12:18.313+0000][gc,heap     ] GC(5) Survivor regions: 11->11(77)
[2026-01-28T11:12:18.313+0000][gc,heap     ] GC(5) Old regions: 15->15
[2026-01-28T11:12:18.313+0000][gc,heap     ] GC(5) Humongous regions: 130->130
[2026-01-28T11:12:18.313+0000][gc,metaspace] GC(5) Metaspace: 13018K(13440K)->13018K(13440K) NonClass: 11416K(11648K)->11416K(11648K) Class: 1601K(1792K)->1601K(1792K)
[2026-01-28T11:12:18.313+0000][gc          ] GC(5) Pause Young (Normal) (G1 Evacuation Pause) 758M->155M(1024M) 6.424ms
[2026-01-28T11:12:18.313+0000][gc,cpu      ] GC(5) User=0.04s Sys=0.00s Real=0.01s
[2026-01-28T11:12:58.269+0000][gc,start    ] GC(6) Pause Young (Normal) (G1 Evacuation Pause)
[2026-01-28T11:12:58.269+0000][gc,task     ] GC(6) Using 10 workers of 10 for evacuation
[2026-01-28T11:12:58.274+0000][gc,phases   ] GC(6)   Pre Evacuate Collection Set: 0.7ms
[2026-01-28T11:12:58.274+0000][gc,phases   ] GC(6)   Merge Heap Roots: 0.2ms
[2026-01-28T11:12:58.274+0000][gc,phases   ] GC(6)   Evacuate Collection Set: 3.5ms
[2026-01-28T11:12:58.275+0000][gc,phases   ] GC(6)   Post Evacuate Collection Set: 0.9ms
[2026-01-28T11:12:58.275+0000][gc,phases   ] GC(6)   Other: 0.2ms
[2026-01-28T11:12:58.275+0000][gc,heap     ] GC(6) Eden regions: 603->0(604)
[2026-01-28T11:12:58.275+0000][gc,heap     ] GC(6) Survivor regions: 11->10(77)
[2026-01-28T11:12:58.275+0000][gc,heap     ] GC(6) Old regions: 15->15
[2026-01-28T11:12:58.275+0000][gc,heap     ] GC(6) Humongous regions: 130->130
[2026-01-28T11:12:58.275+0000][gc,metaspace] GC(6) Metaspace: 13195K(13568K)->13195K(13568K) NonClass: 11592K(11776K)->11592K(11776K) Class: 1602K(1792K)->1602K(1792K)
[2026-01-28T11:12:58.275+0000][gc          ] GC(6) Pause Young (Normal) (G1 Evacuation Pause) 758M->154M(1024M) 6.224ms
[2026-01-28T11:12:58.275+0000][gc,cpu      ] GC(6) User=0.05s Sys=0.00s Real=0.00s
[2026-01-28T11:13:38.266+0000][gc,start    ] GC(7) Pause Young (Normal) (G1 Evacuation Pause)
[2026-01-28T11:13:38.266+0000][gc,task     ] GC(7) Using 10 workers of 10 for evacuation
[2026-01-28T11:13:38.272+0000][gc,phases   ] GC(7)   Pre Evacuate Collection Set: 0.7ms
[2026-01-28T11:13:38.272+0000][gc,phases   ] GC(7)   Merge Heap Roots: 0.2ms
[2026-01-28T11:13:38.272+0000][gc,phases   ] GC(7)   Evacuate Collection Set: 3.5ms
[2026-01-28T11:13:38.272+0000][gc,phases   ] GC(7)   Post Evacuate Collection Set: 0.9ms
[2026-01-28T11:13:38.272+0000][gc,phases   ] GC(7)   Other: 0.2ms
[2026-01-28T11:13:38.272+0000][gc,heap     ] GC(7) Eden regions: 604->0(604)
[2026-01-28T11:13:38.273+0000][gc,heap     ] GC(7) Survivor regions: 10->10(77)
[2026-01-28T11:13:38.273+0000][gc,heap     ] GC(7) Old regions: 15->15
[2026-01-28T11:13:38.273+0000][gc,heap     ] GC(7) Humongous regions: 130->130
[2026-01-28T11:13:38.273+0000][gc,metaspace] GC(7) Metaspace: 13321K(13696K)->13321K(13696K) NonClass: 11711K(11904K)->11711K(11904K) Class: 1609K(1792K)->1609K(1792K)
[2026-01-28T11:13:38.273+0000][gc          ] GC(7) Pause Young (Normal) (G1 Evacuation Pause) 758M->154M(1024M) 7.404ms
[2026-01-28T11:13:38.273+0000][gc,cpu      ] GC(7) User=0.04s Sys=0.00s Real=0.01s
[2026-01-28T11:14:18.227+0000][gc,start    ] GC(8) Pause Young (Normal) (G1 Evacuation Pause)
[2026-01-28T11:14:18.227+0000][gc,task     ] GC(8) Using 10 workers of 10 for evacuation
[2026-01-28T11:14:18.233+0000][gc,phases   ] GC(8)   Pre Evacuate Collection Set: 0.7ms
[2026-01-28T11:14:18.233+0000][gc,phases   ] GC(8)   Merge Heap Roots: 0.2ms
[2026-01-28T11:14:18.233+0000][gc,phases   ] GC(8)   Evacuate Collection Set: 3.7ms
[2026-01-28T11:14:18.233+0000][gc,phases   ] GC(8)   Post Evacuate Collection Set: 0.8ms
[2026-01-28T11:14:18.233+0000][gc,phases   ] GC(8)   Other: 0.2ms
[2026-01-28T11:14:18.233+0000][gc,heap     ] GC(8) Eden regions: 604->0(604)
[2026-01-28T11:14:18.233+0000][gc,heap     ] GC(8) Survivor regions: 10->10(77)
[2026-01-28T11:14:18.234+0000][gc,heap     ] GC(8) Old regions: 15->15
[2026-01-28T11:14:18.234+0000][gc,heap     ] GC(8) Humongous regions: 130->130
[2026-01-28T11:14:18.234+0000][gc,metaspace] GC(8) Metaspace: 13395K(13760K)->13395K(13760K) NonClass: 11784K(11968K)->11784K(11968K) Class: 1610K(1792K)->1610K(1792K)
[2026-01-28T11:14:18.234+0000][gc          ] GC(8) Pause Young (Normal) (G1 Evacuation Pause) 758M->154M(1024M) 6.397ms
[2026-01-28T11:14:18.234+0000][gc,cpu      ] GC(8) User=0.04s Sys=0.00s Real=0.01s
[2026-01-28T11:14:58.214+0000][gc,start    ] GC(9) Pause Young (Normal) (G1 Evacuation Pause)
[2026-01-28T11:14:58.214+0000][gc,task     ] GC(9) Using 10 workers of 10 for evacuation
[2026-01-28T11:14:58.220+0000][gc,phases   ] GC(9)   Pre Evacuate Collection Set: 0.7ms
[2026-01-28T11:14:58.220+0000][gc,phases   ] GC(9)   Merge Heap Roots: 0.2ms
[2026-01-28T11:14:58.220+0000][gc,phases   ] GC(9)   Evacuate Collection Set: 3.9ms
[2026-01-28T11:14:58.220+0000][gc,phases   ] GC(9)   Post Evacuate Collection Set: 0.9ms
[2026-01-28T11:14:58.220+0000][gc,phases   ] GC(9)   Other: 0.2ms
[2026-01-28T11:14:58.220+0000][gc,heap     ] GC(9) Eden regions: 604->0(604)
[2026-01-28T11:14:58.220+0000][gc,heap     ] GC(9) Survivor regions: 10->10(77)
[2026-01-28T11:14:58.220+0000][gc,heap     ] GC(9) Old regions: 15->15
[2026-01-28T11:14:58.221+0000][gc,heap     ] GC(9) Humongous regions: 130->130
[2026-01-28T11:14:58.221+0000][gc,metaspace] GC(9) Metaspace: 13485K(13888K)->13485K(13888K) NonClass: 11873K(12096K)->11873K(12096K) Class: 1612K(1792K)->1612K(1792K)
[2026-01-28T11:14:58.221+0000][gc          ] GC(9) Pause Young (Normal) (G1 Evacuation Pause) 758M->153M(1024M) 6.681ms
[2026-01-28T11:14:58.221+0000][gc,cpu      ] GC(9) User=0.05s Sys=0.00s Real=0.01s
[2026-01-28T11:15:38.169+0000][gc,start    ] GC(10) Pause Young (Normal) (G1 Evacuation Pause)
[2026-01-28T11:15:38.170+0000][gc,task     ] GC(10) Using 10 workers of 10 for evacuation
[2026-01-28T11:15:38.176+0000][gc,phases   ] GC(10)   Pre Evacuate Collection Set: 1.1ms
[2026-01-28T11:15:38.176+0000][gc,phases   ] GC(10)   Merge Heap Roots: 0.2ms
[2026-01-28T11:15:38.176+0000][gc,phases   ] GC(10)   Evacuate Collection Set: 3.8ms
[2026-01-28T11:15:38.176+0000][gc,phases   ] GC(10)   Post Evacuate Collection Set: 0.9ms
[2026-01-28T11:15:38.176+0000][gc,phases   ] GC(10)   Other: 0.2ms
[2026-01-28T11:15:38.176+0000][gc,heap     ] GC(10) Eden regions: 604->0(605)
[2026-01-28T11:15:38.176+0000][gc,heap     ] GC(10) Survivor regions: 10->9(77)
[2026-01-28T11:15:38.176+0000][gc,heap     ] GC(10) Old regions: 15->15
[2026-01-28T11:15:38.176+0000][gc,heap     ] GC(10) Humongous regions: 130->130
[2026-01-28T11:15:38.176+0000][gc,metaspace] GC(10) Metaspace: 13544K(13888K)->13544K(13888K) NonClass: 11931K(12096K)->11931K(12096K) Class: 1612K(1792K)->1612K(1792K)
[2026-01-28T11:15:38.176+0000][gc          ] GC(10) Pause Young (Normal) (G1 Evacuation Pause) 757M->153M(1024M) 6.699ms
[2026-01-28T11:15:38.176+0000][gc,cpu      ] GC(10) User=0.04s Sys=0.01s Real=0.00s
[2026-01-28T11:16:18.113+0000][gc,start    ] GC(11) Pause Young (Normal) (G1 Evacuation Pause)
[2026-01-28T11:16:18.114+0000][gc,task     ] GC(11) Using 10 workers of 10 for evacuation
[2026-01-28T11:16:18.126+0000][gc,phases   ] GC(11)   Pre Evacuate Collection Set: 0.9ms
[2026-01-28T11:16:18.126+0000][gc,phases   ] GC(11)   Merge Heap Roots: 0.2ms
[2026-01-28T11:16:18.126+0000][gc,phases   ] GC(11)   Evacuate Collection Set: 9.3ms
[2026-01-28T11:16:18.126+0000][gc,phases   ] GC(11)   Post Evacuate Collection Set: 1.6ms
[2026-01-28T11:16:18.127+0000][gc,phases   ] GC(11)   Other: 0.2ms
[2026-01-28T11:16:18.127+0000][gc,heap     ] GC(11) Eden regions: 605->0(604)
[2026-01-28T11:16:18.127+0000][gc,heap     ] GC(11) Survivor regions: 9->10(77)
[2026-01-28T11:16:18.127+0000][gc,heap     ] GC(11) Old regions: 15->15
[2026-01-28T11:16:18.127+0000][gc,heap     ] GC(11) Humongous regions: 136->130
[2026-01-28T11:16:18.127+0000][gc,metaspace] GC(11) Metaspace: 14424K(14848K)->14424K(14848K) NonClass: 12712K(12928K)->12712K(12928K) Class: 1711K(1920K)->1711K(1920K)
[2026-01-28T11:16:18.127+0000][gc          ] GC(11) Pause Young (Normal) (G1 Evacuation Pause) 764M->154M(1024M) 13.922ms
[2026-01-28T11:16:18.127+0000][gc,cpu      ] GC(11) User=0.09s Sys=0.01s Real=0.01s
[2026-01-28T11:16:48.342+0000][gc,start    ] GC(12) Pause Young (Normal) (G1 Evacuation Pause)
[2026-01-28T11:16:48.343+0000][gc,task     ] GC(12) Using 10 workers of 10 for evacuation
[2026-01-28T11:16:48.351+0000][gc,phases   ] GC(12)   Pre Evacuate Collection Set: 0.8ms
[2026-01-28T11:16:48.351+0000][gc,phases   ] GC(12)   Merge Heap Roots: 0.2ms
[2026-01-28T11:16:48.351+0000][gc,phases   ] GC(12)   Evacuate Collection Set: 5.8ms
[2026-01-28T11:16:48.351+0000][gc,phases   ] GC(12)   Post Evacuate Collection Set: 1.0ms
[2026-01-28T11:16:48.351+0000][gc,phases   ] GC(12)   Other: 0.2ms
[2026-01-28T11:16:48.351+0000][gc,heap     ] GC(12) Eden regions: 604->0(600)
[2026-01-28T11:16:48.351+0000][gc,heap     ] GC(12) Survivor regions: 10->14(77)
[2026-01-28T11:16:48.351+0000][gc,heap     ] GC(12) Old regions: 15->15
[2026-01-28T11:16:48.351+0000][gc,heap     ] GC(12) Humongous regions: 130->130
[2026-01-28T11:16:48.351+0000][gc,metaspace] GC(12) Metaspace: 14579K(14976K)->14579K(14976K) NonClass: 12867K(13056K)->12867K(13056K) Class: 1712K(1920K)->1712K(1920K)
[2026-01-28T11:16:48.351+0000][gc          ] GC(12) Pause Young (Normal) (G1 Evacuation Pause) 758M->158M(1024M) 9.733ms
[2026-01-28T11:16:48.351+0000][gc,cpu      ] GC(12) User=0.06s Sys=0.01s Real=0.01s
[2026-01-28T11:17:28.260+0000][gc,start    ] GC(13) Pause Young (Normal) (G1 Evacuation Pause)
[2026-01-28T11:17:28.260+0000][gc,task     ] GC(13) Using 10 workers of 10 for evacuation
[2026-01-28T11:17:28.270+0000][gc,phases   ] GC(13)   Pre Evacuate Collection Set: 0.9ms
[2026-01-28T11:17:28.270+0000][gc,phases   ] GC(13)   Merge Heap Roots: 0.2ms
[2026-01-28T11:17:28.270+0000][gc,phases   ] GC(13)   Evacuate Collection Set: 8.0ms
[2026-01-28T11:17:28.270+0000][gc,phases   ] GC(13)   Post Evacuate Collection Set: 1.1ms
[2026-01-28T11:17:28.271+0000][gc,phases   ] GC(13)   Other: 0.1ms
[2026-01-28T11:17:28.271+0000][gc,heap     ] GC(13) Eden regions: 600->0(600)
[2026-01-28T11:17:28.271+0000][gc,heap     ] GC(13) Survivor regions: 14->14(77)
[2026-01-28T11:17:28.271+0000][gc,heap     ] GC(13) Old regions: 15->15
[2026-01-28T11:17:28.271+0000][gc,heap     ] GC(13) Humongous regions: 130->130
[2026-01-28T11:17:28.271+0000][gc,metaspace] GC(13) Metaspace: 14814K(15168K)->14814K(15168K) NonClass: 13102K(13248K)->13102K(13248K) Class: 1712K(1920K)->1712K(1920K)
[2026-01-28T11:17:28.271+0000][gc          ] GC(13) Pause Young (Normal) (G1 Evacuation Pause) 758M->158M(1024M) 11.237ms
[2026-01-28T11:17:28.271+0000][gc,cpu      ] GC(13) User=0.09s Sys=0.00s Real=0.01s
[2026-01-28T11:18:08.188+0000][gc,start    ] GC(14) Pause Young (Normal) (G1 Evacuation Pause)
[2026-01-28T11:18:08.188+0000][gc,task     ] GC(14) Using 10 workers of 10 for evacuation
[2026-01-28T11:18:08.195+0000][gc,phases   ] GC(14)   Pre Evacuate Collection Set: 0.6ms
[2026-01-28T11:18:08.195+0000][gc,phases   ] GC(14)   Merge Heap Roots: 0.2ms
[2026-01-28T11:18:08.195+0000][gc,phases   ] GC(14)   Evacuate Collection Set: 5.0ms
[2026-01-28T11:18:08.195+0000][gc,phases   ] GC(14)   Post Evacuate Collection Set: 0.8ms
[2026-01-28T11:18:08.195+0000][gc,phases   ] GC(14)   Other: 0.2ms
[2026-01-28T11:18:08.195+0000][gc,heap     ] GC(14) Eden regions: 600->0(600)
[2026-01-28T11:18:08.195+0000][gc,heap     ] GC(14) Survivor regions: 14->14(77)
[2026-01-28T11:18:08.195+0000][gc,heap     ] GC(14) Old regions: 15->15
[2026-01-28T11:18:08.195+0000][gc,heap     ] GC(14) Humongous regions: 130->130
[2026-01-28T11:18:08.195+0000][gc,metaspace] GC(14) Metaspace: 15037K(15424K)->15037K(15424K) NonClass: 13322K(13504K)->13322K(13504K) Class: 1715K(1920K)->1715K(1920K)
[2026-01-28T11:18:08.195+0000][gc          ] GC(14) Pause Young (Normal) (G1 Evacuation Pause) 758M->158M(1024M) 7.301ms
[2026-01-28T11:18:08.195+0000][gc,cpu      ] GC(14) User=0.05s Sys=0.00s Real=0.01s
[2026-01-28T11:18:38.388+0000][gc,start    ] GC(15) Pause Young (Normal) (G1 Evacuation Pause)
[2026-01-28T11:18:38.388+0000][gc,task     ] GC(15) Using 10 workers of 10 for evacuation
[2026-01-28T11:18:38.394+0000][gc,phases   ] GC(15)   Pre Evacuate Collection Set: 0.5ms
[2026-01-28T11:18:38.394+0000][gc,phases   ] GC(15)   Merge Heap Roots: 0.1ms
[2026-01-28T11:18:38.394+0000][gc,phases   ] GC(15)   Evacuate Collection Set: 4.2ms
[2026-01-28T11:18:38.394+0000][gc,phases   ] GC(15)   Post Evacuate Collection Set: 0.6ms
[2026-01-28T11:18:38.394+0000][gc,phases   ] GC(15)   Other: 0.1ms
[2026-01-28T11:18:38.394+0000][gc,heap     ] GC(15) Eden regions: 600->0(600)
[2026-01-28T11:18:38.394+0000][gc,heap     ] GC(15) Survivor regions: 14->14(77)
[2026-01-28T11:18:38.394+0000][gc,heap     ] GC(15) Old regions: 15->15
[2026-01-28T11:18:38.394+0000][gc,heap     ] GC(15) Humongous regions: 130->130
[2026-01-28T11:18:38.394+0000][gc,metaspace] GC(15) Metaspace: 15078K(15488K)->15078K(15488K) NonClass: 13360K(13568K)->13360K(13568K) Class: 1717K(1920K)->1717K(1920K)
[2026-01-28T11:18:38.394+0000][gc          ] GC(15) Pause Young (Normal) (G1 Evacuation Pause) 758M->158M(1024M) 6.321ms
[2026-01-28T11:18:38.394+0000][gc,cpu      ] GC(15) User=0.05s Sys=0.00s Real=0.01s
[2026-01-28T11:19:18.299+0000][gc,start    ] GC(16) Pause Young (Normal) (G1 Evacuation Pause)
[2026-01-28T11:19:18.299+0000][gc,task     ] GC(16) Using 10 workers of 10 for evacuation
[2026-01-28T11:19:18.306+0000][gc,phases   ] GC(16)   Pre Evacuate Collection Set: 0.6ms
[2026-01-28T11:19:18.306+0000][gc,phases   ] GC(16)   Merge Heap Roots: 0.2ms
[2026-01-28T11:19:18.306+0000][gc,phases   ] GC(16)   Evacuate Collection Set: 5.1ms
[2026-01-28T11:19:18.306+0000][gc,phases   ] GC(16)   Post Evacuate Collection Set: 0.8ms
[2026-01-28T11:19:18.306+0000][gc,phases   ] GC(16)   Other: 0.2ms
[2026-01-28T11:19:18.306+0000][gc,heap     ] GC(16) Eden regions: 600->0(604)
[2026-01-28T11:19:18.306+0000][gc,heap     ] GC(16) Survivor regions: 14->10(77)
[2026-01-28T11:19:18.306+0000][gc,heap     ] GC(16) Old regions: 15->19
[2026-01-28T11:19:18.306+0000][gc,heap     ] GC(16) Humongous regions: 130->130
[2026-01-28T11:19:18.306+0000][gc,metaspace] GC(16) Metaspace: 15135K(15488K)->15135K(15488K) NonClass: 13417K(13568K)->13417K(13568K) Class: 1717K(1920K)->1717K(1920K)
[2026-01-28T11:19:18.306+0000][gc          ] GC(16) Pause Young (Normal) (G1 Evacuation Pause) 758M->158M(1024M) 7.459ms
[2026-01-28T11:19:18.306+0000][gc,cpu      ] GC(16) User=0.06s Sys=0.00s Real=0.01s
[2026-01-28T11:19:58.214+0000][gc,start    ] GC(17) Pause Young (Normal) (G1 Evacuation Pause)
[2026-01-28T11:19:58.215+0000][gc,task     ] GC(17) Using 10 workers of 10 for evacuation
[2026-01-28T11:19:58.222+0000][gc,phases   ] GC(17)   Pre Evacuate Collection Set: 0.8ms
[2026-01-28T11:19:58.222+0000][gc,phases   ] GC(17)   Merge Heap Roots: 0.2ms
[2026-01-28T11:19:58.222+0000][gc,phases   ] GC(17)   Evacuate Collection Set: 5.0ms
[2026-01-28T11:19:58.222+0000][gc,phases   ] GC(17)   Post Evacuate Collection Set: 0.9ms
[2026-01-28T11:19:58.222+0000][gc,phases   ] GC(17)   Other: 0.2ms
[2026-01-28T11:19:58.222+0000][gc,heap     ] GC(17) Eden regions: 604->0(604)
[2026-01-28T11:19:58.222+0000][gc,heap     ] GC(17) Survivor regions: 10->10(77)
[2026-01-28T11:19:58.222+0000][gc,heap     ] GC(17) Old regions: 19->20
[2026-01-28T11:19:58.222+0000][gc,heap     ] GC(17) Humongous regions: 130->130
[2026-01-28T11:19:58.222+0000][gc,metaspace] GC(17) Metaspace: 15177K(15616K)->15177K(15616K) NonClass: 13459K(13696K)->13459K(13696K) Class: 1717K(1920K)->1717K(1920K)
[2026-01-28T11:19:58.222+0000][gc          ] GC(17) Pause Young (Normal) (G1 Evacuation Pause) 762M->158M(1024M) 8.625ms
[2026-01-28T11:19:58.222+0000][gc,cpu      ] GC(17) User=0.06s Sys=0.00s Real=0.01s
[2026-01-28T11:20:38.109+0000][gc,start    ] GC(18) Pause Young (Normal) (G1 Evacuation Pause)
[2026-01-28T11:20:38.110+0000][gc,task     ] GC(18) Using 10 workers of 10 for evacuation
[2026-01-28T11:20:38.118+0000][gc,phases   ] GC(18)   Pre Evacuate Collection Set: 0.8ms
[2026-01-28T11:20:38.118+0000][gc,phases   ] GC(18)   Merge Heap Roots: 0.2ms
[2026-01-28T11:20:38.118+0000][gc,phases   ] GC(18)   Evacuate Collection Set: 5.3ms
[2026-01-28T11:20:38.118+0000][gc,phases   ] GC(18)   Post Evacuate Collection Set: 1.0ms
[2026-01-28T11:20:38.118+0000][gc,phases   ] GC(18)   Other: 0.3ms
[2026-01-28T11:20:38.118+0000][gc,heap     ] GC(18) Eden regions: 604->0(607)
[2026-01-28T11:20:38.118+0000][gc,heap     ] GC(18) Survivor regions: 10->7(77)
[2026-01-28T11:20:38.118+0000][gc,heap     ] GC(18) Old regions: 20->23
[2026-01-28T11:20:38.118+0000][gc,heap     ] GC(18) Humongous regions: 130->130
[2026-01-28T11:20:38.119+0000][gc,metaspace] GC(18) Metaspace: 15197K(15616K)->15197K(15616K) NonClass: 13479K(13696K)->13479K(13696K) Class: 1717K(1920K)->1717K(1920K)
[2026-01-28T11:20:38.119+0000][gc          ] GC(18) Pause Young (Normal) (G1 Evacuation Pause) 762M->158M(1024M) 9.467ms
[2026-01-28T11:20:38.119+0000][gc,cpu      ] GC(18) User=0.05s Sys=0.00s Real=0.01s
[2026-01-28T11:21:08.336+0000][gc,start    ] GC(19) Pause Young (Normal) (G1 Evacuation Pause)
[2026-01-28T11:21:08.336+0000][gc,task     ] GC(19) Using 10 workers of 10 for evacuation
[2026-01-28T11:21:08.341+0000][gc,phases   ] GC(19)   Pre Evacuate Collection Set: 0.6ms
[2026-01-28T11:21:08.341+0000][gc,phases   ] GC(19)   Merge Heap Roots: 0.2ms
[2026-01-28T11:21:08.341+0000][gc,phases   ] GC(19)   Evacuate Collection Set: 3.1ms
[2026-01-28T11:21:08.341+0000][gc,phases   ] GC(19)   Post Evacuate Collection Set: 0.7ms
[2026-01-28T11:21:08.341+0000][gc,phases   ] GC(19)   Other: 0.1ms
[2026-01-28T11:21:08.341+0000][gc,heap     ] GC(19) Eden regions: 607->0(604)
[2026-01-28T11:21:08.341+0000][gc,heap     ] GC(19) Survivor regions: 7->10(77)
[2026-01-28T11:21:08.341+0000][gc,heap     ] GC(19) Old regions: 23->23
[2026-01-28T11:21:08.341+0000][gc,heap     ] GC(19) Humongous regions: 130->130
[2026-01-28T11:21:08.342+0000][gc,metaspace] GC(19) Metaspace: 15258K(15680K)->15258K(15680K) NonClass: 13528K(13696K)->13528K(13696K) Class: 1729K(1984K)->1729K(1984K)
[2026-01-28T11:21:08.342+0000][gc          ] GC(19) Pause Young (Normal) (G1 Evacuation Pause) 765M->162M(1024M) 5.568ms
[2026-01-28T11:21:08.342+0000][gc,cpu      ] GC(19) User=0.04s Sys=0.00s Real=0.00s
[2026-01-28T11:21:48.249+0000][gc,start    ] GC(20) Pause Young (Normal) (G1 Evacuation Pause)
[2026-01-28T11:21:48.250+0000][gc,task     ] GC(20) Using 10 workers of 10 for evacuation
[2026-01-28T11:21:48.255+0000][gc,phases   ] GC(20)   Pre Evacuate Collection Set: 0.8ms
[2026-01-28T11:21:48.255+0000][gc,phases   ] GC(20)   Merge Heap Roots: 0.2ms
[2026-01-28T11:21:48.255+0000][gc,phases   ] GC(20)   Evacuate Collection Set: 2.7ms
[2026-01-28T11:21:48.255+0000][gc,phases   ] GC(20)   Post Evacuate Collection Set: 1.3ms
[2026-01-28T11:21:48.256+0000][gc,phases   ] GC(20)   Other: 0.2ms
[2026-01-28T11:21:48.256+0000][gc,heap     ] GC(20) Eden regions: 604->0(608)
[2026-01-28T11:21:48.256+0000][gc,heap     ] GC(20) Survivor regions: 10->6(77)
[2026-01-28T11:21:48.256+0000][gc,heap     ] GC(20) Old regions: 23->23
[2026-01-28T11:21:48.256+0000][gc,heap     ] GC(20) Humongous regions: 130->130
[2026-01-28T11:21:48.256+0000][gc,metaspace] GC(20) Metaspace: 15457K(15936K)->15457K(15936K) NonClass: 13715K(13952K)->13715K(13952K) Class: 1742K(1984K)->1742K(1984K)
[2026-01-28T11:21:48.256+0000][gc          ] GC(20) Pause Young (Normal) (G1 Evacuation Pause) 766M->158M(1024M) 6.989ms
[2026-01-28T11:21:48.256+0000][gc,cpu      ] GC(20) User=0.03s Sys=0.00s Real=0.01s
[2026-01-28T11:22:28.158+0000][gc,start    ] GC(21) Pause Young (Normal) (G1 Evacuation Pause)
[2026-01-28T11:22:28.159+0000][gc,task     ] GC(21) Using 10 workers of 10 for evacuation
[2026-01-28T11:22:28.165+0000][gc,phases   ] GC(21)   Pre Evacuate Collection Set: 0.8ms
[2026-01-28T11:22:28.165+0000][gc,phases   ] GC(21)   Merge Heap Roots: 0.2ms
[2026-01-28T11:22:28.165+0000][gc,phases   ] GC(21)   Evacuate Collection Set: 3.6ms
[2026-01-28T11:22:28.165+0000][gc,phases   ] GC(21)   Post Evacuate Collection Set: 0.9ms
[2026-01-28T11:22:28.165+0000][gc,phases   ] GC(21)   Other: 0.4ms
[2026-01-28T11:22:28.165+0000][gc,heap     ] GC(21) Eden regions: 608->0(608)
[2026-01-28T11:22:28.165+0000][gc,heap     ] GC(21) Survivor regions: 6->6(77)
[2026-01-28T11:22:28.166+0000][gc,heap     ] GC(21) Old regions: 23->23
[2026-01-28T11:22:28.166+0000][gc,heap     ] GC(21) Humongous regions: 130->130
[2026-01-28T11:22:28.166+0000][gc,metaspace] GC(21) Metaspace: 15462K(15936K)->15462K(15936K) NonClass: 13720K(13952K)->13720K(13952K) Class: 1742K(1984K)->1742K(1984K)
[2026-01-28T11:22:28.166+0000][gc          ] GC(21) Pause Young (Normal) (G1 Evacuation Pause) 766M->158M(1024M) 7.586ms
[2026-01-28T11:22:28.166+0000][gc,cpu      ] GC(21) User=0.04s Sys=0.00s Real=0.01s
[2026-01-28T11:22:58.365+0000][gc,start    ] GC(22) Pause Young (Normal) (G1 Evacuation Pause)
[2026-01-28T11:22:58.366+0000][gc,task     ] GC(22) Using 10 workers of 10 for evacuation
[2026-01-28T11:22:58.371+0000][gc,phases   ] GC(22)   Pre Evacuate Collection Set: 0.7ms
[2026-01-28T11:22:58.371+0000][gc,phases   ] GC(22)   Merge Heap Roots: 0.2ms
[2026-01-28T11:22:58.371+0000][gc,phases   ] GC(22)   Evacuate Collection Set: 3.4ms
[2026-01-28T11:22:58.371+0000][gc,phases   ] GC(22)   Post Evacuate Collection Set: 0.8ms
[2026-01-28T11:22:58.372+0000][gc,phases   ] GC(22)   Other: 0.2ms
[2026-01-28T11:22:58.372+0000][gc,heap     ] GC(22) Eden regions: 608->0(605)
[2026-01-28T11:22:58.372+0000][gc,heap     ] GC(22) Survivor regions: 6->9(77)
[2026-01-28T11:22:58.372+0000][gc,heap     ] GC(22) Old regions: 23->23
[2026-01-28T11:22:58.372+0000][gc,heap     ] GC(22) Humongous regions: 130->130
[2026-01-28T11:22:58.372+0000][gc,metaspace] GC(22) Metaspace: 15476K(15936K)->15476K(15936K) NonClass: 13733K(13952K)->13733K(13952K) Class: 1742K(1984K)->1742K(1984K)
[2026-01-28T11:22:58.372+0000][gc          ] GC(22) Pause Young (Normal) (G1 Evacuation Pause) 766M->161M(1024M) 6.892ms
[2026-01-28T11:22:58.372+0000][gc,cpu      ] GC(22) User=0.04s Sys=0.00s Real=0.01s
[2026-01-28T11:23:38.273+0000][gc,start    ] GC(23) Pause Young (Normal) (G1 Evacuation Pause)
[2026-01-28T11:23:38.273+0000][gc,task     ] GC(23) Using 10 workers of 10 for evacuation
[2026-01-28T11:23:38.279+0000][gc,phases   ] GC(23)   Pre Evacuate Collection Set: 0.7ms
[2026-01-28T11:23:38.279+0000][gc,phases   ] GC(23)   Merge Heap Roots: 0.2ms
[2026-01-28T11:23:38.279+0000][gc,phases   ] GC(23)   Evacuate Collection Set: 3.7ms
[2026-01-28T11:23:38.279+0000][gc,phases   ] GC(23)   Post Evacuate Collection Set: 0.8ms
[2026-01-28T11:23:38.279+0000][gc,phases   ] GC(23)   Other: 0.2ms
[2026-01-28T11:23:38.279+0000][gc,heap     ] GC(23) Eden regions: 605->0(605)
[2026-01-28T11:23:38.279+0000][gc,heap     ] GC(23) Survivor regions: 9->9(77)
[2026-01-28T11:23:38.279+0000][gc,heap     ] GC(23) Old regions: 23->23
[2026-01-28T11:23:38.279+0000][gc,heap     ] GC(23) Humongous regions: 130->130
[2026-01-28T11:23:38.279+0000][gc,metaspace] GC(23) Metaspace: 15534K(15936K)->15534K(15936K) NonClass: 13792K(13952K)->13792K(13952K) Class: 1742K(1984K)->1742K(1984K)
[2026-01-28T11:23:38.280+0000][gc          ] GC(23) Pause Young (Normal) (G1 Evacuation Pause) 766M->161M(1024M) 6.603ms
[2026-01-28T11:23:38.280+0000][gc,cpu      ] GC(23) User=0.05s Sys=0.00s Real=0.00s
[2026-01-28T11:24:18.196+0000][gc,start    ] GC(24) Pause Young (Normal) (G1 Evacuation Pause)
[2026-01-28T11:24:18.197+0000][gc,task     ] GC(24) Using 10 workers of 10 for evacuation
[2026-01-28T11:24:18.202+0000][gc,phases   ] GC(24)   Pre Evacuate Collection Set: 0.9ms
[2026-01-28T11:24:18.202+0000][gc,phases   ] GC(24)   Merge Heap Roots: 0.2ms
[2026-01-28T11:24:18.202+0000][gc,phases   ] GC(24)   Evacuate Collection Set: 2.7ms
[2026-01-28T11:24:18.202+0000][gc,phases   ] GC(24)   Post Evacuate Collection Set: 1.0ms
[2026-01-28T11:24:18.202+0000][gc,phases   ] GC(24)   Other: 0.3ms
[2026-01-28T11:24:18.202+0000][gc,heap     ] GC(24) Eden regions: 605->0(609)
[2026-01-28T11:24:18.202+0000][gc,heap     ] GC(24) Survivor regions: 9->5(77)
[2026-01-28T11:24:18.203+0000][gc,heap     ] GC(24) Old regions: 23->23
[2026-01-28T11:24:18.203+0000][gc,heap     ] GC(24) Humongous regions: 130->130
[2026-01-28T11:24:18.203+0000][gc,metaspace] GC(24) Metaspace: 15554K(16000K)->15554K(16000K) NonClass: 13812K(14016K)->13812K(14016K) Class: 1742K(1984K)->1742K(1984K)
[2026-01-28T11:24:18.203+0000][gc          ] GC(24) Pause Young (Normal) (G1 Evacuation Pause) 766M->157M(1024M) 7.004ms
[2026-01-28T11:24:18.203+0000][gc,cpu      ] GC(24) User=0.04s Sys=0.00s Real=0.00s
[2026-01-28T11:24:48.397+0000][gc,start    ] GC(25) Pause Young (Normal) (G1 Evacuation Pause)
[2026-01-28T11:24:48.398+0000][gc,task     ] GC(25) Using 10 workers of 10 for evacuation
[2026-01-28T11:24:48.410+0000][gc,phases   ] GC(25)   Pre Evacuate Collection Set: 1.0ms
[2026-01-28T11:24:48.410+0000][gc,phases   ] GC(25)   Merge Heap Roots: 0.2ms
[2026-01-28T11:24:48.410+0000][gc,phases   ] GC(25)   Evacuate Collection Set: 8.8ms
[2026-01-28T11:24:48.410+0000][gc,phases   ] GC(25)   Post Evacuate Collection Set: 1.6ms
[2026-01-28T11:24:48.410+0000][gc,phases   ] GC(25)   Other: 0.2ms
[2026-01-28T11:24:48.410+0000][gc,heap     ] GC(25) Eden regions: 609->0(606)
[2026-01-28T11:24:48.410+0000][gc,heap     ] GC(25) Survivor regions: 5->8(77)
[2026-01-28T11:24:48.410+0000][gc,heap     ] GC(25) Old regions: 23->23
[2026-01-28T11:24:48.410+0000][gc,heap     ] GC(25) Humongous regions: 130->130
[2026-01-28T11:24:48.410+0000][gc,metaspace] GC(25) Metaspace: 15586K(16064K)->15586K(16064K) NonClass: 13844K(14080K)->13844K(14080K) Class: 1742K(1984K)->1742K(1984K)
[2026-01-28T11:24:48.410+0000][gc          ] GC(25) Pause Young (Normal) (G1 Evacuation Pause) 766M->160M(1024M) 13.567ms
[2026-01-28T11:24:48.410+0000][gc,cpu      ] GC(25) User=0.10s Sys=0.00s Real=0.01s
[2026-01-28T11:25:28.316+0000][gc,start    ] GC(26) Pause Young (Normal) (G1 Evacuation Pause)
[2026-01-28T11:25:28.316+0000][gc,task     ] GC(26) Using 10 workers of 10 for evacuation
[2026-01-28T11:25:28.323+0000][gc,phases   ] GC(26)   Pre Evacuate Collection Set: 0.8ms
[2026-01-28T11:25:28.323+0000][gc,phases   ] GC(26)   Merge Heap Roots: 0.1ms
[2026-01-28T11:25:28.323+0000][gc,phases   ] GC(26)   Evacuate Collection Set: 4.1ms
[2026-01-28T11:25:28.323+0000][gc,phases   ] GC(26)   Post Evacuate Collection Set: 1.0ms
[2026-01-28T11:25:28.323+0000][gc,phases   ] GC(26)   Other: 0.2ms
[2026-01-28T11:25:28.323+0000][gc,heap     ] GC(26) Eden regions: 606->0(606)
[2026-01-28T11:25:28.323+0000][gc,heap     ] GC(26) Survivor regions: 8->8(77)
[2026-01-28T11:25:28.323+0000][gc,heap     ] GC(26) Old regions: 23->24
[2026-01-28T11:25:28.323+0000][gc,heap     ] GC(26) Humongous regions: 130->130
[2026-01-28T11:25:28.323+0000][gc,metaspace] GC(26) Metaspace: 15617K(16064K)->15617K(16064K) NonClass: 13875K(14080K)->13875K(14080K) Class: 1742K(1984K)->1742K(1984K)
[2026-01-28T11:25:28.323+0000][gc          ] GC(26) Pause Young (Normal) (G1 Evacuation Pause) 766M->160M(1024M) 7.159ms
[2026-01-28T11:25:28.323+0000][gc,cpu      ] GC(26) User=0.04s Sys=0.00s Real=0.00s
[2026-01-28T11:26:08.244+0000][gc,start    ] GC(27) Pause Young (Normal) (G1 Evacuation Pause)
[2026-01-28T11:26:08.245+0000][gc,task     ] GC(27) Using 10 workers of 10 for evacuation
[2026-01-28T11:26:08.253+0000][gc,phases   ] GC(27)   Pre Evacuate Collection Set: 0.9ms
[2026-01-28T11:26:08.253+0000][gc,phases   ] GC(27)   Merge Heap Roots: 0.1ms
[2026-01-28T11:26:08.253+0000][gc,phases   ] GC(27)   Evacuate Collection Set: 6.2ms
[2026-01-28T11:26:08.253+0000][gc,phases   ] GC(27)   Post Evacuate Collection Set: 0.9ms
[2026-01-28T11:26:08.253+0000][gc,phases   ] GC(27)   Other: 0.2ms
[2026-01-28T11:26:08.253+0000][gc,heap     ] GC(27) Eden regions: 606->0(606)
[2026-01-28T11:26:08.253+0000][gc,heap     ] GC(27) Survivor regions: 8->8(77)
[2026-01-28T11:26:08.253+0000][gc,heap     ] GC(27) Old regions: 24->24
[2026-01-28T11:26:08.253+0000][gc,heap     ] GC(27) Humongous regions: 130->130
[2026-01-28T11:26:08.253+0000][gc,metaspace] GC(27) Metaspace: 15624K(16064K)->15624K(16064K) NonClass: 13882K(14080K)->13882K(14080K) Class: 1742K(1984K)->1742K(1984K)
[2026-01-28T11:26:08.254+0000][gc          ] GC(27) Pause Young (Normal) (G1 Evacuation Pause) 766M->160M(1024M) 9.223ms
[2026-01-28T11:26:08.254+0000][gc,cpu      ] GC(27) User=0.07s Sys=0.01s Real=0.00s
[2026-01-28T11:26:48.121+0000][gc,start    ] GC(28) Pause Young (Normal) (G1 Evacuation Pause)
[2026-01-28T11:26:48.121+0000][gc,task     ] GC(28) Using 10 workers of 10 for evacuation
[2026-01-28T11:26:48.136+0000][gc,phases   ] GC(28)   Pre Evacuate Collection Set: 3.4ms
[2026-01-28T11:26:48.137+0000][gc,phases   ] GC(28)   Merge Heap Roots: 0.6ms
[2026-01-28T11:26:48.137+0000][gc,phases   ] GC(28)   Evacuate Collection Set: 9.7ms
[2026-01-28T11:26:48.137+0000][gc,phases   ] GC(28)   Post Evacuate Collection Set: 1.2ms
[2026-01-28T11:26:48.137+0000][gc,phases   ] GC(28)   Other: 0.3ms
[2026-01-28T11:26:48.137+0000][gc,heap     ] GC(28) Eden regions: 606->0(606)
[2026-01-28T11:26:48.137+0000][gc,heap     ] GC(28) Survivor regions: 8->8(77)
[2026-01-28T11:26:48.137+0000][gc,heap     ] GC(28) Old regions: 24->24
[2026-01-28T11:26:48.137+0000][gc,heap     ] GC(28) Humongous regions: 130->130
[2026-01-28T11:26:48.137+0000][gc,metaspace] GC(28) Metaspace: 15650K(16064K)->15650K(16064K) NonClass: 13907K(14080K)->13907K(14080K) Class: 1742K(1984K)->1742K(1984K)
[2026-01-28T11:26:48.137+0000][gc          ] GC(28) Pause Young (Normal) (G1 Evacuation Pause) 766M->160M(1024M) 16.662ms
[2026-01-28T11:26:48.137+0000][gc,cpu      ] GC(28) User=0.12s Sys=0.01s Real=0.02s
[2026-01-28T11:27:18.333+0000][gc,start    ] GC(29) Pause Young (Normal) (G1 Evacuation Pause)
[2026-01-28T11:27:18.333+0000][gc,task     ] GC(29) Using 10 workers of 10 for evacuation
[2026-01-28T11:27:18.337+0000][gc,phases   ] GC(29)   Pre Evacuate Collection Set: 0.9ms
[2026-01-28T11:27:18.337+0000][gc,phases   ] GC(29)   Merge Heap Roots: 0.1ms
[2026-01-28T11:27:18.337+0000][gc,phases   ] GC(29)   Evacuate Collection Set: 2.1ms
[2026-01-28T11:27:18.337+0000][gc,phases   ] GC(29)   Post Evacuate Collection Set: 0.6ms
[2026-01-28T11:27:18.337+0000][gc,phases   ] GC(29)   Other: 0.1ms
[2026-01-28T11:27:18.337+0000][gc,heap     ] GC(29) Eden regions: 606->0(607)
[2026-01-28T11:27:18.337+0000][gc,heap     ] GC(29) Survivor regions: 8->7(77)
[2026-01-28T11:27:18.337+0000][gc,heap     ] GC(29) Old regions: 24->24
[2026-01-28T11:27:18.337+0000][gc,heap     ] GC(29) Humongous regions: 130->130
[2026-01-28T11:27:18.337+0000][gc,metaspace] GC(29) Metaspace: 15661K(16064K)->15661K(16064K) NonClass: 13918K(14080K)->13918K(14080K) Class: 1742K(1984K)->1742K(1984K)
[2026-01-28T11:27:18.337+0000][gc          ] GC(29) Pause Young (Normal) (G1 Evacuation Pause) 766M->159M(1024M) 4.561ms
[2026-01-28T11:27:18.337+0000][gc,cpu      ] GC(29) User=0.03s Sys=0.00s Real=0.01s
[2026-01-28T11:27:58.258+0000][gc,start    ] GC(30) Pause Young (Normal) (G1 Evacuation Pause)
[2026-01-28T11:27:58.258+0000][gc,task     ] GC(30) Using 10 workers of 10 for evacuation
[2026-01-28T11:27:58.272+0000][gc,phases   ] GC(30)   Pre Evacuate Collection Set: 1.3ms
[2026-01-28T11:27:58.272+0000][gc,phases   ] GC(30)   Merge Heap Roots: 0.3ms
[2026-01-28T11:27:58.272+0000][gc,phases   ] GC(30)   Evacuate Collection Set: 9.3ms
[2026-01-28T11:27:58.272+0000][gc,phases   ] GC(30)   Post Evacuate Collection Set: 2.1ms
[2026-01-28T11:27:58.272+0000][gc,phases   ] GC(30)   Other: 0.8ms
[2026-01-28T11:27:58.272+0000][gc,heap     ] GC(30) Eden regions: 607->0(607)
[2026-01-28T11:27:58.272+0000][gc,heap     ] GC(30) Survivor regions: 7->7(77)
[2026-01-28T11:27:58.272+0000][gc,heap     ] GC(30) Old regions: 24->24
[2026-01-28T11:27:58.273+0000][gc,heap     ] GC(30) Humongous regions: 130->130
[2026-01-28T11:27:58.273+0000][gc,metaspace] GC(30) Metaspace: 15679K(16128K)->15679K(16128K) NonClass: 13936K(14144K)->13936K(14144K) Class: 1742K(1984K)->1742K(1984K)
[2026-01-28T11:27:58.273+0000][gc          ] GC(30) Pause Young (Normal) (G1 Evacuation Pause) 766M->159M(1024M) 15.034ms
[2026-01-28T11:27:58.273+0000][gc,cpu      ] GC(30) User=0.10s Sys=0.01s Real=0.01s
[2026-01-28T11:28:38.165+0000][gc,start    ] GC(31) Pause Young (Normal) (G1 Evacuation Pause)
[2026-01-28T11:28:38.166+0000][gc,task     ] GC(31) Using 10 workers of 10 for evacuation
[2026-01-28T11:28:38.173+0000][gc,phases   ] GC(31)   Pre Evacuate Collection Set: 1.0ms
[2026-01-28T11:28:38.173+0000][gc,phases   ] GC(31)   Merge Heap Roots: 0.2ms
[2026-01-28T11:28:38.173+0000][gc,phases   ] GC(31)   Evacuate Collection Set: 4.6ms
[2026-01-28T11:28:38.173+0000][gc,phases   ] GC(31)   Post Evacuate Collection Set: 1.0ms
[2026-01-28T11:28:38.173+0000][gc,phases   ] GC(31)   Other: 0.2ms
[2026-01-28T11:28:38.173+0000][gc,heap     ] GC(31) Eden regions: 607->0(607)
[2026-01-28T11:28:38.173+0000][gc,heap     ] GC(31) Survivor regions: 7->7(77)
[2026-01-28T11:28:38.173+0000][gc,heap     ] GC(31) Old regions: 24->24
[2026-01-28T11:28:38.174+0000][gc,heap     ] GC(31) Humongous regions: 130->130
[2026-01-28T11:28:38.174+0000][gc,metaspace] GC(31) Metaspace: 15699K(16128K)->15699K(16128K) NonClass: 13956K(14144K)->13956K(14144K) Class: 1742K(1984K)->1742K(1984K)
[2026-01-28T11:28:38.174+0000][gc          ] GC(31) Pause Young (Normal) (G1 Evacuation Pause) 766M->159M(1024M) 8.469ms
[2026-01-28T11:28:38.174+0000][gc,cpu      ] GC(31) User=0.06s Sys=0.00s Real=0.00s
[2026-01-28T11:29:08.378+0000][gc,start    ] GC(32) Pause Young (Normal) (G1 Evacuation Pause)
[2026-01-28T11:29:08.379+0000][gc,task     ] GC(32) Using 10 workers of 10 for evacuation
[2026-01-28T11:29:08.384+0000][gc,phases   ] GC(32)   Pre Evacuate Collection Set: 0.8ms
[2026-01-28T11:29:08.384+0000][gc,phases   ] GC(32)   Merge Heap Roots: 0.2ms
[2026-01-28T11:29:08.384+0000][gc,phases   ] GC(32)   Evacuate Collection Set: 2.9ms
[2026-01-28T11:29:08.384+0000][gc,phases   ] GC(32)   Post Evacuate Collection Set: 0.9ms
[2026-01-28T11:29:08.384+0000][gc,phases   ] GC(32)   Other: 0.2ms
[2026-01-28T11:29:08.384+0000][gc,heap     ] GC(32) Eden regions: 607->0(603)
[2026-01-28T11:29:08.384+0000][gc,heap     ] GC(32) Survivor regions: 7->11(77)
[2026-01-28T11:29:08.384+0000][gc,heap     ] GC(32) Old regions: 24->24
[2026-01-28T11:29:08.384+0000][gc,heap     ] GC(32) Humongous regions: 130->130
[2026-01-28T11:29:08.384+0000][gc,metaspace] GC(32) Metaspace: 15726K(16192K)->15726K(16192K) NonClass: 13983K(14208K)->13983K(14208K) Class: 1742K(1984K)->1742K(1984K)
[2026-01-28T11:29:08.384+0000][gc          ] GC(32) Pause Young (Normal) (G1 Evacuation Pause) 766M->163M(1024M) 6.509ms
[2026-01-28T11:29:08.384+0000][gc,cpu      ] GC(32) User=0.03s Sys=0.01s Real=0.00s
[2026-01-28T11:29:48.296+0000][gc,start    ] GC(33) Pause Young (Normal) (G1 Evacuation Pause)
[2026-01-28T11:29:48.297+0000][gc,task     ] GC(33) Using 10 workers of 10 for evacuation
[2026-01-28T11:29:48.302+0000][gc,phases   ] GC(33)   Pre Evacuate Collection Set: 1.0ms
[2026-01-28T11:29:48.302+0000][gc,phases   ] GC(33)   Merge Heap Roots: 0.2ms
[2026-01-28T11:29:48.302+0000][gc,phases   ] GC(33)   Evacuate Collection Set: 2.5ms
[2026-01-28T11:29:48.302+0000][gc,phases   ] GC(33)   Post Evacuate Collection Set: 0.9ms
[2026-01-28T11:29:48.302+0000][gc,phases   ] GC(33)   Other: 0.2ms
[2026-01-28T11:29:48.302+0000][gc,heap     ] GC(33) Eden regions: 603->0(608)
[2026-01-28T11:29:48.302+0000][gc,heap     ] GC(33) Survivor regions: 11->6(77)
[2026-01-28T11:29:48.302+0000][gc,heap     ] GC(33) Old regions: 24->24
[2026-01-28T11:29:48.302+0000][gc,heap     ] GC(33) Humongous regions: 130->130
[2026-01-28T11:29:48.302+0000][gc,metaspace] GC(33) Metaspace: 15734K(16192K)->15734K(16192K) NonClass: 13991K(14208K)->13991K(14208K) Class: 1742K(1984K)->1742K(1984K)
[2026-01-28T11:29:48.302+0000][gc          ] GC(33) Pause Young (Normal) (G1 Evacuation Pause) 766M->159M(1024M) 6.344ms
[2026-01-28T11:29:48.302+0000][gc,cpu      ] GC(33) User=0.04s Sys=0.00s Real=0.00s
[2026-01-28T11:30:28.189+0000][gc,start    ] GC(34) Pause Young (Normal) (G1 Evacuation Pause)
[2026-01-28T11:30:28.190+0000][gc,task     ] GC(34) Using 10 workers of 10 for evacuation
[2026-01-28T11:30:28.194+0000][gc,phases   ] GC(34)   Pre Evacuate Collection Set: 0.8ms
[2026-01-28T11:30:28.194+0000][gc,phases   ] GC(34)   Merge Heap Roots: 0.1ms
[2026-01-28T11:30:28.194+0000][gc,phases   ] GC(34)   Evacuate Collection Set: 2.7ms
[2026-01-28T11:30:28.194+0000][gc,phases   ] GC(34)   Post Evacuate Collection Set: 0.8ms
[2026-01-28T11:30:28.195+0000][gc,phases   ] GC(34)   Other: 0.1ms
[2026-01-28T11:30:28.195+0000][gc,heap     ] GC(34) Eden regions: 608->0(608)
[2026-01-28T11:30:28.195+0000][gc,heap     ] GC(34) Survivor regions: 6->6(77)
[2026-01-28T11:30:28.195+0000][gc,heap     ] GC(34) Old regions: 24->24
[2026-01-28T11:30:28.195+0000][gc,heap     ] GC(34) Humongous regions: 130->130
[2026-01-28T11:30:28.195+0000][gc,metaspace] GC(34) Metaspace: 15745K(16192K)->15745K(16192K) NonClass: 14002K(14208K)->14002K(14208K) Class: 1742K(1984K)->1742K(1984K)
[2026-01-28T11:30:28.195+0000][gc          ] GC(34) Pause Young (Normal) (G1 Evacuation Pause) 767M->159M(1024M) 6.119ms
[2026-01-28T11:30:28.195+0000][gc,cpu      ] GC(34) User=0.03s Sys=0.00s Real=0.00s
[2026-01-28T11:30:58.400+0000][gc,start    ] GC(35) Pause Young (Normal) (G1 Evacuation Pause)
[2026-01-28T11:30:58.401+0000][gc,task     ] GC(35) Using 10 workers of 10 for evacuation
[2026-01-28T11:30:58.406+0000][gc,phases   ] GC(35)   Pre Evacuate Collection Set: 0.8ms
[2026-01-28T11:30:58.406+0000][gc,phases   ] GC(35)   Merge Heap Roots: 0.2ms
[2026-01-28T11:30:58.406+0000][gc,phases   ] GC(35)   Evacuate Collection Set: 3.2ms
[2026-01-28T11:30:58.406+0000][gc,phases   ] GC(35)   Post Evacuate Collection Set: 0.9ms
[2026-01-28T11:30:58.406+0000][gc,phases   ] GC(35)   Other: 0.2ms
[2026-01-28T11:30:58.406+0000][gc,heap     ] GC(35) Eden regions: 608->0(604)
[2026-01-28T11:30:58.406+0000][gc,heap     ] GC(35) Survivor regions: 6->10(77)
[2026-01-28T11:30:58.406+0000][gc,heap     ] GC(35) Old regions: 24->24
[2026-01-28T11:30:58.406+0000][gc,heap     ] GC(35) Humongous regions: 130->130
[2026-01-28T11:30:58.406+0000][gc,metaspace] GC(35) Metaspace: 15745K(16192K)->15745K(16192K) NonClass: 14002K(14208K)->14002K(14208K) Class: 1742K(1984K)->1742K(1984K)
[2026-01-28T11:30:58.406+0000][gc          ] GC(35) Pause Young (Normal) (G1 Evacuation Pause) 767M->163M(1024M) 6.003ms
[2026-01-28T11:30:58.406+0000][gc,cpu      ] GC(35) User=0.04s Sys=0.00s Real=0.01s
[2026-01-28T11:31:38.289+0000][gc,start    ] GC(36) Pause Young (Normal) (G1 Evacuation Pause)
[2026-01-28T11:31:38.289+0000][gc,task     ] GC(36) Using 10 workers of 10 for evacuation
[2026-01-28T11:31:38.297+0000][gc,phases   ] GC(36)   Pre Evacuate Collection Set: 0.8ms
[2026-01-28T11:31:38.297+0000][gc,phases   ] GC(36)   Merge Heap Roots: 0.2ms
[2026-01-28T11:31:38.297+0000][gc,phases   ] GC(36)   Evacuate Collection Set: 5.1ms
[2026-01-28T11:31:38.297+0000][gc,phases   ] GC(36)   Post Evacuate Collection Set: 1.4ms
[2026-01-28T11:31:38.297+0000][gc,phases   ] GC(36)   Other: 0.2ms
[2026-01-28T11:31:38.297+0000][gc,heap     ] GC(36) Eden regions: 604->0(604)
[2026-01-28T11:31:38.297+0000][gc,heap     ] GC(36) Survivor regions: 10->10(77)
[2026-01-28T11:31:38.297+0000][gc,heap     ] GC(36) Old regions: 24->25
[2026-01-28T11:31:38.297+0000][gc,heap     ] GC(36) Humongous regions: 130->130
[2026-01-28T11:31:38.297+0000][gc,metaspace] GC(36) Metaspace: 15753K(16192K)->15753K(16192K) NonClass: 14010K(14208K)->14010K(14208K) Class: 1742K(1984K)->1742K(1984K)
[2026-01-28T11:31:38.297+0000][gc          ] GC(36) Pause Young (Normal) (G1 Evacuation Pause) 767M->163M(1024M) 8.435ms
[2026-01-28T11:31:38.297+0000][gc,cpu      ] GC(36) User=0.06s Sys=0.00s Real=0.01s
[2026-01-28T11:32:18.210+0000][gc,start    ] GC(37) Pause Young (Normal) (G1 Evacuation Pause)
[2026-01-28T11:32:18.211+0000][gc,task     ] GC(37) Using 10 workers of 10 for evacuation
[2026-01-28T11:32:18.219+0000][gc,phases   ] GC(37)   Pre Evacuate Collection Set: 0.9ms
[2026-01-28T11:32:18.219+0000][gc,phases   ] GC(37)   Merge Heap Roots: 0.2ms
[2026-01-28T11:32:18.219+0000][gc,phases   ] GC(37)   Evacuate Collection Set: 5.9ms
[2026-01-28T11:32:18.219+0000][gc,phases   ] GC(37)   Post Evacuate Collection Set: 0.9ms
[2026-01-28T11:32:18.220+0000][gc,phases   ] GC(37)   Other: 0.3ms
[2026-01-28T11:32:18.220+0000][gc,heap     ] GC(37) Eden regions: 604->0(604)
[2026-01-28T11:32:18.220+0000][gc,heap     ] GC(37) Survivor regions: 10->10(77)
[2026-01-28T11:32:18.220+0000][gc,heap     ] GC(37) Old regions: 25->25
[2026-01-28T11:32:18.220+0000][gc,heap     ] GC(37) Humongous regions: 130->130
[2026-01-28T11:32:18.220+0000][gc,metaspace] GC(37) Metaspace: 15985K(16448K)->15985K(16448K) NonClass: 14207K(14400K)->14207K(14400K) Class: 1778K(2048K)->1778K(2048K)
[2026-01-28T11:32:18.220+0000][gc          ] GC(37) Pause Young (Normal) (G1 Evacuation Pause) 767M->163M(1024M) 9.947ms
[2026-01-28T11:32:18.220+0000][gc,cpu      ] GC(37) User=0.06s Sys=0.00s Real=0.01s
[2026-01-28T11:32:48.469+0000][gc,start    ] GC(38) Pause Young (Normal) (G1 Evacuation Pause)
[2026-01-28T11:32:48.470+0000][gc,task     ] GC(38) Using 10 workers of 10 for evacuation
[2026-01-28T11:32:48.475+0000][gc,phases   ] GC(38)   Pre Evacuate Collection Set: 0.9ms
[2026-01-28T11:32:48.475+0000][gc,phases   ] GC(38)   Merge Heap Roots: 0.2ms
[2026-01-28T11:32:48.475+0000][gc,phases   ] GC(38)   Evacuate Collection Set: 3.2ms
[2026-01-28T11:32:48.475+0000][gc,phases   ] GC(38)   Post Evacuate Collection Set: 1.0ms
[2026-01-28T11:32:48.475+0000][gc,phases   ] GC(38)   Other: 0.2ms
[2026-01-28T11:32:48.475+0000][gc,heap     ] GC(38) Eden regions: 604->0(605)
[2026-01-28T11:32:48.475+0000][gc,heap     ] GC(38) Survivor regions: 10->9(77)
[2026-01-28T11:32:48.475+0000][gc,heap     ] GC(38) Old regions: 25->25
[2026-01-28T11:32:48.475+0000][gc,heap     ] GC(38) Humongous regions: 130->130
[2026-01-28T11:32:48.476+0000][gc,metaspace] GC(38) Metaspace: 15986K(16448K)->15986K(16448K) NonClass: 14207K(14400K)->14207K(14400K) Class: 1778K(2048K)->1778K(2048K)
[2026-01-28T11:32:48.476+0000][gc          ] GC(38) Pause Young (Normal) (G1 Evacuation Pause) 767M->162M(1024M) 6.313ms
[2026-01-28T11:32:48.476+0000][gc,cpu      ] GC(38) User=0.04s Sys=0.00s Real=0.00s
[2026-01-28T11:33:28.343+0000][gc,start    ] GC(39) Pause Young (Normal) (G1 Evacuation Pause)
[2026-01-28T11:33:28.344+0000][gc,task     ] GC(39) Using 10 workers of 10 for evacuation
[2026-01-28T11:33:28.352+0000][gc,phases   ] GC(39)   Pre Evacuate Collection Set: 0.8ms
[2026-01-28T11:33:28.353+0000][gc,phases   ] GC(39)   Merge Heap Roots: 0.2ms
[2026-01-28T11:33:28.353+0000][gc,phases   ] GC(39)   Evacuate Collection Set: 5.4ms
[2026-01-28T11:33:28.353+0000][gc,phases   ] GC(39)   Post Evacuate Collection Set: 2.0ms
[2026-01-28T11:33:28.353+0000][gc,phases   ] GC(39)   Other: 0.4ms
[2026-01-28T11:33:28.353+0000][gc,heap     ] GC(39) Eden regions: 605->0(605)
[2026-01-28T11:33:28.353+0000][gc,heap     ] GC(39) Survivor regions: 9->9(77)
[2026-01-28T11:33:28.353+0000][gc,heap     ] GC(39) Old regions: 25->25
[2026-01-28T11:33:28.353+0000][gc,heap     ] GC(39) Humongous regions: 130->130
[2026-01-28T11:33:28.353+0000][gc,metaspace] GC(39) Metaspace: 15988K(16448K)->15988K(16448K) NonClass: 14209K(14400K)->14209K(14400K) Class: 1778K(2048K)->1778K(2048K)
[2026-01-28T11:33:28.353+0000][gc          ] GC(39) Pause Young (Normal) (G1 Evacuation Pause) 767M->163M(1024M) 9.934ms
[2026-01-28T11:33:28.353+0000][gc,cpu      ] GC(39) User=0.06s Sys=0.00s Real=0.01s
[2026-01-28T11:34:08.219+0000][gc,start    ] GC(40) Pause Young (Normal) (G1 Evacuation Pause)
[2026-01-28T11:34:08.219+0000][gc,task     ] GC(40) Using 10 workers of 10 for evacuation
[2026-01-28T11:34:08.227+0000][gc,phases   ] GC(40)   Pre Evacuate Collection Set: 0.8ms
[2026-01-28T11:34:08.227+0000][gc,phases   ] GC(40)   Merge Heap Roots: 0.2ms
[2026-01-28T11:34:08.227+0000][gc,phases   ] GC(40)   Evacuate Collection Set: 5.3ms
[2026-01-28T11:34:08.227+0000][gc,phases   ] GC(40)   Post Evacuate Collection Set: 0.8ms
[2026-01-28T11:34:08.227+0000][gc,phases   ] GC(40)   Other: 0.2ms
[2026-01-28T11:34:08.227+0000][gc,heap     ] GC(40) Eden regions: 605->0(605)
[2026-01-28T11:34:08.227+0000][gc,heap     ] GC(40) Survivor regions: 9->9(77)
[2026-01-28T11:34:08.227+0000][gc,heap     ] GC(40) Old regions: 25->25
[2026-01-28T11:34:08.227+0000][gc,heap     ] GC(40) Humongous regions: 130->130
[2026-01-28T11:34:08.227+0000][gc,metaspace] GC(40) Metaspace: 15988K(16448K)->15988K(16448K) NonClass: 14209K(14400K)->14209K(14400K) Class: 1778K(2048K)->1778K(2048K)
[2026-01-28T11:34:08.227+0000][gc          ] GC(40) Pause Young (Normal) (G1 Evacuation Pause) 768M->162M(1024M) 8.369ms
[2026-01-28T11:34:08.227+0000][gc,cpu      ] GC(40) User=0.06s Sys=0.01s Real=0.01s
[2026-01-28T11:34:40.710+0000][gc,start    ] GC(41) Pause Young (Normal) (G1 Evacuation Pause)
[2026-01-28T11:34:40.710+0000][gc,task     ] GC(41) Using 10 workers of 10 for evacuation
[2026-01-28T11:34:40.727+0000][gc,phases   ] GC(41)   Pre Evacuate Collection Set: 0.9ms
[2026-01-28T11:34:40.727+0000][gc,phases   ] GC(41)   Merge Heap Roots: 0.2ms
[2026-01-28T11:34:40.727+0000][gc,phases   ] GC(41)   Evacuate Collection Set: 10.6ms
[2026-01-28T11:34:40.727+0000][gc,phases   ] GC(41)   Post Evacuate Collection Set: 4.2ms
[2026-01-28T11:34:40.728+0000][gc,phases   ] GC(41)   Other: 0.2ms
[2026-01-28T11:34:40.728+0000][gc,heap     ] GC(41) Eden regions: 605->0(605)
[2026-01-28T11:34:40.728+0000][gc,heap     ] GC(41) Survivor regions: 9->9(77)
[2026-01-28T11:34:40.728+0000][gc,heap     ] GC(41) Old regions: 25->25
[2026-01-28T11:34:40.728+0000][gc,heap     ] GC(41) Humongous regions: 130->130
[2026-01-28T11:34:40.728+0000][gc,metaspace] GC(41) Metaspace: 15994K(16448K)->15994K(16448K) NonClass: 14215K(14400K)->14215K(14400K) Class: 1778K(2048K)->1778K(2048K)
[2026-01-28T11:34:40.728+0000][gc          ] GC(41) Pause Young (Normal) (G1 Evacuation Pause) 767M->162M(1024M) 18.908ms
[2026-01-28T11:34:40.729+0000][gc,cpu      ] GC(41) User=0.12s Sys=0.00s Real=0.02s
[2026-01-28T11:35:18.358+0000][gc,start    ] GC(42) Pause Young (Normal) (G1 Evacuation Pause)
[2026-01-28T11:35:18.359+0000][gc,task     ] GC(42) Using 10 workers of 10 for evacuation
[2026-01-28T11:35:18.367+0000][gc,phases   ] GC(42)   Pre Evacuate Collection Set: 0.9ms
[2026-01-28T11:35:18.367+0000][gc,phases   ] GC(42)   Merge Heap Roots: 0.4ms
[2026-01-28T11:35:18.368+0000][gc,phases   ] GC(42)   Evacuate Collection Set: 5.7ms
[2026-01-28T11:35:18.368+0000][gc,phases   ] GC(42)   Post Evacuate Collection Set: 1.3ms
[2026-01-28T11:35:18.368+0000][gc,phases   ] GC(42)   Other: 0.2ms
[2026-01-28T11:35:18.368+0000][gc,heap     ] GC(42) Eden regions: 605->0(606)
[2026-01-28T11:35:18.368+0000][gc,heap     ] GC(42) Survivor regions: 9->8(77)
[2026-01-28T11:35:18.368+0000][gc,heap     ] GC(42) Old regions: 25->25
[2026-01-28T11:35:18.368+0000][gc,heap     ] GC(42) Humongous regions: 130->130
[2026-01-28T11:35:18.368+0000][gc,metaspace] GC(42) Metaspace: 16002K(16448K)->16002K(16448K) NonClass: 14223K(14400K)->14223K(14400K) Class: 1778K(2048K)->1778K(2048K)
[2026-01-28T11:35:18.368+0000][gc          ] GC(42) Pause Young (Normal) (G1 Evacuation Pause) 767M->162M(1024M) 10.082ms
[2026-01-28T11:35:18.368+0000][gc,cpu      ] GC(42) User=0.07s Sys=0.00s Real=0.01s
[2026-01-28T11:35:58.220+0000][gc,start    ] GC(43) Pause Young (Normal) (G1 Evacuation Pause)
[2026-01-28T11:35:58.221+0000][gc,task     ] GC(43) Using 10 workers of 10 for evacuation
[2026-01-28T11:35:58.230+0000][gc,phases   ] GC(43)   Pre Evacuate Collection Set: 0.7ms
[2026-01-28T11:35:58.230+0000][gc,phases   ] GC(43)   Merge Heap Roots: 0.2ms
[2026-01-28T11:35:58.230+0000][gc,phases   ] GC(43)   Evacuate Collection Set: 7.2ms
[2026-01-28T11:35:58.230+0000][gc,phases   ] GC(43)   Post Evacuate Collection Set: 0.8ms
[2026-01-28T11:35:58.230+0000][gc,phases   ] GC(43)   Other: 0.2ms
[2026-01-28T11:35:58.230+0000][gc,heap     ] GC(43) Eden regions: 606->0(606)
[2026-01-28T11:35:58.230+0000][gc,heap     ] GC(43) Survivor regions: 8->8(77)
[2026-01-28T11:35:58.230+0000][gc,heap     ] GC(43) Old regions: 25->26
[2026-01-28T11:35:58.230+0000][gc,heap     ] GC(43) Humongous regions: 130->130
[2026-01-28T11:35:58.230+0000][gc,metaspace] GC(43) Metaspace: 16004K(16448K)->16004K(16448K) NonClass: 14226K(14400K)->14226K(14400K) Class: 1778K(2048K)->1778K(2048K)
[2026-01-28T11:35:58.230+0000][gc          ] GC(43) Pause Young (Normal) (G1 Evacuation Pause) 768M->162M(1024M) 10.761ms
[2026-01-28T11:35:58.231+0000][gc,cpu      ] GC(43) User=0.07s Sys=0.00s Real=0.01s
[2026-01-28T11:36:38.142+0000][gc,start    ] GC(44) Pause Young (Normal) (G1 Evacuation Pause)
[2026-01-28T11:36:38.142+0000][gc,task     ] GC(44) Using 10 workers of 10 for evacuation
[2026-01-28T11:36:38.154+0000][gc,phases   ] GC(44)   Pre Evacuate Collection Set: 1.5ms
[2026-01-28T11:36:38.154+0000][gc,phases   ] GC(44)   Merge Heap Roots: 0.3ms
[2026-01-28T11:36:38.154+0000][gc,phases   ] GC(44)   Evacuate Collection Set: 7.4ms
[2026-01-28T11:36:38.154+0000][gc,phases   ] GC(44)   Post Evacuate Collection Set: 1.9ms
[2026-01-28T11:36:38.154+0000][gc,phases   ] GC(44)   Other: 0.3ms
[2026-01-28T11:36:38.154+0000][gc,heap     ] GC(44) Eden regions: 606->0(606)
[2026-01-28T11:36:38.154+0000][gc,heap     ] GC(44) Survivor regions: 8->8(77)
[2026-01-28T11:36:38.154+0000][gc,heap     ] GC(44) Old regions: 26->26
[2026-01-28T11:36:38.154+0000][gc,heap     ] GC(44) Humongous regions: 130->130
[2026-01-28T11:36:38.154+0000][gc,metaspace] GC(44) Metaspace: 16010K(16512K)->16010K(16512K) NonClass: 14231K(14464K)->14231K(14464K) Class: 1778K(2048K)->1778K(2048K)
[2026-01-28T11:36:38.154+0000][gc          ] GC(44) Pause Young (Normal) (G1 Evacuation Pause) 768M->162M(1024M) 12.398ms
[2026-01-28T11:36:38.154+0000][gc,cpu      ] GC(44) User=0.09s Sys=0.01s Real=0.01s
[2026-01-28T11:37:08.356+0000][gc,start    ] GC(45) Pause Young (Normal) (G1 Evacuation Pause)
[2026-01-28T11:37:08.357+0000][gc,task     ] GC(45) Using 10 workers of 10 for evacuation
[2026-01-28T11:37:08.367+0000][gc,phases   ] GC(45)   Pre Evacuate Collection Set: 2.3ms
[2026-01-28T11:37:08.367+0000][gc,phases   ] GC(45)   Merge Heap Roots: 0.3ms
[2026-01-28T11:37:08.367+0000][gc,phases   ] GC(45)   Evacuate Collection Set: 6.3ms
[2026-01-28T11:37:08.367+0000][gc,phases   ] GC(45)   Post Evacuate Collection Set: 0.9ms
[2026-01-28T11:37:08.367+0000][gc,phases   ] GC(45)   Other: 0.4ms
[2026-01-28T11:37:08.367+0000][gc,heap     ] GC(45) Eden regions: 606->0(602)
[2026-01-28T11:37:08.367+0000][gc,heap     ] GC(45) Survivor regions: 8->12(77)
[2026-01-28T11:37:08.367+0000][gc,heap     ] GC(45) Old regions: 26->26
[2026-01-28T11:37:08.367+0000][gc,heap     ] GC(45) Humongous regions: 130->130
[2026-01-28T11:37:08.367+0000][gc,metaspace] GC(45) Metaspace: 16012K(16512K)->16012K(16512K) NonClass: 14233K(14464K)->14233K(14464K) Class: 1778K(2048K)->1778K(2048K)
[2026-01-28T11:37:08.368+0000][gc          ] GC(45) Pause Young (Normal) (G1 Evacuation Pause) 768M->166M(1024M) 11.394ms
[2026-01-28T11:37:08.368+0000][gc,cpu      ] GC(45) User=0.07s Sys=0.00s Real=0.01s
[2026-01-28T11:37:21.222+0000][gc,start    ] GC(46) Pause Young (Concurrent Start) (CodeCache GC Threshold)
[2026-01-28T11:37:21.222+0000][gc,task     ] GC(46) Using 10 workers of 10 for evacuation
[2026-01-28T11:37:21.234+0000][gc,phases   ] GC(46)   Pre Evacuate Collection Set: 3.2ms
[2026-01-28T11:37:21.235+0000][gc,phases   ] GC(46)   Merge Heap Roots: 0.1ms
[2026-01-28T11:37:21.235+0000][gc,phases   ] GC(46)   Evacuate Collection Set: 6.2ms
[2026-01-28T11:37:21.235+0000][gc,phases   ] GC(46)   Post Evacuate Collection Set: 1.6ms
[2026-01-28T11:37:21.235+0000][gc,phases   ] GC(46)   Other: 0.4ms
[2026-01-28T11:37:21.235+0000][gc,heap     ] GC(46) Eden regions: 208->0(605)
[2026-01-28T11:37:21.235+0000][gc,heap     ] GC(46) Survivor regions: 12->9(77)
[2026-01-28T11:37:21.235+0000][gc,heap     ] GC(46) Old regions: 26->26
[2026-01-28T11:37:21.235+0000][gc,heap     ] GC(46) Humongous regions: 130->130
[2026-01-28T11:37:21.235+0000][gc,metaspace] GC(46) Metaspace: 16055K(16512K)->16055K(16512K) NonClass: 14266K(14464K)->14266K(14464K) Class: 1788K(2048K)->1788K(2048K)
[2026-01-28T11:37:21.235+0000][gc          ] GC(46) Pause Young (Concurrent Start) (CodeCache GC Threshold) 374M->164M(1024M) 12.923ms
[2026-01-28T11:37:21.235+0000][gc,cpu      ] GC(46) User=0.06s Sys=0.01s Real=0.01s
[2026-01-28T11:37:21.236+0000][gc          ] GC(47) Concurrent Mark Cycle
[2026-01-28T11:37:21.236+0000][gc,marking  ] GC(47) Concurrent Scan Root Regions
[2026-01-28T11:37:21.239+0000][gc,marking  ] GC(47) Concurrent Scan Root Regions 3.752ms
[2026-01-28T11:37:21.240+0000][gc,marking  ] GC(47) Concurrent Mark
[2026-01-28T11:37:21.240+0000][gc,marking  ] GC(47) Concurrent Mark From Roots
[2026-01-28T11:37:21.240+0000][gc,task     ] GC(47) Using 3 workers of 3 for marking
[2026-01-28T11:37:21.277+0000][gc,marking  ] GC(47) Concurrent Mark From Roots 37.414ms
[2026-01-28T11:37:21.277+0000][gc,marking  ] GC(47) Concurrent Preclean
[2026-01-28T11:37:21.277+0000][gc,marking  ] GC(47) Concurrent Preclean 0.221ms
[2026-01-28T11:37:21.277+0000][gc,start    ] GC(47) Pause Remark
[2026-01-28T11:37:21.331+0000][gc          ] GC(47) Pause Remark 165M->165M(1024M) 53.883ms
[2026-01-28T11:37:21.331+0000][gc,cpu      ] GC(47) User=0.26s Sys=0.04s Real=0.06s
[2026-01-28T11:37:21.332+0000][gc,marking  ] GC(47) Concurrent Mark 92.028ms
[2026-01-28T11:37:21.332+0000][gc,marking  ] GC(47) Concurrent Rebuild Remembered Sets and Scrub Regions
[2026-01-28T11:37:21.338+0000][gc,marking  ] GC(47) Concurrent Rebuild Remembered Sets and Scrub Regions 6.250ms
[2026-01-28T11:37:21.338+0000][gc,start    ] GC(47) Pause Cleanup
[2026-01-28T11:37:21.340+0000][gc          ] GC(47) Pause Cleanup 165M->165M(1024M) 2.218ms
[2026-01-28T11:37:21.340+0000][gc,cpu      ] GC(47) User=0.00s Sys=0.00s Real=0.00s
[2026-01-28T11:37:21.340+0000][gc,marking  ] GC(47) Concurrent Clear Claimed Marks
[2026-01-28T11:37:21.340+0000][gc,marking  ] GC(47) Concurrent Clear Claimed Marks 0.073ms
[2026-01-28T11:37:21.341+0000][gc,marking  ] GC(47) Concurrent Cleanup for Next Mark
[2026-01-28T11:37:21.345+0000][gc,marking  ] GC(47) Concurrent Cleanup for Next Mark 4.831ms
[2026-01-28T11:37:21.345+0000][gc          ] GC(47) Concurrent Mark Cycle 109.970ms
[2026-01-28T11:37:25.637+0000][gc,start    ] GC(48) Pause Young (Prepare Mixed) (G1 Evacuation Pause)
[2026-01-28T11:37:25.639+0000][gc,task     ] GC(48) Using 10 workers of 10 for evacuation
[2026-01-28T11:37:25.662+0000][gc,phases   ] GC(48)   Pre Evacuate Collection Set: 6.1ms
[2026-01-28T11:37:25.663+0000][gc,phases   ] GC(48)   Merge Heap Roots: 0.6ms
[2026-01-28T11:37:25.663+0000][gc,phases   ] GC(48)   Evacuate Collection Set: 13.4ms
[2026-01-28T11:37:25.663+0000][gc,phases   ] GC(48)   Post Evacuate Collection Set: 2.6ms
[2026-01-28T11:37:25.664+0000][gc,phases   ] GC(48)   Other: 0.7ms
[2026-01-28T11:37:25.664+0000][gc,heap     ] GC(48) Eden regions: 605->0(604)
[2026-01-28T11:37:25.664+0000][gc,heap     ] GC(48) Survivor regions: 9->10(77)
[2026-01-28T11:37:25.664+0000][gc,heap     ] GC(48) Old regions: 26->27
[2026-01-28T11:37:25.664+0000][gc,heap     ] GC(48) Humongous regions: 130->130
[2026-01-28T11:37:25.665+0000][gc,metaspace] GC(48) Metaspace: 16603K(17024K)->16603K(17024K) NonClass: 14791K(14976K)->14791K(14976K) Class: 1812K(2048K)->1812K(2048K)
[2026-01-28T11:37:25.665+0000][gc          ] GC(48) Pause Young (Prepare Mixed) (G1 Evacuation Pause) 769M->165M(1024M) 28.136ms
[2026-01-28T11:37:25.665+0000][gc,cpu      ] GC(48) User=0.13s Sys=0.03s Real=0.03s
[2026-01-28T11:37:28.332+0000][gc,start    ] GC(49) Pause Young (Mixed) (G1 Evacuation Pause)
[2026-01-28T11:37:28.332+0000][gc,task     ] GC(49) Using 10 workers of 10 for evacuation
[2026-01-28T11:37:28.342+0000][gc,phases   ] GC(49)   Pre Evacuate Collection Set: 0.6ms
[2026-01-28T11:37:28.342+0000][gc,phases   ] GC(49)   Merge Heap Roots: 0.2ms
[2026-01-28T11:37:28.342+0000][gc,phases   ] GC(49)   Evacuate Collection Set: 8.6ms
[2026-01-28T11:37:28.342+0000][gc,phases   ] GC(49)   Post Evacuate Collection Set: 0.7ms
[2026-01-28T11:37:28.342+0000][gc,phases   ] GC(49)   Other: 0.2ms
[2026-01-28T11:37:28.342+0000][gc,heap     ] GC(49) Eden regions: 604->0(594)
[2026-01-28T11:37:28.342+0000][gc,heap     ] GC(49) Survivor regions: 10->20(77)
[2026-01-28T11:37:28.343+0000][gc,heap     ] GC(49) Old regions: 27->26
[2026-01-28T11:37:28.343+0000][gc,heap     ] GC(49) Humongous regions: 130->130
[2026-01-28T11:37:28.343+0000][gc,metaspace] GC(49) Metaspace: 16603K(17024K)->16603K(17024K) NonClass: 14791K(14976K)->14791K(14976K) Class: 1812K(2048K)->1812K(2048K)
[2026-01-28T11:37:28.343+0000][gc          ] GC(49) Pause Young (Mixed) (G1 Evacuation Pause) 769M->174M(1024M) 11.197ms
[2026-01-28T11:37:28.343+0000][gc,cpu      ] GC(49) User=0.07s Sys=0.01s Real=0.01s
[2026-01-28T11:37:30.316+0000][gc,start    ] GC(50) Pause Young (Normal) (G1 Evacuation Pause)
[2026-01-28T11:37:30.317+0000][gc,task     ] GC(50) Using 10 workers of 10 for evacuation
[2026-01-28T11:37:30.324+0000][gc,phases   ] GC(50)   Pre Evacuate Collection Set: 2.5ms
[2026-01-28T11:37:30.324+0000][gc,phases   ] GC(50)   Merge Heap Roots: 0.2ms
[2026-01-28T11:37:30.324+0000][gc,phases   ] GC(50)   Evacuate Collection Set: 3.8ms
[2026-01-28T11:37:30.324+0000][gc,phases   ] GC(50)   Post Evacuate Collection Set: 0.6ms
[2026-01-28T11:37:30.324+0000][gc,phases   ] GC(50)   Other: 0.1ms
[2026-01-28T11:37:30.324+0000][gc,heap     ] GC(50) Eden regions: 594->0(601)
[2026-01-28T11:37:30.324+0000][gc,heap     ] GC(50) Survivor regions: 20->13(77)
[2026-01-28T11:37:30.324+0000][gc,heap     ] GC(50) Old regions: 26->26
[2026-01-28T11:37:30.324+0000][gc,heap     ] GC(50) Humongous regions: 130->130
[2026-01-28T11:37:30.324+0000][gc,metaspace] GC(50) Metaspace: 16615K(17024K)->16615K(17024K) NonClass: 14801K(14976K)->14801K(14976K) Class: 1813K(2048K)->1813K(2048K)
[2026-01-28T11:37:30.325+0000][gc          ] GC(50) Pause Young (Normal) (G1 Evacuation Pause) 768M->168M(1024M) 8.028ms
[2026-01-28T11:37:30.325+0000][gc,cpu      ] GC(50) User=0.04s Sys=0.00s Real=0.01s
[2026-01-28T11:37:32.751+0000][gc,start    ] GC(51) Pause Young (Normal) (G1 Evacuation Pause)
[2026-01-28T11:37:32.751+0000][gc,task     ] GC(51) Using 10 workers of 10 for evacuation
[2026-01-28T11:37:32.757+0000][gc,phases   ] GC(51)   Pre Evacuate Collection Set: 0.3ms
[2026-01-28T11:37:32.757+0000][gc,phases   ] GC(51)   Merge Heap Roots: 0.2ms
[2026-01-28T11:37:32.757+0000][gc,phases   ] GC(51)   Evacuate Collection Set: 4.7ms
[2026-01-28T11:37:32.757+0000][gc,phases   ] GC(51)   Post Evacuate Collection Set: 0.4ms
[2026-01-28T11:37:32.757+0000][gc,phases   ] GC(51)   Other: 0.1ms
[2026-01-28T11:37:32.757+0000][gc,heap     ] GC(51) Eden regions: 601->0(597)
[2026-01-28T11:37:32.757+0000][gc,heap     ] GC(51) Survivor regions: 13->17(77)
[2026-01-28T11:37:32.757+0000][gc,heap     ] GC(51) Old regions: 26->27
[2026-01-28T11:37:32.757+0000][gc,heap     ] GC(51) Humongous regions: 130->130
[2026-01-28T11:37:32.757+0000][gc,metaspace] GC(51) Metaspace: 16615K(17024K)->16615K(17024K) NonClass: 14801K(14976K)->14801K(14976K) Class: 1813K(2048K)->1813K(2048K)
[2026-01-28T11:37:32.758+0000][gc          ] GC(51) Pause Young (Normal) (G1 Evacuation Pause) 769M->172M(1024M) 6.337ms
[2026-01-28T11:37:32.758+0000][gc,cpu      ] GC(51) User=0.04s Sys=0.00s Real=0.00s
[2026-01-28T11:37:34.613+0000][gc,start    ] GC(52) Pause Young (Normal) (G1 Evacuation Pause)
[2026-01-28T11:37:34.615+0000][gc,task     ] GC(52) Using 10 workers of 10 for evacuation
[2026-01-28T11:37:34.625+0000][gc,phases   ] GC(52)   Pre Evacuate Collection Set: 1.2ms
[2026-01-28T11:37:34.625+0000][gc,phases   ] GC(52)   Merge Heap Roots: 0.6ms
[2026-01-28T11:37:34.625+0000][gc,phases   ] GC(52)   Evacuate Collection Set: 6.7ms
[2026-01-28T11:37:34.625+0000][gc,phases   ] GC(52)   Post Evacuate Collection Set: 0.7ms
[2026-01-28T11:37:34.626+0000][gc,phases   ] GC(52)   Other: 1.3ms
[2026-01-28T11:37:34.626+0000][gc,heap     ] GC(52) Eden regions: 597->0(602)
[2026-01-28T11:37:34.626+0000][gc,heap     ] GC(52) Survivor regions: 17->12(77)
[2026-01-28T11:37:34.626+0000][gc,heap     ] GC(52) Old regions: 27->27
[2026-01-28T11:37:34.626+0000][gc,heap     ] GC(52) Humongous regions: 130->130
[2026-01-28T11:37:34.626+0000][gc,metaspace] GC(52) Metaspace: 16618K(17024K)->16618K(17024K) NonClass: 14805K(14976K)->14805K(14976K) Class: 1813K(2048K)->1813K(2048K)
[2026-01-28T11:37:34.626+0000][gc          ] GC(52) Pause Young (Normal) (G1 Evacuation Pause) 769M->168M(1024M) 12.463ms
[2026-01-28T11:37:34.626+0000][gc,cpu      ] GC(52) User=0.06s Sys=0.00s Real=0.01s
[2026-01-28T11:37:36.493+0000][gc,start    ] GC(53) Pause Young (Normal) (G1 Evacuation Pause)
[2026-01-28T11:37:36.493+0000][gc,task     ] GC(53) Using 10 workers of 10 for evacuation
[2026-01-28T11:37:36.498+0000][gc,phases   ] GC(53)   Pre Evacuate Collection Set: 0.2ms
[2026-01-28T11:37:36.498+0000][gc,phases   ] GC(53)   Merge Heap Roots: 0.2ms
[2026-01-28T11:37:36.498+0000][gc,phases   ] GC(53)   Evacuate Collection Set: 3.6ms
[2026-01-28T11:37:36.498+0000][gc,phases   ] GC(53)   Post Evacuate Collection Set: 0.5ms
[2026-01-28T11:37:36.498+0000][gc,phases   ] GC(53)   Other: 0.1ms
[2026-01-28T11:37:36.498+0000][gc,heap     ] GC(53) Eden regions: 602->0(599)
[2026-01-28T11:37:36.498+0000][gc,heap     ] GC(53) Survivor regions: 12->15(77)
[2026-01-28T11:37:36.498+0000][gc,heap     ] GC(53) Old regions: 27->27
[2026-01-28T11:37:36.498+0000][gc,heap     ] GC(53) Humongous regions: 130->130
[2026-01-28T11:37:36.498+0000][gc,metaspace] GC(53) Metaspace: 16619K(17024K)->16619K(17024K) NonClass: 14805K(14976K)->14805K(14976K) Class: 1813K(2048K)->1813K(2048K)
[2026-01-28T11:37:36.498+0000][gc          ] GC(53) Pause Young (Normal) (G1 Evacuation Pause) 770M->171M(1024M) 5.035ms
[2026-01-28T11:37:36.498+0000][gc,cpu      ] GC(53) User=0.03s Sys=0.00s Real=0.00s
[2026-01-28T11:37:38.205+0000][gc,start    ] GC(54) Pause Young (Normal) (G1 Evacuation Pause)
[2026-01-28T11:37:38.205+0000][gc,task     ] GC(54) Using 10 workers of 10 for evacuation
[2026-01-28T11:37:38.209+0000][gc,phases   ] GC(54)   Pre Evacuate Collection Set: 0.2ms
[2026-01-28T11:37:38.209+0000][gc,phases   ] GC(54)   Merge Heap Roots: 0.2ms
[2026-01-28T11:37:38.209+0000][gc,phases   ] GC(54)   Evacuate Collection Set: 2.4ms
[2026-01-28T11:37:38.209+0000][gc,phases   ] GC(54)   Post Evacuate Collection Set: 0.4ms
[2026-01-28T11:37:38.209+0000][gc,phases   ] GC(54)   Other: 0.1ms
[2026-01-28T11:37:38.209+0000][gc,heap     ] GC(54) Eden regions: 599->0(599)
[2026-01-28T11:37:38.209+0000][gc,heap     ] GC(54) Survivor regions: 15->15(77)
[2026-01-28T11:37:38.209+0000][gc,heap     ] GC(54) Old regions: 27->28
[2026-01-28T11:37:38.209+0000][gc,heap     ] GC(54) Humongous regions: 130->130
[2026-01-28T11:37:38.209+0000][gc,metaspace] GC(54) Metaspace: 16620K(17024K)->16620K(17024K) NonClass: 14807K(14976K)->14807K(14976K) Class: 1813K(2048K)->1813K(2048K)
[2026-01-28T11:37:38.209+0000][gc          ] GC(54) Pause Young (Normal) (G1 Evacuation Pause) 770M->171M(1024M) 4.032ms
[2026-01-28T11:37:38.209+0000][gc,cpu      ] GC(54) User=0.02s Sys=0.00s Real=0.00s
[2026-01-28T11:37:40.160+0000][gc,start    ] GC(55) Pause Young (Normal) (G1 Evacuation Pause)
[2026-01-28T11:37:40.160+0000][gc,task     ] GC(55) Using 10 workers of 10 for evacuation
[2026-01-28T11:37:40.168+0000][gc,phases   ] GC(55)   Pre Evacuate Collection Set: 0.7ms
[2026-01-28T11:37:40.168+0000][gc,phases   ] GC(55)   Merge Heap Roots: 0.2ms
[2026-01-28T11:37:40.168+0000][gc,phases   ] GC(55)   Evacuate Collection Set: 5.9ms
[2026-01-28T11:37:40.168+0000][gc,phases   ] GC(55)   Post Evacuate Collection Set: 0.8ms
[2026-01-28T11:37:40.168+0000][gc,phases   ] GC(55)   Other: 0.2ms
[2026-01-28T11:37:40.168+0000][gc,heap     ] GC(55) Eden regions: 599->0(598)
[2026-01-28T11:37:40.168+0000][gc,heap     ] GC(55) Survivor regions: 15->16(77)
[2026-01-28T11:37:40.168+0000][gc,heap     ] GC(55) Old regions: 28->28
[2026-01-28T11:37:40.168+0000][gc,heap     ] GC(55) Humongous regions: 130->130
[2026-01-28T11:37:40.168+0000][gc,metaspace] GC(55) Metaspace: 16620K(17024K)->16620K(17024K) NonClass: 14807K(14976K)->14807K(14976K) Class: 1813K(2048K)->1813K(2048K)
[2026-01-28T11:37:40.169+0000][gc          ] GC(55) Pause Young (Normal) (G1 Evacuation Pause) 770M->172M(1024M) 8.894ms
[2026-01-28T11:37:40.169+0000][gc,cpu      ] GC(55) User=0.06s Sys=0.00s Real=0.01s
[2026-01-28T11:37:42.144+0000][gc,start    ] GC(56) Pause Young (Normal) (G1 Evacuation Pause)
[2026-01-28T11:37:42.144+0000][gc,task     ] GC(56) Using 10 workers of 10 for evacuation
[2026-01-28T11:37:42.152+0000][gc,phases   ] GC(56)   Pre Evacuate Collection Set: 0.2ms
[2026-01-28T11:37:42.152+0000][gc,phases   ] GC(56)   Merge Heap Roots: 0.2ms
[2026-01-28T11:37:42.152+0000][gc,phases   ] GC(56)   Evacuate Collection Set: 6.6ms
[2026-01-28T11:37:42.152+0000][gc,phases   ] GC(56)   Post Evacuate Collection Set: 0.8ms
[2026-01-28T11:37:42.152+0000][gc,phases   ] GC(56)   Other: 0.1ms
[2026-01-28T11:37:42.152+0000][gc,heap     ] GC(56) Eden regions: 598->0(595)
[2026-01-28T11:37:42.152+0000][gc,heap     ] GC(56) Survivor regions: 16->19(77)
[2026-01-28T11:37:42.152+0000][gc,heap     ] GC(56) Old regions: 28->28
[2026-01-28T11:37:42.152+0000][gc,heap     ] GC(56) Humongous regions: 130->130
[2026-01-28T11:37:42.152+0000][gc,metaspace] GC(56) Metaspace: 16621K(17024K)->16621K(17024K) NonClass: 14807K(14976K)->14807K(14976K) Class: 1813K(2048K)->1813K(2048K)
[2026-01-28T11:37:42.153+0000][gc          ] GC(56) Pause Young (Normal) (G1 Evacuation Pause) 770M->176M(1024M) 8.712ms
[2026-01-28T11:37:42.153+0000][gc,cpu      ] GC(56) User=0.06s Sys=0.00s Real=0.01s
[2026-01-28T11:37:44.137+0000][gc,start    ] GC(57) Pause Young (Normal) (G1 Evacuation Pause)
[2026-01-28T11:37:44.137+0000][gc,task     ] GC(57) Using 10 workers of 10 for evacuation
[2026-01-28T11:37:44.140+0000][gc,phases   ] GC(57)   Pre Evacuate Collection Set: 0.3ms
[2026-01-28T11:37:44.140+0000][gc,phases   ] GC(57)   Merge Heap Roots: 0.2ms
[2026-01-28T11:37:44.140+0000][gc,phases   ] GC(57)   Evacuate Collection Set: 2.4ms
[2026-01-28T11:37:44.140+0000][gc,phases   ] GC(57)   Post Evacuate Collection Set: 0.4ms
[2026-01-28T11:37:44.140+0000][gc,phases   ] GC(57)   Other: 0.1ms
[2026-01-28T11:37:44.140+0000][gc,heap     ] GC(57) Eden regions: 595->0(601)
[2026-01-28T11:37:44.140+0000][gc,heap     ] GC(57) Survivor regions: 19->13(77)
[2026-01-28T11:37:44.140+0000][gc,heap     ] GC(57) Old regions: 28->29
[2026-01-28T11:37:44.140+0000][gc,heap     ] GC(57) Humongous regions: 130->130
[2026-01-28T11:37:44.140+0000][gc,metaspace] GC(57) Metaspace: 16621K(17024K)->16621K(17024K) NonClass: 14807K(14976K)->14807K(14976K) Class: 1813K(2048K)->1813K(2048K)
[2026-01-28T11:37:44.141+0000][gc          ] GC(57) Pause Young (Normal) (G1 Evacuation Pause) 771M->170M(1024M) 4.020ms
[2026-01-28T11:37:44.141+0000][gc,cpu      ] GC(57) User=0.03s Sys=0.00s Real=0.00s
[2026-01-28T11:37:46.027+0000][gc,start    ] GC(58) Pause Young (Normal) (G1 Evacuation Pause)
[2026-01-28T11:37:46.027+0000][gc,task     ] GC(58) Using 10 workers of 10 for evacuation
[2026-01-28T11:37:46.047+0000][gc,phases   ] GC(58)   Pre Evacuate Collection Set: 1.1ms
[2026-01-28T11:37:46.047+0000][gc,phases   ] GC(58)   Merge Heap Roots: 0.3ms
[2026-01-28T11:37:46.047+0000][gc,phases   ] GC(58)   Evacuate Collection Set: 14.9ms
[2026-01-28T11:37:46.047+0000][gc,phases   ] GC(58)   Post Evacuate Collection Set: 1.3ms
[2026-01-28T11:37:46.047+0000][gc,phases   ] GC(58)   Other: 1.2ms
[2026-01-28T11:37:46.047+0000][gc,heap     ] GC(58) Eden regions: 601->0(598)
[2026-01-28T11:37:46.047+0000][gc,heap     ] GC(58) Survivor regions: 13->16(77)
[2026-01-28T11:37:46.047+0000][gc,heap     ] GC(58) Old regions: 29->29
[2026-01-28T11:37:46.047+0000][gc,heap     ] GC(58) Humongous regions: 130->130
[2026-01-28T11:37:46.047+0000][gc,metaspace] GC(58) Metaspace: 16621K(17024K)->16621K(17024K) NonClass: 14807K(14976K)->14807K(14976K) Class: 1813K(2048K)->1813K(2048K)
[2026-01-28T11:37:46.047+0000][gc          ] GC(58) Pause Young (Normal) (G1 Evacuation Pause) 771M->174M(1024M) 20.752ms
[2026-01-28T11:37:46.047+0000][gc,cpu      ] GC(58) User=0.15s Sys=0.00s Real=0.02s
[2026-01-28T11:37:48.233+0000][gc,start    ] GC(59) Pause Young (Normal) (G1 Evacuation Pause)
[2026-01-28T11:37:48.233+0000][gc,task     ] GC(59) Using 10 workers of 10 for evacuation
[2026-01-28T11:37:48.238+0000][gc,phases   ] GC(59)   Pre Evacuate Collection Set: 0.6ms
[2026-01-28T11:37:48.238+0000][gc,phases   ] GC(59)   Merge Heap Roots: 0.2ms
[2026-01-28T11:37:48.238+0000][gc,phases   ] GC(59)   Evacuate Collection Set: 3.8ms
[2026-01-28T11:37:48.238+0000][gc,phases   ] GC(59)   Post Evacuate Collection Set: 0.5ms
[2026-01-28T11:37:48.238+0000][gc,phases   ] GC(59)   Other: 0.2ms
[2026-01-28T11:37:48.238+0000][gc,heap     ] GC(59) Eden regions: 598->0(602)
[2026-01-28T11:37:48.239+0000][gc,heap     ] GC(59) Survivor regions: 16->12(77)
[2026-01-28T11:37:48.239+0000][gc,heap     ] GC(59) Old regions: 29->30
[2026-01-28T11:37:48.239+0000][gc,heap     ] GC(59) Humongous regions: 130->130
[2026-01-28T11:37:48.239+0000][gc,metaspace] GC(59) Metaspace: 16625K(17024K)->16625K(17024K) NonClass: 14811K(14976K)->14811K(14976K) Class: 1813K(2048K)->1813K(2048K)
[2026-01-28T11:37:48.239+0000][gc          ] GC(59) Pause Young (Normal) (G1 Evacuation Pause) 772M->170M(1024M) 6.117ms
[2026-01-28T11:37:48.239+0000][gc,cpu      ] GC(59) User=0.04s Sys=0.00s Real=0.00s
[2026-01-28T11:37:49.468+0000][gc,start    ] GC(60) Pause Young (Normal) (G1 Evacuation Pause)
[2026-01-28T11:37:49.468+0000][gc,task     ] GC(60) Using 10 workers of 10 for evacuation
[2026-01-28T11:37:49.472+0000][gc,phases   ] GC(60)   Pre Evacuate Collection Set: 0.3ms
[2026-01-28T11:37:49.472+0000][gc,phases   ] GC(60)   Merge Heap Roots: 0.2ms
[2026-01-28T11:37:49.473+0000][gc,phases   ] GC(60)   Evacuate Collection Set: 3.4ms
[2026-01-28T11:37:49.473+0000][gc,phases   ] GC(60)   Post Evacuate Collection Set: 0.5ms
[2026-01-28T11:37:49.473+0000][gc,phases   ] GC(60)   Other: 0.1ms
[2026-01-28T11:37:49.473+0000][gc,heap     ] GC(60) Eden regions: 602->0(603)
[2026-01-28T11:37:49.473+0000][gc,heap     ] GC(60) Survivor regions: 12->11(77)
[2026-01-28T11:37:49.473+0000][gc,heap     ] GC(60) Old regions: 30->30
[2026-01-28T11:37:49.473+0000][gc,heap     ] GC(60) Humongous regions: 130->130
[2026-01-28T11:37:49.473+0000][gc,metaspace] GC(60) Metaspace: 16627K(17024K)->16627K(17024K) NonClass: 14813K(14976K)->14813K(14976K) Class: 1813K(2048K)->1813K(2048K)
[2026-01-28T11:37:49.473+0000][gc          ] GC(60) Pause Young (Normal) (G1 Evacuation Pause) 772M->169M(1024M) 5.175ms
[2026-01-28T11:37:49.473+0000][gc,cpu      ] GC(60) User=0.02s Sys=0.00s Real=0.01s
[2026-01-28T11:37:51.264+0000][gc,start    ] GC(61) Pause Young (Normal) (G1 Evacuation Pause)
[2026-01-28T11:37:51.264+0000][gc,task     ] GC(61) Using 10 workers of 10 for evacuation
[2026-01-28T11:37:51.271+0000][gc,phases   ] GC(61)   Pre Evacuate Collection Set: 0.4ms
[2026-01-28T11:37:51.271+0000][gc,phases   ] GC(61)   Merge Heap Roots: 0.2ms
[2026-01-28T11:37:51.271+0000][gc,phases   ] GC(61)   Evacuate Collection Set: 4.9ms
[2026-01-28T11:37:51.271+0000][gc,phases   ] GC(61)   Post Evacuate Collection Set: 0.8ms
[2026-01-28T11:37:51.271+0000][gc,phases   ] GC(61)   Other: 0.1ms
[2026-01-28T11:37:51.271+0000][gc,heap     ] GC(61) Eden regions: 603->0(604)
[2026-01-28T11:37:51.271+0000][gc,heap     ] GC(61) Survivor regions: 11->10(77)
[2026-01-28T11:37:51.271+0000][gc,heap     ] GC(61) Old regions: 30->30
[2026-01-28T11:37:51.271+0000][gc,heap     ] GC(61) Humongous regions: 130->130
[2026-01-28T11:37:51.271+0000][gc,metaspace] GC(61) Metaspace: 16628K(17024K)->16628K(17024K) NonClass: 14814K(14976K)->14814K(14976K) Class: 1813K(2048K)->1813K(2048K)
[2026-01-28T11:37:51.271+0000][gc          ] GC(61) Pause Young (Normal) (G1 Evacuation Pause) 772M->169M(1024M) 7.480ms
[2026-01-28T11:37:51.272+0000][gc,cpu      ] GC(61) User=0.04s Sys=0.00s Real=0.01s
[2026-01-28T11:37:52.732+0000][gc,start    ] GC(62) Pause Young (Normal) (G1 Evacuation Pause)
[2026-01-28T11:37:52.732+0000][gc,task     ] GC(62) Using 10 workers of 10 for evacuation
[2026-01-28T11:37:52.734+0000][gc,phases   ] GC(62)   Pre Evacuate Collection Set: 0.2ms
[2026-01-28T11:37:52.735+0000][gc,phases   ] GC(62)   Merge Heap Roots: 0.2ms
[2026-01-28T11:37:52.735+0000][gc,phases   ] GC(62)   Evacuate Collection Set: 2.0ms
[2026-01-28T11:37:52.735+0000][gc,phases   ] GC(62)   Post Evacuate Collection Set: 0.4ms
[2026-01-28T11:37:52.735+0000][gc,phases   ] GC(62)   Other: 0.1ms
[2026-01-28T11:37:52.735+0000][gc,heap     ] GC(62) Eden regions: 604->0(602)
[2026-01-28T11:37:52.735+0000][gc,heap     ] GC(62) Survivor regions: 10->12(77)
[2026-01-28T11:37:52.735+0000][gc,heap     ] GC(62) Old regions: 30->30
[2026-01-28T11:37:52.735+0000][gc,heap     ] GC(62) Humongous regions: 130->130
[2026-01-28T11:37:52.735+0000][gc,metaspace] GC(62) Metaspace: 16628K(17024K)->16628K(17024K) NonClass: 14814K(14976K)->14814K(14976K) Class: 1813K(2048K)->1813K(2048K)
[2026-01-28T11:37:52.735+0000][gc          ] GC(62) Pause Young (Normal) (G1 Evacuation Pause) 773M->171M(1024M) 3.554ms
[2026-01-28T11:37:52.735+0000][gc,cpu      ] GC(62) User=0.02s Sys=0.00s Real=0.00s
[2026-01-28T11:37:54.166+0000][gc,start    ] GC(63) Pause Young (Normal) (G1 Evacuation Pause)
[2026-01-28T11:37:54.166+0000][gc,task     ] GC(63) Using 10 workers of 10 for evacuation
[2026-01-28T11:37:54.171+0000][gc,phases   ] GC(63)   Pre Evacuate Collection Set: 0.3ms
[2026-01-28T11:37:54.171+0000][gc,phases   ] GC(63)   Merge Heap Roots: 0.2ms
[2026-01-28T11:37:54.171+0000][gc,phases   ] GC(63)   Evacuate Collection Set: 3.8ms
[2026-01-28T11:37:54.171+0000][gc,phases   ] GC(63)   Post Evacuate Collection Set: 0.4ms
[2026-01-28T11:37:54.171+0000][gc,phases   ] GC(63)   Other: 0.1ms
[2026-01-28T11:37:54.171+0000][gc,heap     ] GC(63) Eden regions: 602->0(600)
[2026-01-28T11:37:54.171+0000][gc,heap     ] GC(63) Survivor regions: 12->14(77)
[2026-01-28T11:37:54.171+0000][gc,heap     ] GC(63) Old regions: 30->34
[2026-01-28T11:37:54.171+0000][gc,heap     ] GC(63) Humongous regions: 130->130
[2026-01-28T11:37:54.171+0000][gc,metaspace] GC(63) Metaspace: 16630K(17024K)->16630K(17024K) NonClass: 14816K(14976K)->14816K(14976K) Class: 1814K(2048K)->1814K(2048K)
[2026-01-28T11:37:54.171+0000][gc          ] GC(63) Pause Young (Normal) (G1 Evacuation Pause) 773M->177M(1024M) 5.465ms
[2026-01-28T11:37:54.171+0000][gc,cpu      ] GC(63) User=0.04s Sys=0.01s Real=0.00s
[2026-01-28T11:37:55.815+0000][gc,start    ] GC(64) Pause Young (Normal) (G1 Evacuation Pause)
[2026-01-28T11:37:55.815+0000][gc,task     ] GC(64) Using 10 workers of 10 for evacuation
[2026-01-28T11:37:55.821+0000][gc,phases   ] GC(64)   Pre Evacuate Collection Set: 0.7ms
[2026-01-28T11:37:55.822+0000][gc,phases   ] GC(64)   Merge Heap Roots: 0.2ms
[2026-01-28T11:37:55.822+0000][gc,phases   ] GC(64)   Evacuate Collection Set: 4.2ms
[2026-01-28T11:37:55.822+0000][gc,phases   ] GC(64)   Post Evacuate Collection Set: 0.8ms
[2026-01-28T11:37:55.822+0000][gc,phases   ] GC(64)   Other: 0.1ms
[2026-01-28T11:37:55.822+0000][gc,heap     ] GC(64) Eden regions: 600->0(607)
[2026-01-28T11:37:55.822+0000][gc,heap     ] GC(64) Survivor regions: 14->7(77)
[2026-01-28T11:37:55.822+0000][gc,heap     ] GC(64) Old regions: 34->35
[2026-01-28T11:37:55.822+0000][gc,heap     ] GC(64) Humongous regions: 130->130
[2026-01-28T11:37:55.822+0000][gc,metaspace] GC(64) Metaspace: 16630K(17024K)->16630K(17024K) NonClass: 14816K(14976K)->14816K(14976K) Class: 1814K(2048K)->1814K(2048K)
[2026-01-28T11:37:55.822+0000][gc          ] GC(64) Pause Young (Normal) (G1 Evacuation Pause) 777M->170M(1024M) 6.699ms
[2026-01-28T11:37:55.822+0000][gc,cpu      ] GC(64) User=0.03s Sys=0.01s Real=0.01s
[2026-01-28T11:37:57.341+0000][gc,start    ] GC(65) Pause Young (Normal) (G1 Evacuation Pause)
[2026-01-28T11:37:57.342+0000][gc,task     ] GC(65) Using 10 workers of 10 for evacuation
[2026-01-28T11:37:57.347+0000][gc,phases   ] GC(65)   Pre Evacuate Collection Set: 0.4ms
[2026-01-28T11:37:57.347+0000][gc,phases   ] GC(65)   Merge Heap Roots: 0.2ms
[2026-01-28T11:37:57.347+0000][gc,phases   ] GC(65)   Evacuate Collection Set: 4.6ms
[2026-01-28T11:37:57.347+0000][gc,phases   ] GC(65)   Post Evacuate Collection Set: 0.4ms
[2026-01-28T11:37:57.347+0000][gc,phases   ] GC(65)   Other: 0.1ms
[2026-01-28T11:37:57.348+0000][gc,heap     ] GC(65) Eden regions: 607->0(602)
[2026-01-28T11:37:57.348+0000][gc,heap     ] GC(65) Survivor regions: 7->12(77)
[2026-01-28T11:37:57.348+0000][gc,heap     ] GC(65) Old regions: 35->36
[2026-01-28T11:37:57.348+0000][gc,heap     ] GC(65) Humongous regions: 130->130
[2026-01-28T11:37:57.348+0000][gc,metaspace] GC(65) Metaspace: 16630K(17024K)->16630K(17024K) NonClass: 14816K(14976K)->14816K(14976K) Class: 1814K(2048K)->1814K(2048K)
[2026-01-28T11:37:57.348+0000][gc          ] GC(65) Pause Young (Normal) (G1 Evacuation Pause) 777M->177M(1024M) 6.583ms
[2026-01-28T11:37:57.348+0000][gc,cpu      ] GC(65) User=0.04s Sys=0.01s Real=0.01s
[2026-01-28T11:37:58.382+0000][gc,start    ] GC(66) Pause Young (Normal) (G1 Evacuation Pause)
[2026-01-28T11:37:58.382+0000][gc,task     ] GC(66) Using 10 workers of 10 for evacuation
[2026-01-28T11:37:58.386+0000][gc,phases   ] GC(66)   Pre Evacuate Collection Set: 0.3ms
[2026-01-28T11:37:58.386+0000][gc,phases   ] GC(66)   Merge Heap Roots: 0.2ms
[2026-01-28T11:37:58.386+0000][gc,phases   ] GC(66)   Evacuate Collection Set: 2.6ms
[2026-01-28T11:37:58.386+0000][gc,phases   ] GC(66)   Post Evacuate Collection Set: 0.4ms
[2026-01-28T11:37:58.386+0000][gc,phases   ] GC(66)   Other: 0.1ms
[2026-01-28T11:37:58.386+0000][gc,heap     ] GC(66) Eden regions: 602->0(602)
[2026-01-28T11:37:58.386+0000][gc,heap     ] GC(66) Survivor regions: 12->12(77)
[2026-01-28T11:37:58.386+0000][gc,heap     ] GC(66) Old regions: 36->37
[2026-01-28T11:37:58.386+0000][gc,heap     ] GC(66) Humongous regions: 130->130
[2026-01-28T11:37:58.386+0000][gc,metaspace] GC(66) Metaspace: 16630K(17024K)->16630K(17024K) NonClass: 14816K(14976K)->14816K(14976K) Class: 1814K(2048K)->1814K(2048K)
[2026-01-28T11:37:58.386+0000][gc          ] GC(66) Pause Young (Normal) (G1 Evacuation Pause) 779M->177M(1024M) 4.186ms
[2026-01-28T11:37:58.386+0000][gc,cpu      ] GC(66) User=0.02s Sys=0.01s Real=0.00s
[2026-01-28T11:37:59.745+0000][gc,start    ] GC(67) Pause Young (Normal) (G1 Evacuation Pause)
[2026-01-28T11:37:59.746+0000][gc,task     ] GC(67) Using 10 workers of 10 for evacuation
[2026-01-28T11:37:59.751+0000][gc,phases   ] GC(67)   Pre Evacuate Collection Set: 0.3ms
[2026-01-28T11:37:59.751+0000][gc,phases   ] GC(67)   Merge Heap Roots: 0.2ms
[2026-01-28T11:37:59.751+0000][gc,phases   ] GC(67)   Evacuate Collection Set: 3.8ms
[2026-01-28T11:37:59.751+0000][gc,phases   ] GC(67)   Post Evacuate Collection Set: 0.6ms
[2026-01-28T11:37:59.751+0000][gc,phases   ] GC(67)   Other: 0.2ms
[2026-01-28T11:37:59.751+0000][gc,heap     ] GC(67) Eden regions: 602->0(603)
[2026-01-28T11:37:59.751+0000][gc,heap     ] GC(67) Survivor regions: 12->11(77)
[2026-01-28T11:37:59.751+0000][gc,heap     ] GC(67) Old regions: 37->37
[2026-01-28T11:37:59.751+0000][gc,heap     ] GC(67) Humongous regions: 130->130
[2026-01-28T11:37:59.751+0000][gc,metaspace] GC(67) Metaspace: 16630K(17024K)->16630K(17024K) NonClass: 14816K(14976K)->14816K(14976K) Class: 1814K(2048K)->1814K(2048K)
[2026-01-28T11:37:59.751+0000][gc          ] GC(67) Pause Young (Normal) (G1 Evacuation Pause) 779M->177M(1024M) 5.714ms
[2026-01-28T11:37:59.751+0000][gc,cpu      ] GC(67) User=0.03s Sys=0.00s Real=0.00s
[2026-01-28T11:38:01.366+0000][gc,start    ] GC(68) Pause Young (Normal) (G1 Evacuation Pause)
[2026-01-28T11:38:01.366+0000][gc,task     ] GC(68) Using 10 workers of 10 for evacuation
[2026-01-28T11:38:01.370+0000][gc,phases   ] GC(68)   Pre Evacuate Collection Set: 0.6ms
[2026-01-28T11:38:01.371+0000][gc,phases   ] GC(68)   Merge Heap Roots: 0.2ms
[2026-01-28T11:38:01.371+0000][gc,phases   ] GC(68)   Evacuate Collection Set: 2.8ms
[2026-01-28T11:38:01.371+0000][gc,phases   ] GC(68)   Post Evacuate Collection Set: 0.6ms
[2026-01-28T11:38:01.371+0000][gc,phases   ] GC(68)   Other: 0.1ms
[2026-01-28T11:38:01.371+0000][gc,heap     ] GC(68) Eden regions: 603->0(608)
[2026-01-28T11:38:01.371+0000][gc,heap     ] GC(68) Survivor regions: 11->6(77)
[2026-01-28T11:38:01.371+0000][gc,heap     ] GC(68) Old regions: 37->37
[2026-01-28T11:38:01.371+0000][gc,heap     ] GC(68) Humongous regions: 130->130
[2026-01-28T11:38:01.371+0000][gc,metaspace] GC(68) Metaspace: 16630K(17024K)->16630K(17024K) NonClass: 14816K(14976K)->14816K(14976K) Class: 1814K(2048K)->1814K(2048K)
[2026-01-28T11:38:01.371+0000][gc          ] GC(68) Pause Young (Normal) (G1 Evacuation Pause) 780M->172M(1024M) 4.914ms
[2026-01-28T11:38:01.371+0000][gc,cpu      ] GC(68) User=0.03s Sys=0.00s Real=0.00s
[2026-01-28T11:38:02.823+0000][gc,start    ] GC(69) Pause Young (Normal) (G1 Evacuation Pause)
[2026-01-28T11:38:02.823+0000][gc,task     ] GC(69) Using 10 workers of 10 for evacuation
[2026-01-28T11:38:02.826+0000][gc,phases   ] GC(69)   Pre Evacuate Collection Set: 0.2ms
[2026-01-28T11:38:02.826+0000][gc,phases   ] GC(69)   Merge Heap Roots: 0.2ms
[2026-01-28T11:38:02.826+0000][gc,phases   ] GC(69)   Evacuate Collection Set: 2.3ms
[2026-01-28T11:38:02.826+0000][gc,phases   ] GC(69)   Post Evacuate Collection Set: 0.4ms
[2026-01-28T11:38:02.826+0000][gc,phases   ] GC(69)   Other: 0.1ms
[2026-01-28T11:38:02.826+0000][gc,heap     ] GC(69) Eden regions: 608->0(606)
[2026-01-28T11:38:02.826+0000][gc,heap     ] GC(69) Survivor regions: 6->8(77)
[2026-01-28T11:38:02.826+0000][gc,heap     ] GC(69) Old regions: 37->38
[2026-01-28T11:38:02.826+0000][gc,heap     ] GC(69) Humongous regions: 130->130
[2026-01-28T11:38:02.826+0000][gc,metaspace] GC(69) Metaspace: 16630K(17024K)->16630K(17024K) NonClass: 14816K(14976K)->14816K(14976K) Class: 1814K(2048K)->1814K(2048K)
[2026-01-28T11:38:02.826+0000][gc          ] GC(69) Pause Young (Normal) (G1 Evacuation Pause) 780M->175M(1024M) 3.872ms
[2026-01-28T11:38:02.827+0000][gc,cpu      ] GC(69) User=0.02s Sys=0.00s Real=0.00s
[2026-01-28T11:38:04.229+0000][gc,start    ] GC(70) Pause Young (Normal) (G1 Evacuation Pause)
[2026-01-28T11:38:04.229+0000][gc,task     ] GC(70) Using 10 workers of 10 for evacuation
[2026-01-28T11:38:04.233+0000][gc,phases   ] GC(70)   Pre Evacuate Collection Set: 0.3ms
[2026-01-28T11:38:04.233+0000][gc,phases   ] GC(70)   Merge Heap Roots: 0.4ms
[2026-01-28T11:38:04.233+0000][gc,phases   ] GC(70)   Evacuate Collection Set: 3.2ms
[2026-01-28T11:38:04.233+0000][gc,phases   ] GC(70)   Post Evacuate Collection Set: 0.4ms
[2026-01-28T11:38:04.233+0000][gc,phases   ] GC(70)   Other: 0.1ms
[2026-01-28T11:38:04.233+0000][gc,heap     ] GC(70) Eden regions: 606->0(600)
[2026-01-28T11:38:04.233+0000][gc,heap     ] GC(70) Survivor regions: 8->14(77)
[2026-01-28T11:38:04.233+0000][gc,heap     ] GC(70) Old regions: 38->38
[2026-01-28T11:38:04.233+0000][gc,heap     ] GC(70) Humongous regions: 130->130
[2026-01-28T11:38:04.233+0000][gc,metaspace] GC(70) Metaspace: 16630K(17024K)->16630K(17024K) NonClass: 14816K(14976K)->14816K(14976K) Class: 1814K(2048K)->1814K(2048K)
[2026-01-28T11:38:04.233+0000][gc          ] GC(70) Pause Young (Normal) (G1 Evacuation Pause) 781M->180M(1024M) 4.899ms
[2026-01-28T11:38:04.233+0000][gc,cpu      ] GC(70) User=0.03s Sys=0.00s Real=0.01s
[2026-01-28T11:38:06.206+0000][gc,start    ] GC(71) Pause Young (Normal) (G1 Evacuation Pause)
[2026-01-28T11:38:06.207+0000][gc,task     ] GC(71) Using 10 workers of 10 for evacuation
[2026-01-28T11:38:06.213+0000][gc,phases   ] GC(71)   Pre Evacuate Collection Set: 0.6ms
[2026-01-28T11:38:06.213+0000][gc,phases   ] GC(71)   Merge Heap Roots: 0.2ms
[2026-01-28T11:38:06.213+0000][gc,phases   ] GC(71)   Evacuate Collection Set: 4.6ms
[2026-01-28T11:38:06.213+0000][gc,phases   ] GC(71)   Post Evacuate Collection Set: 0.7ms
[2026-01-28T11:38:06.213+0000][gc,phases   ] GC(71)   Other: 0.3ms
[2026-01-28T11:38:06.213+0000][gc,heap     ] GC(71) Eden regions: 600->0(607)
[2026-01-28T11:38:06.213+0000][gc,heap     ] GC(71) Survivor regions: 14->7(77)
[2026-01-28T11:38:06.214+0000][gc,heap     ] GC(71) Old regions: 38->38
[2026-01-28T11:38:06.214+0000][gc,heap     ] GC(71) Humongous regions: 130->130
[2026-01-28T11:38:06.214+0000][gc,metaspace] GC(71) Metaspace: 16631K(17024K)->16631K(17024K) NonClass: 14816K(14976K)->14816K(14976K) Class: 1814K(2048K)->1814K(2048K)
[2026-01-28T11:38:06.214+0000][gc          ] GC(71) Pause Young (Normal) (G1 Evacuation Pause) 780M->174M(1024M) 7.511ms
[2026-01-28T11:38:06.214+0000][gc,cpu      ] GC(71) User=0.04s Sys=0.00s Real=0.01s
[2026-01-28T11:38:08.065+0000][gc,start    ] GC(72) Pause Young (Normal) (G1 Evacuation Pause)
[2026-01-28T11:38:08.065+0000][gc,task     ] GC(72) Using 10 workers of 10 for evacuation
[2026-01-28T11:38:08.073+0000][gc,phases   ] GC(72)   Pre Evacuate Collection Set: 0.3ms
[2026-01-28T11:38:08.073+0000][gc,phases   ] GC(72)   Merge Heap Roots: 0.2ms
[2026-01-28T11:38:08.073+0000][gc,phases   ] GC(72)   Evacuate Collection Set: 5.7ms
[2026-01-28T11:38:08.073+0000][gc,phases   ] GC(72)   Post Evacuate Collection Set: 1.9ms
[2026-01-28T11:38:08.073+0000][gc,phases   ] GC(72)   Other: 0.2ms
[2026-01-28T11:38:08.073+0000][gc,heap     ] GC(72) Eden regions: 607->0(603)
[2026-01-28T11:38:08.073+0000][gc,heap     ] GC(72) Survivor regions: 7->11(77)
[2026-01-28T11:38:08.073+0000][gc,heap     ] GC(72) Old regions: 38->39
[2026-01-28T11:38:08.074+0000][gc,heap     ] GC(72) Humongous regions: 130->130
[2026-01-28T11:38:08.074+0000][gc,metaspace] GC(72) Metaspace: 16631K(17024K)->16631K(17024K) NonClass: 14816K(14976K)->14816K(14976K) Class: 1814K(2048K)->1814K(2048K)
[2026-01-28T11:38:08.074+0000][gc          ] GC(72) Pause Young (Normal) (G1 Evacuation Pause) 781M->178M(1024M) 8.916ms
[2026-01-28T11:38:08.074+0000][gc,cpu      ] GC(72) User=0.06s Sys=0.00s Real=0.01s
[2026-01-28T11:38:09.520+0000][gc,start    ] GC(73) Pause Young (Normal) (G1 Evacuation Pause)
[2026-01-28T11:38:09.520+0000][gc,task     ] GC(73) Using 10 workers of 10 for evacuation
[2026-01-28T11:38:09.525+0000][gc,phases   ] GC(73)   Pre Evacuate Collection Set: 0.4ms
[2026-01-28T11:38:09.525+0000][gc,phases   ] GC(73)   Merge Heap Roots: 0.2ms
[2026-01-28T11:38:09.525+0000][gc,phases   ] GC(73)   Evacuate Collection Set: 3.4ms
[2026-01-28T11:38:09.525+0000][gc,phases   ] GC(73)   Post Evacuate Collection Set: 0.6ms
[2026-01-28T11:38:09.525+0000][gc,phases   ] GC(73)   Other: 0.1ms
[2026-01-28T11:38:09.525+0000][gc,heap     ] GC(73) Eden regions: 603->0(609)
[2026-01-28T11:38:09.525+0000][gc,heap     ] GC(73) Survivor regions: 11->5(77)
[2026-01-28T11:38:09.525+0000][gc,heap     ] GC(73) Old regions: 39->39
[2026-01-28T11:38:09.525+0000][gc,heap     ] GC(73) Humongous regions: 130->130
[2026-01-28T11:38:09.525+0000][gc,metaspace] GC(73) Metaspace: 16631K(17024K)->16631K(17024K) NonClass: 14817K(14976K)->14817K(14976K) Class: 1814K(2048K)->1814K(2048K)
[2026-01-28T11:38:09.525+0000][gc          ] GC(73) Pause Young (Normal) (G1 Evacuation Pause) 781M->172M(1024M) 5.508ms
[2026-01-28T11:38:09.525+0000][gc,cpu      ] GC(73) User=0.03s Sys=0.01s Real=0.01s
[2026-01-28T11:38:12.324+0000][gc,start    ] GC(74) Pause Young (Normal) (G1 Evacuation Pause)
[2026-01-28T11:38:12.325+0000][gc,task     ] GC(74) Using 10 workers of 10 for evacuation
[2026-01-28T11:38:12.342+0000][gc,phases   ] GC(74)   Pre Evacuate Collection Set: 3.8ms
[2026-01-28T11:38:12.342+0000][gc,phases   ] GC(74)   Merge Heap Roots: 0.6ms
[2026-01-28T11:38:12.342+0000][gc,phases   ] GC(74)   Evacuate Collection Set: 10.9ms
[2026-01-28T11:38:12.343+0000][gc,phases   ] GC(74)   Post Evacuate Collection Set: 1.1ms
[2026-01-28T11:38:12.343+0000][gc,phases   ] GC(74)   Other: 0.8ms
[2026-01-28T11:38:12.343+0000][gc,heap     ] GC(74) Eden regions: 609->0(608)
[2026-01-28T11:38:12.343+0000][gc,heap     ] GC(74) Survivor regions: 5->6(77)
[2026-01-28T11:38:12.343+0000][gc,heap     ] GC(74) Old regions: 39->39
[2026-01-28T11:38:12.343+0000][gc,heap     ] GC(74) Humongous regions: 130->130
[2026-01-28T11:38:12.343+0000][gc,metaspace] GC(74) Metaspace: 16631K(17024K)->16631K(17024K) NonClass: 14817K(14976K)->14817K(14976K) Class: 1814K(2048K)->1814K(2048K)
[2026-01-28T11:38:12.343+0000][gc          ] GC(74) Pause Young (Normal) (G1 Evacuation Pause) 781M->174M(1024M) 18.589ms
[2026-01-28T11:38:12.343+0000][gc,cpu      ] GC(74) User=0.13s Sys=0.00s Real=0.02s
[2026-01-28T11:38:14.417+0000][gc,start    ] GC(75) Pause Young (Normal) (G1 Evacuation Pause)
[2026-01-28T11:38:14.417+0000][gc,task     ] GC(75) Using 10 workers of 10 for evacuation
[2026-01-28T11:38:14.422+0000][gc,phases   ] GC(75)   Pre Evacuate Collection Set: 0.3ms
[2026-01-28T11:38:14.422+0000][gc,phases   ] GC(75)   Merge Heap Roots: 0.1ms
[2026-01-28T11:38:14.423+0000][gc,phases   ] GC(75)   Evacuate Collection Set: 4.1ms
[2026-01-28T11:38:14.423+0000][gc,phases   ] GC(75)   Post Evacuate Collection Set: 0.5ms
[2026-01-28T11:38:14.423+0000][gc,phases   ] GC(75)   Other: 0.1ms
[2026-01-28T11:38:14.423+0000][gc,heap     ] GC(75) Eden regions: 608->0(603)
[2026-01-28T11:38:14.423+0000][gc,heap     ] GC(75) Survivor regions: 6->11(77)
[2026-01-28T11:38:14.423+0000][gc,heap     ] GC(75) Old regions: 39->39
[2026-01-28T11:38:14.423+0000][gc,heap     ] GC(75) Humongous regions: 130->130
[2026-01-28T11:38:14.423+0000][gc,metaspace] GC(75) Metaspace: 16632K(17024K)->16632K(17024K) NonClass: 14818K(14976K)->14818K(14976K) Class: 1814K(2048K)->1814K(2048K)
[2026-01-28T11:38:14.423+0000][gc          ] GC(75) Pause Young (Normal) (G1 Evacuation Pause) 782M->179M(1024M) 5.955ms
[2026-01-28T11:38:14.423+0000][gc,cpu      ] GC(75) User=0.04s Sys=0.00s Real=0.01s
[2026-01-28T11:38:16.770+0000][gc,start    ] GC(76) Pause Young (Normal) (G1 Evacuation Pause)
[2026-01-28T11:38:16.770+0000][gc,task     ] GC(76) Using 10 workers of 10 for evacuation
[2026-01-28T11:38:16.783+0000][gc,phases   ] GC(76)   Pre Evacuate Collection Set: 3.4ms
[2026-01-28T11:38:16.784+0000][gc,phases   ] GC(76)   Merge Heap Roots: 0.3ms
[2026-01-28T11:38:16.784+0000][gc,phases   ] GC(76)   Evacuate Collection Set: 7.3ms
[2026-01-28T11:38:16.784+0000][gc,phases   ] GC(76)   Post Evacuate Collection Set: 1.5ms
[2026-01-28T11:38:16.784+0000][gc,phases   ] GC(76)   Other: 0.5ms
[2026-01-28T11:38:16.784+0000][gc,heap     ] GC(76) Eden regions: 603->0(609)
[2026-01-28T11:38:16.784+0000][gc,heap     ] GC(76) Survivor regions: 11->5(77)
[2026-01-28T11:38:16.784+0000][gc,heap     ] GC(76) Old regions: 39->39
[2026-01-28T11:38:16.784+0000][gc,heap     ] GC(76) Humongous regions: 130->130
[2026-01-28T11:38:16.784+0000][gc,metaspace] GC(76) Metaspace: 16632K(17024K)->16632K(17024K) NonClass: 14818K(14976K)->14818K(14976K) Class: 1814K(2048K)->1814K(2048K)
[2026-01-28T11:38:16.784+0000][gc          ] GC(76) Pause Young (Normal) (G1 Evacuation Pause) 782M->173M(1024M) 13.999ms
[2026-01-28T11:38:16.784+0000][gc,cpu      ] GC(76) User=0.09s Sys=0.01s Real=0.02s
[2026-01-28T11:38:18.556+0000][gc,start    ] GC(77) Pause Young (Normal) (G1 Evacuation Pause)
[2026-01-28T11:38:18.557+0000][gc,task     ] GC(77) Using 10 workers of 10 for evacuation
[2026-01-28T11:38:18.561+0000][gc,phases   ] GC(77)   Pre Evacuate Collection Set: 0.3ms
[2026-01-28T11:38:18.561+0000][gc,phases   ] GC(77)   Merge Heap Roots: 0.2ms
[2026-01-28T11:38:18.561+0000][gc,phases   ] GC(77)   Evacuate Collection Set: 2.7ms
[2026-01-28T11:38:18.561+0000][gc,phases   ] GC(77)   Post Evacuate Collection Set: 0.5ms
[2026-01-28T11:38:18.561+0000][gc,phases   ] GC(77)   Other: 0.1ms
[2026-01-28T11:38:18.561+0000][gc,heap     ] GC(77) Eden regions: 609->0(607)
[2026-01-28T11:38:18.561+0000][gc,heap     ] GC(77) Survivor regions: 5->7(77)
[2026-01-28T11:38:18.561+0000][gc,heap     ] GC(77) Old regions: 39->40
[2026-01-28T11:38:18.561+0000][gc,heap     ] GC(77) Humongous regions: 130->130
[2026-01-28T11:38:18.561+0000][gc,metaspace] GC(77) Metaspace: 16633K(17024K)->16633K(17024K) NonClass: 14819K(14976K)->14819K(14976K) Class: 1814K(2048K)->1814K(2048K)
[2026-01-28T11:38:18.561+0000][gc          ] GC(77) Pause Young (Normal) (G1 Evacuation Pause) 782M->175M(1024M) 4.526ms
[2026-01-28T11:38:18.561+0000][gc,cpu      ] GC(77) User=0.02s Sys=0.01s Real=0.00s
[2026-01-28T11:38:20.291+0000][gc,start    ] GC(78) Pause Young (Normal) (G1 Evacuation Pause)
[2026-01-28T11:38:20.291+0000][gc,task     ] GC(78) Using 10 workers of 10 for evacuation
[2026-01-28T11:38:20.296+0000][gc,phases   ] GC(78)   Pre Evacuate Collection Set: 0.6ms
[2026-01-28T11:38:20.296+0000][gc,phases   ] GC(78)   Merge Heap Roots: 0.2ms
[2026-01-28T11:38:20.296+0000][gc,phases   ] GC(78)   Evacuate Collection Set: 3.2ms
[2026-01-28T11:38:20.296+0000][gc,phases   ] GC(78)   Post Evacuate Collection Set: 0.5ms
[2026-01-28T11:38:20.296+0000][gc,phases   ] GC(78)   Other: 0.2ms
[2026-01-28T11:38:20.296+0000][gc,heap     ] GC(78) Eden regions: 607->0(604)
[2026-01-28T11:38:20.296+0000][gc,heap     ] GC(78) Survivor regions: 7->10(77)
[2026-01-28T11:38:20.296+0000][gc,heap     ] GC(78) Old regions: 40->40
[2026-01-28T11:38:20.296+0000][gc,heap     ] GC(78) Humongous regions: 130->130
[2026-01-28T11:38:20.296+0000][gc,metaspace] GC(78) Metaspace: 16633K(17024K)->16633K(17024K) NonClass: 14819K(14976K)->14819K(14976K) Class: 1814K(2048K)->1814K(2048K)
[2026-01-28T11:38:20.296+0000][gc          ] GC(78) Pause Young (Normal) (G1 Evacuation Pause) 782M->179M(1024M) 5.460ms
[2026-01-28T11:38:20.296+0000][gc,cpu      ] GC(78) User=0.03s Sys=0.00s Real=0.01s
[2026-01-28T11:38:22.482+0000][gc,start    ] GC(79) Pause Young (Normal) (G1 Evacuation Pause)
[2026-01-28T11:38:22.482+0000][gc,task     ] GC(79) Using 10 workers of 10 for evacuation
[2026-01-28T11:38:22.490+0000][gc,phases   ] GC(79)   Pre Evacuate Collection Set: 1.3ms
[2026-01-28T11:38:22.490+0000][gc,phases   ] GC(79)   Merge Heap Roots: 0.4ms
[2026-01-28T11:38:22.490+0000][gc,phases   ] GC(79)   Evacuate Collection Set: 4.9ms
[2026-01-28T11:38:22.490+0000][gc,phases   ] GC(79)   Post Evacuate Collection Set: 0.8ms
[2026-01-28T11:38:22.490+0000][gc,phases   ] GC(79)   Other: 0.3ms
[2026-01-28T11:38:22.490+0000][gc,heap     ] GC(79) Eden regions: 604->0(609)
[2026-01-28T11:38:22.490+0000][gc,heap     ] GC(79) Survivor regions: 10->5(77)
[2026-01-28T11:38:22.490+0000][gc,heap     ] GC(79) Old regions: 40->40
[2026-01-28T11:38:22.490+0000][gc,heap     ] GC(79) Humongous regions: 130->130
[2026-01-28T11:38:22.490+0000][gc,metaspace] GC(79) Metaspace: 16638K(17024K)->16638K(17024K) NonClass: 14824K(14976K)->14824K(14976K) Class: 1814K(2048K)->1814K(2048K)
[2026-01-28T11:38:22.490+0000][gc          ] GC(79) Pause Young (Normal) (G1 Evacuation Pause) 783M->174M(1024M) 8.554ms
[2026-01-28T11:38:22.491+0000][gc,cpu      ] GC(79) User=0.06s Sys=0.00s Real=0.00s
[2026-01-28T11:38:25.177+0000][gc,start    ] GC(80) Pause Young (Normal) (G1 Evacuation Pause)
[2026-01-28T11:38:25.177+0000][gc,task     ] GC(80) Using 10 workers of 10 for evacuation
[2026-01-28T11:38:25.185+0000][gc,phases   ] GC(80)   Pre Evacuate Collection Set: 0.7ms
[2026-01-28T11:38:25.185+0000][gc,phases   ] GC(80)   Merge Heap Roots: 0.2ms
[2026-01-28T11:38:25.186+0000][gc,phases   ] GC(80)   Evacuate Collection Set: 6.6ms
[2026-01-28T11:38:25.186+0000][gc,phases   ] GC(80)   Post Evacuate Collection Set: 0.7ms
[2026-01-28T11:38:25.186+0000][gc,phases   ] GC(80)   Other: 0.2ms
[2026-01-28T11:38:25.186+0000][gc,heap     ] GC(80) Eden regions: 609->0(607)
[2026-01-28T11:38:25.186+0000][gc,heap     ] GC(80) Survivor regions: 5->7(77)
[2026-01-28T11:38:25.186+0000][gc,heap     ] GC(80) Old regions: 40->40
[2026-01-28T11:38:25.186+0000][gc,heap     ] GC(80) Humongous regions: 130->130
[2026-01-28T11:38:25.186+0000][gc,metaspace] GC(80) Metaspace: 16638K(17024K)->16638K(17024K) NonClass: 14824K(14976K)->14824K(14976K) Class: 1814K(2048K)->1814K(2048K)
[2026-01-28T11:38:25.186+0000][gc          ] GC(80) Pause Young (Normal) (G1 Evacuation Pause) 783M->176M(1024M) 9.057ms
[2026-01-28T11:38:25.186+0000][gc,cpu      ] GC(80) User=0.07s Sys=0.01s Real=0.01s
[2026-01-28T11:38:27.706+0000][gc,start    ] GC(81) Pause Young (Normal) (G1 Evacuation Pause)
[2026-01-28T11:38:27.706+0000][gc,task     ] GC(81) Using 10 workers of 10 for evacuation
[2026-01-28T11:38:27.716+0000][gc,phases   ] GC(81)   Pre Evacuate Collection Set: 0.7ms
[2026-01-28T11:38:27.716+0000][gc,phases   ] GC(81)   Merge Heap Roots: 0.2ms
[2026-01-28T11:38:27.716+0000][gc,phases   ] GC(81)   Evacuate Collection Set: 7.2ms
[2026-01-28T11:38:27.716+0000][gc,phases   ] GC(81)   Post Evacuate Collection Set: 1.3ms
[2026-01-28T11:38:27.716+0000][gc,phases   ] GC(81)   Other: 0.3ms
[2026-01-28T11:38:27.716+0000][gc,heap     ] GC(81) Eden regions: 607->0(603)
[2026-01-28T11:38:27.716+0000][gc,heap     ] GC(81) Survivor regions: 7->11(77)
[2026-01-28T11:38:27.716+0000][gc,heap     ] GC(81) Old regions: 40->40
[2026-01-28T11:38:27.716+0000][gc,heap     ] GC(81) Humongous regions: 130->130
[2026-01-28T11:38:27.716+0000][gc,metaspace] GC(81) Metaspace: 16645K(17024K)->16645K(17024K) NonClass: 14831K(14976K)->14831K(14976K) Class: 1814K(2048K)->1814K(2048K)
[2026-01-28T11:38:27.716+0000][gc          ] GC(81) Pause Young (Normal) (G1 Evacuation Pause) 783M->180M(1024M) 10.833ms
[2026-01-28T11:38:27.716+0000][gc,cpu      ] GC(81) User=0.08s Sys=0.00s Real=0.01s
[2026-01-28T11:38:29.187+0000][gc,start    ] GC(82) Pause Young (Normal) (G1 Evacuation Pause)
[2026-01-28T11:38:29.187+0000][gc,task     ] GC(82) Using 10 workers of 10 for evacuation
[2026-01-28T11:38:29.190+0000][gc,phases   ] GC(82)   Pre Evacuate Collection Set: 0.2ms
[2026-01-28T11:38:29.190+0000][gc,phases   ] GC(82)   Merge Heap Roots: 0.1ms
[2026-01-28T11:38:29.190+0000][gc,phases   ] GC(82)   Evacuate Collection Set: 1.9ms
[2026-01-28T11:38:29.190+0000][gc,phases   ] GC(82)   Post Evacuate Collection Set: 0.4ms
[2026-01-28T11:38:29.190+0000][gc,phases   ] GC(82)   Other: 0.2ms
[2026-01-28T11:38:29.190+0000][gc,heap     ] GC(82) Eden regions: 603->0(608)
[2026-01-28T11:38:29.190+0000][gc,heap     ] GC(82) Survivor regions: 11->6(77)
[2026-01-28T11:38:29.190+0000][gc,heap     ] GC(82) Old regions: 40->41
[2026-01-28T11:38:29.190+0000][gc,heap     ] GC(82) Humongous regions: 130->130
[2026-01-28T11:38:29.190+0000][gc,metaspace] GC(82) Metaspace: 16650K(17088K)->16650K(17088K) NonClass: 14836K(15040K)->14836K(15040K) Class: 1814K(2048K)->1814K(2048K)
[2026-01-28T11:38:29.190+0000][gc          ] GC(82) Pause Young (Normal) (G1 Evacuation Pause) 783M->175M(1024M) 3.430ms
[2026-01-28T11:38:29.190+0000][gc,cpu      ] GC(82) User=0.02s Sys=0.00s Real=0.00s
[2026-01-28T11:38:31.110+0000][gc,start    ] GC(83) Pause Young (Normal) (G1 Evacuation Pause)
[2026-01-28T11:38:31.111+0000][gc,task     ] GC(83) Using 10 workers of 10 for evacuation
[2026-01-28T11:38:31.122+0000][gc,phases   ] GC(83)   Pre Evacuate Collection Set: 1.0ms
[2026-01-28T11:38:31.122+0000][gc,phases   ] GC(83)   Merge Heap Roots: 0.3ms
[2026-01-28T11:38:31.122+0000][gc,phases   ] GC(83)   Evacuate Collection Set: 9.2ms
[2026-01-28T11:38:31.122+0000][gc,phases   ] GC(83)   Post Evacuate Collection Set: 0.8ms
[2026-01-28T11:38:31.122+0000][gc,phases   ] GC(83)   Other: 0.4ms
[2026-01-28T11:38:31.123+0000][gc,heap     ] GC(83) Eden regions: 608->0(602)
[2026-01-28T11:38:31.123+0000][gc,heap     ] GC(83) Survivor regions: 6->12(77)
[2026-01-28T11:38:31.123+0000][gc,heap     ] GC(83) Old regions: 41->41
[2026-01-28T11:38:31.123+0000][gc,heap     ] GC(83) Humongous regions: 130->130
[2026-01-28T11:38:31.123+0000][gc,metaspace] GC(83) Metaspace: 16650K(17088K)->16650K(17088K) NonClass: 14836K(15040K)->14836K(15040K) Class: 1814K(2048K)->1814K(2048K)
[2026-01-28T11:38:31.123+0000][gc          ] GC(83) Pause Young (Normal) (G1 Evacuation Pause) 783M->181M(1024M) 12.489ms
[2026-01-28T11:38:31.123+0000][gc,cpu      ] GC(83) User=0.08s Sys=0.01s Real=0.02s
[2026-01-28T11:38:33.095+0000][gc,start    ] GC(84) Pause Young (Normal) (G1 Evacuation Pause)
[2026-01-28T11:38:33.095+0000][gc,task     ] GC(84) Using 10 workers of 10 for evacuation
[2026-01-28T11:38:33.103+0000][gc,phases   ] GC(84)   Pre Evacuate Collection Set: 0.2ms
[2026-01-28T11:38:33.103+0000][gc,phases   ] GC(84)   Merge Heap Roots: 0.2ms
[2026-01-28T11:38:33.103+0000][gc,phases   ] GC(84)   Evacuate Collection Set: 6.1ms
[2026-01-28T11:38:33.103+0000][gc,phases   ] GC(84)   Post Evacuate Collection Set: 0.7ms
[2026-01-28T11:38:33.103+0000][gc,phases   ] GC(84)   Other: 0.2ms
[2026-01-28T11:38:33.103+0000][gc,heap     ] GC(84) Eden regions: 602->0(606)
[2026-01-28T11:38:33.103+0000][gc,heap     ] GC(84) Survivor regions: 12->8(77)
[2026-01-28T11:38:33.103+0000][gc,heap     ] GC(84) Old regions: 41->41
[2026-01-28T11:38:33.103+0000][gc,heap     ] GC(84) Humongous regions: 130->130
[2026-01-28T11:38:33.103+0000][gc,metaspace] GC(84) Metaspace: 16651K(17088K)->16651K(17088K) NonClass: 14837K(15040K)->14837K(15040K) Class: 1814K(2048K)->1814K(2048K)
[2026-01-28T11:38:33.103+0000][gc          ] GC(84) Pause Young (Normal) (G1 Evacuation Pause) 783M->177M(1024M) 8.319ms
[2026-01-28T11:38:33.103+0000][gc,cpu      ] GC(84) User=0.07s Sys=0.01s Real=0.01s
[2026-01-28T11:38:34.984+0000][gc,start    ] GC(85) Pause Young (Normal) (G1 Evacuation Pause)
[2026-01-28T11:38:34.985+0000][gc,task     ] GC(85) Using 10 workers of 10 for evacuation
[2026-01-28T11:38:34.993+0000][gc,phases   ] GC(85)   Pre Evacuate Collection Set: 0.9ms
[2026-01-28T11:38:34.993+0000][gc,phases   ] GC(85)   Merge Heap Roots: 0.3ms
[2026-01-28T11:38:34.993+0000][gc,phases   ] GC(85)   Evacuate Collection Set: 5.4ms
[2026-01-28T11:38:34.993+0000][gc,phases   ] GC(85)   Post Evacuate Collection Set: 1.6ms
[2026-01-28T11:38:34.993+0000][gc,phases   ] GC(85)   Other: 0.3ms
[2026-01-28T11:38:34.993+0000][gc,heap     ] GC(85) Eden regions: 606->0(610)
[2026-01-28T11:38:34.993+0000][gc,heap     ] GC(85) Survivor regions: 8->4(77)
[2026-01-28T11:38:34.993+0000][gc,heap     ] GC(85) Old regions: 41->41
[2026-01-28T11:38:34.994+0000][gc,heap     ] GC(85) Humongous regions: 130->130
[2026-01-28T11:38:34.994+0000][gc,metaspace] GC(85) Metaspace: 16654K(17088K)->16654K(17088K) NonClass: 14840K(15040K)->14840K(15040K) Class: 1814K(2048K)->1814K(2048K)
[2026-01-28T11:38:34.994+0000][gc          ] GC(85) Pause Young (Normal) (G1 Evacuation Pause) 783M->173M(1024M) 9.390ms
[2026-01-28T11:38:34.994+0000][gc,cpu      ] GC(85) User=0.06s Sys=0.00s Real=0.01s
[2026-01-28T11:38:37.190+0000][gc,start    ] GC(86) Pause Young (Normal) (G1 Evacuation Pause)
[2026-01-28T11:38:37.190+0000][gc,task     ] GC(86) Using 10 workers of 10 for evacuation
[2026-01-28T11:38:37.197+0000][gc,phases   ] GC(86)   Pre Evacuate Collection Set: 0.8ms
[2026-01-28T11:38:37.197+0000][gc,phases   ] GC(86)   Merge Heap Roots: 0.2ms
[2026-01-28T11:38:37.197+0000][gc,phases   ] GC(86)   Evacuate Collection Set: 4.9ms
[2026-01-28T11:38:37.197+0000][gc,phases   ] GC(86)   Post Evacuate Collection Set: 0.6ms
[2026-01-28T11:38:37.197+0000][gc,phases   ] GC(86)   Other: 0.3ms
[2026-01-28T11:38:37.197+0000][gc,heap     ] GC(86) Eden regions: 610->0(607)
[2026-01-28T11:38:37.197+0000][gc,heap     ] GC(86) Survivor regions: 4->7(77)
[2026-01-28T11:38:37.197+0000][gc,heap     ] GC(86) Old regions: 41->41
[2026-01-28T11:38:37.197+0000][gc,heap     ] GC(86) Humongous regions: 130->130
[2026-01-28T11:38:37.197+0000][gc,metaspace] GC(86) Metaspace: 16654K(17088K)->16654K(17088K) NonClass: 14840K(15040K)->14840K(15040K) Class: 1814K(2048K)->1814K(2048K)
[2026-01-28T11:38:37.197+0000][gc          ] GC(86) Pause Young (Normal) (G1 Evacuation Pause) 783M->177M(1024M) 7.592ms
[2026-01-28T11:38:37.197+0000][gc,cpu      ] GC(86) User=0.04s Sys=0.01s Real=0.01s
[2026-01-28T11:38:39.045+0000][gc,start    ] GC(87) Pause Young (Normal) (G1 Evacuation Pause)
[2026-01-28T11:38:39.045+0000][gc,task     ] GC(87) Using 10 workers of 10 for evacuation
[2026-01-28T11:38:39.049+0000][gc,phases   ] GC(87)   Pre Evacuate Collection Set: 0.3ms
[2026-01-28T11:38:39.049+0000][gc,phases   ] GC(87)   Merge Heap Roots: 0.2ms
[2026-01-28T11:38:39.049+0000][gc,phases   ] GC(87)   Evacuate Collection Set: 2.6ms
[2026-01-28T11:38:39.050+0000][gc,phases   ] GC(87)   Post Evacuate Collection Set: 0.7ms
[2026-01-28T11:38:39.050+0000][gc,phases   ] GC(87)   Other: 0.2ms
[2026-01-28T11:38:39.050+0000][gc,heap     ] GC(87) Eden regions: 607->0(609)
[2026-01-28T11:38:39.050+0000][gc,heap     ] GC(87) Survivor regions: 7->5(77)
[2026-01-28T11:38:39.050+0000][gc,heap     ] GC(87) Old regions: 41->41
[2026-01-28T11:38:39.050+0000][gc,heap     ] GC(87) Humongous regions: 130->130
[2026-01-28T11:38:39.050+0000][gc,metaspace] GC(87) Metaspace: 16655K(17088K)->16655K(17088K) NonClass: 14841K(15040K)->14841K(15040K) Class: 1814K(2048K)->1814K(2048K)
[2026-01-28T11:38:39.050+0000][gc          ] GC(87) Pause Young (Normal) (G1 Evacuation Pause) 784M->175M(1024M) 4.965ms
[2026-01-28T11:38:39.050+0000][gc,cpu      ] GC(87) User=0.03s Sys=0.01s Real=0.00s
[2026-01-28T11:38:41.359+0000][gc,start    ] GC(88) Pause Young (Normal) (G1 Evacuation Pause)
[2026-01-28T11:38:41.360+0000][gc,task     ] GC(88) Using 10 workers of 10 for evacuation
[2026-01-28T11:38:41.374+0000][gc,phases   ] GC(88)   Pre Evacuate Collection Set: 3.4ms
[2026-01-28T11:38:41.375+0000][gc,phases   ] GC(88)   Merge Heap Roots: 0.6ms
[2026-01-28T11:38:41.375+0000][gc,phases   ] GC(88)   Evacuate Collection Set: 8.2ms
[2026-01-28T11:38:41.375+0000][gc,phases   ] GC(88)   Post Evacuate Collection Set: 1.5ms
[2026-01-28T11:38:41.375+0000][gc,phases   ] GC(88)   Other: 1.3ms
[2026-01-28T11:38:41.375+0000][gc,heap     ] GC(88) Eden regions: 609->0(604)
[2026-01-28T11:38:41.375+0000][gc,heap     ] GC(88) Survivor regions: 5->10(77)
[2026-01-28T11:38:41.375+0000][gc,heap     ] GC(88) Old regions: 41->41
[2026-01-28T11:38:41.375+0000][gc,heap     ] GC(88) Humongous regions: 130->130
[2026-01-28T11:38:41.375+0000][gc,metaspace] GC(88) Metaspace: 16655K(17088K)->16655K(17088K) NonClass: 14841K(15040K)->14841K(15040K) Class: 1814K(2048K)->1814K(2048K)
[2026-01-28T11:38:41.375+0000][gc          ] GC(88) Pause Young (Normal) (G1 Evacuation Pause) 784M->180M(1024M) 16.390ms
[2026-01-28T11:38:41.375+0000][gc,cpu      ] GC(88) User=0.10s Sys=0.00s Real=0.02s
[2026-01-28T11:38:43.949+0000][gc,start    ] GC(89) Pause Young (Normal) (G1 Evacuation Pause)
[2026-01-28T11:38:43.949+0000][gc,task     ] GC(89) Using 10 workers of 10 for evacuation
[2026-01-28T11:38:43.957+0000][gc,phases   ] GC(89)   Pre Evacuate Collection Set: 0.7ms
[2026-01-28T11:38:43.957+0000][gc,phases   ] GC(89)   Merge Heap Roots: 0.2ms
[2026-01-28T11:38:43.957+0000][gc,phases   ] GC(89)   Evacuate Collection Set: 6.0ms
[2026-01-28T11:38:43.957+0000][gc,phases   ] GC(89)   Post Evacuate Collection Set: 0.8ms
[2026-01-28T11:38:43.957+0000][gc,phases   ] GC(89)   Other: 0.2ms
[2026-01-28T11:38:43.957+0000][gc,heap     ] GC(89) Eden regions: 604->0(610)
[2026-01-28T11:38:43.958+0000][gc,heap     ] GC(89) Survivor regions: 10->4(77)
[2026-01-28T11:38:43.958+0000][gc,heap     ] GC(89) Old regions: 41->42
[2026-01-28T11:38:43.958+0000][gc,heap     ] GC(89) Humongous regions: 130->130
[2026-01-28T11:38:43.958+0000][gc,metaspace] GC(89) Metaspace: 16655K(17088K)->16655K(17088K) NonClass: 14841K(15040K)->14841K(15040K) Class: 1814K(2048K)->1814K(2048K)
[2026-01-28T11:38:43.958+0000][gc          ] GC(89) Pause Young (Normal) (G1 Evacuation Pause) 784M->174M(1024M) 8.956ms
[2026-01-28T11:38:43.958+0000][gc,cpu      ] GC(89) User=0.06s Sys=0.00s Real=0.01s
[2026-01-28T11:38:46.604+0000][gc,start    ] GC(90) Pause Young (Normal) (G1 Evacuation Pause)
[2026-01-28T11:38:46.604+0000][gc,task     ] GC(90) Using 10 workers of 10 for evacuation
[2026-01-28T11:38:46.611+0000][gc,phases   ] GC(90)   Pre Evacuate Collection Set: 1.0ms
[2026-01-28T11:38:46.611+0000][gc,phases   ] GC(90)   Merge Heap Roots: 0.3ms
[2026-01-28T11:38:46.611+0000][gc,phases   ] GC(90)   Evacuate Collection Set: 4.3ms
[2026-01-28T11:38:46.611+0000][gc,phases   ] GC(90)   Post Evacuate Collection Set: 0.9ms
[2026-01-28T11:38:46.611+0000][gc,phases   ] GC(90)   Other: 0.3ms
[2026-01-28T11:38:46.611+0000][gc,heap     ] GC(90) Eden regions: 610->0(608)
[2026-01-28T11:38:46.611+0000][gc,heap     ] GC(90) Survivor regions: 4->6(77)
[2026-01-28T11:38:46.611+0000][gc,heap     ] GC(90) Old regions: 42->42
[2026-01-28T11:38:46.611+0000][gc,heap     ] GC(90) Humongous regions: 130->130
[2026-01-28T11:38:46.612+0000][gc,metaspace] GC(90) Metaspace: 16655K(17088K)->16655K(17088K) NonClass: 14841K(15040K)->14841K(15040K) Class: 1814K(2048K)->1814K(2048K)
[2026-01-28T11:38:46.612+0000][gc          ] GC(90) Pause Young (Normal) (G1 Evacuation Pause) 784M->177M(1024M) 8.094ms
[2026-01-28T11:38:46.612+0000][gc,cpu      ] GC(90) User=0.04s Sys=0.00s Real=0.00s
[2026-01-28T11:39:08.348+0000][gc,start    ] GC(91) Pause Young (Normal) (G1 Evacuation Pause)
[2026-01-28T11:39:08.349+0000][gc,task     ] GC(91) Using 10 workers of 10 for evacuation
[2026-01-28T11:39:08.360+0000][gc,phases   ] GC(91)   Pre Evacuate Collection Set: 0.8ms
[2026-01-28T11:39:08.360+0000][gc,phases   ] GC(91)   Merge Heap Roots: 0.3ms
[2026-01-28T11:39:08.360+0000][gc,phases   ] GC(91)   Evacuate Collection Set: 8.3ms
[2026-01-28T11:39:08.360+0000][gc,phases   ] GC(91)   Post Evacuate Collection Set: 1.6ms
[2026-01-28T11:39:08.360+0000][gc,phases   ] GC(91)   Other: 0.2ms
[2026-01-28T11:39:08.360+0000][gc,heap     ] GC(91) Eden regions: 608->0(606)
[2026-01-28T11:39:08.360+0000][gc,heap     ] GC(91) Survivor regions: 6->8(77)
[2026-01-28T11:39:08.360+0000][gc,heap     ] GC(91) Old regions: 42->42
[2026-01-28T11:39:08.360+0000][gc,heap     ] GC(91) Humongous regions: 130->130
[2026-01-28T11:39:08.360+0000][gc,metaspace] GC(91) Metaspace: 16671K(17088K)->16671K(17088K) NonClass: 14857K(15040K)->14857K(15040K) Class: 1814K(2048K)->1814K(2048K)
[2026-01-28T11:39:08.360+0000][gc          ] GC(91) Pause Young (Normal) (G1 Evacuation Pause) 785M->178M(1024M) 11.901ms
[2026-01-28T11:39:08.360+0000][gc,cpu      ] GC(91) User=0.10s Sys=0.00s Real=0.01s
[2026-01-28T11:39:48.174+0000][gc,start    ] GC(92) Pause Young (Normal) (G1 Evacuation Pause)
[2026-01-28T11:39:48.174+0000][gc,task     ] GC(92) Using 10 workers of 10 for evacuation
[2026-01-28T11:39:48.182+0000][gc,phases   ] GC(92)   Pre Evacuate Collection Set: 0.9ms
[2026-01-28T11:39:48.182+0000][gc,phases   ] GC(92)   Merge Heap Roots: 0.2ms
[2026-01-28T11:39:48.182+0000][gc,phases   ] GC(92)   Evacuate Collection Set: 5.7ms
[2026-01-28T11:39:48.182+0000][gc,phases   ] GC(92)   Post Evacuate Collection Set: 0.9ms
[2026-01-28T11:39:48.182+0000][gc,phases   ] GC(92)   Other: 0.2ms
[2026-01-28T11:39:48.182+0000][gc,heap     ] GC(92) Eden regions: 606->0(607)
[2026-01-28T11:39:48.182+0000][gc,heap     ] GC(92) Survivor regions: 8->7(77)
[2026-01-28T11:39:48.182+0000][gc,heap     ] GC(92) Old regions: 42->42
[2026-01-28T11:39:48.182+0000][gc,heap     ] GC(92) Humongous regions: 130->130
[2026-01-28T11:39:48.182+0000][gc,metaspace] GC(92) Metaspace: 16678K(17088K)->16678K(17088K) NonClass: 14864K(15040K)->14864K(15040K) Class: 1814K(2048K)->1814K(2048K)
[2026-01-28T11:39:48.182+0000][gc          ] GC(92) Pause Young (Normal) (G1 Evacuation Pause) 784M->178M(1024M) 8.781ms
[2026-01-28T11:39:48.182+0000][gc,cpu      ] GC(92) User=0.06s Sys=0.00s Real=0.01s
[2026-01-28T11:40:18.363+0000][gc,start    ] GC(93) Pause Young (Normal) (G1 Evacuation Pause)
[2026-01-28T11:40:18.363+0000][gc,task     ] GC(93) Using 10 workers of 10 for evacuation
[2026-01-28T11:40:18.370+0000][gc,phases   ] GC(93)   Pre Evacuate Collection Set: 0.9ms
[2026-01-28T11:40:18.370+0000][gc,phases   ] GC(93)   Merge Heap Roots: 0.2ms
[2026-01-28T11:40:18.370+0000][gc,phases   ] GC(93)   Evacuate Collection Set: 4.7ms
[2026-01-28T11:40:18.370+0000][gc,phases   ] GC(93)   Post Evacuate Collection Set: 0.8ms
[2026-01-28T11:40:18.370+0000][gc,phases   ] GC(93)   Other: 0.3ms
[2026-01-28T11:40:18.370+0000][gc,heap     ] GC(93) Eden regions: 607->0(604)
[2026-01-28T11:40:18.370+0000][gc,heap     ] GC(93) Survivor regions: 7->10(77)
[2026-01-28T11:40:18.370+0000][gc,heap     ] GC(93) Old regions: 42->42
[2026-01-28T11:40:18.371+0000][gc,heap     ] GC(93) Humongous regions: 130->130
[2026-01-28T11:40:18.371+0000][gc,metaspace] GC(93) Metaspace: 16681K(17088K)->16681K(17088K) NonClass: 14867K(15040K)->14867K(15040K) Class: 1814K(2048K)->1814K(2048K)
[2026-01-28T11:40:18.371+0000][gc          ] GC(93) Pause Young (Normal) (G1 Evacuation Pause) 785M->181M(1024M) 7.869ms
[2026-01-28T11:40:18.371+0000][gc,cpu      ] GC(93) User=0.05s Sys=0.00s Real=0.00s
[2026-01-28T11:40:58.233+0000][gc,start    ] GC(94) Pause Young (Normal) (G1 Evacuation Pause)
[2026-01-28T11:40:58.234+0000][gc,task     ] GC(94) Using 10 workers of 10 for evacuation
[2026-01-28T11:40:58.242+0000][gc,phases   ] GC(94)   Pre Evacuate Collection Set: 1.9ms
[2026-01-28T11:40:58.242+0000][gc,phases   ] GC(94)   Merge Heap Roots: 0.4ms
[2026-01-28T11:40:58.242+0000][gc,phases   ] GC(94)   Evacuate Collection Set: 4.3ms
[2026-01-28T11:40:58.242+0000][gc,phases   ] GC(94)   Post Evacuate Collection Set: 0.9ms
[2026-01-28T11:40:58.242+0000][gc,phases   ] GC(94)   Other: 1.3ms
[2026-01-28T11:40:58.242+0000][gc,heap     ] GC(94) Eden regions: 604->0(610)
[2026-01-28T11:40:58.242+0000][gc,heap     ] GC(94) Survivor regions: 10->4(77)
[2026-01-28T11:40:58.242+0000][gc,heap     ] GC(94) Old regions: 42->42
[2026-01-28T11:40:58.242+0000][gc,heap     ] GC(94) Humongous regions: 130->130
[2026-01-28T11:40:58.242+0000][gc,metaspace] GC(94) Metaspace: 16685K(17088K)->16685K(17088K) NonClass: 14871K(15040K)->14871K(15040K) Class: 1814K(2048K)->1814K(2048K)
[2026-01-28T11:40:58.242+0000][gc          ] GC(94) Pause Young (Normal) (G1 Evacuation Pause) 785M->175M(1024M) 9.718ms
[2026-01-28T11:40:58.242+0000][gc,cpu      ] GC(94) User=0.06s Sys=0.01s Real=0.01s
[2026-01-28T11:41:28.404+0000][gc,start    ] GC(95) Pause Young (Normal) (G1 Evacuation Pause)
[2026-01-28T11:41:28.404+0000][gc,task     ] GC(95) Using 10 workers of 10 for evacuation
[2026-01-28T11:41:28.409+0000][gc,phases   ] GC(95)   Pre Evacuate Collection Set: 0.7ms
[2026-01-28T11:41:28.409+0000][gc,phases   ] GC(95)   Merge Heap Roots: 0.2ms
[2026-01-28T11:41:28.409+0000][gc,phases   ] GC(95)   Evacuate Collection Set: 2.8ms
[2026-01-28T11:41:28.409+0000][gc,phases   ] GC(95)   Post Evacuate Collection Set: 0.7ms
[2026-01-28T11:41:28.409+0000][gc,phases   ] GC(95)   Other: 0.2ms
[2026-01-28T11:41:28.409+0000][gc,heap     ] GC(95) Eden regions: 610->0(607)
[2026-01-28T11:41:28.409+0000][gc,heap     ] GC(95) Survivor regions: 4->7(77)
[2026-01-28T11:41:28.409+0000][gc,heap     ] GC(95) Old regions: 42->42
[2026-01-28T11:41:28.409+0000][gc,heap     ] GC(95) Humongous regions: 130->130
[2026-01-28T11:41:28.409+0000][gc,metaspace] GC(95) Metaspace: 16713K(17152K)->16713K(17152K) NonClass: 14897K(15104K)->14897K(15104K) Class: 1816K(2048K)->1816K(2048K)
[2026-01-28T11:41:28.409+0000][gc          ] GC(95) Pause Young (Normal) (G1 Evacuation Pause) 785M->178M(1024M) 4.994ms
[2026-01-28T11:41:28.409+0000][gc,cpu      ] GC(95) User=0.03s Sys=0.01s Real=0.00s
[2026-01-28T11:42:08.313+0000][gc,start    ] GC(96) Pause Young (Normal) (G1 Evacuation Pause)
[2026-01-28T11:42:08.314+0000][gc,task     ] GC(96) Using 10 workers of 10 for evacuation
[2026-01-28T11:42:08.322+0000][gc,phases   ] GC(96)   Pre Evacuate Collection Set: 0.9ms
[2026-01-28T11:42:08.322+0000][gc,phases   ] GC(96)   Merge Heap Roots: 0.3ms
[2026-01-28T11:42:08.322+0000][gc,phases   ] GC(96)   Evacuate Collection Set: 6.1ms
[2026-01-28T11:42:08.322+0000][gc,phases   ] GC(96)   Post Evacuate Collection Set: 0.9ms
[2026-01-28T11:42:08.322+0000][gc,phases   ] GC(96)   Other: 0.2ms
[2026-01-28T11:42:08.322+0000][gc,heap     ] GC(96) Eden regions: 607->0(608)
[2026-01-28T11:42:08.322+0000][gc,heap     ] GC(96) Survivor regions: 7->6(77)
[2026-01-28T11:42:08.322+0000][gc,heap     ] GC(96) Old regions: 42->43
[2026-01-28T11:42:08.322+0000][gc,heap     ] GC(96) Humongous regions: 130->130
[2026-01-28T11:42:08.322+0000][gc,metaspace] GC(96) Metaspace: 16718K(17152K)->16718K(17152K) NonClass: 14902K(15104K)->14902K(15104K) Class: 1816K(2048K)->1816K(2048K)
[2026-01-28T11:42:08.322+0000][gc          ] GC(96) Pause Young (Normal) (G1 Evacuation Pause) 785M->177M(1024M) 8.994ms
[2026-01-28T11:42:08.322+0000][gc,cpu      ] GC(96) User=0.07s Sys=0.00s Real=0.01s
[2026-01-28T11:42:38.445+0000][gc,start    ] GC(97) Pause Young (Normal) (G1 Evacuation Pause)
[2026-01-28T11:42:38.445+0000][gc,task     ] GC(97) Using 10 workers of 10 for evacuation
[2026-01-28T11:42:38.450+0000][gc,phases   ] GC(97)   Pre Evacuate Collection Set: 0.7ms
[2026-01-28T11:42:38.450+0000][gc,phases   ] GC(97)   Merge Heap Roots: 0.2ms
[2026-01-28T11:42:38.450+0000][gc,phases   ] GC(97)   Evacuate Collection Set: 3.2ms
[2026-01-28T11:42:38.450+0000][gc,phases   ] GC(97)   Post Evacuate Collection Set: 0.8ms
[2026-01-28T11:42:38.450+0000][gc,phases   ] GC(97)   Other: 0.2ms
[2026-01-28T11:42:38.450+0000][gc,heap     ] GC(97) Eden regions: 608->0(604)
[2026-01-28T11:42:38.450+0000][gc,heap     ] GC(97) Survivor regions: 6->10(77)
[2026-01-28T11:42:38.450+0000][gc,heap     ] GC(97) Old regions: 43->43
[2026-01-28T11:42:38.450+0000][gc,heap     ] GC(97) Humongous regions: 130->130
[2026-01-28T11:42:38.450+0000][gc,metaspace] GC(97) Metaspace: 16754K(17152K)->16754K(17152K) NonClass: 14938K(15104K)->14938K(15104K) Class: 1816K(2048K)->1816K(2048K)
[2026-01-28T11:42:38.450+0000][gc          ] GC(97) Pause Young (Normal) (G1 Evacuation Pause) 785M->181M(1024M) 5.597ms
[2026-01-28T11:42:38.450+0000][gc,cpu      ] GC(97) User=0.04s Sys=0.01s Real=0.00s
[2026-01-28T11:43:18.273+0000][gc,start    ] GC(98) Pause Young (Normal) (G1 Evacuation Pause)
[2026-01-28T11:43:18.273+0000][gc,task     ] GC(98) Using 10 workers of 10 for evacuation
[2026-01-28T11:43:18.279+0000][gc,phases   ] GC(98)   Pre Evacuate Collection Set: 0.9ms
[2026-01-28T11:43:18.279+0000][gc,phases   ] GC(98)   Merge Heap Roots: 0.2ms
[2026-01-28T11:43:18.279+0000][gc,phases   ] GC(98)   Evacuate Collection Set: 3.6ms
[2026-01-28T11:43:18.279+0000][gc,phases   ] GC(98)   Post Evacuate Collection Set: 0.7ms
[2026-01-28T11:43:18.279+0000][gc,phases   ] GC(98)   Other: 0.1ms
[2026-01-28T11:43:18.279+0000][gc,heap     ] GC(98) Eden regions: 604->0(605)
[2026-01-28T11:43:18.279+0000][gc,heap     ] GC(98) Survivor regions: 10->9(77)
[2026-01-28T11:43:18.279+0000][gc,heap     ] GC(98) Old regions: 43->43
[2026-01-28T11:43:18.279+0000][gc,heap     ] GC(98) Humongous regions: 130->130
[2026-01-28T11:43:18.279+0000][gc,metaspace] GC(98) Metaspace: 16763K(17152K)->16763K(17152K) NonClass: 14947K(15104K)->14947K(15104K) Class: 1816K(2048K)->1816K(2048K)
[2026-01-28T11:43:18.279+0000][gc          ] GC(98) Pause Young (Normal) (G1 Evacuation Pause) 785M->180M(1024M) 6.286ms
[2026-01-28T11:43:18.279+0000][gc,cpu      ] GC(98) User=0.04s Sys=0.00s Real=0.01s
[2026-01-28T11:43:58.126+0000][gc,start    ] GC(99) Pause Young (Normal) (G1 Evacuation Pause)
[2026-01-28T11:43:58.127+0000][gc,task     ] GC(99) Using 10 workers of 10 for evacuation
[2026-01-28T11:43:58.138+0000][gc,phases   ] GC(99)   Pre Evacuate Collection Set: 1.6ms
[2026-01-28T11:43:58.139+0000][gc,phases   ] GC(99)   Merge Heap Roots: 0.8ms
[2026-01-28T11:43:58.139+0000][gc,phases   ] GC(99)   Evacuate Collection Set: 7.1ms
[2026-01-28T11:43:58.139+0000][gc,phases   ] GC(99)   Post Evacuate Collection Set: 1.8ms
[2026-01-28T11:43:58.139+0000][gc,phases   ] GC(99)   Other: 0.4ms
[2026-01-28T11:43:58.139+0000][gc,heap     ] GC(99) Eden regions: 605->0(610)
[2026-01-28T11:43:58.139+0000][gc,heap     ] GC(99) Survivor regions: 9->4(77)
[2026-01-28T11:43:58.139+0000][gc,heap     ] GC(99) Old regions: 43->43
[2026-01-28T11:43:58.139+0000][gc,heap     ] GC(99) Humongous regions: 130->130
[2026-01-28T11:43:58.139+0000][gc,metaspace] GC(99) Metaspace: 16763K(17152K)->16763K(17152K) NonClass: 14947K(15104K)->14947K(15104K) Class: 1816K(2048K)->1816K(2048K)
[2026-01-28T11:43:58.139+0000][gc          ] GC(99) Pause Young (Normal) (G1 Evacuation Pause) 785M->175M(1024M) 13.240ms
[2026-01-28T11:43:58.139+0000][gc,cpu      ] GC(99) User=0.10s Sys=0.00s Real=0.01s
[2026-01-28T11:44:28.353+0000][gc,start    ] GC(100) Pause Young (Normal) (G1 Evacuation Pause)
[2026-01-28T11:44:28.354+0000][gc,task     ] GC(100) Using 10 workers of 10 for evacuation
[2026-01-28T11:44:28.363+0000][gc,phases   ] GC(100)   Pre Evacuate Collection Set: 2.0ms
[2026-01-28T11:44:28.363+0000][gc,phases   ] GC(100)   Merge Heap Roots: 0.3ms
[2026-01-28T11:44:28.363+0000][gc,phases   ] GC(100)   Evacuate Collection Set: 5.6ms
[2026-01-28T11:44:28.363+0000][gc,phases   ] GC(100)   Post Evacuate Collection Set: 1.1ms
[2026-01-28T11:44:28.363+0000][gc,phases   ] GC(100)   Other: 0.2ms
[2026-01-28T11:44:28.363+0000][gc,heap     ] GC(100) Eden regions: 610->0(607)
[2026-01-28T11:44:28.363+0000][gc,heap     ] GC(100) Survivor regions: 4->7(77)
[2026-01-28T11:44:28.363+0000][gc,heap     ] GC(100) Old regions: 43->43
[2026-01-28T11:44:28.363+0000][gc,heap     ] GC(100) Humongous regions: 130->130
[2026-01-28T11:44:28.363+0000][gc,metaspace] GC(100) Metaspace: 16764K(17152K)->16764K(17152K) NonClass: 14948K(15104K)->14948K(15104K) Class: 1816K(2048K)->1816K(2048K)
[2026-01-28T11:44:28.363+0000][gc          ] GC(100) Pause Young (Normal) (G1 Evacuation Pause) 785M->178M(1024M) 10.115ms
[2026-01-28T11:44:28.363+0000][gc,cpu      ] GC(100) User=0.07s Sys=0.00s Real=0.01s
