[2026-01-28T10:17:41.660+0000][gc,init] CardTable entry size: 512
[2026-01-28T10:17:41.661+0000][gc     ] Using G1
[2026-01-28T10:17:41.666+0000][gc,init] Version: 21.0.4+7-LTS (release)
[2026-01-28T10:17:41.666+0000][gc,init] CPUs: 12 total, 12 available
[2026-01-28T10:17:41.666+0000][gc,init] Memory: 7837M
[2026-01-28T10:17:41.667+0000][gc,init] Large Page Support: Disabled
[2026-01-28T10:17:41.667+0000][gc,init] NUMA Support: Disabled
[2026-01-28T10:17:41.667+0000][gc,init] Compressed Oops: Enabled (32-bit)
[2026-01-28T10:17:41.667+0000][gc,init] Heap Region Size: 1M
[2026-01-28T10:17:41.667+0000][gc,init] Heap Min Capacity: 1G
[2026-01-28T10:17:41.667+0000][gc,init] Heap Initial Capacity: 1G
[2026-01-28T10:17:41.667+0000][gc,init] Heap Max Capacity: 1G
[2026-01-28T10:17:41.667+0000][gc,init] Pre-touch: Disabled
[2026-01-28T10:17:41.667+0000][gc,init] Parallel Workers: 10
[2026-01-28T10:17:41.667+0000][gc,init] Concurrent Workers: 3
[2026-01-28T10:17:41.667+0000][gc,init] Concurrent Refinement Workers: 10
[2026-01-28T10:17:41.667+0000][gc,init] Periodic GC: Disabled
[2026-01-28T10:17:41.729+0000][gc,metaspace] CDS archive(s) mapped at: [0x0000004800000000-0x0000004800bd0000-0x00000048036b0000), size 57344000, SharedBaseAddress: 0x0000004800000000, ArchiveRelocationMode: 1.
[2026-01-28T10:17:41.729+0000][gc,metaspace] Compressed class space mapped at: 0x0000004804000000-0x0000004844000000, reserved size: 1073741824
[2026-01-28T10:17:41.729+0000][gc,metaspace] Narrow klass base: 0x0000004800000000, Narrow klass shift: 0, Narrow klass range: 0x100000000
[2026-01-28T10:17:43.153+0000][gc,start    ] GC(0) Pause Young (Normal) (G1 Evacuation Pause)
[2026-01-28T10:17:43.154+0000][gc,task     ] GC(0) Using 10 workers of 10 for evacuation
[2026-01-28T10:17:43.165+0000][gc,phases   ] GC(0)   Pre Evacuate Collection Set: 0.4ms
[2026-01-28T10:17:43.165+0000][gc,phases   ] GC(0)   Merge Heap Roots: 0.1ms
[2026-01-28T10:17:43.165+0000][gc,phases   ] GC(0)   Evacuate Collection Set: 9.6ms
[2026-01-28T10:17:43.166+0000][gc,phases   ] GC(0)   Post Evacuate Collection Set: 1.1ms
[2026-01-28T10:17:43.166+0000][gc,phases   ] GC(0)   Other: 1.2ms
[2026-01-28T10:17:43.166+0000][gc,heap     ] GC(0) Eden regions: 51->0(44)
[2026-01-28T10:17:43.166+0000][gc,heap     ] GC(0) Survivor regions: 0->7(7)
[2026-01-28T10:17:43.166+0000][gc,heap     ] GC(0) Old regions: 1->6
[2026-01-28T10:17:43.166+0000][gc,heap     ] GC(0) Humongous regions: 1->1
[2026-01-28T10:17:43.166+0000][gc,metaspace] GC(0) Metaspace: 5684K(5888K)->5684K(5888K) NonClass: 5018K(5120K)->5018K(5120K) Class: 666K(768K)->666K(768K)
[2026-01-28T10:17:43.166+0000][gc          ] GC(0) Pause Young (Normal) (G1 Evacuation Pause) 52M->13M(1024M) 13.591ms
[2026-01-28T10:17:43.166+0000][gc,cpu      ] GC(0) User=0.02s Sys=0.01s Real=0.01s
[2026-01-28T10:17:44.789+0000][gc,start    ] GC(1) Pause Young (Normal) (G1 Evacuation Pause)
[2026-01-28T10:17:44.790+0000][gc,task     ] GC(1) Using 10 workers of 10 for evacuation
[2026-01-28T10:17:44.795+0000][gc,phases   ] GC(1)   Pre Evacuate Collection Set: 0.3ms
[2026-01-28T10:17:44.795+0000][gc,phases   ] GC(1)   Merge Heap Roots: 0.1ms
[2026-01-28T10:17:44.795+0000][gc,phases   ] GC(1)   Evacuate Collection Set: 4.2ms
[2026-01-28T10:17:44.795+0000][gc,phases   ] GC(1)   Post Evacuate Collection Set: 0.7ms
[2026-01-28T10:17:44.795+0000][gc,phases   ] GC(1)   Other: 0.1ms
[2026-01-28T10:17:44.795+0000][gc,heap     ] GC(1) Eden regions: 44->0(65)
[2026-01-28T10:17:44.795+0000][gc,heap     ] GC(1) Survivor regions: 7->3(7)
[2026-01-28T10:17:44.795+0000][gc,heap     ] GC(1) Old regions: 6->14
[2026-01-28T10:17:44.795+0000][gc,heap     ] GC(1) Humongous regions: 10->10
[2026-01-28T10:17:44.796+0000][gc,metaspace] GC(1) Metaspace: 7266K(7488K)->7266K(7488K) NonClass: 6523K(6656K)->6523K(6656K) Class: 742K(832K)->742K(832K)
[2026-01-28T10:17:44.796+0000][gc          ] GC(1) Pause Young (Normal) (G1 Evacuation Pause) 66M->25M(1024M) 6.286ms
[2026-01-28T10:17:44.796+0000][gc,cpu      ] GC(1) User=0.02s Sys=0.01s Real=0.01s
[2026-01-28T10:17:46.507+0000][gc,start    ] GC(2) Pause Young (Normal) (G1 Evacuation Pause)
[2026-01-28T10:17:46.508+0000][gc,task     ] GC(2) Using 10 workers of 10 for evacuation
[2026-01-28T10:17:46.517+0000][gc,phases   ] GC(2)   Pre Evacuate Collection Set: 2.1ms
[2026-01-28T10:17:46.517+0000][gc,phases   ] GC(2)   Merge Heap Roots: 0.2ms
[2026-01-28T10:17:46.517+0000][gc,phases   ] GC(2)   Evacuate Collection Set: 5.5ms
[2026-01-28T10:17:46.518+0000][gc,phases   ] GC(2)   Post Evacuate Collection Set: 0.9ms
[2026-01-28T10:17:46.518+0000][gc,phases   ] GC(2)   Other: 0.3ms
[2026-01-28T10:17:46.518+0000][gc,heap     ] GC(2) Eden regions: 76->0(315)
[2026-01-28T10:17:46.518+0000][gc,heap     ] GC(2) Survivor regions: 3->5(10)
[2026-01-28T10:17:46.518+0000][gc,heap     ] GC(2) Old regions: 14->14
[2026-01-28T10:17:46.518+0000][gc,heap     ] GC(2) Humongous regions: 10->10
[2026-01-28T10:17:46.518+0000][gc,metaspace] GC(2) Metaspace: 7288K(7488K)->7288K(7488K) NonClass: 6545K(6656K)->6545K(6656K) Class: 742K(832K)->742K(832K)
[2026-01-28T10:17:46.518+0000][gc          ] GC(2) Pause Young (Normal) (G1 Evacuation Pause) 101M->27M(1024M) 10.937ms
[2026-01-28T10:17:46.518+0000][gc,cpu      ] GC(2) User=0.03s Sys=0.01s Real=0.01s
[2026-01-28T10:17:51.534+0000][gc,start    ] GC(3) Pause Young (Normal) (G1 Evacuation Pause)
[2026-01-28T10:17:51.535+0000][gc,task     ] GC(3) Using 10 workers of 10 for evacuation
[2026-01-28T10:17:51.548+0000][gc,phases   ] GC(3)   Pre Evacuate Collection Set: 0.9ms
[2026-01-28T10:17:51.549+0000][gc,phases   ] GC(3)   Merge Heap Roots: 0.1ms
[2026-01-28T10:17:51.549+0000][gc,phases   ] GC(3)   Evacuate Collection Set: 11.4ms
[2026-01-28T10:17:51.549+0000][gc,phases   ] GC(3)   Post Evacuate Collection Set: 0.9ms
[2026-01-28T10:17:51.549+0000][gc,phases   ] GC(3)   Other: 0.3ms
[2026-01-28T10:17:51.549+0000][gc,heap     ] GC(3) Eden regions: 367->0(607)
[2026-01-28T10:17:51.549+0000][gc,heap     ] GC(3) Survivor regions: 5->7(47)
[2026-01-28T10:17:51.549+0000][gc,heap     ] GC(3) Old regions: 14->14
[2026-01-28T10:17:51.549+0000][gc,heap     ] GC(3) Humongous regions: 10->10
[2026-01-28T10:17:51.549+0000][gc,metaspace] GC(3) Metaspace: 7355K(7616K)->7355K(7616K) NonClass: 6606K(6720K)->6606K(6720K) Class: 749K(896K)->749K(896K)
[2026-01-28T10:17:51.549+0000][gc          ] GC(3) Pause Young (Normal) (G1 Evacuation Pause) 394M->29M(1024M) 14.916ms
[2026-01-28T10:17:51.549+0000][gc,cpu      ] GC(3) User=0.09s Sys=0.02s Real=0.01s
[2026-01-28T10:17:58.373+0000][gc,start    ] GC(4) Pause Young (Normal) (G1 Evacuation Pause)
[2026-01-28T10:17:58.373+0000][gc,task     ] GC(4) Using 10 workers of 10 for evacuation
[2026-01-28T10:17:58.387+0000][gc,phases   ] GC(4)   Pre Evacuate Collection Set: 0.9ms
[2026-01-28T10:17:58.388+0000][gc,phases   ] GC(4)   Merge Heap Roots: 0.2ms
[2026-01-28T10:17:58.388+0000][gc,phases   ] GC(4)   Evacuate Collection Set: 11.5ms
[2026-01-28T10:17:58.388+0000][gc,phases   ] GC(4)   Post Evacuate Collection Set: 1.2ms
[2026-01-28T10:17:58.388+0000][gc,phases   ] GC(4)   Other: 0.3ms
[2026-01-28T10:17:58.388+0000][gc,heap     ] GC(4) Eden regions: 607->0(605)
[2026-01-28T10:17:58.388+0000][gc,heap     ] GC(4) Survivor regions: 7->9(77)
[2026-01-28T10:17:58.388+0000][gc,heap     ] GC(4) Old regions: 14->14
[2026-01-28T10:17:58.388+0000][gc,heap     ] GC(4) Humongous regions: 10->10
[2026-01-28T10:17:58.388+0000][gc,metaspace] GC(4) Metaspace: 7398K(7680K)->7398K(7680K) NonClass: 6648K(6784K)->6648K(6784K) Class: 749K(896K)->749K(896K)
[2026-01-28T10:17:58.388+0000][gc          ] GC(4) Pause Young (Normal) (G1 Evacuation Pause) 636M->31M(1024M) 15.752ms
[2026-01-28T10:17:58.388+0000][gc,cpu      ] GC(4) User=0.10s Sys=0.03s Real=0.01s
[2026-01-28T10:18:05.451+0000][gc,start    ] GC(5) Pause Young (Normal) (G1 Evacuation Pause)
[2026-01-28T10:18:05.452+0000][gc,task     ] GC(5) Using 10 workers of 10 for evacuation
[2026-01-28T10:18:05.480+0000][gc,phases   ] GC(5)   Pre Evacuate Collection Set: 1.0ms
[2026-01-28T10:18:05.480+0000][gc,phases   ] GC(5)   Merge Heap Roots: 0.4ms
[2026-01-28T10:18:05.480+0000][gc,phases   ] GC(5)   Evacuate Collection Set: 24.6ms
[2026-01-28T10:18:05.481+0000][gc,phases   ] GC(5)   Post Evacuate Collection Set: 1.8ms
[2026-01-28T10:18:05.481+0000][gc,phases   ] GC(5)   Other: 0.5ms
[2026-01-28T10:18:05.481+0000][gc,heap     ] GC(5) Eden regions: 605->0(605)
[2026-01-28T10:18:05.481+0000][gc,heap     ] GC(5) Survivor regions: 9->9(77)
[2026-01-28T10:18:05.481+0000][gc,heap     ] GC(5) Old regions: 14->14
[2026-01-28T10:18:05.481+0000][gc,heap     ] GC(5) Humongous regions: 10->10
[2026-01-28T10:18:05.481+0000][gc,metaspace] GC(5) Metaspace: 7454K(7744K)->7454K(7744K) NonClass: 6704K(6848K)->6704K(6848K) Class: 749K(896K)->749K(896K)
[2026-01-28T10:18:05.481+0000][gc          ] GC(5) Pause Young (Normal) (G1 Evacuation Pause) 636M->32M(1024M) 30.131ms
[2026-01-28T10:18:05.482+0000][gc,cpu      ] GC(5) User=0.24s Sys=0.00s Real=0.03s
