[2026-01-28T11:06:55.491+0000][gc,init] CardTable entry size: 512
[2026-01-28T11:06:55.494+0000][gc     ] Using G1
[2026-01-28T11:06:55.502+0000][gc,init] Version: 21.0.4+7-LTS (release)
[2026-01-28T11:06:55.502+0000][gc,init] CPUs: 12 total, 12 available
[2026-01-28T11:06:55.502+0000][gc,init] Memory: 7837M
[2026-01-28T11:06:55.502+0000][gc,init] Large Page Support: Disabled
[2026-01-28T11:06:55.503+0000][gc,init] NUMA Support: Disabled
[2026-01-28T11:06:55.503+0000][gc,init] Compressed Oops: Enabled (32-bit)
[2026-01-28T11:06:55.503+0000][gc,init] Heap Region Size: 1M
[2026-01-28T11:06:55.503+0000][gc,init] Heap Min Capacity: 1G
[2026-01-28T11:06:55.503+0000][gc,init] Heap Initial Capacity: 1G
[2026-01-28T11:06:55.503+0000][gc,init] Heap Max Capacity: 1G
[2026-01-28T11:06:55.503+0000][gc,init] Pre-touch: Disabled
[2026-01-28T11:06:55.503+0000][gc,init] Parallel Workers: 10
[2026-01-28T11:06:55.503+0000][gc,init] Concurrent Workers: 3
[2026-01-28T11:06:55.504+0000][gc,init] Concurrent Refinement Workers: 10
[2026-01-28T11:06:55.504+0000][gc,init] Periodic GC: Disabled
[2026-01-28T11:06:55.528+0000][gc,metaspace] CDS archive(s) mapped at: [0x0000002000000000-0x0000002000bd0000-0x00000020036b0000), size 57344000, SharedBaseAddress: 0x0000002000000000, ArchiveRelocationMode: 1.
[2026-01-28T11:06:55.528+0000][gc,metaspace] Compressed class space mapped at: 0x0000002004000000-0x0000002044000000, reserved size: 1073741824
[2026-01-28T11:06:55.528+0000][gc,metaspace] Narrow klass base: 0x0000002000000000, Narrow klass shift: 0, Narrow klass range: 0x100000000
[2026-01-28T11:06:57.244+0000][gc,start    ] GC(0) Pause Young (Normal) (G1 Evacuation Pause)
[2026-01-28T11:06:57.245+0000][gc,task     ] GC(0) Using 10 workers of 10 for evacuation
[2026-01-28T11:06:57.273+0000][gc,phases   ] GC(0)   Pre Evacuate Collection Set: 0.4ms
[2026-01-28T11:06:57.274+0000][gc,phases   ] GC(0)   Merge Heap Roots: 0.1ms
[2026-01-28T11:06:57.275+0000][gc,phases   ] GC(0)   Evacuate Collection Set: 23.3ms
[2026-01-28T11:06:57.278+0000][gc,phases   ] GC(0)   Post Evacuate Collection Set: 4.5ms
[2026-01-28T11:06:57.278+0000][gc,phases   ] GC(0)   Other: 1.1ms
[2026-01-28T11:06:57.278+0000][gc,heap     ] GC(0) Eden regions: 51->0(44)
[2026-01-28T11:06:57.278+0000][gc,heap     ] GC(0) Survivor regions: 0->7(7)
[2026-01-28T11:06:57.278+0000][gc,heap     ] GC(0) Old regions: 1->6
[2026-01-28T11:06:57.278+0000][gc,heap     ] GC(0) Humongous regions: 1->1
[2026-01-28T11:06:57.278+0000][gc,metaspace] GC(0) Metaspace: 5486K(5696K)->5486K(5696K) NonClass: 4837K(4928K)->4837K(4928K) Class: 648K(768K)->648K(768K)
[2026-01-28T11:06:57.278+0000][gc          ] GC(0) Pause Young (Normal) (G1 Evacuation Pause) 52M->13M(1024M) 34.638ms
[2026-01-28T11:06:57.278+0000][gc,cpu      ] GC(0) User=0.03s Sys=0.01s Real=0.03s
[2026-01-28T11:06:59.422+0000][gc,start    ] GC(1) Pause Young (Normal) (G1 Evacuation Pause)
[2026-01-28T11:06:59.422+0000][gc,task     ] GC(1) Using 10 workers of 10 for evacuation
[2026-01-28T11:06:59.454+0000][gc,phases   ] GC(1)   Pre Evacuate Collection Set: 0.4ms
[2026-01-28T11:06:59.454+0000][gc,phases   ] GC(1)   Merge Heap Roots: 0.1ms
[2026-01-28T11:06:59.454+0000][gc,phases   ] GC(1)   Evacuate Collection Set: 30.4ms
[2026-01-28T11:06:59.454+0000][gc,phases   ] GC(1)   Post Evacuate Collection Set: 0.9ms
[2026-01-28T11:06:59.454+0000][gc,phases   ] GC(1)   Other: 0.1ms
[2026-01-28T11:06:59.454+0000][gc,heap     ] GC(1) Eden regions: 44->0(58)
[2026-01-28T11:06:59.454+0000][gc,heap     ] GC(1) Survivor regions: 7->3(7)
[2026-01-28T11:06:59.454+0000][gc,heap     ] GC(1) Old regions: 6->14
[2026-01-28T11:06:59.454+0000][gc,heap     ] GC(1) Humongous regions: 1->1
[2026-01-28T11:06:59.454+0000][gc,metaspace] GC(1) Metaspace: 7971K(8256K)->7971K(8256K) NonClass: 7134K(7296K)->7134K(7296K) Class: 837K(960K)->837K(960K)
[2026-01-28T11:06:59.454+0000][gc          ] GC(1) Pause Young (Normal) (G1 Evacuation Pause) 57M->17M(1024M) 32.541ms
[2026-01-28T11:06:59.454+0000][gc,cpu      ] GC(1) User=0.04s Sys=0.05s Real=0.04s
[2026-01-28T11:06:59.647+0000][gc,start    ] GC(2) Pause Young (Normal) (G1 Evacuation Pause)
[2026-01-28T11:06:59.647+0000][gc,task     ] GC(2) Using 10 workers of 10 for evacuation
[2026-01-28T11:06:59.650+0000][gc,phases   ] GC(2)   Pre Evacuate Collection Set: 0.3ms
[2026-01-28T11:06:59.650+0000][gc,phases   ] GC(2)   Merge Heap Roots: 0.1ms
[2026-01-28T11:06:59.651+0000][gc,phases   ] GC(2)   Evacuate Collection Set: 2.7ms
[2026-01-28T11:06:59.651+0000][gc,phases   ] GC(2)   Post Evacuate Collection Set: 0.4ms
[2026-01-28T11:06:59.651+0000][gc,phases   ] GC(2)   Other: 0.1ms
[2026-01-28T11:06:59.651+0000][gc,heap     ] GC(2) Eden regions: 66->0(494)
[2026-01-28T11:06:59.651+0000][gc,heap     ] GC(2) Survivor regions: 3->6(9)
[2026-01-28T11:06:59.651+0000][gc,heap     ] GC(2) Old regions: 14->14
[2026-01-28T11:06:59.651+0000][gc,heap     ] GC(2) Humongous regions: 1->1
[2026-01-28T11:06:59.651+0000][gc,metaspace] GC(2) Metaspace: 8885K(9216K)->8885K(9216K) NonClass: 7914K(8064K)->7914K(8064K) Class: 971K(1152K)->971K(1152K)
[2026-01-28T11:06:59.651+0000][gc          ] GC(2) Pause Young (Normal) (G1 Evacuation Pause) 83M->19M(1024M) 4.300ms
[2026-01-28T11:06:59.651+0000][gc,cpu      ] GC(2) User=0.02s Sys=0.01s Real=0.00s
