[2026-01-28T10:18:19.924+0000][gc,init] CardTable entry size: 512
[2026-01-28T10:18:19.924+0000][gc     ] Using G1
[2026-01-28T10:18:19.927+0000][gc,init] Version: 21.0.4+7-LTS (release)
[2026-01-28T10:18:19.927+0000][gc,init] CPUs: 12 total, 12 available
[2026-01-28T10:18:19.927+0000][gc,init] Memory: 7837M
[2026-01-28T10:18:19.927+0000][gc,init] Large Page Support: Disabled
[2026-01-28T10:18:19.927+0000][gc,init] NUMA Support: Disabled
[2026-01-28T10:18:19.927+0000][gc,init] Compressed Oops: Enabled (32-bit)
[2026-01-28T10:18:19.927+0000][gc,init] Heap Region Size: 1M
[2026-01-28T10:18:19.927+0000][gc,init] Heap Min Capacity: 1G
[2026-01-28T10:18:19.927+0000][gc,init] Heap Initial Capacity: 1G
[2026-01-28T10:18:19.927+0000][gc,init] Heap Max Capacity: 1G
[2026-01-28T10:18:19.927+0000][gc,init] Pre-touch: Disabled
[2026-01-28T10:18:19.927+0000][gc,init] Parallel Workers: 10
[2026-01-28T10:18:19.927+0000][gc,init] Concurrent Workers: 3
[2026-01-28T10:18:19.927+0000][gc,init] Concurrent Refinement Workers: 10
[2026-01-28T10:18:19.927+0000][gc,init] Periodic GC: Disabled
[2026-01-28T10:18:19.980+0000][gc,metaspace] CDS archive(s) mapped at: [0x0000000100000000-0x0000000100bd0000-0x00000001036b0000), size 57344000, SharedBaseAddress: 0x0000000100000000, ArchiveRelocationMode: 1.
[2026-01-28T10:18:19.980+0000][gc,metaspace] Compressed class space mapped at: 0x0000000104000000-0x0000000144000000, reserved size: 1073741824
[2026-01-28T10:18:19.980+0000][gc,metaspace] Narrow klass base: 0x0000000100000000, Narrow klass shift: 0, Narrow klass range: 0x100000000
[2026-01-28T10:18:20.661+0000][gc,start    ] GC(0) Pause Young (Normal) (G1 Evacuation Pause)
[2026-01-28T10:18:20.661+0000][gc,task     ] GC(0) Using 10 workers of 10 for evacuation
[2026-01-28T10:18:20.669+0000][gc,phases   ] GC(0)   Pre Evacuate Collection Set: 0.3ms
[2026-01-28T10:18:20.669+0000][gc,phases   ] GC(0)   Merge Heap Roots: 0.1ms
[2026-01-28T10:18:20.669+0000][gc,phases   ] GC(0)   Evacuate Collection Set: 6.2ms
[2026-01-28T10:18:20.669+0000][gc,phases   ] GC(0)   Post Evacuate Collection Set: 0.8ms
[2026-01-28T10:18:20.669+0000][gc,phases   ] GC(0)   Other: 0.8ms
[2026-01-28T10:18:20.669+0000][gc,heap     ] GC(0) Eden regions: 51->0(44)
[2026-01-28T10:18:20.669+0000][gc,heap     ] GC(0) Survivor regions: 0->7(7)
[2026-01-28T10:18:20.669+0000][gc,heap     ] GC(0) Old regions: 1->6
[2026-01-28T10:18:20.669+0000][gc,heap     ] GC(0) Humongous regions: 1->1
[2026-01-28T10:18:20.669+0000][gc,metaspace] GC(0) Metaspace: 5668K(5888K)->5668K(5888K) NonClass: 5006K(5120K)->5006K(5120K) Class: 661K(768K)->661K(768K)
[2026-01-28T10:18:20.669+0000][gc          ] GC(0) Pause Young (Normal) (G1 Evacuation Pause) 52M->13M(1024M) 8.980ms
[2026-01-28T10:18:20.670+0000][gc,cpu      ] GC(0) User=0.03s Sys=0.02s Real=0.00s
[2026-01-28T10:18:21.803+0000][gc,start    ] GC(1) Pause Young (Normal) (G1 Evacuation Pause)
[2026-01-28T10:18:21.803+0000][gc,task     ] GC(1) Using 10 workers of 10 for evacuation
[2026-01-28T10:18:21.811+0000][gc,phases   ] GC(1)   Pre Evacuate Collection Set: 1.0ms
[2026-01-28T10:18:21.811+0000][gc,phases   ] GC(1)   Merge Heap Roots: 0.2ms
[2026-01-28T10:18:21.811+0000][gc,phases   ] GC(1)   Evacuate Collection Set: 5.6ms
[2026-01-28T10:18:21.811+0000][gc,phases   ] GC(1)   Post Evacuate Collection Set: 0.8ms
[2026-01-28T10:18:21.811+0000][gc,phases   ] GC(1)   Other: 0.2ms
[2026-01-28T10:18:21.811+0000][gc,heap     ] GC(1) Eden regions: 44->0(63)
[2026-01-28T10:18:21.811+0000][gc,heap     ] GC(1) Survivor regions: 7->2(7)
[2026-01-28T10:18:21.811+0000][gc,heap     ] GC(1) Old regions: 6->14
[2026-01-28T10:18:21.811+0000][gc,heap     ] GC(1) Humongous regions: 1->1
[2026-01-28T10:18:21.811+0000][gc,metaspace] GC(1) Metaspace: 7432K(7744K)->7432K(7744K) NonClass: 6664K(6848K)->6664K(6848K) Class: 767K(896K)->767K(896K)
[2026-01-28T10:18:21.811+0000][gc          ] GC(1) Pause Young (Normal) (G1 Evacuation Pause) 57M->16M(1024M) 8.432ms
[2026-01-28T10:18:21.811+0000][gc,cpu      ] GC(1) User=0.03s Sys=0.02s Real=0.01s
[2026-01-28T10:18:23.141+0000][gc,start    ] GC(2) Pause Young (Normal) (G1 Evacuation Pause)
[2026-01-28T10:18:23.141+0000][gc,task     ] GC(2) Using 10 workers of 10 for evacuation
[2026-01-28T10:18:23.144+0000][gc,phases   ] GC(2)   Pre Evacuate Collection Set: 0.4ms
[2026-01-28T10:18:23.144+0000][gc,phases   ] GC(2)   Merge Heap Roots: 0.1ms
[2026-01-28T10:18:23.144+0000][gc,phases   ] GC(2)   Evacuate Collection Set: 1.8ms
[2026-01-28T10:18:23.144+0000][gc,phases   ] GC(2)   Post Evacuate Collection Set: 0.4ms
[2026-01-28T10:18:23.144+0000][gc,phases   ] GC(2)   Other: 0.2ms
[2026-01-28T10:18:23.144+0000][gc,heap     ] GC(2) Eden regions: 74->0(381)
[2026-01-28T10:18:23.144+0000][gc,heap     ] GC(2) Survivor regions: 2->2(10)
[2026-01-28T10:18:23.144+0000][gc,heap     ] GC(2) Old regions: 14->14
[2026-01-28T10:18:23.144+0000][gc,heap     ] GC(2) Humongous regions: 1->1
[2026-01-28T10:18:23.144+0000][gc,metaspace] GC(2) Metaspace: 7438K(7744K)->7438K(7744K) NonClass: 6670K(6848K)->6670K(6848K) Class: 767K(896K)->767K(896K)
[2026-01-28T10:18:23.145+0000][gc          ] GC(2) Pause Young (Normal) (G1 Evacuation Pause) 90M->16M(1024M) 3.880ms
[2026-01-28T10:18:23.145+0000][gc,cpu      ] GC(2) User=0.01s Sys=0.01s Real=0.00s
[2026-01-28T10:18:28.881+0000][gc,start    ] GC(3) Pause Young (Normal) (G1 Evacuation Pause)
[2026-01-28T10:18:28.887+0000][gc,task     ] GC(3) Using 10 workers of 10 for evacuation
[2026-01-28T10:18:28.949+0000][gc,phases   ] GC(3)   Pre Evacuate Collection Set: 7.0ms
[2026-01-28T10:18:28.949+0000][gc,phases   ] GC(3)   Merge Heap Roots: 2.6ms
[2026-01-28T10:18:28.949+0000][gc,phases   ] GC(3)   Evacuate Collection Set: 27.4ms
[2026-01-28T10:18:28.949+0000][gc,phases   ] GC(3)   Post Evacuate Collection Set: 15.1ms
[2026-01-28T10:18:28.950+0000][gc,phases   ] GC(3)   Other: 10.8ms
[2026-01-28T10:18:28.951+0000][gc,heap     ] GC(3) Eden regions: 439->0(611)
[2026-01-28T10:18:28.952+0000][gc,heap     ] GC(3) Survivor regions: 2->3(56)
[2026-01-28T10:18:28.952+0000][gc,heap     ] GC(3) Old regions: 14->14
[2026-01-28T10:18:28.952+0000][gc,heap     ] GC(3) Humongous regions: 1->1
[2026-01-28T10:18:28.953+0000][gc,metaspace] GC(3) Metaspace: 7490K(7744K)->7490K(7744K) NonClass: 6722K(6848K)->6722K(6848K) Class: 767K(896K)->767K(896K)
[2026-01-28T10:18:28.954+0000][gc          ] GC(3) Pause Young (Normal) (G1 Evacuation Pause) 455M->16M(1024M) 72.585ms
[2026-01-28T10:18:28.955+0000][gc,cpu      ] GC(3) User=0.06s Sys=0.06s Real=0.07s
[2026-01-28T10:18:51.255+0000][gc,start    ] GC(4) Pause Young (Normal) (G1 Evacuation Pause)
[2026-01-28T10:18:51.255+0000][gc,task     ] GC(4) Using 10 workers of 10 for evacuation
[2026-01-28T10:18:51.284+0000][gc,phases   ] GC(4)   Pre Evacuate Collection Set: 1.6ms
[2026-01-28T10:18:51.284+0000][gc,phases   ] GC(4)   Merge Heap Roots: 0.3ms
[2026-01-28T10:18:51.284+0000][gc,phases   ] GC(4)   Evacuate Collection Set: 24.9ms
[2026-01-28T10:18:51.284+0000][gc,phases   ] GC(4)   Post Evacuate Collection Set: 1.0ms
[2026-01-28T10:18:51.284+0000][gc,phases   ] GC(4)   Other: 0.5ms
[2026-01-28T10:18:51.284+0000][gc,heap     ] GC(4) Eden regions: 611->0(610)
[2026-01-28T10:18:51.284+0000][gc,heap     ] GC(4) Survivor regions: 3->4(77)
[2026-01-28T10:18:51.284+0000][gc,heap     ] GC(4) Old regions: 14->14
[2026-01-28T10:18:51.284+0000][gc,heap     ] GC(4) Humongous regions: 1->1
[2026-01-28T10:18:51.284+0000][gc,metaspace] GC(4) Metaspace: 7612K(7872K)->7612K(7872K) NonClass: 6844K(6976K)->6844K(6976K) Class: 767K(896K)->767K(896K)
[2026-01-28T10:18:51.284+0000][gc          ] GC(4) Pause Young (Normal) (G1 Evacuation Pause) 627M->17M(1024M) 29.462ms
[2026-01-28T10:18:51.284+0000][gc,cpu      ] GC(4) User=0.17s Sys=0.00s Real=0.03s
[2026-01-28T10:19:07.685+0000][gc,start    ] GC(5) Pause Young (Normal) (G1 Evacuation Pause)
[2026-01-28T10:19:07.685+0000][gc,task     ] GC(5) Using 10 workers of 10 for evacuation
[2026-01-28T10:19:07.703+0000][gc,phases   ] GC(5)   Pre Evacuate Collection Set: 0.6ms
[2026-01-28T10:19:07.703+0000][gc,phases   ] GC(5)   Merge Heap Roots: 0.1ms
[2026-01-28T10:19:07.703+0000][gc,phases   ] GC(5)   Evacuate Collection Set: 15.7ms
[2026-01-28T10:19:07.703+0000][gc,phases   ] GC(5)   Post Evacuate Collection Set: 1.0ms
[2026-01-28T10:19:07.703+0000][gc,phases   ] GC(5)   Other: 0.3ms
[2026-01-28T10:19:07.704+0000][gc,heap     ] GC(5) Eden regions: 610->0(609)
[2026-01-28T10:19:07.704+0000][gc,heap     ] GC(5) Survivor regions: 4->5(77)
[2026-01-28T10:19:07.704+0000][gc,heap     ] GC(5) Old regions: 14->14
[2026-01-28T10:19:07.704+0000][gc,heap     ] GC(5) Humongous regions: 1->1
[2026-01-28T10:19:07.704+0000][gc,metaspace] GC(5) Metaspace: 7701K(7936K)->7701K(7936K) NonClass: 6933K(7040K)->6933K(7040K) Class: 767K(896K)->767K(896K)
[2026-01-28T10:19:07.704+0000][gc          ] GC(5) Pause Young (Normal) (G1 Evacuation Pause) 627M->19M(1024M) 18.889ms
[2026-01-28T10:19:07.704+0000][gc,cpu      ] GC(5) User=0.09s Sys=0.00s Real=0.02s
[2026-01-28T10:19:24.388+0000][gc,start    ] GC(6) Pause Young (Normal) (G1 Evacuation Pause)
[2026-01-28T10:19:24.388+0000][gc,task     ] GC(6) Using 10 workers of 10 for evacuation
[2026-01-28T10:19:24.416+0000][gc,phases   ] GC(6)   Pre Evacuate Collection Set: 0.9ms
[2026-01-28T10:19:24.416+0000][gc,phases   ] GC(6)   Merge Heap Roots: 0.4ms
[2026-01-28T10:19:24.416+0000][gc,phases   ] GC(6)   Evacuate Collection Set: 25.7ms
[2026-01-28T10:19:24.416+0000][gc,phases   ] GC(6)   Post Evacuate Collection Set: 0.8ms
[2026-01-28T10:19:24.416+0000][gc,phases   ] GC(6)   Other: 0.2ms
[2026-01-28T10:19:24.416+0000][gc,heap     ] GC(6) Eden regions: 609->0(607)
[2026-01-28T10:19:24.416+0000][gc,heap     ] GC(6) Survivor regions: 5->7(77)
[2026-01-28T10:19:24.416+0000][gc,heap     ] GC(6) Old regions: 14->14
[2026-01-28T10:19:24.416+0000][gc,heap     ] GC(6) Humongous regions: 1->1
[2026-01-28T10:19:24.416+0000][gc,metaspace] GC(6) Metaspace: 7805K(8064K)->7805K(8064K) NonClass: 7034K(7168K)->7034K(7168K) Class: 770K(896K)->770K(896K)
[2026-01-28T10:19:24.417+0000][gc          ] GC(6) Pause Young (Normal) (G1 Evacuation Pause) 628M->20M(1024M) 28.787ms
[2026-01-28T10:19:24.417+0000][gc,cpu      ] GC(6) User=0.16s Sys=0.00s Real=0.03s
[2026-01-28T10:19:40.740+0000][gc,start    ] GC(7) Pause Young (Normal) (G1 Evacuation Pause)
[2026-01-28T10:19:40.740+0000][gc,task     ] GC(7) Using 10 workers of 10 for evacuation
[2026-01-28T10:19:40.767+0000][gc,phases   ] GC(7)   Pre Evacuate Collection Set: 0.9ms
[2026-01-28T10:19:40.767+0000][gc,phases   ] GC(7)   Merge Heap Roots: 0.2ms
[2026-01-28T10:19:40.767+0000][gc,phases   ] GC(7)   Evacuate Collection Set: 24.7ms
[2026-01-28T10:19:40.768+0000][gc,phases   ] GC(7)   Post Evacuate Collection Set: 1.0ms
[2026-01-28T10:19:40.768+0000][gc,phases   ] GC(7)   Other: 0.2ms
[2026-01-28T10:19:40.768+0000][gc,heap     ] GC(7) Eden regions: 607->0(606)
[2026-01-28T10:19:40.768+0000][gc,heap     ] GC(7) Survivor regions: 7->8(77)
[2026-01-28T10:19:40.768+0000][gc,heap     ] GC(7) Old regions: 14->14
[2026-01-28T10:19:40.768+0000][gc,heap     ] GC(7) Humongous regions: 1->1
[2026-01-28T10:19:40.768+0000][gc,metaspace] GC(7) Metaspace: 7839K(8064K)->7839K(8064K) NonClass: 7068K(7168K)->7068K(7168K) Class: 770K(896K)->770K(896K)
[2026-01-28T10:19:40.768+0000][gc          ] GC(7) Pause Young (Normal) (G1 Evacuation Pause) 627M->21M(1024M) 27.722ms
[2026-01-28T10:19:40.768+0000][gc,cpu      ] GC(7) User=0.11s Sys=0.01s Real=0.03s
[2026-01-28T10:19:57.775+0000][gc,start    ] GC(8) Pause Young (Normal) (G1 Evacuation Pause)
[2026-01-28T10:19:57.775+0000][gc,task     ] GC(8) Using 10 workers of 10 for evacuation
[2026-01-28T10:19:57.798+0000][gc,phases   ] GC(8)   Pre Evacuate Collection Set: 0.7ms
[2026-01-28T10:19:57.798+0000][gc,phases   ] GC(8)   Merge Heap Roots: 0.2ms
[2026-01-28T10:19:57.798+0000][gc,phases   ] GC(8)   Evacuate Collection Set: 20.4ms
[2026-01-28T10:19:57.798+0000][gc,phases   ] GC(8)   Post Evacuate Collection Set: 0.7ms
[2026-01-28T10:19:57.798+0000][gc,phases   ] GC(8)   Other: 0.3ms
[2026-01-28T10:19:57.798+0000][gc,heap     ] GC(8) Eden regions: 606->0(605)
[2026-01-28T10:19:57.798+0000][gc,heap     ] GC(8) Survivor regions: 8->9(77)
[2026-01-28T10:19:57.798+0000][gc,heap     ] GC(8) Old regions: 14->14
[2026-01-28T10:19:57.798+0000][gc,heap     ] GC(8) Humongous regions: 1->1
[2026-01-28T10:19:57.798+0000][gc,metaspace] GC(8) Metaspace: 7957K(8192K)->7957K(8192K) NonClass: 7186K(7296K)->7186K(7296K) Class: 771K(896K)->771K(896K)
[2026-01-28T10:19:57.798+0000][gc          ] GC(8) Pause Young (Normal) (G1 Evacuation Pause) 627M->22M(1024M) 23.371ms
[2026-01-28T10:19:57.799+0000][gc,cpu      ] GC(8) User=0.08s Sys=0.01s Real=0.02s
[2026-01-28T10:20:14.874+0000][gc,start    ] GC(9) Pause Young (Normal) (G1 Evacuation Pause)
[2026-01-28T10:20:14.874+0000][gc,task     ] GC(9) Using 10 workers of 10 for evacuation
[2026-01-28T10:20:14.915+0000][gc,phases   ] GC(9)   Pre Evacuate Collection Set: 0.8ms
[2026-01-28T10:20:14.915+0000][gc,phases   ] GC(9)   Merge Heap Roots: 0.2ms
[2026-01-28T10:20:14.916+0000][gc,phases   ] GC(9)   Evacuate Collection Set: 38.8ms
[2026-01-28T10:20:14.916+0000][gc,phases   ] GC(9)   Post Evacuate Collection Set: 1.0ms
[2026-01-28T10:20:14.916+0000][gc,phases   ] GC(9)   Other: 0.4ms
[2026-01-28T10:20:14.916+0000][gc,heap     ] GC(9) Eden regions: 605->0(604)
[2026-01-28T10:20:14.916+0000][gc,heap     ] GC(9) Survivor regions: 9->10(77)
[2026-01-28T10:20:14.916+0000][gc,heap     ] GC(9) Old regions: 14->14
[2026-01-28T10:20:14.916+0000][gc,heap     ] GC(9) Humongous regions: 1->1
[2026-01-28T10:20:14.916+0000][gc,metaspace] GC(9) Metaspace: 7971K(8192K)->7971K(8192K) NonClass: 7200K(7296K)->7200K(7296K) Class: 771K(896K)->771K(896K)
[2026-01-28T10:20:14.916+0000][gc          ] GC(9) Pause Young (Normal) (G1 Evacuation Pause) 627M->24M(1024M) 42.276ms
[2026-01-28T10:20:14.916+0000][gc,cpu      ] GC(9) User=0.11s Sys=0.01s Real=0.04s
[2026-01-28T10:20:31.634+0000][gc,start    ] GC(10) Pause Young (Normal) (G1 Evacuation Pause)
[2026-01-28T10:20:31.634+0000][gc,task     ] GC(10) Using 10 workers of 10 for evacuation
[2026-01-28T10:20:31.660+0000][gc,phases   ] GC(10)   Pre Evacuate Collection Set: 0.7ms
[2026-01-28T10:20:31.661+0000][gc,phases   ] GC(10)   Merge Heap Roots: 0.2ms
[2026-01-28T10:20:31.661+0000][gc,phases   ] GC(10)   Evacuate Collection Set: 23.9ms
[2026-01-28T10:20:31.661+0000][gc,phases   ] GC(10)   Post Evacuate Collection Set: 0.9ms
[2026-01-28T10:20:31.661+0000][gc,phases   ] GC(10)   Other: 0.3ms
[2026-01-28T10:20:31.661+0000][gc,heap     ] GC(10) Eden regions: 604->0(603)
[2026-01-28T10:20:31.661+0000][gc,heap     ] GC(10) Survivor regions: 10->11(77)
[2026-01-28T10:20:31.661+0000][gc,heap     ] GC(10) Old regions: 14->14
[2026-01-28T10:20:31.661+0000][gc,heap     ] GC(10) Humongous regions: 1->1
[2026-01-28T10:20:31.661+0000][gc,metaspace] GC(10) Metaspace: 8106K(8384K)->8106K(8384K) NonClass: 7335K(7488K)->7335K(7488K) Class: 771K(896K)->771K(896K)
[2026-01-28T10:20:31.661+0000][gc          ] GC(10) Pause Young (Normal) (G1 Evacuation Pause) 628M->25M(1024M) 26.938ms
[2026-01-28T10:20:31.661+0000][gc,cpu      ] GC(10) User=0.09s Sys=0.00s Real=0.03s
[2026-01-28T10:20:48.735+0000][gc,start    ] GC(11) Pause Young (Normal) (G1 Evacuation Pause)
[2026-01-28T10:20:48.735+0000][gc,task     ] GC(11) Using 10 workers of 10 for evacuation
[2026-01-28T10:20:48.781+0000][gc,phases   ] GC(11)   Pre Evacuate Collection Set: 0.9ms
[2026-01-28T10:20:48.781+0000][gc,phases   ] GC(11)   Merge Heap Roots: 0.2ms
[2026-01-28T10:20:48.781+0000][gc,phases   ] GC(11)   Evacuate Collection Set: 43.1ms
[2026-01-28T10:20:48.781+0000][gc,phases   ] GC(11)   Post Evacuate Collection Set: 1.1ms
[2026-01-28T10:20:48.781+0000][gc,phases   ] GC(11)   Other: 0.3ms
[2026-01-28T10:20:48.781+0000][gc,heap     ] GC(11) Eden regions: 603->0(602)
[2026-01-28T10:20:48.781+0000][gc,heap     ] GC(11) Survivor regions: 11->12(77)
[2026-01-28T10:20:48.781+0000][gc,heap     ] GC(11) Old regions: 14->14
[2026-01-28T10:20:48.781+0000][gc,heap     ] GC(11) Humongous regions: 1->1
[2026-01-28T10:20:48.781+0000][gc,metaspace] GC(11) Metaspace: 8107K(8384K)->8107K(8384K) NonClass: 7336K(7488K)->7336K(7488K) Class: 771K(896K)->771K(896K)
[2026-01-28T10:20:48.781+0000][gc          ] GC(11) Pause Young (Normal) (G1 Evacuation Pause) 628M->26M(1024M) 46.617ms
[2026-01-28T10:20:48.781+0000][gc,cpu      ] GC(11) User=0.22s Sys=0.00s Real=0.05s
[2026-01-28T10:21:05.500+0000][gc,start    ] GC(12) Pause Young (Normal) (G1 Evacuation Pause)
[2026-01-28T10:21:05.501+0000][gc,task     ] GC(12) Using 10 workers of 10 for evacuation
[2026-01-28T10:21:05.594+0000][gc,phases   ] GC(12)   Pre Evacuate Collection Set: 1.1ms
[2026-01-28T10:21:05.594+0000][gc,phases   ] GC(12)   Merge Heap Roots: 0.3ms
[2026-01-28T10:21:05.594+0000][gc,phases   ] GC(12)   Evacuate Collection Set: 90.2ms
[2026-01-28T10:21:05.594+0000][gc,phases   ] GC(12)   Post Evacuate Collection Set: 0.9ms
[2026-01-28T10:21:05.594+0000][gc,phases   ] GC(12)   Other: 0.4ms
[2026-01-28T10:21:05.594+0000][gc,heap     ] GC(12) Eden regions: 602->0(601)
[2026-01-28T10:21:05.594+0000][gc,heap     ] GC(12) Survivor regions: 12->13(77)
[2026-01-28T10:21:05.595+0000][gc,heap     ] GC(12) Old regions: 14->14
[2026-01-28T10:21:05.595+0000][gc,heap     ] GC(12) Humongous regions: 1->1
[2026-01-28T10:21:05.595+0000][gc,metaspace] GC(12) Metaspace: 8168K(8448K)->8168K(8448K) NonClass: 7397K(7552K)->7397K(7552K) Class: 771K(896K)->771K(896K)
[2026-01-28T10:21:05.595+0000][gc          ] GC(12) Pause Young (Normal) (G1 Evacuation Pause) 628M->27M(1024M) 94.270ms
[2026-01-28T10:21:05.595+0000][gc,cpu      ] GC(12) User=0.23s Sys=0.00s Real=0.10s
[2026-01-28T10:21:22.021+0000][gc,start    ] GC(13) Pause Young (Normal) (G1 Evacuation Pause)
[2026-01-28T10:21:22.022+0000][gc,task     ] GC(13) Using 10 workers of 10 for evacuation
[2026-01-28T10:21:22.069+0000][gc,phases   ] GC(13)   Pre Evacuate Collection Set: 0.8ms
[2026-01-28T10:21:22.069+0000][gc,phases   ] GC(13)   Merge Heap Roots: 0.3ms
[2026-01-28T10:21:22.069+0000][gc,phases   ] GC(13)   Evacuate Collection Set: 44.3ms
[2026-01-28T10:21:22.069+0000][gc,phases   ] GC(13)   Post Evacuate Collection Set: 1.0ms
[2026-01-28T10:21:22.069+0000][gc,phases   ] GC(13)   Other: 0.5ms
[2026-01-28T10:21:22.069+0000][gc,heap     ] GC(13) Eden regions: 601->0(599)
[2026-01-28T10:21:22.069+0000][gc,heap     ] GC(13) Survivor regions: 13->15(77)
[2026-01-28T10:21:22.069+0000][gc,heap     ] GC(13) Old regions: 14->14
[2026-01-28T10:21:22.069+0000][gc,heap     ] GC(13) Humongous regions: 1->1
[2026-01-28T10:21:22.069+0000][gc,metaspace] GC(13) Metaspace: 8173K(8448K)->8173K(8448K) NonClass: 7401K(7552K)->7401K(7552K) Class: 771K(896K)->771K(896K)
[2026-01-28T10:21:22.070+0000][gc          ] GC(13) Pause Young (Normal) (G1 Evacuation Pause) 628M->28M(1024M) 48.896ms
[2026-01-28T10:21:22.070+0000][gc,cpu      ] GC(13) User=0.16s Sys=0.00s Real=0.04s
[2026-01-28T10:21:41.113+0000][gc,start    ] GC(14) Pause Young (Normal) (G1 Evacuation Pause)
[2026-01-28T10:21:41.114+0000][gc,task     ] GC(14) Using 10 workers of 10 for evacuation
[2026-01-28T10:21:41.163+0000][gc,phases   ] GC(14)   Pre Evacuate Collection Set: 0.9ms
[2026-01-28T10:21:41.163+0000][gc,phases   ] GC(14)   Merge Heap Roots: 0.2ms
[2026-01-28T10:21:41.163+0000][gc,phases   ] GC(14)   Evacuate Collection Set: 46.0ms
[2026-01-28T10:21:41.163+0000][gc,phases   ] GC(14)   Post Evacuate Collection Set: 1.0ms
[2026-01-28T10:21:41.163+0000][gc,phases   ] GC(14)   Other: 0.2ms
[2026-01-28T10:21:41.163+0000][gc,heap     ] GC(14) Eden regions: 599->0(599)
[2026-01-28T10:21:41.163+0000][gc,heap     ] GC(14) Survivor regions: 15->15(77)
[2026-01-28T10:21:41.163+0000][gc,heap     ] GC(14) Old regions: 14->14
[2026-01-28T10:21:41.163+0000][gc,heap     ] GC(14) Humongous regions: 1->1
[2026-01-28T10:21:41.163+0000][gc,metaspace] GC(14) Metaspace: 8287K(8512K)->8287K(8512K) NonClass: 7516K(7616K)->7516K(7616K) Class: 771K(896K)->771K(896K)
[2026-01-28T10:21:41.163+0000][gc          ] GC(14) Pause Young (Normal) (G1 Evacuation Pause) 627M->28M(1024M) 49.988ms
[2026-01-28T10:21:41.163+0000][gc,cpu      ] GC(14) User=0.24s Sys=0.00s Real=0.05s
[2026-01-28T10:21:58.961+0000][gc,start    ] GC(15) Pause Young (Normal) (G1 Evacuation Pause)
[2026-01-28T10:21:58.962+0000][gc,task     ] GC(15) Using 10 workers of 10 for evacuation
[2026-01-28T10:21:58.992+0000][gc,phases   ] GC(15)   Pre Evacuate Collection Set: 0.7ms
[2026-01-28T10:21:58.992+0000][gc,phases   ] GC(15)   Merge Heap Roots: 0.2ms
[2026-01-28T10:21:58.992+0000][gc,phases   ] GC(15)   Evacuate Collection Set: 28.3ms
[2026-01-28T10:21:58.992+0000][gc,phases   ] GC(15)   Post Evacuate Collection Set: 0.8ms
[2026-01-28T10:21:58.992+0000][gc,phases   ] GC(15)   Other: 0.3ms
[2026-01-28T10:21:58.992+0000][gc,heap     ] GC(15) Eden regions: 599->0(597)
[2026-01-28T10:21:58.992+0000][gc,heap     ] GC(15) Survivor regions: 15->17(77)
[2026-01-28T10:21:58.992+0000][gc,heap     ] GC(15) Old regions: 14->14
[2026-01-28T10:21:58.992+0000][gc,heap     ] GC(15) Humongous regions: 1->1
[2026-01-28T10:21:58.992+0000][gc,metaspace] GC(15) Metaspace: 8289K(8512K)->8289K(8512K) NonClass: 7517K(7616K)->7517K(7616K) Class: 771K(896K)->771K(896K)
[2026-01-28T10:21:58.992+0000][gc          ] GC(15) Pause Young (Normal) (G1 Evacuation Pause) 627M->30M(1024M) 31.720ms
[2026-01-28T10:21:58.993+0000][gc,cpu      ] GC(15) User=0.09s Sys=0.00s Real=0.03s
[2026-01-28T10:22:15.593+0000][gc,start    ] GC(16) Pause Young (Normal) (G1 Evacuation Pause)
[2026-01-28T10:22:15.594+0000][gc,task     ] GC(16) Using 10 workers of 10 for evacuation
[2026-01-28T10:22:15.643+0000][gc,phases   ] GC(16)   Pre Evacuate Collection Set: 1.5ms
[2026-01-28T10:22:15.643+0000][gc,phases   ] GC(16)   Merge Heap Roots: 0.8ms
[2026-01-28T10:22:15.643+0000][gc,phases   ] GC(16)   Evacuate Collection Set: 45.0ms
[2026-01-28T10:22:15.643+0000][gc,phases   ] GC(16)   Post Evacuate Collection Set: 1.0ms
[2026-01-28T10:22:15.643+0000][gc,phases   ] GC(16)   Other: 0.4ms
[2026-01-28T10:22:15.643+0000][gc,heap     ] GC(16) Eden regions: 597->0(596)
[2026-01-28T10:22:15.643+0000][gc,heap     ] GC(16) Survivor regions: 17->18(77)
[2026-01-28T10:22:15.643+0000][gc,heap     ] GC(16) Old regions: 14->14
[2026-01-28T10:22:15.643+0000][gc,heap     ] GC(16) Humongous regions: 1->1
[2026-01-28T10:22:15.644+0000][gc,metaspace] GC(16) Metaspace: 8305K(8576K)->8305K(8576K) NonClass: 7533K(7680K)->7533K(7680K) Class: 771K(896K)->771K(896K)
[2026-01-28T10:22:15.644+0000][gc          ] GC(16) Pause Young (Normal) (G1 Evacuation Pause) 627M->32M(1024M) 50.225ms
[2026-01-28T10:22:15.644+0000][gc,cpu      ] GC(16) User=0.17s Sys=0.00s Real=0.05s
[2026-01-28T10:22:32.204+0000][gc,start    ] GC(17) Pause Young (Normal) (G1 Evacuation Pause)
[2026-01-28T10:22:32.205+0000][gc,task     ] GC(17) Using 10 workers of 10 for evacuation
[2026-01-28T10:22:32.238+0000][gc,phases   ] GC(17)   Pre Evacuate Collection Set: 0.9ms
[2026-01-28T10:22:32.238+0000][gc,phases   ] GC(17)   Merge Heap Roots: 0.2ms
[2026-01-28T10:22:32.238+0000][gc,phases   ] GC(17)   Evacuate Collection Set: 30.8ms
[2026-01-28T10:22:32.238+0000][gc,phases   ] GC(17)   Post Evacuate Collection Set: 0.9ms
[2026-01-28T10:22:32.238+0000][gc,phases   ] GC(17)   Other: 0.3ms
[2026-01-28T10:22:32.238+0000][gc,heap     ] GC(17) Eden regions: 596->0(595)
[2026-01-28T10:22:32.238+0000][gc,heap     ] GC(17) Survivor regions: 18->19(77)
[2026-01-28T10:22:32.238+0000][gc,heap     ] GC(17) Old regions: 14->14
[2026-01-28T10:22:32.238+0000][gc,heap     ] GC(17) Humongous regions: 1->1
[2026-01-28T10:22:32.238+0000][gc,metaspace] GC(17) Metaspace: 8351K(8576K)->8351K(8576K) NonClass: 7579K(7680K)->7579K(7680K) Class: 771K(896K)->771K(896K)
[2026-01-28T10:22:32.239+0000][gc          ] GC(17) Pause Young (Normal) (G1 Evacuation Pause) 628M->33M(1024M) 34.057ms
[2026-01-28T10:22:32.239+0000][gc,cpu      ] GC(17) User=0.09s Sys=0.01s Real=0.03s
[2026-01-28T10:22:49.069+0000][gc,start    ] GC(18) Pause Young (Normal) (G1 Evacuation Pause)
[2026-01-28T10:22:49.070+0000][gc,task     ] GC(18) Using 10 workers of 10 for evacuation
[2026-01-28T10:22:49.138+0000][gc,phases   ] GC(18)   Pre Evacuate Collection Set: 1.0ms
[2026-01-28T10:22:49.138+0000][gc,phases   ] GC(18)   Merge Heap Roots: 0.2ms
[2026-01-28T10:22:49.138+0000][gc,phases   ] GC(18)   Evacuate Collection Set: 63.1ms
[2026-01-28T10:22:49.138+0000][gc,phases   ] GC(18)   Post Evacuate Collection Set: 3.2ms
[2026-01-28T10:22:49.138+0000][gc,phases   ] GC(18)   Other: 0.3ms
[2026-01-28T10:22:49.138+0000][gc,heap     ] GC(18) Eden regions: 595->0(595)
[2026-01-28T10:22:49.138+0000][gc,heap     ] GC(18) Survivor regions: 19->19(77)
[2026-01-28T10:22:49.138+0000][gc,heap     ] GC(18) Old regions: 14->15
[2026-01-28T10:22:49.138+0000][gc,heap     ] GC(18) Humongous regions: 1->1
[2026-01-28T10:22:49.138+0000][gc,metaspace] GC(18) Metaspace: 8422K(8640K)->8422K(8640K) NonClass: 7650K(7744K)->7650K(7744K) Class: 771K(896K)->771K(896K)
[2026-01-28T10:22:49.138+0000][gc          ] GC(18) Pause Young (Normal) (G1 Evacuation Pause) 628M->34M(1024M) 69.489ms
[2026-01-28T10:22:49.138+0000][gc,cpu      ] GC(18) User=0.25s Sys=0.02s Real=0.07s
[2026-01-28T10:23:06.029+0000][gc,start    ] GC(19) Pause Young (Normal) (G1 Evacuation Pause)
[2026-01-28T10:23:06.030+0000][gc,task     ] GC(19) Using 10 workers of 10 for evacuation
[2026-01-28T10:23:06.072+0000][gc,phases   ] GC(19)   Pre Evacuate Collection Set: 0.9ms
[2026-01-28T10:23:06.072+0000][gc,phases   ] GC(19)   Merge Heap Roots: 0.2ms
[2026-01-28T10:23:06.073+0000][gc,phases   ] GC(19)   Evacuate Collection Set: 40.1ms
[2026-01-28T10:23:06.073+0000][gc,phases   ] GC(19)   Post Evacuate Collection Set: 0.8ms
[2026-01-28T10:23:06.073+0000][gc,phases   ] GC(19)   Other: 0.2ms
[2026-01-28T10:23:06.073+0000][gc,heap     ] GC(19) Eden regions: 595->0(595)
[2026-01-28T10:23:06.073+0000][gc,heap     ] GC(19) Survivor regions: 19->19(77)
[2026-01-28T10:23:06.073+0000][gc,heap     ] GC(19) Old regions: 15->16
[2026-01-28T10:23:06.073+0000][gc,heap     ] GC(19) Humongous regions: 1->1
[2026-01-28T10:23:06.073+0000][gc,metaspace] GC(19) Metaspace: 8444K(8640K)->8444K(8640K) NonClass: 7672K(7744K)->7672K(7744K) Class: 771K(896K)->771K(896K)
[2026-01-28T10:23:06.073+0000][gc          ] GC(19) Pause Young (Normal) (G1 Evacuation Pause) 629M->35M(1024M) 43.588ms
[2026-01-28T10:23:06.073+0000][gc,cpu      ] GC(19) User=0.13s Sys=0.01s Real=0.05s
[2026-01-28T10:23:22.523+0000][gc,start    ] GC(20) Pause Young (Normal) (G1 Evacuation Pause)
[2026-01-28T10:23:22.524+0000][gc,task     ] GC(20) Using 10 workers of 10 for evacuation
[2026-01-28T10:23:22.560+0000][gc,phases   ] GC(20)   Pre Evacuate Collection Set: 0.8ms
[2026-01-28T10:23:22.560+0000][gc,phases   ] GC(20)   Merge Heap Roots: 0.2ms
[2026-01-28T10:23:22.560+0000][gc,phases   ] GC(20)   Evacuate Collection Set: 33.9ms
[2026-01-28T10:23:22.560+0000][gc,phases   ] GC(20)   Post Evacuate Collection Set: 0.8ms
[2026-01-28T10:23:22.560+0000][gc,phases   ] GC(20)   Other: 0.2ms
[2026-01-28T10:23:22.560+0000][gc,heap     ] GC(20) Eden regions: 595->0(594)
[2026-01-28T10:23:22.560+0000][gc,heap     ] GC(20) Survivor regions: 19->20(77)
[2026-01-28T10:23:22.560+0000][gc,heap     ] GC(20) Old regions: 16->18
[2026-01-28T10:23:22.560+0000][gc,heap     ] GC(20) Humongous regions: 1->1
[2026-01-28T10:23:22.560+0000][gc,metaspace] GC(20) Metaspace: 8448K(8640K)->8448K(8640K) NonClass: 7676K(7744K)->7676K(7744K) Class: 771K(896K)->771K(896K)
[2026-01-28T10:23:22.560+0000][gc          ] GC(20) Pause Young (Normal) (G1 Evacuation Pause) 630M->37M(1024M) 37.454ms
[2026-01-28T10:23:22.560+0000][gc,cpu      ] GC(20) User=0.10s Sys=0.03s Real=0.03s
[2026-01-28T10:23:39.463+0000][gc,start    ] GC(21) Pause Young (Normal) (G1 Evacuation Pause)
[2026-01-28T10:23:39.465+0000][gc,task     ] GC(21) Using 10 workers of 10 for evacuation
[2026-01-28T10:23:39.526+0000][gc,phases   ] GC(21)   Pre Evacuate Collection Set: 1.8ms
[2026-01-28T10:23:39.526+0000][gc,phases   ] GC(21)   Merge Heap Roots: 0.2ms
[2026-01-28T10:23:39.526+0000][gc,phases   ] GC(21)   Evacuate Collection Set: 57.2ms
[2026-01-28T10:23:39.526+0000][gc,phases   ] GC(21)   Post Evacuate Collection Set: 1.4ms
[2026-01-28T10:23:39.526+0000][gc,phases   ] GC(21)   Other: 0.4ms
[2026-01-28T10:23:39.526+0000][gc,heap     ] GC(21) Eden regions: 594->0(594)
[2026-01-28T10:23:39.526+0000][gc,heap     ] GC(21) Survivor regions: 20->20(77)
[2026-01-28T10:23:39.526+0000][gc,heap     ] GC(21) Old regions: 18->19
[2026-01-28T10:23:39.526+0000][gc,heap     ] GC(21) Humongous regions: 1->1
[2026-01-28T10:23:39.526+0000][gc,metaspace] GC(21) Metaspace: 8456K(8704K)->8456K(8704K) NonClass: 7684K(7808K)->7684K(7808K) Class: 771K(896K)->771K(896K)
[2026-01-28T10:23:39.526+0000][gc          ] GC(21) Pause Young (Normal) (G1 Evacuation Pause) 631M->39M(1024M) 62.891ms
[2026-01-28T10:23:39.526+0000][gc,cpu      ] GC(21) User=0.17s Sys=0.00s Real=0.06s
[2026-01-28T10:23:55.994+0000][gc,start    ] GC(22) Pause Young (Normal) (G1 Evacuation Pause)
[2026-01-28T10:23:55.995+0000][gc,task     ] GC(22) Using 10 workers of 10 for evacuation
[2026-01-28T10:23:56.035+0000][gc,phases   ] GC(22)   Pre Evacuate Collection Set: 1.7ms
[2026-01-28T10:23:56.035+0000][gc,phases   ] GC(22)   Merge Heap Roots: 0.3ms
[2026-01-28T10:23:56.036+0000][gc,phases   ] GC(22)   Evacuate Collection Set: 37.1ms
[2026-01-28T10:23:56.036+0000][gc,phases   ] GC(22)   Post Evacuate Collection Set: 0.9ms
[2026-01-28T10:23:56.036+0000][gc,phases   ] GC(22)   Other: 0.3ms
[2026-01-28T10:23:56.036+0000][gc,heap     ] GC(22) Eden regions: 594->0(594)
[2026-01-28T10:23:56.036+0000][gc,heap     ] GC(22) Survivor regions: 20->20(77)
[2026-01-28T10:23:56.036+0000][gc,heap     ] GC(22) Old regions: 19->20
[2026-01-28T10:23:56.036+0000][gc,heap     ] GC(22) Humongous regions: 1->1
[2026-01-28T10:23:56.036+0000][gc,metaspace] GC(22) Metaspace: 8461K(8704K)->8461K(8704K) NonClass: 7689K(7808K)->7689K(7808K) Class: 771K(896K)->771K(896K)
[2026-01-28T10:23:56.036+0000][gc          ] GC(22) Pause Young (Normal) (G1 Evacuation Pause) 633M->40M(1024M) 42.279ms
[2026-01-28T10:23:56.036+0000][gc,cpu      ] GC(22) User=0.13s Sys=0.00s Real=0.04s
[2026-01-28T10:24:12.023+0000][gc,start    ] GC(23) Pause Young (Normal) (G1 Evacuation Pause)
[2026-01-28T10:24:12.024+0000][gc,task     ] GC(23) Using 10 workers of 10 for evacuation
[2026-01-28T10:24:12.067+0000][gc,phases   ] GC(23)   Pre Evacuate Collection Set: 0.8ms
[2026-01-28T10:24:12.067+0000][gc,phases   ] GC(23)   Merge Heap Roots: 0.2ms
[2026-01-28T10:24:12.067+0000][gc,phases   ] GC(23)   Evacuate Collection Set: 41.6ms
[2026-01-28T10:24:12.067+0000][gc,phases   ] GC(23)   Post Evacuate Collection Set: 0.8ms
[2026-01-28T10:24:12.068+0000][gc,phases   ] GC(23)   Other: 0.2ms
[2026-01-28T10:24:12.068+0000][gc,heap     ] GC(23) Eden regions: 594->0(593)
[2026-01-28T10:24:12.068+0000][gc,heap     ] GC(23) Survivor regions: 20->21(77)
[2026-01-28T10:24:12.068+0000][gc,heap     ] GC(23) Old regions: 20->22
[2026-01-28T10:24:12.068+0000][gc,heap     ] GC(23) Humongous regions: 1->1
[2026-01-28T10:24:12.068+0000][gc,metaspace] GC(23) Metaspace: 8468K(8768K)->8468K(8768K) NonClass: 7696K(7872K)->7696K(7872K) Class: 771K(896K)->771K(896K)
[2026-01-28T10:24:12.068+0000][gc          ] GC(23) Pause Young (Normal) (G1 Evacuation Pause) 634M->42M(1024M) 44.351ms
[2026-01-28T10:24:12.068+0000][gc,cpu      ] GC(23) User=0.17s Sys=0.00s Real=0.04s
[2026-01-28T10:24:28.342+0000][gc,start    ] GC(24) Pause Young (Normal) (G1 Evacuation Pause)
[2026-01-28T10:24:28.342+0000][gc,task     ] GC(24) Using 10 workers of 10 for evacuation
[2026-01-28T10:24:28.380+0000][gc,phases   ] GC(24)   Pre Evacuate Collection Set: 0.6ms
[2026-01-28T10:24:28.380+0000][gc,phases   ] GC(24)   Merge Heap Roots: 0.2ms
[2026-01-28T10:24:28.380+0000][gc,phases   ] GC(24)   Evacuate Collection Set: 36.0ms
[2026-01-28T10:24:28.380+0000][gc,phases   ] GC(24)   Post Evacuate Collection Set: 0.7ms
[2026-01-28T10:24:28.380+0000][gc,phases   ] GC(24)   Other: 0.2ms
[2026-01-28T10:24:28.380+0000][gc,heap     ] GC(24) Eden regions: 593->0(594)
[2026-01-28T10:24:28.380+0000][gc,heap     ] GC(24) Survivor regions: 21->20(77)
[2026-01-28T10:24:28.381+0000][gc,heap     ] GC(24) Old regions: 22->23
[2026-01-28T10:24:28.381+0000][gc,heap     ] GC(24) Humongous regions: 1->1
[2026-01-28T10:24:28.381+0000][gc,metaspace] GC(24) Metaspace: 8476K(8768K)->8476K(8768K) NonClass: 7704K(7872K)->7704K(7872K) Class: 771K(896K)->771K(896K)
[2026-01-28T10:24:28.381+0000][gc          ] GC(24) Pause Young (Normal) (G1 Evacuation Pause) 635M->43M(1024M) 38.756ms
[2026-01-28T10:24:28.381+0000][gc,cpu      ] GC(24) User=0.13s Sys=0.00s Real=0.03s
[2026-01-28T10:24:43.785+0000][gc,start    ] GC(25) Pause Young (Normal) (G1 Evacuation Pause)
[2026-01-28T10:24:43.786+0000][gc,task     ] GC(25) Using 10 workers of 10 for evacuation
[2026-01-28T10:24:43.828+0000][gc,phases   ] GC(25)   Pre Evacuate Collection Set: 1.3ms
[2026-01-28T10:24:43.828+0000][gc,phases   ] GC(25)   Merge Heap Roots: 0.6ms
[2026-01-28T10:24:43.828+0000][gc,phases   ] GC(25)   Evacuate Collection Set: 38.8ms
[2026-01-28T10:24:43.828+0000][gc,phases   ] GC(25)   Post Evacuate Collection Set: 0.7ms
[2026-01-28T10:24:43.828+0000][gc,phases   ] GC(25)   Other: 0.5ms
[2026-01-28T10:24:43.828+0000][gc,heap     ] GC(25) Eden regions: 594->0(593)
[2026-01-28T10:24:43.828+0000][gc,heap     ] GC(25) Survivor regions: 20->21(77)
[2026-01-28T10:24:43.828+0000][gc,heap     ] GC(25) Old regions: 23->24
[2026-01-28T10:24:43.828+0000][gc,heap     ] GC(25) Humongous regions: 1->1
[2026-01-28T10:24:43.828+0000][gc,metaspace] GC(25) Metaspace: 8478K(8768K)->8478K(8768K) NonClass: 7706K(7872K)->7706K(7872K) Class: 771K(896K)->771K(896K)
[2026-01-28T10:24:43.828+0000][gc          ] GC(25) Pause Young (Normal) (G1 Evacuation Pause) 637M->45M(1024M) 43.540ms
[2026-01-28T10:24:43.828+0000][gc,cpu      ] GC(25) User=0.13s Sys=0.00s Real=0.04s
[2026-01-28T10:24:59.466+0000][gc,start    ] GC(26) Pause Young (Normal) (G1 Evacuation Pause)
[2026-01-28T10:24:59.470+0000][gc,task     ] GC(26) Using 10 workers of 10 for evacuation
[2026-01-28T10:24:59.516+0000][gc,phases   ] GC(26)   Pre Evacuate Collection Set: 0.6ms
[2026-01-28T10:24:59.516+0000][gc,phases   ] GC(26)   Merge Heap Roots: 0.2ms
[2026-01-28T10:24:59.517+0000][gc,phases   ] GC(26)   Evacuate Collection Set: 45.1ms
[2026-01-28T10:24:59.517+0000][gc,phases   ] GC(26)   Post Evacuate Collection Set: 0.7ms
[2026-01-28T10:24:59.517+0000][gc,phases   ] GC(26)   Other: 0.2ms
[2026-01-28T10:24:59.517+0000][gc,heap     ] GC(26) Eden regions: 593->0(593)
[2026-01-28T10:24:59.517+0000][gc,heap     ] GC(26) Survivor regions: 21->21(77)
[2026-01-28T10:24:59.517+0000][gc,heap     ] GC(26) Old regions: 24->25
[2026-01-28T10:24:59.517+0000][gc,heap     ] GC(26) Humongous regions: 1->1
[2026-01-28T10:24:59.517+0000][gc,metaspace] GC(26) Metaspace: 8483K(8768K)->8483K(8768K) NonClass: 7711K(7872K)->7711K(7872K) Class: 771K(896K)->771K(896K)
[2026-01-28T10:24:59.517+0000][gc          ] GC(26) Pause Young (Normal) (G1 Evacuation Pause) 638M->46M(1024M) 50.560ms
[2026-01-28T10:24:59.517+0000][gc,cpu      ] GC(26) User=0.17s Sys=0.00s Real=0.05s
[2026-01-28T10:25:15.213+0000][gc,start    ] GC(27) Pause Young (Normal) (G1 Evacuation Pause)
[2026-01-28T10:25:15.214+0000][gc,task     ] GC(27) Using 10 workers of 10 for evacuation
[2026-01-28T10:25:15.255+0000][gc,phases   ] GC(27)   Pre Evacuate Collection Set: 0.6ms
[2026-01-28T10:25:15.256+0000][gc,phases   ] GC(27)   Merge Heap Roots: 0.2ms
[2026-01-28T10:25:15.256+0000][gc,phases   ] GC(27)   Evacuate Collection Set: 39.0ms
[2026-01-28T10:25:15.256+0000][gc,phases   ] GC(27)   Post Evacuate Collection Set: 1.2ms
[2026-01-28T10:25:15.256+0000][gc,phases   ] GC(27)   Other: 0.3ms
[2026-01-28T10:25:15.256+0000][gc,heap     ] GC(27) Eden regions: 593->0(592)
[2026-01-28T10:25:15.256+0000][gc,heap     ] GC(27) Survivor regions: 21->22(77)
[2026-01-28T10:25:15.256+0000][gc,heap     ] GC(27) Old regions: 25->27
[2026-01-28T10:25:15.256+0000][gc,heap     ] GC(27) Humongous regions: 1->1
[2026-01-28T10:25:15.256+0000][gc,metaspace] GC(27) Metaspace: 8484K(8768K)->8484K(8768K) NonClass: 7712K(7872K)->7712K(7872K) Class: 771K(896K)->771K(896K)
[2026-01-28T10:25:15.256+0000][gc          ] GC(27) Pause Young (Normal) (G1 Evacuation Pause) 639M->48M(1024M) 42.636ms
[2026-01-28T10:25:15.256+0000][gc,cpu      ] GC(27) User=0.13s Sys=0.00s Real=0.04s
[2026-01-28T10:25:30.729+0000][gc,start    ] GC(28) Pause Young (Normal) (G1 Evacuation Pause)
[2026-01-28T10:25:30.732+0000][gc,task     ] GC(28) Using 10 workers of 10 for evacuation
[2026-01-28T10:25:30.782+0000][gc,phases   ] GC(28)   Pre Evacuate Collection Set: 1.4ms
[2026-01-28T10:25:30.783+0000][gc,phases   ] GC(28)   Merge Heap Roots: 0.2ms
[2026-01-28T10:25:30.783+0000][gc,phases   ] GC(28)   Evacuate Collection Set: 47.3ms
[2026-01-28T10:25:30.783+0000][gc,phases   ] GC(28)   Post Evacuate Collection Set: 0.7ms
[2026-01-28T10:25:30.783+0000][gc,phases   ] GC(28)   Other: 1.0ms
[2026-01-28T10:25:30.783+0000][gc,heap     ] GC(28) Eden regions: 592->0(592)
[2026-01-28T10:25:30.783+0000][gc,heap     ] GC(28) Survivor regions: 22->22(77)
[2026-01-28T10:25:30.783+0000][gc,heap     ] GC(28) Old regions: 27->28
[2026-01-28T10:25:30.783+0000][gc,heap     ] GC(28) Humongous regions: 1->1
[2026-01-28T10:25:30.783+0000][gc,metaspace] GC(28) Metaspace: 8484K(8768K)->8484K(8768K) NonClass: 7712K(7872K)->7712K(7872K) Class: 771K(896K)->771K(896K)
[2026-01-28T10:25:30.783+0000][gc          ] GC(28) Pause Young (Normal) (G1 Evacuation Pause) 640M->50M(1024M) 53.491ms
[2026-01-28T10:25:30.783+0000][gc,cpu      ] GC(28) User=0.15s Sys=0.00s Real=0.06s
[2026-01-28T10:25:46.811+0000][gc,start    ] GC(29) Pause Young (Normal) (G1 Evacuation Pause)
[2026-01-28T10:25:46.813+0000][gc,task     ] GC(29) Using 10 workers of 10 for evacuation
[2026-01-28T10:25:46.903+0000][gc,phases   ] GC(29)   Pre Evacuate Collection Set: 1.9ms
[2026-01-28T10:25:46.903+0000][gc,phases   ] GC(29)   Merge Heap Roots: 0.3ms
[2026-01-28T10:25:46.903+0000][gc,phases   ] GC(29)   Evacuate Collection Set: 85.8ms
[2026-01-28T10:25:46.903+0000][gc,phases   ] GC(29)   Post Evacuate Collection Set: 1.0ms
[2026-01-28T10:25:46.903+0000][gc,phases   ] GC(29)   Other: 1.1ms
[2026-01-28T10:25:46.903+0000][gc,heap     ] GC(29) Eden regions: 592->0(592)
[2026-01-28T10:25:46.903+0000][gc,heap     ] GC(29) Survivor regions: 22->22(77)
[2026-01-28T10:25:46.904+0000][gc,heap     ] GC(29) Old regions: 28->29
[2026-01-28T10:25:46.904+0000][gc,heap     ] GC(29) Humongous regions: 1->1
[2026-01-28T10:25:46.904+0000][gc,metaspace] GC(29) Metaspace: 8484K(8768K)->8484K(8768K) NonClass: 7713K(7872K)->7713K(7872K) Class: 771K(896K)->771K(896K)
[2026-01-28T10:25:46.904+0000][gc          ] GC(29) Pause Young (Normal) (G1 Evacuation Pause) 642M->51M(1024M) 92.788ms
[2026-01-28T10:25:46.904+0000][gc,cpu      ] GC(29) User=0.28s Sys=0.01s Real=0.10s
[2026-01-28T10:26:02.101+0000][gc,start    ] GC(30) Pause Young (Normal) (G1 Evacuation Pause)
[2026-01-28T10:26:02.102+0000][gc,task     ] GC(30) Using 10 workers of 10 for evacuation
[2026-01-28T10:26:02.132+0000][gc,phases   ] GC(30)   Pre Evacuate Collection Set: 1.1ms
[2026-01-28T10:26:02.132+0000][gc,phases   ] GC(30)   Merge Heap Roots: 0.2ms
[2026-01-28T10:26:02.132+0000][gc,phases   ] GC(30)   Evacuate Collection Set: 27.5ms
[2026-01-28T10:26:02.132+0000][gc,phases   ] GC(30)   Post Evacuate Collection Set: 0.8ms
[2026-01-28T10:26:02.132+0000][gc,phases   ] GC(30)   Other: 0.3ms
[2026-01-28T10:26:02.132+0000][gc,heap     ] GC(30) Eden regions: 592->0(591)
[2026-01-28T10:26:02.132+0000][gc,heap     ] GC(30) Survivor regions: 22->23(77)
[2026-01-28T10:26:02.132+0000][gc,heap     ] GC(30) Old regions: 29->31
[2026-01-28T10:26:02.132+0000][gc,heap     ] GC(30) Humongous regions: 1->1
[2026-01-28T10:26:02.132+0000][gc,metaspace] GC(30) Metaspace: 8484K(8768K)->8484K(8768K) NonClass: 7713K(7872K)->7713K(7872K) Class: 771K(896K)->771K(896K)
[2026-01-28T10:26:02.132+0000][gc          ] GC(30) Pause Young (Normal) (G1 Evacuation Pause) 643M->53M(1024M) 30.969ms
[2026-01-28T10:26:02.132+0000][gc,cpu      ] GC(30) User=0.09s Sys=0.00s Real=0.03s
[2026-01-28T10:26:18.161+0000][gc,start    ] GC(31) Pause Young (Normal) (G1 Evacuation Pause)
[2026-01-28T10:26:18.162+0000][gc,task     ] GC(31) Using 10 workers of 10 for evacuation
[2026-01-28T10:26:18.203+0000][gc,phases   ] GC(31)   Pre Evacuate Collection Set: 0.6ms
[2026-01-28T10:26:18.203+0000][gc,phases   ] GC(31)   Merge Heap Roots: 0.2ms
[2026-01-28T10:26:18.203+0000][gc,phases   ] GC(31)   Evacuate Collection Set: 39.2ms
[2026-01-28T10:26:18.203+0000][gc,phases   ] GC(31)   Post Evacuate Collection Set: 0.7ms
[2026-01-28T10:26:18.203+0000][gc,phases   ] GC(31)   Other: 0.2ms
[2026-01-28T10:26:18.204+0000][gc,heap     ] GC(31) Eden regions: 591->0(592)
[2026-01-28T10:26:18.204+0000][gc,heap     ] GC(31) Survivor regions: 23->22(77)
[2026-01-28T10:26:18.204+0000][gc,heap     ] GC(31) Old regions: 31->32
[2026-01-28T10:26:18.204+0000][gc,heap     ] GC(31) Humongous regions: 1->1
[2026-01-28T10:26:18.204+0000][gc,metaspace] GC(31) Metaspace: 8486K(8768K)->8486K(8768K) NonClass: 7714K(7872K)->7714K(7872K) Class: 771K(896K)->771K(896K)
[2026-01-28T10:26:18.204+0000][gc          ] GC(31) Pause Young (Normal) (G1 Evacuation Pause) 644M->54M(1024M) 42.614ms
[2026-01-28T10:26:18.204+0000][gc,cpu      ] GC(31) User=0.11s Sys=0.00s Real=0.04s
[2026-01-28T10:26:33.929+0000][gc,start    ] GC(32) Pause Young (Normal) (G1 Evacuation Pause)
[2026-01-28T10:26:33.931+0000][gc,task     ] GC(32) Using 10 workers of 10 for evacuation
[2026-01-28T10:26:34.010+0000][gc,phases   ] GC(32)   Pre Evacuate Collection Set: 1.0ms
[2026-01-28T10:26:34.010+0000][gc,phases   ] GC(32)   Merge Heap Roots: 0.2ms
[2026-01-28T10:26:34.010+0000][gc,phases   ] GC(32)   Evacuate Collection Set: 76.9ms
[2026-01-28T10:26:34.010+0000][gc,phases   ] GC(32)   Post Evacuate Collection Set: 1.1ms
[2026-01-28T10:26:34.010+0000][gc,phases   ] GC(32)   Other: 0.4ms
[2026-01-28T10:26:34.010+0000][gc,heap     ] GC(32) Eden regions: 592->0(591)
[2026-01-28T10:26:34.010+0000][gc,heap     ] GC(32) Survivor regions: 22->23(77)
[2026-01-28T10:26:34.011+0000][gc,heap     ] GC(32) Old regions: 32->33
[2026-01-28T10:26:34.011+0000][gc,heap     ] GC(32) Humongous regions: 1->1
[2026-01-28T10:26:34.011+0000][gc,metaspace] GC(32) Metaspace: 8492K(8768K)->8492K(8768K) NonClass: 7721K(7872K)->7721K(7872K) Class: 771K(896K)->771K(896K)
[2026-01-28T10:26:34.011+0000][gc          ] GC(32) Pause Young (Normal) (G1 Evacuation Pause) 646M->56M(1024M) 81.280ms
[2026-01-28T10:26:34.011+0000][gc,cpu      ] GC(32) User=0.22s Sys=0.01s Real=0.08s
[2026-01-28T10:26:49.675+0000][gc,start    ] GC(33) Pause Young (Normal) (G1 Evacuation Pause)
[2026-01-28T10:26:49.676+0000][gc,task     ] GC(33) Using 10 workers of 10 for evacuation
[2026-01-28T10:26:49.734+0000][gc,phases   ] GC(33)   Pre Evacuate Collection Set: 1.7ms
[2026-01-28T10:26:49.734+0000][gc,phases   ] GC(33)   Merge Heap Roots: 0.8ms
[2026-01-28T10:26:49.734+0000][gc,phases   ] GC(33)   Evacuate Collection Set: 54.2ms
[2026-01-28T10:26:49.734+0000][gc,phases   ] GC(33)   Post Evacuate Collection Set: 0.9ms
[2026-01-28T10:26:49.734+0000][gc,phases   ] GC(33)   Other: 0.4ms
[2026-01-28T10:26:49.734+0000][gc,heap     ] GC(33) Eden regions: 591->0(591)
[2026-01-28T10:26:49.734+0000][gc,heap     ] GC(33) Survivor regions: 23->23(77)
[2026-01-28T10:26:49.734+0000][gc,heap     ] GC(33) Old regions: 33->35
[2026-01-28T10:26:49.734+0000][gc,heap     ] GC(33) Humongous regions: 1->1
[2026-01-28T10:26:49.734+0000][gc,metaspace] GC(33) Metaspace: 8492K(8768K)->8492K(8768K) NonClass: 7721K(7872K)->7721K(7872K) Class: 771K(896K)->771K(896K)
[2026-01-28T10:26:49.734+0000][gc          ] GC(33) Pause Young (Normal) (G1 Evacuation Pause) 647M->58M(1024M) 58.956ms
[2026-01-28T10:26:49.734+0000][gc,cpu      ] GC(33) User=0.19s Sys=0.00s Real=0.06s
[2026-01-28T10:27:05.582+0000][gc,start    ] GC(34) Pause Young (Normal) (G1 Evacuation Pause)
[2026-01-28T10:27:05.583+0000][gc,task     ] GC(34) Using 10 workers of 10 for evacuation
[2026-01-28T10:27:05.633+0000][gc,phases   ] GC(34)   Pre Evacuate Collection Set: 0.8ms
[2026-01-28T10:27:05.633+0000][gc,phases   ] GC(34)   Merge Heap Roots: 0.3ms
[2026-01-28T10:27:05.633+0000][gc,phases   ] GC(34)   Evacuate Collection Set: 47.6ms
[2026-01-28T10:27:05.633+0000][gc,phases   ] GC(34)   Post Evacuate Collection Set: 0.8ms
[2026-01-28T10:27:05.633+0000][gc,phases   ] GC(34)   Other: 0.3ms
[2026-01-28T10:27:05.633+0000][gc,heap     ] GC(34) Eden regions: 591->0(591)
[2026-01-28T10:27:05.633+0000][gc,heap     ] GC(34) Survivor regions: 23->23(77)
[2026-01-28T10:27:05.633+0000][gc,heap     ] GC(34) Old regions: 35->36
[2026-01-28T10:27:05.633+0000][gc,heap     ] GC(34) Humongous regions: 1->1
[2026-01-28T10:27:05.633+0000][gc,metaspace] GC(34) Metaspace: 8492K(8768K)->8492K(8768K) NonClass: 7721K(7872K)->7721K(7872K) Class: 771K(896K)->771K(896K)
[2026-01-28T10:27:05.633+0000][gc          ] GC(34) Pause Young (Normal) (G1 Evacuation Pause) 649M->59M(1024M) 51.454ms
[2026-01-28T10:27:05.633+0000][gc,cpu      ] GC(34) User=0.17s Sys=0.00s Real=0.05s
[2026-01-28T10:27:21.269+0000][gc,start    ] GC(35) Pause Young (Normal) (G1 Evacuation Pause)
[2026-01-28T10:27:21.269+0000][gc,task     ] GC(35) Using 10 workers of 10 for evacuation
[2026-01-28T10:27:21.312+0000][gc,phases   ] GC(35)   Pre Evacuate Collection Set: 0.9ms
[2026-01-28T10:27:21.312+0000][gc,phases   ] GC(35)   Merge Heap Roots: 0.2ms
[2026-01-28T10:27:21.313+0000][gc,phases   ] GC(35)   Evacuate Collection Set: 41.1ms
[2026-01-28T10:27:21.313+0000][gc,phases   ] GC(35)   Post Evacuate Collection Set: 0.9ms
[2026-01-28T10:27:21.313+0000][gc,phases   ] GC(35)   Other: 0.3ms
[2026-01-28T10:27:21.313+0000][gc,heap     ] GC(35) Eden regions: 591->0(591)
[2026-01-28T10:27:21.313+0000][gc,heap     ] GC(35) Survivor regions: 23->23(77)
[2026-01-28T10:27:21.313+0000][gc,heap     ] GC(35) Old regions: 36->38
[2026-01-28T10:27:21.313+0000][gc,heap     ] GC(35) Humongous regions: 1->1
[2026-01-28T10:27:21.313+0000][gc,metaspace] GC(35) Metaspace: 8492K(8768K)->8492K(8768K) NonClass: 7721K(7872K)->7721K(7872K) Class: 771K(896K)->771K(896K)
[2026-01-28T10:27:21.313+0000][gc          ] GC(35) Pause Young (Normal) (G1 Evacuation Pause) 650M->61M(1024M) 44.454ms
[2026-01-28T10:27:21.313+0000][gc,cpu      ] GC(35) User=0.11s Sys=0.01s Real=0.05s
[2026-01-28T10:27:37.570+0000][gc,start    ] GC(36) Pause Young (Normal) (G1 Evacuation Pause)
[2026-01-28T10:27:37.570+0000][gc,task     ] GC(36) Using 10 workers of 10 for evacuation
[2026-01-28T10:27:37.614+0000][gc,phases   ] GC(36)   Pre Evacuate Collection Set: 0.7ms
[2026-01-28T10:27:37.614+0000][gc,phases   ] GC(36)   Merge Heap Roots: 0.2ms
[2026-01-28T10:27:37.614+0000][gc,phases   ] GC(36)   Evacuate Collection Set: 42.1ms
[2026-01-28T10:27:37.614+0000][gc,phases   ] GC(36)   Post Evacuate Collection Set: 0.7ms
[2026-01-28T10:27:37.614+0000][gc,phases   ] GC(36)   Other: 0.2ms
[2026-01-28T10:27:37.614+0000][gc,heap     ] GC(36) Eden regions: 591->0(591)
[2026-01-28T10:27:37.614+0000][gc,heap     ] GC(36) Survivor regions: 23->23(77)
[2026-01-28T10:27:37.614+0000][gc,heap     ] GC(36) Old regions: 38->39
[2026-01-28T10:27:37.614+0000][gc,heap     ] GC(36) Humongous regions: 1->1
[2026-01-28T10:27:37.614+0000][gc,metaspace] GC(36) Metaspace: 8492K(8768K)->8492K(8768K) NonClass: 7721K(7872K)->7721K(7872K) Class: 771K(896K)->771K(896K)
[2026-01-28T10:27:37.614+0000][gc          ] GC(36) Pause Young (Normal) (G1 Evacuation Pause) 652M->62M(1024M) 44.758ms
[2026-01-28T10:27:37.614+0000][gc,cpu      ] GC(36) User=0.10s Sys=0.03s Real=0.05s
[2026-01-28T10:27:54.663+0000][gc,start    ] GC(37) Pause Young (Normal) (G1 Evacuation Pause)
[2026-01-28T10:27:54.664+0000][gc,task     ] GC(37) Using 10 workers of 10 for evacuation
[2026-01-28T10:27:54.725+0000][gc,phases   ] GC(37)   Pre Evacuate Collection Set: 1.5ms
[2026-01-28T10:27:54.726+0000][gc,phases   ] GC(37)   Merge Heap Roots: 0.4ms
[2026-01-28T10:27:54.726+0000][gc,phases   ] GC(37)   Evacuate Collection Set: 58.3ms
[2026-01-28T10:27:54.726+0000][gc,phases   ] GC(37)   Post Evacuate Collection Set: 1.0ms
[2026-01-28T10:27:54.726+0000][gc,phases   ] GC(37)   Other: 0.4ms
[2026-01-28T10:27:54.726+0000][gc,heap     ] GC(37) Eden regions: 591->0(591)
[2026-01-28T10:27:54.726+0000][gc,heap     ] GC(37) Survivor regions: 23->23(77)
[2026-01-28T10:27:54.726+0000][gc,heap     ] GC(37) Old regions: 39->41
[2026-01-28T10:27:54.726+0000][gc,heap     ] GC(37) Humongous regions: 1->1
[2026-01-28T10:27:54.726+0000][gc,metaspace] GC(37) Metaspace: 8494K(8768K)->8494K(8768K) NonClass: 7722K(7872K)->7722K(7872K) Class: 771K(896K)->771K(896K)
[2026-01-28T10:27:54.726+0000][gc          ] GC(37) Pause Young (Normal) (G1 Evacuation Pause) 653M->63M(1024M) 63.388ms
[2026-01-28T10:27:54.726+0000][gc,cpu      ] GC(37) User=0.19s Sys=0.00s Real=0.06s
[2026-01-28T10:28:11.687+0000][gc,start    ] GC(38) Pause Young (Normal) (G1 Evacuation Pause)
[2026-01-28T10:28:11.687+0000][gc,task     ] GC(38) Using 10 workers of 10 for evacuation
[2026-01-28T10:28:11.818+0000][gc,phases   ] GC(38)   Pre Evacuate Collection Set: 0.9ms
[2026-01-28T10:28:11.818+0000][gc,phases   ] GC(38)   Merge Heap Roots: 0.3ms
[2026-01-28T10:28:11.818+0000][gc,phases   ] GC(38)   Evacuate Collection Set: 126.3ms
[2026-01-28T10:28:11.818+0000][gc,phases   ] GC(38)   Post Evacuate Collection Set: 2.3ms
[2026-01-28T10:28:11.818+0000][gc,phases   ] GC(38)   Other: 1.1ms
[2026-01-28T10:28:11.818+0000][gc,heap     ] GC(38) Eden regions: 591->0(591)
[2026-01-28T10:28:11.819+0000][gc,heap     ] GC(38) Survivor regions: 23->23(77)
[2026-01-28T10:28:11.819+0000][gc,heap     ] GC(38) Old regions: 41->42
[2026-01-28T10:28:11.819+0000][gc,heap     ] GC(38) Humongous regions: 1->1
[2026-01-28T10:28:11.819+0000][gc,metaspace] GC(38) Metaspace: 8497K(8768K)->8497K(8768K) NonClass: 7725K(7872K)->7725K(7872K) Class: 771K(896K)->771K(896K)
[2026-01-28T10:28:11.819+0000][gc          ] GC(38) Pause Young (Normal) (G1 Evacuation Pause) 654M->65M(1024M) 132.280ms
[2026-01-28T10:28:11.819+0000][gc,cpu      ] GC(38) User=0.33s Sys=0.00s Real=0.13s
[2026-01-28T10:28:28.762+0000][gc,start    ] GC(39) Pause Young (Normal) (G1 Evacuation Pause)
[2026-01-28T10:28:28.763+0000][gc,task     ] GC(39) Using 10 workers of 10 for evacuation
[2026-01-28T10:28:28.831+0000][gc,phases   ] GC(39)   Pre Evacuate Collection Set: 1.1ms
[2026-01-28T10:28:28.831+0000][gc,phases   ] GC(39)   Merge Heap Roots: 0.2ms
[2026-01-28T10:28:28.831+0000][gc,phases   ] GC(39)   Evacuate Collection Set: 65.4ms
[2026-01-28T10:28:28.831+0000][gc,phases   ] GC(39)   Post Evacuate Collection Set: 0.9ms
[2026-01-28T10:28:28.831+0000][gc,phases   ] GC(39)   Other: 0.3ms
[2026-01-28T10:28:28.831+0000][gc,heap     ] GC(39) Eden regions: 591->0(591)
[2026-01-28T10:28:28.831+0000][gc,heap     ] GC(39) Survivor regions: 23->23(77)
[2026-01-28T10:28:28.831+0000][gc,heap     ] GC(39) Old regions: 42->44
[2026-01-28T10:28:28.831+0000][gc,heap     ] GC(39) Humongous regions: 1->1
[2026-01-28T10:28:28.831+0000][gc,metaspace] GC(39) Metaspace: 8499K(8768K)->8499K(8768K) NonClass: 7727K(7872K)->7727K(7872K) Class: 772K(896K)->772K(896K)
[2026-01-28T10:28:28.832+0000][gc          ] GC(39) Pause Young (Normal) (G1 Evacuation Pause) 656M->67M(1024M) 69.570ms
[2026-01-28T10:28:28.832+0000][gc,cpu      ] GC(39) User=0.17s Sys=0.03s Real=0.07s
[2026-01-28T10:28:44.725+0000][gc,start    ] GC(40) Pause Young (Normal) (G1 Evacuation Pause)
[2026-01-28T10:28:44.726+0000][gc,task     ] GC(40) Using 10 workers of 10 for evacuation
[2026-01-28T10:28:44.799+0000][gc,phases   ] GC(40)   Pre Evacuate Collection Set: 1.1ms
[2026-01-28T10:28:44.800+0000][gc,phases   ] GC(40)   Merge Heap Roots: 0.2ms
[2026-01-28T10:28:44.800+0000][gc,phases   ] GC(40)   Evacuate Collection Set: 71.1ms
[2026-01-28T10:28:44.800+0000][gc,phases   ] GC(40)   Post Evacuate Collection Set: 1.0ms
[2026-01-28T10:28:44.800+0000][gc,phases   ] GC(40)   Other: 0.2ms
[2026-01-28T10:28:44.800+0000][gc,heap     ] GC(40) Eden regions: 591->0(590)
[2026-01-28T10:28:44.800+0000][gc,heap     ] GC(40) Survivor regions: 23->24(77)
[2026-01-28T10:28:44.800+0000][gc,heap     ] GC(40) Old regions: 44->46
[2026-01-28T10:28:44.800+0000][gc,heap     ] GC(40) Humongous regions: 1->1
[2026-01-28T10:28:44.800+0000][gc,metaspace] GC(40) Metaspace: 8504K(8768K)->8504K(8768K) NonClass: 7732K(7872K)->7732K(7872K) Class: 772K(896K)->772K(896K)
[2026-01-28T10:28:44.800+0000][gc          ] GC(40) Pause Young (Normal) (G1 Evacuation Pause) 658M->69M(1024M) 75.138ms
[2026-01-28T10:28:44.800+0000][gc,cpu      ] GC(40) User=0.25s Sys=0.03s Real=0.07s
[2026-01-28T10:29:00.015+0000][gc,start    ] GC(41) Pause Young (Normal) (G1 Evacuation Pause)
[2026-01-28T10:29:00.016+0000][gc,task     ] GC(41) Using 10 workers of 10 for evacuation
[2026-01-28T10:29:00.093+0000][gc,phases   ] GC(41)   Pre Evacuate Collection Set: 0.8ms
[2026-01-28T10:29:00.093+0000][gc,phases   ] GC(41)   Merge Heap Roots: 0.4ms
[2026-01-28T10:29:00.093+0000][gc,phases   ] GC(41)   Evacuate Collection Set: 75.1ms
[2026-01-28T10:29:00.093+0000][gc,phases   ] GC(41)   Post Evacuate Collection Set: 0.7ms
[2026-01-28T10:29:00.093+0000][gc,phases   ] GC(41)   Other: 0.2ms
[2026-01-28T10:29:00.093+0000][gc,heap     ] GC(41) Eden regions: 590->0(590)
[2026-01-28T10:29:00.093+0000][gc,heap     ] GC(41) Survivor regions: 24->24(77)
[2026-01-28T10:29:00.093+0000][gc,heap     ] GC(41) Old regions: 46->47
[2026-01-28T10:29:00.094+0000][gc,heap     ] GC(41) Humongous regions: 1->1
[2026-01-28T10:29:00.094+0000][gc,metaspace] GC(41) Metaspace: 8505K(8768K)->8505K(8768K) NonClass: 7733K(7872K)->7733K(7872K) Class: 772K(896K)->772K(896K)
[2026-01-28T10:29:00.094+0000][gc          ] GC(41) Pause Young (Normal) (G1 Evacuation Pause) 659M->71M(1024M) 78.152ms
[2026-01-28T10:29:00.094+0000][gc,cpu      ] GC(41) User=0.24s Sys=0.07s Real=0.08s
[2026-01-28T10:29:14.643+0000][gc,start    ] GC(42) Pause Young (Normal) (G1 Evacuation Pause)
[2026-01-28T10:29:14.644+0000][gc,task     ] GC(42) Using 10 workers of 10 for evacuation
[2026-01-28T10:29:14.658+0000][gc,phases   ] GC(42)   Pre Evacuate Collection Set: 0.4ms
[2026-01-28T10:29:14.658+0000][gc,phases   ] GC(42)   Merge Heap Roots: 0.2ms
[2026-01-28T10:29:14.658+0000][gc,phases   ] GC(42)   Evacuate Collection Set: 12.7ms
[2026-01-28T10:29:14.658+0000][gc,phases   ] GC(42)   Post Evacuate Collection Set: 0.4ms
[2026-01-28T10:29:14.658+0000][gc,phases   ] GC(42)   Other: 0.2ms
[2026-01-28T10:29:14.658+0000][gc,heap     ] GC(42) Eden regions: 590->0(591)
[2026-01-28T10:29:14.658+0000][gc,heap     ] GC(42) Survivor regions: 24->23(77)
[2026-01-28T10:29:14.658+0000][gc,heap     ] GC(42) Old regions: 47->49
[2026-01-28T10:29:14.658+0000][gc,heap     ] GC(42) Humongous regions: 1->1
[2026-01-28T10:29:14.658+0000][gc,metaspace] GC(42) Metaspace: 8507K(8768K)->8507K(8768K) NonClass: 7734K(7872K)->7734K(7872K) Class: 772K(896K)->772K(896K)
[2026-01-28T10:29:14.658+0000][gc          ] GC(42) Pause Young (Normal) (G1 Evacuation Pause) 661M->72M(1024M) 15.140ms
[2026-01-28T10:29:14.658+0000][gc,cpu      ] GC(42) User=0.04s Sys=0.00s Real=0.01s
[2026-01-28T10:29:28.711+0000][gc,start    ] GC(43) Pause Young (Normal) (G1 Evacuation Pause)
[2026-01-28T10:29:28.712+0000][gc,task     ] GC(43) Using 10 workers of 10 for evacuation
[2026-01-28T10:29:28.747+0000][gc,phases   ] GC(43)   Pre Evacuate Collection Set: 0.6ms
[2026-01-28T10:29:28.747+0000][gc,phases   ] GC(43)   Merge Heap Roots: 0.2ms
[2026-01-28T10:29:28.747+0000][gc,phases   ] GC(43)   Evacuate Collection Set: 34.0ms
[2026-01-28T10:29:28.747+0000][gc,phases   ] GC(43)   Post Evacuate Collection Set: 0.7ms
[2026-01-28T10:29:28.747+0000][gc,phases   ] GC(43)   Other: 0.2ms
[2026-01-28T10:29:28.748+0000][gc,heap     ] GC(43) Eden regions: 591->0(590)
[2026-01-28T10:29:28.748+0000][gc,heap     ] GC(43) Survivor regions: 23->24(77)
[2026-01-28T10:29:28.748+0000][gc,heap     ] GC(43) Old regions: 49->50
[2026-01-28T10:29:28.748+0000][gc,heap     ] GC(43) Humongous regions: 1->1
[2026-01-28T10:29:28.748+0000][gc,metaspace] GC(43) Metaspace: 8508K(8768K)->8508K(8768K) NonClass: 7736K(7872K)->7736K(7872K) Class: 772K(896K)->772K(896K)
[2026-01-28T10:29:28.748+0000][gc          ] GC(43) Pause Young (Normal) (G1 Evacuation Pause) 663M->74M(1024M) 37.173ms
[2026-01-28T10:29:28.748+0000][gc,cpu      ] GC(43) User=0.10s Sys=0.00s Real=0.04s
[2026-01-28T10:29:43.496+0000][gc,start    ] GC(44) Pause Young (Normal) (G1 Evacuation Pause)
[2026-01-28T10:29:43.497+0000][gc,task     ] GC(44) Using 10 workers of 10 for evacuation
[2026-01-28T10:29:43.519+0000][gc,phases   ] GC(44)   Pre Evacuate Collection Set: 0.6ms
[2026-01-28T10:29:43.519+0000][gc,phases   ] GC(44)   Merge Heap Roots: 0.2ms
[2026-01-28T10:29:43.519+0000][gc,phases   ] GC(44)   Evacuate Collection Set: 20.2ms
[2026-01-28T10:29:43.519+0000][gc,phases   ] GC(44)   Post Evacuate Collection Set: 0.7ms
[2026-01-28T10:29:43.519+0000][gc,phases   ] GC(44)   Other: 0.2ms
[2026-01-28T10:29:43.519+0000][gc,heap     ] GC(44) Eden regions: 590->0(590)
[2026-01-28T10:29:43.519+0000][gc,heap     ] GC(44) Survivor regions: 24->24(77)
[2026-01-28T10:29:43.519+0000][gc,heap     ] GC(44) Old regions: 50->52
[2026-01-28T10:29:43.519+0000][gc,heap     ] GC(44) Humongous regions: 1->1
[2026-01-28T10:29:43.519+0000][gc,metaspace] GC(44) Metaspace: 8508K(8768K)->8508K(8768K) NonClass: 7736K(7872K)->7736K(7872K) Class: 772K(896K)->772K(896K)
[2026-01-28T10:29:43.519+0000][gc          ] GC(44) Pause Young (Normal) (G1 Evacuation Pause) 664M->75M(1024M) 23.540ms
[2026-01-28T10:29:43.519+0000][gc,cpu      ] GC(44) User=0.07s Sys=0.01s Real=0.02s
[2026-01-28T10:29:58.695+0000][gc,start    ] GC(45) Pause Young (Normal) (G1 Evacuation Pause)
[2026-01-28T10:29:58.696+0000][gc,task     ] GC(45) Using 10 workers of 10 for evacuation
[2026-01-28T10:29:58.726+0000][gc,phases   ] GC(45)   Pre Evacuate Collection Set: 0.5ms
[2026-01-28T10:29:58.726+0000][gc,phases   ] GC(45)   Merge Heap Roots: 0.3ms
[2026-01-28T10:29:58.726+0000][gc,phases   ] GC(45)   Evacuate Collection Set: 27.6ms
[2026-01-28T10:29:58.726+0000][gc,phases   ] GC(45)   Post Evacuate Collection Set: 0.8ms
[2026-01-28T10:29:58.726+0000][gc,phases   ] GC(45)   Other: 0.2ms
[2026-01-28T10:29:58.726+0000][gc,heap     ] GC(45) Eden regions: 590->0(591)
[2026-01-28T10:29:58.726+0000][gc,heap     ] GC(45) Survivor regions: 24->23(77)
[2026-01-28T10:29:58.726+0000][gc,heap     ] GC(45) Old regions: 52->53
[2026-01-28T10:29:58.726+0000][gc,heap     ] GC(45) Humongous regions: 1->1
[2026-01-28T10:29:58.726+0000][gc,metaspace] GC(45) Metaspace: 8508K(8768K)->8508K(8768K) NonClass: 7736K(7872K)->7736K(7872K) Class: 772K(896K)->772K(896K)
[2026-01-28T10:29:58.726+0000][gc          ] GC(45) Pause Young (Normal) (G1 Evacuation Pause) 665M->76M(1024M) 31.162ms
[2026-01-28T10:29:58.727+0000][gc,cpu      ] GC(45) User=0.09s Sys=0.01s Real=0.03s
[2026-01-28T10:30:13.292+0000][gc,start    ] GC(46) Pause Young (Normal) (G1 Evacuation Pause)
[2026-01-28T10:30:13.292+0000][gc,task     ] GC(46) Using 10 workers of 10 for evacuation
[2026-01-28T10:30:13.314+0000][gc,phases   ] GC(46)   Pre Evacuate Collection Set: 0.5ms
[2026-01-28T10:30:13.314+0000][gc,phases   ] GC(46)   Merge Heap Roots: 0.1ms
[2026-01-28T10:30:13.314+0000][gc,phases   ] GC(46)   Evacuate Collection Set: 19.9ms
[2026-01-28T10:30:13.314+0000][gc,phases   ] GC(46)   Post Evacuate Collection Set: 0.6ms
[2026-01-28T10:30:13.314+0000][gc,phases   ] GC(46)   Other: 0.2ms
[2026-01-28T10:30:13.314+0000][gc,heap     ] GC(46) Eden regions: 591->0(591)
[2026-01-28T10:30:13.314+0000][gc,heap     ] GC(46) Survivor regions: 23->23(77)
[2026-01-28T10:30:13.314+0000][gc,heap     ] GC(46) Old regions: 53->55
[2026-01-28T10:30:13.314+0000][gc,heap     ] GC(46) Humongous regions: 1->1
[2026-01-28T10:30:13.314+0000][gc,metaspace] GC(46) Metaspace: 8510K(8768K)->8510K(8768K) NonClass: 7738K(7872K)->7738K(7872K) Class: 772K(896K)->772K(896K)
[2026-01-28T10:30:13.314+0000][gc          ] GC(46) Pause Young (Normal) (G1 Evacuation Pause) 667M->78M(1024M) 22.279ms
[2026-01-28T10:30:13.314+0000][gc,cpu      ] GC(46) User=0.07s Sys=0.00s Real=0.02s
[2026-01-28T10:30:28.943+0000][gc,start    ] GC(47) Pause Young (Normal) (G1 Evacuation Pause)
[2026-01-28T10:30:28.944+0000][gc,task     ] GC(47) Using 10 workers of 10 for evacuation
[2026-01-28T10:30:28.998+0000][gc,phases   ] GC(47)   Pre Evacuate Collection Set: 0.8ms
[2026-01-28T10:30:28.998+0000][gc,phases   ] GC(47)   Merge Heap Roots: 0.3ms
[2026-01-28T10:30:28.998+0000][gc,phases   ] GC(47)   Evacuate Collection Set: 50.7ms
[2026-01-28T10:30:28.998+0000][gc,phases   ] GC(47)   Post Evacuate Collection Set: 1.1ms
[2026-01-28T10:30:28.998+0000][gc,phases   ] GC(47)   Other: 0.3ms
[2026-01-28T10:30:28.998+0000][gc,heap     ] GC(47) Eden regions: 591->0(591)
[2026-01-28T10:30:28.998+0000][gc,heap     ] GC(47) Survivor regions: 23->23(77)
[2026-01-28T10:30:28.998+0000][gc,heap     ] GC(47) Old regions: 55->57
[2026-01-28T10:30:28.998+0000][gc,heap     ] GC(47) Humongous regions: 1->1
[2026-01-28T10:30:28.998+0000][gc,metaspace] GC(47) Metaspace: 8512K(8768K)->8512K(8768K) NonClass: 7739K(7872K)->7739K(7872K) Class: 772K(896K)->772K(896K)
[2026-01-28T10:30:28.998+0000][gc          ] GC(47) Pause Young (Normal) (G1 Evacuation Pause) 669M->79M(1024M) 54.974ms
[2026-01-28T10:30:28.998+0000][gc,cpu      ] GC(47) User=0.16s Sys=0.01s Real=0.05s
[2026-01-28T10:30:43.672+0000][gc,start    ] GC(48) Pause Young (Normal) (G1 Evacuation Pause)
[2026-01-28T10:30:43.673+0000][gc,task     ] GC(48) Using 10 workers of 10 for evacuation
[2026-01-28T10:30:43.684+0000][gc,phases   ] GC(48)   Pre Evacuate Collection Set: 0.2ms
[2026-01-28T10:30:43.684+0000][gc,phases   ] GC(48)   Merge Heap Roots: 0.2ms
[2026-01-28T10:30:43.684+0000][gc,phases   ] GC(48)   Evacuate Collection Set: 9.8ms
[2026-01-28T10:30:43.684+0000][gc,phases   ] GC(48)   Post Evacuate Collection Set: 0.4ms
[2026-01-28T10:30:43.684+0000][gc,phases   ] GC(48)   Other: 0.3ms
[2026-01-28T10:30:43.684+0000][gc,heap     ] GC(48) Eden regions: 591->0(591)
[2026-01-28T10:30:43.684+0000][gc,heap     ] GC(48) Survivor regions: 23->23(77)
[2026-01-28T10:30:43.684+0000][gc,heap     ] GC(48) Old regions: 57->58
[2026-01-28T10:30:43.684+0000][gc,heap     ] GC(48) Humongous regions: 1->1
[2026-01-28T10:30:43.684+0000][gc,metaspace] GC(48) Metaspace: 8514K(8768K)->8514K(8768K) NonClass: 7742K(7872K)->7742K(7872K) Class: 772K(896K)->772K(896K)
[2026-01-28T10:30:43.684+0000][gc          ] GC(48) Pause Young (Normal) (G1 Evacuation Pause) 670M->81M(1024M) 12.132ms
[2026-01-28T10:30:43.685+0000][gc,cpu      ] GC(48) User=0.04s Sys=0.00s Real=0.01s
[2026-01-28T10:30:58.580+0000][gc,start    ] GC(49) Pause Young (Normal) (G1 Evacuation Pause)
[2026-01-28T10:30:58.581+0000][gc,task     ] GC(49) Using 10 workers of 10 for evacuation
[2026-01-28T10:30:58.615+0000][gc,phases   ] GC(49)   Pre Evacuate Collection Set: 0.6ms
[2026-01-28T10:30:58.615+0000][gc,phases   ] GC(49)   Merge Heap Roots: 0.3ms
[2026-01-28T10:30:58.615+0000][gc,phases   ] GC(49)   Evacuate Collection Set: 31.8ms
[2026-01-28T10:30:58.615+0000][gc,phases   ] GC(49)   Post Evacuate Collection Set: 0.6ms
[2026-01-28T10:30:58.615+0000][gc,phases   ] GC(49)   Other: 0.2ms
[2026-01-28T10:30:58.615+0000][gc,heap     ] GC(49) Eden regions: 591->0(590)
[2026-01-28T10:30:58.615+0000][gc,heap     ] GC(49) Survivor regions: 23->24(77)
[2026-01-28T10:30:58.615+0000][gc,heap     ] GC(49) Old regions: 58->60
[2026-01-28T10:30:58.615+0000][gc,heap     ] GC(49) Humongous regions: 1->1
[2026-01-28T10:30:58.615+0000][gc,metaspace] GC(49) Metaspace: 8521K(8768K)->8521K(8768K) NonClass: 7748K(7872K)->7748K(7872K) Class: 772K(896K)->772K(896K)
[2026-01-28T10:30:58.615+0000][gc          ] GC(49) Pause Young (Normal) (G1 Evacuation Pause) 672M->83M(1024M) 34.933ms
[2026-01-28T10:30:58.615+0000][gc,cpu      ] GC(49) User=0.12s Sys=0.00s Real=0.04s
[2026-01-28T10:31:12.821+0000][gc,start    ] GC(50) Pause Young (Normal) (G1 Evacuation Pause)
[2026-01-28T10:31:12.821+0000][gc,task     ] GC(50) Using 10 workers of 10 for evacuation
[2026-01-28T10:31:12.835+0000][gc,phases   ] GC(50)   Pre Evacuate Collection Set: 0.5ms
[2026-01-28T10:31:12.835+0000][gc,phases   ] GC(50)   Merge Heap Roots: 0.2ms
[2026-01-28T10:31:12.835+0000][gc,phases   ] GC(50)   Evacuate Collection Set: 12.6ms
[2026-01-28T10:31:12.835+0000][gc,phases   ] GC(50)   Post Evacuate Collection Set: 0.4ms
[2026-01-28T10:31:12.835+0000][gc,phases   ] GC(50)   Other: 0.1ms
[2026-01-28T10:31:12.835+0000][gc,heap     ] GC(50) Eden regions: 590->0(590)
[2026-01-28T10:31:12.835+0000][gc,heap     ] GC(50) Survivor regions: 24->24(77)
[2026-01-28T10:31:12.835+0000][gc,heap     ] GC(50) Old regions: 60->61
[2026-01-28T10:31:12.835+0000][gc,heap     ] GC(50) Humongous regions: 1->1
[2026-01-28T10:31:12.835+0000][gc,metaspace] GC(50) Metaspace: 8529K(8768K)->8529K(8768K) NonClass: 7757K(7872K)->7757K(7872K) Class: 772K(896K)->772K(896K)
[2026-01-28T10:31:12.836+0000][gc          ] GC(50) Pause Young (Normal) (G1 Evacuation Pause) 673M->85M(1024M) 14.487ms
[2026-01-28T10:31:12.836+0000][gc,cpu      ] GC(50) User=0.05s Sys=0.00s Real=0.02s
[2026-01-28T10:31:26.853+0000][gc,start    ] GC(51) Pause Young (Normal) (G1 Evacuation Pause)
[2026-01-28T10:31:26.854+0000][gc,task     ] GC(51) Using 10 workers of 10 for evacuation
[2026-01-28T10:31:26.869+0000][gc,phases   ] GC(51)   Pre Evacuate Collection Set: 0.5ms
[2026-01-28T10:31:26.869+0000][gc,phases   ] GC(51)   Merge Heap Roots: 0.1ms
[2026-01-28T10:31:26.869+0000][gc,phases   ] GC(51)   Evacuate Collection Set: 14.3ms
[2026-01-28T10:31:26.869+0000][gc,phases   ] GC(51)   Post Evacuate Collection Set: 0.5ms
[2026-01-28T10:31:26.869+0000][gc,phases   ] GC(51)   Other: 0.2ms
[2026-01-28T10:31:26.870+0000][gc,heap     ] GC(51) Eden regions: 590->0(591)
[2026-01-28T10:31:26.870+0000][gc,heap     ] GC(51) Survivor regions: 24->23(77)
[2026-01-28T10:31:26.870+0000][gc,heap     ] GC(51) Old regions: 61->63
[2026-01-28T10:31:26.870+0000][gc,heap     ] GC(51) Humongous regions: 1->1
[2026-01-28T10:31:26.870+0000][gc,metaspace] GC(51) Metaspace: 8530K(8768K)->8530K(8768K) NonClass: 7758K(7872K)->7758K(7872K) Class: 772K(896K)->772K(896K)
[2026-01-28T10:31:26.870+0000][gc          ] GC(51) Pause Young (Normal) (G1 Evacuation Pause) 675M->85M(1024M) 16.433ms
[2026-01-28T10:31:26.870+0000][gc,cpu      ] GC(51) User=0.05s Sys=0.01s Real=0.01s
[2026-01-28T10:31:41.080+0000][gc,start    ] GC(52) Pause Young (Normal) (G1 Evacuation Pause)
[2026-01-28T10:31:41.081+0000][gc,task     ] GC(52) Using 10 workers of 10 for evacuation
[2026-01-28T10:31:41.100+0000][gc,phases   ] GC(52)   Pre Evacuate Collection Set: 0.5ms
[2026-01-28T10:31:41.100+0000][gc,phases   ] GC(52)   Merge Heap Roots: 0.2ms
[2026-01-28T10:31:41.100+0000][gc,phases   ] GC(52)   Evacuate Collection Set: 17.5ms
[2026-01-28T10:31:41.100+0000][gc,phases   ] GC(52)   Post Evacuate Collection Set: 0.5ms
[2026-01-28T10:31:41.100+0000][gc,phases   ] GC(52)   Other: 0.2ms
[2026-01-28T10:31:41.100+0000][gc,heap     ] GC(52) Eden regions: 591->0(591)
[2026-01-28T10:31:41.100+0000][gc,heap     ] GC(52) Survivor regions: 23->23(77)
[2026-01-28T10:31:41.100+0000][gc,heap     ] GC(52) Old regions: 63->64
[2026-01-28T10:31:41.100+0000][gc,heap     ] GC(52) Humongous regions: 1->1
[2026-01-28T10:31:41.100+0000][gc,metaspace] GC(52) Metaspace: 8533K(8768K)->8533K(8768K) NonClass: 7761K(7872K)->7761K(7872K) Class: 772K(896K)->772K(896K)
[2026-01-28T10:31:41.100+0000][gc          ] GC(52) Pause Young (Normal) (G1 Evacuation Pause) 676M->87M(1024M) 19.695ms
[2026-01-28T10:31:41.100+0000][gc,cpu      ] GC(52) User=0.06s Sys=0.00s Real=0.02s
[2026-01-28T10:31:55.495+0000][gc,start    ] GC(53) Pause Young (Normal) (G1 Evacuation Pause)
[2026-01-28T10:31:55.496+0000][gc,task     ] GC(53) Using 10 workers of 10 for evacuation
[2026-01-28T10:31:55.524+0000][gc,phases   ] GC(53)   Pre Evacuate Collection Set: 1.0ms
[2026-01-28T10:31:55.524+0000][gc,phases   ] GC(53)   Merge Heap Roots: 0.2ms
[2026-01-28T10:31:55.524+0000][gc,phases   ] GC(53)   Evacuate Collection Set: 26.1ms
[2026-01-28T10:31:55.524+0000][gc,phases   ] GC(53)   Post Evacuate Collection Set: 0.6ms
[2026-01-28T10:31:55.524+0000][gc,phases   ] GC(53)   Other: 0.2ms
[2026-01-28T10:31:55.524+0000][gc,heap     ] GC(53) Eden regions: 591->0(591)
[2026-01-28T10:31:55.524+0000][gc,heap     ] GC(53) Survivor regions: 23->23(77)
[2026-01-28T10:31:55.524+0000][gc,heap     ] GC(53) Old regions: 64->66
[2026-01-28T10:31:55.525+0000][gc,heap     ] GC(53) Humongous regions: 1->1
[2026-01-28T10:31:55.525+0000][gc,metaspace] GC(53) Metaspace: 8533K(8768K)->8533K(8768K) NonClass: 7761K(7872K)->7761K(7872K) Class: 772K(896K)->772K(896K)
[2026-01-28T10:31:55.525+0000][gc          ] GC(53) Pause Young (Normal) (G1 Evacuation Pause) 678M->89M(1024M) 29.434ms
[2026-01-28T10:31:55.525+0000][gc,cpu      ] GC(53) User=0.09s Sys=0.03s Real=0.03s
[2026-01-28T10:32:09.648+0000][gc,start    ] GC(54) Pause Young (Normal) (G1 Evacuation Pause)
[2026-01-28T10:32:09.648+0000][gc,task     ] GC(54) Using 10 workers of 10 for evacuation
[2026-01-28T10:32:09.682+0000][gc,phases   ] GC(54)   Pre Evacuate Collection Set: 0.5ms
[2026-01-28T10:32:09.683+0000][gc,phases   ] GC(54)   Merge Heap Roots: 0.2ms
[2026-01-28T10:32:09.683+0000][gc,phases   ] GC(54)   Evacuate Collection Set: 32.8ms
[2026-01-28T10:32:09.683+0000][gc,phases   ] GC(54)   Post Evacuate Collection Set: 0.6ms
[2026-01-28T10:32:09.683+0000][gc,phases   ] GC(54)   Other: 0.2ms
[2026-01-28T10:32:09.683+0000][gc,heap     ] GC(54) Eden regions: 591->0(591)
[2026-01-28T10:32:09.683+0000][gc,heap     ] GC(54) Survivor regions: 23->23(77)
[2026-01-28T10:32:09.683+0000][gc,heap     ] GC(54) Old regions: 66->68
[2026-01-28T10:32:09.683+0000][gc,heap     ] GC(54) Humongous regions: 1->1
[2026-01-28T10:32:09.683+0000][gc,metaspace] GC(54) Metaspace: 8534K(8768K)->8534K(8768K) NonClass: 7762K(7872K)->7762K(7872K) Class: 772K(896K)->772K(896K)
[2026-01-28T10:32:09.683+0000][gc          ] GC(54) Pause Young (Normal) (G1 Evacuation Pause) 680M->90M(1024M) 35.132ms
[2026-01-28T10:32:09.683+0000][gc,cpu      ] GC(54) User=0.10s Sys=0.00s Real=0.04s
[2026-01-28T10:32:24.009+0000][gc,start    ] GC(55) Pause Young (Normal) (G1 Evacuation Pause)
[2026-01-28T10:32:24.010+0000][gc,task     ] GC(55) Using 10 workers of 10 for evacuation
[2026-01-28T10:32:24.025+0000][gc,phases   ] GC(55)   Pre Evacuate Collection Set: 0.3ms
[2026-01-28T10:32:24.025+0000][gc,phases   ] GC(55)   Merge Heap Roots: 0.2ms
[2026-01-28T10:32:24.025+0000][gc,phases   ] GC(55)   Evacuate Collection Set: 13.6ms
[2026-01-28T10:32:24.025+0000][gc,phases   ] GC(55)   Post Evacuate Collection Set: 0.4ms
[2026-01-28T10:32:24.025+0000][gc,phases   ] GC(55)   Other: 0.2ms
[2026-01-28T10:32:24.025+0000][gc,heap     ] GC(55) Eden regions: 591->0(591)
[2026-01-28T10:32:24.025+0000][gc,heap     ] GC(55) Survivor regions: 23->23(77)
[2026-01-28T10:32:24.025+0000][gc,heap     ] GC(55) Old regions: 68->69
[2026-01-28T10:32:24.025+0000][gc,heap     ] GC(55) Humongous regions: 1->1
[2026-01-28T10:32:24.025+0000][gc,metaspace] GC(55) Metaspace: 8534K(8768K)->8534K(8768K) NonClass: 7762K(7872K)->7762K(7872K) Class: 772K(896K)->772K(896K)
[2026-01-28T10:32:24.025+0000][gc          ] GC(55) Pause Young (Normal) (G1 Evacuation Pause) 681M->92M(1024M) 16.036ms
[2026-01-28T10:32:24.025+0000][gc,cpu      ] GC(55) User=0.04s Sys=0.00s Real=0.01s
[2026-01-28T10:32:38.513+0000][gc,start    ] GC(56) Pause Young (Normal) (G1 Evacuation Pause)
[2026-01-28T10:32:38.513+0000][gc,task     ] GC(56) Using 10 workers of 10 for evacuation
[2026-01-28T10:32:38.538+0000][gc,phases   ] GC(56)   Pre Evacuate Collection Set: 0.6ms
[2026-01-28T10:32:38.538+0000][gc,phases   ] GC(56)   Merge Heap Roots: 0.2ms
[2026-01-28T10:32:38.538+0000][gc,phases   ] GC(56)   Evacuate Collection Set: 23.0ms
[2026-01-28T10:32:38.538+0000][gc,phases   ] GC(56)   Post Evacuate Collection Set: 0.7ms
[2026-01-28T10:32:38.538+0000][gc,phases   ] GC(56)   Other: 0.2ms
[2026-01-28T10:32:38.538+0000][gc,heap     ] GC(56) Eden regions: 591->0(591)
[2026-01-28T10:32:38.538+0000][gc,heap     ] GC(56) Survivor regions: 23->23(77)
[2026-01-28T10:32:38.538+0000][gc,heap     ] GC(56) Old regions: 69->71
[2026-01-28T10:32:38.538+0000][gc,heap     ] GC(56) Humongous regions: 1->1
[2026-01-28T10:32:38.538+0000][gc,metaspace] GC(56) Metaspace: 8535K(8768K)->8535K(8768K) NonClass: 7762K(7872K)->7762K(7872K) Class: 772K(896K)->772K(896K)
[2026-01-28T10:32:38.538+0000][gc          ] GC(56) Pause Young (Normal) (G1 Evacuation Pause) 683M->93M(1024M) 25.543ms
[2026-01-28T10:32:38.538+0000][gc,cpu      ] GC(56) User=0.07s Sys=0.03s Real=0.02s
[2026-01-28T10:32:53.648+0000][gc,start    ] GC(57) Pause Young (Normal) (G1 Evacuation Pause)
[2026-01-28T10:32:53.648+0000][gc,task     ] GC(57) Using 10 workers of 10 for evacuation
[2026-01-28T10:32:53.695+0000][gc,phases   ] GC(57)   Pre Evacuate Collection Set: 0.9ms
[2026-01-28T10:32:53.695+0000][gc,phases   ] GC(57)   Merge Heap Roots: 0.2ms
[2026-01-28T10:32:53.695+0000][gc,phases   ] GC(57)   Evacuate Collection Set: 44.8ms
[2026-01-28T10:32:53.695+0000][gc,phases   ] GC(57)   Post Evacuate Collection Set: 0.7ms
[2026-01-28T10:32:53.695+0000][gc,phases   ] GC(57)   Other: 0.2ms
[2026-01-28T10:32:53.696+0000][gc,heap     ] GC(57) Eden regions: 591->0(591)
[2026-01-28T10:32:53.696+0000][gc,heap     ] GC(57) Survivor regions: 23->23(77)
[2026-01-28T10:32:53.696+0000][gc,heap     ] GC(57) Old regions: 71->72
[2026-01-28T10:32:53.696+0000][gc,heap     ] GC(57) Humongous regions: 1->1
[2026-01-28T10:32:53.696+0000][gc,metaspace] GC(57) Metaspace: 8535K(8768K)->8535K(8768K) NonClass: 7763K(7872K)->7763K(7872K) Class: 772K(896K)->772K(896K)
[2026-01-28T10:32:53.696+0000][gc          ] GC(57) Pause Young (Normal) (G1 Evacuation Pause) 684M->95M(1024M) 48.203ms
[2026-01-28T10:32:53.696+0000][gc,cpu      ] GC(57) User=0.19s Sys=0.00s Real=0.05s
[2026-01-28T10:33:08.808+0000][gc,start    ] GC(58) Pause Young (Normal) (G1 Evacuation Pause)
[2026-01-28T10:33:08.808+0000][gc,task     ] GC(58) Using 10 workers of 10 for evacuation
[2026-01-28T10:33:08.831+0000][gc,phases   ] GC(58)   Pre Evacuate Collection Set: 0.4ms
[2026-01-28T10:33:08.831+0000][gc,phases   ] GC(58)   Merge Heap Roots: 0.2ms
[2026-01-28T10:33:08.831+0000][gc,phases   ] GC(58)   Evacuate Collection Set: 21.6ms
[2026-01-28T10:33:08.831+0000][gc,phases   ] GC(58)   Post Evacuate Collection Set: 0.4ms
[2026-01-28T10:33:08.831+0000][gc,phases   ] GC(58)   Other: 0.1ms
[2026-01-28T10:33:08.831+0000][gc,heap     ] GC(58) Eden regions: 591->0(591)
[2026-01-28T10:33:08.831+0000][gc,heap     ] GC(58) Survivor regions: 23->23(77)
[2026-01-28T10:33:08.831+0000][gc,heap     ] GC(58) Old regions: 72->74
[2026-01-28T10:33:08.831+0000][gc,heap     ] GC(58) Humongous regions: 1->1
[2026-01-28T10:33:08.831+0000][gc,metaspace] GC(58) Metaspace: 8535K(8768K)->8535K(8768K) NonClass: 7763K(7872K)->7763K(7872K) Class: 772K(896K)->772K(896K)
[2026-01-28T10:33:08.831+0000][gc          ] GC(58) Pause Young (Normal) (G1 Evacuation Pause) 686M->96M(1024M) 23.444ms
[2026-01-28T10:33:08.831+0000][gc,cpu      ] GC(58) User=0.04s Sys=0.05s Real=0.03s
[2026-01-28T10:33:23.260+0000][gc,start    ] GC(59) Pause Young (Normal) (G1 Evacuation Pause)
[2026-01-28T10:33:23.261+0000][gc,task     ] GC(59) Using 10 workers of 10 for evacuation
[2026-01-28T10:33:23.291+0000][gc,phases   ] GC(59)   Pre Evacuate Collection Set: 0.7ms
[2026-01-28T10:33:23.292+0000][gc,phases   ] GC(59)   Merge Heap Roots: 0.2ms
[2026-01-28T10:33:23.292+0000][gc,phases   ] GC(59)   Evacuate Collection Set: 28.4ms
[2026-01-28T10:33:23.292+0000][gc,phases   ] GC(59)   Post Evacuate Collection Set: 0.7ms
[2026-01-28T10:33:23.292+0000][gc,phases   ] GC(59)   Other: 0.1ms
[2026-01-28T10:33:23.292+0000][gc,heap     ] GC(59) Eden regions: 591->0(591)
[2026-01-28T10:33:23.292+0000][gc,heap     ] GC(59) Survivor regions: 23->23(77)
[2026-01-28T10:33:23.292+0000][gc,heap     ] GC(59) Old regions: 74->75
[2026-01-28T10:33:23.292+0000][gc,heap     ] GC(59) Humongous regions: 1->1
[2026-01-28T10:33:23.292+0000][gc,metaspace] GC(59) Metaspace: 8536K(8768K)->8536K(8768K) NonClass: 7763K(7872K)->7763K(7872K) Class: 772K(896K)->772K(896K)
[2026-01-28T10:33:23.292+0000][gc          ] GC(59) Pause Young (Normal) (G1 Evacuation Pause) 687M->98M(1024M) 31.617ms
[2026-01-28T10:33:23.292+0000][gc,cpu      ] GC(59) User=0.10s Sys=0.00s Real=0.03s
[2026-01-28T10:33:38.330+0000][gc,start    ] GC(60) Pause Young (Normal) (G1 Evacuation Pause)
[2026-01-28T10:33:38.331+0000][gc,task     ] GC(60) Using 10 workers of 10 for evacuation
[2026-01-28T10:33:38.347+0000][gc,phases   ] GC(60)   Pre Evacuate Collection Set: 0.6ms
[2026-01-28T10:33:38.347+0000][gc,phases   ] GC(60)   Merge Heap Roots: 0.1ms
[2026-01-28T10:33:38.347+0000][gc,phases   ] GC(60)   Evacuate Collection Set: 13.9ms
[2026-01-28T10:33:38.347+0000][gc,phases   ] GC(60)   Post Evacuate Collection Set: 0.5ms
[2026-01-28T10:33:38.347+0000][gc,phases   ] GC(60)   Other: 0.2ms
[2026-01-28T10:33:38.347+0000][gc,heap     ] GC(60) Eden regions: 591->0(591)
[2026-01-28T10:33:38.347+0000][gc,heap     ] GC(60) Survivor regions: 23->23(77)
[2026-01-28T10:33:38.347+0000][gc,heap     ] GC(60) Old regions: 75->77
[2026-01-28T10:33:38.347+0000][gc,heap     ] GC(60) Humongous regions: 1->1
[2026-01-28T10:33:38.347+0000][gc,metaspace] GC(60) Metaspace: 8537K(8768K)->8537K(8768K) NonClass: 7764K(7872K)->7764K(7872K) Class: 772K(896K)->772K(896K)
[2026-01-28T10:33:38.347+0000][gc          ] GC(60) Pause Young (Normal) (G1 Evacuation Pause) 689M->100M(1024M) 16.975ms
[2026-01-28T10:33:38.347+0000][gc,cpu      ] GC(60) User=0.05s Sys=0.01s Real=0.01s
[2026-01-28T10:33:53.070+0000][gc,start    ] GC(61) Pause Young (Normal) (G1 Evacuation Pause)
[2026-01-28T10:33:53.070+0000][gc,task     ] GC(61) Using 10 workers of 10 for evacuation
[2026-01-28T10:33:53.108+0000][gc,phases   ] GC(61)   Pre Evacuate Collection Set: 0.7ms
[2026-01-28T10:33:53.108+0000][gc,phases   ] GC(61)   Merge Heap Roots: 0.2ms
[2026-01-28T10:33:53.109+0000][gc,phases   ] GC(61)   Evacuate Collection Set: 36.4ms
[2026-01-28T10:33:53.109+0000][gc,phases   ] GC(61)   Post Evacuate Collection Set: 0.8ms
[2026-01-28T10:33:53.109+0000][gc,phases   ] GC(61)   Other: 0.2ms
[2026-01-28T10:33:53.109+0000][gc,heap     ] GC(61) Eden regions: 591->0(591)
[2026-01-28T10:33:53.109+0000][gc,heap     ] GC(61) Survivor regions: 23->23(77)
[2026-01-28T10:33:53.109+0000][gc,heap     ] GC(61) Old regions: 77->79
[2026-01-28T10:33:53.109+0000][gc,heap     ] GC(61) Humongous regions: 1->1
[2026-01-28T10:33:53.109+0000][gc,metaspace] GC(61) Metaspace: 8538K(8768K)->8538K(8768K) NonClass: 7765K(7872K)->7765K(7872K) Class: 772K(896K)->772K(896K)
[2026-01-28T10:33:53.109+0000][gc          ] GC(61) Pause Young (Normal) (G1 Evacuation Pause) 691M->102M(1024M) 39.135ms
[2026-01-28T10:33:53.109+0000][gc,cpu      ] GC(61) User=0.17s Sys=0.00s Real=0.04s
[2026-01-28T10:34:08.155+0000][gc,start    ] GC(62) Pause Young (Normal) (G1 Evacuation Pause)
[2026-01-28T10:34:08.156+0000][gc,task     ] GC(62) Using 10 workers of 10 for evacuation
[2026-01-28T10:34:08.177+0000][gc,phases   ] GC(62)   Pre Evacuate Collection Set: 0.7ms
[2026-01-28T10:34:08.177+0000][gc,phases   ] GC(62)   Merge Heap Roots: 0.2ms
[2026-01-28T10:34:08.177+0000][gc,phases   ] GC(62)   Evacuate Collection Set: 19.9ms
[2026-01-28T10:34:08.177+0000][gc,phases   ] GC(62)   Post Evacuate Collection Set: 0.5ms
[2026-01-28T10:34:08.177+0000][gc,phases   ] GC(62)   Other: 0.1ms
[2026-01-28T10:34:08.177+0000][gc,heap     ] GC(62) Eden regions: 591->0(591)
[2026-01-28T10:34:08.177+0000][gc,heap     ] GC(62) Survivor regions: 23->23(77)
[2026-01-28T10:34:08.177+0000][gc,heap     ] GC(62) Old regions: 79->80
[2026-01-28T10:34:08.177+0000][gc,heap     ] GC(62) Humongous regions: 1->1
[2026-01-28T10:34:08.178+0000][gc,metaspace] GC(62) Metaspace: 8541K(8768K)->8541K(8768K) NonClass: 7768K(7872K)->7768K(7872K) Class: 772K(896K)->772K(896K)
[2026-01-28T10:34:08.178+0000][gc          ] GC(62) Pause Young (Normal) (G1 Evacuation Pause) 693M->103M(1024M) 22.872ms
[2026-01-28T10:34:08.178+0000][gc,cpu      ] GC(62) User=0.06s Sys=0.01s Real=0.02s
[2026-01-28T10:34:22.441+0000][gc,start    ] GC(63) Pause Young (Normal) (G1 Evacuation Pause)
[2026-01-28T10:34:22.441+0000][gc,task     ] GC(63) Using 10 workers of 10 for evacuation
[2026-01-28T10:34:22.459+0000][gc,phases   ] GC(63)   Pre Evacuate Collection Set: 0.6ms
[2026-01-28T10:34:22.460+0000][gc,phases   ] GC(63)   Merge Heap Roots: 0.1ms
[2026-01-28T10:34:22.460+0000][gc,phases   ] GC(63)   Evacuate Collection Set: 17.0ms
[2026-01-28T10:34:22.460+0000][gc,phases   ] GC(63)   Post Evacuate Collection Set: 0.6ms
[2026-01-28T10:34:22.460+0000][gc,phases   ] GC(63)   Other: 0.2ms
[2026-01-28T10:34:22.460+0000][gc,heap     ] GC(63) Eden regions: 591->0(591)
[2026-01-28T10:34:22.460+0000][gc,heap     ] GC(63) Survivor regions: 23->23(77)
[2026-01-28T10:34:22.460+0000][gc,heap     ] GC(63) Old regions: 80->82
[2026-01-28T10:34:22.460+0000][gc,heap     ] GC(63) Humongous regions: 1->1
[2026-01-28T10:34:22.460+0000][gc,metaspace] GC(63) Metaspace: 8541K(8768K)->8541K(8768K) NonClass: 7768K(7872K)->7768K(7872K) Class: 772K(896K)->772K(896K)
[2026-01-28T10:34:22.460+0000][gc          ] GC(63) Pause Young (Normal) (G1 Evacuation Pause) 694M->104M(1024M) 19.593ms
[2026-01-28T10:34:22.460+0000][gc,cpu      ] GC(63) User=0.06s Sys=0.00s Real=0.02s
[2026-01-28T10:34:37.436+0000][gc,start    ] GC(64) Pause Young (Normal) (G1 Evacuation Pause)
[2026-01-28T10:34:37.437+0000][gc,task     ] GC(64) Using 10 workers of 10 for evacuation
[2026-01-28T10:34:37.464+0000][gc,phases   ] GC(64)   Pre Evacuate Collection Set: 0.7ms
[2026-01-28T10:34:37.464+0000][gc,phases   ] GC(64)   Merge Heap Roots: 0.3ms
[2026-01-28T10:34:37.464+0000][gc,phases   ] GC(64)   Evacuate Collection Set: 25.7ms
[2026-01-28T10:34:37.464+0000][gc,phases   ] GC(64)   Post Evacuate Collection Set: 0.7ms
[2026-01-28T10:34:37.464+0000][gc,phases   ] GC(64)   Other: 0.2ms
[2026-01-28T10:34:37.465+0000][gc,heap     ] GC(64) Eden regions: 591->0(591)
[2026-01-28T10:34:37.465+0000][gc,heap     ] GC(64) Survivor regions: 23->23(77)
[2026-01-28T10:34:37.465+0000][gc,heap     ] GC(64) Old regions: 82->83
[2026-01-28T10:34:37.465+0000][gc,heap     ] GC(64) Humongous regions: 1->1
[2026-01-28T10:34:37.465+0000][gc,metaspace] GC(64) Metaspace: 8548K(8768K)->8548K(8768K) NonClass: 7775K(7872K)->7775K(7872K) Class: 773K(896K)->773K(896K)
[2026-01-28T10:34:37.465+0000][gc          ] GC(64) Pause Young (Normal) (G1 Evacuation Pause) 695M->106M(1024M) 29.138ms
[2026-01-28T10:34:37.465+0000][gc,cpu      ] GC(64) User=0.08s Sys=0.01s Real=0.03s
[2026-01-28T10:34:53.055+0000][gc,start    ] GC(65) Pause Young (Normal) (G1 Evacuation Pause)
[2026-01-28T10:34:53.056+0000][gc,task     ] GC(65) Using 10 workers of 10 for evacuation
[2026-01-28T10:34:53.112+0000][gc,phases   ] GC(65)   Pre Evacuate Collection Set: 0.9ms
[2026-01-28T10:34:53.112+0000][gc,phases   ] GC(65)   Merge Heap Roots: 0.3ms
[2026-01-28T10:34:53.112+0000][gc,phases   ] GC(65)   Evacuate Collection Set: 53.9ms
[2026-01-28T10:34:53.112+0000][gc,phases   ] GC(65)   Post Evacuate Collection Set: 0.9ms
[2026-01-28T10:34:53.112+0000][gc,phases   ] GC(65)   Other: 0.2ms
[2026-01-28T10:34:53.112+0000][gc,heap     ] GC(65) Eden regions: 591->0(590)
[2026-01-28T10:34:53.112+0000][gc,heap     ] GC(65) Survivor regions: 23->24(77)
[2026-01-28T10:34:53.112+0000][gc,heap     ] GC(65) Old regions: 83->85
[2026-01-28T10:34:53.112+0000][gc,heap     ] GC(65) Humongous regions: 1->1
[2026-01-28T10:34:53.112+0000][gc,metaspace] GC(65) Metaspace: 8549K(8768K)->8549K(8768K) NonClass: 7776K(7872K)->7776K(7872K) Class: 773K(896K)->773K(896K)
[2026-01-28T10:34:53.112+0000][gc          ] GC(65) Pause Young (Normal) (G1 Evacuation Pause) 697M->109M(1024M) 57.504ms
[2026-01-28T10:34:53.112+0000][gc,cpu      ] GC(65) User=0.22s Sys=0.00s Real=0.06s
[2026-01-28T10:35:03.338+0000][gc,start    ] GC(66) Pause Young (Normal) (G1 Evacuation Pause)
[2026-01-28T10:35:03.339+0000][gc,task     ] GC(66) Using 10 workers of 10 for evacuation
[2026-01-28T10:35:03.389+0000][gc,phases   ] GC(66)   Pre Evacuate Collection Set: 0.6ms
[2026-01-28T10:35:03.389+0000][gc,phases   ] GC(66)   Merge Heap Roots: 0.3ms
[2026-01-28T10:35:03.390+0000][gc,phases   ] GC(66)   Evacuate Collection Set: 48.7ms
[2026-01-28T10:35:03.390+0000][gc,phases   ] GC(66)   Post Evacuate Collection Set: 0.8ms
[2026-01-28T10:35:03.390+0000][gc,phases   ] GC(66)   Other: 0.2ms
[2026-01-28T10:35:03.390+0000][gc,heap     ] GC(66) Eden regions: 590->0(591)
[2026-01-28T10:35:03.390+0000][gc,heap     ] GC(66) Survivor regions: 24->23(77)
[2026-01-28T10:35:03.390+0000][gc,heap     ] GC(66) Old regions: 85->87
[2026-01-28T10:35:03.390+0000][gc,heap     ] GC(66) Humongous regions: 1->1
[2026-01-28T10:35:03.390+0000][gc,metaspace] GC(66) Metaspace: 8549K(8768K)->8549K(8768K) NonClass: 7776K(7872K)->7776K(7872K) Class: 773K(896K)->773K(896K)
[2026-01-28T10:35:03.390+0000][gc          ] GC(66) Pause Young (Normal) (G1 Evacuation Pause) 699M->110M(1024M) 52.257ms
[2026-01-28T10:35:03.390+0000][gc,cpu      ] GC(66) User=0.18s Sys=0.00s Real=0.06s
[2026-01-28T10:35:10.272+0000][gc,start    ] GC(67) Pause Young (Normal) (G1 Evacuation Pause)
[2026-01-28T10:35:10.273+0000][gc,task     ] GC(67) Using 10 workers of 10 for evacuation
[2026-01-28T10:35:10.314+0000][gc,phases   ] GC(67)   Pre Evacuate Collection Set: 0.9ms
[2026-01-28T10:35:10.314+0000][gc,phases   ] GC(67)   Merge Heap Roots: 0.5ms
[2026-01-28T10:35:10.314+0000][gc,phases   ] GC(67)   Evacuate Collection Set: 38.4ms
[2026-01-28T10:35:10.314+0000][gc,phases   ] GC(67)   Post Evacuate Collection Set: 0.7ms
[2026-01-28T10:35:10.314+0000][gc,phases   ] GC(67)   Other: 0.2ms
[2026-01-28T10:35:10.314+0000][gc,heap     ] GC(67) Eden regions: 591->0(591)
[2026-01-28T10:35:10.314+0000][gc,heap     ] GC(67) Survivor regions: 23->23(77)
[2026-01-28T10:35:10.314+0000][gc,heap     ] GC(67) Old regions: 87->88
[2026-01-28T10:35:10.314+0000][gc,heap     ] GC(67) Humongous regions: 1->1
[2026-01-28T10:35:10.314+0000][gc,metaspace] GC(67) Metaspace: 8549K(8768K)->8549K(8768K) NonClass: 7776K(7872K)->7776K(7872K) Class: 773K(896K)->773K(896K)
[2026-01-28T10:35:10.314+0000][gc          ] GC(67) Pause Young (Normal) (G1 Evacuation Pause) 701M->111M(1024M) 41.758ms
[2026-01-28T10:35:10.314+0000][gc,cpu      ] GC(67) User=0.15s Sys=0.00s Real=0.04s
[2026-01-28T10:35:16.882+0000][gc,start    ] GC(68) Pause Young (Normal) (G1 Evacuation Pause)
[2026-01-28T10:35:16.882+0000][gc,task     ] GC(68) Using 10 workers of 10 for evacuation
[2026-01-28T10:35:16.949+0000][gc,phases   ] GC(68)   Pre Evacuate Collection Set: 1.2ms
[2026-01-28T10:35:16.950+0000][gc,phases   ] GC(68)   Merge Heap Roots: 0.5ms
[2026-01-28T10:35:16.950+0000][gc,phases   ] GC(68)   Evacuate Collection Set: 64.3ms
[2026-01-28T10:35:16.950+0000][gc,phases   ] GC(68)   Post Evacuate Collection Set: 0.9ms
[2026-01-28T10:35:16.950+0000][gc,phases   ] GC(68)   Other: 0.2ms
[2026-01-28T10:35:16.950+0000][gc,heap     ] GC(68) Eden regions: 591->0(592)
[2026-01-28T10:35:16.950+0000][gc,heap     ] GC(68) Survivor regions: 23->22(77)
[2026-01-28T10:35:16.950+0000][gc,heap     ] GC(68) Old regions: 88->90
[2026-01-28T10:35:16.950+0000][gc,heap     ] GC(68) Humongous regions: 1->1
[2026-01-28T10:35:16.950+0000][gc,metaspace] GC(68) Metaspace: 8549K(8768K)->8549K(8768K) NonClass: 7776K(7872K)->7776K(7872K) Class: 773K(896K)->773K(896K)
[2026-01-28T10:35:16.950+0000][gc          ] GC(68) Pause Young (Normal) (G1 Evacuation Pause) 702M->112M(1024M) 68.058ms
[2026-01-28T10:35:16.950+0000][gc,cpu      ] GC(68) User=0.34s Sys=0.00s Real=0.06s
[2026-01-28T10:35:23.030+0000][gc,start    ] GC(69) Pause Young (Normal) (G1 Evacuation Pause)
[2026-01-28T10:35:23.030+0000][gc,task     ] GC(69) Using 10 workers of 10 for evacuation
[2026-01-28T10:35:23.053+0000][gc,phases   ] GC(69)   Pre Evacuate Collection Set: 0.6ms
[2026-01-28T10:35:23.053+0000][gc,phases   ] GC(69)   Merge Heap Roots: 0.1ms
[2026-01-28T10:35:23.053+0000][gc,phases   ] GC(69)   Evacuate Collection Set: 21.1ms
[2026-01-28T10:35:23.053+0000][gc,phases   ] GC(69)   Post Evacuate Collection Set: 0.6ms
[2026-01-28T10:35:23.053+0000][gc,phases   ] GC(69)   Other: 0.2ms
[2026-01-28T10:35:23.053+0000][gc,heap     ] GC(69) Eden regions: 592->0(592)
[2026-01-28T10:35:23.053+0000][gc,heap     ] GC(69) Survivor regions: 22->22(77)
[2026-01-28T10:35:23.053+0000][gc,heap     ] GC(69) Old regions: 90->91
[2026-01-28T10:35:23.053+0000][gc,heap     ] GC(69) Humongous regions: 1->1
[2026-01-28T10:35:23.053+0000][gc,metaspace] GC(69) Metaspace: 8552K(8768K)->8552K(8768K) NonClass: 7779K(7872K)->7779K(7872K) Class: 773K(896K)->773K(896K)
[2026-01-28T10:35:23.053+0000][gc          ] GC(69) Pause Young (Normal) (G1 Evacuation Pause) 704M->113M(1024M) 23.669ms
[2026-01-28T10:35:23.053+0000][gc,cpu      ] GC(69) User=0.06s Sys=0.01s Real=0.03s
[2026-01-28T10:35:29.741+0000][gc,start    ] GC(70) Pause Young (Normal) (G1 Evacuation Pause)
[2026-01-28T10:35:29.742+0000][gc,task     ] GC(70) Using 10 workers of 10 for evacuation
[2026-01-28T10:35:29.774+0000][gc,phases   ] GC(70)   Pre Evacuate Collection Set: 0.6ms
[2026-01-28T10:35:29.774+0000][gc,phases   ] GC(70)   Merge Heap Roots: 0.3ms
[2026-01-28T10:35:29.774+0000][gc,phases   ] GC(70)   Evacuate Collection Set: 30.0ms
[2026-01-28T10:35:29.774+0000][gc,phases   ] GC(70)   Post Evacuate Collection Set: 0.9ms
[2026-01-28T10:35:29.774+0000][gc,phases   ] GC(70)   Other: 0.2ms
[2026-01-28T10:35:29.774+0000][gc,heap     ] GC(70) Eden regions: 592->0(592)
[2026-01-28T10:35:29.774+0000][gc,heap     ] GC(70) Survivor regions: 22->22(77)
[2026-01-28T10:35:29.774+0000][gc,heap     ] GC(70) Old regions: 91->93
[2026-01-28T10:35:29.774+0000][gc,heap     ] GC(70) Humongous regions: 1->1
[2026-01-28T10:35:29.774+0000][gc,metaspace] GC(70) Metaspace: 8552K(8768K)->8552K(8768K) NonClass: 7779K(7872K)->7779K(7872K) Class: 773K(896K)->773K(896K)
[2026-01-28T10:35:29.774+0000][gc          ] GC(70) Pause Young (Normal) (G1 Evacuation Pause) 705M->115M(1024M) 33.038ms
[2026-01-28T10:35:29.775+0000][gc,cpu      ] GC(70) User=0.11s Sys=0.00s Real=0.03s
[2026-01-28T10:35:36.093+0000][gc,start    ] GC(71) Pause Young (Normal) (G1 Evacuation Pause)
[2026-01-28T10:35:36.094+0000][gc,task     ] GC(71) Using 10 workers of 10 for evacuation
[2026-01-28T10:35:36.156+0000][gc,phases   ] GC(71)   Pre Evacuate Collection Set: 2.0ms
[2026-01-28T10:35:36.157+0000][gc,phases   ] GC(71)   Merge Heap Roots: 0.3ms
[2026-01-28T10:35:36.157+0000][gc,phases   ] GC(71)   Evacuate Collection Set: 58.3ms
[2026-01-28T10:35:36.157+0000][gc,phases   ] GC(71)   Post Evacuate Collection Set: 0.8ms
[2026-01-28T10:35:36.157+0000][gc,phases   ] GC(71)   Other: 1.7ms
[2026-01-28T10:35:36.157+0000][gc,heap     ] GC(71) Eden regions: 592->0(591)
[2026-01-28T10:35:36.157+0000][gc,heap     ] GC(71) Survivor regions: 22->23(77)
[2026-01-28T10:35:36.157+0000][gc,heap     ] GC(71) Old regions: 93->94
[2026-01-28T10:35:36.157+0000][gc,heap     ] GC(71) Humongous regions: 1->1
[2026-01-28T10:35:36.157+0000][gc,metaspace] GC(71) Metaspace: 8559K(8768K)->8559K(8768K) NonClass: 7786K(7872K)->7786K(7872K) Class: 773K(896K)->773K(896K)
[2026-01-28T10:35:36.157+0000][gc          ] GC(71) Pause Young (Normal) (G1 Evacuation Pause) 707M->117M(1024M) 64.110ms
[2026-01-28T10:35:36.157+0000][gc,cpu      ] GC(71) User=0.22s Sys=0.00s Real=0.06s
[2026-01-28T10:35:43.184+0000][gc,start    ] GC(72) Pause Young (Normal) (G1 Evacuation Pause)
[2026-01-28T10:35:43.185+0000][gc,task     ] GC(72) Using 10 workers of 10 for evacuation
[2026-01-28T10:35:43.258+0000][gc,phases   ] GC(72)   Pre Evacuate Collection Set: 1.4ms
[2026-01-28T10:35:43.258+0000][gc,phases   ] GC(72)   Merge Heap Roots: 0.6ms
[2026-01-28T10:35:43.258+0000][gc,phases   ] GC(72)   Evacuate Collection Set: 68.4ms
[2026-01-28T10:35:43.258+0000][gc,phases   ] GC(72)   Post Evacuate Collection Set: 2.0ms
[2026-01-28T10:35:43.258+0000][gc,phases   ] GC(72)   Other: 0.3ms
[2026-01-28T10:35:43.258+0000][gc,heap     ] GC(72) Eden regions: 591->0(593)
[2026-01-28T10:35:43.258+0000][gc,heap     ] GC(72) Survivor regions: 23->21(77)
[2026-01-28T10:35:43.258+0000][gc,heap     ] GC(72) Old regions: 94->96
[2026-01-28T10:35:43.259+0000][gc,heap     ] GC(72) Humongous regions: 1->1
[2026-01-28T10:35:43.259+0000][gc,metaspace] GC(72) Metaspace: 8560K(8768K)->8560K(8768K) NonClass: 7787K(7872K)->7787K(7872K) Class: 773K(896K)->773K(896K)
[2026-01-28T10:35:43.259+0000][gc          ] GC(72) Pause Young (Normal) (G1 Evacuation Pause) 708M->117M(1024M) 74.612ms
[2026-01-28T10:35:43.259+0000][gc,cpu      ] GC(72) User=0.33s Sys=0.00s Real=0.07s
[2026-01-28T10:35:50.570+0000][gc,start    ] GC(73) Pause Young (Normal) (G1 Evacuation Pause)
[2026-01-28T10:35:50.571+0000][gc,task     ] GC(73) Using 10 workers of 10 for evacuation
[2026-01-28T10:35:50.617+0000][gc,phases   ] GC(73)   Pre Evacuate Collection Set: 0.7ms
[2026-01-28T10:35:50.617+0000][gc,phases   ] GC(73)   Merge Heap Roots: 0.2ms
[2026-01-28T10:35:50.617+0000][gc,phases   ] GC(73)   Evacuate Collection Set: 44.0ms
[2026-01-28T10:35:50.617+0000][gc,phases   ] GC(73)   Post Evacuate Collection Set: 1.0ms
[2026-01-28T10:35:50.617+0000][gc,phases   ] GC(73)   Other: 0.2ms
[2026-01-28T10:35:50.617+0000][gc,heap     ] GC(73) Eden regions: 593->0(592)
[2026-01-28T10:35:50.617+0000][gc,heap     ] GC(73) Survivor regions: 21->22(77)
[2026-01-28T10:35:50.617+0000][gc,heap     ] GC(73) Old regions: 96->97
[2026-01-28T10:35:50.617+0000][gc,heap     ] GC(73) Humongous regions: 1->1
[2026-01-28T10:35:50.617+0000][gc,metaspace] GC(73) Metaspace: 8562K(8768K)->8562K(8768K) NonClass: 7789K(7872K)->7789K(7872K) Class: 773K(896K)->773K(896K)
[2026-01-28T10:35:50.618+0000][gc          ] GC(73) Pause Young (Normal) (G1 Evacuation Pause) 710M->119M(1024M) 47.130ms
[2026-01-28T10:35:50.618+0000][gc,cpu      ] GC(73) User=0.23s Sys=0.00s Real=0.05s
[2026-01-28T10:35:57.144+0000][gc,start    ] GC(74) Pause Young (Normal) (G1 Evacuation Pause)
[2026-01-28T10:35:57.145+0000][gc,task     ] GC(74) Using 10 workers of 10 for evacuation
[2026-01-28T10:35:57.192+0000][gc,phases   ] GC(74)   Pre Evacuate Collection Set: 2.8ms
[2026-01-28T10:35:57.192+0000][gc,phases   ] GC(74)   Merge Heap Roots: 0.5ms
[2026-01-28T10:35:57.192+0000][gc,phases   ] GC(74)   Evacuate Collection Set: 40.0ms
[2026-01-28T10:35:57.192+0000][gc,phases   ] GC(74)   Post Evacuate Collection Set: 2.7ms
[2026-01-28T10:35:57.192+0000][gc,phases   ] GC(74)   Other: 0.9ms
[2026-01-28T10:35:57.192+0000][gc,heap     ] GC(74) Eden regions: 592->0(593)
[2026-01-28T10:35:57.192+0000][gc,heap     ] GC(74) Survivor regions: 22->21(77)
[2026-01-28T10:35:57.192+0000][gc,heap     ] GC(74) Old regions: 97->99
[2026-01-28T10:35:57.193+0000][gc,heap     ] GC(74) Humongous regions: 1->1
[2026-01-28T10:35:57.193+0000][gc,metaspace] GC(74) Metaspace: 8562K(8768K)->8562K(8768K) NonClass: 7789K(7872K)->7789K(7872K) Class: 773K(896K)->773K(896K)
[2026-01-28T10:35:57.193+0000][gc          ] GC(74) Pause Young (Normal) (G1 Evacuation Pause) 711M->120M(1024M) 48.372ms
[2026-01-28T10:35:57.193+0000][gc,cpu      ] GC(74) User=0.16s Sys=0.00s Real=0.05s
[2026-01-28T10:36:12.091+0000][gc,start    ] GC(75) Pause Young (Normal) (G1 Evacuation Pause)
[2026-01-28T10:36:12.092+0000][gc,task     ] GC(75) Using 10 workers of 10 for evacuation
[2026-01-28T10:36:12.129+0000][gc,phases   ] GC(75)   Pre Evacuate Collection Set: 0.7ms
[2026-01-28T10:36:12.129+0000][gc,phases   ] GC(75)   Merge Heap Roots: 0.3ms
[2026-01-28T10:36:12.129+0000][gc,phases   ] GC(75)   Evacuate Collection Set: 34.8ms
[2026-01-28T10:36:12.129+0000][gc,phases   ] GC(75)   Post Evacuate Collection Set: 0.9ms
[2026-01-28T10:36:12.129+0000][gc,phases   ] GC(75)   Other: 0.2ms
[2026-01-28T10:36:12.130+0000][gc,heap     ] GC(75) Eden regions: 593->0(594)
[2026-01-28T10:36:12.130+0000][gc,heap     ] GC(75) Survivor regions: 21->20(77)
[2026-01-28T10:36:12.130+0000][gc,heap     ] GC(75) Old regions: 99->101
[2026-01-28T10:36:12.130+0000][gc,heap     ] GC(75) Humongous regions: 1->1
[2026-01-28T10:36:12.130+0000][gc,metaspace] GC(75) Metaspace: 8567K(8832K)->8567K(8832K) NonClass: 7794K(7936K)->7794K(7936K) Class: 773K(896K)->773K(896K)
[2026-01-28T10:36:12.130+0000][gc          ] GC(75) Pause Young (Normal) (G1 Evacuation Pause) 713M->120M(1024M) 38.595ms
[2026-01-28T10:36:12.130+0000][gc,cpu      ] GC(75) User=0.14s Sys=0.00s Real=0.03s
[2026-01-28T10:36:25.290+0000][gc,start    ] GC(76) Pause Young (Normal) (G1 Evacuation Pause)
[2026-01-28T10:36:25.291+0000][gc,task     ] GC(76) Using 10 workers of 10 for evacuation
[2026-01-28T10:36:25.317+0000][gc,phases   ] GC(76)   Pre Evacuate Collection Set: 0.7ms
[2026-01-28T10:36:25.317+0000][gc,phases   ] GC(76)   Merge Heap Roots: 0.2ms
[2026-01-28T10:36:25.317+0000][gc,phases   ] GC(76)   Evacuate Collection Set: 23.8ms
[2026-01-28T10:36:25.317+0000][gc,phases   ] GC(76)   Post Evacuate Collection Set: 0.8ms
[2026-01-28T10:36:25.317+0000][gc,phases   ] GC(76)   Other: 0.2ms
[2026-01-28T10:36:25.317+0000][gc,heap     ] GC(76) Eden regions: 594->0(596)
[2026-01-28T10:36:25.317+0000][gc,heap     ] GC(76) Survivor regions: 20->18(77)
[2026-01-28T10:36:25.317+0000][gc,heap     ] GC(76) Old regions: 101->102
[2026-01-28T10:36:25.317+0000][gc,heap     ] GC(76) Humongous regions: 1->1
[2026-01-28T10:36:25.318+0000][gc,metaspace] GC(76) Metaspace: 8578K(8832K)->8578K(8832K) NonClass: 7805K(7936K)->7805K(7936K) Class: 773K(896K)->773K(896K)
[2026-01-28T10:36:25.318+0000][gc          ] GC(76) Pause Young (Normal) (G1 Evacuation Pause) 714M->120M(1024M) 27.403ms
[2026-01-28T10:36:25.318+0000][gc,cpu      ] GC(76) User=0.11s Sys=0.00s Real=0.03s
[2026-01-28T10:36:31.766+0000][gc,start    ] GC(77) Pause Young (Normal) (G1 Evacuation Pause)
[2026-01-28T10:36:31.767+0000][gc,task     ] GC(77) Using 10 workers of 10 for evacuation
[2026-01-28T10:36:31.811+0000][gc,phases   ] GC(77)   Pre Evacuate Collection Set: 0.9ms
[2026-01-28T10:36:31.811+0000][gc,phases   ] GC(77)   Merge Heap Roots: 0.4ms
[2026-01-28T10:36:31.811+0000][gc,phases   ] GC(77)   Evacuate Collection Set: 41.4ms
[2026-01-28T10:36:31.812+0000][gc,phases   ] GC(77)   Post Evacuate Collection Set: 1.5ms
[2026-01-28T10:36:31.812+0000][gc,phases   ] GC(77)   Other: 0.4ms
[2026-01-28T10:36:31.812+0000][gc,heap     ] GC(77) Eden regions: 596->0(596)
[2026-01-28T10:36:31.812+0000][gc,heap     ] GC(77) Survivor regions: 18->18(77)
[2026-01-28T10:36:31.812+0000][gc,heap     ] GC(77) Old regions: 102->104
[2026-01-28T10:36:31.812+0000][gc,heap     ] GC(77) Humongous regions: 1->1
[2026-01-28T10:36:31.812+0000][gc,metaspace] GC(77) Metaspace: 8578K(8832K)->8578K(8832K) NonClass: 7805K(7936K)->7805K(7936K) Class: 773K(896K)->773K(896K)
[2026-01-28T10:36:31.812+0000][gc          ] GC(77) Pause Young (Normal) (G1 Evacuation Pause) 716M->121M(1024M) 46.238ms
[2026-01-28T10:36:31.812+0000][gc,cpu      ] GC(77) User=0.13s Sys=0.00s Real=0.05s
[2026-01-28T10:36:37.377+0000][gc,start    ] GC(78) Pause Young (Normal) (G1 Evacuation Pause)
[2026-01-28T10:36:37.378+0000][gc,task     ] GC(78) Using 10 workers of 10 for evacuation
[2026-01-28T10:36:37.404+0000][gc,phases   ] GC(78)   Pre Evacuate Collection Set: 3.4ms
[2026-01-28T10:36:37.405+0000][gc,phases   ] GC(78)   Merge Heap Roots: 0.5ms
[2026-01-28T10:36:37.405+0000][gc,phases   ] GC(78)   Evacuate Collection Set: 22.0ms
[2026-01-28T10:36:37.405+0000][gc,phases   ] GC(78)   Post Evacuate Collection Set: 0.7ms
[2026-01-28T10:36:37.405+0000][gc,phases   ] GC(78)   Other: 0.2ms
[2026-01-28T10:36:37.405+0000][gc,heap     ] GC(78) Eden regions: 596->0(595)
[2026-01-28T10:36:37.405+0000][gc,heap     ] GC(78) Survivor regions: 18->19(77)
[2026-01-28T10:36:37.405+0000][gc,heap     ] GC(78) Old regions: 104->105
[2026-01-28T10:36:37.405+0000][gc,heap     ] GC(78) Humongous regions: 1->1
[2026-01-28T10:36:37.405+0000][gc,metaspace] GC(78) Metaspace: 11126K(11456K)->11126K(11456K) NonClass: 10047K(10176K)->10047K(10176K) Class: 1079K(1280K)->1079K(1280K)
[2026-01-28T10:36:37.405+0000][gc          ] GC(78) Pause Young (Normal) (G1 Evacuation Pause) 717M->124M(1024M) 28.051ms
[2026-01-28T10:36:37.405+0000][gc,cpu      ] GC(78) User=0.16s Sys=0.01s Real=0.03s
[2026-01-28T10:36:43.576+0000][gc,start    ] GC(79) Pause Young (Normal) (G1 Evacuation Pause)
[2026-01-28T10:36:43.577+0000][gc,task     ] GC(79) Using 10 workers of 10 for evacuation
[2026-01-28T10:36:43.598+0000][gc,phases   ] GC(79)   Pre Evacuate Collection Set: 0.5ms
[2026-01-28T10:36:43.599+0000][gc,phases   ] GC(79)   Merge Heap Roots: 0.2ms
[2026-01-28T10:36:43.599+0000][gc,phases   ] GC(79)   Evacuate Collection Set: 19.5ms
[2026-01-28T10:36:43.599+0000][gc,phases   ] GC(79)   Post Evacuate Collection Set: 0.8ms
[2026-01-28T10:36:43.599+0000][gc,phases   ] GC(79)   Other: 0.2ms
[2026-01-28T10:36:43.599+0000][gc,heap     ] GC(79) Eden regions: 595->0(596)
[2026-01-28T10:36:43.599+0000][gc,heap     ] GC(79) Survivor regions: 19->18(77)
[2026-01-28T10:36:43.599+0000][gc,heap     ] GC(79) Old regions: 105->107
[2026-01-28T10:36:43.599+0000][gc,heap     ] GC(79) Humongous regions: 1->1
[2026-01-28T10:36:43.599+0000][gc,metaspace] GC(79) Metaspace: 11127K(11456K)->11127K(11456K) NonClass: 10048K(10176K)->10048K(10176K) Class: 1079K(1280K)->1079K(1280K)
[2026-01-28T10:36:43.599+0000][gc          ] GC(79) Pause Young (Normal) (G1 Evacuation Pause) 719M->124M(1024M) 22.628ms
[2026-01-28T10:36:43.599+0000][gc,cpu      ] GC(79) User=0.08s Sys=0.00s Real=0.02s
[2026-01-28T10:36:49.117+0000][gc,start    ] GC(80) Pause Young (Normal) (G1 Evacuation Pause)
[2026-01-28T10:36:49.118+0000][gc,task     ] GC(80) Using 10 workers of 10 for evacuation
[2026-01-28T10:36:49.150+0000][gc,phases   ] GC(80)   Pre Evacuate Collection Set: 0.9ms
[2026-01-28T10:36:49.150+0000][gc,phases   ] GC(80)   Merge Heap Roots: 0.3ms
[2026-01-28T10:36:49.150+0000][gc,phases   ] GC(80)   Evacuate Collection Set: 28.5ms
[2026-01-28T10:36:49.150+0000][gc,phases   ] GC(80)   Post Evacuate Collection Set: 2.8ms
[2026-01-28T10:36:49.151+0000][gc,phases   ] GC(80)   Other: 0.3ms
[2026-01-28T10:36:49.151+0000][gc,heap     ] GC(80) Eden regions: 596->0(598)
[2026-01-28T10:36:49.151+0000][gc,heap     ] GC(80) Survivor regions: 18->16(77)
[2026-01-28T10:36:49.151+0000][gc,heap     ] GC(80) Old regions: 107->108
[2026-01-28T10:36:49.151+0000][gc,heap     ] GC(80) Humongous regions: 1->1
[2026-01-28T10:36:49.151+0000][gc,metaspace] GC(80) Metaspace: 11245K(11648K)->11245K(11648K) NonClass: 10164K(10368K)->10164K(10368K) Class: 1080K(1280K)->1080K(1280K)
[2026-01-28T10:36:49.151+0000][gc          ] GC(80) Pause Young (Normal) (G1 Evacuation Pause) 720M->124M(1024M) 34.012ms
[2026-01-28T10:36:49.151+0000][gc,cpu      ] GC(80) User=0.19s Sys=0.00s Real=0.04s
[2026-01-28T10:36:55.139+0000][gc,start    ] GC(81) Pause Young (Normal) (G1 Evacuation Pause)
[2026-01-28T10:36:55.140+0000][gc,task     ] GC(81) Using 10 workers of 10 for evacuation
[2026-01-28T10:36:55.160+0000][gc,phases   ] GC(81)   Pre Evacuate Collection Set: 0.8ms
[2026-01-28T10:36:55.160+0000][gc,phases   ] GC(81)   Merge Heap Roots: 0.4ms
[2026-01-28T10:36:55.161+0000][gc,phases   ] GC(81)   Evacuate Collection Set: 18.6ms
[2026-01-28T10:36:55.161+0000][gc,phases   ] GC(81)   Post Evacuate Collection Set: 0.7ms
[2026-01-28T10:36:55.161+0000][gc,phases   ] GC(81)   Other: 0.2ms
[2026-01-28T10:36:55.161+0000][gc,heap     ] GC(81) Eden regions: 598->0(598)
[2026-01-28T10:36:55.161+0000][gc,heap     ] GC(81) Survivor regions: 16->16(77)
[2026-01-28T10:36:55.161+0000][gc,heap     ] GC(81) Old regions: 108->110
[2026-01-28T10:36:55.161+0000][gc,heap     ] GC(81) Humongous regions: 1->1
[2026-01-28T10:36:55.161+0000][gc,metaspace] GC(81) Metaspace: 11267K(11648K)->11267K(11648K) NonClass: 10186K(10368K)->10186K(10368K) Class: 1080K(1280K)->1080K(1280K)
[2026-01-28T10:36:55.161+0000][gc          ] GC(81) Pause Young (Normal) (G1 Evacuation Pause) 722M->126M(1024M) 21.716ms
[2026-01-28T10:36:55.161+0000][gc,cpu      ] GC(81) User=0.09s Sys=0.00s Real=0.03s
[2026-01-28T10:37:00.707+0000][gc,start    ] GC(82) Pause Young (Normal) (G1 Evacuation Pause)
[2026-01-28T10:37:00.708+0000][gc,task     ] GC(82) Using 10 workers of 10 for evacuation
[2026-01-28T10:37:00.720+0000][gc,phases   ] GC(82)   Pre Evacuate Collection Set: 0.5ms
[2026-01-28T10:37:00.721+0000][gc,phases   ] GC(82)   Merge Heap Roots: 0.3ms
[2026-01-28T10:37:00.721+0000][gc,phases   ] GC(82)   Evacuate Collection Set: 11.2ms
[2026-01-28T10:37:00.721+0000][gc,phases   ] GC(82)   Post Evacuate Collection Set: 0.6ms
[2026-01-28T10:37:00.721+0000][gc,phases   ] GC(82)   Other: 0.2ms
[2026-01-28T10:37:00.721+0000][gc,heap     ] GC(82) Eden regions: 598->0(600)
[2026-01-28T10:37:00.721+0000][gc,heap     ] GC(82) Survivor regions: 16->14(77)
[2026-01-28T10:37:00.721+0000][gc,heap     ] GC(82) Old regions: 110->111
[2026-01-28T10:37:00.721+0000][gc,heap     ] GC(82) Humongous regions: 1->1
[2026-01-28T10:37:00.721+0000][gc,metaspace] GC(82) Metaspace: 11294K(11648K)->11294K(11648K) NonClass: 10212K(10368K)->10212K(10368K) Class: 1081K(1280K)->1081K(1280K)
[2026-01-28T10:37:00.721+0000][gc          ] GC(82) Pause Young (Normal) (G1 Evacuation Pause) 724M->125M(1024M) 14.175ms
[2026-01-28T10:37:00.721+0000][gc,cpu      ] GC(82) User=0.05s Sys=0.00s Real=0.02s
[2026-01-28T10:37:05.664+0000][gc,start    ] GC(83) Pause Young (Normal) (G1 Evacuation Pause)
[2026-01-28T10:37:05.664+0000][gc,task     ] GC(83) Using 10 workers of 10 for evacuation
[2026-01-28T10:37:05.673+0000][gc,phases   ] GC(83)   Pre Evacuate Collection Set: 0.4ms
[2026-01-28T10:37:05.673+0000][gc,phases   ] GC(83)   Merge Heap Roots: 0.2ms
[2026-01-28T10:37:05.673+0000][gc,phases   ] GC(83)   Evacuate Collection Set: 6.9ms
[2026-01-28T10:37:05.673+0000][gc,phases   ] GC(83)   Post Evacuate Collection Set: 0.7ms
[2026-01-28T10:37:05.673+0000][gc,phases   ] GC(83)   Other: 0.1ms
[2026-01-28T10:37:05.673+0000][gc,heap     ] GC(83) Eden regions: 600->0(601)
[2026-01-28T10:37:05.673+0000][gc,heap     ] GC(83) Survivor regions: 14->13(77)
[2026-01-28T10:37:05.673+0000][gc,heap     ] GC(83) Old regions: 111->113
[2026-01-28T10:37:05.673+0000][gc,heap     ] GC(83) Humongous regions: 1->1
[2026-01-28T10:37:05.673+0000][gc,metaspace] GC(83) Metaspace: 11325K(11648K)->11325K(11648K) NonClass: 10244K(10368K)->10244K(10368K) Class: 1081K(1280K)->1081K(1280K)
[2026-01-28T10:37:05.673+0000][gc          ] GC(83) Pause Young (Normal) (G1 Evacuation Pause) 725M->125M(1024M) 9.549ms
[2026-01-28T10:37:05.673+0000][gc,cpu      ] GC(83) User=0.04s Sys=0.00s Real=0.01s
[2026-01-28T10:37:11.746+0000][gc,start    ] GC(84) Pause Young (Normal) (G1 Evacuation Pause)
[2026-01-28T10:37:11.747+0000][gc,task     ] GC(84) Using 10 workers of 10 for evacuation
[2026-01-28T10:37:11.763+0000][gc,phases   ] GC(84)   Pre Evacuate Collection Set: 1.3ms
[2026-01-28T10:37:11.763+0000][gc,phases   ] GC(84)   Merge Heap Roots: 0.3ms
[2026-01-28T10:37:11.763+0000][gc,phases   ] GC(84)   Evacuate Collection Set: 12.6ms
[2026-01-28T10:37:11.763+0000][gc,phases   ] GC(84)   Post Evacuate Collection Set: 0.8ms
[2026-01-28T10:37:11.763+0000][gc,phases   ] GC(84)   Other: 0.5ms
[2026-01-28T10:37:11.763+0000][gc,heap     ] GC(84) Eden regions: 601->0(603)
[2026-01-28T10:37:11.763+0000][gc,heap     ] GC(84) Survivor regions: 13->11(77)
[2026-01-28T10:37:11.763+0000][gc,heap     ] GC(84) Old regions: 113->114
[2026-01-28T10:37:11.763+0000][gc,heap     ] GC(84) Humongous regions: 1->1
[2026-01-28T10:37:11.763+0000][gc,metaspace] GC(84) Metaspace: 11325K(11648K)->11325K(11648K) NonClass: 10244K(10368K)->10244K(10368K) Class: 1081K(1280K)->1081K(1280K)
[2026-01-28T10:37:11.763+0000][gc          ] GC(84) Pause Young (Normal) (G1 Evacuation Pause) 726M->125M(1024M) 16.955ms
[2026-01-28T10:37:11.763+0000][gc,cpu      ] GC(84) User=0.09s Sys=0.00s Real=0.02s
[2026-01-28T10:37:16.776+0000][gc,start    ] GC(85) Pause Young (Normal) (G1 Evacuation Pause)
[2026-01-28T10:37:16.777+0000][gc,task     ] GC(85) Using 10 workers of 10 for evacuation
[2026-01-28T10:37:16.789+0000][gc,phases   ] GC(85)   Pre Evacuate Collection Set: 0.8ms
[2026-01-28T10:37:16.790+0000][gc,phases   ] GC(85)   Merge Heap Roots: 0.2ms
[2026-01-28T10:37:16.790+0000][gc,phases   ] GC(85)   Evacuate Collection Set: 10.2ms
[2026-01-28T10:37:16.790+0000][gc,phases   ] GC(85)   Post Evacuate Collection Set: 1.5ms
[2026-01-28T10:37:16.790+0000][gc,phases   ] GC(85)   Other: 0.2ms
[2026-01-28T10:37:16.790+0000][gc,heap     ] GC(85) Eden regions: 603->0(604)
[2026-01-28T10:37:16.790+0000][gc,heap     ] GC(85) Survivor regions: 11->10(77)
[2026-01-28T10:37:16.791+0000][gc,heap     ] GC(85) Old regions: 114->116
[2026-01-28T10:37:16.791+0000][gc,heap     ] GC(85) Humongous regions: 1->1
[2026-01-28T10:37:16.791+0000][gc,metaspace] GC(85) Metaspace: 11359K(11712K)->11359K(11712K) NonClass: 10273K(10432K)->10273K(10432K) Class: 1085K(1280K)->1085K(1280K)
[2026-01-28T10:37:16.791+0000][gc          ] GC(85) Pause Young (Normal) (G1 Evacuation Pause) 728M->125M(1024M) 14.853ms
[2026-01-28T10:37:16.791+0000][gc,cpu      ] GC(85) User=0.04s Sys=0.02s Real=0.02s
[2026-01-28T10:37:22.840+0000][gc,start    ] GC(86) Pause Young (Normal) (G1 Evacuation Pause)
[2026-01-28T10:37:22.841+0000][gc,task     ] GC(86) Using 10 workers of 10 for evacuation
[2026-01-28T10:37:22.859+0000][gc,phases   ] GC(86)   Pre Evacuate Collection Set: 0.5ms
[2026-01-28T10:37:22.859+0000][gc,phases   ] GC(86)   Merge Heap Roots: 0.3ms
[2026-01-28T10:37:22.859+0000][gc,phases   ] GC(86)   Evacuate Collection Set: 15.7ms
[2026-01-28T10:37:22.859+0000][gc,phases   ] GC(86)   Post Evacuate Collection Set: 0.7ms
[2026-01-28T10:37:22.859+0000][gc,phases   ] GC(86)   Other: 0.2ms
[2026-01-28T10:37:22.859+0000][gc,heap     ] GC(86) Eden regions: 604->0(605)
[2026-01-28T10:37:22.859+0000][gc,heap     ] GC(86) Survivor regions: 10->9(77)
[2026-01-28T10:37:22.859+0000][gc,heap     ] GC(86) Old regions: 116->117
[2026-01-28T10:37:22.859+0000][gc,heap     ] GC(86) Humongous regions: 1->1
[2026-01-28T10:37:22.859+0000][gc,metaspace] GC(86) Metaspace: 11362K(11712K)->11362K(11712K) NonClass: 10276K(10432K)->10276K(10432K) Class: 1085K(1280K)->1085K(1280K)
[2026-01-28T10:37:22.859+0000][gc          ] GC(86) Pause Young (Normal) (G1 Evacuation Pause) 729M->126M(1024M) 19.131ms
[2026-01-28T10:37:22.859+0000][gc,cpu      ] GC(86) User=0.11s Sys=0.00s Real=0.02s
[2026-01-28T10:37:35.071+0000][gc,start    ] GC(87) Pause Young (Normal) (G1 Evacuation Pause)
[2026-01-28T10:37:35.071+0000][gc,task     ] GC(87) Using 10 workers of 10 for evacuation
[2026-01-28T10:37:35.078+0000][gc,phases   ] GC(87)   Pre Evacuate Collection Set: 0.4ms
[2026-01-28T10:37:35.078+0000][gc,phases   ] GC(87)   Merge Heap Roots: 0.2ms
[2026-01-28T10:37:35.078+0000][gc,phases   ] GC(87)   Evacuate Collection Set: 5.1ms
[2026-01-28T10:37:35.078+0000][gc,phases   ] GC(87)   Post Evacuate Collection Set: 0.5ms
[2026-01-28T10:37:35.078+0000][gc,phases   ] GC(87)   Other: 0.2ms
[2026-01-28T10:37:35.078+0000][gc,heap     ] GC(87) Eden regions: 605->0(605)
[2026-01-28T10:37:35.078+0000][gc,heap     ] GC(87) Survivor regions: 9->9(77)
[2026-01-28T10:37:35.078+0000][gc,heap     ] GC(87) Old regions: 117->118
[2026-01-28T10:37:35.078+0000][gc,heap     ] GC(87) Humongous regions: 1->1
[2026-01-28T10:37:35.078+0000][gc,metaspace] GC(87) Metaspace: 11407K(11776K)->11407K(11776K) NonClass: 10319K(10496K)->10319K(10496K) Class: 1087K(1280K)->1087K(1280K)
[2026-01-28T10:37:35.078+0000][gc          ] GC(87) Pause Young (Normal) (G1 Evacuation Pause) 731M->127M(1024M) 7.688ms
[2026-01-28T10:37:35.078+0000][gc,cpu      ] GC(87) User=0.03s Sys=0.00s Real=0.01s
[2026-01-28T10:37:46.946+0000][gc,start    ] GC(88) Pause Young (Normal) (G1 Evacuation Pause)
[2026-01-28T10:37:46.946+0000][gc,task     ] GC(88) Using 10 workers of 10 for evacuation
[2026-01-28T10:37:46.972+0000][gc,phases   ] GC(88)   Pre Evacuate Collection Set: 2.2ms
[2026-01-28T10:37:46.972+0000][gc,phases   ] GC(88)   Merge Heap Roots: 0.2ms
[2026-01-28T10:37:46.972+0000][gc,phases   ] GC(88)   Evacuate Collection Set: 21.5ms
[2026-01-28T10:37:46.972+0000][gc,phases   ] GC(88)   Post Evacuate Collection Set: 1.2ms
[2026-01-28T10:37:46.972+0000][gc,phases   ] GC(88)   Other: 0.3ms
[2026-01-28T10:37:46.972+0000][gc,heap     ] GC(88) Eden regions: 605->0(608)
[2026-01-28T10:37:46.972+0000][gc,heap     ] GC(88) Survivor regions: 9->6(77)
[2026-01-28T10:37:46.972+0000][gc,heap     ] GC(88) Old regions: 118->120
[2026-01-28T10:37:46.972+0000][gc,heap     ] GC(88) Humongous regions: 1->1
[2026-01-28T10:37:46.972+0000][gc,metaspace] GC(88) Metaspace: 11422K(11776K)->11422K(11776K) NonClass: 10334K(10496K)->10334K(10496K) Class: 1087K(1280K)->1087K(1280K)
[2026-01-28T10:37:46.973+0000][gc          ] GC(88) Pause Young (Normal) (G1 Evacuation Pause) 732M->126M(1024M) 26.674ms
[2026-01-28T10:37:46.973+0000][gc,cpu      ] GC(88) User=0.14s Sys=0.01s Real=0.03s
[2026-01-28T10:38:00.840+0000][gc,start    ] GC(89) Pause Young (Normal) (G1 Evacuation Pause)
[2026-01-28T10:38:00.841+0000][gc,task     ] GC(89) Using 10 workers of 10 for evacuation
[2026-01-28T10:38:00.848+0000][gc,phases   ] GC(89)   Pre Evacuate Collection Set: 0.6ms
[2026-01-28T10:38:00.848+0000][gc,phases   ] GC(89)   Merge Heap Roots: 0.3ms
[2026-01-28T10:38:00.848+0000][gc,phases   ] GC(89)   Evacuate Collection Set: 5.3ms
[2026-01-28T10:38:00.848+0000][gc,phases   ] GC(89)   Post Evacuate Collection Set: 0.8ms
[2026-01-28T10:38:00.848+0000][gc,phases   ] GC(89)   Other: 0.2ms
[2026-01-28T10:38:00.848+0000][gc,heap     ] GC(89) Eden regions: 608->0(608)
[2026-01-28T10:38:00.848+0000][gc,heap     ] GC(89) Survivor regions: 6->6(77)
[2026-01-28T10:38:00.848+0000][gc,heap     ] GC(89) Old regions: 120->120
[2026-01-28T10:38:00.848+0000][gc,heap     ] GC(89) Humongous regions: 1->1
[2026-01-28T10:38:00.848+0000][gc,metaspace] GC(89) Metaspace: 11450K(11840K)->11450K(11840K) NonClass: 10362K(10560K)->10362K(10560K) Class: 1088K(1280K)->1088K(1280K)
[2026-01-28T10:38:00.849+0000][gc          ] GC(89) Pause Young (Normal) (G1 Evacuation Pause) 734M->126M(1024M) 8.204ms
[2026-01-28T10:38:00.849+0000][gc,cpu      ] GC(89) User=0.06s Sys=0.01s Real=0.01s
[2026-01-28T10:38:13.719+0000][gc,start    ] GC(90) Pause Young (Normal) (G1 Evacuation Pause)
[2026-01-28T10:38:13.720+0000][gc,task     ] GC(90) Using 10 workers of 10 for evacuation
[2026-01-28T10:38:13.725+0000][gc,phases   ] GC(90)   Pre Evacuate Collection Set: 0.5ms
[2026-01-28T10:38:13.725+0000][gc,phases   ] GC(90)   Merge Heap Roots: 0.2ms
[2026-01-28T10:38:13.725+0000][gc,phases   ] GC(90)   Evacuate Collection Set: 3.3ms
[2026-01-28T10:38:13.725+0000][gc,phases   ] GC(90)   Post Evacuate Collection Set: 0.6ms
[2026-01-28T10:38:13.725+0000][gc,phases   ] GC(90)   Other: 0.2ms
[2026-01-28T10:38:13.725+0000][gc,heap     ] GC(90) Eden regions: 608->0(608)
[2026-01-28T10:38:13.725+0000][gc,heap     ] GC(90) Survivor regions: 6->6(77)
[2026-01-28T10:38:13.725+0000][gc,heap     ] GC(90) Old regions: 120->121
[2026-01-28T10:38:13.725+0000][gc,heap     ] GC(90) Humongous regions: 1->1
[2026-01-28T10:38:13.725+0000][gc,metaspace] GC(90) Metaspace: 11471K(11840K)->11471K(11840K) NonClass: 10380K(10560K)->10380K(10560K) Class: 1090K(1280K)->1090K(1280K)
[2026-01-28T10:38:13.725+0000][gc          ] GC(90) Pause Young (Normal) (G1 Evacuation Pause) 734M->127M(1024M) 6.214ms
[2026-01-28T10:38:13.725+0000][gc,cpu      ] GC(90) User=0.04s Sys=0.00s Real=0.01s
[2026-01-28T10:38:25.083+0000][gc,start    ] GC(91) Pause Young (Normal) (G1 Evacuation Pause)
[2026-01-28T10:38:25.084+0000][gc,task     ] GC(91) Using 10 workers of 10 for evacuation
[2026-01-28T10:38:25.094+0000][gc,phases   ] GC(91)   Pre Evacuate Collection Set: 0.8ms
[2026-01-28T10:38:25.094+0000][gc,phases   ] GC(91)   Merge Heap Roots: 0.3ms
[2026-01-28T10:38:25.094+0000][gc,phases   ] GC(91)   Evacuate Collection Set: 7.3ms
[2026-01-28T10:38:25.094+0000][gc,phases   ] GC(91)   Post Evacuate Collection Set: 1.3ms
[2026-01-28T10:38:25.094+0000][gc,phases   ] GC(91)   Other: 0.2ms
[2026-01-28T10:38:25.094+0000][gc,heap     ] GC(91) Eden regions: 608->0(607)
[2026-01-28T10:38:25.094+0000][gc,heap     ] GC(91) Survivor regions: 6->7(77)
[2026-01-28T10:38:25.094+0000][gc,heap     ] GC(91) Old regions: 121->121
[2026-01-28T10:38:25.094+0000][gc,heap     ] GC(91) Humongous regions: 1->1
[2026-01-28T10:38:25.095+0000][gc,metaspace] GC(91) Metaspace: 11483K(11840K)->11483K(11840K) NonClass: 10391K(10560K)->10391K(10560K) Class: 1091K(1280K)->1091K(1280K)
[2026-01-28T10:38:25.095+0000][gc          ] GC(91) Pause Young (Normal) (G1 Evacuation Pause) 735M->127M(1024M) 11.647ms
[2026-01-28T10:38:25.095+0000][gc,cpu      ] GC(91) User=0.08s Sys=0.00s Real=0.01s
[2026-01-28T10:38:36.365+0000][gc,start    ] GC(92) Pause Young (Normal) (G1 Evacuation Pause)
[2026-01-28T10:38:36.366+0000][gc,task     ] GC(92) Using 10 workers of 10 for evacuation
[2026-01-28T10:38:36.376+0000][gc,phases   ] GC(92)   Pre Evacuate Collection Set: 1.7ms
[2026-01-28T10:38:36.376+0000][gc,phases   ] GC(92)   Merge Heap Roots: 0.9ms
[2026-01-28T10:38:36.376+0000][gc,phases   ] GC(92)   Evacuate Collection Set: 6.1ms
[2026-01-28T10:38:36.376+0000][gc,phases   ] GC(92)   Post Evacuate Collection Set: 1.4ms
[2026-01-28T10:38:36.376+0000][gc,phases   ] GC(92)   Other: 0.2ms
[2026-01-28T10:38:36.376+0000][gc,heap     ] GC(92) Eden regions: 607->0(608)
[2026-01-28T10:38:36.376+0000][gc,heap     ] GC(92) Survivor regions: 7->6(77)
[2026-01-28T10:38:36.376+0000][gc,heap     ] GC(92) Old regions: 121->121
[2026-01-28T10:38:36.376+0000][gc,heap     ] GC(92) Humongous regions: 1->1
[2026-01-28T10:38:36.377+0000][gc,metaspace] GC(92) Metaspace: 11512K(11840K)->11512K(11840K) NonClass: 10420K(10560K)->10420K(10560K) Class: 1091K(1280K)->1091K(1280K)
[2026-01-28T10:38:36.377+0000][gc          ] GC(92) Pause Young (Normal) (G1 Evacuation Pause) 734M->127M(1024M) 11.923ms
[2026-01-28T10:38:36.377+0000][gc,cpu      ] GC(92) User=0.08s Sys=0.00s Real=0.01s
[2026-01-28T10:38:49.261+0000][gc,start    ] GC(93) Pause Young (Normal) (G1 Evacuation Pause)
[2026-01-28T10:38:49.261+0000][gc,task     ] GC(93) Using 10 workers of 10 for evacuation
[2026-01-28T10:38:49.278+0000][gc,phases   ] GC(93)   Pre Evacuate Collection Set: 1.3ms
[2026-01-28T10:38:49.278+0000][gc,phases   ] GC(93)   Merge Heap Roots: 0.5ms
[2026-01-28T10:38:49.278+0000][gc,phases   ] GC(93)   Evacuate Collection Set: 12.2ms
[2026-01-28T10:38:49.278+0000][gc,phases   ] GC(93)   Post Evacuate Collection Set: 1.9ms
[2026-01-28T10:38:49.278+0000][gc,phases   ] GC(93)   Other: 0.3ms
[2026-01-28T10:38:49.278+0000][gc,heap     ] GC(93) Eden regions: 608->0(610)
[2026-01-28T10:38:49.278+0000][gc,heap     ] GC(93) Survivor regions: 6->4(77)
[2026-01-28T10:38:49.279+0000][gc,heap     ] GC(93) Old regions: 121->124
[2026-01-28T10:38:49.279+0000][gc,heap     ] GC(93) Humongous regions: 1->1
[2026-01-28T10:38:49.279+0000][gc,metaspace] GC(93) Metaspace: 11551K(11840K)->11551K(11840K) NonClass: 10460K(10560K)->10460K(10560K) Class: 1091K(1280K)->1091K(1280K)
[2026-01-28T10:38:49.279+0000][gc          ] GC(93) Pause Young (Normal) (G1 Evacuation Pause) 735M->127M(1024M) 17.834ms
[2026-01-28T10:38:49.279+0000][gc,cpu      ] GC(93) User=0.13s Sys=0.02s Real=0.02s
[2026-01-28T10:39:02.302+0000][gc,start    ] GC(94) Pause Young (Normal) (G1 Evacuation Pause)
[2026-01-28T10:39:02.303+0000][gc,task     ] GC(94) Using 10 workers of 10 for evacuation
[2026-01-28T10:39:02.309+0000][gc,phases   ] GC(94)   Pre Evacuate Collection Set: 1.1ms
[2026-01-28T10:39:02.309+0000][gc,phases   ] GC(94)   Merge Heap Roots: 0.2ms
[2026-01-28T10:39:02.309+0000][gc,phases   ] GC(94)   Evacuate Collection Set: 3.8ms
[2026-01-28T10:39:02.310+0000][gc,phases   ] GC(94)   Post Evacuate Collection Set: 0.8ms
[2026-01-28T10:39:02.310+0000][gc,phases   ] GC(94)   Other: 0.2ms
[2026-01-28T10:39:02.310+0000][gc,heap     ] GC(94) Eden regions: 610->0(610)
[2026-01-28T10:39:02.310+0000][gc,heap     ] GC(94) Survivor regions: 4->4(77)
[2026-01-28T10:39:02.310+0000][gc,heap     ] GC(94) Old regions: 124->124
[2026-01-28T10:39:02.310+0000][gc,heap     ] GC(94) Humongous regions: 1->1
[2026-01-28T10:39:02.310+0000][gc,metaspace] GC(94) Metaspace: 11557K(11904K)->11557K(11904K) NonClass: 10465K(10624K)->10465K(10624K) Class: 1091K(1280K)->1091K(1280K)
[2026-01-28T10:39:02.310+0000][gc          ] GC(94) Pause Young (Normal) (G1 Evacuation Pause) 737M->127M(1024M) 7.987ms
[2026-01-28T10:39:02.310+0000][gc,cpu      ] GC(94) User=0.05s Sys=0.00s Real=0.00s
[2026-01-28T10:39:14.985+0000][gc,start    ] GC(95) Pause Young (Normal) (G1 Evacuation Pause)
[2026-01-28T10:39:14.986+0000][gc,task     ] GC(95) Using 10 workers of 10 for evacuation
[2026-01-28T10:39:14.991+0000][gc,phases   ] GC(95)   Pre Evacuate Collection Set: 0.5ms
[2026-01-28T10:39:14.992+0000][gc,phases   ] GC(95)   Merge Heap Roots: 0.2ms
[2026-01-28T10:39:14.992+0000][gc,phases   ] GC(95)   Evacuate Collection Set: 4.4ms
[2026-01-28T10:39:14.992+0000][gc,phases   ] GC(95)   Post Evacuate Collection Set: 0.5ms
[2026-01-28T10:39:14.992+0000][gc,phases   ] GC(95)   Other: 0.1ms
[2026-01-28T10:39:14.992+0000][gc,heap     ] GC(95) Eden regions: 610->0(610)
[2026-01-28T10:39:14.992+0000][gc,heap     ] GC(95) Survivor regions: 4->4(77)
[2026-01-28T10:39:14.992+0000][gc,heap     ] GC(95) Old regions: 124->124
[2026-01-28T10:39:14.992+0000][gc,heap     ] GC(95) Humongous regions: 1->1
[2026-01-28T10:39:14.992+0000][gc,metaspace] GC(95) Metaspace: 11595K(11968K)->11595K(11968K) NonClass: 10495K(10688K)->10495K(10688K) Class: 1099K(1280K)->1099K(1280K)
[2026-01-28T10:39:14.992+0000][gc          ] GC(95) Pause Young (Normal) (G1 Evacuation Pause) 737M->128M(1024M) 6.525ms
[2026-01-28T10:39:14.992+0000][gc,cpu      ] GC(95) User=0.05s Sys=0.00s Real=0.01s
[2026-01-28T10:39:25.679+0000][gc,start    ] GC(96) Pause Young (Normal) (G1 Evacuation Pause)
[2026-01-28T10:39:25.679+0000][gc,task     ] GC(96) Using 10 workers of 10 for evacuation
[2026-01-28T10:39:25.687+0000][gc,phases   ] GC(96)   Pre Evacuate Collection Set: 1.1ms
[2026-01-28T10:39:25.687+0000][gc,phases   ] GC(96)   Merge Heap Roots: 0.5ms
[2026-01-28T10:39:25.687+0000][gc,phases   ] GC(96)   Evacuate Collection Set: 4.6ms
[2026-01-28T10:39:25.687+0000][gc,phases   ] GC(96)   Post Evacuate Collection Set: 0.9ms
[2026-01-28T10:39:25.687+0000][gc,phases   ] GC(96)   Other: 0.2ms
[2026-01-28T10:39:25.687+0000][gc,heap     ] GC(96) Eden regions: 610->0(610)
[2026-01-28T10:39:25.687+0000][gc,heap     ] GC(96) Survivor regions: 4->4(77)
[2026-01-28T10:39:25.687+0000][gc,heap     ] GC(96) Old regions: 124->125
[2026-01-28T10:39:25.687+0000][gc,heap     ] GC(96) Humongous regions: 1->1
[2026-01-28T10:39:25.687+0000][gc,metaspace] GC(96) Metaspace: 11611K(11968K)->11611K(11968K) NonClass: 10512K(10688K)->10512K(10688K) Class: 1099K(1280K)->1099K(1280K)
[2026-01-28T10:39:25.687+0000][gc          ] GC(96) Pause Young (Normal) (G1 Evacuation Pause) 738M->128M(1024M) 8.214ms
[2026-01-28T10:39:25.687+0000][gc,cpu      ] GC(96) User=0.06s Sys=0.00s Real=0.01s
[2026-01-28T10:39:38.847+0000][gc,start    ] GC(97) Pause Young (Normal) (G1 Evacuation Pause)
[2026-01-28T10:39:38.848+0000][gc,task     ] GC(97) Using 10 workers of 10 for evacuation
[2026-01-28T10:39:38.857+0000][gc,phases   ] GC(97)   Pre Evacuate Collection Set: 0.8ms
[2026-01-28T10:39:38.857+0000][gc,phases   ] GC(97)   Merge Heap Roots: 0.2ms
[2026-01-28T10:39:38.858+0000][gc,phases   ] GC(97)   Evacuate Collection Set: 7.1ms
[2026-01-28T10:39:38.858+0000][gc,phases   ] GC(97)   Post Evacuate Collection Set: 1.2ms
[2026-01-28T10:39:38.858+0000][gc,phases   ] GC(97)   Other: 0.2ms
[2026-01-28T10:39:38.858+0000][gc,heap     ] GC(97) Eden regions: 610->0(610)
[2026-01-28T10:39:38.858+0000][gc,heap     ] GC(97) Survivor regions: 4->4(77)
[2026-01-28T10:39:38.858+0000][gc,heap     ] GC(97) Old regions: 125->125
[2026-01-28T10:39:38.858+0000][gc,heap     ] GC(97) Humongous regions: 1->1
[2026-01-28T10:39:38.858+0000][gc,metaspace] GC(97) Metaspace: 11620K(11968K)->11620K(11968K) NonClass: 10521K(10688K)->10521K(10688K) Class: 1099K(1280K)->1099K(1280K)
[2026-01-28T10:39:38.858+0000][gc          ] GC(97) Pause Young (Normal) (G1 Evacuation Pause) 738M->128M(1024M) 11.162ms
[2026-01-28T10:39:38.858+0000][gc,cpu      ] GC(97) User=0.08s Sys=0.00s Real=0.01s
[2026-01-28T10:39:52.408+0000][gc,start    ] GC(98) Pause Young (Normal) (G1 Evacuation Pause)
[2026-01-28T10:39:52.409+0000][gc,task     ] GC(98) Using 10 workers of 10 for evacuation
[2026-01-28T10:39:52.440+0000][gc,phases   ] GC(98)   Pre Evacuate Collection Set: 6.3ms
[2026-01-28T10:39:52.440+0000][gc,phases   ] GC(98)   Merge Heap Roots: 1.3ms
[2026-01-28T10:39:52.440+0000][gc,phases   ] GC(98)   Evacuate Collection Set: 20.8ms
[2026-01-28T10:39:52.440+0000][gc,phases   ] GC(98)   Post Evacuate Collection Set: 1.7ms
[2026-01-28T10:39:52.440+0000][gc,phases   ] GC(98)   Other: 0.5ms
[2026-01-28T10:39:52.440+0000][gc,heap     ] GC(98) Eden regions: 610->0(610)
[2026-01-28T10:39:52.440+0000][gc,heap     ] GC(98) Survivor regions: 4->4(77)
[2026-01-28T10:39:52.440+0000][gc,heap     ] GC(98) Old regions: 125->125
[2026-01-28T10:39:52.440+0000][gc,heap     ] GC(98) Humongous regions: 1->1
[2026-01-28T10:39:52.440+0000][gc,metaspace] GC(98) Metaspace: 11631K(11968K)->11631K(11968K) NonClass: 10532K(10688K)->10532K(10688K) Class: 1099K(1280K)->1099K(1280K)
[2026-01-28T10:39:52.440+0000][gc          ] GC(98) Pause Young (Normal) (G1 Evacuation Pause) 738M->128M(1024M) 32.327ms
[2026-01-28T10:39:52.440+0000][gc,cpu      ] GC(98) User=0.23s Sys=0.01s Real=0.03s
[2026-01-28T10:40:05.046+0000][gc,start    ] GC(99) Pause Young (Normal) (G1 Evacuation Pause)
[2026-01-28T10:40:05.047+0000][gc,task     ] GC(99) Using 10 workers of 10 for evacuation
[2026-01-28T10:40:05.055+0000][gc,phases   ] GC(99)   Pre Evacuate Collection Set: 0.8ms
[2026-01-28T10:40:05.056+0000][gc,phases   ] GC(99)   Merge Heap Roots: 0.3ms
[2026-01-28T10:40:05.056+0000][gc,phases   ] GC(99)   Evacuate Collection Set: 5.9ms
[2026-01-28T10:40:05.056+0000][gc,phases   ] GC(99)   Post Evacuate Collection Set: 0.9ms
[2026-01-28T10:40:05.056+0000][gc,phases   ] GC(99)   Other: 0.2ms
[2026-01-28T10:40:05.056+0000][gc,heap     ] GC(99) Eden regions: 610->0(609)
[2026-01-28T10:40:05.056+0000][gc,heap     ] GC(99) Survivor regions: 4->5(77)
[2026-01-28T10:40:05.056+0000][gc,heap     ] GC(99) Old regions: 125->125
[2026-01-28T10:40:05.056+0000][gc,heap     ] GC(99) Humongous regions: 1->1
[2026-01-28T10:40:05.056+0000][gc,metaspace] GC(99) Metaspace: 11647K(11968K)->11647K(11968K) NonClass: 10547K(10688K)->10547K(10688K) Class: 1099K(1280K)->1099K(1280K)
[2026-01-28T10:40:05.056+0000][gc          ] GC(99) Pause Young (Normal) (G1 Evacuation Pause) 738M->129M(1024M) 9.704ms
[2026-01-28T10:40:05.056+0000][gc,cpu      ] GC(99) User=0.06s Sys=0.00s Real=0.01s
[2026-01-28T10:40:16.322+0000][gc,start    ] GC(100) Pause Young (Normal) (G1 Evacuation Pause)
[2026-01-28T10:40:16.323+0000][gc,task     ] GC(100) Using 10 workers of 10 for evacuation
[2026-01-28T10:40:16.330+0000][gc,phases   ] GC(100)   Pre Evacuate Collection Set: 0.6ms
[2026-01-28T10:40:16.330+0000][gc,phases   ] GC(100)   Merge Heap Roots: 0.2ms
[2026-01-28T10:40:16.330+0000][gc,phases   ] GC(100)   Evacuate Collection Set: 4.6ms
[2026-01-28T10:40:16.330+0000][gc,phases   ] GC(100)   Post Evacuate Collection Set: 0.9ms
[2026-01-28T10:40:16.330+0000][gc,phases   ] GC(100)   Other: 0.1ms
[2026-01-28T10:40:16.330+0000][gc,heap     ] GC(100) Eden regions: 609->0(610)
[2026-01-28T10:40:16.330+0000][gc,heap     ] GC(100) Survivor regions: 5->4(77)
[2026-01-28T10:40:16.330+0000][gc,heap     ] GC(100) Old regions: 125->125
[2026-01-28T10:40:16.330+0000][gc,heap     ] GC(100) Humongous regions: 1->1
[2026-01-28T10:40:16.330+0000][gc,metaspace] GC(100) Metaspace: 11651K(11968K)->11651K(11968K) NonClass: 10552K(10688K)->10552K(10688K) Class: 1099K(1280K)->1099K(1280K)
[2026-01-28T10:40:16.330+0000][gc          ] GC(100) Pause Young (Normal) (G1 Evacuation Pause) 738M->129M(1024M) 7.808ms
[2026-01-28T10:40:16.330+0000][gc,cpu      ] GC(100) User=0.05s Sys=0.00s Real=0.00s
[2026-01-28T10:40:29.638+0000][gc,start    ] GC(101) Pause Young (Normal) (G1 Evacuation Pause)
[2026-01-28T10:40:29.640+0000][gc,task     ] GC(101) Using 10 workers of 10 for evacuation
[2026-01-28T10:40:29.650+0000][gc,phases   ] GC(101)   Pre Evacuate Collection Set: 0.9ms
[2026-01-28T10:40:29.650+0000][gc,phases   ] GC(101)   Merge Heap Roots: 0.2ms
[2026-01-28T10:40:29.650+0000][gc,phases   ] GC(101)   Evacuate Collection Set: 8.1ms
[2026-01-28T10:40:29.650+0000][gc,phases   ] GC(101)   Post Evacuate Collection Set: 1.2ms
[2026-01-28T10:40:29.650+0000][gc,phases   ] GC(101)   Other: 0.2ms
[2026-01-28T10:40:29.650+0000][gc,heap     ] GC(101) Eden regions: 610->0(610)
[2026-01-28T10:40:29.650+0000][gc,heap     ] GC(101) Survivor regions: 4->4(77)
[2026-01-28T10:40:29.650+0000][gc,heap     ] GC(101) Old regions: 125->126
[2026-01-28T10:40:29.651+0000][gc,heap     ] GC(101) Humongous regions: 1->1
[2026-01-28T10:40:29.651+0000][gc,metaspace] GC(101) Metaspace: 11655K(11968K)->11655K(11968K) NonClass: 10556K(10688K)->10556K(10688K) Class: 1099K(1280K)->1099K(1280K)
[2026-01-28T10:40:29.651+0000][gc          ] GC(101) Pause Young (Normal) (G1 Evacuation Pause) 739M->129M(1024M) 12.211ms
[2026-01-28T10:40:29.651+0000][gc,cpu      ] GC(101) User=0.09s Sys=0.00s Real=0.01s
[2026-01-28T10:40:42.076+0000][gc,start    ] GC(102) Pause Young (Normal) (G1 Evacuation Pause)
[2026-01-28T10:40:42.076+0000][gc,task     ] GC(102) Using 10 workers of 10 for evacuation
[2026-01-28T10:40:42.080+0000][gc,phases   ] GC(102)   Pre Evacuate Collection Set: 0.3ms
[2026-01-28T10:40:42.080+0000][gc,phases   ] GC(102)   Merge Heap Roots: 0.1ms
[2026-01-28T10:40:42.080+0000][gc,phases   ] GC(102)   Evacuate Collection Set: 2.6ms
[2026-01-28T10:40:42.080+0000][gc,phases   ] GC(102)   Post Evacuate Collection Set: 0.5ms
[2026-01-28T10:40:42.080+0000][gc,phases   ] GC(102)   Other: 0.1ms
[2026-01-28T10:40:42.080+0000][gc,heap     ] GC(102) Eden regions: 610->0(610)
[2026-01-28T10:40:42.080+0000][gc,heap     ] GC(102) Survivor regions: 4->4(77)
[2026-01-28T10:40:42.080+0000][gc,heap     ] GC(102) Old regions: 126->126
[2026-01-28T10:40:42.080+0000][gc,heap     ] GC(102) Humongous regions: 1->1
[2026-01-28T10:40:42.080+0000][gc,metaspace] GC(102) Metaspace: 11658K(11968K)->11658K(11968K) NonClass: 10558K(10688K)->10558K(10688K) Class: 1099K(1280K)->1099K(1280K)
[2026-01-28T10:40:42.080+0000][gc          ] GC(102) Pause Young (Normal) (G1 Evacuation Pause) 739M->130M(1024M) 4.327ms
[2026-01-28T10:40:42.080+0000][gc,cpu      ] GC(102) User=0.03s Sys=0.00s Real=0.00s
[2026-01-28T10:40:54.818+0000][gc,start    ] GC(103) Pause Young (Normal) (G1 Evacuation Pause)
[2026-01-28T10:40:54.818+0000][gc,task     ] GC(103) Using 10 workers of 10 for evacuation
[2026-01-28T10:40:54.826+0000][gc,phases   ] GC(103)   Pre Evacuate Collection Set: 0.7ms
[2026-01-28T10:40:54.826+0000][gc,phases   ] GC(103)   Merge Heap Roots: 0.3ms
[2026-01-28T10:40:54.826+0000][gc,phases   ] GC(103)   Evacuate Collection Set: 4.3ms
[2026-01-28T10:40:54.826+0000][gc,phases   ] GC(103)   Post Evacuate Collection Set: 2.0ms
[2026-01-28T10:40:54.826+0000][gc,phases   ] GC(103)   Other: 0.2ms
[2026-01-28T10:40:54.826+0000][gc,heap     ] GC(103) Eden regions: 610->0(610)
[2026-01-28T10:40:54.826+0000][gc,heap     ] GC(103) Survivor regions: 4->4(77)
[2026-01-28T10:40:54.826+0000][gc,heap     ] GC(103) Old regions: 126->126
[2026-01-28T10:40:54.826+0000][gc,heap     ] GC(103) Humongous regions: 1->1
[2026-01-28T10:40:54.826+0000][gc,metaspace] GC(103) Metaspace: 11670K(11968K)->11670K(11968K) NonClass: 10569K(10688K)->10569K(10688K) Class: 1100K(1280K)->1100K(1280K)
[2026-01-28T10:40:54.827+0000][gc          ] GC(103) Pause Young (Normal) (G1 Evacuation Pause) 740M->130M(1024M) 8.741ms
[2026-01-28T10:40:54.827+0000][gc,cpu      ] GC(103) User=0.06s Sys=0.00s Real=0.01s
[2026-01-28T10:41:05.244+0000][gc,start    ] GC(104) Pause Young (Normal) (G1 Evacuation Pause)
[2026-01-28T10:41:05.245+0000][gc,task     ] GC(104) Using 10 workers of 10 for evacuation
[2026-01-28T10:41:05.248+0000][gc,phases   ] GC(104)   Pre Evacuate Collection Set: 0.3ms
[2026-01-28T10:41:05.248+0000][gc,phases   ] GC(104)   Merge Heap Roots: 0.2ms
[2026-01-28T10:41:05.248+0000][gc,phases   ] GC(104)   Evacuate Collection Set: 2.5ms
[2026-01-28T10:41:05.248+0000][gc,phases   ] GC(104)   Post Evacuate Collection Set: 0.4ms
[2026-01-28T10:41:05.248+0000][gc,phases   ] GC(104)   Other: 0.1ms
[2026-01-28T10:41:05.248+0000][gc,heap     ] GC(104) Eden regions: 610->0(610)
[2026-01-28T10:41:05.248+0000][gc,heap     ] GC(104) Survivor regions: 4->4(77)
[2026-01-28T10:41:05.248+0000][gc,heap     ] GC(104) Old regions: 126->126
[2026-01-28T10:41:05.248+0000][gc,heap     ] GC(104) Humongous regions: 1->1
[2026-01-28T10:41:05.248+0000][gc,metaspace] GC(104) Metaspace: 11685K(12032K)->11685K(12032K) NonClass: 10584K(10752K)->10584K(10752K) Class: 1100K(1280K)->1100K(1280K)
[2026-01-28T10:41:05.248+0000][gc          ] GC(104) Pause Young (Normal) (G1 Evacuation Pause) 740M->130M(1024M) 4.083ms
[2026-01-28T10:41:05.248+0000][gc,cpu      ] GC(104) User=0.02s Sys=0.00s Real=0.00s
[2026-01-28T10:41:18.254+0000][gc,start    ] GC(105) Pause Young (Normal) (G1 Evacuation Pause)
[2026-01-28T10:41:18.255+0000][gc,task     ] GC(105) Using 10 workers of 10 for evacuation
[2026-01-28T10:41:18.262+0000][gc,phases   ] GC(105)   Pre Evacuate Collection Set: 0.8ms
[2026-01-28T10:41:18.262+0000][gc,phases   ] GC(105)   Merge Heap Roots: 0.2ms
[2026-01-28T10:41:18.262+0000][gc,phases   ] GC(105)   Evacuate Collection Set: 5.1ms
[2026-01-28T10:41:18.262+0000][gc,phases   ] GC(105)   Post Evacuate Collection Set: 0.9ms
[2026-01-28T10:41:18.262+0000][gc,phases   ] GC(105)   Other: 0.2ms
[2026-01-28T10:41:18.262+0000][gc,heap     ] GC(105) Eden regions: 610->0(609)
[2026-01-28T10:41:18.262+0000][gc,heap     ] GC(105) Survivor regions: 4->5(77)
[2026-01-28T10:41:18.262+0000][gc,heap     ] GC(105) Old regions: 126->126
[2026-01-28T10:41:18.262+0000][gc,heap     ] GC(105) Humongous regions: 1->1
[2026-01-28T10:41:18.262+0000][gc,metaspace] GC(105) Metaspace: 11692K(12032K)->11692K(12032K) NonClass: 10591K(10752K)->10591K(10752K) Class: 1100K(1280K)->1100K(1280K)
[2026-01-28T10:41:18.262+0000][gc          ] GC(105) Pause Young (Normal) (G1 Evacuation Pause) 740M->130M(1024M) 8.755ms
[2026-01-28T10:41:18.262+0000][gc,cpu      ] GC(105) User=0.06s Sys=0.00s Real=0.01s
[2026-01-28T10:41:31.356+0000][gc,start    ] GC(106) Pause Young (Normal) (G1 Evacuation Pause)
[2026-01-28T10:41:31.357+0000][gc,task     ] GC(106) Using 10 workers of 10 for evacuation
[2026-01-28T10:41:31.370+0000][gc,phases   ] GC(106)   Pre Evacuate Collection Set: 2.8ms
[2026-01-28T10:41:31.370+0000][gc,phases   ] GC(106)   Merge Heap Roots: 0.8ms
[2026-01-28T10:41:31.370+0000][gc,phases   ] GC(106)   Evacuate Collection Set: 8.3ms
[2026-01-28T10:41:31.370+0000][gc,phases   ] GC(106)   Post Evacuate Collection Set: 1.0ms
[2026-01-28T10:41:31.370+0000][gc,phases   ] GC(106)   Other: 0.5ms
[2026-01-28T10:41:31.370+0000][gc,heap     ] GC(106) Eden regions: 609->0(609)
[2026-01-28T10:41:31.370+0000][gc,heap     ] GC(106) Survivor regions: 5->5(77)
[2026-01-28T10:41:31.370+0000][gc,heap     ] GC(106) Old regions: 126->127
[2026-01-28T10:41:31.371+0000][gc,heap     ] GC(106) Humongous regions: 1->1
[2026-01-28T10:41:31.371+0000][gc,metaspace] GC(106) Metaspace: 11694K(12032K)->11694K(12032K) NonClass: 10593K(10752K)->10593K(10752K) Class: 1100K(1280K)->1100K(1280K)
[2026-01-28T10:41:31.371+0000][gc          ] GC(106) Pause Young (Normal) (G1 Evacuation Pause) 739M->131M(1024M) 15.016ms
[2026-01-28T10:41:31.371+0000][gc,cpu      ] GC(106) User=0.11s Sys=0.00s Real=0.01s
[2026-01-28T10:41:44.156+0000][gc,start    ] GC(107) Pause Young (Normal) (G1 Evacuation Pause)
[2026-01-28T10:41:44.156+0000][gc,task     ] GC(107) Using 10 workers of 10 for evacuation
[2026-01-28T10:41:44.161+0000][gc,phases   ] GC(107)   Pre Evacuate Collection Set: 0.5ms
[2026-01-28T10:41:44.161+0000][gc,phases   ] GC(107)   Merge Heap Roots: 0.2ms
[2026-01-28T10:41:44.161+0000][gc,phases   ] GC(107)   Evacuate Collection Set: 3.1ms
[2026-01-28T10:41:44.161+0000][gc,phases   ] GC(107)   Post Evacuate Collection Set: 0.5ms
[2026-01-28T10:41:44.161+0000][gc,phases   ] GC(107)   Other: 0.2ms
[2026-01-28T10:41:44.161+0000][gc,heap     ] GC(107) Eden regions: 609->0(609)
[2026-01-28T10:41:44.161+0000][gc,heap     ] GC(107) Survivor regions: 5->5(77)
[2026-01-28T10:41:44.161+0000][gc,heap     ] GC(107) Old regions: 127->127
[2026-01-28T10:41:44.161+0000][gc,heap     ] GC(107) Humongous regions: 1->1
[2026-01-28T10:41:44.161+0000][gc,metaspace] GC(107) Metaspace: 11698K(12032K)->11698K(12032K) NonClass: 10597K(10752K)->10597K(10752K) Class: 1100K(1280K)->1100K(1280K)
[2026-01-28T10:41:44.161+0000][gc          ] GC(107) Pause Young (Normal) (G1 Evacuation Pause) 740M->131M(1024M) 4.976ms
[2026-01-28T10:41:44.161+0000][gc,cpu      ] GC(107) User=0.03s Sys=0.00s Real=0.00s
[2026-01-28T10:41:55.225+0000][gc,start    ] GC(108) Pause Young (Normal) (G1 Evacuation Pause)
[2026-01-28T10:41:55.225+0000][gc,task     ] GC(108) Using 10 workers of 10 for evacuation
[2026-01-28T10:41:55.235+0000][gc,phases   ] GC(108)   Pre Evacuate Collection Set: 0.8ms
[2026-01-28T10:41:55.235+0000][gc,phases   ] GC(108)   Merge Heap Roots: 0.2ms
[2026-01-28T10:41:55.235+0000][gc,phases   ] GC(108)   Evacuate Collection Set: 7.6ms
[2026-01-28T10:41:55.235+0000][gc,phases   ] GC(108)   Post Evacuate Collection Set: 0.9ms
[2026-01-28T10:41:55.235+0000][gc,phases   ] GC(108)   Other: 0.2ms
[2026-01-28T10:41:55.235+0000][gc,heap     ] GC(108) Eden regions: 609->0(607)
[2026-01-28T10:41:55.235+0000][gc,heap     ] GC(108) Survivor regions: 5->7(77)
[2026-01-28T10:41:55.235+0000][gc,heap     ] GC(108) Old regions: 127->127
[2026-01-28T10:41:55.235+0000][gc,heap     ] GC(108) Humongous regions: 1->1
[2026-01-28T10:41:55.235+0000][gc,metaspace] GC(108) Metaspace: 11721K(12160K)->11721K(12160K) NonClass: 10618K(10816K)->10618K(10816K) Class: 1102K(1344K)->1102K(1344K)
[2026-01-28T10:41:55.235+0000][gc          ] GC(108) Pause Young (Normal) (G1 Evacuation Pause) 740M->133M(1024M) 10.629ms
[2026-01-28T10:41:55.235+0000][gc,cpu      ] GC(108) User=0.08s Sys=0.00s Real=0.01s
[2026-01-28T10:42:07.952+0000][gc,start    ] GC(109) Pause Young (Normal) (G1 Evacuation Pause)
[2026-01-28T10:42:07.953+0000][gc,task     ] GC(109) Using 10 workers of 10 for evacuation
[2026-01-28T10:42:07.958+0000][gc,phases   ] GC(109)   Pre Evacuate Collection Set: 0.6ms
[2026-01-28T10:42:07.958+0000][gc,phases   ] GC(109)   Merge Heap Roots: 0.2ms
[2026-01-28T10:42:07.958+0000][gc,phases   ] GC(109)   Evacuate Collection Set: 3.5ms
[2026-01-28T10:42:07.958+0000][gc,phases   ] GC(109)   Post Evacuate Collection Set: 0.5ms
[2026-01-28T10:42:07.959+0000][gc,phases   ] GC(109)   Other: 0.1ms
[2026-01-28T10:42:07.959+0000][gc,heap     ] GC(109) Eden regions: 607->0(609)
[2026-01-28T10:42:07.959+0000][gc,heap     ] GC(109) Survivor regions: 7->5(77)
[2026-01-28T10:42:07.959+0000][gc,heap     ] GC(109) Old regions: 127->127
[2026-01-28T10:42:07.959+0000][gc,heap     ] GC(109) Humongous regions: 1->1
[2026-01-28T10:42:07.959+0000][gc,metaspace] GC(109) Metaspace: 11723K(12160K)->11723K(12160K) NonClass: 10620K(10816K)->10620K(10816K) Class: 1102K(1344K)->1102K(1344K)
[2026-01-28T10:42:07.959+0000][gc          ] GC(109) Pause Young (Normal) (G1 Evacuation Pause) 740M->132M(1024M) 6.325ms
[2026-01-28T10:42:07.959+0000][gc,cpu      ] GC(109) User=0.03s Sys=0.01s Real=0.00s
[2026-01-28T10:42:20.417+0000][gc,start    ] GC(110) Pause Young (Normal) (G1 Evacuation Pause)
[2026-01-28T10:42:20.418+0000][gc,task     ] GC(110) Using 10 workers of 10 for evacuation
[2026-01-28T10:42:20.424+0000][gc,phases   ] GC(110)   Pre Evacuate Collection Set: 0.8ms
[2026-01-28T10:42:20.424+0000][gc,phases   ] GC(110)   Merge Heap Roots: 0.2ms
[2026-01-28T10:42:20.424+0000][gc,phases   ] GC(110)   Evacuate Collection Set: 4.0ms
[2026-01-28T10:42:20.424+0000][gc,phases   ] GC(110)   Post Evacuate Collection Set: 0.7ms
[2026-01-28T10:42:20.424+0000][gc,phases   ] GC(110)   Other: 0.1ms
[2026-01-28T10:42:20.424+0000][gc,heap     ] GC(110) Eden regions: 609->0(609)
[2026-01-28T10:42:20.424+0000][gc,heap     ] GC(110) Survivor regions: 5->5(77)
[2026-01-28T10:42:20.424+0000][gc,heap     ] GC(110) Old regions: 127->128
[2026-01-28T10:42:20.424+0000][gc,heap     ] GC(110) Humongous regions: 1->1
[2026-01-28T10:42:20.424+0000][gc,metaspace] GC(110) Metaspace: 11723K(12160K)->11723K(12160K) NonClass: 10620K(10816K)->10620K(10816K) Class: 1102K(1344K)->1102K(1344K)
[2026-01-28T10:42:20.424+0000][gc          ] GC(110) Pause Young (Normal) (G1 Evacuation Pause) 741M->132M(1024M) 7.316ms
[2026-01-28T10:42:20.424+0000][gc,cpu      ] GC(110) User=0.04s Sys=0.00s Real=0.01s
[2026-01-28T10:42:33.157+0000][gc,start    ] GC(111) Pause Young (Normal) (G1 Evacuation Pause)
[2026-01-28T10:42:33.158+0000][gc,task     ] GC(111) Using 10 workers of 10 for evacuation
[2026-01-28T10:42:33.166+0000][gc,phases   ] GC(111)   Pre Evacuate Collection Set: 0.9ms
[2026-01-28T10:42:33.166+0000][gc,phases   ] GC(111)   Merge Heap Roots: 0.3ms
[2026-01-28T10:42:33.166+0000][gc,phases   ] GC(111)   Evacuate Collection Set: 5.7ms
[2026-01-28T10:42:33.166+0000][gc,phases   ] GC(111)   Post Evacuate Collection Set: 1.1ms
[2026-01-28T10:42:33.166+0000][gc,phases   ] GC(111)   Other: 0.2ms
[2026-01-28T10:42:33.166+0000][gc,heap     ] GC(111) Eden regions: 609->0(609)
[2026-01-28T10:42:33.166+0000][gc,heap     ] GC(111) Survivor regions: 5->5(77)
[2026-01-28T10:42:33.166+0000][gc,heap     ] GC(111) Old regions: 128->128
[2026-01-28T10:42:33.166+0000][gc,heap     ] GC(111) Humongous regions: 1->1
[2026-01-28T10:42:33.166+0000][gc,metaspace] GC(111) Metaspace: 11724K(12160K)->11724K(12160K) NonClass: 10621K(10816K)->10621K(10816K) Class: 1102K(1344K)->1102K(1344K)
[2026-01-28T10:42:33.167+0000][gc          ] GC(111) Pause Young (Normal) (G1 Evacuation Pause) 741M->132M(1024M) 9.425ms
[2026-01-28T10:42:33.167+0000][gc,cpu      ] GC(111) User=0.06s Sys=0.00s Real=0.01s
[2026-01-28T10:42:45.033+0000][gc,start    ] GC(112) Pause Young (Normal) (G1 Evacuation Pause)
[2026-01-28T10:42:45.033+0000][gc,task     ] GC(112) Using 10 workers of 10 for evacuation
[2026-01-28T10:42:45.036+0000][gc,phases   ] GC(112)   Pre Evacuate Collection Set: 0.3ms
[2026-01-28T10:42:45.036+0000][gc,phases   ] GC(112)   Merge Heap Roots: 0.1ms
[2026-01-28T10:42:45.036+0000][gc,phases   ] GC(112)   Evacuate Collection Set: 1.9ms
[2026-01-28T10:42:45.036+0000][gc,phases   ] GC(112)   Post Evacuate Collection Set: 0.3ms
[2026-01-28T10:42:45.036+0000][gc,phases   ] GC(112)   Other: 0.1ms
[2026-01-28T10:42:45.036+0000][gc,heap     ] GC(112) Eden regions: 609->0(608)
[2026-01-28T10:42:45.036+0000][gc,heap     ] GC(112) Survivor regions: 5->6(77)
[2026-01-28T10:42:45.036+0000][gc,heap     ] GC(112) Old regions: 128->128
[2026-01-28T10:42:45.036+0000][gc,heap     ] GC(112) Humongous regions: 1->1
[2026-01-28T10:42:45.036+0000][gc,metaspace] GC(112) Metaspace: 11734K(12160K)->11734K(12160K) NonClass: 10631K(10816K)->10631K(10816K) Class: 1102K(1344K)->1102K(1344K)
[2026-01-28T10:42:45.036+0000][gc          ] GC(112) Pause Young (Normal) (G1 Evacuation Pause) 741M->133M(1024M) 3.390ms
[2026-01-28T10:42:45.036+0000][gc,cpu      ] GC(112) User=0.02s Sys=0.00s Real=0.00s
[2026-01-28T10:42:56.395+0000][gc,start    ] GC(113) Pause Young (Normal) (G1 Evacuation Pause)
[2026-01-28T10:42:56.396+0000][gc,task     ] GC(113) Using 10 workers of 10 for evacuation
[2026-01-28T10:42:56.404+0000][gc,phases   ] GC(113)   Pre Evacuate Collection Set: 0.6ms
[2026-01-28T10:42:56.404+0000][gc,phases   ] GC(113)   Merge Heap Roots: 0.3ms
[2026-01-28T10:42:56.404+0000][gc,phases   ] GC(113)   Evacuate Collection Set: 6.3ms
[2026-01-28T10:42:56.404+0000][gc,phases   ] GC(113)   Post Evacuate Collection Set: 0.8ms
[2026-01-28T10:42:56.404+0000][gc,phases   ] GC(113)   Other: 0.2ms
[2026-01-28T10:42:56.404+0000][gc,heap     ] GC(113) Eden regions: 608->0(609)
[2026-01-28T10:42:56.404+0000][gc,heap     ] GC(113) Survivor regions: 6->5(77)
[2026-01-28T10:42:56.404+0000][gc,heap     ] GC(113) Old regions: 128->128
[2026-01-28T10:42:56.404+0000][gc,heap     ] GC(113) Humongous regions: 1->1
[2026-01-28T10:42:56.405+0000][gc,metaspace] GC(113) Metaspace: 11734K(12160K)->11734K(12160K) NonClass: 10631K(10816K)->10631K(10816K) Class: 1102K(1344K)->1102K(1344K)
[2026-01-28T10:42:56.405+0000][gc          ] GC(113) Pause Young (Normal) (G1 Evacuation Pause) 741M->133M(1024M) 9.839ms
[2026-01-28T10:42:56.405+0000][gc,cpu      ] GC(113) User=0.07s Sys=0.00s Real=0.01s
[2026-01-28T10:43:08.841+0000][gc,start    ] GC(114) Pause Young (Normal) (G1 Evacuation Pause)
[2026-01-28T10:43:08.842+0000][gc,task     ] GC(114) Using 10 workers of 10 for evacuation
[2026-01-28T10:43:08.845+0000][gc,phases   ] GC(114)   Pre Evacuate Collection Set: 0.3ms
[2026-01-28T10:43:08.845+0000][gc,phases   ] GC(114)   Merge Heap Roots: 0.2ms
[2026-01-28T10:43:08.845+0000][gc,phases   ] GC(114)   Evacuate Collection Set: 2.1ms
[2026-01-28T10:43:08.845+0000][gc,phases   ] GC(114)   Post Evacuate Collection Set: 0.5ms
[2026-01-28T10:43:08.845+0000][gc,phases   ] GC(114)   Other: 0.1ms
[2026-01-28T10:43:08.845+0000][gc,heap     ] GC(114) Eden regions: 609->0(609)
[2026-01-28T10:43:08.845+0000][gc,heap     ] GC(114) Survivor regions: 5->5(77)
[2026-01-28T10:43:08.845+0000][gc,heap     ] GC(114) Old regions: 128->129
[2026-01-28T10:43:08.845+0000][gc,heap     ] GC(114) Humongous regions: 1->1
[2026-01-28T10:43:08.845+0000][gc,metaspace] GC(114) Metaspace: 11739K(12160K)->11739K(12160K) NonClass: 10637K(10816K)->10637K(10816K) Class: 1102K(1344K)->1102K(1344K)
[2026-01-28T10:43:08.845+0000][gc          ] GC(114) Pause Young (Normal) (G1 Evacuation Pause) 742M->133M(1024M) 4.405ms
[2026-01-28T10:43:08.845+0000][gc,cpu      ] GC(114) User=0.02s Sys=0.01s Real=0.01s
[2026-01-28T10:43:21.136+0000][gc,start    ] GC(115) Pause Young (Normal) (G1 Evacuation Pause)
[2026-01-28T10:43:21.137+0000][gc,task     ] GC(115) Using 10 workers of 10 for evacuation
[2026-01-28T10:43:21.142+0000][gc,phases   ] GC(115)   Pre Evacuate Collection Set: 0.6ms
[2026-01-28T10:43:21.142+0000][gc,phases   ] GC(115)   Merge Heap Roots: 0.7ms
[2026-01-28T10:43:21.142+0000][gc,phases   ] GC(115)   Evacuate Collection Set: 3.6ms
[2026-01-28T10:43:21.142+0000][gc,phases   ] GC(115)   Post Evacuate Collection Set: 0.6ms
[2026-01-28T10:43:21.142+0000][gc,phases   ] GC(115)   Other: 0.1ms
[2026-01-28T10:43:21.142+0000][gc,heap     ] GC(115) Eden regions: 609->0(609)
[2026-01-28T10:43:21.143+0000][gc,heap     ] GC(115) Survivor regions: 5->5(77)
[2026-01-28T10:43:21.143+0000][gc,heap     ] GC(115) Old regions: 129->129
[2026-01-28T10:43:21.143+0000][gc,heap     ] GC(115) Humongous regions: 1->1
[2026-01-28T10:43:21.143+0000][gc,metaspace] GC(115) Metaspace: 11743K(12160K)->11743K(12160K) NonClass: 10640K(10816K)->10640K(10816K) Class: 1102K(1344K)->1102K(1344K)
[2026-01-28T10:43:21.143+0000][gc          ] GC(115) Pause Young (Normal) (G1 Evacuation Pause) 742M->134M(1024M) 6.537ms
[2026-01-28T10:43:21.143+0000][gc,cpu      ] GC(115) User=0.04s Sys=0.00s Real=0.01s
[2026-01-28T10:43:33.535+0000][gc,start    ] GC(116) Pause Young (Normal) (G1 Evacuation Pause)
[2026-01-28T10:43:33.536+0000][gc,task     ] GC(116) Using 10 workers of 10 for evacuation
[2026-01-28T10:43:33.540+0000][gc,phases   ] GC(116)   Pre Evacuate Collection Set: 0.4ms
[2026-01-28T10:43:33.540+0000][gc,phases   ] GC(116)   Merge Heap Roots: 0.1ms
[2026-01-28T10:43:33.540+0000][gc,phases   ] GC(116)   Evacuate Collection Set: 2.5ms
[2026-01-28T10:43:33.540+0000][gc,phases   ] GC(116)   Post Evacuate Collection Set: 0.4ms
[2026-01-28T10:43:33.540+0000][gc,phases   ] GC(116)   Other: 0.2ms
[2026-01-28T10:43:33.540+0000][gc,heap     ] GC(116) Eden regions: 609->0(609)
[2026-01-28T10:43:33.540+0000][gc,heap     ] GC(116) Survivor regions: 5->5(77)
[2026-01-28T10:43:33.540+0000][gc,heap     ] GC(116) Old regions: 129->129
[2026-01-28T10:43:33.540+0000][gc,heap     ] GC(116) Humongous regions: 1->1
[2026-01-28T10:43:33.540+0000][gc,metaspace] GC(116) Metaspace: 11747K(12160K)->11747K(12160K) NonClass: 10644K(10816K)->10644K(10816K) Class: 1102K(1344K)->1102K(1344K)
[2026-01-28T10:43:33.541+0000][gc          ] GC(116) Pause Young (Normal) (G1 Evacuation Pause) 743M->134M(1024M) 5.147ms
[2026-01-28T10:43:33.541+0000][gc,cpu      ] GC(116) User=0.02s Sys=0.00s Real=0.00s
[2026-01-28T10:43:45.087+0000][gc,start    ] GC(117) Pause Young (Normal) (G1 Evacuation Pause)
[2026-01-28T10:43:45.088+0000][gc,task     ] GC(117) Using 10 workers of 10 for evacuation
[2026-01-28T10:43:45.095+0000][gc,phases   ] GC(117)   Pre Evacuate Collection Set: 0.9ms
[2026-01-28T10:43:45.095+0000][gc,phases   ] GC(117)   Merge Heap Roots: 0.4ms
[2026-01-28T10:43:45.095+0000][gc,phases   ] GC(117)   Evacuate Collection Set: 4.8ms
[2026-01-28T10:43:45.095+0000][gc,phases   ] GC(117)   Post Evacuate Collection Set: 0.9ms
[2026-01-28T10:43:45.095+0000][gc,phases   ] GC(117)   Other: 0.1ms
[2026-01-28T10:43:45.095+0000][gc,heap     ] GC(117) Eden regions: 609->0(608)
[2026-01-28T10:43:45.095+0000][gc,heap     ] GC(117) Survivor regions: 5->6(77)
[2026-01-28T10:43:45.095+0000][gc,heap     ] GC(117) Old regions: 129->130
[2026-01-28T10:43:45.096+0000][gc,heap     ] GC(117) Humongous regions: 1->1
[2026-01-28T10:43:45.096+0000][gc,metaspace] GC(117) Metaspace: 11773K(12160K)->11773K(12160K) NonClass: 10667K(10816K)->10667K(10816K) Class: 1106K(1344K)->1106K(1344K)
[2026-01-28T10:43:45.096+0000][gc          ] GC(117) Pause Young (Normal) (G1 Evacuation Pause) 743M->135M(1024M) 8.261ms
[2026-01-28T10:43:45.096+0000][gc,cpu      ] GC(117) User=0.06s Sys=0.00s Real=0.01s
[2026-01-28T10:43:57.423+0000][gc,start    ] GC(118) Pause Young (Normal) (G1 Evacuation Pause)
[2026-01-28T10:43:57.423+0000][gc,task     ] GC(118) Using 10 workers of 10 for evacuation
[2026-01-28T10:43:57.436+0000][gc,phases   ] GC(118)   Pre Evacuate Collection Set: 2.8ms
[2026-01-28T10:43:57.436+0000][gc,phases   ] GC(118)   Merge Heap Roots: 0.7ms
[2026-01-28T10:43:57.436+0000][gc,phases   ] GC(118)   Evacuate Collection Set: 7.5ms
[2026-01-28T10:43:57.436+0000][gc,phases   ] GC(118)   Post Evacuate Collection Set: 1.3ms
[2026-01-28T10:43:57.436+0000][gc,phases   ] GC(118)   Other: 0.3ms
[2026-01-28T10:43:57.436+0000][gc,heap     ] GC(118) Eden regions: 608->0(609)
[2026-01-28T10:43:57.436+0000][gc,heap     ] GC(118) Survivor regions: 6->5(77)
[2026-01-28T10:43:57.436+0000][gc,heap     ] GC(118) Old regions: 130->130
[2026-01-28T10:43:57.437+0000][gc,heap     ] GC(118) Humongous regions: 1->1
[2026-01-28T10:43:57.437+0000][gc,metaspace] GC(118) Metaspace: 11777K(12160K)->11777K(12160K) NonClass: 10671K(10816K)->10671K(10816K) Class: 1106K(1344K)->1106K(1344K)
[2026-01-28T10:43:57.437+0000][gc          ] GC(118) Pause Young (Normal) (G1 Evacuation Pause) 743M->135M(1024M) 13.887ms
[2026-01-28T10:43:57.437+0000][gc,cpu      ] GC(118) User=0.10s Sys=0.00s Real=0.01s
[2026-01-28T10:44:10.328+0000][gc,start    ] GC(119) Pause Young (Normal) (G1 Evacuation Pause)
[2026-01-28T10:44:10.329+0000][gc,task     ] GC(119) Using 10 workers of 10 for evacuation
[2026-01-28T10:44:10.334+0000][gc,phases   ] GC(119)   Pre Evacuate Collection Set: 1.3ms
[2026-01-28T10:44:10.334+0000][gc,phases   ] GC(119)   Merge Heap Roots: 0.2ms
[2026-01-28T10:44:10.334+0000][gc,phases   ] GC(119)   Evacuate Collection Set: 3.5ms
[2026-01-28T10:44:10.335+0000][gc,phases   ] GC(119)   Post Evacuate Collection Set: 0.5ms
[2026-01-28T10:44:10.335+0000][gc,phases   ] GC(119)   Other: 0.1ms
[2026-01-28T10:44:10.335+0000][gc,heap     ] GC(119) Eden regions: 609->0(609)
[2026-01-28T10:44:10.335+0000][gc,heap     ] GC(119) Survivor regions: 5->5(77)
[2026-01-28T10:44:10.335+0000][gc,heap     ] GC(119) Old regions: 130->130
[2026-01-28T10:44:10.335+0000][gc,heap     ] GC(119) Humongous regions: 1->1
[2026-01-28T10:44:10.335+0000][gc,metaspace] GC(119) Metaspace: 11783K(12160K)->11783K(12160K) NonClass: 10677K(10816K)->10677K(10816K) Class: 1106K(1344K)->1106K(1344K)
[2026-01-28T10:44:10.335+0000][gc          ] GC(119) Pause Young (Normal) (G1 Evacuation Pause) 744M->135M(1024M) 6.483ms
[2026-01-28T10:44:10.335+0000][gc,cpu      ] GC(119) User=0.05s Sys=0.00s Real=0.01s
[2026-01-28T10:44:22.812+0000][gc,start    ] GC(120) Pause Young (Normal) (G1 Evacuation Pause)
[2026-01-28T10:44:22.813+0000][gc,task     ] GC(120) Using 10 workers of 10 for evacuation
[2026-01-28T10:44:22.816+0000][gc,phases   ] GC(120)   Pre Evacuate Collection Set: 0.3ms
[2026-01-28T10:44:22.816+0000][gc,phases   ] GC(120)   Merge Heap Roots: 0.2ms
[2026-01-28T10:44:22.816+0000][gc,phases   ] GC(120)   Evacuate Collection Set: 2.5ms
[2026-01-28T10:44:22.816+0000][gc,phases   ] GC(120)   Post Evacuate Collection Set: 0.4ms
[2026-01-28T10:44:22.816+0000][gc,phases   ] GC(120)   Other: 0.1ms
[2026-01-28T10:44:22.816+0000][gc,heap     ] GC(120) Eden regions: 609->0(609)
[2026-01-28T10:44:22.816+0000][gc,heap     ] GC(120) Survivor regions: 5->5(77)
[2026-01-28T10:44:22.816+0000][gc,heap     ] GC(120) Old regions: 130->130
[2026-01-28T10:44:22.816+0000][gc,heap     ] GC(120) Humongous regions: 1->1
[2026-01-28T10:44:22.817+0000][gc,metaspace] GC(120) Metaspace: 11784K(12160K)->11784K(12160K) NonClass: 10678K(10816K)->10678K(10816K) Class: 1106K(1344K)->1106K(1344K)
[2026-01-28T10:44:22.817+0000][gc          ] GC(120) Pause Young (Normal) (G1 Evacuation Pause) 744M->135M(1024M) 4.271ms
[2026-01-28T10:44:22.817+0000][gc,cpu      ] GC(120) User=0.03s Sys=0.00s Real=0.00s
[2026-01-28T10:44:35.014+0000][gc,start    ] GC(121) Pause Young (Normal) (G1 Evacuation Pause)
[2026-01-28T10:44:35.015+0000][gc,task     ] GC(121) Using 10 workers of 10 for evacuation
[2026-01-28T10:44:35.022+0000][gc,phases   ] GC(121)   Pre Evacuate Collection Set: 0.8ms
[2026-01-28T10:44:35.022+0000][gc,phases   ] GC(121)   Merge Heap Roots: 0.2ms
[2026-01-28T10:44:35.022+0000][gc,phases   ] GC(121)   Evacuate Collection Set: 4.8ms
[2026-01-28T10:44:35.022+0000][gc,phases   ] GC(121)   Post Evacuate Collection Set: 0.8ms
[2026-01-28T10:44:35.022+0000][gc,phases   ] GC(121)   Other: 0.1ms
[2026-01-28T10:44:35.022+0000][gc,heap     ] GC(121) Eden regions: 609->0(609)
[2026-01-28T10:44:35.023+0000][gc,heap     ] GC(121) Survivor regions: 5->5(77)
[2026-01-28T10:44:35.023+0000][gc,heap     ] GC(121) Old regions: 130->131
[2026-01-28T10:44:35.023+0000][gc,heap     ] GC(121) Humongous regions: 1->1
[2026-01-28T10:44:35.023+0000][gc,metaspace] GC(121) Metaspace: 11796K(12224K)->11796K(12224K) NonClass: 10690K(10880K)->10690K(10880K) Class: 1106K(1344K)->1106K(1344K)
[2026-01-28T10:44:35.023+0000][gc          ] GC(121) Pause Young (Normal) (G1 Evacuation Pause) 744M->136M(1024M) 8.391ms
[2026-01-28T10:44:35.023+0000][gc,cpu      ] GC(121) User=0.05s Sys=0.01s Real=0.01s
[2026-01-28T10:44:46.307+0000][gc,start    ] GC(122) Pause Young (Normal) (G1 Evacuation Pause)
[2026-01-28T10:44:46.307+0000][gc,task     ] GC(122) Using 10 workers of 10 for evacuation
[2026-01-28T10:44:46.320+0000][gc,phases   ] GC(122)   Pre Evacuate Collection Set: 0.9ms
[2026-01-28T10:44:46.320+0000][gc,phases   ] GC(122)   Merge Heap Roots: 0.3ms
[2026-01-28T10:44:46.320+0000][gc,phases   ] GC(122)   Evacuate Collection Set: 10.0ms
[2026-01-28T10:44:46.320+0000][gc,phases   ] GC(122)   Post Evacuate Collection Set: 1.0ms
[2026-01-28T10:44:46.320+0000][gc,phases   ] GC(122)   Other: 0.2ms
[2026-01-28T10:44:46.320+0000][gc,heap     ] GC(122) Eden regions: 609->0(609)
[2026-01-28T10:44:46.320+0000][gc,heap     ] GC(122) Survivor regions: 5->5(77)
[2026-01-28T10:44:46.320+0000][gc,heap     ] GC(122) Old regions: 131->131
[2026-01-28T10:44:46.320+0000][gc,heap     ] GC(122) Humongous regions: 1->1
[2026-01-28T10:44:46.320+0000][gc,metaspace] GC(122) Metaspace: 11798K(12224K)->11798K(12224K) NonClass: 10692K(10880K)->10692K(10880K) Class: 1106K(1344K)->1106K(1344K)
[2026-01-28T10:44:46.322+0000][gc          ] GC(122) Pause Young (Normal) (G1 Evacuation Pause) 745M->136M(1024M) 14.582ms
[2026-01-28T10:44:46.322+0000][gc,cpu      ] GC(122) User=0.11s Sys=0.00s Real=0.01s
[2026-01-28T10:44:59.510+0000][gc,start    ] GC(123) Pause Young (Normal) (G1 Evacuation Pause)
[2026-01-28T10:44:59.510+0000][gc,task     ] GC(123) Using 10 workers of 10 for evacuation
[2026-01-28T10:44:59.517+0000][gc,phases   ] GC(123)   Pre Evacuate Collection Set: 0.7ms
[2026-01-28T10:44:59.517+0000][gc,phases   ] GC(123)   Merge Heap Roots: 0.3ms
[2026-01-28T10:44:59.517+0000][gc,phases   ] GC(123)   Evacuate Collection Set: 4.8ms
[2026-01-28T10:44:59.517+0000][gc,phases   ] GC(123)   Post Evacuate Collection Set: 0.7ms
[2026-01-28T10:44:59.517+0000][gc,phases   ] GC(123)   Other: 0.1ms
[2026-01-28T10:44:59.517+0000][gc,heap     ] GC(123) Eden regions: 609->0(609)
[2026-01-28T10:44:59.517+0000][gc,heap     ] GC(123) Survivor regions: 5->5(77)
[2026-01-28T10:44:59.517+0000][gc,heap     ] GC(123) Old regions: 131->131
[2026-01-28T10:44:59.518+0000][gc,heap     ] GC(123) Humongous regions: 1->1
[2026-01-28T10:44:59.518+0000][gc,metaspace] GC(123) Metaspace: 11806K(12224K)->11806K(12224K) NonClass: 10699K(10880K)->10699K(10880K) Class: 1106K(1344K)->1106K(1344K)
[2026-01-28T10:44:59.518+0000][gc          ] GC(123) Pause Young (Normal) (G1 Evacuation Pause) 745M->136M(1024M) 7.610ms
[2026-01-28T10:44:59.518+0000][gc,cpu      ] GC(123) User=0.05s Sys=0.01s Real=0.01s
[2026-01-28T10:45:12.653+0000][gc,start    ] GC(124) Pause Young (Normal) (G1 Evacuation Pause)
[2026-01-28T10:45:12.654+0000][gc,task     ] GC(124) Using 10 workers of 10 for evacuation
[2026-01-28T10:45:12.662+0000][gc,phases   ] GC(124)   Pre Evacuate Collection Set: 1.1ms
[2026-01-28T10:45:12.662+0000][gc,phases   ] GC(124)   Merge Heap Roots: 0.3ms
[2026-01-28T10:45:12.662+0000][gc,phases   ] GC(124)   Evacuate Collection Set: 5.7ms
[2026-01-28T10:45:12.662+0000][gc,phases   ] GC(124)   Post Evacuate Collection Set: 0.8ms
[2026-01-28T10:45:12.662+0000][gc,phases   ] GC(124)   Other: 0.2ms
[2026-01-28T10:45:12.662+0000][gc,heap     ] GC(124) Eden regions: 609->0(609)
[2026-01-28T10:45:12.663+0000][gc,heap     ] GC(124) Survivor regions: 5->5(77)
[2026-01-28T10:45:12.663+0000][gc,heap     ] GC(124) Old regions: 131->132
[2026-01-28T10:45:12.663+0000][gc,heap     ] GC(124) Humongous regions: 1->1
[2026-01-28T10:45:12.663+0000][gc,metaspace] GC(124) Metaspace: 11822K(12224K)->11822K(12224K) NonClass: 10716K(10880K)->10716K(10880K) Class: 1106K(1344K)->1106K(1344K)
[2026-01-28T10:45:12.663+0000][gc          ] GC(124) Pause Young (Normal) (G1 Evacuation Pause) 745M->136M(1024M) 9.644ms
[2026-01-28T10:45:12.663+0000][gc,cpu      ] GC(124) User=0.07s Sys=0.00s Real=0.01s
[2026-01-28T10:45:25.008+0000][gc,start    ] GC(125) Pause Young (Normal) (G1 Evacuation Pause)
[2026-01-28T10:45:25.009+0000][gc,task     ] GC(125) Using 10 workers of 10 for evacuation
[2026-01-28T10:45:25.013+0000][gc,phases   ] GC(125)   Pre Evacuate Collection Set: 0.7ms
[2026-01-28T10:45:25.013+0000][gc,phases   ] GC(125)   Merge Heap Roots: 0.2ms
[2026-01-28T10:45:25.013+0000][gc,phases   ] GC(125)   Evacuate Collection Set: 3.3ms
[2026-01-28T10:45:25.013+0000][gc,phases   ] GC(125)   Post Evacuate Collection Set: 0.4ms
[2026-01-28T10:45:25.014+0000][gc,phases   ] GC(125)   Other: 0.1ms
[2026-01-28T10:45:25.014+0000][gc,heap     ] GC(125) Eden regions: 609->0(609)
[2026-01-28T10:45:25.014+0000][gc,heap     ] GC(125) Survivor regions: 5->5(77)
[2026-01-28T10:45:25.014+0000][gc,heap     ] GC(125) Old regions: 132->132
[2026-01-28T10:45:25.014+0000][gc,heap     ] GC(125) Humongous regions: 1->1
[2026-01-28T10:45:25.014+0000][gc,metaspace] GC(125) Metaspace: 11830K(12224K)->11830K(12224K) NonClass: 10724K(10880K)->10724K(10880K) Class: 1106K(1344K)->1106K(1344K)
[2026-01-28T10:45:25.014+0000][gc          ] GC(125) Pause Young (Normal) (G1 Evacuation Pause) 745M->137M(1024M) 5.522ms
[2026-01-28T10:45:25.014+0000][gc,cpu      ] GC(125) User=0.04s Sys=0.00s Real=0.01s
[2026-01-28T10:45:35.850+0000][gc,start    ] GC(126) Pause Young (Normal) (G1 Evacuation Pause)
[2026-01-28T10:45:35.851+0000][gc,task     ] GC(126) Using 10 workers of 10 for evacuation
[2026-01-28T10:45:35.857+0000][gc,phases   ] GC(126)   Pre Evacuate Collection Set: 0.6ms
[2026-01-28T10:45:35.857+0000][gc,phases   ] GC(126)   Merge Heap Roots: 0.2ms
[2026-01-28T10:45:35.857+0000][gc,phases   ] GC(126)   Evacuate Collection Set: 4.1ms
[2026-01-28T10:45:35.857+0000][gc,phases   ] GC(126)   Post Evacuate Collection Set: 0.6ms
[2026-01-28T10:45:35.857+0000][gc,phases   ] GC(126)   Other: 0.1ms
[2026-01-28T10:45:35.857+0000][gc,heap     ] GC(126) Eden regions: 609->0(609)
[2026-01-28T10:45:35.857+0000][gc,heap     ] GC(126) Survivor regions: 5->5(77)
[2026-01-28T10:45:35.857+0000][gc,heap     ] GC(126) Old regions: 132->132
[2026-01-28T10:45:35.857+0000][gc,heap     ] GC(126) Humongous regions: 1->1
[2026-01-28T10:45:35.857+0000][gc,metaspace] GC(126) Metaspace: 11835K(12224K)->11835K(12224K) NonClass: 10728K(10880K)->10728K(10880K) Class: 1106K(1344K)->1106K(1344K)
[2026-01-28T10:45:35.857+0000][gc          ] GC(126) Pause Young (Normal) (G1 Evacuation Pause) 746M->137M(1024M) 7.301ms
[2026-01-28T10:45:35.857+0000][gc,cpu      ] GC(126) User=0.04s Sys=0.00s Real=0.01s
[2026-01-28T10:45:49.186+0000][gc,start    ] GC(127) Pause Young (Normal) (G1 Evacuation Pause)
[2026-01-28T10:45:49.189+0000][gc,task     ] GC(127) Using 10 workers of 10 for evacuation
[2026-01-28T10:45:49.206+0000][gc,phases   ] GC(127)   Pre Evacuate Collection Set: 2.4ms
[2026-01-28T10:45:49.206+0000][gc,phases   ] GC(127)   Merge Heap Roots: 0.8ms
[2026-01-28T10:45:49.206+0000][gc,phases   ] GC(127)   Evacuate Collection Set: 11.6ms
[2026-01-28T10:45:49.206+0000][gc,phases   ] GC(127)   Post Evacuate Collection Set: 1.8ms
[2026-01-28T10:45:49.206+0000][gc,phases   ] GC(127)   Other: 0.4ms
[2026-01-28T10:45:49.206+0000][gc,heap     ] GC(127) Eden regions: 609->0(609)
[2026-01-28T10:45:49.206+0000][gc,heap     ] GC(127) Survivor regions: 5->5(77)
[2026-01-28T10:45:49.207+0000][gc,heap     ] GC(127) Old regions: 132->133
[2026-01-28T10:45:49.207+0000][gc,heap     ] GC(127) Humongous regions: 1->1
[2026-01-28T10:45:49.207+0000][gc,metaspace] GC(127) Metaspace: 11835K(12224K)->11835K(12224K) NonClass: 10728K(10880K)->10728K(10880K) Class: 1106K(1344K)->1106K(1344K)
[2026-01-28T10:45:49.207+0000][gc          ] GC(127) Pause Young (Normal) (G1 Evacuation Pause) 746M->137M(1024M) 20.987ms
[2026-01-28T10:45:49.207+0000][gc,cpu      ] GC(127) User=0.14s Sys=0.00s Real=0.02s
[2026-01-28T10:46:02.503+0000][gc,start    ] GC(128) Pause Young (Normal) (G1 Evacuation Pause)
[2026-01-28T10:46:02.503+0000][gc,task     ] GC(128) Using 10 workers of 10 for evacuation
[2026-01-28T10:46:02.515+0000][gc,phases   ] GC(128)   Pre Evacuate Collection Set: 0.8ms
[2026-01-28T10:46:02.515+0000][gc,phases   ] GC(128)   Merge Heap Roots: 0.3ms
[2026-01-28T10:46:02.515+0000][gc,phases   ] GC(128)   Evacuate Collection Set: 7.0ms
[2026-01-28T10:46:02.516+0000][gc,phases   ] GC(128)   Post Evacuate Collection Set: 3.8ms
[2026-01-28T10:46:02.516+0000][gc,phases   ] GC(128)   Other: 0.2ms
[2026-01-28T10:46:02.516+0000][gc,heap     ] GC(128) Eden regions: 609->0(609)
[2026-01-28T10:46:02.516+0000][gc,heap     ] GC(128) Survivor regions: 5->5(77)
[2026-01-28T10:46:02.516+0000][gc,heap     ] GC(128) Old regions: 133->133
[2026-01-28T10:46:02.516+0000][gc,heap     ] GC(128) Humongous regions: 1->1
[2026-01-28T10:46:02.516+0000][gc,metaspace] GC(128) Metaspace: 11842K(12224K)->11842K(12224K) NonClass: 10735K(10880K)->10735K(10880K) Class: 1106K(1344K)->1106K(1344K)
[2026-01-28T10:46:02.516+0000][gc          ] GC(128) Pause Young (Normal) (G1 Evacuation Pause) 746M->137M(1024M) 13.312ms
[2026-01-28T10:46:02.516+0000][gc,cpu      ] GC(128) User=0.09s Sys=0.00s Real=0.01s
[2026-01-28T10:46:15.024+0000][gc,start    ] GC(129) Pause Young (Normal) (G1 Evacuation Pause)
[2026-01-28T10:46:15.025+0000][gc,task     ] GC(129) Using 10 workers of 10 for evacuation
[2026-01-28T10:46:15.039+0000][gc,phases   ] GC(129)   Pre Evacuate Collection Set: 1.4ms
[2026-01-28T10:46:15.039+0000][gc,phases   ] GC(129)   Merge Heap Roots: 1.6ms
[2026-01-28T10:46:15.039+0000][gc,phases   ] GC(129)   Evacuate Collection Set: 10.0ms
[2026-01-28T10:46:15.039+0000][gc,phases   ] GC(129)   Post Evacuate Collection Set: 1.1ms
[2026-01-28T10:46:15.039+0000][gc,phases   ] GC(129)   Other: 0.2ms
[2026-01-28T10:46:15.039+0000][gc,heap     ] GC(129) Eden regions: 609->0(609)
[2026-01-28T10:46:15.039+0000][gc,heap     ] GC(129) Survivor regions: 5->5(77)
[2026-01-28T10:46:15.039+0000][gc,heap     ] GC(129) Old regions: 133->133
[2026-01-28T10:46:15.039+0000][gc,heap     ] GC(129) Humongous regions: 1->1
[2026-01-28T10:46:15.039+0000][gc,metaspace] GC(129) Metaspace: 11844K(12224K)->11844K(12224K) NonClass: 10738K(10880K)->10738K(10880K) Class: 1106K(1344K)->1106K(1344K)
[2026-01-28T10:46:15.039+0000][gc          ] GC(129) Pause Young (Normal) (G1 Evacuation Pause) 746M->138M(1024M) 15.040ms
[2026-01-28T10:46:15.039+0000][gc,cpu      ] GC(129) User=0.11s Sys=0.00s Real=0.01s
[2026-01-28T10:46:26.134+0000][gc,start    ] GC(130) Pause Young (Normal) (G1 Evacuation Pause)
[2026-01-28T10:46:26.135+0000][gc,task     ] GC(130) Using 10 workers of 10 for evacuation
[2026-01-28T10:46:26.145+0000][gc,phases   ] GC(130)   Pre Evacuate Collection Set: 0.9ms
[2026-01-28T10:46:26.145+0000][gc,phases   ] GC(130)   Merge Heap Roots: 2.1ms
[2026-01-28T10:46:26.145+0000][gc,phases   ] GC(130)   Evacuate Collection Set: 6.1ms
[2026-01-28T10:46:26.145+0000][gc,phases   ] GC(130)   Post Evacuate Collection Set: 0.7ms
[2026-01-28T10:46:26.145+0000][gc,phases   ] GC(130)   Other: 0.1ms
[2026-01-28T10:46:26.145+0000][gc,heap     ] GC(130) Eden regions: 609->0(609)
[2026-01-28T10:46:26.145+0000][gc,heap     ] GC(130) Survivor regions: 5->5(77)
[2026-01-28T10:46:26.145+0000][gc,heap     ] GC(130) Old regions: 133->134
[2026-01-28T10:46:26.145+0000][gc,heap     ] GC(130) Humongous regions: 1->1
[2026-01-28T10:46:26.145+0000][gc,metaspace] GC(130) Metaspace: 11844K(12224K)->11844K(12224K) NonClass: 10738K(10880K)->10738K(10880K) Class: 1106K(1344K)->1106K(1344K)
[2026-01-28T10:46:26.145+0000][gc          ] GC(130) Pause Young (Normal) (G1 Evacuation Pause) 747M->138M(1024M) 10.671ms
[2026-01-28T10:46:26.145+0000][gc,cpu      ] GC(130) User=0.08s Sys=0.00s Real=0.01s
[2026-01-28T10:46:39.137+0000][gc,start    ] GC(131) Pause Young (Normal) (G1 Evacuation Pause)
[2026-01-28T10:46:39.139+0000][gc,task     ] GC(131) Using 10 workers of 10 for evacuation
[2026-01-28T10:46:39.149+0000][gc,phases   ] GC(131)   Pre Evacuate Collection Set: 0.8ms
[2026-01-28T10:46:39.149+0000][gc,phases   ] GC(131)   Merge Heap Roots: 0.8ms
[2026-01-28T10:46:39.149+0000][gc,phases   ] GC(131)   Evacuate Collection Set: 6.5ms
[2026-01-28T10:46:39.149+0000][gc,phases   ] GC(131)   Post Evacuate Collection Set: 1.9ms
[2026-01-28T10:46:39.149+0000][gc,phases   ] GC(131)   Other: 0.2ms
[2026-01-28T10:46:39.149+0000][gc,heap     ] GC(131) Eden regions: 609->0(609)
[2026-01-28T10:46:39.149+0000][gc,heap     ] GC(131) Survivor regions: 5->5(77)
[2026-01-28T10:46:39.149+0000][gc,heap     ] GC(131) Old regions: 134->134
[2026-01-28T10:46:39.149+0000][gc,heap     ] GC(131) Humongous regions: 1->1
[2026-01-28T10:46:39.149+0000][gc,metaspace] GC(131) Metaspace: 11852K(12224K)->11852K(12224K) NonClass: 10745K(10880K)->10745K(10880K) Class: 1106K(1344K)->1106K(1344K)
[2026-01-28T10:46:39.149+0000][gc          ] GC(131) Pause Young (Normal) (G1 Evacuation Pause) 747M->139M(1024M) 12.020ms
[2026-01-28T10:46:39.150+0000][gc,cpu      ] GC(131) User=0.08s Sys=0.01s Real=0.01s
[2026-01-28T10:46:52.696+0000][gc,start    ] GC(132) Pause Young (Normal) (G1 Evacuation Pause)
[2026-01-28T10:46:52.696+0000][gc,task     ] GC(132) Using 10 workers of 10 for evacuation
[2026-01-28T10:46:52.713+0000][gc,phases   ] GC(132)   Pre Evacuate Collection Set: 0.7ms
[2026-01-28T10:46:52.713+0000][gc,phases   ] GC(132)   Merge Heap Roots: 0.3ms
[2026-01-28T10:46:52.713+0000][gc,phases   ] GC(132)   Evacuate Collection Set: 12.7ms
[2026-01-28T10:46:52.713+0000][gc,phases   ] GC(132)   Post Evacuate Collection Set: 2.2ms
[2026-01-28T10:46:52.713+0000][gc,phases   ] GC(132)   Other: 0.1ms
[2026-01-28T10:46:52.713+0000][gc,heap     ] GC(132) Eden regions: 609->0(609)
[2026-01-28T10:46:52.713+0000][gc,heap     ] GC(132) Survivor regions: 5->5(77)
[2026-01-28T10:46:52.713+0000][gc,heap     ] GC(132) Old regions: 134->134
[2026-01-28T10:46:52.713+0000][gc,heap     ] GC(132) Humongous regions: 1->1
[2026-01-28T10:46:52.713+0000][gc,metaspace] GC(132) Metaspace: 11852K(12224K)->11852K(12224K) NonClass: 10745K(10880K)->10745K(10880K) Class: 1106K(1344K)->1106K(1344K)
[2026-01-28T10:46:52.713+0000][gc          ] GC(132) Pause Young (Normal) (G1 Evacuation Pause) 748M->139M(1024M) 17.112ms
[2026-01-28T10:46:52.713+0000][gc,cpu      ] GC(132) User=0.14s Sys=0.00s Real=0.02s
[2026-01-28T10:47:05.171+0000][gc,start    ] GC(133) Pause Young (Normal) (G1 Evacuation Pause)
[2026-01-28T10:47:05.172+0000][gc,task     ] GC(133) Using 10 workers of 10 for evacuation
[2026-01-28T10:47:05.184+0000][gc,phases   ] GC(133)   Pre Evacuate Collection Set: 0.8ms
[2026-01-28T10:47:05.185+0000][gc,phases   ] GC(133)   Merge Heap Roots: 0.3ms
[2026-01-28T10:47:05.185+0000][gc,phases   ] GC(133)   Evacuate Collection Set: 9.3ms
[2026-01-28T10:47:05.185+0000][gc,phases   ] GC(133)   Post Evacuate Collection Set: 2.3ms
[2026-01-28T10:47:05.185+0000][gc,phases   ] GC(133)   Other: 0.2ms
[2026-01-28T10:47:05.185+0000][gc,heap     ] GC(133) Eden regions: 609->0(608)
[2026-01-28T10:47:05.185+0000][gc,heap     ] GC(133) Survivor regions: 5->6(77)
[2026-01-28T10:47:05.185+0000][gc,heap     ] GC(133) Old regions: 134->134
[2026-01-28T10:47:05.185+0000][gc,heap     ] GC(133) Humongous regions: 1->1
[2026-01-28T10:47:05.185+0000][gc,metaspace] GC(133) Metaspace: 11881K(12288K)->11881K(12288K) NonClass: 10774K(10944K)->10774K(10944K) Class: 1106K(1344K)->1106K(1344K)
[2026-01-28T10:47:05.185+0000][gc          ] GC(133) Pause Young (Normal) (G1 Evacuation Pause) 748M->140M(1024M) 14.421ms
[2026-01-28T10:47:05.185+0000][gc,cpu      ] GC(133) User=0.11s Sys=0.00s Real=0.02s
[2026-01-28T10:47:16.766+0000][gc,start    ] GC(134) Pause Young (Normal) (G1 Evacuation Pause)
[2026-01-28T10:47:16.768+0000][gc,task     ] GC(134) Using 10 workers of 10 for evacuation
[2026-01-28T10:47:16.779+0000][gc,phases   ] GC(134)   Pre Evacuate Collection Set: 0.7ms
[2026-01-28T10:47:16.779+0000][gc,phases   ] GC(134)   Merge Heap Roots: 0.7ms
[2026-01-28T10:47:16.779+0000][gc,phases   ] GC(134)   Evacuate Collection Set: 9.1ms
[2026-01-28T10:47:16.779+0000][gc,phases   ] GC(134)   Post Evacuate Collection Set: 0.8ms
[2026-01-28T10:47:16.779+0000][gc,phases   ] GC(134)   Other: 0.2ms
[2026-01-28T10:47:16.779+0000][gc,heap     ] GC(134) Eden regions: 608->0(609)
[2026-01-28T10:47:16.779+0000][gc,heap     ] GC(134) Survivor regions: 6->5(77)
[2026-01-28T10:47:16.779+0000][gc,heap     ] GC(134) Old regions: 134->135
[2026-01-28T10:47:16.779+0000][gc,heap     ] GC(134) Humongous regions: 1->1
[2026-01-28T10:47:16.780+0000][gc,metaspace] GC(134) Metaspace: 11920K(12352K)->11920K(12352K) NonClass: 10808K(11008K)->10808K(11008K) Class: 1111K(1344K)->1111K(1344K)
[2026-01-28T10:47:16.780+0000][gc          ] GC(134) Pause Young (Normal) (G1 Evacuation Pause) 748M->140M(1024M) 13.184ms
[2026-01-28T10:47:16.780+0000][gc,cpu      ] GC(134) User=0.10s Sys=0.00s Real=0.01s
[2026-01-28T10:47:29.670+0000][gc,start    ] GC(135) Pause Young (Normal) (G1 Evacuation Pause)
[2026-01-28T10:47:29.671+0000][gc,task     ] GC(135) Using 10 workers of 10 for evacuation
[2026-01-28T10:47:29.693+0000][gc,phases   ] GC(135)   Pre Evacuate Collection Set: 1.8ms
[2026-01-28T10:47:29.693+0000][gc,phases   ] GC(135)   Merge Heap Roots: 0.8ms
[2026-01-28T10:47:29.693+0000][gc,phases   ] GC(135)   Evacuate Collection Set: 18.4ms
[2026-01-28T10:47:29.694+0000][gc,phases   ] GC(135)   Post Evacuate Collection Set: 0.9ms
[2026-01-28T10:47:29.694+0000][gc,phases   ] GC(135)   Other: 0.2ms
[2026-01-28T10:47:29.694+0000][gc,heap     ] GC(135) Eden regions: 609->0(609)
[2026-01-28T10:47:29.694+0000][gc,heap     ] GC(135) Survivor regions: 5->5(77)
[2026-01-28T10:47:29.694+0000][gc,heap     ] GC(135) Old regions: 135->135
[2026-01-28T10:47:29.694+0000][gc,heap     ] GC(135) Humongous regions: 1->1
[2026-01-28T10:47:29.694+0000][gc,metaspace] GC(135) Metaspace: 11927K(12352K)->11927K(12352K) NonClass: 10815K(11008K)->10815K(11008K) Class: 1111K(1344K)->1111K(1344K)
[2026-01-28T10:47:29.694+0000][gc          ] GC(135) Pause Young (Normal) (G1 Evacuation Pause) 749M->140M(1024M) 23.818ms
[2026-01-28T10:47:29.694+0000][gc,cpu      ] GC(135) User=0.20s Sys=0.01s Real=0.03s
[2026-01-28T10:47:42.491+0000][gc,start    ] GC(136) Pause Young (Normal) (G1 Evacuation Pause)
[2026-01-28T10:47:42.492+0000][gc,task     ] GC(136) Using 10 workers of 10 for evacuation
[2026-01-28T10:47:42.498+0000][gc,phases   ] GC(136)   Pre Evacuate Collection Set: 0.8ms
[2026-01-28T10:47:42.498+0000][gc,phases   ] GC(136)   Merge Heap Roots: 0.2ms
[2026-01-28T10:47:42.498+0000][gc,phases   ] GC(136)   Evacuate Collection Set: 3.7ms
[2026-01-28T10:47:42.498+0000][gc,phases   ] GC(136)   Post Evacuate Collection Set: 0.6ms
[2026-01-28T10:47:42.498+0000][gc,phases   ] GC(136)   Other: 0.1ms
[2026-01-28T10:47:42.498+0000][gc,heap     ] GC(136) Eden regions: 609->0(609)
[2026-01-28T10:47:42.498+0000][gc,heap     ] GC(136) Survivor regions: 5->5(77)
[2026-01-28T10:47:42.498+0000][gc,heap     ] GC(136) Old regions: 135->135
[2026-01-28T10:47:42.498+0000][gc,heap     ] GC(136) Humongous regions: 1->1
[2026-01-28T10:47:42.498+0000][gc,metaspace] GC(136) Metaspace: 11927K(12352K)->11927K(12352K) NonClass: 10815K(11008K)->10815K(11008K) Class: 1111K(1344K)->1111K(1344K)
[2026-01-28T10:47:42.498+0000][gc          ] GC(136) Pause Young (Normal) (G1 Evacuation Pause) 749M->140M(1024M) 6.854ms
[2026-01-28T10:47:42.498+0000][gc,cpu      ] GC(136) User=0.04s Sys=0.01s Real=0.01s
[2026-01-28T10:47:55.087+0000][gc,start    ] GC(137) Pause Young (Normal) (G1 Evacuation Pause)
[2026-01-28T10:47:55.087+0000][gc,task     ] GC(137) Using 10 workers of 10 for evacuation
[2026-01-28T10:47:55.093+0000][gc,phases   ] GC(137)   Pre Evacuate Collection Set: 0.6ms
[2026-01-28T10:47:55.093+0000][gc,phases   ] GC(137)   Merge Heap Roots: 0.3ms
[2026-01-28T10:47:55.094+0000][gc,phases   ] GC(137)   Evacuate Collection Set: 4.4ms
[2026-01-28T10:47:55.094+0000][gc,phases   ] GC(137)   Post Evacuate Collection Set: 0.6ms
[2026-01-28T10:47:55.094+0000][gc,phases   ] GC(137)   Other: 0.2ms
[2026-01-28T10:47:55.094+0000][gc,heap     ] GC(137) Eden regions: 609->0(608)
[2026-01-28T10:47:55.094+0000][gc,heap     ] GC(137) Survivor regions: 5->6(77)
[2026-01-28T10:47:55.094+0000][gc,heap     ] GC(137) Old regions: 135->136
[2026-01-28T10:47:55.094+0000][gc,heap     ] GC(137) Humongous regions: 1->1
[2026-01-28T10:47:55.094+0000][gc,metaspace] GC(137) Metaspace: 11928K(12352K)->11928K(12352K) NonClass: 10817K(11008K)->10817K(11008K) Class: 1111K(1344K)->1111K(1344K)
[2026-01-28T10:47:55.094+0000][gc          ] GC(137) Pause Young (Normal) (G1 Evacuation Pause) 749M->141M(1024M) 6.598ms
[2026-01-28T10:47:55.094+0000][gc,cpu      ] GC(137) User=0.05s Sys=0.00s Real=0.01s
[2026-01-28T10:48:07.008+0000][gc,start    ] GC(138) Pause Young (Normal) (G1 Evacuation Pause)
[2026-01-28T10:48:07.009+0000][gc,task     ] GC(138) Using 10 workers of 10 for evacuation
[2026-01-28T10:48:07.017+0000][gc,phases   ] GC(138)   Pre Evacuate Collection Set: 0.6ms
[2026-01-28T10:48:07.017+0000][gc,phases   ] GC(138)   Merge Heap Roots: 0.2ms
[2026-01-28T10:48:07.017+0000][gc,phases   ] GC(138)   Evacuate Collection Set: 5.8ms
[2026-01-28T10:48:07.017+0000][gc,phases   ] GC(138)   Post Evacuate Collection Set: 0.9ms
[2026-01-28T10:48:07.017+0000][gc,phases   ] GC(138)   Other: 0.1ms
[2026-01-28T10:48:07.017+0000][gc,heap     ] GC(138) Eden regions: 608->0(609)
[2026-01-28T10:48:07.017+0000][gc,heap     ] GC(138) Survivor regions: 6->5(77)
[2026-01-28T10:48:07.017+0000][gc,heap     ] GC(138) Old regions: 136->136
[2026-01-28T10:48:07.017+0000][gc,heap     ] GC(138) Humongous regions: 1->1
[2026-01-28T10:48:07.017+0000][gc,metaspace] GC(138) Metaspace: 11930K(12352K)->11930K(12352K) NonClass: 10819K(11008K)->10819K(11008K) Class: 1111K(1344K)->1111K(1344K)
[2026-01-28T10:48:07.018+0000][gc          ] GC(138) Pause Young (Normal) (G1 Evacuation Pause) 749M->141M(1024M) 9.241ms
[2026-01-28T10:48:07.018+0000][gc,cpu      ] GC(138) User=0.06s Sys=0.00s Real=0.01s
[2026-01-28T10:48:20.075+0000][gc,start    ] GC(139) Pause Young (Normal) (G1 Evacuation Pause)
[2026-01-28T10:48:20.076+0000][gc,task     ] GC(139) Using 10 workers of 10 for evacuation
[2026-01-28T10:48:20.087+0000][gc,phases   ] GC(139)   Pre Evacuate Collection Set: 1.6ms
[2026-01-28T10:48:20.087+0000][gc,phases   ] GC(139)   Merge Heap Roots: 0.9ms
[2026-01-28T10:48:20.087+0000][gc,phases   ] GC(139)   Evacuate Collection Set: 7.7ms
[2026-01-28T10:48:20.087+0000][gc,phases   ] GC(139)   Post Evacuate Collection Set: 1.1ms
[2026-01-28T10:48:20.088+0000][gc,phases   ] GC(139)   Other: 0.2ms
[2026-01-28T10:48:20.088+0000][gc,heap     ] GC(139) Eden regions: 609->0(609)
[2026-01-28T10:48:20.088+0000][gc,heap     ] GC(139) Survivor regions: 5->5(77)
[2026-01-28T10:48:20.088+0000][gc,heap     ] GC(139) Old regions: 136->136
[2026-01-28T10:48:20.088+0000][gc,heap     ] GC(139) Humongous regions: 1->1
[2026-01-28T10:48:20.088+0000][gc,metaspace] GC(139) Metaspace: 11933K(12352K)->11933K(12352K) NonClass: 10821K(11008K)->10821K(11008K) Class: 1111K(1344K)->1111K(1344K)
[2026-01-28T10:48:20.088+0000][gc          ] GC(139) Pause Young (Normal) (G1 Evacuation Pause) 750M->141M(1024M) 12.906ms
[2026-01-28T10:48:20.088+0000][gc,cpu      ] GC(139) User=0.09s Sys=0.00s Real=0.01s
[2026-01-28T10:48:33.242+0000][gc,start    ] GC(140) Pause Young (Normal) (G1 Evacuation Pause)
[2026-01-28T10:48:33.242+0000][gc,task     ] GC(140) Using 10 workers of 10 for evacuation
[2026-01-28T10:48:33.252+0000][gc,phases   ] GC(140)   Pre Evacuate Collection Set: 0.7ms
[2026-01-28T10:48:33.252+0000][gc,phases   ] GC(140)   Merge Heap Roots: 0.3ms
[2026-01-28T10:48:33.252+0000][gc,phases   ] GC(140)   Evacuate Collection Set: 7.4ms
[2026-01-28T10:48:33.252+0000][gc,phases   ] GC(140)   Post Evacuate Collection Set: 1.2ms
[2026-01-28T10:48:33.253+0000][gc,phases   ] GC(140)   Other: 0.2ms
[2026-01-28T10:48:33.253+0000][gc,heap     ] GC(140) Eden regions: 609->0(609)
[2026-01-28T10:48:33.253+0000][gc,heap     ] GC(140) Survivor regions: 5->5(77)
[2026-01-28T10:48:33.253+0000][gc,heap     ] GC(140) Old regions: 136->137
[2026-01-28T10:48:33.253+0000][gc,heap     ] GC(140) Humongous regions: 1->1
[2026-01-28T10:48:33.253+0000][gc,metaspace] GC(140) Metaspace: 11933K(12352K)->11933K(12352K) NonClass: 10821K(11008K)->10821K(11008K) Class: 1111K(1344K)->1111K(1344K)
[2026-01-28T10:48:33.253+0000][gc          ] GC(140) Pause Young (Normal) (G1 Evacuation Pause) 750M->141M(1024M) 10.820ms
[2026-01-28T10:48:33.253+0000][gc,cpu      ] GC(140) User=0.08s Sys=0.00s Real=0.01s
[2026-01-28T10:48:45.094+0000][gc,start    ] GC(141) Pause Young (Normal) (G1 Evacuation Pause)
[2026-01-28T10:48:45.095+0000][gc,task     ] GC(141) Using 10 workers of 10 for evacuation
[2026-01-28T10:48:45.110+0000][gc,phases   ] GC(141)   Pre Evacuate Collection Set: 0.7ms
[2026-01-28T10:48:45.111+0000][gc,phases   ] GC(141)   Merge Heap Roots: 0.3ms
[2026-01-28T10:48:45.111+0000][gc,phases   ] GC(141)   Evacuate Collection Set: 12.9ms
[2026-01-28T10:48:45.111+0000][gc,phases   ] GC(141)   Post Evacuate Collection Set: 1.6ms
[2026-01-28T10:48:45.111+0000][gc,phases   ] GC(141)   Other: 0.1ms
[2026-01-28T10:48:45.111+0000][gc,heap     ] GC(141) Eden regions: 609->0(608)
[2026-01-28T10:48:45.111+0000][gc,heap     ] GC(141) Survivor regions: 5->6(77)
[2026-01-28T10:48:45.111+0000][gc,heap     ] GC(141) Old regions: 137->137
[2026-01-28T10:48:45.111+0000][gc,heap     ] GC(141) Humongous regions: 1->1
[2026-01-28T10:48:45.111+0000][gc,metaspace] GC(141) Metaspace: 11940K(12352K)->11940K(12352K) NonClass: 10829K(11008K)->10829K(11008K) Class: 1111K(1344K)->1111K(1344K)
[2026-01-28T10:48:45.111+0000][gc          ] GC(141) Pause Young (Normal) (G1 Evacuation Pause) 750M->143M(1024M) 17.309ms
[2026-01-28T10:48:45.111+0000][gc,cpu      ] GC(141) User=0.14s Sys=0.00s Real=0.02s
[2026-01-28T10:48:57.522+0000][gc,start    ] GC(142) Pause Young (Normal) (G1 Evacuation Pause)
[2026-01-28T10:48:57.523+0000][gc,task     ] GC(142) Using 10 workers of 10 for evacuation
[2026-01-28T10:48:57.528+0000][gc,phases   ] GC(142)   Pre Evacuate Collection Set: 0.6ms
[2026-01-28T10:48:57.529+0000][gc,phases   ] GC(142)   Merge Heap Roots: 0.2ms
[2026-01-28T10:48:57.529+0000][gc,phases   ] GC(142)   Evacuate Collection Set: 4.1ms
[2026-01-28T10:48:57.529+0000][gc,phases   ] GC(142)   Post Evacuate Collection Set: 0.7ms
[2026-01-28T10:48:57.529+0000][gc,phases   ] GC(142)   Other: 0.2ms
[2026-01-28T10:48:57.529+0000][gc,heap     ] GC(142) Eden regions: 608->0(609)
[2026-01-28T10:48:57.529+0000][gc,heap     ] GC(142) Survivor regions: 6->5(77)
[2026-01-28T10:48:57.529+0000][gc,heap     ] GC(142) Old regions: 137->137
[2026-01-28T10:48:57.529+0000][gc,heap     ] GC(142) Humongous regions: 1->1
[2026-01-28T10:48:57.529+0000][gc,metaspace] GC(142) Metaspace: 11940K(12352K)->11940K(12352K) NonClass: 10829K(11008K)->10829K(11008K) Class: 1111K(1344K)->1111K(1344K)
[2026-01-28T10:48:57.529+0000][gc          ] GC(142) Pause Young (Normal) (G1 Evacuation Pause) 751M->142M(1024M) 7.372ms
[2026-01-28T10:48:57.529+0000][gc,cpu      ] GC(142) User=0.05s Sys=0.00s Real=0.00s
[2026-01-28T10:49:10.608+0000][gc,start    ] GC(143) Pause Young (Normal) (G1 Evacuation Pause)
[2026-01-28T10:49:10.609+0000][gc,task     ] GC(143) Using 10 workers of 10 for evacuation
[2026-01-28T10:49:10.624+0000][gc,phases   ] GC(143)   Pre Evacuate Collection Set: 1.8ms
[2026-01-28T10:49:10.624+0000][gc,phases   ] GC(143)   Merge Heap Roots: 0.7ms
[2026-01-28T10:49:10.624+0000][gc,phases   ] GC(143)   Evacuate Collection Set: 11.1ms
[2026-01-28T10:49:10.624+0000][gc,phases   ] GC(143)   Post Evacuate Collection Set: 0.9ms
[2026-01-28T10:49:10.624+0000][gc,phases   ] GC(143)   Other: 0.3ms
[2026-01-28T10:49:10.624+0000][gc,heap     ] GC(143) Eden regions: 609->0(609)
[2026-01-28T10:49:10.624+0000][gc,heap     ] GC(143) Survivor regions: 5->5(77)
[2026-01-28T10:49:10.624+0000][gc,heap     ] GC(143) Old regions: 137->138
[2026-01-28T10:49:10.624+0000][gc,heap     ] GC(143) Humongous regions: 1->1
[2026-01-28T10:49:10.624+0000][gc,metaspace] GC(143) Metaspace: 11943K(12352K)->11943K(12352K) NonClass: 10832K(11008K)->10832K(11008K) Class: 1111K(1344K)->1111K(1344K)
[2026-01-28T10:49:10.624+0000][gc          ] GC(143) Pause Young (Normal) (G1 Evacuation Pause) 751M->142M(1024M) 16.600ms
[2026-01-28T10:49:10.624+0000][gc,cpu      ] GC(143) User=0.13s Sys=0.00s Real=0.02s
[2026-01-28T10:49:23.527+0000][gc,start    ] GC(144) Pause Young (Normal) (G1 Evacuation Pause)
[2026-01-28T10:49:23.528+0000][gc,task     ] GC(144) Using 10 workers of 10 for evacuation
[2026-01-28T10:49:23.537+0000][gc,phases   ] GC(144)   Pre Evacuate Collection Set: 0.7ms
[2026-01-28T10:49:23.537+0000][gc,phases   ] GC(144)   Merge Heap Roots: 0.2ms
[2026-01-28T10:49:23.537+0000][gc,phases   ] GC(144)   Evacuate Collection Set: 4.4ms
[2026-01-28T10:49:23.537+0000][gc,phases   ] GC(144)   Post Evacuate Collection Set: 3.6ms
[2026-01-28T10:49:23.537+0000][gc,phases   ] GC(144)   Other: 0.2ms
[2026-01-28T10:49:23.537+0000][gc,heap     ] GC(144) Eden regions: 609->0(609)
[2026-01-28T10:49:23.537+0000][gc,heap     ] GC(144) Survivor regions: 5->5(77)
[2026-01-28T10:49:23.537+0000][gc,heap     ] GC(144) Old regions: 138->138
[2026-01-28T10:49:23.537+0000][gc,heap     ] GC(144) Humongous regions: 1->1
[2026-01-28T10:49:23.537+0000][gc,metaspace] GC(144) Metaspace: 11953K(12352K)->11953K(12352K) NonClass: 10841K(11008K)->10841K(11008K) Class: 1111K(1344K)->1111K(1344K)
[2026-01-28T10:49:23.538+0000][gc          ] GC(144) Pause Young (Normal) (G1 Evacuation Pause) 751M->143M(1024M) 10.736ms
[2026-01-28T10:49:23.538+0000][gc,cpu      ] GC(144) User=0.06s Sys=0.00s Real=0.01s
[2026-01-28T10:49:35.157+0000][gc,start    ] GC(145) Pause Young (Normal) (G1 Evacuation Pause)
[2026-01-28T10:49:35.158+0000][gc,task     ] GC(145) Using 10 workers of 10 for evacuation
[2026-01-28T10:49:35.169+0000][gc,phases   ] GC(145)   Pre Evacuate Collection Set: 1.1ms
[2026-01-28T10:49:35.169+0000][gc,phases   ] GC(145)   Merge Heap Roots: 0.5ms
[2026-01-28T10:49:35.169+0000][gc,phases   ] GC(145)   Evacuate Collection Set: 9.4ms
[2026-01-28T10:49:35.169+0000][gc,phases   ] GC(145)   Post Evacuate Collection Set: 0.7ms
[2026-01-28T10:49:35.169+0000][gc,phases   ] GC(145)   Other: 0.1ms
[2026-01-28T10:49:35.170+0000][gc,heap     ] GC(145) Eden regions: 609->0(608)
[2026-01-28T10:49:35.170+0000][gc,heap     ] GC(145) Survivor regions: 5->6(77)
[2026-01-28T10:49:35.170+0000][gc,heap     ] GC(145) Old regions: 138->138
[2026-01-28T10:49:35.170+0000][gc,heap     ] GC(145) Humongous regions: 1->1
[2026-01-28T10:49:35.170+0000][gc,metaspace] GC(145) Metaspace: 11953K(12352K)->11953K(12352K) NonClass: 10841K(11008K)->10841K(11008K) Class: 1111K(1344K)->1111K(1344K)
[2026-01-28T10:49:35.170+0000][gc          ] GC(145) Pause Young (Normal) (G1 Evacuation Pause) 752M->144M(1024M) 13.169ms
[2026-01-28T10:49:35.170+0000][gc,cpu      ] GC(145) User=0.11s Sys=0.00s Real=0.01s
[2026-01-28T10:49:47.454+0000][gc,start    ] GC(146) Pause Young (Normal) (G1 Evacuation Pause)
[2026-01-28T10:49:47.455+0000][gc,task     ] GC(146) Using 10 workers of 10 for evacuation
[2026-01-28T10:49:47.469+0000][gc,phases   ] GC(146)   Pre Evacuate Collection Set: 0.8ms
[2026-01-28T10:49:47.469+0000][gc,phases   ] GC(146)   Merge Heap Roots: 0.8ms
[2026-01-28T10:49:47.469+0000][gc,phases   ] GC(146)   Evacuate Collection Set: 11.0ms
[2026-01-28T10:49:47.469+0000][gc,phases   ] GC(146)   Post Evacuate Collection Set: 1.9ms
[2026-01-28T10:49:47.469+0000][gc,phases   ] GC(146)   Other: 0.2ms
[2026-01-28T10:49:47.469+0000][gc,heap     ] GC(146) Eden regions: 608->0(609)
[2026-01-28T10:49:47.469+0000][gc,heap     ] GC(146) Survivor regions: 6->5(77)
[2026-01-28T10:49:47.470+0000][gc,heap     ] GC(146) Old regions: 138->139
[2026-01-28T10:49:47.470+0000][gc,heap     ] GC(146) Humongous regions: 1->1
[2026-01-28T10:49:47.470+0000][gc,metaspace] GC(146) Metaspace: 11961K(12352K)->11961K(12352K) NonClass: 10849K(11008K)->10849K(11008K) Class: 1111K(1344K)->1111K(1344K)
[2026-01-28T10:49:47.470+0000][gc          ] GC(146) Pause Young (Normal) (G1 Evacuation Pause) 752M->143M(1024M) 15.754ms
[2026-01-28T10:49:47.470+0000][gc,cpu      ] GC(146) User=0.12s Sys=0.01s Real=0.01s
[2026-01-28T10:50:00.661+0000][gc,start    ] GC(147) Pause Young (Normal) (G1 Evacuation Pause)
[2026-01-28T10:50:00.662+0000][gc,task     ] GC(147) Using 10 workers of 10 for evacuation
[2026-01-28T10:50:00.679+0000][gc,phases   ] GC(147)   Pre Evacuate Collection Set: 1.1ms
[2026-01-28T10:50:00.679+0000][gc,phases   ] GC(147)   Merge Heap Roots: 1.6ms
[2026-01-28T10:50:00.679+0000][gc,phases   ] GC(147)   Evacuate Collection Set: 10.8ms
[2026-01-28T10:50:00.679+0000][gc,phases   ] GC(147)   Post Evacuate Collection Set: 2.4ms
[2026-01-28T10:50:00.680+0000][gc,phases   ] GC(147)   Other: 0.3ms
[2026-01-28T10:50:00.680+0000][gc,heap     ] GC(147) Eden regions: 609->0(609)
[2026-01-28T10:50:00.680+0000][gc,heap     ] GC(147) Survivor regions: 5->5(77)
[2026-01-28T10:50:00.680+0000][gc,heap     ] GC(147) Old regions: 139->139
[2026-01-28T10:50:00.680+0000][gc,heap     ] GC(147) Humongous regions: 1->1
[2026-01-28T10:50:00.680+0000][gc,metaspace] GC(147) Metaspace: 11961K(12352K)->11961K(12352K) NonClass: 10849K(11008K)->10849K(11008K) Class: 1111K(1344K)->1111K(1344K)
[2026-01-28T10:50:00.680+0000][gc          ] GC(147) Pause Young (Normal) (G1 Evacuation Pause) 752M->144M(1024M) 18.801ms
[2026-01-28T10:50:00.680+0000][gc,cpu      ] GC(147) User=0.14s Sys=0.00s Real=0.01s
[2026-01-28T10:50:13.844+0000][gc,start    ] GC(148) Pause Young (Normal) (G1 Evacuation Pause)
[2026-01-28T10:50:13.845+0000][gc,task     ] GC(148) Using 10 workers of 10 for evacuation
[2026-01-28T10:50:13.857+0000][gc,phases   ] GC(148)   Pre Evacuate Collection Set: 0.9ms
[2026-01-28T10:50:13.857+0000][gc,phases   ] GC(148)   Merge Heap Roots: 0.3ms
[2026-01-28T10:50:13.857+0000][gc,phases   ] GC(148)   Evacuate Collection Set: 9.6ms
[2026-01-28T10:50:13.858+0000][gc,phases   ] GC(148)   Post Evacuate Collection Set: 1.4ms
[2026-01-28T10:50:13.858+0000][gc,phases   ] GC(148)   Other: 0.2ms
[2026-01-28T10:50:13.858+0000][gc,heap     ] GC(148) Eden regions: 609->0(609)
[2026-01-28T10:50:13.858+0000][gc,heap     ] GC(148) Survivor regions: 5->5(77)
[2026-01-28T10:50:13.858+0000][gc,heap     ] GC(148) Old regions: 139->139
[2026-01-28T10:50:13.858+0000][gc,heap     ] GC(148) Humongous regions: 1->1
[2026-01-28T10:50:13.858+0000][gc,metaspace] GC(148) Metaspace: 11962K(12352K)->11962K(12352K) NonClass: 10850K(11008K)->10850K(11008K) Class: 1111K(1344K)->1111K(1344K)
[2026-01-28T10:50:13.858+0000][gc          ] GC(148) Pause Young (Normal) (G1 Evacuation Pause) 753M->144M(1024M) 14.032ms
[2026-01-28T10:50:13.858+0000][gc,cpu      ] GC(148) User=0.10s Sys=0.00s Real=0.01s
[2026-01-28T10:50:25.201+0000][gc,start    ] GC(149) Pause Young (Normal) (G1 Evacuation Pause)
[2026-01-28T10:50:25.203+0000][gc,task     ] GC(149) Using 10 workers of 10 for evacuation
[2026-01-28T10:50:25.210+0000][gc,phases   ] GC(149)   Pre Evacuate Collection Set: 0.8ms
[2026-01-28T10:50:25.210+0000][gc,phases   ] GC(149)   Merge Heap Roots: 0.3ms
[2026-01-28T10:50:25.210+0000][gc,phases   ] GC(149)   Evacuate Collection Set: 5.4ms
[2026-01-28T10:50:25.210+0000][gc,phases   ] GC(149)   Post Evacuate Collection Set: 0.7ms
[2026-01-28T10:50:25.210+0000][gc,phases   ] GC(149)   Other: 0.1ms
[2026-01-28T10:50:25.210+0000][gc,heap     ] GC(149) Eden regions: 609->0(608)
[2026-01-28T10:50:25.210+0000][gc,heap     ] GC(149) Survivor regions: 5->6(77)
[2026-01-28T10:50:25.210+0000][gc,heap     ] GC(149) Old regions: 139->139
[2026-01-28T10:50:25.210+0000][gc,heap     ] GC(149) Humongous regions: 1->1
[2026-01-28T10:50:25.210+0000][gc,metaspace] GC(149) Metaspace: 11968K(12352K)->11968K(12352K) NonClass: 10856K(11008K)->10856K(11008K) Class: 1111K(1344K)->1111K(1344K)
[2026-01-28T10:50:25.210+0000][gc          ] GC(149) Pause Young (Normal) (G1 Evacuation Pause) 753M->145M(1024M) 9.396ms
[2026-01-28T10:50:25.210+0000][gc,cpu      ] GC(149) User=0.06s Sys=0.00s Real=0.01s
[2026-01-28T10:50:37.549+0000][gc,start    ] GC(150) Pause Young (Normal) (G1 Evacuation Pause)
[2026-01-28T10:50:37.550+0000][gc,task     ] GC(150) Using 10 workers of 10 for evacuation
[2026-01-28T10:50:37.557+0000][gc,phases   ] GC(150)   Pre Evacuate Collection Set: 0.8ms
[2026-01-28T10:50:37.558+0000][gc,phases   ] GC(150)   Merge Heap Roots: 0.3ms
[2026-01-28T10:50:37.558+0000][gc,phases   ] GC(150)   Evacuate Collection Set: 5.3ms
[2026-01-28T10:50:37.558+0000][gc,phases   ] GC(150)   Post Evacuate Collection Set: 1.4ms
[2026-01-28T10:50:37.558+0000][gc,phases   ] GC(150)   Other: 0.2ms
[2026-01-28T10:50:37.558+0000][gc,heap     ] GC(150) Eden regions: 608->0(609)
[2026-01-28T10:50:37.558+0000][gc,heap     ] GC(150) Survivor regions: 6->5(77)
[2026-01-28T10:50:37.558+0000][gc,heap     ] GC(150) Old regions: 139->140
[2026-01-28T10:50:37.558+0000][gc,heap     ] GC(150) Humongous regions: 1->1
[2026-01-28T10:50:37.558+0000][gc,metaspace] GC(150) Metaspace: 11979K(12352K)->11979K(12352K) NonClass: 10867K(11008K)->10867K(11008K) Class: 1111K(1344K)->1111K(1344K)
[2026-01-28T10:50:37.558+0000][gc          ] GC(150) Pause Young (Normal) (G1 Evacuation Pause) 753M->144M(1024M) 9.453ms
[2026-01-28T10:50:37.558+0000][gc,cpu      ] GC(150) User=0.07s Sys=0.00s Real=0.01s
[2026-01-28T10:50:50.957+0000][gc,start    ] GC(151) Pause Young (Normal) (G1 Evacuation Pause)
[2026-01-28T10:50:50.958+0000][gc,task     ] GC(151) Using 10 workers of 10 for evacuation
[2026-01-28T10:50:50.979+0000][gc,phases   ] GC(151)   Pre Evacuate Collection Set: 2.0ms
[2026-01-28T10:50:50.979+0000][gc,phases   ] GC(151)   Merge Heap Roots: 1.5ms
[2026-01-28T10:50:50.979+0000][gc,phases   ] GC(151)   Evacuate Collection Set: 15.8ms
[2026-01-28T10:50:50.979+0000][gc,phases   ] GC(151)   Post Evacuate Collection Set: 1.9ms
[2026-01-28T10:50:50.979+0000][gc,phases   ] GC(151)   Other: 0.5ms
[2026-01-28T10:50:50.979+0000][gc,heap     ] GC(151) Eden regions: 609->0(609)
[2026-01-28T10:50:50.979+0000][gc,heap     ] GC(151) Survivor regions: 5->5(77)
[2026-01-28T10:50:50.980+0000][gc,heap     ] GC(151) Old regions: 140->140
[2026-01-28T10:50:50.980+0000][gc,heap     ] GC(151) Humongous regions: 1->1
[2026-01-28T10:50:50.980+0000][gc,metaspace] GC(151) Metaspace: 12001K(12416K)->12001K(12416K) NonClass: 10889K(11072K)->10889K(11072K) Class: 1111K(1344K)->1111K(1344K)
[2026-01-28T10:50:50.980+0000][gc          ] GC(151) Pause Young (Normal) (G1 Evacuation Pause) 753M->145M(1024M) 23.169ms
[2026-01-28T10:50:50.980+0000][gc,cpu      ] GC(151) User=0.18s Sys=0.00s Real=0.02s
[2026-01-28T10:51:04.193+0000][gc,start    ] GC(152) Pause Young (Normal) (G1 Evacuation Pause)
[2026-01-28T10:51:04.194+0000][gc,task     ] GC(152) Using 10 workers of 10 for evacuation
[2026-01-28T10:51:04.211+0000][gc,phases   ] GC(152)   Pre Evacuate Collection Set: 0.9ms
[2026-01-28T10:51:04.211+0000][gc,phases   ] GC(152)   Merge Heap Roots: 0.3ms
[2026-01-28T10:51:04.211+0000][gc,phases   ] GC(152)   Evacuate Collection Set: 13.7ms
[2026-01-28T10:51:04.211+0000][gc,phases   ] GC(152)   Post Evacuate Collection Set: 2.0ms
[2026-01-28T10:51:04.211+0000][gc,phases   ] GC(152)   Other: 0.2ms
[2026-01-28T10:51:04.211+0000][gc,heap     ] GC(152) Eden regions: 609->0(609)
[2026-01-28T10:51:04.211+0000][gc,heap     ] GC(152) Survivor regions: 5->5(77)
[2026-01-28T10:51:04.211+0000][gc,heap     ] GC(152) Old regions: 140->140
[2026-01-28T10:51:04.211+0000][gc,heap     ] GC(152) Humongous regions: 1->1
[2026-01-28T10:51:04.212+0000][gc,metaspace] GC(152) Metaspace: 12001K(12416K)->12001K(12416K) NonClass: 10889K(11072K)->10889K(11072K) Class: 1111K(1344K)->1111K(1344K)
[2026-01-28T10:51:04.212+0000][gc          ] GC(152) Pause Young (Normal) (G1 Evacuation Pause) 754M->145M(1024M) 18.836ms
[2026-01-28T10:51:04.212+0000][gc,cpu      ] GC(152) User=0.15s Sys=0.00s Real=0.02s
[2026-01-28T10:51:15.198+0000][gc,start    ] GC(153) Pause Young (Normal) (G1 Evacuation Pause)
[2026-01-28T10:51:15.199+0000][gc,task     ] GC(153) Using 10 workers of 10 for evacuation
[2026-01-28T10:51:15.206+0000][gc,phases   ] GC(153)   Pre Evacuate Collection Set: 0.7ms
[2026-01-28T10:51:15.206+0000][gc,phases   ] GC(153)   Merge Heap Roots: 0.3ms
[2026-01-28T10:51:15.206+0000][gc,phases   ] GC(153)   Evacuate Collection Set: 5.3ms
[2026-01-28T10:51:15.206+0000][gc,phases   ] GC(153)   Post Evacuate Collection Set: 0.9ms
[2026-01-28T10:51:15.206+0000][gc,phases   ] GC(153)   Other: 0.2ms
[2026-01-28T10:51:15.206+0000][gc,heap     ] GC(153) Eden regions: 609->0(607)
[2026-01-28T10:51:15.206+0000][gc,heap     ] GC(153) Survivor regions: 5->7(77)
[2026-01-28T10:51:15.206+0000][gc,heap     ] GC(153) Old regions: 140->141
[2026-01-28T10:51:15.206+0000][gc,heap     ] GC(153) Humongous regions: 1->1
[2026-01-28T10:51:15.206+0000][gc,metaspace] GC(153) Metaspace: 12004K(12416K)->12004K(12416K) NonClass: 10892K(11072K)->10892K(11072K) Class: 1111K(1344K)->1111K(1344K)
[2026-01-28T10:51:15.207+0000][gc          ] GC(153) Pause Young (Normal) (G1 Evacuation Pause) 754M->147M(1024M) 8.740ms
[2026-01-28T10:51:15.207+0000][gc,cpu      ] GC(153) User=0.07s Sys=0.00s Real=0.01s
[2026-01-28T10:51:27.708+0000][gc,start    ] GC(154) Pause Young (Normal) (G1 Evacuation Pause)
[2026-01-28T10:51:27.709+0000][gc,task     ] GC(154) Using 10 workers of 10 for evacuation
[2026-01-28T10:51:27.714+0000][gc,phases   ] GC(154)   Pre Evacuate Collection Set: 0.8ms
[2026-01-28T10:51:27.715+0000][gc,phases   ] GC(154)   Merge Heap Roots: 0.2ms
[2026-01-28T10:51:27.715+0000][gc,phases   ] GC(154)   Evacuate Collection Set: 3.9ms
[2026-01-28T10:51:27.715+0000][gc,phases   ] GC(154)   Post Evacuate Collection Set: 0.5ms
[2026-01-28T10:51:27.715+0000][gc,phases   ] GC(154)   Other: 0.1ms
[2026-01-28T10:51:27.715+0000][gc,heap     ] GC(154) Eden regions: 607->0(609)
[2026-01-28T10:51:27.715+0000][gc,heap     ] GC(154) Survivor regions: 7->5(77)
[2026-01-28T10:51:27.715+0000][gc,heap     ] GC(154) Old regions: 141->141
[2026-01-28T10:51:27.715+0000][gc,heap     ] GC(154) Humongous regions: 1->1
[2026-01-28T10:51:27.715+0000][gc,metaspace] GC(154) Metaspace: 12004K(12416K)->12004K(12416K) NonClass: 10892K(11072K)->10892K(11072K) Class: 1111K(1344K)->1111K(1344K)
[2026-01-28T10:51:27.715+0000][gc          ] GC(154) Pause Young (Normal) (G1 Evacuation Pause) 754M->146M(1024M) 7.103ms
[2026-01-28T10:51:27.715+0000][gc,cpu      ] GC(154) User=0.04s Sys=0.00s Real=0.01s
[2026-01-28T10:51:40.875+0000][gc,start    ] GC(155) Pause Young (Normal) (G1 Evacuation Pause)
[2026-01-28T10:51:40.876+0000][gc,task     ] GC(155) Using 10 workers of 10 for evacuation
[2026-01-28T10:51:40.887+0000][gc,phases   ] GC(155)   Pre Evacuate Collection Set: 0.8ms
[2026-01-28T10:51:40.887+0000][gc,phases   ] GC(155)   Merge Heap Roots: 0.3ms
[2026-01-28T10:51:40.887+0000][gc,phases   ] GC(155)   Evacuate Collection Set: 8.6ms
[2026-01-28T10:51:40.887+0000][gc,phases   ] GC(155)   Post Evacuate Collection Set: 1.4ms
[2026-01-28T10:51:40.887+0000][gc,phases   ] GC(155)   Other: 0.2ms
[2026-01-28T10:51:40.888+0000][gc,heap     ] GC(155) Eden regions: 609->0(609)
[2026-01-28T10:51:40.888+0000][gc,heap     ] GC(155) Survivor regions: 5->5(77)
[2026-01-28T10:51:40.888+0000][gc,heap     ] GC(155) Old regions: 141->141
[2026-01-28T10:51:40.888+0000][gc,heap     ] GC(155) Humongous regions: 1->1
[2026-01-28T10:51:40.888+0000][gc,metaspace] GC(155) Metaspace: 12004K(12416K)->12004K(12416K) NonClass: 10892K(11072K)->10892K(11072K) Class: 1111K(1344K)->1111K(1344K)
[2026-01-28T10:51:40.888+0000][gc          ] GC(155) Pause Young (Normal) (G1 Evacuation Pause) 755M->146M(1024M) 12.874ms
[2026-01-28T10:51:40.888+0000][gc,cpu      ] GC(155) User=0.10s Sys=0.00s Real=0.01s
[2026-01-28T10:51:54.104+0000][gc,start    ] GC(156) Pause Young (Normal) (G1 Evacuation Pause)
[2026-01-28T10:51:54.105+0000][gc,task     ] GC(156) Using 10 workers of 10 for evacuation
[2026-01-28T10:51:54.131+0000][gc,phases   ] GC(156)   Pre Evacuate Collection Set: 3.7ms
[2026-01-28T10:51:54.131+0000][gc,phases   ] GC(156)   Merge Heap Roots: 1.3ms
[2026-01-28T10:51:54.131+0000][gc,phases   ] GC(156)   Evacuate Collection Set: 18.0ms
[2026-01-28T10:51:54.131+0000][gc,phases   ] GC(156)   Post Evacuate Collection Set: 2.5ms
[2026-01-28T10:51:54.131+0000][gc,phases   ] GC(156)   Other: 0.5ms
[2026-01-28T10:51:54.131+0000][gc,heap     ] GC(156) Eden regions: 609->0(609)
[2026-01-28T10:51:54.131+0000][gc,heap     ] GC(156) Survivor regions: 5->5(77)
[2026-01-28T10:51:54.131+0000][gc,heap     ] GC(156) Old regions: 141->142
[2026-01-28T10:51:54.131+0000][gc,heap     ] GC(156) Humongous regions: 1->1
[2026-01-28T10:51:54.131+0000][gc,metaspace] GC(156) Metaspace: 12004K(12416K)->12004K(12416K) NonClass: 10892K(11072K)->10892K(11072K) Class: 1111K(1344K)->1111K(1344K)
[2026-01-28T10:51:54.132+0000][gc          ] GC(156) Pause Young (Normal) (G1 Evacuation Pause) 755M->146M(1024M) 27.540ms
[2026-01-28T10:51:54.132+0000][gc,cpu      ] GC(156) User=0.20s Sys=0.01s Real=0.03s
[2026-01-28T10:52:05.255+0000][gc,start    ] GC(157) Pause Young (Normal) (G1 Evacuation Pause)
[2026-01-28T10:52:05.256+0000][gc,task     ] GC(157) Using 10 workers of 10 for evacuation
[2026-01-28T10:52:05.265+0000][gc,phases   ] GC(157)   Pre Evacuate Collection Set: 0.8ms
[2026-01-28T10:52:05.265+0000][gc,phases   ] GC(157)   Merge Heap Roots: 0.3ms
[2026-01-28T10:52:05.265+0000][gc,phases   ] GC(157)   Evacuate Collection Set: 6.4ms
[2026-01-28T10:52:05.265+0000][gc,phases   ] GC(157)   Post Evacuate Collection Set: 0.7ms
[2026-01-28T10:52:05.265+0000][gc,phases   ] GC(157)   Other: 0.1ms
[2026-01-28T10:52:05.265+0000][gc,heap     ] GC(157) Eden regions: 609->0(607)
[2026-01-28T10:52:05.265+0000][gc,heap     ] GC(157) Survivor regions: 5->7(77)
[2026-01-28T10:52:05.265+0000][gc,heap     ] GC(157) Old regions: 142->142
[2026-01-28T10:52:05.265+0000][gc,heap     ] GC(157) Humongous regions: 1->1
[2026-01-28T10:52:05.265+0000][gc,metaspace] GC(157) Metaspace: 12006K(12416K)->12006K(12416K) NonClass: 10894K(11072K)->10894K(11072K) Class: 1111K(1344K)->1111K(1344K)
[2026-01-28T10:52:05.265+0000][gc          ] GC(157) Pause Young (Normal) (G1 Evacuation Pause) 755M->148M(1024M) 9.888ms
[2026-01-28T10:52:05.265+0000][gc,cpu      ] GC(157) User=0.08s Sys=0.00s Real=0.01s
[2026-01-28T10:52:17.727+0000][gc,start    ] GC(158) Pause Young (Normal) (G1 Evacuation Pause)
[2026-01-28T10:52:17.728+0000][gc,task     ] GC(158) Using 10 workers of 10 for evacuation
[2026-01-28T10:52:17.732+0000][gc,phases   ] GC(158)   Pre Evacuate Collection Set: 0.8ms
[2026-01-28T10:52:17.732+0000][gc,phases   ] GC(158)   Merge Heap Roots: 0.3ms
[2026-01-28T10:52:17.733+0000][gc,phases   ] GC(158)   Evacuate Collection Set: 3.2ms
[2026-01-28T10:52:17.733+0000][gc,phases   ] GC(158)   Post Evacuate Collection Set: 0.5ms
[2026-01-28T10:52:17.733+0000][gc,phases   ] GC(158)   Other: 0.1ms
[2026-01-28T10:52:17.733+0000][gc,heap     ] GC(158) Eden regions: 607->0(609)
[2026-01-28T10:52:17.733+0000][gc,heap     ] GC(158) Survivor regions: 7->5(77)
[2026-01-28T10:52:17.733+0000][gc,heap     ] GC(158) Old regions: 142->142
[2026-01-28T10:52:17.733+0000][gc,heap     ] GC(158) Humongous regions: 1->1
[2026-01-28T10:52:17.733+0000][gc,metaspace] GC(158) Metaspace: 12010K(12416K)->12010K(12416K) NonClass: 10898K(11072K)->10898K(11072K) Class: 1111K(1344K)->1111K(1344K)
[2026-01-28T10:52:17.733+0000][gc          ] GC(158) Pause Young (Normal) (G1 Evacuation Pause) 755M->147M(1024M) 6.264ms
[2026-01-28T10:52:17.733+0000][gc,cpu      ] GC(158) User=0.03s Sys=0.00s Real=0.01s
[2026-01-28T10:52:31.396+0000][gc,start    ] GC(159) Pause Young (Normal) (G1 Evacuation Pause)
[2026-01-28T10:52:31.396+0000][gc,task     ] GC(159) Using 10 workers of 10 for evacuation
[2026-01-28T10:52:31.409+0000][gc,phases   ] GC(159)   Pre Evacuate Collection Set: 0.8ms
[2026-01-28T10:52:31.409+0000][gc,phases   ] GC(159)   Merge Heap Roots: 0.3ms
[2026-01-28T10:52:31.409+0000][gc,phases   ] GC(159)   Evacuate Collection Set: 9.8ms
[2026-01-28T10:52:31.409+0000][gc,phases   ] GC(159)   Post Evacuate Collection Set: 1.3ms
[2026-01-28T10:52:31.409+0000][gc,phases   ] GC(159)   Other: 0.3ms
[2026-01-28T10:52:31.409+0000][gc,heap     ] GC(159) Eden regions: 609->0(609)
[2026-01-28T10:52:31.409+0000][gc,heap     ] GC(159) Survivor regions: 5->5(77)
[2026-01-28T10:52:31.409+0000][gc,heap     ] GC(159) Old regions: 142->143
[2026-01-28T10:52:31.409+0000][gc,heap     ] GC(159) Humongous regions: 1->1
[2026-01-28T10:52:31.409+0000][gc,metaspace] GC(159) Metaspace: 12032K(12480K)->12032K(12480K) NonClass: 10921K(11136K)->10921K(11136K) Class: 1111K(1344K)->1111K(1344K)
[2026-01-28T10:52:31.409+0000][gc          ] GC(159) Pause Young (Normal) (G1 Evacuation Pause) 756M->147M(1024M) 13.805ms
[2026-01-28T10:52:31.409+0000][gc,cpu      ] GC(159) User=0.10s Sys=0.00s Real=0.01s
[2026-01-28T10:52:44.437+0000][gc,start    ] GC(160) Pause Young (Normal) (G1 Evacuation Pause)
[2026-01-28T10:52:44.439+0000][gc,task     ] GC(160) Using 10 workers of 10 for evacuation
[2026-01-28T10:52:44.446+0000][gc,phases   ] GC(160)   Pre Evacuate Collection Set: 0.9ms
[2026-01-28T10:52:44.446+0000][gc,phases   ] GC(160)   Merge Heap Roots: 0.3ms
[2026-01-28T10:52:44.446+0000][gc,phases   ] GC(160)   Evacuate Collection Set: 5.5ms
[2026-01-28T10:52:44.446+0000][gc,phases   ] GC(160)   Post Evacuate Collection Set: 0.9ms
[2026-01-28T10:52:44.447+0000][gc,phases   ] GC(160)   Other: 0.3ms
[2026-01-28T10:52:44.447+0000][gc,heap     ] GC(160) Eden regions: 609->0(609)
[2026-01-28T10:52:44.447+0000][gc,heap     ] GC(160) Survivor regions: 5->5(77)
[2026-01-28T10:52:44.447+0000][gc,heap     ] GC(160) Old regions: 143->143
[2026-01-28T10:52:44.447+0000][gc,heap     ] GC(160) Humongous regions: 1->1
[2026-01-28T10:52:44.447+0000][gc,metaspace] GC(160) Metaspace: 12039K(12480K)->12039K(12480K) NonClass: 10927K(11136K)->10927K(11136K) Class: 1111K(1344K)->1111K(1344K)
[2026-01-28T10:52:44.447+0000][gc          ] GC(160) Pause Young (Normal) (G1 Evacuation Pause) 756M->148M(1024M) 9.400ms
[2026-01-28T10:52:44.447+0000][gc,cpu      ] GC(160) User=0.07s Sys=0.00s Real=0.01s
[2026-01-28T10:52:55.302+0000][gc,start    ] GC(161) Pause Young (Normal) (G1 Evacuation Pause)
[2026-01-28T10:52:55.303+0000][gc,task     ] GC(161) Using 10 workers of 10 for evacuation
[2026-01-28T10:52:55.313+0000][gc,phases   ] GC(161)   Pre Evacuate Collection Set: 0.8ms
[2026-01-28T10:52:55.313+0000][gc,phases   ] GC(161)   Merge Heap Roots: 0.2ms
[2026-01-28T10:52:55.313+0000][gc,phases   ] GC(161)   Evacuate Collection Set: 7.1ms
[2026-01-28T10:52:55.313+0000][gc,phases   ] GC(161)   Post Evacuate Collection Set: 1.6ms
[2026-01-28T10:52:55.313+0000][gc,phases   ] GC(161)   Other: 0.3ms
[2026-01-28T10:52:55.313+0000][gc,heap     ] GC(161) Eden regions: 609->0(609)
[2026-01-28T10:52:55.313+0000][gc,heap     ] GC(161) Survivor regions: 5->5(77)
[2026-01-28T10:52:55.313+0000][gc,heap     ] GC(161) Old regions: 143->143
[2026-01-28T10:52:55.313+0000][gc,heap     ] GC(161) Humongous regions: 1->1
[2026-01-28T10:52:55.313+0000][gc,metaspace] GC(161) Metaspace: 12039K(12480K)->12039K(12480K) NonClass: 10927K(11136K)->10927K(11136K) Class: 1111K(1344K)->1111K(1344K)
[2026-01-28T10:52:55.313+0000][gc          ] GC(161) Pause Young (Normal) (G1 Evacuation Pause) 757M->148M(1024M) 10.907ms
[2026-01-28T10:52:55.313+0000][gc,cpu      ] GC(161) User=0.08s Sys=0.00s Real=0.01s
[2026-01-28T10:53:08.518+0000][gc,start    ] GC(162) Pause Young (Normal) (G1 Evacuation Pause)
[2026-01-28T10:53:08.519+0000][gc,task     ] GC(162) Using 10 workers of 10 for evacuation
[2026-01-28T10:53:08.526+0000][gc,phases   ] GC(162)   Pre Evacuate Collection Set: 0.9ms
[2026-01-28T10:53:08.526+0000][gc,phases   ] GC(162)   Merge Heap Roots: 0.3ms
[2026-01-28T10:53:08.526+0000][gc,phases   ] GC(162)   Evacuate Collection Set: 5.3ms
[2026-01-28T10:53:08.526+0000][gc,phases   ] GC(162)   Post Evacuate Collection Set: 0.8ms
[2026-01-28T10:53:08.526+0000][gc,phases   ] GC(162)   Other: 0.2ms
[2026-01-28T10:53:08.526+0000][gc,heap     ] GC(162) Eden regions: 609->0(609)
[2026-01-28T10:53:08.526+0000][gc,heap     ] GC(162) Survivor regions: 5->5(77)
[2026-01-28T10:53:08.526+0000][gc,heap     ] GC(162) Old regions: 143->144
[2026-01-28T10:53:08.526+0000][gc,heap     ] GC(162) Humongous regions: 1->1
[2026-01-28T10:53:08.526+0000][gc,metaspace] GC(162) Metaspace: 12046K(12480K)->12046K(12480K) NonClass: 10935K(11136K)->10935K(11136K) Class: 1111K(1344K)->1111K(1344K)
[2026-01-28T10:53:08.527+0000][gc          ] GC(162) Pause Young (Normal) (G1 Evacuation Pause) 757M->148M(1024M) 8.975ms
[2026-01-28T10:53:08.527+0000][gc,cpu      ] GC(162) User=0.06s Sys=0.00s Real=0.01s
[2026-01-28T10:53:21.610+0000][gc,start    ] GC(163) Pause Young (Normal) (G1 Evacuation Pause)
[2026-01-28T10:53:21.611+0000][gc,task     ] GC(163) Using 10 workers of 10 for evacuation
[2026-01-28T10:53:21.625+0000][gc,phases   ] GC(163)   Pre Evacuate Collection Set: 0.7ms
[2026-01-28T10:53:21.625+0000][gc,phases   ] GC(163)   Merge Heap Roots: 0.3ms
[2026-01-28T10:53:21.625+0000][gc,phases   ] GC(163)   Evacuate Collection Set: 10.4ms
[2026-01-28T10:53:21.625+0000][gc,phases   ] GC(163)   Post Evacuate Collection Set: 2.0ms
[2026-01-28T10:53:21.625+0000][gc,phases   ] GC(163)   Other: 0.1ms
[2026-01-28T10:53:21.625+0000][gc,heap     ] GC(163) Eden regions: 609->0(609)
[2026-01-28T10:53:21.625+0000][gc,heap     ] GC(163) Survivor regions: 5->5(77)
[2026-01-28T10:53:21.626+0000][gc,heap     ] GC(163) Old regions: 144->144
[2026-01-28T10:53:21.626+0000][gc,heap     ] GC(163) Humongous regions: 1->1
[2026-01-28T10:53:21.626+0000][gc,metaspace] GC(163) Metaspace: 12066K(12480K)->12066K(12480K) NonClass: 10954K(11136K)->10954K(11136K) Class: 1111K(1344K)->1111K(1344K)
[2026-01-28T10:53:21.626+0000][gc          ] GC(163) Pause Young (Normal) (G1 Evacuation Pause) 757M->149M(1024M) 15.200ms
[2026-01-28T10:53:21.626+0000][gc,cpu      ] GC(163) User=0.12s Sys=0.00s Real=0.02s
[2026-01-28T10:53:34.718+0000][gc,start    ] GC(164) Pause Young (Normal) (G1 Evacuation Pause)
[2026-01-28T10:53:34.719+0000][gc,task     ] GC(164) Using 10 workers of 10 for evacuation
[2026-01-28T10:53:34.724+0000][gc,phases   ] GC(164)   Pre Evacuate Collection Set: 0.7ms
[2026-01-28T10:53:34.724+0000][gc,phases   ] GC(164)   Merge Heap Roots: 0.2ms
[2026-01-28T10:53:34.724+0000][gc,phases   ] GC(164)   Evacuate Collection Set: 3.4ms
[2026-01-28T10:53:34.724+0000][gc,phases   ] GC(164)   Post Evacuate Collection Set: 0.5ms
[2026-01-28T10:53:34.724+0000][gc,phases   ] GC(164)   Other: 0.1ms
[2026-01-28T10:53:34.724+0000][gc,heap     ] GC(164) Eden regions: 609->0(609)
[2026-01-28T10:53:34.724+0000][gc,heap     ] GC(164) Survivor regions: 5->5(77)
[2026-01-28T10:53:34.725+0000][gc,heap     ] GC(164) Old regions: 144->144
[2026-01-28T10:53:34.725+0000][gc,heap     ] GC(164) Humongous regions: 1->1
[2026-01-28T10:53:34.725+0000][gc,metaspace] GC(164) Metaspace: 12075K(12480K)->12075K(12480K) NonClass: 10963K(11136K)->10963K(11136K) Class: 1111K(1344K)->1111K(1344K)
[2026-01-28T10:53:34.725+0000][gc          ] GC(164) Pause Young (Normal) (G1 Evacuation Pause) 758M->149M(1024M) 6.263ms
[2026-01-28T10:53:34.725+0000][gc,cpu      ] GC(164) User=0.04s Sys=0.00s Real=0.01s
[2026-01-28T10:53:45.771+0000][gc,start    ] GC(165) Pause Young (Normal) (G1 Evacuation Pause)
[2026-01-28T10:53:45.772+0000][gc,task     ] GC(165) Using 10 workers of 10 for evacuation
[2026-01-28T10:53:45.777+0000][gc,phases   ] GC(165)   Pre Evacuate Collection Set: 0.9ms
[2026-01-28T10:53:45.777+0000][gc,phases   ] GC(165)   Merge Heap Roots: 0.2ms
[2026-01-28T10:53:45.777+0000][gc,phases   ] GC(165)   Evacuate Collection Set: 3.6ms
[2026-01-28T10:53:45.777+0000][gc,phases   ] GC(165)   Post Evacuate Collection Set: 0.5ms
[2026-01-28T10:53:45.777+0000][gc,phases   ] GC(165)   Other: 0.1ms
[2026-01-28T10:53:45.777+0000][gc,heap     ] GC(165) Eden regions: 609->0(609)
[2026-01-28T10:53:45.777+0000][gc,heap     ] GC(165) Survivor regions: 5->5(77)
[2026-01-28T10:53:45.777+0000][gc,heap     ] GC(165) Old regions: 144->144
[2026-01-28T10:53:45.777+0000][gc,heap     ] GC(165) Humongous regions: 1->1
[2026-01-28T10:53:45.777+0000][gc,metaspace] GC(165) Metaspace: 12086K(12480K)->12086K(12480K) NonClass: 10973K(11136K)->10973K(11136K) Class: 1112K(1344K)->1112K(1344K)
[2026-01-28T10:53:45.778+0000][gc          ] GC(165) Pause Young (Normal) (G1 Evacuation Pause) 758M->149M(1024M) 6.045ms
[2026-01-28T10:53:45.778+0000][gc,cpu      ] GC(165) User=0.04s Sys=0.00s Real=0.00s
[2026-01-28T10:53:59.178+0000][gc,start    ] GC(166) Pause Young (Normal) (G1 Evacuation Pause)
[2026-01-28T10:53:59.179+0000][gc,task     ] GC(166) Using 10 workers of 10 for evacuation
[2026-01-28T10:53:59.185+0000][gc,phases   ] GC(166)   Pre Evacuate Collection Set: 1.0ms
[2026-01-28T10:53:59.185+0000][gc,phases   ] GC(166)   Merge Heap Roots: 0.2ms
[2026-01-28T10:53:59.185+0000][gc,phases   ] GC(166)   Evacuate Collection Set: 4.7ms
[2026-01-28T10:53:59.185+0000][gc,phases   ] GC(166)   Post Evacuate Collection Set: 0.7ms
[2026-01-28T10:53:59.185+0000][gc,phases   ] GC(166)   Other: 0.1ms
[2026-01-28T10:53:59.186+0000][gc,heap     ] GC(166) Eden regions: 609->0(609)
[2026-01-28T10:53:59.186+0000][gc,heap     ] GC(166) Survivor regions: 5->5(77)
[2026-01-28T10:53:59.186+0000][gc,heap     ] GC(166) Old regions: 144->145
[2026-01-28T10:53:59.186+0000][gc,heap     ] GC(166) Humongous regions: 1->1
[2026-01-28T10:53:59.186+0000][gc,metaspace] GC(166) Metaspace: 12092K(12480K)->12092K(12480K) NonClass: 10980K(11136K)->10980K(11136K) Class: 1112K(1344K)->1112K(1344K)
[2026-01-28T10:53:59.186+0000][gc          ] GC(166) Pause Young (Normal) (G1 Evacuation Pause) 758M->150M(1024M) 7.525ms
[2026-01-28T10:53:59.186+0000][gc,cpu      ] GC(166) User=0.05s Sys=0.01s Real=0.01s
[2026-01-28T10:54:12.322+0000][gc,start    ] GC(167) Pause Young (Normal) (G1 Evacuation Pause)
[2026-01-28T10:54:12.323+0000][gc,task     ] GC(167) Using 10 workers of 10 for evacuation
[2026-01-28T10:54:12.333+0000][gc,phases   ] GC(167)   Pre Evacuate Collection Set: 2.1ms
[2026-01-28T10:54:12.333+0000][gc,phases   ] GC(167)   Merge Heap Roots: 0.9ms
[2026-01-28T10:54:12.333+0000][gc,phases   ] GC(167)   Evacuate Collection Set: 6.4ms
[2026-01-28T10:54:12.333+0000][gc,phases   ] GC(167)   Post Evacuate Collection Set: 0.9ms
[2026-01-28T10:54:12.334+0000][gc,phases   ] GC(167)   Other: 0.6ms
[2026-01-28T10:54:12.334+0000][gc,heap     ] GC(167) Eden regions: 609->0(609)
[2026-01-28T10:54:12.334+0000][gc,heap     ] GC(167) Survivor regions: 5->5(77)
[2026-01-28T10:54:12.334+0000][gc,heap     ] GC(167) Old regions: 145->145
[2026-01-28T10:54:12.334+0000][gc,heap     ] GC(167) Humongous regions: 1->1
[2026-01-28T10:54:12.334+0000][gc,metaspace] GC(167) Metaspace: 12095K(12480K)->12095K(12480K) NonClass: 10982K(11136K)->10982K(11136K) Class: 1112K(1344K)->1112K(1344K)
[2026-01-28T10:54:12.334+0000][gc          ] GC(167) Pause Young (Normal) (G1 Evacuation Pause) 759M->150M(1024M) 11.723ms
[2026-01-28T10:54:12.334+0000][gc,cpu      ] GC(167) User=0.09s Sys=0.00s Real=0.01s
[2026-01-28T10:54:25.009+0000][gc,start    ] GC(168) Pause Young (Normal) (G1 Evacuation Pause)
[2026-01-28T10:54:25.010+0000][gc,task     ] GC(168) Using 10 workers of 10 for evacuation
[2026-01-28T10:54:25.014+0000][gc,phases   ] GC(168)   Pre Evacuate Collection Set: 0.5ms
[2026-01-28T10:54:25.015+0000][gc,phases   ] GC(168)   Merge Heap Roots: 0.3ms
[2026-01-28T10:54:25.015+0000][gc,phases   ] GC(168)   Evacuate Collection Set: 3.5ms
[2026-01-28T10:54:25.015+0000][gc,phases   ] GC(168)   Post Evacuate Collection Set: 0.6ms
[2026-01-28T10:54:25.015+0000][gc,phases   ] GC(168)   Other: 0.1ms
[2026-01-28T10:54:25.015+0000][gc,heap     ] GC(168) Eden regions: 609->0(608)
[2026-01-28T10:54:25.015+0000][gc,heap     ] GC(168) Survivor regions: 5->6(77)
[2026-01-28T10:54:25.015+0000][gc,heap     ] GC(168) Old regions: 145->145
[2026-01-28T10:54:25.015+0000][gc,heap     ] GC(168) Humongous regions: 1->1
[2026-01-28T10:54:25.015+0000][gc,metaspace] GC(168) Metaspace: 12096K(12480K)->12096K(12480K) NonClass: 10983K(11136K)->10983K(11136K) Class: 1112K(1344K)->1112K(1344K)
[2026-01-28T10:54:25.015+0000][gc          ] GC(168) Pause Young (Normal) (G1 Evacuation Pause) 759M->150M(1024M) 5.757ms
[2026-01-28T10:54:25.015+0000][gc,cpu      ] GC(168) User=0.04s Sys=0.00s Real=0.01s
[2026-01-28T10:54:35.946+0000][gc,start    ] GC(169) Pause Young (Normal) (G1 Evacuation Pause)
[2026-01-28T10:54:35.947+0000][gc,task     ] GC(169) Using 10 workers of 10 for evacuation
[2026-01-28T10:54:35.951+0000][gc,phases   ] GC(169)   Pre Evacuate Collection Set: 0.6ms
[2026-01-28T10:54:35.951+0000][gc,phases   ] GC(169)   Merge Heap Roots: 0.2ms
[2026-01-28T10:54:35.951+0000][gc,phases   ] GC(169)   Evacuate Collection Set: 3.4ms
[2026-01-28T10:54:35.952+0000][gc,phases   ] GC(169)   Post Evacuate Collection Set: 0.5ms
[2026-01-28T10:54:35.952+0000][gc,phases   ] GC(169)   Other: 0.1ms
[2026-01-28T10:54:35.952+0000][gc,heap     ] GC(169) Eden regions: 608->0(609)
[2026-01-28T10:54:35.952+0000][gc,heap     ] GC(169) Survivor regions: 6->5(77)
[2026-01-28T10:54:35.952+0000][gc,heap     ] GC(169) Old regions: 145->146
[2026-01-28T10:54:35.952+0000][gc,heap     ] GC(169) Humongous regions: 1->1
[2026-01-28T10:54:35.952+0000][gc,metaspace] GC(169) Metaspace: 12098K(12480K)->12098K(12480K) NonClass: 10985K(11136K)->10985K(11136K) Class: 1112K(1344K)->1112K(1344K)
[2026-01-28T10:54:35.952+0000][gc          ] GC(169) Pause Young (Normal) (G1 Evacuation Pause) 758M->150M(1024M) 5.550ms
[2026-01-28T10:54:35.952+0000][gc,cpu      ] GC(169) User=0.04s Sys=0.00s Real=0.01s
[2026-01-28T10:54:49.726+0000][gc,start    ] GC(170) Pause Young (Normal) (G1 Evacuation Pause)
[2026-01-28T10:54:49.727+0000][gc,task     ] GC(170) Using 10 workers of 10 for evacuation
[2026-01-28T10:54:49.744+0000][gc,phases   ] GC(170)   Pre Evacuate Collection Set: 0.8ms
[2026-01-28T10:54:49.744+0000][gc,phases   ] GC(170)   Merge Heap Roots: 0.8ms
[2026-01-28T10:54:49.744+0000][gc,phases   ] GC(170)   Evacuate Collection Set: 13.2ms
[2026-01-28T10:54:49.744+0000][gc,phases   ] GC(170)   Post Evacuate Collection Set: 2.0ms
[2026-01-28T10:54:49.745+0000][gc,phases   ] GC(170)   Other: 0.5ms
[2026-01-28T10:54:49.745+0000][gc,heap     ] GC(170) Eden regions: 609->0(609)
[2026-01-28T10:54:49.745+0000][gc,heap     ] GC(170) Survivor regions: 5->5(77)
[2026-01-28T10:54:49.745+0000][gc,heap     ] GC(170) Old regions: 146->146
[2026-01-28T10:54:49.745+0000][gc,heap     ] GC(170) Humongous regions: 1->1
[2026-01-28T10:54:49.745+0000][gc,metaspace] GC(170) Metaspace: 12098K(12480K)->12098K(12480K) NonClass: 10985K(11136K)->10985K(11136K) Class: 1112K(1344K)->1112K(1344K)
[2026-01-28T10:54:49.746+0000][gc          ] GC(170) Pause Young (Normal) (G1 Evacuation Pause) 759M->151M(1024M) 19.630ms
[2026-01-28T10:54:49.746+0000][gc,cpu      ] GC(170) User=0.15s Sys=0.00s Real=0.02s
[2026-01-28T10:55:03.253+0000][gc,start    ] GC(171) Pause Young (Normal) (G1 Evacuation Pause)
[2026-01-28T10:55:03.254+0000][gc,task     ] GC(171) Using 10 workers of 10 for evacuation
[2026-01-28T10:55:03.274+0000][gc,phases   ] GC(171)   Pre Evacuate Collection Set: 1.5ms
[2026-01-28T10:55:03.274+0000][gc,phases   ] GC(171)   Merge Heap Roots: 1.2ms
[2026-01-28T10:55:03.274+0000][gc,phases   ] GC(171)   Evacuate Collection Set: 15.4ms
[2026-01-28T10:55:03.274+0000][gc,phases   ] GC(171)   Post Evacuate Collection Set: 1.3ms
[2026-01-28T10:55:03.274+0000][gc,phases   ] GC(171)   Other: 0.3ms
[2026-01-28T10:55:03.274+0000][gc,heap     ] GC(171) Eden regions: 609->0(609)
[2026-01-28T10:55:03.274+0000][gc,heap     ] GC(171) Survivor regions: 5->5(77)
[2026-01-28T10:55:03.274+0000][gc,heap     ] GC(171) Old regions: 146->146
[2026-01-28T10:55:03.274+0000][gc,heap     ] GC(171) Humongous regions: 1->1
[2026-01-28T10:55:03.274+0000][gc,metaspace] GC(171) Metaspace: 12099K(12544K)->12099K(12544K) NonClass: 10987K(11200K)->10987K(11200K) Class: 1112K(1344K)->1112K(1344K)
[2026-01-28T10:55:03.274+0000][gc          ] GC(171) Pause Young (Normal) (G1 Evacuation Pause) 760M->151M(1024M) 21.297ms
[2026-01-28T10:55:03.274+0000][gc,cpu      ] GC(171) User=0.17s Sys=0.00s Real=0.02s
[2026-01-28T10:55:15.160+0000][gc,start    ] GC(172) Pause Young (Normal) (G1 Evacuation Pause)
[2026-01-28T10:55:15.161+0000][gc,task     ] GC(172) Using 10 workers of 10 for evacuation
[2026-01-28T10:55:15.180+0000][gc,phases   ] GC(172)   Pre Evacuate Collection Set: 2.0ms
[2026-01-28T10:55:15.180+0000][gc,phases   ] GC(172)   Merge Heap Roots: 0.7ms
[2026-01-28T10:55:15.180+0000][gc,phases   ] GC(172)   Evacuate Collection Set: 15.1ms
[2026-01-28T10:55:15.180+0000][gc,phases   ] GC(172)   Post Evacuate Collection Set: 0.9ms
[2026-01-28T10:55:15.180+0000][gc,phases   ] GC(172)   Other: 0.4ms
[2026-01-28T10:55:15.180+0000][gc,heap     ] GC(172) Eden regions: 609->0(607)
[2026-01-28T10:55:15.180+0000][gc,heap     ] GC(172) Survivor regions: 5->7(77)
[2026-01-28T10:55:15.180+0000][gc,heap     ] GC(172) Old regions: 146->147
[2026-01-28T10:55:15.180+0000][gc,heap     ] GC(172) Humongous regions: 1->1
[2026-01-28T10:55:15.180+0000][gc,metaspace] GC(172) Metaspace: 12099K(12544K)->12099K(12544K) NonClass: 10987K(11200K)->10987K(11200K) Class: 1112K(1344K)->1112K(1344K)
[2026-01-28T10:55:15.180+0000][gc          ] GC(172) Pause Young (Normal) (G1 Evacuation Pause) 760M->153M(1024M) 20.148ms
[2026-01-28T10:55:15.180+0000][gc,cpu      ] GC(172) User=0.18s Sys=0.00s Real=0.02s
[2026-01-28T10:55:28.092+0000][gc,start    ] GC(173) Pause Young (Normal) (G1 Evacuation Pause)
[2026-01-28T10:55:28.092+0000][gc,task     ] GC(173) Using 10 workers of 10 for evacuation
[2026-01-28T10:55:28.110+0000][gc,phases   ] GC(173)   Pre Evacuate Collection Set: 1.1ms
[2026-01-28T10:55:28.110+0000][gc,phases   ] GC(173)   Merge Heap Roots: 1.4ms
[2026-01-28T10:55:28.110+0000][gc,phases   ] GC(173)   Evacuate Collection Set: 14.4ms
[2026-01-28T10:55:28.110+0000][gc,phases   ] GC(173)   Post Evacuate Collection Set: 1.0ms
[2026-01-28T10:55:28.110+0000][gc,phases   ] GC(173)   Other: 0.2ms
[2026-01-28T10:55:28.110+0000][gc,heap     ] GC(173) Eden regions: 607->0(609)
[2026-01-28T10:55:28.110+0000][gc,heap     ] GC(173) Survivor regions: 7->5(77)
[2026-01-28T10:55:28.110+0000][gc,heap     ] GC(173) Old regions: 147->147
[2026-01-28T10:55:28.110+0000][gc,heap     ] GC(173) Humongous regions: 1->1
[2026-01-28T10:55:28.110+0000][gc,metaspace] GC(173) Metaspace: 12099K(12544K)->12099K(12544K) NonClass: 10987K(11200K)->10987K(11200K) Class: 1112K(1344K)->1112K(1344K)
[2026-01-28T10:55:28.110+0000][gc          ] GC(173) Pause Young (Normal) (G1 Evacuation Pause) 760M->152M(1024M) 18.899ms
[2026-01-28T10:55:28.110+0000][gc,cpu      ] GC(173) User=0.15s Sys=0.00s Real=0.01s
[2026-01-28T10:55:41.460+0000][gc,start    ] GC(174) Pause Young (Normal) (G1 Evacuation Pause)
[2026-01-28T10:55:41.462+0000][gc,task     ] GC(174) Using 10 workers of 10 for evacuation
[2026-01-28T10:55:41.475+0000][gc,phases   ] GC(174)   Pre Evacuate Collection Set: 2.3ms
[2026-01-28T10:55:41.475+0000][gc,phases   ] GC(174)   Merge Heap Roots: 0.3ms
[2026-01-28T10:55:41.475+0000][gc,phases   ] GC(174)   Evacuate Collection Set: 8.9ms
[2026-01-28T10:55:41.475+0000][gc,phases   ] GC(174)   Post Evacuate Collection Set: 1.3ms
[2026-01-28T10:55:41.475+0000][gc,phases   ] GC(174)   Other: 0.4ms
[2026-01-28T10:55:41.476+0000][gc,heap     ] GC(174) Eden regions: 609->0(609)
[2026-01-28T10:55:41.476+0000][gc,heap     ] GC(174) Survivor regions: 5->5(77)
[2026-01-28T10:55:41.476+0000][gc,heap     ] GC(174) Old regions: 147->147
[2026-01-28T10:55:41.476+0000][gc,heap     ] GC(174) Humongous regions: 1->1
[2026-01-28T10:55:41.476+0000][gc,metaspace] GC(174) Metaspace: 12103K(12544K)->12103K(12544K) NonClass: 10990K(11200K)->10990K(11200K) Class: 1112K(1344K)->1112K(1344K)
[2026-01-28T10:55:41.476+0000][gc          ] GC(174) Pause Young (Normal) (G1 Evacuation Pause) 761M->152M(1024M) 16.065ms
[2026-01-28T10:55:41.476+0000][gc,cpu      ] GC(174) User=0.11s Sys=0.00s Real=0.02s
[2026-01-28T10:55:54.982+0000][gc,start    ] GC(175) Pause Young (Normal) (G1 Evacuation Pause)
[2026-01-28T10:55:54.983+0000][gc,task     ] GC(175) Using 10 workers of 10 for evacuation
[2026-01-28T10:55:54.994+0000][gc,phases   ] GC(175)   Pre Evacuate Collection Set: 0.7ms
[2026-01-28T10:55:54.994+0000][gc,phases   ] GC(175)   Merge Heap Roots: 0.2ms
[2026-01-28T10:55:54.994+0000][gc,phases   ] GC(175)   Evacuate Collection Set: 9.3ms
[2026-01-28T10:55:54.994+0000][gc,phases   ] GC(175)   Post Evacuate Collection Set: 1.2ms
[2026-01-28T10:55:54.995+0000][gc,phases   ] GC(175)   Other: 0.2ms
[2026-01-28T10:55:54.995+0000][gc,heap     ] GC(175) Eden regions: 609->0(608)
[2026-01-28T10:55:54.995+0000][gc,heap     ] GC(175) Survivor regions: 5->6(77)
[2026-01-28T10:55:54.995+0000][gc,heap     ] GC(175) Old regions: 147->148
[2026-01-28T10:55:54.995+0000][gc,heap     ] GC(175) Humongous regions: 1->1
[2026-01-28T10:55:54.995+0000][gc,metaspace] GC(175) Metaspace: 12103K(12544K)->12103K(12544K) NonClass: 10991K(11200K)->10991K(11200K) Class: 1112K(1344K)->1112K(1344K)
[2026-01-28T10:55:54.995+0000][gc          ] GC(175) Pause Young (Normal) (G1 Evacuation Pause) 761M->153M(1024M) 13.381ms
[2026-01-28T10:55:54.995+0000][gc,cpu      ] GC(175) User=0.10s Sys=0.00s Real=0.01s
[2026-01-28T10:56:06.013+0000][gc,start    ] GC(176) Pause Young (Normal) (G1 Evacuation Pause)
[2026-01-28T10:56:06.013+0000][gc,task     ] GC(176) Using 10 workers of 10 for evacuation
[2026-01-28T10:56:06.021+0000][gc,phases   ] GC(176)   Pre Evacuate Collection Set: 0.7ms
[2026-01-28T10:56:06.021+0000][gc,phases   ] GC(176)   Merge Heap Roots: 0.3ms
[2026-01-28T10:56:06.021+0000][gc,phases   ] GC(176)   Evacuate Collection Set: 5.9ms
[2026-01-28T10:56:06.021+0000][gc,phases   ] GC(176)   Post Evacuate Collection Set: 0.9ms
[2026-01-28T10:56:06.021+0000][gc,phases   ] GC(176)   Other: 0.2ms
[2026-01-28T10:56:06.022+0000][gc,heap     ] GC(176) Eden regions: 608->0(609)
[2026-01-28T10:56:06.022+0000][gc,heap     ] GC(176) Survivor regions: 6->5(77)
[2026-01-28T10:56:06.022+0000][gc,heap     ] GC(176) Old regions: 148->148
[2026-01-28T10:56:06.022+0000][gc,heap     ] GC(176) Humongous regions: 1->1
[2026-01-28T10:56:06.022+0000][gc,metaspace] GC(176) Metaspace: 12104K(12544K)->12104K(12544K) NonClass: 10991K(11200K)->10991K(11200K) Class: 1112K(1344K)->1112K(1344K)
[2026-01-28T10:56:06.022+0000][gc          ] GC(176) Pause Young (Normal) (G1 Evacuation Pause) 761M->153M(1024M) 8.997ms
[2026-01-28T10:56:06.022+0000][gc,cpu      ] GC(176) User=0.06s Sys=0.01s Real=0.01s
[2026-01-28T10:56:19.037+0000][gc,start    ] GC(177) Pause Young (Normal) (G1 Evacuation Pause)
[2026-01-28T10:56:19.038+0000][gc,task     ] GC(177) Using 10 workers of 10 for evacuation
[2026-01-28T10:56:19.047+0000][gc,phases   ] GC(177)   Pre Evacuate Collection Set: 1.1ms
[2026-01-28T10:56:19.047+0000][gc,phases   ] GC(177)   Merge Heap Roots: 0.4ms
[2026-01-28T10:56:19.047+0000][gc,phases   ] GC(177)   Evacuate Collection Set: 6.0ms
[2026-01-28T10:56:19.047+0000][gc,phases   ] GC(177)   Post Evacuate Collection Set: 1.0ms
[2026-01-28T10:56:19.047+0000][gc,phases   ] GC(177)   Other: 0.2ms
[2026-01-28T10:56:19.047+0000][gc,heap     ] GC(177) Eden regions: 609->0(609)
[2026-01-28T10:56:19.047+0000][gc,heap     ] GC(177) Survivor regions: 5->5(77)
[2026-01-28T10:56:19.047+0000][gc,heap     ] GC(177) Old regions: 148->148
[2026-01-28T10:56:19.047+0000][gc,heap     ] GC(177) Humongous regions: 1->1
[2026-01-28T10:56:19.047+0000][gc,metaspace] GC(177) Metaspace: 12104K(12544K)->12104K(12544K) NonClass: 10992K(11200K)->10992K(11200K) Class: 1112K(1344K)->1112K(1344K)
[2026-01-28T10:56:19.047+0000][gc          ] GC(177) Pause Young (Normal) (G1 Evacuation Pause) 762M->153M(1024M) 10.348ms
[2026-01-28T10:56:19.047+0000][gc,cpu      ] GC(177) User=0.08s Sys=0.00s Real=0.01s
[2026-01-28T10:56:32.821+0000][gc,start    ] GC(178) Pause Young (Normal) (G1 Evacuation Pause)
[2026-01-28T10:56:32.822+0000][gc,task     ] GC(178) Using 10 workers of 10 for evacuation
[2026-01-28T10:56:32.845+0000][gc,phases   ] GC(178)   Pre Evacuate Collection Set: 0.7ms
[2026-01-28T10:56:32.845+0000][gc,phases   ] GC(178)   Merge Heap Roots: 0.3ms
[2026-01-28T10:56:32.845+0000][gc,phases   ] GC(178)   Evacuate Collection Set: 20.2ms
[2026-01-28T10:56:32.845+0000][gc,phases   ] GC(178)   Post Evacuate Collection Set: 1.1ms
[2026-01-28T10:56:32.845+0000][gc,phases   ] GC(178)   Other: 0.2ms
[2026-01-28T10:56:32.845+0000][gc,heap     ] GC(178) Eden regions: 609->0(609)
[2026-01-28T10:56:32.845+0000][gc,heap     ] GC(178) Survivor regions: 5->5(77)
[2026-01-28T10:56:32.845+0000][gc,heap     ] GC(178) Old regions: 148->149
[2026-01-28T10:56:32.845+0000][gc,heap     ] GC(178) Humongous regions: 1->1
[2026-01-28T10:56:32.845+0000][gc,metaspace] GC(178) Metaspace: 12104K(12544K)->12104K(12544K) NonClass: 10992K(11200K)->10992K(11200K) Class: 1112K(1344K)->1112K(1344K)
[2026-01-28T10:56:32.846+0000][gc          ] GC(178) Pause Young (Normal) (G1 Evacuation Pause) 762M->153M(1024M) 24.081ms
[2026-01-28T10:56:32.846+0000][gc,cpu      ] GC(178) User=0.21s Sys=0.00s Real=0.03s
[2026-01-28T10:56:45.054+0000][gc,start    ] GC(179) Pause Young (Normal) (G1 Evacuation Pause)
[2026-01-28T10:56:45.055+0000][gc,task     ] GC(179) Using 10 workers of 10 for evacuation
[2026-01-28T10:56:45.063+0000][gc,phases   ] GC(179)   Pre Evacuate Collection Set: 0.6ms
[2026-01-28T10:56:45.063+0000][gc,phases   ] GC(179)   Merge Heap Roots: 0.2ms
[2026-01-28T10:56:45.063+0000][gc,phases   ] GC(179)   Evacuate Collection Set: 6.1ms
[2026-01-28T10:56:45.063+0000][gc,phases   ] GC(179)   Post Evacuate Collection Set: 0.9ms
[2026-01-28T10:56:45.063+0000][gc,phases   ] GC(179)   Other: 0.2ms
[2026-01-28T10:56:45.063+0000][gc,heap     ] GC(179) Eden regions: 609->0(608)
[2026-01-28T10:56:45.063+0000][gc,heap     ] GC(179) Survivor regions: 5->6(77)
[2026-01-28T10:56:45.063+0000][gc,heap     ] GC(179) Old regions: 149->149
[2026-01-28T10:56:45.063+0000][gc,heap     ] GC(179) Humongous regions: 1->1
[2026-01-28T10:56:45.063+0000][gc,metaspace] GC(179) Metaspace: 12104K(12544K)->12104K(12544K) NonClass: 10992K(11200K)->10992K(11200K) Class: 1112K(1344K)->1112K(1344K)
[2026-01-28T10:56:45.063+0000][gc          ] GC(179) Pause Young (Normal) (G1 Evacuation Pause) 762M->155M(1024M) 9.431ms
[2026-01-28T10:56:45.063+0000][gc,cpu      ] GC(179) User=0.07s Sys=0.01s Real=0.01s
[2026-01-28T10:56:57.162+0000][gc,start    ] GC(180) Pause Young (Normal) (G1 Evacuation Pause)
[2026-01-28T10:56:57.162+0000][gc,task     ] GC(180) Using 10 workers of 10 for evacuation
[2026-01-28T10:56:57.174+0000][gc,phases   ] GC(180)   Pre Evacuate Collection Set: 0.6ms
[2026-01-28T10:56:57.174+0000][gc,phases   ] GC(180)   Merge Heap Roots: 0.3ms
[2026-01-28T10:56:57.174+0000][gc,phases   ] GC(180)   Evacuate Collection Set: 9.3ms
[2026-01-28T10:56:57.174+0000][gc,phases   ] GC(180)   Post Evacuate Collection Set: 1.4ms
[2026-01-28T10:56:57.174+0000][gc,phases   ] GC(180)   Other: 0.2ms
[2026-01-28T10:56:57.174+0000][gc,heap     ] GC(180) Eden regions: 608->0(609)
[2026-01-28T10:56:57.174+0000][gc,heap     ] GC(180) Survivor regions: 6->5(77)
[2026-01-28T10:56:57.174+0000][gc,heap     ] GC(180) Old regions: 149->149
[2026-01-28T10:56:57.174+0000][gc,heap     ] GC(180) Humongous regions: 1->1
[2026-01-28T10:56:57.174+0000][gc,metaspace] GC(180) Metaspace: 12104K(12544K)->12104K(12544K) NonClass: 10992K(11200K)->10992K(11200K) Class: 1112K(1344K)->1112K(1344K)
[2026-01-28T10:56:57.174+0000][gc          ] GC(180) Pause Young (Normal) (G1 Evacuation Pause) 763M->154M(1024M) 12.841ms
[2026-01-28T10:56:57.174+0000][gc,cpu      ] GC(180) User=0.10s Sys=0.00s Real=0.01s
[2026-01-28T10:57:10.796+0000][gc,start    ] GC(181) Pause Young (Normal) (G1 Evacuation Pause)
[2026-01-28T10:57:10.797+0000][gc,task     ] GC(181) Using 10 workers of 10 for evacuation
[2026-01-28T10:57:10.807+0000][gc,phases   ] GC(181)   Pre Evacuate Collection Set: 0.8ms
[2026-01-28T10:57:10.808+0000][gc,phases   ] GC(181)   Merge Heap Roots: 0.2ms
[2026-01-28T10:57:10.808+0000][gc,phases   ] GC(181)   Evacuate Collection Set: 7.3ms
[2026-01-28T10:57:10.808+0000][gc,phases   ] GC(181)   Post Evacuate Collection Set: 1.6ms
[2026-01-28T10:57:10.808+0000][gc,phases   ] GC(181)   Other: 0.2ms
[2026-01-28T10:57:10.808+0000][gc,heap     ] GC(181) Eden regions: 609->0(609)
[2026-01-28T10:57:10.808+0000][gc,heap     ] GC(181) Survivor regions: 5->5(77)
[2026-01-28T10:57:10.808+0000][gc,heap     ] GC(181) Old regions: 149->150
[2026-01-28T10:57:10.808+0000][gc,heap     ] GC(181) Humongous regions: 1->1
[2026-01-28T10:57:10.808+0000][gc,metaspace] GC(181) Metaspace: 12107K(12544K)->12107K(12544K) NonClass: 10994K(11200K)->10994K(11200K) Class: 1112K(1344K)->1112K(1344K)
[2026-01-28T10:57:10.808+0000][gc          ] GC(181) Pause Young (Normal) (G1 Evacuation Pause) 763M->154M(1024M) 12.126ms
[2026-01-28T10:57:10.808+0000][gc,cpu      ] GC(181) User=0.08s Sys=0.01s Real=0.01s
[2026-01-28T10:57:24.438+0000][gc,start    ] GC(182) Pause Young (Normal) (G1 Evacuation Pause)
[2026-01-28T10:57:24.439+0000][gc,task     ] GC(182) Using 10 workers of 10 for evacuation
[2026-01-28T10:57:24.462+0000][gc,phases   ] GC(182)   Pre Evacuate Collection Set: 0.7ms
[2026-01-28T10:57:24.462+0000][gc,phases   ] GC(182)   Merge Heap Roots: 0.3ms
[2026-01-28T10:57:24.462+0000][gc,phases   ] GC(182)   Evacuate Collection Set: 20.4ms
[2026-01-28T10:57:24.462+0000][gc,phases   ] GC(182)   Post Evacuate Collection Set: 1.9ms
[2026-01-28T10:57:24.462+0000][gc,phases   ] GC(182)   Other: 0.3ms
[2026-01-28T10:57:24.463+0000][gc,heap     ] GC(182) Eden regions: 609->0(609)
[2026-01-28T10:57:24.463+0000][gc,heap     ] GC(182) Survivor regions: 5->5(77)
[2026-01-28T10:57:24.463+0000][gc,heap     ] GC(182) Old regions: 150->150
[2026-01-28T10:57:24.463+0000][gc,heap     ] GC(182) Humongous regions: 1->1
[2026-01-28T10:57:24.463+0000][gc,metaspace] GC(182) Metaspace: 12111K(12544K)->12111K(12544K) NonClass: 10999K(11200K)->10999K(11200K) Class: 1112K(1344K)->1112K(1344K)
[2026-01-28T10:57:24.463+0000][gc          ] GC(182) Pause Young (Normal) (G1 Evacuation Pause) 763M->155M(1024M) 24.981ms
[2026-01-28T10:57:24.463+0000][gc,cpu      ] GC(182) User=0.21s Sys=0.00s Real=0.03s
[2026-01-28T10:57:35.460+0000][gc,start    ] GC(183) Pause Young (Normal) (G1 Evacuation Pause)
[2026-01-28T10:57:35.461+0000][gc,task     ] GC(183) Using 10 workers of 10 for evacuation
[2026-01-28T10:57:35.481+0000][gc,phases   ] GC(183)   Pre Evacuate Collection Set: 1.8ms
[2026-01-28T10:57:35.481+0000][gc,phases   ] GC(183)   Merge Heap Roots: 1.2ms
[2026-01-28T10:57:35.481+0000][gc,phases   ] GC(183)   Evacuate Collection Set: 15.7ms
[2026-01-28T10:57:35.481+0000][gc,phases   ] GC(183)   Post Evacuate Collection Set: 1.0ms
[2026-01-28T10:57:35.481+0000][gc,phases   ] GC(183)   Other: 0.5ms
[2026-01-28T10:57:35.481+0000][gc,heap     ] GC(183) Eden regions: 609->0(609)
[2026-01-28T10:57:35.481+0000][gc,heap     ] GC(183) Survivor regions: 5->5(77)
[2026-01-28T10:57:35.481+0000][gc,heap     ] GC(183) Old regions: 150->150
[2026-01-28T10:57:35.481+0000][gc,heap     ] GC(183) Humongous regions: 1->1
[2026-01-28T10:57:35.482+0000][gc,metaspace] GC(183) Metaspace: 12121K(12544K)->12121K(12544K) NonClass: 11008K(11200K)->11008K(11200K) Class: 1112K(1344K)->1112K(1344K)
[2026-01-28T10:57:35.482+0000][gc          ] GC(183) Pause Young (Normal) (G1 Evacuation Pause) 764M->155M(1024M) 21.300ms
[2026-01-28T10:57:35.482+0000][gc,cpu      ] GC(183) User=0.18s Sys=0.00s Real=0.02s
[2026-01-28T10:57:49.201+0000][gc,start    ] GC(184) Pause Young (Normal) (G1 Evacuation Pause)
[2026-01-28T10:57:49.203+0000][gc,task     ] GC(184) Using 10 workers of 10 for evacuation
[2026-01-28T10:57:49.219+0000][gc,phases   ] GC(184)   Pre Evacuate Collection Set: 1.2ms
[2026-01-28T10:57:49.219+0000][gc,phases   ] GC(184)   Merge Heap Roots: 0.3ms
[2026-01-28T10:57:49.219+0000][gc,phases   ] GC(184)   Evacuate Collection Set: 12.8ms
[2026-01-28T10:57:49.219+0000][gc,phases   ] GC(184)   Post Evacuate Collection Set: 1.4ms
[2026-01-28T10:57:49.219+0000][gc,phases   ] GC(184)   Other: 0.4ms
[2026-01-28T10:57:49.219+0000][gc,heap     ] GC(184) Eden regions: 609->0(609)
[2026-01-28T10:57:49.219+0000][gc,heap     ] GC(184) Survivor regions: 5->5(77)
[2026-01-28T10:57:49.219+0000][gc,heap     ] GC(184) Old regions: 150->150
[2026-01-28T10:57:49.219+0000][gc,heap     ] GC(184) Humongous regions: 1->1
[2026-01-28T10:57:49.219+0000][gc,metaspace] GC(184) Metaspace: 12338K(12736K)->12338K(12736K) NonClass: 11191K(11328K)->11191K(11328K) Class: 1147K(1408K)->1147K(1408K)
[2026-01-28T10:57:49.220+0000][gc          ] GC(184) Pause Young (Normal) (G1 Evacuation Pause) 764M->155M(1024M) 18.110ms
[2026-01-28T10:57:49.220+0000][gc,cpu      ] GC(184) User=0.15s Sys=0.00s Real=0.02s
[2026-01-28T10:58:02.540+0000][gc,start    ] GC(185) Pause Young (Normal) (G1 Evacuation Pause)
[2026-01-28T10:58:02.540+0000][gc,task     ] GC(185) Using 10 workers of 10 for evacuation
[2026-01-28T10:58:02.559+0000][gc,phases   ] GC(185)   Pre Evacuate Collection Set: 1.0ms
[2026-01-28T10:58:02.559+0000][gc,phases   ] GC(185)   Merge Heap Roots: 0.4ms
[2026-01-28T10:58:02.559+0000][gc,phases   ] GC(185)   Evacuate Collection Set: 13.9ms
[2026-01-28T10:58:02.559+0000][gc,phases   ] GC(185)   Post Evacuate Collection Set: 2.9ms
[2026-01-28T10:58:02.559+0000][gc,phases   ] GC(185)   Other: 0.5ms
[2026-01-28T10:58:02.560+0000][gc,heap     ] GC(185) Eden regions: 609->0(609)
[2026-01-28T10:58:02.560+0000][gc,heap     ] GC(185) Survivor regions: 5->5(77)
[2026-01-28T10:58:02.560+0000][gc,heap     ] GC(185) Old regions: 150->151
[2026-01-28T10:58:02.560+0000][gc,heap     ] GC(185) Humongous regions: 1->1
[2026-01-28T10:58:02.560+0000][gc,metaspace] GC(185) Metaspace: 12342K(12800K)->12342K(12800K) NonClass: 11194K(11392K)->11194K(11392K) Class: 1147K(1408K)->1147K(1408K)
[2026-01-28T10:58:02.560+0000][gc          ] GC(185) Pause Young (Normal) (G1 Evacuation Pause) 764M->156M(1024M) 20.382ms
[2026-01-28T10:58:02.560+0000][gc,cpu      ] GC(185) User=0.16s Sys=0.00s Real=0.02s
[2026-01-28T10:58:15.089+0000][gc,start    ] GC(186) Pause Young (Normal) (G1 Evacuation Pause)
[2026-01-28T10:58:15.090+0000][gc,task     ] GC(186) Using 10 workers of 10 for evacuation
[2026-01-28T10:58:15.100+0000][gc,phases   ] GC(186)   Pre Evacuate Collection Set: 0.8ms
[2026-01-28T10:58:15.100+0000][gc,phases   ] GC(186)   Merge Heap Roots: 0.3ms
[2026-01-28T10:58:15.100+0000][gc,phases   ] GC(186)   Evacuate Collection Set: 7.8ms
[2026-01-28T10:58:15.100+0000][gc,phases   ] GC(186)   Post Evacuate Collection Set: 0.9ms
[2026-01-28T10:58:15.100+0000][gc,phases   ] GC(186)   Other: 0.2ms
[2026-01-28T10:58:15.100+0000][gc,heap     ] GC(186) Eden regions: 609->0(608)
[2026-01-28T10:58:15.100+0000][gc,heap     ] GC(186) Survivor regions: 5->6(77)
[2026-01-28T10:58:15.100+0000][gc,heap     ] GC(186) Old regions: 151->151
[2026-01-28T10:58:15.101+0000][gc,heap     ] GC(186) Humongous regions: 1->1
[2026-01-28T10:58:15.101+0000][gc,metaspace] GC(186) Metaspace: 12342K(12800K)->12342K(12800K) NonClass: 11194K(11392K)->11194K(11392K) Class: 1147K(1408K)->1147K(1408K)
[2026-01-28T10:58:15.101+0000][gc          ] GC(186) Pause Young (Normal) (G1 Evacuation Pause) 765M->157M(1024M) 11.546ms
[2026-01-28T10:58:15.101+0000][gc,cpu      ] GC(186) User=0.08s Sys=0.00s Real=0.02s
[2026-01-28T10:58:26.779+0000][gc,start    ] GC(187) Pause Young (Normal) (G1 Evacuation Pause)
[2026-01-28T10:58:26.780+0000][gc,task     ] GC(187) Using 10 workers of 10 for evacuation
[2026-01-28T10:58:26.786+0000][gc,phases   ] GC(187)   Pre Evacuate Collection Set: 0.7ms
[2026-01-28T10:58:26.786+0000][gc,phases   ] GC(187)   Merge Heap Roots: 0.3ms
[2026-01-28T10:58:26.786+0000][gc,phases   ] GC(187)   Evacuate Collection Set: 4.3ms
[2026-01-28T10:58:26.786+0000][gc,phases   ] GC(187)   Post Evacuate Collection Set: 0.7ms
[2026-01-28T10:58:26.786+0000][gc,phases   ] GC(187)   Other: 0.2ms
[2026-01-28T10:58:26.786+0000][gc,heap     ] GC(187) Eden regions: 608->0(609)
[2026-01-28T10:58:26.786+0000][gc,heap     ] GC(187) Survivor regions: 6->5(77)
[2026-01-28T10:58:26.786+0000][gc,heap     ] GC(187) Old regions: 151->151
[2026-01-28T10:58:26.786+0000][gc,heap     ] GC(187) Humongous regions: 1->1
[2026-01-28T10:58:26.786+0000][gc,metaspace] GC(187) Metaspace: 12343K(12800K)->12343K(12800K) NonClass: 11195K(11392K)->11195K(11392K) Class: 1147K(1408K)->1147K(1408K)
[2026-01-28T10:58:26.786+0000][gc          ] GC(187) Pause Young (Normal) (G1 Evacuation Pause) 765M->156M(1024M) 7.565ms
[2026-01-28T10:58:26.786+0000][gc,cpu      ] GC(187) User=0.05s Sys=0.00s Real=0.01s
[2026-01-28T10:58:40.502+0000][gc,start    ] GC(188) Pause Young (Normal) (G1 Evacuation Pause)
[2026-01-28T10:58:40.503+0000][gc,task     ] GC(188) Using 10 workers of 10 for evacuation
[2026-01-28T10:58:40.519+0000][gc,phases   ] GC(188)   Pre Evacuate Collection Set: 1.3ms
[2026-01-28T10:58:40.519+0000][gc,phases   ] GC(188)   Merge Heap Roots: 0.6ms
[2026-01-28T10:58:40.519+0000][gc,phases   ] GC(188)   Evacuate Collection Set: 12.1ms
[2026-01-28T10:58:40.519+0000][gc,phases   ] GC(188)   Post Evacuate Collection Set: 1.5ms
[2026-01-28T10:58:40.519+0000][gc,phases   ] GC(188)   Other: 0.4ms
[2026-01-28T10:58:40.519+0000][gc,heap     ] GC(188) Eden regions: 609->0(609)
[2026-01-28T10:58:40.519+0000][gc,heap     ] GC(188) Survivor regions: 5->5(77)
[2026-01-28T10:58:40.519+0000][gc,heap     ] GC(188) Old regions: 151->152
[2026-01-28T10:58:40.519+0000][gc,heap     ] GC(188) Humongous regions: 1->1
[2026-01-28T10:58:40.519+0000][gc,metaspace] GC(188) Metaspace: 12343K(12800K)->12343K(12800K) NonClass: 11195K(11392K)->11195K(11392K) Class: 1147K(1408K)->1147K(1408K)
[2026-01-28T10:58:40.519+0000][gc          ] GC(188) Pause Young (Normal) (G1 Evacuation Pause) 765M->157M(1024M) 17.615ms
[2026-01-28T10:58:40.519+0000][gc,cpu      ] GC(188) User=0.14s Sys=0.00s Real=0.02s
[2026-01-28T10:58:54.179+0000][gc,start    ] GC(189) Pause Young (Normal) (G1 Evacuation Pause)
[2026-01-28T10:58:54.181+0000][gc,task     ] GC(189) Using 10 workers of 10 for evacuation
[2026-01-28T10:58:54.200+0000][gc,phases   ] GC(189)   Pre Evacuate Collection Set: 2.8ms
[2026-01-28T10:58:54.200+0000][gc,phases   ] GC(189)   Merge Heap Roots: 1.1ms
[2026-01-28T10:58:54.200+0000][gc,phases   ] GC(189)   Evacuate Collection Set: 12.7ms
[2026-01-28T10:58:54.200+0000][gc,phases   ] GC(189)   Post Evacuate Collection Set: 2.2ms
[2026-01-28T10:58:54.200+0000][gc,phases   ] GC(189)   Other: 0.9ms
[2026-01-28T10:58:54.200+0000][gc,heap     ] GC(189) Eden regions: 609->0(609)
[2026-01-28T10:58:54.200+0000][gc,heap     ] GC(189) Survivor regions: 5->5(77)
[2026-01-28T10:58:54.200+0000][gc,heap     ] GC(189) Old regions: 152->152
[2026-01-28T10:58:54.200+0000][gc,heap     ] GC(189) Humongous regions: 1->1
[2026-01-28T10:58:54.200+0000][gc,metaspace] GC(189) Metaspace: 12343K(12800K)->12343K(12800K) NonClass: 11195K(11392K)->11195K(11392K) Class: 1147K(1408K)->1147K(1408K)
[2026-01-28T10:58:54.200+0000][gc          ] GC(189) Pause Young (Normal) (G1 Evacuation Pause) 766M->157M(1024M) 21.071ms
[2026-01-28T10:58:54.200+0000][gc,cpu      ] GC(189) User=0.15s Sys=0.00s Real=0.02s
[2026-01-28T10:59:05.237+0000][gc,start    ] GC(190) Pause Young (Normal) (G1 Evacuation Pause)
[2026-01-28T10:59:05.238+0000][gc,task     ] GC(190) Using 10 workers of 10 for evacuation
[2026-01-28T10:59:05.257+0000][gc,phases   ] GC(190)   Pre Evacuate Collection Set: 0.8ms
[2026-01-28T10:59:05.257+0000][gc,phases   ] GC(190)   Merge Heap Roots: 0.3ms
[2026-01-28T10:59:05.257+0000][gc,phases   ] GC(190)   Evacuate Collection Set: 15.6ms
[2026-01-28T10:59:05.257+0000][gc,phases   ] GC(190)   Post Evacuate Collection Set: 1.9ms
[2026-01-28T10:59:05.257+0000][gc,phases   ] GC(190)   Other: 0.3ms
[2026-01-28T10:59:05.257+0000][gc,heap     ] GC(190) Eden regions: 609->0(607)
[2026-01-28T10:59:05.257+0000][gc,heap     ] GC(190) Survivor regions: 5->7(77)
[2026-01-28T10:59:05.257+0000][gc,heap     ] GC(190) Old regions: 152->152
[2026-01-28T10:59:05.258+0000][gc,heap     ] GC(190) Humongous regions: 1->1
[2026-01-28T10:59:05.258+0000][gc,metaspace] GC(190) Metaspace: 12343K(12800K)->12343K(12800K) NonClass: 11195K(11392K)->11195K(11392K) Class: 1147K(1408K)->1147K(1408K)
[2026-01-28T10:59:05.258+0000][gc          ] GC(190) Pause Young (Normal) (G1 Evacuation Pause) 766M->159M(1024M) 20.567ms
[2026-01-28T10:59:05.258+0000][gc,cpu      ] GC(190) User=0.17s Sys=0.00s Real=0.02s
[2026-01-28T10:59:18.677+0000][gc,start    ] GC(191) Pause Young (Normal) (G1 Evacuation Pause)
[2026-01-28T10:59:18.678+0000][gc,task     ] GC(191) Using 10 workers of 10 for evacuation
[2026-01-28T10:59:18.686+0000][gc,phases   ] GC(191)   Pre Evacuate Collection Set: 0.8ms
[2026-01-28T10:59:18.686+0000][gc,phases   ] GC(191)   Merge Heap Roots: 0.3ms
[2026-01-28T10:59:18.686+0000][gc,phases   ] GC(191)   Evacuate Collection Set: 5.5ms
[2026-01-28T10:59:18.686+0000][gc,phases   ] GC(191)   Post Evacuate Collection Set: 0.7ms
[2026-01-28T10:59:18.686+0000][gc,phases   ] GC(191)   Other: 0.1ms
[2026-01-28T10:59:18.686+0000][gc,heap     ] GC(191) Eden regions: 607->0(608)
[2026-01-28T10:59:18.686+0000][gc,heap     ] GC(191) Survivor regions: 7->6(77)
[2026-01-28T10:59:18.686+0000][gc,heap     ] GC(191) Old regions: 152->153
[2026-01-28T10:59:18.686+0000][gc,heap     ] GC(191) Humongous regions: 1->1
[2026-01-28T10:59:18.686+0000][gc,metaspace] GC(191) Metaspace: 12348K(12800K)->12348K(12800K) NonClass: 11201K(11392K)->11201K(11392K) Class: 1147K(1408K)->1147K(1408K)
[2026-01-28T10:59:18.686+0000][gc          ] GC(191) Pause Young (Normal) (G1 Evacuation Pause) 766M->158M(1024M) 8.980ms
[2026-01-28T10:59:18.686+0000][gc,cpu      ] GC(191) User=0.07s Sys=0.00s Real=0.01s
[2026-01-28T10:59:31.875+0000][gc,start    ] GC(192) Pause Young (Normal) (G1 Evacuation Pause)
[2026-01-28T10:59:31.876+0000][gc,task     ] GC(192) Using 10 workers of 10 for evacuation
[2026-01-28T10:59:31.884+0000][gc,phases   ] GC(192)   Pre Evacuate Collection Set: 0.8ms
[2026-01-28T10:59:31.884+0000][gc,phases   ] GC(192)   Merge Heap Roots: 0.3ms
[2026-01-28T10:59:31.884+0000][gc,phases   ] GC(192)   Evacuate Collection Set: 5.7ms
[2026-01-28T10:59:31.884+0000][gc,phases   ] GC(192)   Post Evacuate Collection Set: 0.9ms
[2026-01-28T10:59:31.884+0000][gc,phases   ] GC(192)   Other: 0.2ms
[2026-01-28T10:59:31.884+0000][gc,heap     ] GC(192) Eden regions: 608->0(609)
[2026-01-28T10:59:31.884+0000][gc,heap     ] GC(192) Survivor regions: 6->5(77)
[2026-01-28T10:59:31.884+0000][gc,heap     ] GC(192) Old regions: 153->153
[2026-01-28T10:59:31.884+0000][gc,heap     ] GC(192) Humongous regions: 1->1
[2026-01-28T10:59:31.884+0000][gc,metaspace] GC(192) Metaspace: 12351K(12800K)->12351K(12800K) NonClass: 11203K(11392K)->11203K(11392K) Class: 1147K(1408K)->1147K(1408K)
[2026-01-28T10:59:31.885+0000][gc          ] GC(192) Pause Young (Normal) (G1 Evacuation Pause) 766M->158M(1024M) 9.239ms
[2026-01-28T10:59:31.885+0000][gc,cpu      ] GC(192) User=0.06s Sys=0.00s Real=0.01s
[2026-01-28T10:59:44.868+0000][gc,start    ] GC(193) Pause Young (Normal) (G1 Evacuation Pause)
[2026-01-28T10:59:44.869+0000][gc,task     ] GC(193) Using 10 workers of 10 for evacuation
[2026-01-28T10:59:44.879+0000][gc,phases   ] GC(193)   Pre Evacuate Collection Set: 1.1ms
[2026-01-28T10:59:44.879+0000][gc,phases   ] GC(193)   Merge Heap Roots: 0.6ms
[2026-01-28T10:59:44.879+0000][gc,phases   ] GC(193)   Evacuate Collection Set: 7.4ms
[2026-01-28T10:59:44.879+0000][gc,phases   ] GC(193)   Post Evacuate Collection Set: 1.0ms
[2026-01-28T10:59:44.879+0000][gc,phases   ] GC(193)   Other: 0.2ms
[2026-01-28T10:59:44.880+0000][gc,heap     ] GC(193) Eden regions: 609->0(609)
[2026-01-28T10:59:44.880+0000][gc,heap     ] GC(193) Survivor regions: 5->5(77)
[2026-01-28T10:59:44.880+0000][gc,heap     ] GC(193) Old regions: 153->153
[2026-01-28T10:59:44.880+0000][gc,heap     ] GC(193) Humongous regions: 1->1
[2026-01-28T10:59:44.880+0000][gc,metaspace] GC(193) Metaspace: 12351K(12800K)->12351K(12800K) NonClass: 11203K(11392K)->11203K(11392K) Class: 1147K(1408K)->1147K(1408K)
[2026-01-28T10:59:44.880+0000][gc          ] GC(193) Pause Young (Normal) (G1 Evacuation Pause) 767M->158M(1024M) 12.086ms
[2026-01-28T10:59:44.880+0000][gc,cpu      ] GC(193) User=0.09s Sys=0.00s Real=0.01s
[2026-01-28T10:59:56.669+0000][gc,start    ] GC(194) Pause Young (Normal) (G1 Evacuation Pause)
[2026-01-28T10:59:56.669+0000][gc,task     ] GC(194) Using 10 workers of 10 for evacuation
[2026-01-28T10:59:56.683+0000][gc,phases   ] GC(194)   Pre Evacuate Collection Set: 0.8ms
[2026-01-28T10:59:56.683+0000][gc,phases   ] GC(194)   Merge Heap Roots: 0.3ms
[2026-01-28T10:59:56.683+0000][gc,phases   ] GC(194)   Evacuate Collection Set: 11.5ms
[2026-01-28T10:59:56.683+0000][gc,phases   ] GC(194)   Post Evacuate Collection Set: 1.0ms
[2026-01-28T10:59:56.683+0000][gc,phases   ] GC(194)   Other: 0.2ms
[2026-01-28T10:59:56.683+0000][gc,heap     ] GC(194) Eden regions: 609->0(609)
[2026-01-28T10:59:56.684+0000][gc,heap     ] GC(194) Survivor regions: 5->5(77)
[2026-01-28T10:59:56.684+0000][gc,heap     ] GC(194) Old regions: 153->154
[2026-01-28T10:59:56.684+0000][gc,heap     ] GC(194) Humongous regions: 1->1
[2026-01-28T10:59:56.684+0000][gc,metaspace] GC(194) Metaspace: 12354K(12800K)->12354K(12800K) NonClass: 11206K(11392K)->11206K(11392K) Class: 1147K(1408K)->1147K(1408K)
[2026-01-28T10:59:56.684+0000][gc          ] GC(194) Pause Young (Normal) (G1 Evacuation Pause) 767M->159M(1024M) 15.020ms
[2026-01-28T10:59:56.684+0000][gc,cpu      ] GC(194) User=0.12s Sys=0.00s Real=0.02s
[2026-01-28T11:00:10.240+0000][gc,start    ] GC(195) Pause Young (Normal) (G1 Evacuation Pause)
[2026-01-28T11:00:10.240+0000][gc,task     ] GC(195) Using 10 workers of 10 for evacuation
[2026-01-28T11:00:10.252+0000][gc,phases   ] GC(195)   Pre Evacuate Collection Set: 0.8ms
[2026-01-28T11:00:10.252+0000][gc,phases   ] GC(195)   Merge Heap Roots: 0.2ms
[2026-01-28T11:00:10.252+0000][gc,phases   ] GC(195)   Evacuate Collection Set: 9.5ms
[2026-01-28T11:00:10.252+0000][gc,phases   ] GC(195)   Post Evacuate Collection Set: 0.9ms
[2026-01-28T11:00:10.252+0000][gc,phases   ] GC(195)   Other: 0.2ms
[2026-01-28T11:00:10.252+0000][gc,heap     ] GC(195) Eden regions: 609->0(609)
[2026-01-28T11:00:10.252+0000][gc,heap     ] GC(195) Survivor regions: 5->5(77)
[2026-01-28T11:00:10.252+0000][gc,heap     ] GC(195) Old regions: 154->154
[2026-01-28T11:00:10.252+0000][gc,heap     ] GC(195) Humongous regions: 1->1
[2026-01-28T11:00:10.252+0000][gc,metaspace] GC(195) Metaspace: 12354K(12800K)->12354K(12800K) NonClass: 11206K(11392K)->11206K(11392K) Class: 1147K(1408K)->1147K(1408K)
[2026-01-28T11:00:10.252+0000][gc          ] GC(195) Pause Young (Normal) (G1 Evacuation Pause) 768M->159M(1024M) 12.615ms
[2026-01-28T11:00:10.252+0000][gc,cpu      ] GC(195) User=0.10s Sys=0.00s Real=0.02s
[2026-01-28T11:00:23.973+0000][gc,start    ] GC(196) Pause Young (Normal) (G1 Evacuation Pause)
[2026-01-28T11:00:23.974+0000][gc,task     ] GC(196) Using 10 workers of 10 for evacuation
[2026-01-28T11:00:23.990+0000][gc,phases   ] GC(196)   Pre Evacuate Collection Set: 1.4ms
[2026-01-28T11:00:23.990+0000][gc,phases   ] GC(196)   Merge Heap Roots: 0.8ms
[2026-01-28T11:00:23.990+0000][gc,phases   ] GC(196)   Evacuate Collection Set: 11.9ms
[2026-01-28T11:00:23.990+0000][gc,phases   ] GC(196)   Post Evacuate Collection Set: 1.7ms
[2026-01-28T11:00:23.990+0000][gc,phases   ] GC(196)   Other: 0.2ms
[2026-01-28T11:00:23.991+0000][gc,heap     ] GC(196) Eden regions: 609->0(609)
[2026-01-28T11:00:23.991+0000][gc,heap     ] GC(196) Survivor regions: 5->5(77)
[2026-01-28T11:00:23.991+0000][gc,heap     ] GC(196) Old regions: 154->154
[2026-01-28T11:00:23.991+0000][gc,heap     ] GC(196) Humongous regions: 1->1
[2026-01-28T11:00:23.991+0000][gc,metaspace] GC(196) Metaspace: 12354K(12800K)->12354K(12800K) NonClass: 11206K(11392K)->11206K(11392K) Class: 1147K(1408K)->1147K(1408K)
[2026-01-28T11:00:23.991+0000][gc          ] GC(196) Pause Young (Normal) (G1 Evacuation Pause) 768M->159M(1024M) 17.959ms
[2026-01-28T11:00:23.991+0000][gc,cpu      ] GC(196) User=0.13s Sys=0.00s Real=0.02s
[2026-01-28T11:00:35.184+0000][gc,start    ] GC(197) Pause Young (Normal) (G1 Evacuation Pause)
[2026-01-28T11:00:35.186+0000][gc,task     ] GC(197) Using 10 workers of 10 for evacuation
[2026-01-28T11:00:35.207+0000][gc,phases   ] GC(197)   Pre Evacuate Collection Set: 5.1ms
[2026-01-28T11:00:35.208+0000][gc,phases   ] GC(197)   Merge Heap Roots: 1.2ms
[2026-01-28T11:00:35.208+0000][gc,phases   ] GC(197)   Evacuate Collection Set: 13.6ms
[2026-01-28T11:00:35.208+0000][gc,phases   ] GC(197)   Post Evacuate Collection Set: 1.4ms
[2026-01-28T11:00:35.208+0000][gc,phases   ] GC(197)   Other: 1.2ms
[2026-01-28T11:00:35.208+0000][gc,heap     ] GC(197) Eden regions: 609->0(607)
[2026-01-28T11:00:35.208+0000][gc,heap     ] GC(197) Survivor regions: 5->7(77)
[2026-01-28T11:00:35.208+0000][gc,heap     ] GC(197) Old regions: 154->155
[2026-01-28T11:00:35.208+0000][gc,heap     ] GC(197) Humongous regions: 1->1
[2026-01-28T11:00:35.208+0000][gc,metaspace] GC(197) Metaspace: 12354K(12800K)->12354K(12800K) NonClass: 11206K(11392K)->11206K(11392K) Class: 1147K(1408K)->1147K(1408K)
[2026-01-28T11:00:35.208+0000][gc          ] GC(197) Pause Young (Normal) (G1 Evacuation Pause) 768M->162M(1024M) 24.082ms
[2026-01-28T11:00:35.208+0000][gc,cpu      ] GC(197) User=0.16s Sys=0.00s Real=0.02s
[2026-01-28T11:00:48.467+0000][gc,start    ] GC(198) Pause Young (Normal) (G1 Evacuation Pause)
[2026-01-28T11:00:48.467+0000][gc,task     ] GC(198) Using 10 workers of 10 for evacuation
[2026-01-28T11:00:48.476+0000][gc,phases   ] GC(198)   Pre Evacuate Collection Set: 0.9ms
[2026-01-28T11:00:48.476+0000][gc,phases   ] GC(198)   Merge Heap Roots: 0.3ms
[2026-01-28T11:00:48.476+0000][gc,phases   ] GC(198)   Evacuate Collection Set: 6.8ms
[2026-01-28T11:00:48.476+0000][gc,phases   ] GC(198)   Post Evacuate Collection Set: 0.8ms
[2026-01-28T11:00:48.476+0000][gc,phases   ] GC(198)   Other: 0.2ms
[2026-01-28T11:00:48.476+0000][gc,heap     ] GC(198) Eden regions: 607->0(609)
[2026-01-28T11:00:48.476+0000][gc,heap     ] GC(198) Survivor regions: 7->5(77)
[2026-01-28T11:00:48.476+0000][gc,heap     ] GC(198) Old regions: 155->155
[2026-01-28T11:00:48.476+0000][gc,heap     ] GC(198) Humongous regions: 1->1
[2026-01-28T11:00:48.476+0000][gc,metaspace] GC(198) Metaspace: 12354K(12800K)->12354K(12800K) NonClass: 11206K(11392K)->11206K(11392K) Class: 1147K(1408K)->1147K(1408K)
[2026-01-28T11:00:48.477+0000][gc          ] GC(198) Pause Young (Normal) (G1 Evacuation Pause) 769M->160M(1024M) 10.000ms
[2026-01-28T11:00:48.477+0000][gc,cpu      ] GC(198) User=0.08s Sys=0.00s Real=0.01s
[2026-01-28T11:01:01.855+0000][gc,start    ] GC(199) Pause Young (Normal) (G1 Evacuation Pause)
[2026-01-28T11:01:01.856+0000][gc,task     ] GC(199) Using 10 workers of 10 for evacuation
[2026-01-28T11:01:01.865+0000][gc,phases   ] GC(199)   Pre Evacuate Collection Set: 0.9ms
[2026-01-28T11:01:01.865+0000][gc,phases   ] GC(199)   Merge Heap Roots: 0.3ms
[2026-01-28T11:01:01.865+0000][gc,phases   ] GC(199)   Evacuate Collection Set: 6.5ms
[2026-01-28T11:01:01.865+0000][gc,phases   ] GC(199)   Post Evacuate Collection Set: 0.9ms
[2026-01-28T11:01:01.865+0000][gc,phases   ] GC(199)   Other: 0.2ms
[2026-01-28T11:01:01.865+0000][gc,heap     ] GC(199) Eden regions: 609->0(609)
[2026-01-28T11:01:01.866+0000][gc,heap     ] GC(199) Survivor regions: 5->5(77)
[2026-01-28T11:01:01.866+0000][gc,heap     ] GC(199) Old regions: 155->155
[2026-01-28T11:01:01.866+0000][gc,heap     ] GC(199) Humongous regions: 1->1
[2026-01-28T11:01:01.866+0000][gc,metaspace] GC(199) Metaspace: 12355K(12800K)->12355K(12800K) NonClass: 11207K(11392K)->11207K(11392K) Class: 1147K(1408K)->1147K(1408K)
[2026-01-28T11:01:01.866+0000][gc          ] GC(199) Pause Young (Normal) (G1 Evacuation Pause) 769M->160M(1024M) 10.250ms
[2026-01-28T11:01:01.866+0000][gc,cpu      ] GC(199) User=0.07s Sys=0.00s Real=0.01s
[2026-01-28T11:01:15.037+0000][gc,start    ] GC(200) Pause Young (Normal) (G1 Evacuation Pause)
[2026-01-28T11:01:15.038+0000][gc,task     ] GC(200) Using 10 workers of 10 for evacuation
[2026-01-28T11:01:15.053+0000][gc,phases   ] GC(200)   Pre Evacuate Collection Set: 0.7ms
[2026-01-28T11:01:15.053+0000][gc,phases   ] GC(200)   Merge Heap Roots: 0.3ms
[2026-01-28T11:01:15.053+0000][gc,phases   ] GC(200)   Evacuate Collection Set: 11.6ms
[2026-01-28T11:01:15.053+0000][gc,phases   ] GC(200)   Post Evacuate Collection Set: 1.5ms
[2026-01-28T11:01:15.053+0000][gc,phases   ] GC(200)   Other: 0.2ms
[2026-01-28T11:01:15.053+0000][gc,heap     ] GC(200) Eden regions: 609->0(608)
[2026-01-28T11:01:15.053+0000][gc,heap     ] GC(200) Survivor regions: 5->6(77)
[2026-01-28T11:01:15.053+0000][gc,heap     ] GC(200) Old regions: 155->156
[2026-01-28T11:01:15.053+0000][gc,heap     ] GC(200) Humongous regions: 1->1
[2026-01-28T11:01:15.053+0000][gc,metaspace] GC(200) Metaspace: 12356K(12800K)->12356K(12800K) NonClass: 11208K(11392K)->11208K(11392K) Class: 1147K(1408K)->1147K(1408K)
[2026-01-28T11:01:15.053+0000][gc          ] GC(200) Pause Young (Normal) (G1 Evacuation Pause) 769M->161M(1024M) 15.940ms
[2026-01-28T11:01:15.053+0000][gc,cpu      ] GC(200) User=0.13s Sys=0.00s Real=0.02s
[2026-01-28T11:01:26.643+0000][gc,start    ] GC(201) Pause Young (Normal) (G1 Evacuation Pause)
[2026-01-28T11:01:26.644+0000][gc,task     ] GC(201) Using 10 workers of 10 for evacuation
[2026-01-28T11:01:26.655+0000][gc,phases   ] GC(201)   Pre Evacuate Collection Set: 1.0ms
[2026-01-28T11:01:26.655+0000][gc,phases   ] GC(201)   Merge Heap Roots: 0.3ms
[2026-01-28T11:01:26.655+0000][gc,phases   ] GC(201)   Evacuate Collection Set: 7.7ms
[2026-01-28T11:01:26.655+0000][gc,phases   ] GC(201)   Post Evacuate Collection Set: 1.0ms
[2026-01-28T11:01:26.655+0000][gc,phases   ] GC(201)   Other: 0.2ms
[2026-01-28T11:01:26.655+0000][gc,heap     ] GC(201) Eden regions: 608->0(609)
[2026-01-28T11:01:26.655+0000][gc,heap     ] GC(201) Survivor regions: 6->5(77)
[2026-01-28T11:01:26.655+0000][gc,heap     ] GC(201) Old regions: 156->156
[2026-01-28T11:01:26.655+0000][gc,heap     ] GC(201) Humongous regions: 1->1
[2026-01-28T11:01:26.655+0000][gc,metaspace] GC(201) Metaspace: 12356K(12800K)->12356K(12800K) NonClass: 11208K(11392K)->11208K(11392K) Class: 1147K(1408K)->1147K(1408K)
[2026-01-28T11:01:26.655+0000][gc          ] GC(201) Pause Young (Normal) (G1 Evacuation Pause) 769M->161M(1024M) 11.777ms
[2026-01-28T11:01:26.655+0000][gc,cpu      ] GC(201) User=0.09s Sys=0.00s Real=0.01s
[2026-01-28T11:01:40.272+0000][gc,start    ] GC(202) Pause Young (Normal) (G1 Evacuation Pause)
[2026-01-28T11:01:40.273+0000][gc,task     ] GC(202) Using 10 workers of 10 for evacuation
[2026-01-28T11:01:40.288+0000][gc,phases   ] GC(202)   Pre Evacuate Collection Set: 1.4ms
[2026-01-28T11:01:40.288+0000][gc,phases   ] GC(202)   Merge Heap Roots: 0.4ms
[2026-01-28T11:01:40.288+0000][gc,phases   ] GC(202)   Evacuate Collection Set: 11.8ms
[2026-01-28T11:01:40.288+0000][gc,phases   ] GC(202)   Post Evacuate Collection Set: 1.0ms
[2026-01-28T11:01:40.288+0000][gc,phases   ] GC(202)   Other: 0.2ms
[2026-01-28T11:01:40.288+0000][gc,heap     ] GC(202) Eden regions: 609->0(609)
[2026-01-28T11:01:40.288+0000][gc,heap     ] GC(202) Survivor regions: 5->5(77)
[2026-01-28T11:01:40.288+0000][gc,heap     ] GC(202) Old regions: 156->156
[2026-01-28T11:01:40.289+0000][gc,heap     ] GC(202) Humongous regions: 1->1
[2026-01-28T11:01:40.289+0000][gc,metaspace] GC(202) Metaspace: 12356K(12800K)->12356K(12800K) NonClass: 11208K(11392K)->11208K(11392K) Class: 1147K(1408K)->1147K(1408K)
[2026-01-28T11:01:40.289+0000][gc          ] GC(202) Pause Young (Normal) (G1 Evacuation Pause) 770M->161M(1024M) 16.793ms
[2026-01-28T11:01:40.289+0000][gc,cpu      ] GC(202) User=0.13s Sys=0.00s Real=0.02s
[2026-01-28T11:01:54.701+0000][gc,start    ] GC(203) Pause Young (Normal) (G1 Evacuation Pause)
[2026-01-28T11:01:54.701+0000][gc,task     ] GC(203) Using 10 workers of 10 for evacuation
[2026-01-28T11:01:54.721+0000][gc,phases   ] GC(203)   Pre Evacuate Collection Set: 0.8ms
[2026-01-28T11:01:54.721+0000][gc,phases   ] GC(203)   Merge Heap Roots: 0.3ms
[2026-01-28T11:01:54.721+0000][gc,phases   ] GC(203)   Evacuate Collection Set: 17.4ms
[2026-01-28T11:01:54.721+0000][gc,phases   ] GC(203)   Post Evacuate Collection Set: 0.9ms
[2026-01-28T11:01:54.721+0000][gc,phases   ] GC(203)   Other: 0.2ms
[2026-01-28T11:01:54.721+0000][gc,heap     ] GC(203) Eden regions: 609->0(608)
[2026-01-28T11:01:54.721+0000][gc,heap     ] GC(203) Survivor regions: 5->6(77)
[2026-01-28T11:01:54.721+0000][gc,heap     ] GC(203) Old regions: 156->157
[2026-01-28T11:01:54.721+0000][gc,heap     ] GC(203) Humongous regions: 1->1
[2026-01-28T11:01:54.721+0000][gc,metaspace] GC(203) Metaspace: 12356K(12800K)->12356K(12800K) NonClass: 11208K(11392K)->11208K(11392K) Class: 1147K(1408K)->1147K(1408K)
[2026-01-28T11:01:54.721+0000][gc          ] GC(203) Pause Young (Normal) (G1 Evacuation Pause) 770M->162M(1024M) 20.614ms
[2026-01-28T11:01:54.721+0000][gc,cpu      ] GC(203) User=0.18s Sys=0.00s Real=0.02s
[2026-01-28T11:02:06.057+0000][gc,start    ] GC(204) Pause Young (Normal) (G1 Evacuation Pause)
[2026-01-28T11:02:06.058+0000][gc,task     ] GC(204) Using 10 workers of 10 for evacuation
[2026-01-28T11:02:06.070+0000][gc,phases   ] GC(204)   Pre Evacuate Collection Set: 0.8ms
[2026-01-28T11:02:06.070+0000][gc,phases   ] GC(204)   Merge Heap Roots: 0.3ms
[2026-01-28T11:02:06.070+0000][gc,phases   ] GC(204)   Evacuate Collection Set: 9.8ms
[2026-01-28T11:02:06.070+0000][gc,phases   ] GC(204)   Post Evacuate Collection Set: 0.8ms
[2026-01-28T11:02:06.071+0000][gc,phases   ] GC(204)   Other: 0.2ms
[2026-01-28T11:02:06.071+0000][gc,heap     ] GC(204) Eden regions: 608->0(609)
[2026-01-28T11:02:06.071+0000][gc,heap     ] GC(204) Survivor regions: 6->5(77)
[2026-01-28T11:02:06.071+0000][gc,heap     ] GC(204) Old regions: 157->157
[2026-01-28T11:02:06.071+0000][gc,heap     ] GC(204) Humongous regions: 1->1
[2026-01-28T11:02:06.071+0000][gc,metaspace] GC(204) Metaspace: 12356K(12800K)->12356K(12800K) NonClass: 11208K(11392K)->11208K(11392K) Class: 1147K(1408K)->1147K(1408K)
[2026-01-28T11:02:06.071+0000][gc          ] GC(204) Pause Young (Normal) (G1 Evacuation Pause) 770M->162M(1024M) 13.413ms
[2026-01-28T11:02:06.071+0000][gc,cpu      ] GC(204) User=0.10s Sys=0.00s Real=0.01s
[2026-01-28T11:02:19.537+0000][gc,start    ] GC(205) Pause Young (Normal) (G1 Evacuation Pause)
[2026-01-28T11:02:19.538+0000][gc,task     ] GC(205) Using 10 workers of 10 for evacuation
[2026-01-28T11:02:19.548+0000][gc,phases   ] GC(205)   Pre Evacuate Collection Set: 2.9ms
[2026-01-28T11:02:19.548+0000][gc,phases   ] GC(205)   Merge Heap Roots: 0.4ms
[2026-01-28T11:02:19.548+0000][gc,phases   ] GC(205)   Evacuate Collection Set: 5.8ms
[2026-01-28T11:02:19.548+0000][gc,phases   ] GC(205)   Post Evacuate Collection Set: 0.8ms
[2026-01-28T11:02:19.549+0000][gc,phases   ] GC(205)   Other: 0.2ms
[2026-01-28T11:02:19.549+0000][gc,heap     ] GC(205) Eden regions: 609->0(609)
[2026-01-28T11:02:19.549+0000][gc,heap     ] GC(205) Survivor regions: 5->5(77)
[2026-01-28T11:02:19.549+0000][gc,heap     ] GC(205) Old regions: 157->157
[2026-01-28T11:02:19.549+0000][gc,heap     ] GC(205) Humongous regions: 1->1
[2026-01-28T11:02:19.549+0000][gc,metaspace] GC(205) Metaspace: 12356K(12800K)->12356K(12800K) NonClass: 11208K(11392K)->11208K(11392K) Class: 1147K(1408K)->1147K(1408K)
[2026-01-28T11:02:19.549+0000][gc          ] GC(205) Pause Young (Normal) (G1 Evacuation Pause) 771M->162M(1024M) 11.648ms
[2026-01-28T11:02:19.549+0000][gc,cpu      ] GC(205) User=0.09s Sys=0.01s Real=0.01s
[2026-01-28T11:02:33.396+0000][gc,start    ] GC(206) Pause Young (Normal) (G1 Evacuation Pause)
[2026-01-28T11:02:33.397+0000][gc,task     ] GC(206) Using 10 workers of 10 for evacuation
[2026-01-28T11:02:33.412+0000][gc,phases   ] GC(206)   Pre Evacuate Collection Set: 0.8ms
[2026-01-28T11:02:33.412+0000][gc,phases   ] GC(206)   Merge Heap Roots: 0.3ms
[2026-01-28T11:02:33.412+0000][gc,phases   ] GC(206)   Evacuate Collection Set: 11.4ms
[2026-01-28T11:02:33.412+0000][gc,phases   ] GC(206)   Post Evacuate Collection Set: 1.9ms
[2026-01-28T11:02:33.412+0000][gc,phases   ] GC(206)   Other: 0.2ms
[2026-01-28T11:02:33.412+0000][gc,heap     ] GC(206) Eden regions: 609->0(609)
[2026-01-28T11:02:33.412+0000][gc,heap     ] GC(206) Survivor regions: 5->5(77)
[2026-01-28T11:02:33.412+0000][gc,heap     ] GC(206) Old regions: 157->158
[2026-01-28T11:02:33.412+0000][gc,heap     ] GC(206) Humongous regions: 1->1
[2026-01-28T11:02:33.412+0000][gc,metaspace] GC(206) Metaspace: 12356K(12800K)->12356K(12800K) NonClass: 11208K(11392K)->11208K(11392K) Class: 1147K(1408K)->1147K(1408K)
[2026-01-28T11:02:33.412+0000][gc          ] GC(206) Pause Young (Normal) (G1 Evacuation Pause) 771M->162M(1024M) 16.244ms
[2026-01-28T11:02:33.413+0000][gc,cpu      ] GC(206) User=0.13s Sys=0.00s Real=0.02s
[2026-01-28T11:02:45.224+0000][gc,start    ] GC(207) Pause Young (Normal) (G1 Evacuation Pause)
[2026-01-28T11:02:45.225+0000][gc,task     ] GC(207) Using 10 workers of 10 for evacuation
[2026-01-28T11:02:45.235+0000][gc,phases   ] GC(207)   Pre Evacuate Collection Set: 2.1ms
[2026-01-28T11:02:45.235+0000][gc,phases   ] GC(207)   Merge Heap Roots: 0.9ms
[2026-01-28T11:02:45.235+0000][gc,phases   ] GC(207)   Evacuate Collection Set: 5.5ms
[2026-01-28T11:02:45.235+0000][gc,phases   ] GC(207)   Post Evacuate Collection Set: 1.2ms
[2026-01-28T11:02:45.235+0000][gc,phases   ] GC(207)   Other: 0.3ms
[2026-01-28T11:02:45.235+0000][gc,heap     ] GC(207) Eden regions: 609->0(607)
[2026-01-28T11:02:45.235+0000][gc,heap     ] GC(207) Survivor regions: 5->7(77)
[2026-01-28T11:02:45.235+0000][gc,heap     ] GC(207) Old regions: 158->158
[2026-01-28T11:02:45.235+0000][gc,heap     ] GC(207) Humongous regions: 1->1
[2026-01-28T11:02:45.236+0000][gc,metaspace] GC(207) Metaspace: 12356K(12800K)->12356K(12800K) NonClass: 11208K(11392K)->11208K(11392K) Class: 1147K(1408K)->1147K(1408K)
[2026-01-28T11:02:45.236+0000][gc          ] GC(207) Pause Young (Normal) (G1 Evacuation Pause) 771M->164M(1024M) 11.997ms
[2026-01-28T11:02:45.236+0000][gc,cpu      ] GC(207) User=0.09s Sys=0.00s Real=0.01s
[2026-01-28T11:02:58.847+0000][gc,start    ] GC(208) Pause Young (Normal) (G1 Evacuation Pause)
[2026-01-28T11:02:58.848+0000][gc,task     ] GC(208) Using 10 workers of 10 for evacuation
[2026-01-28T11:02:58.855+0000][gc,phases   ] GC(208)   Pre Evacuate Collection Set: 0.8ms
[2026-01-28T11:02:58.855+0000][gc,phases   ] GC(208)   Merge Heap Roots: 0.2ms
[2026-01-28T11:02:58.855+0000][gc,phases   ] GC(208)   Evacuate Collection Set: 4.9ms
[2026-01-28T11:02:58.855+0000][gc,phases   ] GC(208)   Post Evacuate Collection Set: 0.8ms
[2026-01-28T11:02:58.855+0000][gc,phases   ] GC(208)   Other: 0.2ms
[2026-01-28T11:02:58.855+0000][gc,heap     ] GC(208) Eden regions: 607->0(609)
[2026-01-28T11:02:58.856+0000][gc,heap     ] GC(208) Survivor regions: 7->5(77)
[2026-01-28T11:02:58.856+0000][gc,heap     ] GC(208) Old regions: 158->158
[2026-01-28T11:02:58.856+0000][gc,heap     ] GC(208) Humongous regions: 1->1
[2026-01-28T11:02:58.856+0000][gc,metaspace] GC(208) Metaspace: 12356K(12800K)->12356K(12800K) NonClass: 11208K(11392K)->11208K(11392K) Class: 1147K(1408K)->1147K(1408K)
[2026-01-28T11:02:58.856+0000][gc          ] GC(208) Pause Young (Normal) (G1 Evacuation Pause) 771M->163M(1024M) 8.483ms
[2026-01-28T11:02:58.856+0000][gc,cpu      ] GC(208) User=0.06s Sys=0.01s Real=0.01s
[2026-01-28T11:03:13.199+0000][gc,start    ] GC(209) Pause Young (Normal) (G1 Evacuation Pause)
[2026-01-28T11:03:13.199+0000][gc,task     ] GC(209) Using 10 workers of 10 for evacuation
[2026-01-28T11:03:13.212+0000][gc,phases   ] GC(209)   Pre Evacuate Collection Set: 0.9ms
[2026-01-28T11:03:13.212+0000][gc,phases   ] GC(209)   Merge Heap Roots: 0.3ms
[2026-01-28T11:03:13.212+0000][gc,phases   ] GC(209)   Evacuate Collection Set: 10.1ms
[2026-01-28T11:03:13.212+0000][gc,phases   ] GC(209)   Post Evacuate Collection Set: 1.1ms
[2026-01-28T11:03:13.212+0000][gc,phases   ] GC(209)   Other: 0.3ms
[2026-01-28T11:03:13.212+0000][gc,heap     ] GC(209) Eden regions: 609->0(609)
[2026-01-28T11:03:13.212+0000][gc,heap     ] GC(209) Survivor regions: 5->5(77)
[2026-01-28T11:03:13.212+0000][gc,heap     ] GC(209) Old regions: 158->159
[2026-01-28T11:03:13.212+0000][gc,heap     ] GC(209) Humongous regions: 1->1
[2026-01-28T11:03:13.212+0000][gc,metaspace] GC(209) Metaspace: 12356K(12864K)->12356K(12864K) NonClass: 11208K(11456K)->11208K(11456K) Class: 1147K(1408K)->1147K(1408K)
[2026-01-28T11:03:13.212+0000][gc          ] GC(209) Pause Young (Normal) (G1 Evacuation Pause) 772M->164M(1024M) 13.776ms
[2026-01-28T11:03:13.212+0000][gc,cpu      ] GC(209) User=0.11s Sys=0.00s Real=0.01s
[2026-01-28T11:03:25.151+0000][gc,start    ] GC(210) Pause Young (Normal) (G1 Evacuation Pause)
[2026-01-28T11:03:25.152+0000][gc,task     ] GC(210) Using 10 workers of 10 for evacuation
[2026-01-28T11:03:25.163+0000][gc,phases   ] GC(210)   Pre Evacuate Collection Set: 0.8ms
[2026-01-28T11:03:25.163+0000][gc,phases   ] GC(210)   Merge Heap Roots: 0.3ms
[2026-01-28T11:03:25.163+0000][gc,phases   ] GC(210)   Evacuate Collection Set: 8.8ms
[2026-01-28T11:03:25.163+0000][gc,phases   ] GC(210)   Post Evacuate Collection Set: 1.1ms
[2026-01-28T11:03:25.163+0000][gc,phases   ] GC(210)   Other: 0.2ms
[2026-01-28T11:03:25.163+0000][gc,heap     ] GC(210) Eden regions: 609->0(607)
[2026-01-28T11:03:25.163+0000][gc,heap     ] GC(210) Survivor regions: 5->7(77)
[2026-01-28T11:03:25.163+0000][gc,heap     ] GC(210) Old regions: 159->159
[2026-01-28T11:03:25.163+0000][gc,heap     ] GC(210) Humongous regions: 1->1
[2026-01-28T11:03:25.163+0000][gc,metaspace] GC(210) Metaspace: 12357K(12864K)->12357K(12864K) NonClass: 11209K(11456K)->11209K(11456K) Class: 1148K(1408K)->1148K(1408K)
[2026-01-28T11:03:25.163+0000][gc          ] GC(210) Pause Young (Normal) (G1 Evacuation Pause) 773M->165M(1024M) 12.831ms
[2026-01-28T11:03:25.164+0000][gc,cpu      ] GC(210) User=0.10s Sys=0.00s Real=0.02s
[2026-01-28T11:03:37.915+0000][gc,start    ] GC(211) Pause Young (Normal) (G1 Evacuation Pause)
[2026-01-28T11:03:37.915+0000][gc,task     ] GC(211) Using 10 workers of 10 for evacuation
[2026-01-28T11:03:37.922+0000][gc,phases   ] GC(211)   Pre Evacuate Collection Set: 0.9ms
[2026-01-28T11:03:37.922+0000][gc,phases   ] GC(211)   Merge Heap Roots: 0.2ms
[2026-01-28T11:03:37.922+0000][gc,phases   ] GC(211)   Evacuate Collection Set: 4.7ms
[2026-01-28T11:03:37.922+0000][gc,phases   ] GC(211)   Post Evacuate Collection Set: 0.7ms
[2026-01-28T11:03:37.922+0000][gc,phases   ] GC(211)   Other: 0.2ms
[2026-01-28T11:03:37.922+0000][gc,heap     ] GC(211) Eden regions: 607->0(609)
[2026-01-28T11:03:37.922+0000][gc,heap     ] GC(211) Survivor regions: 7->5(77)
[2026-01-28T11:03:37.922+0000][gc,heap     ] GC(211) Old regions: 159->159
[2026-01-28T11:03:37.922+0000][gc,heap     ] GC(211) Humongous regions: 1->1
[2026-01-28T11:03:37.922+0000][gc,metaspace] GC(211) Metaspace: 12357K(12864K)->12357K(12864K) NonClass: 11209K(11456K)->11209K(11456K) Class: 1148K(1408K)->1148K(1408K)
[2026-01-28T11:03:37.923+0000][gc          ] GC(211) Pause Young (Normal) (G1 Evacuation Pause) 772M->164M(1024M) 7.869ms
[2026-01-28T11:03:37.923+0000][gc,cpu      ] GC(211) User=0.05s Sys=0.01s Real=0.01s
[2026-01-28T11:03:52.352+0000][gc,start    ] GC(212) Pause Young (Normal) (G1 Evacuation Pause)
[2026-01-28T11:03:52.353+0000][gc,task     ] GC(212) Using 10 workers of 10 for evacuation
[2026-01-28T11:03:52.375+0000][gc,phases   ] GC(212)   Pre Evacuate Collection Set: 0.8ms
[2026-01-28T11:03:52.376+0000][gc,phases   ] GC(212)   Merge Heap Roots: 0.4ms
[2026-01-28T11:03:52.376+0000][gc,phases   ] GC(212)   Evacuate Collection Set: 19.4ms
[2026-01-28T11:03:52.376+0000][gc,phases   ] GC(212)   Post Evacuate Collection Set: 1.4ms
[2026-01-28T11:03:52.376+0000][gc,phases   ] GC(212)   Other: 0.3ms
[2026-01-28T11:03:52.376+0000][gc,heap     ] GC(212) Eden regions: 609->0(609)
[2026-01-28T11:03:52.376+0000][gc,heap     ] GC(212) Survivor regions: 5->5(77)
[2026-01-28T11:03:52.376+0000][gc,heap     ] GC(212) Old regions: 159->160
[2026-01-28T11:03:52.376+0000][gc,heap     ] GC(212) Humongous regions: 1->1
[2026-01-28T11:03:52.376+0000][gc,metaspace] GC(212) Metaspace: 12357K(12864K)->12357K(12864K) NonClass: 11209K(11456K)->11209K(11456K) Class: 1148K(1408K)->1148K(1408K)
[2026-01-28T11:03:52.376+0000][gc          ] GC(212) Pause Young (Normal) (G1 Evacuation Pause) 773M->164M(1024M) 23.966ms
[2026-01-28T11:03:52.376+0000][gc,cpu      ] GC(212) User=0.20s Sys=0.01s Real=0.03s
[2026-01-28T11:04:05.083+0000][gc,start    ] GC(213) Pause Young (Normal) (G1 Evacuation Pause)
[2026-01-28T11:04:05.084+0000][gc,task     ] GC(213) Using 10 workers of 10 for evacuation
[2026-01-28T11:04:05.094+0000][gc,phases   ] GC(213)   Pre Evacuate Collection Set: 0.8ms
[2026-01-28T11:04:05.094+0000][gc,phases   ] GC(213)   Merge Heap Roots: 0.3ms
[2026-01-28T11:04:05.094+0000][gc,phases   ] GC(213)   Evacuate Collection Set: 7.9ms
[2026-01-28T11:04:05.094+0000][gc,phases   ] GC(213)   Post Evacuate Collection Set: 0.9ms
[2026-01-28T11:04:05.094+0000][gc,phases   ] GC(213)   Other: 0.2ms
[2026-01-28T11:04:05.094+0000][gc,heap     ] GC(213) Eden regions: 609->0(608)
[2026-01-28T11:04:05.094+0000][gc,heap     ] GC(213) Survivor regions: 5->6(77)
[2026-01-28T11:04:05.094+0000][gc,heap     ] GC(213) Old regions: 160->160
[2026-01-28T11:04:05.094+0000][gc,heap     ] GC(213) Humongous regions: 1->1
[2026-01-28T11:04:05.094+0000][gc,metaspace] GC(213) Metaspace: 12357K(12864K)->12357K(12864K) NonClass: 11209K(11456K)->11209K(11456K) Class: 1148K(1408K)->1148K(1408K)
[2026-01-28T11:04:05.094+0000][gc          ] GC(213) Pause Young (Normal) (G1 Evacuation Pause) 773M->166M(1024M) 11.683ms
[2026-01-28T11:04:05.094+0000][gc,cpu      ] GC(213) User=0.09s Sys=0.00s Real=0.01s
[2026-01-28T11:04:17.485+0000][gc,start    ] GC(214) Pause Young (Normal) (G1 Evacuation Pause)
[2026-01-28T11:04:17.486+0000][gc,task     ] GC(214) Using 10 workers of 10 for evacuation
[2026-01-28T11:04:17.498+0000][gc,phases   ] GC(214)   Pre Evacuate Collection Set: 0.7ms
[2026-01-28T11:04:17.499+0000][gc,phases   ] GC(214)   Merge Heap Roots: 0.4ms
[2026-01-28T11:04:17.499+0000][gc,phases   ] GC(214)   Evacuate Collection Set: 9.6ms
[2026-01-28T11:04:17.499+0000][gc,phases   ] GC(214)   Post Evacuate Collection Set: 1.2ms
[2026-01-28T11:04:17.499+0000][gc,phases   ] GC(214)   Other: 0.3ms
[2026-01-28T11:04:17.499+0000][gc,heap     ] GC(214) Eden regions: 608->0(609)
[2026-01-28T11:04:17.499+0000][gc,heap     ] GC(214) Survivor regions: 6->5(77)
[2026-01-28T11:04:17.499+0000][gc,heap     ] GC(214) Old regions: 160->160
[2026-01-28T11:04:17.499+0000][gc,heap     ] GC(214) Humongous regions: 1->1
[2026-01-28T11:04:17.499+0000][gc,metaspace] GC(214) Metaspace: 12357K(12864K)->12357K(12864K) NonClass: 11209K(11456K)->11209K(11456K) Class: 1148K(1408K)->1148K(1408K)
[2026-01-28T11:04:17.499+0000][gc          ] GC(214) Pause Young (Normal) (G1 Evacuation Pause) 774M->165M(1024M) 13.980ms
[2026-01-28T11:04:17.499+0000][gc,cpu      ] GC(214) User=0.11s Sys=0.00s Real=0.01s
[2026-01-28T11:04:30.985+0000][gc,start    ] GC(215) Pause Young (Normal) (G1 Evacuation Pause)
[2026-01-28T11:04:30.986+0000][gc,task     ] GC(215) Using 10 workers of 10 for evacuation
[2026-01-28T11:04:30.996+0000][gc,phases   ] GC(215)   Pre Evacuate Collection Set: 0.7ms
[2026-01-28T11:04:30.996+0000][gc,phases   ] GC(215)   Merge Heap Roots: 0.3ms
[2026-01-28T11:04:30.996+0000][gc,phases   ] GC(215)   Evacuate Collection Set: 6.9ms
[2026-01-28T11:04:30.996+0000][gc,phases   ] GC(215)   Post Evacuate Collection Set: 0.8ms
[2026-01-28T11:04:30.996+0000][gc,phases   ] GC(215)   Other: 0.5ms
[2026-01-28T11:04:30.996+0000][gc,heap     ] GC(215) Eden regions: 609->0(609)
[2026-01-28T11:04:30.996+0000][gc,heap     ] GC(215) Survivor regions: 5->5(77)
[2026-01-28T11:04:30.996+0000][gc,heap     ] GC(215) Old regions: 160->160
[2026-01-28T11:04:30.996+0000][gc,heap     ] GC(215) Humongous regions: 1->1
[2026-01-28T11:04:30.996+0000][gc,metaspace] GC(215) Metaspace: 12359K(12864K)->12359K(12864K) NonClass: 11211K(11456K)->11211K(11456K) Class: 1148K(1408K)->1148K(1408K)
[2026-01-28T11:04:30.996+0000][gc          ] GC(215) Pause Young (Normal) (G1 Evacuation Pause) 774M->165M(1024M) 11.008ms
[2026-01-28T11:04:30.996+0000][gc,cpu      ] GC(215) User=0.07s Sys=0.01s Real=0.01s
[2026-01-28T11:04:44.996+0000][gc,start    ] GC(216) Pause Young (Normal) (G1 Evacuation Pause)
[2026-01-28T11:04:44.997+0000][gc,task     ] GC(216) Using 10 workers of 10 for evacuation
[2026-01-28T11:04:45.015+0000][gc,phases   ] GC(216)   Pre Evacuate Collection Set: 1.0ms
[2026-01-28T11:04:45.015+0000][gc,phases   ] GC(216)   Merge Heap Roots: 0.3ms
[2026-01-28T11:04:45.015+0000][gc,phases   ] GC(216)   Evacuate Collection Set: 15.6ms
[2026-01-28T11:04:45.015+0000][gc,phases   ] GC(216)   Post Evacuate Collection Set: 1.3ms
[2026-01-28T11:04:45.016+0000][gc,phases   ] GC(216)   Other: 0.2ms
[2026-01-28T11:04:45.016+0000][gc,heap     ] GC(216) Eden regions: 609->0(609)
[2026-01-28T11:04:45.016+0000][gc,heap     ] GC(216) Survivor regions: 5->5(77)
[2026-01-28T11:04:45.016+0000][gc,heap     ] GC(216) Old regions: 160->161
[2026-01-28T11:04:45.016+0000][gc,heap     ] GC(216) Humongous regions: 1->1
[2026-01-28T11:04:45.016+0000][gc,metaspace] GC(216) Metaspace: 12360K(12864K)->12360K(12864K) NonClass: 11211K(11456K)->11211K(11456K) Class: 1148K(1408K)->1148K(1408K)
[2026-01-28T11:04:45.016+0000][gc          ] GC(216) Pause Young (Normal) (G1 Evacuation Pause) 774M->166M(1024M) 20.445ms
[2026-01-28T11:04:45.016+0000][gc,cpu      ] GC(216) User=0.16s Sys=0.01s Real=0.02s
[2026-01-28T11:04:56.264+0000][gc,start    ] GC(217) Pause Young (Normal) (G1 Evacuation Pause)
[2026-01-28T11:04:56.265+0000][gc,task     ] GC(217) Using 10 workers of 10 for evacuation
[2026-01-28T11:04:56.298+0000][gc,phases   ] GC(217)   Pre Evacuate Collection Set: 9.1ms
[2026-01-28T11:04:56.298+0000][gc,phases   ] GC(217)   Merge Heap Roots: 0.6ms
[2026-01-28T11:04:56.298+0000][gc,phases   ] GC(217)   Evacuate Collection Set: 20.6ms
[2026-01-28T11:04:56.299+0000][gc,phases   ] GC(217)   Post Evacuate Collection Set: 2.1ms
[2026-01-28T11:04:56.299+0000][gc,phases   ] GC(217)   Other: 0.7ms
[2026-01-28T11:04:56.299+0000][gc,heap     ] GC(217) Eden regions: 609->0(608)
[2026-01-28T11:04:56.299+0000][gc,heap     ] GC(217) Survivor regions: 5->6(77)
[2026-01-28T11:04:56.299+0000][gc,heap     ] GC(217) Old regions: 161->161
[2026-01-28T11:04:56.299+0000][gc,heap     ] GC(217) Humongous regions: 1->1
[2026-01-28T11:04:56.299+0000][gc,metaspace] GC(217) Metaspace: 12384K(12864K)->12384K(12864K) NonClass: 11236K(11456K)->11236K(11456K) Class: 1148K(1408K)->1148K(1408K)
[2026-01-28T11:04:56.299+0000][gc          ] GC(217) Pause Young (Normal) (G1 Evacuation Pause) 775M->166M(1024M) 35.226ms
[2026-01-28T11:04:56.299+0000][gc,cpu      ] GC(217) User=0.20s Sys=0.01s Real=0.04s
[2026-01-28T11:05:09.664+0000][gc,start    ] GC(218) Pause Young (Normal) (G1 Evacuation Pause)
[2026-01-28T11:05:09.665+0000][gc,task     ] GC(218) Using 10 workers of 10 for evacuation
[2026-01-28T11:05:09.686+0000][gc,phases   ] GC(218)   Pre Evacuate Collection Set: 2.6ms
[2026-01-28T11:05:09.686+0000][gc,phases   ] GC(218)   Merge Heap Roots: 0.7ms
[2026-01-28T11:05:09.686+0000][gc,phases   ] GC(218)   Evacuate Collection Set: 13.7ms
[2026-01-28T11:05:09.686+0000][gc,phases   ] GC(218)   Post Evacuate Collection Set: 3.8ms
[2026-01-28T11:05:09.686+0000][gc,phases   ] GC(218)   Other: 0.4ms
[2026-01-28T11:05:09.686+0000][gc,heap     ] GC(218) Eden regions: 608->0(609)
[2026-01-28T11:05:09.686+0000][gc,heap     ] GC(218) Survivor regions: 6->5(77)
[2026-01-28T11:05:09.686+0000][gc,heap     ] GC(218) Old regions: 161->161
[2026-01-28T11:05:09.686+0000][gc,heap     ] GC(218) Humongous regions: 1->1
[2026-01-28T11:05:09.686+0000][gc,metaspace] GC(218) Metaspace: 12384K(12864K)->12384K(12864K) NonClass: 11236K(11456K)->11236K(11456K) Class: 1148K(1408K)->1148K(1408K)
[2026-01-28T11:05:09.687+0000][gc          ] GC(218) Pause Young (Normal) (G1 Evacuation Pause) 774M->166M(1024M) 22.998ms
[2026-01-28T11:05:09.687+0000][gc,cpu      ] GC(218) User=0.16s Sys=0.01s Real=0.03s
[2026-01-28T11:05:23.672+0000][gc,start    ] GC(219) Pause Young (Normal) (G1 Evacuation Pause)
[2026-01-28T11:05:23.672+0000][gc,task     ] GC(219) Using 10 workers of 10 for evacuation
[2026-01-28T11:05:23.687+0000][gc,phases   ] GC(219)   Pre Evacuate Collection Set: 0.9ms
[2026-01-28T11:05:23.687+0000][gc,phases   ] GC(219)   Merge Heap Roots: 0.7ms
[2026-01-28T11:05:23.687+0000][gc,phases   ] GC(219)   Evacuate Collection Set: 10.2ms
[2026-01-28T11:05:23.687+0000][gc,phases   ] GC(219)   Post Evacuate Collection Set: 2.2ms
[2026-01-28T11:05:23.687+0000][gc,phases   ] GC(219)   Other: 0.3ms
[2026-01-28T11:05:23.687+0000][gc,heap     ] GC(219) Eden regions: 609->0(608)
[2026-01-28T11:05:23.687+0000][gc,heap     ] GC(219) Survivor regions: 5->6(77)
[2026-01-28T11:05:23.687+0000][gc,heap     ] GC(219) Old regions: 161->162
[2026-01-28T11:05:23.687+0000][gc,heap     ] GC(219) Humongous regions: 1->1
[2026-01-28T11:05:23.687+0000][gc,metaspace] GC(219) Metaspace: 12384K(12864K)->12384K(12864K) NonClass: 11236K(11456K)->11236K(11456K) Class: 1148K(1408K)->1148K(1408K)
[2026-01-28T11:05:23.688+0000][gc          ] GC(219) Pause Young (Normal) (G1 Evacuation Pause) 775M->167M(1024M) 15.776ms
[2026-01-28T11:05:23.688+0000][gc,cpu      ] GC(219) User=0.12s Sys=0.01s Real=0.02s
[2026-01-28T11:05:35.189+0000][gc,start    ] GC(220) Pause Young (Normal) (G1 Evacuation Pause)
[2026-01-28T11:05:35.189+0000][gc,task     ] GC(220) Using 10 workers of 10 for evacuation
[2026-01-28T11:05:35.203+0000][gc,phases   ] GC(220)   Pre Evacuate Collection Set: 0.7ms
[2026-01-28T11:05:35.204+0000][gc,phases   ] GC(220)   Merge Heap Roots: 0.3ms
[2026-01-28T11:05:35.204+0000][gc,phases   ] GC(220)   Evacuate Collection Set: 11.2ms
[2026-01-28T11:05:35.204+0000][gc,phases   ] GC(220)   Post Evacuate Collection Set: 1.7ms
[2026-01-28T11:05:35.204+0000][gc,phases   ] GC(220)   Other: 0.2ms
[2026-01-28T11:05:35.204+0000][gc,heap     ] GC(220) Eden regions: 608->0(607)
[2026-01-28T11:05:35.204+0000][gc,heap     ] GC(220) Survivor regions: 6->7(77)
[2026-01-28T11:05:35.204+0000][gc,heap     ] GC(220) Old regions: 162->162
[2026-01-28T11:05:35.204+0000][gc,heap     ] GC(220) Humongous regions: 1->1
[2026-01-28T11:05:35.204+0000][gc,metaspace] GC(220) Metaspace: 12384K(12864K)->12384K(12864K) NonClass: 11236K(11456K)->11236K(11456K) Class: 1148K(1408K)->1148K(1408K)
[2026-01-28T11:05:35.204+0000][gc          ] GC(220) Pause Young (Normal) (G1 Evacuation Pause) 775M->169M(1024M) 15.222ms
[2026-01-28T11:05:35.204+0000][gc,cpu      ] GC(220) User=0.12s Sys=0.00s Real=0.01s
[2026-01-28T11:05:49.097+0000][gc,start    ] GC(221) Pause Young (Normal) (G1 Evacuation Pause)
[2026-01-28T11:05:49.098+0000][gc,task     ] GC(221) Using 10 workers of 10 for evacuation
[2026-01-28T11:05:49.111+0000][gc,phases   ] GC(221)   Pre Evacuate Collection Set: 1.1ms
[2026-01-28T11:05:49.111+0000][gc,phases   ] GC(221)   Merge Heap Roots: 0.4ms
[2026-01-28T11:05:49.111+0000][gc,phases   ] GC(221)   Evacuate Collection Set: 10.3ms
[2026-01-28T11:05:49.111+0000][gc,phases   ] GC(221)   Post Evacuate Collection Set: 1.1ms
[2026-01-28T11:05:49.111+0000][gc,phases   ] GC(221)   Other: 0.3ms
[2026-01-28T11:05:49.111+0000][gc,heap     ] GC(221) Eden regions: 607->0(608)
[2026-01-28T11:05:49.111+0000][gc,heap     ] GC(221) Survivor regions: 7->6(77)
[2026-01-28T11:05:49.112+0000][gc,heap     ] GC(221) Old regions: 162->162
[2026-01-28T11:05:49.112+0000][gc,heap     ] GC(221) Humongous regions: 1->1
[2026-01-28T11:05:49.112+0000][gc,metaspace] GC(221) Metaspace: 12384K(12864K)->12384K(12864K) NonClass: 11236K(11456K)->11236K(11456K) Class: 1148K(1408K)->1148K(1408K)
[2026-01-28T11:05:49.112+0000][gc          ] GC(221) Pause Young (Normal) (G1 Evacuation Pause) 776M->168M(1024M) 14.856ms
[2026-01-28T11:05:49.112+0000][gc,cpu      ] GC(221) User=0.11s Sys=0.00s Real=0.01s
[2026-01-28T11:06:02.393+0000][gc,start    ] GC(222) Pause Young (Normal) (G1 Evacuation Pause)
[2026-01-28T11:06:02.394+0000][gc,task     ] GC(222) Using 10 workers of 10 for evacuation
[2026-01-28T11:06:02.403+0000][gc,phases   ] GC(222)   Pre Evacuate Collection Set: 0.8ms
[2026-01-28T11:06:02.403+0000][gc,phases   ] GC(222)   Merge Heap Roots: 0.3ms
[2026-01-28T11:06:02.403+0000][gc,phases   ] GC(222)   Evacuate Collection Set: 6.6ms
[2026-01-28T11:06:02.403+0000][gc,phases   ] GC(222)   Post Evacuate Collection Set: 0.9ms
[2026-01-28T11:06:02.403+0000][gc,phases   ] GC(222)   Other: 0.2ms
[2026-01-28T11:06:02.403+0000][gc,heap     ] GC(222) Eden regions: 608->0(609)
[2026-01-28T11:06:02.403+0000][gc,heap     ] GC(222) Survivor regions: 6->5(77)
[2026-01-28T11:06:02.403+0000][gc,heap     ] GC(222) Old regions: 162->163
[2026-01-28T11:06:02.403+0000][gc,heap     ] GC(222) Humongous regions: 1->1
[2026-01-28T11:06:02.403+0000][gc,metaspace] GC(222) Metaspace: 12384K(12864K)->12384K(12864K) NonClass: 11236K(11456K)->11236K(11456K) Class: 1148K(1408K)->1148K(1408K)
[2026-01-28T11:06:02.403+0000][gc          ] GC(222) Pause Young (Normal) (G1 Evacuation Pause) 776M->168M(1024M) 10.235ms
[2026-01-28T11:06:02.403+0000][gc,cpu      ] GC(222) User=0.07s Sys=0.00s Real=0.01s
[2026-01-28T11:06:15.135+0000][gc,start    ] GC(223) Pause Young (Normal) (G1 Evacuation Pause)
[2026-01-28T11:06:15.136+0000][gc,task     ] GC(223) Using 10 workers of 10 for evacuation
[2026-01-28T11:06:15.146+0000][gc,phases   ] GC(223)   Pre Evacuate Collection Set: 0.8ms
[2026-01-28T11:06:15.146+0000][gc,phases   ] GC(223)   Merge Heap Roots: 0.4ms
[2026-01-28T11:06:15.146+0000][gc,phases   ] GC(223)   Evacuate Collection Set: 8.0ms
[2026-01-28T11:06:15.146+0000][gc,phases   ] GC(223)   Post Evacuate Collection Set: 0.9ms
[2026-01-28T11:06:15.147+0000][gc,phases   ] GC(223)   Other: 0.2ms
[2026-01-28T11:06:15.147+0000][gc,heap     ] GC(223) Eden regions: 609->0(608)
[2026-01-28T11:06:15.147+0000][gc,heap     ] GC(223) Survivor regions: 5->6(77)
[2026-01-28T11:06:15.147+0000][gc,heap     ] GC(223) Old regions: 163->163
[2026-01-28T11:06:15.147+0000][gc,heap     ] GC(223) Humongous regions: 1->1
[2026-01-28T11:06:15.147+0000][gc,metaspace] GC(223) Metaspace: 12384K(12864K)->12384K(12864K) NonClass: 11236K(11456K)->11236K(11456K) Class: 1148K(1408K)->1148K(1408K)
[2026-01-28T11:06:15.147+0000][gc          ] GC(223) Pause Young (Normal) (G1 Evacuation Pause) 777M->169M(1024M) 12.061ms
[2026-01-28T11:06:15.147+0000][gc,cpu      ] GC(223) User=0.09s Sys=0.00s Real=0.02s
