[2026-01-28T10:16:29.289+0000][gc,init] CardTable entry size: 512
[2026-01-28T10:16:29.290+0000][gc     ] Using G1
[2026-01-28T10:16:29.297+0000][gc,init] Version: 21.0.4+7-LTS (release)
[2026-01-28T10:16:29.297+0000][gc,init] CPUs: 12 total, 12 available
[2026-01-28T10:16:29.297+0000][gc,init] Memory: 7837M
[2026-01-28T10:16:29.297+0000][gc,init] Large Page Support: Disabled
[2026-01-28T10:16:29.298+0000][gc,init] NUMA Support: Disabled
[2026-01-28T10:16:29.298+0000][gc,init] Compressed Oops: Enabled (32-bit)
[2026-01-28T10:16:29.298+0000][gc,init] Heap Region Size: 1M
[2026-01-28T10:16:29.298+0000][gc,init] Heap Min Capacity: 1G
[2026-01-28T10:16:29.298+0000][gc,init] Heap Initial Capacity: 1G
[2026-01-28T10:16:29.299+0000][gc,init] Heap Max Capacity: 1G
[2026-01-28T10:16:29.299+0000][gc,init] Pre-touch: Disabled
[2026-01-28T10:16:29.299+0000][gc,init] Parallel Workers: 10
[2026-01-28T10:16:29.299+0000][gc,init] Concurrent Workers: 3
[2026-01-28T10:16:29.299+0000][gc,init] Concurrent Refinement Workers: 10
[2026-01-28T10:16:29.299+0000][gc,init] Periodic GC: Disabled
[2026-01-28T10:16:29.300+0000][gc,metaspace] CDS archive(s) mapped at: [0x0000000800000000-0x0000000800bd0000-0x00000008036b0000), size 57344000, SharedBaseAddress: 0x0000000800000000, ArchiveRelocationMode: 1.
[2026-01-28T10:16:29.301+0000][gc,metaspace] Compressed class space mapped at: 0x0000000804000000-0x0000000844000000, reserved size: 1073741824
[2026-01-28T10:16:29.301+0000][gc,metaspace] Narrow klass base: 0x0000000800000000, Narrow klass shift: 0, Narrow klass range: 0x100000000
[2026-01-28T10:16:30.354+0000][gc,start    ] GC(0) Pause Young (Normal) (G1 Evacuation Pause)
[2026-01-28T10:16:30.355+0000][gc,task     ] GC(0) Using 10 workers of 10 for evacuation
[2026-01-28T10:16:30.363+0000][gc,phases   ] GC(0)   Pre Evacuate Collection Set: 0.3ms
[2026-01-28T10:16:30.363+0000][gc,phases   ] GC(0)   Merge Heap Roots: 0.0ms
[2026-01-28T10:16:30.363+0000][gc,phases   ] GC(0)   Evacuate Collection Set: 6.7ms
[2026-01-28T10:16:30.363+0000][gc,phases   ] GC(0)   Post Evacuate Collection Set: 0.6ms
[2026-01-28T10:16:30.363+0000][gc,phases   ] GC(0)   Other: 0.8ms
[2026-01-28T10:16:30.364+0000][gc,heap     ] GC(0) Eden regions: 51->0(44)
[2026-01-28T10:16:30.364+0000][gc,heap     ] GC(0) Survivor regions: 0->7(7)
[2026-01-28T10:16:30.364+0000][gc,heap     ] GC(0) Old regions: 1->6
[2026-01-28T10:16:30.364+0000][gc,heap     ] GC(0) Humongous regions: 1->1
[2026-01-28T10:16:30.364+0000][gc,metaspace] GC(0) Metaspace: 5443K(5632K)->5443K(5632K) NonClass: 4802K(4928K)->4802K(4928K) Class: 641K(704K)->641K(704K)
[2026-01-28T10:16:30.364+0000][gc          ] GC(0) Pause Young (Normal) (G1 Evacuation Pause) 52M->13M(1024M) 9.634ms
[2026-01-28T10:16:30.364+0000][gc,cpu      ] GC(0) User=0.03s Sys=0.02s Real=0.01s
[2026-01-28T10:16:32.572+0000][gc,start    ] GC(1) Pause Young (Normal) (G1 Evacuation Pause)
[2026-01-28T10:16:32.575+0000][gc,task     ] GC(1) Using 10 workers of 10 for evacuation
[2026-01-28T10:16:32.583+0000][gc,phases   ] GC(1)   Pre Evacuate Collection Set: 2.1ms
[2026-01-28T10:16:32.583+0000][gc,phases   ] GC(1)   Merge Heap Roots: 0.1ms
[2026-01-28T10:16:32.583+0000][gc,phases   ] GC(1)   Evacuate Collection Set: 5.4ms
[2026-01-28T10:16:32.583+0000][gc,phases   ] GC(1)   Post Evacuate Collection Set: 0.6ms
[2026-01-28T10:16:32.583+0000][gc,phases   ] GC(1)   Other: 0.1ms
[2026-01-28T10:16:32.583+0000][gc,heap     ] GC(1) Eden regions: 44->0(71)
[2026-01-28T10:16:32.583+0000][gc,heap     ] GC(1) Survivor regions: 7->3(7)
[2026-01-28T10:16:32.583+0000][gc,heap     ] GC(1) Old regions: 6->13
[2026-01-28T10:16:32.583+0000][gc,heap     ] GC(1) Humongous regions: 1->1
[2026-01-28T10:16:32.583+0000][gc,metaspace] GC(1) Metaspace: 7131K(7296K)->7131K(7296K) NonClass: 6410K(6528K)->6410K(6528K) Class: 721K(768K)->721K(768K)
[2026-01-28T10:16:32.583+0000][gc          ] GC(1) Pause Young (Normal) (G1 Evacuation Pause) 57M->15M(1024M) 11.688ms
[2026-01-28T10:16:32.583+0000][gc,cpu      ] GC(1) User=0.02s Sys=0.02s Real=0.01s
[2026-01-28T10:16:33.812+0000][gc,start    ] GC(2) Pause Young (Normal) (G1 Evacuation Pause)
[2026-01-28T10:16:33.812+0000][gc,task     ] GC(2) Using 10 workers of 10 for evacuation
[2026-01-28T10:16:33.814+0000][gc,phases   ] GC(2)   Pre Evacuate Collection Set: 0.3ms
[2026-01-28T10:16:33.814+0000][gc,phases   ] GC(2)   Merge Heap Roots: 0.1ms
[2026-01-28T10:16:33.815+0000][gc,phases   ] GC(2)   Evacuate Collection Set: 1.2ms
[2026-01-28T10:16:33.815+0000][gc,phases   ] GC(2)   Post Evacuate Collection Set: 0.4ms
[2026-01-28T10:16:33.815+0000][gc,phases   ] GC(2)   Other: 0.1ms
[2026-01-28T10:16:33.815+0000][gc,heap     ] GC(2) Eden regions: 77->0(612)
[2026-01-28T10:16:33.815+0000][gc,heap     ] GC(2) Survivor regions: 3->2(10)
[2026-01-28T10:16:33.815+0000][gc,heap     ] GC(2) Old regions: 13->13
[2026-01-28T10:16:33.815+0000][gc,heap     ] GC(2) Humongous regions: 1->1
[2026-01-28T10:16:33.815+0000][gc,metaspace] GC(2) Metaspace: 7137K(7296K)->7137K(7296K) NonClass: 6416K(6528K)->6416K(6528K) Class: 721K(768K)->721K(768K)
[2026-01-28T10:16:33.815+0000][gc          ] GC(2) Pause Young (Normal) (G1 Evacuation Pause) 92M->15M(1024M) 2.491ms
[2026-01-28T10:16:33.815+0000][gc,cpu      ] GC(2) User=0.01s Sys=0.01s Real=0.00s
[2026-01-28T10:16:42.136+0000][gc,start    ] GC(3) Pause Young (Normal) (G1 Evacuation Pause)
[2026-01-28T10:16:42.136+0000][gc,task     ] GC(3) Using 10 workers of 10 for evacuation
[2026-01-28T10:16:42.141+0000][gc,phases   ] GC(3)   Pre Evacuate Collection Set: 0.7ms
[2026-01-28T10:16:42.141+0000][gc,phases   ] GC(3)   Merge Heap Roots: 0.1ms
[2026-01-28T10:16:42.141+0000][gc,phases   ] GC(3)   Evacuate Collection Set: 3.5ms
[2026-01-28T10:16:42.141+0000][gc,phases   ] GC(3)   Post Evacuate Collection Set: 0.7ms
[2026-01-28T10:16:42.141+0000][gc,phases   ] GC(3)   Other: 0.2ms
[2026-01-28T10:16:42.141+0000][gc,heap     ] GC(3) Eden regions: 612->0(612)
[2026-01-28T10:16:42.141+0000][gc,heap     ] GC(3) Survivor regions: 2->2(77)
[2026-01-28T10:16:42.141+0000][gc,heap     ] GC(3) Old regions: 13->13
[2026-01-28T10:16:42.142+0000][gc,heap     ] GC(3) Humongous regions: 1->1
[2026-01-28T10:16:42.142+0000][gc,metaspace] GC(3) Metaspace: 7191K(7424K)->7191K(7424K) NonClass: 6466K(6592K)->6466K(6592K) Class: 724K(832K)->724K(832K)
[2026-01-28T10:16:42.142+0000][gc          ] GC(3) Pause Young (Normal) (G1 Evacuation Pause) 627M->15M(1024M) 5.661ms
[2026-01-28T10:16:42.142+0000][gc,cpu      ] GC(3) User=0.03s Sys=0.01s Real=0.01s
[2026-01-28T10:16:49.585+0000][gc,start    ] GC(4) Pause Young (Normal) (G1 Evacuation Pause)
[2026-01-28T10:16:49.586+0000][gc,task     ] GC(4) Using 10 workers of 10 for evacuation
[2026-01-28T10:16:49.605+0000][gc,phases   ] GC(4)   Pre Evacuate Collection Set: 4.3ms
[2026-01-28T10:16:49.605+0000][gc,phases   ] GC(4)   Merge Heap Roots: 0.6ms
[2026-01-28T10:16:49.605+0000][gc,phases   ] GC(4)   Evacuate Collection Set: 10.6ms
[2026-01-28T10:16:49.605+0000][gc,phases   ] GC(4)   Post Evacuate Collection Set: 2.2ms
[2026-01-28T10:16:49.605+0000][gc,phases   ] GC(4)   Other: 1.2ms
[2026-01-28T10:16:49.606+0000][gc,heap     ] GC(4) Eden regions: 612->0(612)
[2026-01-28T10:16:49.606+0000][gc,heap     ] GC(4) Survivor regions: 2->2(77)
[2026-01-28T10:16:49.606+0000][gc,heap     ] GC(4) Old regions: 13->13
[2026-01-28T10:16:49.606+0000][gc,heap     ] GC(4) Humongous regions: 1->1
[2026-01-28T10:16:49.606+0000][gc,metaspace] GC(4) Metaspace: 7226K(7424K)->7226K(7424K) NonClass: 6501K(6592K)->6501K(6592K) Class: 724K(832K)->724K(832K)
[2026-01-28T10:16:49.606+0000][gc          ] GC(4) Pause Young (Normal) (G1 Evacuation Pause) 627M->15M(1024M) 21.296ms
[2026-01-28T10:16:49.606+0000][gc,cpu      ] GC(4) User=0.12s Sys=0.01s Real=0.02s
[2026-01-28T10:17:06.088+0000][gc,start    ] GC(5) Pause Young (Normal) (G1 Evacuation Pause)
[2026-01-28T10:17:06.088+0000][gc,task     ] GC(5) Using 10 workers of 10 for evacuation
[2026-01-28T10:17:06.098+0000][gc,phases   ] GC(5)   Pre Evacuate Collection Set: 0.8ms
[2026-01-28T10:17:06.098+0000][gc,phases   ] GC(5)   Merge Heap Roots: 0.2ms
[2026-01-28T10:17:06.098+0000][gc,phases   ] GC(5)   Evacuate Collection Set: 7.3ms
[2026-01-28T10:17:06.099+0000][gc,phases   ] GC(5)   Post Evacuate Collection Set: 1.9ms
[2026-01-28T10:17:06.099+0000][gc,phases   ] GC(5)   Other: 0.2ms
[2026-01-28T10:17:06.099+0000][gc,heap     ] GC(5) Eden regions: 612->0(612)
[2026-01-28T10:17:06.099+0000][gc,heap     ] GC(5) Survivor regions: 2->2(77)
[2026-01-28T10:17:06.099+0000][gc,heap     ] GC(5) Old regions: 13->13
[2026-01-28T10:17:06.099+0000][gc,heap     ] GC(5) Humongous regions: 1->1
[2026-01-28T10:17:06.099+0000][gc,metaspace] GC(5) Metaspace: 7301K(7552K)->7301K(7552K) NonClass: 6576K(6720K)->6576K(6720K) Class: 724K(832K)->724K(832K)
[2026-01-28T10:17:06.099+0000][gc          ] GC(5) Pause Young (Normal) (G1 Evacuation Pause) 627M->15M(1024M) 11.670ms
[2026-01-28T10:17:06.099+0000][gc,cpu      ] GC(5) User=0.09s Sys=0.00s Real=0.01s
[2026-01-28T10:17:13.841+0000][gc,start    ] GC(6) Pause Young (Normal) (G1 Evacuation Pause)
[2026-01-28T10:17:13.843+0000][gc,task     ] GC(6) Using 10 workers of 10 for evacuation
[2026-01-28T10:17:13.859+0000][gc,phases   ] GC(6)   Pre Evacuate Collection Set: 2.7ms
[2026-01-28T10:17:13.859+0000][gc,phases   ] GC(6)   Merge Heap Roots: 0.2ms
[2026-01-28T10:17:13.859+0000][gc,phases   ] GC(6)   Evacuate Collection Set: 9.8ms
[2026-01-28T10:17:13.859+0000][gc,phases   ] GC(6)   Post Evacuate Collection Set: 3.4ms
[2026-01-28T10:17:13.859+0000][gc,phases   ] GC(6)   Other: 1.2ms
[2026-01-28T10:17:13.859+0000][gc,heap     ] GC(6) Eden regions: 612->0(612)
[2026-01-28T10:17:13.859+0000][gc,heap     ] GC(6) Survivor regions: 2->2(77)
[2026-01-28T10:17:13.860+0000][gc,heap     ] GC(6) Old regions: 13->13
[2026-01-28T10:17:13.860+0000][gc,heap     ] GC(6) Humongous regions: 1->1
[2026-01-28T10:17:13.860+0000][gc,metaspace] GC(6) Metaspace: 7369K(7616K)->7369K(7616K) NonClass: 6644K(6784K)->6644K(6784K) Class: 724K(832K)->724K(832K)
[2026-01-28T10:17:13.860+0000][gc          ] GC(6) Pause Young (Normal) (G1 Evacuation Pause) 627M->15M(1024M) 19.024ms
[2026-01-28T10:17:13.860+0000][gc,cpu      ] GC(6) User=0.12s Sys=0.00s Real=0.01s
[2026-01-28T10:17:22.184+0000][gc,start    ] GC(7) Pause Young (Normal) (G1 Evacuation Pause)
[2026-01-28T10:17:22.184+0000][gc,task     ] GC(7) Using 10 workers of 10 for evacuation
[2026-01-28T10:17:22.192+0000][gc,phases   ] GC(7)   Pre Evacuate Collection Set: 0.8ms
[2026-01-28T10:17:22.192+0000][gc,phases   ] GC(7)   Merge Heap Roots: 0.2ms
[2026-01-28T10:17:22.192+0000][gc,phases   ] GC(7)   Evacuate Collection Set: 4.0ms
[2026-01-28T10:17:22.192+0000][gc,phases   ] GC(7)   Post Evacuate Collection Set: 2.7ms
[2026-01-28T10:17:22.192+0000][gc,phases   ] GC(7)   Other: 0.2ms
[2026-01-28T10:17:22.192+0000][gc,heap     ] GC(7) Eden regions: 612->0(612)
[2026-01-28T10:17:22.192+0000][gc,heap     ] GC(7) Survivor regions: 2->2(77)
[2026-01-28T10:17:22.192+0000][gc,heap     ] GC(7) Old regions: 13->13
[2026-01-28T10:17:22.192+0000][gc,heap     ] GC(7) Humongous regions: 1->1
[2026-01-28T10:17:22.192+0000][gc,metaspace] GC(7) Metaspace: 7383K(7616K)->7383K(7616K) NonClass: 6657K(6784K)->6657K(6784K) Class: 725K(832K)->725K(832K)
[2026-01-28T10:17:22.193+0000][gc          ] GC(7) Pause Young (Normal) (G1 Evacuation Pause) 627M->15M(1024M) 8.610ms
[2026-01-28T10:17:22.193+0000][gc,cpu      ] GC(7) User=0.06s Sys=0.00s Real=0.01s
