[2026-01-28T11:10:36.594+0000][gc,init] CardTable entry size: 512
[2026-01-28T11:10:36.595+0000][gc     ] Using G1
[2026-01-28T11:10:36.607+0000][gc,init] Version: 21.0.4+7-LTS (release)
[2026-01-28T11:10:36.608+0000][gc,init] CPUs: 12 total, 12 available
[2026-01-28T11:10:36.608+0000][gc,init] Memory: 7837M
[2026-01-28T11:10:36.608+0000][gc,init] Large Page Support: Disabled
[2026-01-28T11:10:36.609+0000][gc,init] NUMA Support: Disabled
[2026-01-28T11:10:36.609+0000][gc,init] Compressed Oops: Enabled (32-bit)
[2026-01-28T11:10:36.609+0000][gc,init] Heap Region Size: 1M
[2026-01-28T11:10:36.609+0000][gc,init] Heap Min Capacity: 1G
[2026-01-28T11:10:36.610+0000][gc,init] Heap Initial Capacity: 1G
[2026-01-28T11:10:36.610+0000][gc,init] Heap Max Capacity: 1G
[2026-01-28T11:10:36.610+0000][gc,init] Pre-touch: Disabled
[2026-01-28T11:10:36.610+0000][gc,init] Parallel Workers: 10
[2026-01-28T11:10:36.610+0000][gc,init] Concurrent Workers: 3
[2026-01-28T11:10:36.610+0000][gc,init] Concurrent Refinement Workers: 10
[2026-01-28T11:10:36.610+0000][gc,init] Periodic GC: Disabled
[2026-01-28T11:10:36.644+0000][gc,metaspace] CDS archive(s) mapped at: [0x0000000500000000-0x0000000500bd0000-0x00000005036b0000), size 57344000, SharedBaseAddress: 0x0000000500000000, ArchiveRelocationMode: 1.
[2026-01-28T11:10:36.646+0000][gc,metaspace] Compressed class space mapped at: 0x0000000504000000-0x0000000544000000, reserved size: 1073741824
[2026-01-28T11:10:36.646+0000][gc,metaspace] Narrow klass base: 0x0000000500000000, Narrow klass shift: 0, Narrow klass range: 0x100000000
[2026-01-28T11:10:37.893+0000][gc,start    ] GC(0) Pause Young (Normal) (G1 Evacuation Pause)
[2026-01-28T11:10:37.895+0000][gc,task     ] GC(0) Using 10 workers of 10 for evacuation
[2026-01-28T11:10:37.903+0000][gc,phases   ] GC(0)   Pre Evacuate Collection Set: 0.2ms
[2026-01-28T11:10:37.903+0000][gc,phases   ] GC(0)   Merge Heap Roots: 0.0ms
[2026-01-28T11:10:37.903+0000][gc,phases   ] GC(0)   Evacuate Collection Set: 6.7ms
[2026-01-28T11:10:37.903+0000][gc,phases   ] GC(0)   Post Evacuate Collection Set: 0.6ms
[2026-01-28T11:10:37.903+0000][gc,phases   ] GC(0)   Other: 1.6ms
[2026-01-28T11:10:37.903+0000][gc,heap     ] GC(0) Eden regions: 51->0(44)
[2026-01-28T11:10:37.903+0000][gc,heap     ] GC(0) Survivor regions: 0->7(7)
[2026-01-28T11:10:37.903+0000][gc,heap     ] GC(0) Old regions: 1->7
[2026-01-28T11:10:37.903+0000][gc,heap     ] GC(0) Humongous regions: 1->1
[2026-01-28T11:10:37.903+0000][gc,metaspace] GC(0) Metaspace: 5701K(5888K)->5701K(5888K) NonClass: 5026K(5120K)->5026K(5120K) Class: 674K(768K)->674K(768K)
[2026-01-28T11:10:37.903+0000][gc          ] GC(0) Pause Young (Normal) (G1 Evacuation Pause) 52M->14M(1024M) 9.688ms
[2026-01-28T11:10:37.903+0000][gc,cpu      ] GC(0) User=0.02s Sys=0.01s Real=0.01s
[2026-01-28T11:10:49.469+0000][gc,start    ] GC(1) Pause Young (Normal) (G1 Evacuation Pause)
[2026-01-28T11:10:49.470+0000][gc,task     ] GC(1) Using 10 workers of 10 for evacuation
[2026-01-28T11:10:49.476+0000][gc,phases   ] GC(1)   Pre Evacuate Collection Set: 0.6ms
[2026-01-28T11:10:49.476+0000][gc,phases   ] GC(1)   Merge Heap Roots: 0.1ms
[2026-01-28T11:10:49.476+0000][gc,phases   ] GC(1)   Evacuate Collection Set: 4.2ms
[2026-01-28T11:10:49.476+0000][gc,phases   ] GC(1)   Post Evacuate Collection Set: 0.7ms
[2026-01-28T11:10:49.476+0000][gc,phases   ] GC(1)   Other: 0.1ms
[2026-01-28T11:10:49.476+0000][gc,heap     ] GC(1) Eden regions: 44->0(63)
[2026-01-28T11:10:49.476+0000][gc,heap     ] GC(1) Survivor regions: 7->3(7)
[2026-01-28T11:10:49.476+0000][gc,heap     ] GC(1) Old regions: 7->14
[2026-01-28T11:10:49.476+0000][gc,heap     ] GC(1) Humongous regions: 1->1
[2026-01-28T11:10:49.476+0000][gc,metaspace] GC(1) Metaspace: 7871K(8128K)->7871K(8128K) NonClass: 6993K(7104K)->6993K(7104K) Class: 878K(1024K)->878K(1024K)
[2026-01-28T11:10:49.476+0000][gc          ] GC(1) Pause Young (Normal) (G1 Evacuation Pause) 58M->17M(1024M) 7.148ms
[2026-01-28T11:10:49.476+0000][gc,cpu      ] GC(1) User=0.04s Sys=0.00s Real=0.00s
[2026-01-28T11:10:49.683+0000][gc,start    ] GC(2) Pause Young (Normal) (G1 Evacuation Pause)
[2026-01-28T11:10:49.686+0000][gc,task     ] GC(2) Using 10 workers of 10 for evacuation
[2026-01-28T11:10:49.689+0000][gc,phases   ] GC(2)   Pre Evacuate Collection Set: 0.2ms
[2026-01-28T11:10:49.689+0000][gc,phases   ] GC(2)   Merge Heap Roots: 0.0ms
[2026-01-28T11:10:49.689+0000][gc,phases   ] GC(2)   Evacuate Collection Set: 1.9ms
[2026-01-28T11:10:49.689+0000][gc,phases   ] GC(2)   Post Evacuate Collection Set: 0.4ms
[2026-01-28T11:10:49.689+0000][gc,phases   ] GC(2)   Other: 0.1ms
[2026-01-28T11:10:49.689+0000][gc,heap     ] GC(2) Eden regions: 72->0(560)
[2026-01-28T11:10:49.689+0000][gc,heap     ] GC(2) Survivor regions: 3->5(10)
[2026-01-28T11:10:49.689+0000][gc,heap     ] GC(2) Old regions: 14->14
[2026-01-28T11:10:49.689+0000][gc,heap     ] GC(2) Humongous regions: 1->1
[2026-01-28T11:10:49.689+0000][gc,metaspace] GC(2) Metaspace: 9084K(9408K)->9084K(9408K) NonClass: 8038K(8192K)->8038K(8192K) Class: 1045K(1216K)->1045K(1216K)
[2026-01-28T11:10:49.689+0000][gc          ] GC(2) Pause Young (Normal) (G1 Evacuation Pause) 89M->19M(1024M) 6.279ms
[2026-01-28T11:10:49.689+0000][gc,cpu      ] GC(2) User=0.01s Sys=0.01s Real=0.01s
[2026-01-28T11:11:49.579+0000][gc,start    ] GC(3) Pause Young (Normal) (G1 Evacuation Pause)
[2026-01-28T11:11:49.579+0000][gc,task     ] GC(3) Using 10 workers of 10 for evacuation
[2026-01-28T11:11:49.584+0000][gc,phases   ] GC(3)   Pre Evacuate Collection Set: 0.7ms
[2026-01-28T11:11:49.584+0000][gc,phases   ] GC(3)   Merge Heap Roots: 0.2ms
[2026-01-28T11:11:49.584+0000][gc,phases   ] GC(3)   Evacuate Collection Set: 3.0ms
[2026-01-28T11:11:49.584+0000][gc,phases   ] GC(3)   Post Evacuate Collection Set: 0.7ms
[2026-01-28T11:11:49.584+0000][gc,phases   ] GC(3)   Other: 0.3ms
[2026-01-28T11:11:49.584+0000][gc,heap     ] GC(3) Eden regions: 609->0(608)
[2026-01-28T11:11:49.584+0000][gc,heap     ] GC(3) Survivor regions: 5->6(77)
[2026-01-28T11:11:49.584+0000][gc,heap     ] GC(3) Old regions: 14->14
[2026-01-28T11:11:49.584+0000][gc,heap     ] GC(3) Humongous regions: 1->1
[2026-01-28T11:11:49.584+0000][gc,metaspace] GC(3) Metaspace: 10416K(10752K)->10416K(10752K) NonClass: 9314K(9472K)->9314K(9472K) Class: 1102K(1280K)->1102K(1280K)
[2026-01-28T11:11:49.585+0000][gc          ] GC(3) Pause Young (Normal) (G1 Evacuation Pause) 628M->20M(1024M) 5.600ms
[2026-01-28T11:11:49.585+0000][gc,cpu      ] GC(3) User=0.03s Sys=0.01s Real=0.00s
[2026-01-28T11:12:59.343+0000][gc,start    ] GC(4) Pause Young (Normal) (G1 Evacuation Pause)
[2026-01-28T11:12:59.343+0000][gc,task     ] GC(4) Using 10 workers of 10 for evacuation
[2026-01-28T11:12:59.352+0000][gc,phases   ] GC(4)   Pre Evacuate Collection Set: 1.4ms
[2026-01-28T11:12:59.353+0000][gc,phases   ] GC(4)   Merge Heap Roots: 0.3ms
[2026-01-28T11:12:59.353+0000][gc,phases   ] GC(4)   Evacuate Collection Set: 4.7ms
[2026-01-28T11:12:59.353+0000][gc,phases   ] GC(4)   Post Evacuate Collection Set: 2.7ms
[2026-01-28T11:12:59.353+0000][gc,phases   ] GC(4)   Other: 0.3ms
[2026-01-28T11:12:59.353+0000][gc,heap     ] GC(4) Eden regions: 608->0(610)
[2026-01-28T11:12:59.353+0000][gc,heap     ] GC(4) Survivor regions: 6->4(77)
[2026-01-28T11:12:59.353+0000][gc,heap     ] GC(4) Old regions: 14->14
[2026-01-28T11:12:59.353+0000][gc,heap     ] GC(4) Humongous regions: 1->1
[2026-01-28T11:12:59.353+0000][gc,metaspace] GC(4) Metaspace: 10759K(11136K)->10759K(11136K) NonClass: 9653K(9792K)->9653K(9792K) Class: 1105K(1344K)->1105K(1344K)
[2026-01-28T11:12:59.354+0000][gc          ] GC(4) Pause Young (Normal) (G1 Evacuation Pause) 628M->18M(1024M) 11.030ms
[2026-01-28T11:12:59.354+0000][gc,cpu      ] GC(4) User=0.06s Sys=0.00s Real=0.01s
[2026-01-28T11:13:59.364+0000][gc,start    ] GC(5) Pause Young (Normal) (G1 Evacuation Pause)
[2026-01-28T11:13:59.364+0000][gc,task     ] GC(5) Using 10 workers of 10 for evacuation
[2026-01-28T11:13:59.369+0000][gc,phases   ] GC(5)   Pre Evacuate Collection Set: 0.7ms
[2026-01-28T11:13:59.370+0000][gc,phases   ] GC(5)   Merge Heap Roots: 0.2ms
[2026-01-28T11:13:59.370+0000][gc,phases   ] GC(5)   Evacuate Collection Set: 3.0ms
[2026-01-28T11:13:59.370+0000][gc,phases   ] GC(5)   Post Evacuate Collection Set: 0.9ms
[2026-01-28T11:13:59.370+0000][gc,phases   ] GC(5)   Other: 0.3ms
[2026-01-28T11:13:59.370+0000][gc,heap     ] GC(5) Eden regions: 610->0(610)
[2026-01-28T11:13:59.370+0000][gc,heap     ] GC(5) Survivor regions: 4->4(77)
[2026-01-28T11:13:59.370+0000][gc,heap     ] GC(5) Old regions: 14->14
[2026-01-28T11:13:59.370+0000][gc,heap     ] GC(5) Humongous regions: 1->1
[2026-01-28T11:13:59.370+0000][gc,metaspace] GC(5) Metaspace: 11009K(11392K)->11009K(11392K) NonClass: 9894K(10048K)->9894K(10048K) Class: 1114K(1344K)->1114K(1344K)
[2026-01-28T11:13:59.370+0000][gc          ] GC(5) Pause Young (Normal) (G1 Evacuation Pause) 628M->18M(1024M) 6.054ms
[2026-01-28T11:13:59.370+0000][gc,cpu      ] GC(5) User=0.04s Sys=0.00s Real=0.01s
[2026-01-28T11:14:59.395+0000][gc,start    ] GC(6) Pause Young (Normal) (G1 Evacuation Pause)
[2026-01-28T11:14:59.396+0000][gc,task     ] GC(6) Using 10 workers of 10 for evacuation
[2026-01-28T11:14:59.401+0000][gc,phases   ] GC(6)   Pre Evacuate Collection Set: 1.3ms
[2026-01-28T11:14:59.401+0000][gc,phases   ] GC(6)   Merge Heap Roots: 0.1ms
[2026-01-28T11:14:59.401+0000][gc,phases   ] GC(6)   Evacuate Collection Set: 2.8ms
[2026-01-28T11:14:59.401+0000][gc,phases   ] GC(6)   Post Evacuate Collection Set: 0.7ms
[2026-01-28T11:14:59.401+0000][gc,phases   ] GC(6)   Other: 0.1ms
[2026-01-28T11:14:59.401+0000][gc,heap     ] GC(6) Eden regions: 610->0(610)
[2026-01-28T11:14:59.401+0000][gc,heap     ] GC(6) Survivor regions: 4->4(77)
[2026-01-28T11:14:59.401+0000][gc,heap     ] GC(6) Old regions: 14->14
[2026-01-28T11:14:59.401+0000][gc,heap     ] GC(6) Humongous regions: 1->1
[2026-01-28T11:14:59.402+0000][gc,metaspace] GC(6) Metaspace: 11169K(11584K)->11169K(11584K) NonClass: 10055K(10240K)->10055K(10240K) Class: 1114K(1344K)->1114K(1344K)
[2026-01-28T11:14:59.402+0000][gc          ] GC(6) Pause Young (Normal) (G1 Evacuation Pause) 628M->18M(1024M) 6.498ms
[2026-01-28T11:14:59.402+0000][gc,cpu      ] GC(6) User=0.03s Sys=0.00s Real=0.01s
[2026-01-28T11:15:59.432+0000][gc,start    ] GC(7) Pause Young (Normal) (G1 Evacuation Pause)
[2026-01-28T11:15:59.432+0000][gc,task     ] GC(7) Using 10 workers of 10 for evacuation
[2026-01-28T11:15:59.445+0000][gc,phases   ] GC(7)   Pre Evacuate Collection Set: 0.9ms
[2026-01-28T11:15:59.445+0000][gc,phases   ] GC(7)   Merge Heap Roots: 0.7ms
[2026-01-28T11:15:59.445+0000][gc,phases   ] GC(7)   Evacuate Collection Set: 8.7ms
[2026-01-28T11:15:59.445+0000][gc,phases   ] GC(7)   Post Evacuate Collection Set: 1.8ms
[2026-01-28T11:15:59.445+0000][gc,phases   ] GC(7)   Other: 0.4ms
[2026-01-28T11:15:59.445+0000][gc,heap     ] GC(7) Eden regions: 610->0(609)
[2026-01-28T11:15:59.445+0000][gc,heap     ] GC(7) Survivor regions: 4->5(77)
[2026-01-28T11:15:59.445+0000][gc,heap     ] GC(7) Old regions: 14->14
[2026-01-28T11:15:59.445+0000][gc,heap     ] GC(7) Humongous regions: 1->1
[2026-01-28T11:15:59.445+0000][gc,metaspace] GC(7) Metaspace: 11230K(11648K)->11230K(11648K) NonClass: 10112K(10304K)->10112K(10304K) Class: 1117K(1344K)->1117K(1344K)
[2026-01-28T11:15:59.445+0000][gc          ] GC(7) Pause Young (Normal) (G1 Evacuation Pause) 628M->19M(1024M) 13.903ms
[2026-01-28T11:15:59.446+0000][gc,cpu      ] GC(7) User=0.10s Sys=0.00s Real=0.01s
[2026-01-28T11:16:59.458+0000][gc,start    ] GC(8) Pause Young (Normal) (G1 Evacuation Pause)
[2026-01-28T11:16:59.458+0000][gc,task     ] GC(8) Using 10 workers of 10 for evacuation
[2026-01-28T11:16:59.464+0000][gc,phases   ] GC(8)   Pre Evacuate Collection Set: 0.6ms
[2026-01-28T11:16:59.464+0000][gc,phases   ] GC(8)   Merge Heap Roots: 0.2ms
[2026-01-28T11:16:59.464+0000][gc,phases   ] GC(8)   Evacuate Collection Set: 3.2ms
[2026-01-28T11:16:59.465+0000][gc,phases   ] GC(8)   Post Evacuate Collection Set: 1.5ms
[2026-01-28T11:16:59.465+0000][gc,phases   ] GC(8)   Other: 0.2ms
[2026-01-28T11:16:59.465+0000][gc,heap     ] GC(8) Eden regions: 609->0(609)
[2026-01-28T11:16:59.465+0000][gc,heap     ] GC(8) Survivor regions: 5->5(77)
[2026-01-28T11:16:59.465+0000][gc,heap     ] GC(8) Old regions: 14->14
[2026-01-28T11:16:59.465+0000][gc,heap     ] GC(8) Humongous regions: 1->1
[2026-01-28T11:16:59.465+0000][gc,metaspace] GC(8) Metaspace: 11267K(11648K)->11267K(11648K) NonClass: 10149K(10304K)->10149K(10304K) Class: 1118K(1344K)->1118K(1344K)
[2026-01-28T11:16:59.465+0000][gc          ] GC(8) Pause Young (Normal) (G1 Evacuation Pause) 628M->19M(1024M) 7.655ms
[2026-01-28T11:16:59.465+0000][gc,cpu      ] GC(8) User=0.04s Sys=0.00s Real=0.01s
[2026-01-28T11:17:59.482+0000][gc,start    ] GC(9) Pause Young (Normal) (G1 Evacuation Pause)
[2026-01-28T11:17:59.483+0000][gc,task     ] GC(9) Using 10 workers of 10 for evacuation
[2026-01-28T11:17:59.487+0000][gc,phases   ] GC(9)   Pre Evacuate Collection Set: 0.7ms
[2026-01-28T11:17:59.487+0000][gc,phases   ] GC(9)   Merge Heap Roots: 0.2ms
[2026-01-28T11:17:59.488+0000][gc,phases   ] GC(9)   Evacuate Collection Set: 3.1ms
[2026-01-28T11:17:59.488+0000][gc,phases   ] GC(9)   Post Evacuate Collection Set: 0.8ms
[2026-01-28T11:17:59.488+0000][gc,phases   ] GC(9)   Other: 0.2ms
[2026-01-28T11:17:59.488+0000][gc,heap     ] GC(9) Eden regions: 609->0(609)
[2026-01-28T11:17:59.488+0000][gc,heap     ] GC(9) Survivor regions: 5->5(77)
[2026-01-28T11:17:59.488+0000][gc,heap     ] GC(9) Old regions: 14->14
[2026-01-28T11:17:59.488+0000][gc,heap     ] GC(9) Humongous regions: 1->1
[2026-01-28T11:17:59.488+0000][gc,metaspace] GC(9) Metaspace: 11312K(11712K)->11312K(11712K) NonClass: 10190K(10368K)->10190K(10368K) Class: 1121K(1344K)->1121K(1344K)
[2026-01-28T11:17:59.488+0000][gc          ] GC(9) Pause Young (Normal) (G1 Evacuation Pause) 628M->19M(1024M) 6.332ms
[2026-01-28T11:17:59.488+0000][gc,cpu      ] GC(9) User=0.03s Sys=0.00s Real=0.01s
[2026-01-28T11:18:59.519+0000][gc,start    ] GC(10) Pause Young (Normal) (G1 Evacuation Pause)
[2026-01-28T11:18:59.520+0000][gc,task     ] GC(10) Using 10 workers of 10 for evacuation
[2026-01-28T11:18:59.524+0000][gc,phases   ] GC(10)   Pre Evacuate Collection Set: 0.6ms
[2026-01-28T11:18:59.525+0000][gc,phases   ] GC(10)   Merge Heap Roots: 0.2ms
[2026-01-28T11:18:59.525+0000][gc,phases   ] GC(10)   Evacuate Collection Set: 2.9ms
[2026-01-28T11:18:59.525+0000][gc,phases   ] GC(10)   Post Evacuate Collection Set: 0.6ms
[2026-01-28T11:18:59.525+0000][gc,phases   ] GC(10)   Other: 0.2ms
[2026-01-28T11:18:59.525+0000][gc,heap     ] GC(10) Eden regions: 609->0(608)
[2026-01-28T11:18:59.525+0000][gc,heap     ] GC(10) Survivor regions: 5->6(77)
[2026-01-28T11:18:59.525+0000][gc,heap     ] GC(10) Old regions: 14->14
[2026-01-28T11:18:59.525+0000][gc,heap     ] GC(10) Humongous regions: 1->1
[2026-01-28T11:18:59.525+0000][gc,metaspace] GC(10) Metaspace: 11331K(11712K)->11331K(11712K) NonClass: 10209K(10368K)->10209K(10368K) Class: 1121K(1344K)->1121K(1344K)
[2026-01-28T11:18:59.525+0000][gc          ] GC(10) Pause Young (Normal) (G1 Evacuation Pause) 628M->20M(1024M) 5.962ms
[2026-01-28T11:18:59.525+0000][gc,cpu      ] GC(10) User=0.04s Sys=0.00s Real=0.01s
[2026-01-28T11:20:09.368+0000][gc,start    ] GC(11) Pause Young (Normal) (G1 Evacuation Pause)
[2026-01-28T11:20:09.370+0000][gc,task     ] GC(11) Using 10 workers of 10 for evacuation
[2026-01-28T11:20:09.376+0000][gc,phases   ] GC(11)   Pre Evacuate Collection Set: 0.8ms
[2026-01-28T11:20:09.376+0000][gc,phases   ] GC(11)   Merge Heap Roots: 0.3ms
[2026-01-28T11:20:09.376+0000][gc,phases   ] GC(11)   Evacuate Collection Set: 3.8ms
[2026-01-28T11:20:09.376+0000][gc,phases   ] GC(11)   Post Evacuate Collection Set: 0.9ms
[2026-01-28T11:20:09.376+0000][gc,phases   ] GC(11)   Other: 0.2ms
[2026-01-28T11:20:09.376+0000][gc,heap     ] GC(11) Eden regions: 608->0(610)
[2026-01-28T11:20:09.376+0000][gc,heap     ] GC(11) Survivor regions: 6->4(77)
[2026-01-28T11:20:09.376+0000][gc,heap     ] GC(11) Old regions: 14->14
[2026-01-28T11:20:09.376+0000][gc,heap     ] GC(11) Humongous regions: 1->1
[2026-01-28T11:20:09.376+0000][gc,metaspace] GC(11) Metaspace: 11373K(11712K)->11373K(11712K) NonClass: 10251K(10368K)->10251K(10368K) Class: 1121K(1344K)->1121K(1344K)
[2026-01-28T11:20:09.377+0000][gc          ] GC(11) Pause Young (Normal) (G1 Evacuation Pause) 628M->18M(1024M) 8.351ms
[2026-01-28T11:20:09.377+0000][gc,cpu      ] GC(11) User=0.04s Sys=0.00s Real=0.01s
[2026-01-28T11:21:09.417+0000][gc,start    ] GC(12) Pause Young (Normal) (G1 Evacuation Pause)
[2026-01-28T11:21:09.418+0000][gc,task     ] GC(12) Using 10 workers of 10 for evacuation
[2026-01-28T11:21:09.422+0000][gc,phases   ] GC(12)   Pre Evacuate Collection Set: 0.5ms
[2026-01-28T11:21:09.422+0000][gc,phases   ] GC(12)   Merge Heap Roots: 0.2ms
[2026-01-28T11:21:09.422+0000][gc,phases   ] GC(12)   Evacuate Collection Set: 2.6ms
[2026-01-28T11:21:09.422+0000][gc,phases   ] GC(12)   Post Evacuate Collection Set: 0.7ms
[2026-01-28T11:21:09.422+0000][gc,phases   ] GC(12)   Other: 0.2ms
[2026-01-28T11:21:09.422+0000][gc,heap     ] GC(12) Eden regions: 610->0(609)
[2026-01-28T11:21:09.422+0000][gc,heap     ] GC(12) Survivor regions: 4->5(77)
[2026-01-28T11:21:09.422+0000][gc,heap     ] GC(12) Old regions: 14->14
[2026-01-28T11:21:09.422+0000][gc,heap     ] GC(12) Humongous regions: 1->1
[2026-01-28T11:21:09.422+0000][gc,metaspace] GC(12) Metaspace: 11395K(11776K)->11395K(11776K) NonClass: 10272K(10432K)->10272K(10432K) Class: 1122K(1344K)->1122K(1344K)
[2026-01-28T11:21:09.422+0000][gc          ] GC(12) Pause Young (Normal) (G1 Evacuation Pause) 628M->18M(1024M) 5.493ms
[2026-01-28T11:21:09.423+0000][gc,cpu      ] GC(12) User=0.03s Sys=0.00s Real=0.01s
[2026-01-28T11:22:09.454+0000][gc,start    ] GC(13) Pause Young (Normal) (G1 Evacuation Pause)
[2026-01-28T11:22:09.455+0000][gc,task     ] GC(13) Using 10 workers of 10 for evacuation
[2026-01-28T11:22:09.460+0000][gc,phases   ] GC(13)   Pre Evacuate Collection Set: 0.6ms
[2026-01-28T11:22:09.460+0000][gc,phases   ] GC(13)   Merge Heap Roots: 0.2ms
[2026-01-28T11:22:09.460+0000][gc,phases   ] GC(13)   Evacuate Collection Set: 3.5ms
[2026-01-28T11:22:09.460+0000][gc,phases   ] GC(13)   Post Evacuate Collection Set: 0.8ms
[2026-01-28T11:22:09.460+0000][gc,phases   ] GC(13)   Other: 0.2ms
[2026-01-28T11:22:09.460+0000][gc,heap     ] GC(13) Eden regions: 609->0(609)
[2026-01-28T11:22:09.460+0000][gc,heap     ] GC(13) Survivor regions: 5->5(77)
[2026-01-28T11:22:09.460+0000][gc,heap     ] GC(13) Old regions: 14->14
[2026-01-28T11:22:09.460+0000][gc,heap     ] GC(13) Humongous regions: 1->1
[2026-01-28T11:22:09.461+0000][gc,metaspace] GC(13) Metaspace: 11458K(11840K)->11458K(11840K) NonClass: 10331K(10496K)->10331K(10496K) Class: 1126K(1344K)->1126K(1344K)
[2026-01-28T11:22:09.461+0000][gc          ] GC(13) Pause Young (Normal) (G1 Evacuation Pause) 627M->19M(1024M) 6.843ms
[2026-01-28T11:22:09.461+0000][gc,cpu      ] GC(13) User=0.04s Sys=0.00s Real=0.00s
[2026-01-28T11:23:09.478+0000][gc,start    ] GC(14) Pause Young (Normal) (G1 Evacuation Pause)
[2026-01-28T11:23:09.479+0000][gc,task     ] GC(14) Using 10 workers of 10 for evacuation
[2026-01-28T11:23:09.484+0000][gc,phases   ] GC(14)   Pre Evacuate Collection Set: 0.8ms
[2026-01-28T11:23:09.484+0000][gc,phases   ] GC(14)   Merge Heap Roots: 0.2ms
[2026-01-28T11:23:09.484+0000][gc,phases   ] GC(14)   Evacuate Collection Set: 3.2ms
[2026-01-28T11:23:09.484+0000][gc,phases   ] GC(14)   Post Evacuate Collection Set: 0.7ms
[2026-01-28T11:23:09.484+0000][gc,phases   ] GC(14)   Other: 0.1ms
[2026-01-28T11:23:09.484+0000][gc,heap     ] GC(14) Eden regions: 609->0(609)
[2026-01-28T11:23:09.484+0000][gc,heap     ] GC(14) Survivor regions: 5->5(77)
[2026-01-28T11:23:09.484+0000][gc,heap     ] GC(14) Old regions: 14->14
[2026-01-28T11:23:09.484+0000][gc,heap     ] GC(14) Humongous regions: 1->1
[2026-01-28T11:23:09.485+0000][gc,metaspace] GC(14) Metaspace: 11474K(11840K)->11474K(11840K) NonClass: 10347K(10496K)->10347K(10496K) Class: 1126K(1344K)->1126K(1344K)
[2026-01-28T11:23:09.485+0000][gc          ] GC(14) Pause Young (Normal) (G1 Evacuation Pause) 628M->19M(1024M) 6.330ms
[2026-01-28T11:23:09.485+0000][gc,cpu      ] GC(14) User=0.03s Sys=0.01s Real=0.01s
[2026-01-28T11:24:09.536+0000][gc,start    ] GC(15) Pause Young (Normal) (G1 Evacuation Pause)
[2026-01-28T11:24:09.537+0000][gc,task     ] GC(15) Using 10 workers of 10 for evacuation
[2026-01-28T11:24:09.550+0000][gc,phases   ] GC(15)   Pre Evacuate Collection Set: 0.7ms
[2026-01-28T11:24:09.550+0000][gc,phases   ] GC(15)   Merge Heap Roots: 0.2ms
[2026-01-28T11:24:09.550+0000][gc,phases   ] GC(15)   Evacuate Collection Set: 10.1ms
[2026-01-28T11:24:09.550+0000][gc,phases   ] GC(15)   Post Evacuate Collection Set: 1.8ms
[2026-01-28T11:24:09.550+0000][gc,phases   ] GC(15)   Other: 0.3ms
[2026-01-28T11:24:09.550+0000][gc,heap     ] GC(15) Eden regions: 609->0(608)
[2026-01-28T11:24:09.551+0000][gc,heap     ] GC(15) Survivor regions: 5->6(77)
[2026-01-28T11:24:09.551+0000][gc,heap     ] GC(15) Old regions: 14->14
[2026-01-28T11:24:09.551+0000][gc,heap     ] GC(15) Humongous regions: 1->1
[2026-01-28T11:24:09.551+0000][gc,metaspace] GC(15) Metaspace: 11498K(11840K)->11498K(11840K) NonClass: 10371K(10496K)->10371K(10496K) Class: 1126K(1344K)->1126K(1344K)
[2026-01-28T11:24:09.551+0000][gc          ] GC(15) Pause Young (Normal) (G1 Evacuation Pause) 628M->20M(1024M) 14.738ms
[2026-01-28T11:24:09.551+0000][gc,cpu      ] GC(15) User=0.10s Sys=0.00s Real=0.01s
[2026-01-28T11:25:19.180+0000][gc,start    ] GC(16) Pause Young (Normal) (G1 Evacuation Pause)
[2026-01-28T11:25:19.181+0000][gc,task     ] GC(16) Using 10 workers of 10 for evacuation
[2026-01-28T11:25:19.193+0000][gc,phases   ] GC(16)   Pre Evacuate Collection Set: 1.8ms
[2026-01-28T11:25:19.194+0000][gc,phases   ] GC(16)   Merge Heap Roots: 0.4ms
[2026-01-28T11:25:19.194+0000][gc,phases   ] GC(16)   Evacuate Collection Set: 8.6ms
[2026-01-28T11:25:19.194+0000][gc,phases   ] GC(16)   Post Evacuate Collection Set: 1.6ms
[2026-01-28T11:25:19.194+0000][gc,phases   ] GC(16)   Other: 0.4ms
[2026-01-28T11:25:19.194+0000][gc,heap     ] GC(16) Eden regions: 608->0(611)
[2026-01-28T11:25:19.194+0000][gc,heap     ] GC(16) Survivor regions: 6->3(77)
[2026-01-28T11:25:19.194+0000][gc,heap     ] GC(16) Old regions: 14->16
[2026-01-28T11:25:19.194+0000][gc,heap     ] GC(16) Humongous regions: 1->1
[2026-01-28T11:25:19.194+0000][gc,metaspace] GC(16) Metaspace: 11554K(11904K)->11554K(11904K) NonClass: 10425K(10560K)->10425K(10560K) Class: 1128K(1344K)->1128K(1344K)
[2026-01-28T11:25:19.195+0000][gc          ] GC(16) Pause Young (Normal) (G1 Evacuation Pause) 628M->18M(1024M) 14.226ms
[2026-01-28T11:25:19.195+0000][gc,cpu      ] GC(16) User=0.09s Sys=0.01s Real=0.02s
[2026-01-28T11:26:19.409+0000][gc,start    ] GC(17) Pause Young (Normal) (G1 Evacuation Pause)
[2026-01-28T11:26:19.410+0000][gc,task     ] GC(17) Using 10 workers of 10 for evacuation
[2026-01-28T11:26:19.415+0000][gc,phases   ] GC(17)   Pre Evacuate Collection Set: 0.9ms
[2026-01-28T11:26:19.415+0000][gc,phases   ] GC(17)   Merge Heap Roots: 0.1ms
[2026-01-28T11:26:19.415+0000][gc,phases   ] GC(17)   Evacuate Collection Set: 3.1ms
[2026-01-28T11:26:19.415+0000][gc,phases   ] GC(17)   Post Evacuate Collection Set: 0.7ms
[2026-01-28T11:26:19.415+0000][gc,phases   ] GC(17)   Other: 0.2ms
[2026-01-28T11:26:19.415+0000][gc,heap     ] GC(17) Eden regions: 611->0(612)
[2026-01-28T11:26:19.415+0000][gc,heap     ] GC(17) Survivor regions: 3->2(77)
[2026-01-28T11:26:19.415+0000][gc,heap     ] GC(17) Old regions: 16->17
[2026-01-28T11:26:19.415+0000][gc,heap     ] GC(17) Humongous regions: 1->1
[2026-01-28T11:26:19.416+0000][gc,metaspace] GC(17) Metaspace: 11558K(11904K)->11558K(11904K) NonClass: 10430K(10560K)->10430K(10560K) Class: 1128K(1344K)->1128K(1344K)
[2026-01-28T11:26:19.416+0000][gc          ] GC(17) Pause Young (Normal) (G1 Evacuation Pause) 629M->18M(1024M) 6.486ms
[2026-01-28T11:26:19.416+0000][gc,cpu      ] GC(17) User=0.03s Sys=0.00s Real=0.01s
[2026-01-28T11:27:19.460+0000][gc,start    ] GC(18) Pause Young (Normal) (G1 Evacuation Pause)
[2026-01-28T11:27:19.461+0000][gc,task     ] GC(18) Using 10 workers of 10 for evacuation
[2026-01-28T11:27:19.465+0000][gc,phases   ] GC(18)   Pre Evacuate Collection Set: 0.8ms
[2026-01-28T11:27:19.465+0000][gc,phases   ] GC(18)   Merge Heap Roots: 0.2ms
[2026-01-28T11:27:19.465+0000][gc,phases   ] GC(18)   Evacuate Collection Set: 2.0ms
[2026-01-28T11:27:19.465+0000][gc,phases   ] GC(18)   Post Evacuate Collection Set: 0.6ms
[2026-01-28T11:27:19.465+0000][gc,phases   ] GC(18)   Other: 0.2ms
[2026-01-28T11:27:19.465+0000][gc,heap     ] GC(18) Eden regions: 612->0(612)
[2026-01-28T11:27:19.465+0000][gc,heap     ] GC(18) Survivor regions: 2->2(77)
[2026-01-28T11:27:19.465+0000][gc,heap     ] GC(18) Old regions: 17->17
[2026-01-28T11:27:19.465+0000][gc,heap     ] GC(18) Humongous regions: 1->1
[2026-01-28T11:27:19.465+0000][gc,metaspace] GC(18) Metaspace: 11591K(11968K)->11591K(11968K) NonClass: 10462K(10624K)->10462K(10624K) Class: 1128K(1344K)->1128K(1344K)
[2026-01-28T11:27:19.465+0000][gc          ] GC(18) Pause Young (Normal) (G1 Evacuation Pause) 630M->19M(1024M) 5.119ms
[2026-01-28T11:27:19.465+0000][gc,cpu      ] GC(18) User=0.02s Sys=0.00s Real=0.01s
[2026-01-28T11:28:19.494+0000][gc,start    ] GC(19) Pause Young (Normal) (G1 Evacuation Pause)
[2026-01-28T11:28:19.494+0000][gc,task     ] GC(19) Using 10 workers of 10 for evacuation
[2026-01-28T11:28:19.501+0000][gc,phases   ] GC(19)   Pre Evacuate Collection Set: 1.0ms
[2026-01-28T11:28:19.501+0000][gc,phases   ] GC(19)   Merge Heap Roots: 0.2ms
[2026-01-28T11:28:19.501+0000][gc,phases   ] GC(19)   Evacuate Collection Set: 3.9ms
[2026-01-28T11:28:19.501+0000][gc,phases   ] GC(19)   Post Evacuate Collection Set: 1.0ms
[2026-01-28T11:28:19.501+0000][gc,phases   ] GC(19)   Other: 0.2ms
[2026-01-28T11:28:19.501+0000][gc,heap     ] GC(19) Eden regions: 612->0(611)
[2026-01-28T11:28:19.501+0000][gc,heap     ] GC(19) Survivor regions: 2->3(77)
[2026-01-28T11:28:19.501+0000][gc,heap     ] GC(19) Old regions: 17->18
[2026-01-28T11:28:19.501+0000][gc,heap     ] GC(19) Humongous regions: 1->1
[2026-01-28T11:28:19.501+0000][gc,metaspace] GC(19) Metaspace: 11642K(12032K)->11642K(12032K) NonClass: 10513K(10688K)->10513K(10688K) Class: 1129K(1344K)->1129K(1344K)
[2026-01-28T11:28:19.501+0000][gc          ] GC(19) Pause Young (Normal) (G1 Evacuation Pause) 631M->20M(1024M) 7.394ms
[2026-01-28T11:28:19.501+0000][gc,cpu      ] GC(19) User=0.05s Sys=0.01s Real=0.01s
[2026-01-28T11:29:19.534+0000][gc,start    ] GC(20) Pause Young (Normal) (G1 Evacuation Pause)
[2026-01-28T11:29:19.535+0000][gc,task     ] GC(20) Using 10 workers of 10 for evacuation
[2026-01-28T11:29:19.539+0000][gc,phases   ] GC(20)   Pre Evacuate Collection Set: 0.7ms
[2026-01-28T11:29:19.539+0000][gc,phases   ] GC(20)   Merge Heap Roots: 0.4ms
[2026-01-28T11:29:19.539+0000][gc,phases   ] GC(20)   Evacuate Collection Set: 2.5ms
[2026-01-28T11:29:19.539+0000][gc,phases   ] GC(20)   Post Evacuate Collection Set: 0.6ms
[2026-01-28T11:29:19.539+0000][gc,phases   ] GC(20)   Other: 0.2ms
[2026-01-28T11:29:19.539+0000][gc,heap     ] GC(20) Eden regions: 611->0(611)
[2026-01-28T11:29:19.539+0000][gc,heap     ] GC(20) Survivor regions: 3->3(77)
[2026-01-28T11:29:19.539+0000][gc,heap     ] GC(20) Old regions: 18->18
[2026-01-28T11:29:19.539+0000][gc,heap     ] GC(20) Humongous regions: 1->1
[2026-01-28T11:29:19.539+0000][gc,metaspace] GC(20) Metaspace: 11644K(12032K)->11644K(12032K) NonClass: 10515K(10688K)->10515K(10688K) Class: 1129K(1344K)->1129K(1344K)
[2026-01-28T11:29:19.539+0000][gc          ] GC(20) Pause Young (Normal) (G1 Evacuation Pause) 631M->20M(1024M) 5.213ms
[2026-01-28T11:29:19.539+0000][gc,cpu      ] GC(20) User=0.03s Sys=0.00s Real=0.01s
[2026-01-28T11:30:29.395+0000][gc,start    ] GC(21) Pause Young (Normal) (G1 Evacuation Pause)
[2026-01-28T11:30:29.395+0000][gc,task     ] GC(21) Using 10 workers of 10 for evacuation
[2026-01-28T11:30:29.402+0000][gc,phases   ] GC(21)   Pre Evacuate Collection Set: 0.8ms
[2026-01-28T11:30:29.402+0000][gc,phases   ] GC(21)   Merge Heap Roots: 0.2ms
[2026-01-28T11:30:29.402+0000][gc,phases   ] GC(21)   Evacuate Collection Set: 2.3ms
[2026-01-28T11:30:29.402+0000][gc,phases   ] GC(21)   Post Evacuate Collection Set: 2.8ms
[2026-01-28T11:30:29.402+0000][gc,phases   ] GC(21)   Other: 0.3ms
[2026-01-28T11:30:29.402+0000][gc,heap     ] GC(21) Eden regions: 611->0(613)
[2026-01-28T11:30:29.402+0000][gc,heap     ] GC(21) Survivor regions: 3->1(77)
[2026-01-28T11:30:29.402+0000][gc,heap     ] GC(21) Old regions: 18->18
[2026-01-28T11:30:29.402+0000][gc,heap     ] GC(21) Humongous regions: 1->1
[2026-01-28T11:30:29.402+0000][gc,metaspace] GC(21) Metaspace: 11658K(12032K)->11658K(12032K) NonClass: 10529K(10688K)->10529K(10688K) Class: 1129K(1344K)->1129K(1344K)
[2026-01-28T11:30:29.402+0000][gc          ] GC(21) Pause Young (Normal) (G1 Evacuation Pause) 631M->19M(1024M) 7.323ms
[2026-01-28T11:30:29.402+0000][gc,cpu      ] GC(21) User=0.04s Sys=0.00s Real=0.01s
[2026-01-28T11:31:29.457+0000][gc,start    ] GC(22) Pause Young (Normal) (G1 Evacuation Pause)
[2026-01-28T11:31:29.458+0000][gc,task     ] GC(22) Using 10 workers of 10 for evacuation
[2026-01-28T11:31:29.461+0000][gc,phases   ] GC(22)   Pre Evacuate Collection Set: 0.6ms
[2026-01-28T11:31:29.462+0000][gc,phases   ] GC(22)   Merge Heap Roots: 0.2ms
[2026-01-28T11:31:29.462+0000][gc,phases   ] GC(22)   Evacuate Collection Set: 2.0ms
[2026-01-28T11:31:29.462+0000][gc,phases   ] GC(22)   Post Evacuate Collection Set: 0.7ms
[2026-01-28T11:31:29.462+0000][gc,phases   ] GC(22)   Other: 0.2ms
[2026-01-28T11:31:29.462+0000][gc,heap     ] GC(22) Eden regions: 613->0(612)
[2026-01-28T11:31:29.462+0000][gc,heap     ] GC(22) Survivor regions: 1->2(77)
[2026-01-28T11:31:29.462+0000][gc,heap     ] GC(22) Old regions: 18->18
[2026-01-28T11:31:29.462+0000][gc,heap     ] GC(22) Humongous regions: 1->1
[2026-01-28T11:31:29.462+0000][gc,metaspace] GC(22) Metaspace: 11687K(12032K)->11687K(12032K) NonClass: 10558K(10688K)->10558K(10688K) Class: 1129K(1344K)->1129K(1344K)
[2026-01-28T11:31:29.462+0000][gc          ] GC(22) Pause Young (Normal) (G1 Evacuation Pause) 632M->19M(1024M) 4.562ms
[2026-01-28T11:31:29.462+0000][gc,cpu      ] GC(22) User=0.03s Sys=0.01s Real=0.00s
[2026-01-28T11:32:29.489+0000][gc,start    ] GC(23) Pause Young (Normal) (G1 Evacuation Pause)
[2026-01-28T11:32:29.490+0000][gc,task     ] GC(23) Using 10 workers of 10 for evacuation
[2026-01-28T11:32:29.499+0000][gc,phases   ] GC(23)   Pre Evacuate Collection Set: 1.2ms
[2026-01-28T11:32:29.499+0000][gc,phases   ] GC(23)   Merge Heap Roots: 0.7ms
[2026-01-28T11:32:29.499+0000][gc,phases   ] GC(23)   Evacuate Collection Set: 5.0ms
[2026-01-28T11:32:29.499+0000][gc,phases   ] GC(23)   Post Evacuate Collection Set: 1.5ms
[2026-01-28T11:32:29.499+0000][gc,phases   ] GC(23)   Other: 0.6ms
[2026-01-28T11:32:29.499+0000][gc,heap     ] GC(23) Eden regions: 612->0(612)
[2026-01-28T11:32:29.500+0000][gc,heap     ] GC(23) Survivor regions: 2->2(77)
[2026-01-28T11:32:29.500+0000][gc,heap     ] GC(23) Old regions: 18->18
[2026-01-28T11:32:29.500+0000][gc,heap     ] GC(23) Humongous regions: 1->1
[2026-01-28T11:32:29.500+0000][gc,metaspace] GC(23) Metaspace: 11919K(12352K)->11919K(12352K) NonClass: 10755K(10944K)->10755K(10944K) Class: 1164K(1408K)->1164K(1408K)
[2026-01-28T11:32:29.500+0000][gc          ] GC(23) Pause Young (Normal) (G1 Evacuation Pause) 631M->20M(1024M) 10.719ms
[2026-01-28T11:32:29.500+0000][gc,cpu      ] GC(23) User=0.06s Sys=0.00s Real=0.01s
[2026-01-28T11:33:29.535+0000][gc,start    ] GC(24) Pause Young (Normal) (G1 Evacuation Pause)
[2026-01-28T11:33:29.536+0000][gc,task     ] GC(24) Using 10 workers of 10 for evacuation
[2026-01-28T11:33:29.539+0000][gc,phases   ] GC(24)   Pre Evacuate Collection Set: 0.8ms
[2026-01-28T11:33:29.539+0000][gc,phases   ] GC(24)   Merge Heap Roots: 0.2ms
[2026-01-28T11:33:29.539+0000][gc,phases   ] GC(24)   Evacuate Collection Set: 1.5ms
[2026-01-28T11:33:29.539+0000][gc,phases   ] GC(24)   Post Evacuate Collection Set: 0.6ms
[2026-01-28T11:33:29.539+0000][gc,phases   ] GC(24)   Other: 0.2ms
[2026-01-28T11:33:29.539+0000][gc,heap     ] GC(24) Eden regions: 612->0(611)
[2026-01-28T11:33:29.539+0000][gc,heap     ] GC(24) Survivor regions: 2->3(77)
[2026-01-28T11:33:29.539+0000][gc,heap     ] GC(24) Old regions: 18->18
[2026-01-28T11:33:29.539+0000][gc,heap     ] GC(24) Humongous regions: 1->1
[2026-01-28T11:33:29.539+0000][gc,metaspace] GC(24) Metaspace: 11928K(12352K)->11928K(12352K) NonClass: 10764K(10944K)->10764K(10944K) Class: 1164K(1408K)->1164K(1408K)
[2026-01-28T11:33:29.539+0000][gc          ] GC(24) Pause Young (Normal) (G1 Evacuation Pause) 632M->20M(1024M) 3.976ms
[2026-01-28T11:33:29.539+0000][gc,cpu      ] GC(24) User=0.02s Sys=0.00s Real=0.01s
[2026-01-28T11:34:39.391+0000][gc,start    ] GC(25) Pause Young (Normal) (G1 Evacuation Pause)
[2026-01-28T11:34:39.391+0000][gc,task     ] GC(25) Using 10 workers of 10 for evacuation
[2026-01-28T11:34:39.397+0000][gc,phases   ] GC(25)   Pre Evacuate Collection Set: 1.0ms
[2026-01-28T11:34:39.397+0000][gc,phases   ] GC(25)   Merge Heap Roots: 0.3ms
[2026-01-28T11:34:39.397+0000][gc,phases   ] GC(25)   Evacuate Collection Set: 2.0ms
[2026-01-28T11:34:39.397+0000][gc,phases   ] GC(25)   Post Evacuate Collection Set: 0.9ms
[2026-01-28T11:34:39.397+0000][gc,phases   ] GC(25)   Other: 1.0ms
[2026-01-28T11:34:39.397+0000][gc,heap     ] GC(25) Eden regions: 611->0(613)
[2026-01-28T11:34:39.397+0000][gc,heap     ] GC(25) Survivor regions: 3->1(77)
[2026-01-28T11:34:39.397+0000][gc,heap     ] GC(25) Old regions: 18->18
[2026-01-28T11:34:39.397+0000][gc,heap     ] GC(25) Humongous regions: 1->1
[2026-01-28T11:34:39.397+0000][gc,metaspace] GC(25) Metaspace: 11929K(12352K)->11929K(12352K) NonClass: 10764K(10944K)->10764K(10944K) Class: 1164K(1408K)->1164K(1408K)
[2026-01-28T11:34:39.397+0000][gc          ] GC(25) Pause Young (Normal) (G1 Evacuation Pause) 631M->18M(1024M) 6.611ms
[2026-01-28T11:34:39.397+0000][gc,cpu      ] GC(25) User=0.02s Sys=0.00s Real=0.00s
[2026-01-28T11:35:39.432+0000][gc,start    ] GC(26) Pause Young (Normal) (G1 Evacuation Pause)
[2026-01-28T11:35:39.433+0000][gc,task     ] GC(26) Using 10 workers of 10 for evacuation
[2026-01-28T11:35:39.436+0000][gc,phases   ] GC(26)   Pre Evacuate Collection Set: 0.6ms
[2026-01-28T11:35:39.436+0000][gc,phases   ] GC(26)   Merge Heap Roots: 0.2ms
[2026-01-28T11:35:39.436+0000][gc,phases   ] GC(26)   Evacuate Collection Set: 1.2ms
[2026-01-28T11:35:39.436+0000][gc,phases   ] GC(26)   Post Evacuate Collection Set: 0.6ms
[2026-01-28T11:35:39.436+0000][gc,phases   ] GC(26)   Other: 0.2ms
[2026-01-28T11:35:39.436+0000][gc,heap     ] GC(26) Eden regions: 613->0(612)
[2026-01-28T11:35:39.436+0000][gc,heap     ] GC(26) Survivor regions: 1->2(77)
[2026-01-28T11:35:39.436+0000][gc,heap     ] GC(26) Old regions: 18->18
[2026-01-28T11:35:39.436+0000][gc,heap     ] GC(26) Humongous regions: 1->1
[2026-01-28T11:35:39.436+0000][gc,metaspace] GC(26) Metaspace: 11929K(12352K)->11929K(12352K) NonClass: 10764K(10944K)->10764K(10944K) Class: 1164K(1408K)->1164K(1408K)
[2026-01-28T11:35:39.436+0000][gc          ] GC(26) Pause Young (Normal) (G1 Evacuation Pause) 631M->19M(1024M) 4.329ms
[2026-01-28T11:35:39.436+0000][gc,cpu      ] GC(26) User=0.01s Sys=0.00s Real=0.00s
[2026-01-28T11:36:39.485+0000][gc,start    ] GC(27) Pause Young (Normal) (G1 Evacuation Pause)
[2026-01-28T11:36:39.486+0000][gc,task     ] GC(27) Using 10 workers of 10 for evacuation
[2026-01-28T11:36:39.492+0000][gc,phases   ] GC(27)   Pre Evacuate Collection Set: 3.4ms
[2026-01-28T11:36:39.492+0000][gc,phases   ] GC(27)   Merge Heap Roots: 0.6ms
[2026-01-28T11:36:39.492+0000][gc,phases   ] GC(27)   Evacuate Collection Set: 1.6ms
[2026-01-28T11:36:39.492+0000][gc,phases   ] GC(27)   Post Evacuate Collection Set: 0.7ms
[2026-01-28T11:36:39.492+0000][gc,phases   ] GC(27)   Other: 0.4ms
[2026-01-28T11:36:39.492+0000][gc,heap     ] GC(27) Eden regions: 612->0(612)
[2026-01-28T11:36:39.493+0000][gc,heap     ] GC(27) Survivor regions: 2->2(77)
[2026-01-28T11:36:39.493+0000][gc,heap     ] GC(27) Old regions: 18->18
[2026-01-28T11:36:39.493+0000][gc,heap     ] GC(27) Humongous regions: 1->1
[2026-01-28T11:36:39.493+0000][gc,metaspace] GC(27) Metaspace: 11930K(12352K)->11930K(12352K) NonClass: 10765K(10944K)->10765K(10944K) Class: 1164K(1408K)->1164K(1408K)
[2026-01-28T11:36:39.493+0000][gc          ] GC(27) Pause Young (Normal) (G1 Evacuation Pause) 631M->20M(1024M) 8.211ms
[2026-01-28T11:36:39.493+0000][gc,cpu      ] GC(27) User=0.04s Sys=0.00s Real=0.01s
[2026-01-28T11:37:39.552+0000][gc,start    ] GC(28) Pause Young (Normal) (G1 Evacuation Pause)
[2026-01-28T11:37:39.553+0000][gc,task     ] GC(28) Using 10 workers of 10 for evacuation
[2026-01-28T11:37:39.564+0000][gc,phases   ] GC(28)   Pre Evacuate Collection Set: 1.3ms
[2026-01-28T11:37:39.564+0000][gc,phases   ] GC(28)   Merge Heap Roots: 0.7ms
[2026-01-28T11:37:39.564+0000][gc,phases   ] GC(28)   Evacuate Collection Set: 5.8ms
[2026-01-28T11:37:39.564+0000][gc,phases   ] GC(28)   Post Evacuate Collection Set: 3.2ms
[2026-01-28T11:37:39.564+0000][gc,phases   ] GC(28)   Other: 0.3ms
[2026-01-28T11:37:39.564+0000][gc,heap     ] GC(28) Eden regions: 612->0(611)
[2026-01-28T11:37:39.565+0000][gc,heap     ] GC(28) Survivor regions: 2->3(77)
[2026-01-28T11:37:39.565+0000][gc,heap     ] GC(28) Old regions: 18->18
[2026-01-28T11:37:39.565+0000][gc,heap     ] GC(28) Humongous regions: 1->1
[2026-01-28T11:37:39.565+0000][gc,metaspace] GC(28) Metaspace: 12004K(12480K)->12004K(12480K) NonClass: 10831K(11072K)->10831K(11072K) Class: 1172K(1408K)->1172K(1408K)
[2026-01-28T11:37:39.565+0000][gc          ] GC(28) Pause Young (Normal) (G1 Evacuation Pause) 632M->20M(1024M) 12.846ms
[2026-01-28T11:37:39.565+0000][gc,cpu      ] GC(28) User=0.04s Sys=0.02s Real=0.01s
[2026-01-28T11:38:39.560+0000][gc,start    ] GC(29) Pause Young (Normal) (G1 Evacuation Pause)
[2026-01-28T11:38:39.561+0000][gc,task     ] GC(29) Using 10 workers of 10 for evacuation
[2026-01-28T11:38:39.566+0000][gc,phases   ] GC(29)   Pre Evacuate Collection Set: 1.0ms
[2026-01-28T11:38:39.566+0000][gc,phases   ] GC(29)   Merge Heap Roots: 0.2ms
[2026-01-28T11:38:39.566+0000][gc,phases   ] GC(29)   Evacuate Collection Set: 2.4ms
[2026-01-28T11:38:39.566+0000][gc,phases   ] GC(29)   Post Evacuate Collection Set: 1.1ms
[2026-01-28T11:38:39.566+0000][gc,phases   ] GC(29)   Other: 0.3ms
[2026-01-28T11:38:39.566+0000][gc,heap     ] GC(29) Eden regions: 611->0(611)
[2026-01-28T11:38:39.566+0000][gc,heap     ] GC(29) Survivor regions: 3->3(77)
[2026-01-28T11:38:39.566+0000][gc,heap     ] GC(29) Old regions: 18->18
[2026-01-28T11:38:39.566+0000][gc,heap     ] GC(29) Humongous regions: 1->1
[2026-01-28T11:38:39.566+0000][gc,metaspace] GC(29) Metaspace: 12005K(12480K)->12005K(12480K) NonClass: 10832K(11072K)->10832K(11072K) Class: 1172K(1408K)->1172K(1408K)
[2026-01-28T11:38:39.566+0000][gc          ] GC(29) Pause Young (Normal) (G1 Evacuation Pause) 631M->20M(1024M) 6.448ms
[2026-01-28T11:38:39.566+0000][gc,cpu      ] GC(29) User=0.02s Sys=0.00s Real=0.01s
[2026-01-28T11:39:49.400+0000][gc,start    ] GC(30) Pause Young (Normal) (G1 Evacuation Pause)
[2026-01-28T11:39:49.400+0000][gc,task     ] GC(30) Using 10 workers of 10 for evacuation
[2026-01-28T11:39:49.404+0000][gc,phases   ] GC(30)   Pre Evacuate Collection Set: 0.9ms
[2026-01-28T11:39:49.404+0000][gc,phases   ] GC(30)   Merge Heap Roots: 0.2ms
[2026-01-28T11:39:49.405+0000][gc,phases   ] GC(30)   Evacuate Collection Set: 2.0ms
[2026-01-28T11:39:49.405+0000][gc,phases   ] GC(30)   Post Evacuate Collection Set: 0.8ms
[2026-01-28T11:39:49.405+0000][gc,phases   ] GC(30)   Other: 0.2ms
[2026-01-28T11:39:49.405+0000][gc,heap     ] GC(30) Eden regions: 611->0(613)
[2026-01-28T11:39:49.405+0000][gc,heap     ] GC(30) Survivor regions: 3->1(77)
[2026-01-28T11:39:49.405+0000][gc,heap     ] GC(30) Old regions: 18->18
[2026-01-28T11:39:49.405+0000][gc,heap     ] GC(30) Humongous regions: 1->1
[2026-01-28T11:39:49.405+0000][gc,metaspace] GC(30) Metaspace: 12029K(12480K)->12029K(12480K) NonClass: 10857K(11072K)->10857K(11072K) Class: 1172K(1408K)->1172K(1408K)
[2026-01-28T11:39:49.405+0000][gc          ] GC(30) Pause Young (Normal) (G1 Evacuation Pause) 631M->19M(1024M) 5.179ms
[2026-01-28T11:39:49.405+0000][gc,cpu      ] GC(30) User=0.02s Sys=0.00s Real=0.01s
[2026-01-28T11:40:49.444+0000][gc,start    ] GC(31) Pause Young (Normal) (G1 Evacuation Pause)
[2026-01-28T11:40:49.445+0000][gc,task     ] GC(31) Using 10 workers of 10 for evacuation
[2026-01-28T11:40:49.448+0000][gc,phases   ] GC(31)   Pre Evacuate Collection Set: 0.7ms
[2026-01-28T11:40:49.448+0000][gc,phases   ] GC(31)   Merge Heap Roots: 0.2ms
[2026-01-28T11:40:49.448+0000][gc,phases   ] GC(31)   Evacuate Collection Set: 1.2ms
[2026-01-28T11:40:49.448+0000][gc,phases   ] GC(31)   Post Evacuate Collection Set: 0.6ms
[2026-01-28T11:40:49.448+0000][gc,phases   ] GC(31)   Other: 0.2ms
[2026-01-28T11:40:49.448+0000][gc,heap     ] GC(31) Eden regions: 613->0(612)
[2026-01-28T11:40:49.448+0000][gc,heap     ] GC(31) Survivor regions: 1->2(77)
[2026-01-28T11:40:49.448+0000][gc,heap     ] GC(31) Old regions: 18->18
[2026-01-28T11:40:49.449+0000][gc,heap     ] GC(31) Humongous regions: 1->1
[2026-01-28T11:40:49.449+0000][gc,metaspace] GC(31) Metaspace: 12032K(12480K)->12032K(12480K) NonClass: 10859K(11072K)->10859K(11072K) Class: 1172K(1408K)->1172K(1408K)
[2026-01-28T11:40:49.449+0000][gc          ] GC(31) Pause Young (Normal) (G1 Evacuation Pause) 632M->19M(1024M) 4.779ms
[2026-01-28T11:40:49.449+0000][gc,cpu      ] GC(31) User=0.02s Sys=0.00s Real=0.00s
[2026-01-28T11:41:49.486+0000][gc,start    ] GC(32) Pause Young (Normal) (G1 Evacuation Pause)
[2026-01-28T11:41:49.486+0000][gc,task     ] GC(32) Using 10 workers of 10 for evacuation
[2026-01-28T11:41:49.490+0000][gc,phases   ] GC(32)   Pre Evacuate Collection Set: 0.8ms
[2026-01-28T11:41:49.490+0000][gc,phases   ] GC(32)   Merge Heap Roots: 0.2ms
[2026-01-28T11:41:49.490+0000][gc,phases   ] GC(32)   Evacuate Collection Set: 1.5ms
[2026-01-28T11:41:49.490+0000][gc,phases   ] GC(32)   Post Evacuate Collection Set: 1.0ms
[2026-01-28T11:41:49.490+0000][gc,phases   ] GC(32)   Other: 0.2ms
[2026-01-28T11:41:49.490+0000][gc,heap     ] GC(32) Eden regions: 612->0(612)
[2026-01-28T11:41:49.490+0000][gc,heap     ] GC(32) Survivor regions: 2->2(77)
[2026-01-28T11:41:49.490+0000][gc,heap     ] GC(32) Old regions: 18->18
[2026-01-28T11:41:49.490+0000][gc,heap     ] GC(32) Humongous regions: 1->1
[2026-01-28T11:41:49.490+0000][gc,metaspace] GC(32) Metaspace: 12040K(12480K)->12040K(12480K) NonClass: 10868K(11072K)->10868K(11072K) Class: 1172K(1408K)->1172K(1408K)
[2026-01-28T11:41:49.490+0000][gc          ] GC(32) Pause Young (Normal) (G1 Evacuation Pause) 631M->20M(1024M) 4.468ms
[2026-01-28T11:41:49.490+0000][gc,cpu      ] GC(32) User=0.02s Sys=0.00s Real=0.00s
[2026-01-28T11:42:49.530+0000][gc,start    ] GC(33) Pause Young (Normal) (G1 Evacuation Pause)
[2026-01-28T11:42:49.531+0000][gc,task     ] GC(33) Using 10 workers of 10 for evacuation
[2026-01-28T11:42:49.535+0000][gc,phases   ] GC(33)   Pre Evacuate Collection Set: 0.7ms
[2026-01-28T11:42:49.535+0000][gc,phases   ] GC(33)   Merge Heap Roots: 0.2ms
[2026-01-28T11:42:49.535+0000][gc,phases   ] GC(33)   Evacuate Collection Set: 1.7ms
[2026-01-28T11:42:49.535+0000][gc,phases   ] GC(33)   Post Evacuate Collection Set: 0.7ms
[2026-01-28T11:42:49.535+0000][gc,phases   ] GC(33)   Other: 0.2ms
[2026-01-28T11:42:49.535+0000][gc,heap     ] GC(33) Eden regions: 612->0(611)
[2026-01-28T11:42:49.535+0000][gc,heap     ] GC(33) Survivor regions: 2->3(77)
[2026-01-28T11:42:49.535+0000][gc,heap     ] GC(33) Old regions: 18->18
[2026-01-28T11:42:49.535+0000][gc,heap     ] GC(33) Humongous regions: 1->1
[2026-01-28T11:42:49.535+0000][gc,metaspace] GC(33) Metaspace: 12071K(12480K)->12071K(12480K) NonClass: 10898K(11072K)->10898K(11072K) Class: 1172K(1408K)->1172K(1408K)
[2026-01-28T11:42:49.535+0000][gc          ] GC(33) Pause Young (Normal) (G1 Evacuation Pause) 632M->20M(1024M) 5.176ms
[2026-01-28T11:42:49.535+0000][gc,cpu      ] GC(33) User=0.02s Sys=0.00s Real=0.01s
[2026-01-28T11:43:49.592+0000][gc,start    ] GC(34) Pause Young (Normal) (G1 Evacuation Pause)
[2026-01-28T11:43:49.593+0000][gc,task     ] GC(34) Using 10 workers of 10 for evacuation
[2026-01-28T11:43:49.596+0000][gc,phases   ] GC(34)   Pre Evacuate Collection Set: 1.0ms
[2026-01-28T11:43:49.597+0000][gc,phases   ] GC(34)   Merge Heap Roots: 0.1ms
[2026-01-28T11:43:49.597+0000][gc,phases   ] GC(34)   Evacuate Collection Set: 1.7ms
[2026-01-28T11:43:49.597+0000][gc,phases   ] GC(34)   Post Evacuate Collection Set: 0.7ms
[2026-01-28T11:43:49.597+0000][gc,phases   ] GC(34)   Other: 0.1ms
[2026-01-28T11:43:49.597+0000][gc,heap     ] GC(34) Eden regions: 611->0(611)
[2026-01-28T11:43:49.597+0000][gc,heap     ] GC(34) Survivor regions: 3->3(77)
[2026-01-28T11:43:49.597+0000][gc,heap     ] GC(34) Old regions: 18->18
[2026-01-28T11:43:49.597+0000][gc,heap     ] GC(34) Humongous regions: 1->1
[2026-01-28T11:43:49.597+0000][gc,metaspace] GC(34) Metaspace: 12073K(12480K)->12073K(12480K) NonClass: 10901K(11072K)->10901K(11072K) Class: 1172K(1408K)->1172K(1408K)
[2026-01-28T11:43:49.597+0000][gc          ] GC(34) Pause Young (Normal) (G1 Evacuation Pause) 631M->21M(1024M) 5.192ms
[2026-01-28T11:43:49.597+0000][gc,cpu      ] GC(34) User=0.02s Sys=0.01s Real=0.01s
