[2026-01-28T11:09:36.055+0000][gc,init] CardTable entry size: 512
[2026-01-28T11:09:36.056+0000][gc     ] Using G1
[2026-01-28T11:09:36.060+0000][gc,init] Version: 21.0.4+7-LTS (release)
[2026-01-28T11:09:36.060+0000][gc,init] CPUs: 12 total, 12 available
[2026-01-28T11:09:36.064+0000][gc,init] Memory: 7837M
[2026-01-28T11:09:36.064+0000][gc,init] Large Page Support: Disabled
[2026-01-28T11:09:36.064+0000][gc,init] NUMA Support: Disabled
[2026-01-28T11:09:36.064+0000][gc,init] Compressed Oops: Enabled (32-bit)
[2026-01-28T11:09:36.064+0000][gc,init] Heap Region Size: 1M
[2026-01-28T11:09:36.064+0000][gc,init] Heap Min Capacity: 1G
[2026-01-28T11:09:36.064+0000][gc,init] Heap Initial Capacity: 1G
[2026-01-28T11:09:36.064+0000][gc,init] Heap Max Capacity: 1G
[2026-01-28T11:09:36.064+0000][gc,init] Pre-touch: Disabled
[2026-01-28T11:09:36.065+0000][gc,init] Parallel Workers: 10
[2026-01-28T11:09:36.065+0000][gc,init] Concurrent Workers: 3
[2026-01-28T11:09:36.065+0000][gc,init] Concurrent Refinement Workers: 10
[2026-01-28T11:09:36.065+0000][gc,init] Periodic GC: Disabled
[2026-01-28T11:09:36.116+0000][gc,metaspace] CDS archive(s) mapped at: [0x0000000700000000-0x0000000700bd0000-0x00000007036b0000), size 57344000, SharedBaseAddress: 0x0000000700000000, ArchiveRelocationMode: 1.
[2026-01-28T11:09:36.118+0000][gc,metaspace] Compressed class space mapped at: 0x0000000704000000-0x0000000744000000, reserved size: 1073741824
[2026-01-28T11:09:36.118+0000][gc,metaspace] Narrow klass base: 0x0000000700000000, Narrow klass shift: 0, Narrow klass range: 0x100000000
[2026-01-28T11:09:37.175+0000][gc,start    ] GC(0) Pause Young (Normal) (G1 Evacuation Pause)
[2026-01-28T11:09:37.179+0000][gc,task     ] GC(0) Using 10 workers of 10 for evacuation
[2026-01-28T11:09:37.188+0000][gc,phases   ] GC(0)   Pre Evacuate Collection Set: 0.6ms
[2026-01-28T11:09:37.188+0000][gc,phases   ] GC(0)   Merge Heap Roots: 0.2ms
[2026-01-28T11:09:37.188+0000][gc,phases   ] GC(0)   Evacuate Collection Set: 7.5ms
[2026-01-28T11:09:37.188+0000][gc,phases   ] GC(0)   Post Evacuate Collection Set: 0.7ms
[2026-01-28T11:09:37.188+0000][gc,phases   ] GC(0)   Other: 3.3ms
[2026-01-28T11:09:37.189+0000][gc,heap     ] GC(0) Eden regions: 51->0(44)
[2026-01-28T11:09:37.189+0000][gc,heap     ] GC(0) Survivor regions: 0->7(7)
[2026-01-28T11:09:37.189+0000][gc,heap     ] GC(0) Old regions: 1->7
[2026-01-28T11:09:37.189+0000][gc,heap     ] GC(0) Humongous regions: 1->1
[2026-01-28T11:09:37.189+0000][gc,metaspace] GC(0) Metaspace: 5552K(5760K)->5552K(5760K) NonClass: 4894K(4992K)->4894K(4992K) Class: 658K(768K)->658K(768K)
[2026-01-28T11:09:37.189+0000][gc          ] GC(0) Pause Young (Normal) (G1 Evacuation Pause) 52M->14M(1024M) 13.813ms
[2026-01-28T11:09:37.189+0000][gc,cpu      ] GC(0) User=0.01s Sys=0.01s Real=0.02s
[2026-01-28T11:09:49.533+0000][gc,start    ] GC(1) Pause Young (Normal) (G1 Evacuation Pause)
[2026-01-28T11:09:49.534+0000][gc,task     ] GC(1) Using 10 workers of 10 for evacuation
[2026-01-28T11:09:49.542+0000][gc,phases   ] GC(1)   Pre Evacuate Collection Set: 1.5ms
[2026-01-28T11:09:49.542+0000][gc,phases   ] GC(1)   Merge Heap Roots: 0.1ms
[2026-01-28T11:09:49.542+0000][gc,phases   ] GC(1)   Evacuate Collection Set: 6.0ms
[2026-01-28T11:09:49.543+0000][gc,phases   ] GC(1)   Post Evacuate Collection Set: 1.0ms
[2026-01-28T11:09:49.543+0000][gc,phases   ] GC(1)   Other: 0.2ms
[2026-01-28T11:09:49.543+0000][gc,heap     ] GC(1) Eden regions: 44->0(62)
[2026-01-28T11:09:49.543+0000][gc,heap     ] GC(1) Survivor regions: 7->3(7)
[2026-01-28T11:09:49.543+0000][gc,heap     ] GC(1) Old regions: 7->14
[2026-01-28T11:09:49.543+0000][gc,heap     ] GC(1) Humongous regions: 10->10
[2026-01-28T11:09:49.543+0000][gc,metaspace] GC(1) Metaspace: 7995K(8256K)->7995K(8256K) NonClass: 7104K(7232K)->7104K(7232K) Class: 890K(1024K)->890K(1024K)
[2026-01-28T11:09:49.543+0000][gc          ] GC(1) Pause Young (Normal) (G1 Evacuation Pause) 67M->26M(1024M) 9.641ms
[2026-01-28T11:09:49.543+0000][gc,cpu      ] GC(1) User=0.05s Sys=0.01s Real=0.01s
[2026-01-28T11:09:49.741+0000][gc,start    ] GC(2) Pause Young (Normal) (G1 Evacuation Pause)
[2026-01-28T11:09:49.742+0000][gc,task     ] GC(2) Using 10 workers of 10 for evacuation
[2026-01-28T11:09:49.744+0000][gc,phases   ] GC(2)   Pre Evacuate Collection Set: 0.2ms
[2026-01-28T11:09:49.744+0000][gc,phases   ] GC(2)   Merge Heap Roots: 0.0ms
[2026-01-28T11:09:49.744+0000][gc,phases   ] GC(2)   Evacuate Collection Set: 1.4ms
[2026-01-28T11:09:49.744+0000][gc,phases   ] GC(2)   Post Evacuate Collection Set: 0.3ms
[2026-01-28T11:09:49.744+0000][gc,phases   ] GC(2)   Other: 0.1ms
[2026-01-28T11:09:49.744+0000][gc,heap     ] GC(2) Eden regions: 70->0(536)
[2026-01-28T11:09:49.744+0000][gc,heap     ] GC(2) Survivor regions: 3->6(10)
[2026-01-28T11:09:49.744+0000][gc,heap     ] GC(2) Old regions: 14->14
[2026-01-28T11:09:49.744+0000][gc,heap     ] GC(2) Humongous regions: 10->10
[2026-01-28T11:09:49.744+0000][gc,metaspace] GC(2) Metaspace: 9210K(9536K)->9210K(9536K) NonClass: 8155K(8320K)->8155K(8320K) Class: 1055K(1216K)->1055K(1216K)
[2026-01-28T11:09:49.744+0000][gc          ] GC(2) Pause Young (Normal) (G1 Evacuation Pause) 96M->28M(1024M) 2.667ms
[2026-01-28T11:09:49.744+0000][gc,cpu      ] GC(2) User=0.01s Sys=0.01s Real=0.00s
