[2026-01-28T09:59:50.602+0000][gc,init] CardTable entry size: 512
[2026-01-28T09:59:50.602+0000][gc     ] Using G1
[2026-01-28T09:59:50.605+0000][gc,init] Version: 21.0.4+7-LTS (release)
[2026-01-28T09:59:50.605+0000][gc,init] CPUs: 12 total, 12 available
[2026-01-28T09:59:50.605+0000][gc,init] Memory: 7837M
[2026-01-28T09:59:50.606+0000][gc,init] Large Page Support: Disabled
[2026-01-28T09:59:50.606+0000][gc,init] NUMA Support: Disabled
[2026-01-28T09:59:50.606+0000][gc,init] Compressed Oops: Enabled (32-bit)
[2026-01-28T09:59:50.606+0000][gc,init] Heap Region Size: 1M
[2026-01-28T09:59:50.606+0000][gc,init] Heap Min Capacity: 1G
[2026-01-28T09:59:50.606+0000][gc,init] Heap Initial Capacity: 1G
[2026-01-28T09:59:50.606+0000][gc,init] Heap Max Capacity: 1G
[2026-01-28T09:59:50.606+0000][gc,init] Pre-touch: Disabled
[2026-01-28T09:59:50.606+0000][gc,init] Parallel Workers: 10
[2026-01-28T09:59:50.606+0000][gc,init] Concurrent Workers: 3
[2026-01-28T09:59:50.606+0000][gc,init] Concurrent Refinement Workers: 10
[2026-01-28T09:59:50.606+0000][gc,init] Periodic GC: Disabled
[2026-01-28T09:59:50.633+0000][gc,metaspace] CDS archive(s) mapped at: [0x0000003000000000-0x0000003000bd0000-0x00000030036b0000), size 57344000, SharedBaseAddress: 0x0000003000000000, ArchiveRelocationMode: 1.
[2026-01-28T09:59:50.633+0000][gc,metaspace] Compressed class space mapped at: 0x0000003004000000-0x0000003044000000, reserved size: 1073741824
[2026-01-28T09:59:50.633+0000][gc,metaspace] Narrow klass base: 0x0000003000000000, Narrow klass shift: 0, Narrow klass range: 0x100000000
[2026-01-28T09:59:51.749+0000][gc,start    ] GC(0) Pause Young (Normal) (G1 Evacuation Pause)
[2026-01-28T09:59:51.749+0000][gc,task     ] GC(0) Using 10 workers of 10 for evacuation
[2026-01-28T09:59:51.755+0000][gc,phases   ] GC(0)   Pre Evacuate Collection Set: 0.2ms
[2026-01-28T09:59:51.755+0000][gc,phases   ] GC(0)   Merge Heap Roots: 0.1ms
[2026-01-28T09:59:51.755+0000][gc,phases   ] GC(0)   Evacuate Collection Set: 4.4ms
[2026-01-28T09:59:51.755+0000][gc,phases   ] GC(0)   Post Evacuate Collection Set: 0.7ms
[2026-01-28T09:59:51.755+0000][gc,phases   ] GC(0)   Other: 0.8ms
[2026-01-28T09:59:51.755+0000][gc,heap     ] GC(0) Eden regions: 51->0(44)
[2026-01-28T09:59:51.755+0000][gc,heap     ] GC(0) Survivor regions: 0->7(7)
[2026-01-28T09:59:51.755+0000][gc,heap     ] GC(0) Old regions: 1->6
[2026-01-28T09:59:51.755+0000][gc,heap     ] GC(0) Humongous regions: 1->1
[2026-01-28T09:59:51.755+0000][gc,metaspace] GC(0) Metaspace: 5388K(5568K)->5388K(5568K) NonClass: 4770K(4864K)->4770K(4864K) Class: 617K(704K)->617K(704K)
[2026-01-28T09:59:51.756+0000][gc          ] GC(0) Pause Young (Normal) (G1 Evacuation Pause) 52M->13M(1024M) 6.899ms
[2026-01-28T09:59:51.756+0000][gc,cpu      ] GC(0) User=0.02s Sys=0.00s Real=0.01s
[2026-01-28T10:00:00.552+0000][gc,start    ] GC(1) Pause Young (Normal) (G1 Evacuation Pause)
[2026-01-28T10:00:00.552+0000][gc,task     ] GC(1) Using 10 workers of 10 for evacuation
[2026-01-28T10:00:00.558+0000][gc,phases   ] GC(1)   Pre Evacuate Collection Set: 0.5ms
[2026-01-28T10:00:00.558+0000][gc,phases   ] GC(1)   Merge Heap Roots: 0.1ms
[2026-01-28T10:00:00.558+0000][gc,phases   ] GC(1)   Evacuate Collection Set: 4.5ms
[2026-01-28T10:00:00.558+0000][gc,phases   ] GC(1)   Post Evacuate Collection Set: 0.6ms
[2026-01-28T10:00:00.558+0000][gc,phases   ] GC(1)   Other: 0.1ms
[2026-01-28T10:00:00.558+0000][gc,heap     ] GC(1) Eden regions: 44->0(65)
[2026-01-28T10:00:00.558+0000][gc,heap     ] GC(1) Survivor regions: 7->3(7)
[2026-01-28T10:00:00.558+0000][gc,heap     ] GC(1) Old regions: 6->13
[2026-01-28T10:00:00.558+0000][gc,heap     ] GC(1) Humongous regions: 10->10
[2026-01-28T10:00:00.558+0000][gc,metaspace] GC(1) Metaspace: 7448K(7616K)->7448K(7616K) NonClass: 6698K(6784K)->6698K(6784K) Class: 749K(832K)->749K(832K)
[2026-01-28T10:00:00.559+0000][gc          ] GC(1) Pause Young (Normal) (G1 Evacuation Pause) 66M->25M(1024M) 6.687ms
[2026-01-28T10:00:00.559+0000][gc,cpu      ] GC(1) User=0.03s Sys=0.01s Real=0.00s
[2026-01-28T10:00:10.175+0000][gc,start    ] GC(2) Pause Young (Normal) (G1 Evacuation Pause)
[2026-01-28T10:00:10.175+0000][gc,task     ] GC(2) Using 10 workers of 10 for evacuation
[2026-01-28T10:00:10.179+0000][gc,phases   ] GC(2)   Pre Evacuate Collection Set: 0.8ms
[2026-01-28T10:00:10.179+0000][gc,phases   ] GC(2)   Merge Heap Roots: 0.2ms
[2026-01-28T10:00:10.179+0000][gc,phases   ] GC(2)   Evacuate Collection Set: 2.4ms
[2026-01-28T10:00:10.180+0000][gc,phases   ] GC(2)   Post Evacuate Collection Set: 0.5ms
[2026-01-28T10:00:10.180+0000][gc,phases   ] GC(2)   Other: 0.2ms
[2026-01-28T10:00:10.180+0000][gc,heap     ] GC(2) Eden regions: 72->0(611)
[2026-01-28T10:00:10.180+0000][gc,heap     ] GC(2) Survivor regions: 3->3(10)
[2026-01-28T10:00:10.180+0000][gc,heap     ] GC(2) Old regions: 13->13
[2026-01-28T10:00:10.180+0000][gc,heap     ] GC(2) Humongous regions: 10->10
[2026-01-28T10:00:10.180+0000][gc,metaspace] GC(2) Metaspace: 7511K(7744K)->7511K(7744K) NonClass: 6755K(6912K)->6755K(6912K) Class: 755K(832K)->755K(832K)
[2026-01-28T10:00:10.180+0000][gc          ] GC(2) Pause Young (Normal) (G1 Evacuation Pause) 97M->25M(1024M) 5.701ms
[2026-01-28T10:00:10.181+0000][gc,cpu      ] GC(2) User=0.02s Sys=0.00s Real=0.00s
[2026-01-28T10:00:45.324+0000][gc,start    ] GC(3) Pause Young (Normal) (G1 Evacuation Pause)
[2026-01-28T10:00:45.324+0000][gc,task     ] GC(3) Using 10 workers of 10 for evacuation
[2026-01-28T10:00:45.337+0000][gc,phases   ] GC(3)   Pre Evacuate Collection Set: 1.7ms
[2026-01-28T10:00:45.337+0000][gc,phases   ] GC(3)   Merge Heap Roots: 0.4ms
[2026-01-28T10:00:45.337+0000][gc,phases   ] GC(3)   Evacuate Collection Set: 9.4ms
[2026-01-28T10:00:45.337+0000][gc,phases   ] GC(3)   Post Evacuate Collection Set: 0.9ms
[2026-01-28T10:00:45.337+0000][gc,phases   ] GC(3)   Other: 0.3ms
[2026-01-28T10:00:45.337+0000][gc,heap     ] GC(3) Eden regions: 611->0(611)
[2026-01-28T10:00:45.337+0000][gc,heap     ] GC(3) Survivor regions: 3->3(77)
[2026-01-28T10:00:45.337+0000][gc,heap     ] GC(3) Old regions: 13->13
[2026-01-28T10:00:45.337+0000][gc,heap     ] GC(3) Humongous regions: 10->10
[2026-01-28T10:00:45.337+0000][gc,metaspace] GC(3) Metaspace: 7752K(7936K)->7752K(7936K) NonClass: 6991K(7104K)->6991K(7104K) Class: 760K(832K)->760K(832K)
[2026-01-28T10:00:45.338+0000][gc          ] GC(3) Pause Young (Normal) (G1 Evacuation Pause) 636M->24M(1024M) 13.852ms
[2026-01-28T10:00:45.338+0000][gc,cpu      ] GC(3) User=0.09s Sys=0.01s Real=0.01s
[2026-01-28T10:00:53.700+0000][gc,start    ] GC(4) Pause Young (Normal) (G1 Evacuation Pause)
[2026-01-28T10:00:53.700+0000][gc,task     ] GC(4) Using 10 workers of 10 for evacuation
[2026-01-28T10:00:53.706+0000][gc,phases   ] GC(4)   Pre Evacuate Collection Set: 0.6ms
[2026-01-28T10:00:53.706+0000][gc,phases   ] GC(4)   Merge Heap Roots: 0.2ms
[2026-01-28T10:00:53.706+0000][gc,phases   ] GC(4)   Evacuate Collection Set: 4.6ms
[2026-01-28T10:00:53.706+0000][gc,phases   ] GC(4)   Post Evacuate Collection Set: 0.7ms
[2026-01-28T10:00:53.706+0000][gc,phases   ] GC(4)   Other: 0.2ms
[2026-01-28T10:00:53.706+0000][gc,heap     ] GC(4) Eden regions: 611->0(611)
[2026-01-28T10:00:53.706+0000][gc,heap     ] GC(4) Survivor regions: 3->3(77)
[2026-01-28T10:00:53.707+0000][gc,heap     ] GC(4) Old regions: 13->13
[2026-01-28T10:00:53.707+0000][gc,heap     ] GC(4) Humongous regions: 10->10
[2026-01-28T10:00:53.707+0000][gc,metaspace] GC(4) Metaspace: 7842K(8064K)->7842K(8064K) NonClass: 7078K(7232K)->7078K(7232K) Class: 763K(832K)->763K(832K)
[2026-01-28T10:00:53.707+0000][gc          ] GC(4) Pause Young (Normal) (G1 Evacuation Pause) 635M->24M(1024M) 6.970ms
[2026-01-28T10:00:53.707+0000][gc,cpu      ] GC(4) User=0.05s Sys=0.00s Real=0.01s
[2026-01-28T10:01:09.907+0000][gc,start    ] GC(5) Pause Young (Normal) (G1 Evacuation Pause)
[2026-01-28T10:01:09.907+0000][gc,task     ] GC(5) Using 10 workers of 10 for evacuation
[2026-01-28T10:01:09.916+0000][gc,phases   ] GC(5)   Pre Evacuate Collection Set: 0.8ms
[2026-01-28T10:01:09.916+0000][gc,phases   ] GC(5)   Merge Heap Roots: 0.4ms
[2026-01-28T10:01:09.916+0000][gc,phases   ] GC(5)   Evacuate Collection Set: 6.7ms
[2026-01-28T10:01:09.916+0000][gc,phases   ] GC(5)   Post Evacuate Collection Set: 0.7ms
[2026-01-28T10:01:09.916+0000][gc,phases   ] GC(5)   Other: 0.2ms
[2026-01-28T10:01:09.916+0000][gc,heap     ] GC(5) Eden regions: 611->0(611)
[2026-01-28T10:01:09.916+0000][gc,heap     ] GC(5) Survivor regions: 3->3(77)
[2026-01-28T10:01:09.916+0000][gc,heap     ] GC(5) Old regions: 13->13
[2026-01-28T10:01:09.917+0000][gc,heap     ] GC(5) Humongous regions: 10->10
[2026-01-28T10:01:09.917+0000][gc,metaspace] GC(5) Metaspace: 7915K(8064K)->7915K(8064K) NonClass: 7152K(7232K)->7152K(7232K) Class: 763K(832K)->763K(832K)
[2026-01-28T10:01:09.917+0000][gc          ] GC(5) Pause Young (Normal) (G1 Evacuation Pause) 635M->24M(1024M) 9.557ms
[2026-01-28T10:01:09.917+0000][gc,cpu      ] GC(5) User=0.07s Sys=0.00s Real=0.01s
[2026-01-28T10:01:25.248+0000][gc,start    ] GC(6) Pause Young (Normal) (G1 Evacuation Pause)
[2026-01-28T10:01:25.249+0000][gc,task     ] GC(6) Using 10 workers of 10 for evacuation
[2026-01-28T10:01:25.256+0000][gc,phases   ] GC(6)   Pre Evacuate Collection Set: 0.7ms
[2026-01-28T10:01:25.256+0000][gc,phases   ] GC(6)   Merge Heap Roots: 0.2ms
[2026-01-28T10:01:25.256+0000][gc,phases   ] GC(6)   Evacuate Collection Set: 5.3ms
[2026-01-28T10:01:25.256+0000][gc,phases   ] GC(6)   Post Evacuate Collection Set: 0.8ms
[2026-01-28T10:01:25.256+0000][gc,phases   ] GC(6)   Other: 0.2ms
[2026-01-28T10:01:25.256+0000][gc,heap     ] GC(6) Eden regions: 611->0(611)
[2026-01-28T10:01:25.256+0000][gc,heap     ] GC(6) Survivor regions: 3->3(77)
[2026-01-28T10:01:25.256+0000][gc,heap     ] GC(6) Old regions: 13->13
[2026-01-28T10:01:25.256+0000][gc,heap     ] GC(6) Humongous regions: 10->10
[2026-01-28T10:01:25.256+0000][gc,metaspace] GC(6) Metaspace: 7933K(8192K)->7933K(8192K) NonClass: 7170K(7360K)->7170K(7360K) Class: 763K(832K)->763K(832K)
[2026-01-28T10:01:25.256+0000][gc          ] GC(6) Pause Young (Normal) (G1 Evacuation Pause) 635M->24M(1024M) 8.001ms
[2026-01-28T10:01:25.256+0000][gc,cpu      ] GC(6) User=0.06s Sys=0.00s Real=0.01s
[2026-01-28T10:01:40.882+0000][gc,start    ] GC(7) Pause Young (Normal) (G1 Evacuation Pause)
[2026-01-28T10:01:40.882+0000][gc,task     ] GC(7) Using 10 workers of 10 for evacuation
[2026-01-28T10:01:40.887+0000][gc,phases   ] GC(7)   Pre Evacuate Collection Set: 0.6ms
[2026-01-28T10:01:40.887+0000][gc,phases   ] GC(7)   Merge Heap Roots: 0.2ms
[2026-01-28T10:01:40.887+0000][gc,phases   ] GC(7)   Evacuate Collection Set: 3.4ms
[2026-01-28T10:01:40.887+0000][gc,phases   ] GC(7)   Post Evacuate Collection Set: 0.7ms
[2026-01-28T10:01:40.887+0000][gc,phases   ] GC(7)   Other: 0.2ms
[2026-01-28T10:01:40.887+0000][gc,heap     ] GC(7) Eden regions: 611->0(611)
[2026-01-28T10:01:40.887+0000][gc,heap     ] GC(7) Survivor regions: 3->3(77)
[2026-01-28T10:01:40.887+0000][gc,heap     ] GC(7) Old regions: 13->13
[2026-01-28T10:01:40.887+0000][gc,heap     ] GC(7) Humongous regions: 10->10
[2026-01-28T10:01:40.887+0000][gc,metaspace] GC(7) Metaspace: 8000K(8192K)->8000K(8192K) NonClass: 7237K(7360K)->7237K(7360K) Class: 763K(832K)->763K(832K)
[2026-01-28T10:01:40.887+0000][gc          ] GC(7) Pause Young (Normal) (G1 Evacuation Pause) 635M->25M(1024M) 5.712ms
[2026-01-28T10:01:40.887+0000][gc,cpu      ] GC(7) User=0.04s Sys=0.00s Real=0.00s
[2026-01-28T10:01:57.317+0000][gc,start    ] GC(8) Pause Young (Normal) (G1 Evacuation Pause)
[2026-01-28T10:01:57.317+0000][gc,task     ] GC(8) Using 10 workers of 10 for evacuation
[2026-01-28T10:01:57.326+0000][gc,phases   ] GC(8)   Pre Evacuate Collection Set: 0.6ms
[2026-01-28T10:01:57.326+0000][gc,phases   ] GC(8)   Merge Heap Roots: 0.2ms
[2026-01-28T10:01:57.326+0000][gc,phases   ] GC(8)   Evacuate Collection Set: 6.7ms
[2026-01-28T10:01:57.327+0000][gc,phases   ] GC(8)   Post Evacuate Collection Set: 1.6ms
[2026-01-28T10:01:57.327+0000][gc,phases   ] GC(8)   Other: 0.2ms
[2026-01-28T10:01:57.327+0000][gc,heap     ] GC(8) Eden regions: 611->0(611)
[2026-01-28T10:01:57.327+0000][gc,heap     ] GC(8) Survivor regions: 3->3(77)
[2026-01-28T10:01:57.327+0000][gc,heap     ] GC(8) Old regions: 13->13
[2026-01-28T10:01:57.327+0000][gc,heap     ] GC(8) Humongous regions: 10->10
[2026-01-28T10:01:57.327+0000][gc,metaspace] GC(8) Metaspace: 8044K(8256K)->8044K(8256K) NonClass: 7281K(7424K)->7281K(7424K) Class: 763K(832K)->763K(832K)
[2026-01-28T10:01:57.327+0000][gc          ] GC(8) Pause Young (Normal) (G1 Evacuation Pause) 636M->25M(1024M) 10.458ms
[2026-01-28T10:01:57.327+0000][gc,cpu      ] GC(8) User=0.07s Sys=0.00s Real=0.01s
[2026-01-28T10:02:12.512+0000][gc,start    ] GC(9) Pause Young (Normal) (G1 Evacuation Pause)
[2026-01-28T10:02:12.513+0000][gc,task     ] GC(9) Using 10 workers of 10 for evacuation
[2026-01-28T10:02:12.517+0000][gc,phases   ] GC(9)   Pre Evacuate Collection Set: 0.5ms
[2026-01-28T10:02:12.517+0000][gc,phases   ] GC(9)   Merge Heap Roots: 0.1ms
[2026-01-28T10:02:12.517+0000][gc,phases   ] GC(9)   Evacuate Collection Set: 2.9ms
[2026-01-28T10:02:12.517+0000][gc,phases   ] GC(9)   Post Evacuate Collection Set: 0.7ms
[2026-01-28T10:02:12.517+0000][gc,phases   ] GC(9)   Other: 0.2ms
[2026-01-28T10:02:12.517+0000][gc,heap     ] GC(9) Eden regions: 611->0(611)
[2026-01-28T10:02:12.517+0000][gc,heap     ] GC(9) Survivor regions: 3->3(77)
[2026-01-28T10:02:12.517+0000][gc,heap     ] GC(9) Old regions: 13->13
[2026-01-28T10:02:12.517+0000][gc,heap     ] GC(9) Humongous regions: 10->10
[2026-01-28T10:02:12.517+0000][gc,metaspace] GC(9) Metaspace: 8188K(8384K)->8188K(8384K) NonClass: 7424K(7552K)->7424K(7552K) Class: 764K(832K)->764K(832K)
[2026-01-28T10:02:12.517+0000][gc          ] GC(9) Pause Young (Normal) (G1 Evacuation Pause) 636M->24M(1024M) 5.040ms
[2026-01-28T10:02:12.518+0000][gc,cpu      ] GC(9) User=0.03s Sys=0.00s Real=0.00s
[2026-01-28T10:02:28.338+0000][gc,start    ] GC(10) Pause Young (Normal) (G1 Evacuation Pause)
[2026-01-28T10:02:28.338+0000][gc,task     ] GC(10) Using 10 workers of 10 for evacuation
[2026-01-28T10:02:28.343+0000][gc,phases   ] GC(10)   Pre Evacuate Collection Set: 0.6ms
[2026-01-28T10:02:28.343+0000][gc,phases   ] GC(10)   Merge Heap Roots: 0.2ms
[2026-01-28T10:02:28.343+0000][gc,phases   ] GC(10)   Evacuate Collection Set: 3.6ms
[2026-01-28T10:02:28.343+0000][gc,phases   ] GC(10)   Post Evacuate Collection Set: 0.7ms
[2026-01-28T10:02:28.343+0000][gc,phases   ] GC(10)   Other: 0.2ms
[2026-01-28T10:02:28.343+0000][gc,heap     ] GC(10) Eden regions: 611->0(611)
[2026-01-28T10:02:28.343+0000][gc,heap     ] GC(10) Survivor regions: 3->3(77)
[2026-01-28T10:02:28.343+0000][gc,heap     ] GC(10) Old regions: 13->13
[2026-01-28T10:02:28.343+0000][gc,heap     ] GC(10) Humongous regions: 10->10
[2026-01-28T10:02:28.344+0000][gc,metaspace] GC(10) Metaspace: 8198K(8384K)->8198K(8384K) NonClass: 7433K(7552K)->7433K(7552K) Class: 764K(832K)->764K(832K)
[2026-01-28T10:02:28.344+0000][gc          ] GC(10) Pause Young (Normal) (G1 Evacuation Pause) 635M->25M(1024M) 6.063ms
[2026-01-28T10:02:28.344+0000][gc,cpu      ] GC(10) User=0.04s Sys=0.00s Real=0.01s
[2026-01-28T10:02:42.997+0000][gc,start    ] GC(11) Pause Young (Normal) (G1 Evacuation Pause)
[2026-01-28T10:02:42.997+0000][gc,task     ] GC(11) Using 10 workers of 10 for evacuation
[2026-01-28T10:02:43.000+0000][gc,phases   ] GC(11)   Pre Evacuate Collection Set: 0.4ms
[2026-01-28T10:02:43.000+0000][gc,phases   ] GC(11)   Merge Heap Roots: 0.1ms
[2026-01-28T10:02:43.001+0000][gc,phases   ] GC(11)   Evacuate Collection Set: 2.3ms
[2026-01-28T10:02:43.001+0000][gc,phases   ] GC(11)   Post Evacuate Collection Set: 0.5ms
[2026-01-28T10:02:43.001+0000][gc,phases   ] GC(11)   Other: 0.1ms
[2026-01-28T10:02:43.001+0000][gc,heap     ] GC(11) Eden regions: 611->0(611)
[2026-01-28T10:02:43.001+0000][gc,heap     ] GC(11) Survivor regions: 3->3(77)
[2026-01-28T10:02:43.001+0000][gc,heap     ] GC(11) Old regions: 13->13
[2026-01-28T10:02:43.001+0000][gc,heap     ] GC(11) Humongous regions: 10->10
[2026-01-28T10:02:43.001+0000][gc,metaspace] GC(11) Metaspace: 8206K(8384K)->8206K(8384K) NonClass: 7441K(7552K)->7441K(7552K) Class: 764K(832K)->764K(832K)
[2026-01-28T10:02:43.001+0000][gc          ] GC(11) Pause Young (Normal) (G1 Evacuation Pause) 636M->25M(1024M) 4.017ms
[2026-01-28T10:02:43.001+0000][gc,cpu      ] GC(11) User=0.01s Sys=0.01s Real=0.01s
[2026-01-28T10:02:57.895+0000][gc,start    ] GC(12) Pause Young (Normal) (G1 Evacuation Pause)
[2026-01-28T10:02:57.896+0000][gc,task     ] GC(12) Using 10 workers of 10 for evacuation
[2026-01-28T10:02:57.901+0000][gc,phases   ] GC(12)   Pre Evacuate Collection Set: 0.7ms
[2026-01-28T10:02:57.901+0000][gc,phases   ] GC(12)   Merge Heap Roots: 0.2ms
[2026-01-28T10:02:57.901+0000][gc,phases   ] GC(12)   Evacuate Collection Set: 3.0ms
[2026-01-28T10:02:57.901+0000][gc,phases   ] GC(12)   Post Evacuate Collection Set: 0.8ms
[2026-01-28T10:02:57.901+0000][gc,phases   ] GC(12)   Other: 0.1ms
[2026-01-28T10:02:57.901+0000][gc,heap     ] GC(12) Eden regions: 611->0(611)
[2026-01-28T10:02:57.901+0000][gc,heap     ] GC(12) Survivor regions: 3->3(77)
[2026-01-28T10:02:57.901+0000][gc,heap     ] GC(12) Old regions: 13->13
[2026-01-28T10:02:57.901+0000][gc,heap     ] GC(12) Humongous regions: 10->10
[2026-01-28T10:02:57.901+0000][gc,metaspace] GC(12) Metaspace: 8215K(8448K)->8215K(8448K) NonClass: 7450K(7616K)->7450K(7616K) Class: 764K(832K)->764K(832K)
[2026-01-28T10:02:57.901+0000][gc          ] GC(12) Pause Young (Normal) (G1 Evacuation Pause) 636M->25M(1024M) 6.123ms
[2026-01-28T10:02:57.901+0000][gc,cpu      ] GC(12) User=0.04s Sys=0.00s Real=0.01s
[2026-01-28T10:03:12.175+0000][gc,start    ] GC(13) Pause Young (Normal) (G1 Evacuation Pause)
[2026-01-28T10:03:12.177+0000][gc,task     ] GC(13) Using 10 workers of 10 for evacuation
[2026-01-28T10:03:12.181+0000][gc,phases   ] GC(13)   Pre Evacuate Collection Set: 0.5ms
[2026-01-28T10:03:12.181+0000][gc,phases   ] GC(13)   Merge Heap Roots: 0.1ms
[2026-01-28T10:03:12.181+0000][gc,phases   ] GC(13)   Evacuate Collection Set: 2.7ms
[2026-01-28T10:03:12.181+0000][gc,phases   ] GC(13)   Post Evacuate Collection Set: 0.5ms
[2026-01-28T10:03:12.181+0000][gc,phases   ] GC(13)   Other: 0.2ms
[2026-01-28T10:03:12.181+0000][gc,heap     ] GC(13) Eden regions: 611->0(611)
[2026-01-28T10:03:12.181+0000][gc,heap     ] GC(13) Survivor regions: 3->3(77)
[2026-01-28T10:03:12.181+0000][gc,heap     ] GC(13) Old regions: 13->13
[2026-01-28T10:03:12.181+0000][gc,heap     ] GC(13) Humongous regions: 10->10
[2026-01-28T10:03:12.181+0000][gc,metaspace] GC(13) Metaspace: 8356K(8576K)->8356K(8576K) NonClass: 7592K(7744K)->7592K(7744K) Class: 764K(832K)->764K(832K)
[2026-01-28T10:03:12.181+0000][gc          ] GC(13) Pause Young (Normal) (G1 Evacuation Pause) 636M->25M(1024M) 5.652ms
[2026-01-28T10:03:12.181+0000][gc,cpu      ] GC(13) User=0.02s Sys=0.01s Real=0.01s
[2026-01-28T10:03:26.892+0000][gc,start    ] GC(14) Pause Young (Normal) (G1 Evacuation Pause)
[2026-01-28T10:03:26.892+0000][gc,task     ] GC(14) Using 10 workers of 10 for evacuation
[2026-01-28T10:03:26.898+0000][gc,phases   ] GC(14)   Pre Evacuate Collection Set: 0.7ms
[2026-01-28T10:03:26.898+0000][gc,phases   ] GC(14)   Merge Heap Roots: 0.2ms
[2026-01-28T10:03:26.898+0000][gc,phases   ] GC(14)   Evacuate Collection Set: 3.5ms
[2026-01-28T10:03:26.898+0000][gc,phases   ] GC(14)   Post Evacuate Collection Set: 0.6ms
[2026-01-28T10:03:26.898+0000][gc,phases   ] GC(14)   Other: 0.3ms
[2026-01-28T10:03:26.898+0000][gc,heap     ] GC(14) Eden regions: 611->0(611)
[2026-01-28T10:03:26.898+0000][gc,heap     ] GC(14) Survivor regions: 3->3(77)
[2026-01-28T10:03:26.898+0000][gc,heap     ] GC(14) Old regions: 13->13
[2026-01-28T10:03:26.898+0000][gc,heap     ] GC(14) Humongous regions: 10->10
[2026-01-28T10:03:26.898+0000][gc,metaspace] GC(14) Metaspace: 8362K(8576K)->8362K(8576K) NonClass: 7598K(7744K)->7598K(7744K) Class: 764K(832K)->764K(832K)
[2026-01-28T10:03:26.898+0000][gc          ] GC(14) Pause Young (Normal) (G1 Evacuation Pause) 636M->25M(1024M) 5.881ms
[2026-01-28T10:03:26.898+0000][gc,cpu      ] GC(14) User=0.04s Sys=0.00s Real=0.00s
[2026-01-28T10:03:41.075+0000][gc,start    ] GC(15) Pause Young (Normal) (G1 Evacuation Pause)
[2026-01-28T10:03:41.075+0000][gc,task     ] GC(15) Using 10 workers of 10 for evacuation
[2026-01-28T10:03:41.079+0000][gc,phases   ] GC(15)   Pre Evacuate Collection Set: 0.3ms
[2026-01-28T10:03:41.079+0000][gc,phases   ] GC(15)   Merge Heap Roots: 0.1ms
[2026-01-28T10:03:41.079+0000][gc,phases   ] GC(15)   Evacuate Collection Set: 2.7ms
[2026-01-28T10:03:41.079+0000][gc,phases   ] GC(15)   Post Evacuate Collection Set: 0.5ms
[2026-01-28T10:03:41.079+0000][gc,phases   ] GC(15)   Other: 0.3ms
[2026-01-28T10:03:41.079+0000][gc,heap     ] GC(15) Eden regions: 611->0(611)
[2026-01-28T10:03:41.079+0000][gc,heap     ] GC(15) Survivor regions: 3->3(77)
[2026-01-28T10:03:41.079+0000][gc,heap     ] GC(15) Old regions: 13->13
[2026-01-28T10:03:41.079+0000][gc,heap     ] GC(15) Humongous regions: 10->10
[2026-01-28T10:03:41.079+0000][gc,metaspace] GC(15) Metaspace: 8369K(8576K)->8369K(8576K) NonClass: 7605K(7744K)->7605K(7744K) Class: 764K(832K)->764K(832K)
[2026-01-28T10:03:41.079+0000][gc          ] GC(15) Pause Young (Normal) (G1 Evacuation Pause) 636M->25M(1024M) 4.493ms
[2026-01-28T10:03:41.079+0000][gc,cpu      ] GC(15) User=0.02s Sys=0.00s Real=0.00s
[2026-01-28T10:03:56.152+0000][gc,start    ] GC(16) Pause Young (Normal) (G1 Evacuation Pause)
[2026-01-28T10:03:56.153+0000][gc,task     ] GC(16) Using 10 workers of 10 for evacuation
[2026-01-28T10:03:56.164+0000][gc,phases   ] GC(16)   Pre Evacuate Collection Set: 0.7ms
[2026-01-28T10:03:56.164+0000][gc,phases   ] GC(16)   Merge Heap Roots: 0.3ms
[2026-01-28T10:03:56.164+0000][gc,phases   ] GC(16)   Evacuate Collection Set: 8.1ms
[2026-01-28T10:03:56.164+0000][gc,phases   ] GC(16)   Post Evacuate Collection Set: 1.4ms
[2026-01-28T10:03:56.164+0000][gc,phases   ] GC(16)   Other: 0.4ms
[2026-01-28T10:03:56.164+0000][gc,heap     ] GC(16) Eden regions: 611->0(612)
[2026-01-28T10:03:56.165+0000][gc,heap     ] GC(16) Survivor regions: 3->2(77)
[2026-01-28T10:03:56.165+0000][gc,heap     ] GC(16) Old regions: 13->14
[2026-01-28T10:03:56.165+0000][gc,heap     ] GC(16) Humongous regions: 10->10
[2026-01-28T10:03:56.165+0000][gc,metaspace] GC(16) Metaspace: 8373K(8576K)->8373K(8576K) NonClass: 7609K(7744K)->7609K(7744K) Class: 764K(832K)->764K(832K)
[2026-01-28T10:03:56.165+0000][gc          ] GC(16) Pause Young (Normal) (G1 Evacuation Pause) 636M->25M(1024M) 12.581ms
[2026-01-28T10:03:56.165+0000][gc,cpu      ] GC(16) User=0.08s Sys=0.00s Real=0.01s
[2026-01-28T10:04:11.436+0000][gc,start    ] GC(17) Pause Young (Normal) (G1 Evacuation Pause)
[2026-01-28T10:04:11.436+0000][gc,task     ] GC(17) Using 10 workers of 10 for evacuation
[2026-01-28T10:04:11.439+0000][gc,phases   ] GC(17)   Pre Evacuate Collection Set: 0.4ms
[2026-01-28T10:04:11.439+0000][gc,phases   ] GC(17)   Merge Heap Roots: 0.3ms
[2026-01-28T10:04:11.439+0000][gc,phases   ] GC(17)   Evacuate Collection Set: 1.9ms
[2026-01-28T10:04:11.439+0000][gc,phases   ] GC(17)   Post Evacuate Collection Set: 0.5ms
[2026-01-28T10:04:11.439+0000][gc,phases   ] GC(17)   Other: 0.2ms
[2026-01-28T10:04:11.439+0000][gc,heap     ] GC(17) Eden regions: 612->0(612)
[2026-01-28T10:04:11.439+0000][gc,heap     ] GC(17) Survivor regions: 2->2(77)
[2026-01-28T10:04:11.439+0000][gc,heap     ] GC(17) Old regions: 14->14
[2026-01-28T10:04:11.439+0000][gc,heap     ] GC(17) Humongous regions: 10->10
[2026-01-28T10:04:11.439+0000][gc,metaspace] GC(17) Metaspace: 8518K(8704K)->8518K(8704K) NonClass: 7753K(7872K)->7753K(7872K) Class: 764K(832K)->764K(832K)
[2026-01-28T10:04:11.440+0000][gc          ] GC(17) Pause Young (Normal) (G1 Evacuation Pause) 637M->25M(1024M) 3.757ms
[2026-01-28T10:04:11.440+0000][gc,cpu      ] GC(17) User=0.02s Sys=0.00s Real=0.00s
[2026-01-28T10:04:26.430+0000][gc,start    ] GC(18) Pause Young (Normal) (G1 Evacuation Pause)
[2026-01-28T10:04:26.431+0000][gc,task     ] GC(18) Using 10 workers of 10 for evacuation
[2026-01-28T10:04:26.435+0000][gc,phases   ] GC(18)   Pre Evacuate Collection Set: 0.7ms
[2026-01-28T10:04:26.435+0000][gc,phases   ] GC(18)   Merge Heap Roots: 0.2ms
[2026-01-28T10:04:26.435+0000][gc,phases   ] GC(18)   Evacuate Collection Set: 1.9ms
[2026-01-28T10:04:26.435+0000][gc,phases   ] GC(18)   Post Evacuate Collection Set: 0.9ms
[2026-01-28T10:04:26.435+0000][gc,phases   ] GC(18)   Other: 0.2ms
[2026-01-28T10:04:26.435+0000][gc,heap     ] GC(18) Eden regions: 612->0(612)
[2026-01-28T10:04:26.435+0000][gc,heap     ] GC(18) Survivor regions: 2->2(77)
[2026-01-28T10:04:26.435+0000][gc,heap     ] GC(18) Old regions: 14->14
[2026-01-28T10:04:26.435+0000][gc,heap     ] GC(18) Humongous regions: 10->10
[2026-01-28T10:04:26.436+0000][gc,metaspace] GC(18) Metaspace: 8518K(8704K)->8518K(8704K) NonClass: 7753K(7872K)->7753K(7872K) Class: 764K(832K)->764K(832K)
[2026-01-28T10:04:26.436+0000][gc          ] GC(18) Pause Young (Normal) (G1 Evacuation Pause) 637M->25M(1024M) 5.544ms
[2026-01-28T10:04:26.436+0000][gc,cpu      ] GC(18) User=0.02s Sys=0.00s Real=0.01s
[2026-01-28T10:04:40.799+0000][gc,start    ] GC(19) Pause Young (Normal) (G1 Evacuation Pause)
[2026-01-28T10:04:40.800+0000][gc,task     ] GC(19) Using 10 workers of 10 for evacuation
[2026-01-28T10:04:40.803+0000][gc,phases   ] GC(19)   Pre Evacuate Collection Set: 0.2ms
[2026-01-28T10:04:40.803+0000][gc,phases   ] GC(19)   Merge Heap Roots: 0.2ms
[2026-01-28T10:04:40.803+0000][gc,phases   ] GC(19)   Evacuate Collection Set: 1.9ms
[2026-01-28T10:04:40.803+0000][gc,phases   ] GC(19)   Post Evacuate Collection Set: 0.5ms
[2026-01-28T10:04:40.803+0000][gc,phases   ] GC(19)   Other: 0.1ms
[2026-01-28T10:04:40.803+0000][gc,heap     ] GC(19) Eden regions: 612->0(612)
[2026-01-28T10:04:40.803+0000][gc,heap     ] GC(19) Survivor regions: 2->2(77)
[2026-01-28T10:04:40.803+0000][gc,heap     ] GC(19) Old regions: 14->14
[2026-01-28T10:04:40.803+0000][gc,heap     ] GC(19) Humongous regions: 10->10
[2026-01-28T10:04:40.803+0000][gc,metaspace] GC(19) Metaspace: 8534K(8704K)->8534K(8704K) NonClass: 7770K(7872K)->7770K(7872K) Class: 764K(832K)->764K(832K)
[2026-01-28T10:04:40.803+0000][gc          ] GC(19) Pause Young (Normal) (G1 Evacuation Pause) 637M->25M(1024M) 3.648ms
[2026-01-28T10:04:40.803+0000][gc,cpu      ] GC(19) User=0.02s Sys=0.00s Real=0.01s
[2026-01-28T10:04:56.072+0000][gc,start    ] GC(20) Pause Young (Normal) (G1 Evacuation Pause)
[2026-01-28T10:04:56.072+0000][gc,task     ] GC(20) Using 10 workers of 10 for evacuation
[2026-01-28T10:04:56.078+0000][gc,phases   ] GC(20)   Pre Evacuate Collection Set: 0.8ms
[2026-01-28T10:04:56.078+0000][gc,phases   ] GC(20)   Merge Heap Roots: 0.2ms
[2026-01-28T10:04:56.078+0000][gc,phases   ] GC(20)   Evacuate Collection Set: 3.3ms
[2026-01-28T10:04:56.078+0000][gc,phases   ] GC(20)   Post Evacuate Collection Set: 0.8ms
[2026-01-28T10:04:56.078+0000][gc,phases   ] GC(20)   Other: 0.2ms
[2026-01-28T10:04:56.078+0000][gc,heap     ] GC(20) Eden regions: 612->0(612)
[2026-01-28T10:04:56.078+0000][gc,heap     ] GC(20) Survivor regions: 2->2(77)
[2026-01-28T10:04:56.078+0000][gc,heap     ] GC(20) Old regions: 14->14
[2026-01-28T10:04:56.078+0000][gc,heap     ] GC(20) Humongous regions: 10->10
[2026-01-28T10:04:56.078+0000][gc,metaspace] GC(20) Metaspace: 8535K(8704K)->8535K(8704K) NonClass: 7771K(7872K)->7771K(7872K) Class: 764K(832K)->764K(832K)
[2026-01-28T10:04:56.078+0000][gc          ] GC(20) Pause Young (Normal) (G1 Evacuation Pause) 637M->25M(1024M) 5.874ms
[2026-01-28T10:04:56.078+0000][gc,cpu      ] GC(20) User=0.04s Sys=0.00s Real=0.00s
[2026-01-28T10:05:11.147+0000][gc,start    ] GC(21) Pause Young (Normal) (G1 Evacuation Pause)
[2026-01-28T10:05:11.147+0000][gc,task     ] GC(21) Using 10 workers of 10 for evacuation
[2026-01-28T10:05:11.150+0000][gc,phases   ] GC(21)   Pre Evacuate Collection Set: 0.4ms
[2026-01-28T10:05:11.151+0000][gc,phases   ] GC(21)   Merge Heap Roots: 0.2ms
[2026-01-28T10:05:11.151+0000][gc,phases   ] GC(21)   Evacuate Collection Set: 2.0ms
[2026-01-28T10:05:11.151+0000][gc,phases   ] GC(21)   Post Evacuate Collection Set: 0.5ms
[2026-01-28T10:05:11.151+0000][gc,phases   ] GC(21)   Other: 0.2ms
[2026-01-28T10:05:11.151+0000][gc,heap     ] GC(21) Eden regions: 612->0(611)
[2026-01-28T10:05:11.151+0000][gc,heap     ] GC(21) Survivor regions: 2->3(77)
[2026-01-28T10:05:11.151+0000][gc,heap     ] GC(21) Old regions: 14->14
[2026-01-28T10:05:11.151+0000][gc,heap     ] GC(21) Humongous regions: 10->10
[2026-01-28T10:05:11.151+0000][gc,metaspace] GC(21) Metaspace: 8540K(8704K)->8540K(8704K) NonClass: 7776K(7872K)->7776K(7872K) Class: 764K(832K)->764K(832K)
[2026-01-28T10:05:11.151+0000][gc          ] GC(21) Pause Young (Normal) (G1 Evacuation Pause) 637M->26M(1024M) 3.895ms
[2026-01-28T10:05:11.151+0000][gc,cpu      ] GC(21) User=0.02s Sys=0.00s Real=0.00s
[2026-01-28T10:05:25.598+0000][gc,start    ] GC(22) Pause Young (Normal) (G1 Evacuation Pause)
[2026-01-28T10:05:25.599+0000][gc,task     ] GC(22) Using 10 workers of 10 for evacuation
[2026-01-28T10:05:25.602+0000][gc,phases   ] GC(22)   Pre Evacuate Collection Set: 0.2ms
[2026-01-28T10:05:25.602+0000][gc,phases   ] GC(22)   Merge Heap Roots: 0.2ms
[2026-01-28T10:05:25.602+0000][gc,phases   ] GC(22)   Evacuate Collection Set: 2.4ms
[2026-01-28T10:05:25.602+0000][gc,phases   ] GC(22)   Post Evacuate Collection Set: 0.6ms
[2026-01-28T10:05:25.602+0000][gc,phases   ] GC(22)   Other: 0.1ms
[2026-01-28T10:05:25.603+0000][gc,heap     ] GC(22) Eden regions: 611->0(611)
[2026-01-28T10:05:25.603+0000][gc,heap     ] GC(22) Survivor regions: 3->3(77)
[2026-01-28T10:05:25.603+0000][gc,heap     ] GC(22) Old regions: 14->14
[2026-01-28T10:05:25.603+0000][gc,heap     ] GC(22) Humongous regions: 10->10
[2026-01-28T10:05:25.603+0000][gc,metaspace] GC(22) Metaspace: 8546K(8704K)->8546K(8704K) NonClass: 7782K(7872K)->7782K(7872K) Class: 764K(832K)->764K(832K)
[2026-01-28T10:05:25.603+0000][gc          ] GC(22) Pause Young (Normal) (G1 Evacuation Pause) 637M->26M(1024M) 4.952ms
[2026-01-28T10:05:25.603+0000][gc,cpu      ] GC(22) User=0.02s Sys=0.00s Real=0.01s
[2026-01-28T10:05:40.224+0000][gc,start    ] GC(23) Pause Young (Normal) (G1 Evacuation Pause)
[2026-01-28T10:05:40.225+0000][gc,task     ] GC(23) Using 10 workers of 10 for evacuation
[2026-01-28T10:05:40.232+0000][gc,phases   ] GC(23)   Pre Evacuate Collection Set: 0.4ms
[2026-01-28T10:05:40.232+0000][gc,phases   ] GC(23)   Merge Heap Roots: 0.2ms
[2026-01-28T10:05:40.232+0000][gc,phases   ] GC(23)   Evacuate Collection Set: 5.5ms
[2026-01-28T10:05:40.232+0000][gc,phases   ] GC(23)   Post Evacuate Collection Set: 0.6ms
[2026-01-28T10:05:40.232+0000][gc,phases   ] GC(23)   Other: 0.2ms
[2026-01-28T10:05:40.232+0000][gc,heap     ] GC(23) Eden regions: 611->0(611)
[2026-01-28T10:05:40.232+0000][gc,heap     ] GC(23) Survivor regions: 3->3(77)
[2026-01-28T10:05:40.232+0000][gc,heap     ] GC(23) Old regions: 14->14
[2026-01-28T10:05:40.233+0000][gc,heap     ] GC(23) Humongous regions: 10->10
[2026-01-28T10:05:40.233+0000][gc,metaspace] GC(23) Metaspace: 8549K(8704K)->8549K(8704K) NonClass: 7784K(7872K)->7784K(7872K) Class: 764K(832K)->764K(832K)
[2026-01-28T10:05:40.233+0000][gc          ] GC(23) Pause Young (Normal) (G1 Evacuation Pause) 637M->26M(1024M) 8.358ms
[2026-01-28T10:05:40.233+0000][gc,cpu      ] GC(23) User=0.05s Sys=0.00s Real=0.01s
[2026-01-28T10:05:55.682+0000][gc,start    ] GC(24) Pause Young (Normal) (G1 Evacuation Pause)
[2026-01-28T10:05:55.683+0000][gc,task     ] GC(24) Using 10 workers of 10 for evacuation
[2026-01-28T10:05:55.689+0000][gc,phases   ] GC(24)   Pre Evacuate Collection Set: 0.6ms
[2026-01-28T10:05:55.689+0000][gc,phases   ] GC(24)   Merge Heap Roots: 0.2ms
[2026-01-28T10:05:55.689+0000][gc,phases   ] GC(24)   Evacuate Collection Set: 4.8ms
[2026-01-28T10:05:55.689+0000][gc,phases   ] GC(24)   Post Evacuate Collection Set: 0.8ms
[2026-01-28T10:05:55.689+0000][gc,phases   ] GC(24)   Other: 0.2ms
[2026-01-28T10:05:55.689+0000][gc,heap     ] GC(24) Eden regions: 611->0(610)
[2026-01-28T10:05:55.689+0000][gc,heap     ] GC(24) Survivor regions: 3->4(77)
[2026-01-28T10:05:55.690+0000][gc,heap     ] GC(24) Old regions: 14->15
[2026-01-28T10:05:55.690+0000][gc,heap     ] GC(24) Humongous regions: 10->10
[2026-01-28T10:05:55.690+0000][gc,metaspace] GC(24) Metaspace: 8557K(8704K)->8557K(8704K) NonClass: 7793K(7872K)->7793K(7872K) Class: 764K(832K)->764K(832K)
[2026-01-28T10:05:55.690+0000][gc          ] GC(24) Pause Young (Normal) (G1 Evacuation Pause) 637M->27M(1024M) 8.174ms
[2026-01-28T10:05:55.690+0000][gc,cpu      ] GC(24) User=0.05s Sys=0.00s Real=0.00s
[2026-01-28T10:06:10.758+0000][gc,start    ] GC(25) Pause Young (Normal) (G1 Evacuation Pause)
[2026-01-28T10:06:10.758+0000][gc,task     ] GC(25) Using 10 workers of 10 for evacuation
[2026-01-28T10:06:10.762+0000][gc,phases   ] GC(25)   Pre Evacuate Collection Set: 0.5ms
[2026-01-28T10:06:10.762+0000][gc,phases   ] GC(25)   Merge Heap Roots: 0.2ms
[2026-01-28T10:06:10.762+0000][gc,phases   ] GC(25)   Evacuate Collection Set: 2.6ms
[2026-01-28T10:06:10.763+0000][gc,phases   ] GC(25)   Post Evacuate Collection Set: 0.6ms
[2026-01-28T10:06:10.763+0000][gc,phases   ] GC(25)   Other: 0.1ms
[2026-01-28T10:06:10.763+0000][gc,heap     ] GC(25) Eden regions: 610->0(610)
[2026-01-28T10:06:10.763+0000][gc,heap     ] GC(25) Survivor regions: 4->4(77)
[2026-01-28T10:06:10.763+0000][gc,heap     ] GC(25) Old regions: 15->15
[2026-01-28T10:06:10.763+0000][gc,heap     ] GC(25) Humongous regions: 10->10
[2026-01-28T10:06:10.763+0000][gc,metaspace] GC(25) Metaspace: 8558K(8704K)->8558K(8704K) NonClass: 7794K(7872K)->7794K(7872K) Class: 764K(832K)->764K(832K)
[2026-01-28T10:06:10.763+0000][gc          ] GC(25) Pause Young (Normal) (G1 Evacuation Pause) 637M->27M(1024M) 5.288ms
[2026-01-28T10:06:10.763+0000][gc,cpu      ] GC(25) User=0.02s Sys=0.01s Real=0.01s
[2026-01-28T10:06:25.127+0000][gc,start    ] GC(26) Pause Young (Normal) (G1 Evacuation Pause)
[2026-01-28T10:06:25.127+0000][gc,task     ] GC(26) Using 10 workers of 10 for evacuation
[2026-01-28T10:06:25.132+0000][gc,phases   ] GC(26)   Pre Evacuate Collection Set: 0.5ms
[2026-01-28T10:06:25.132+0000][gc,phases   ] GC(26)   Merge Heap Roots: 0.1ms
[2026-01-28T10:06:25.132+0000][gc,phases   ] GC(26)   Evacuate Collection Set: 3.4ms
[2026-01-28T10:06:25.132+0000][gc,phases   ] GC(26)   Post Evacuate Collection Set: 0.5ms
[2026-01-28T10:06:25.132+0000][gc,phases   ] GC(26)   Other: 0.1ms
[2026-01-28T10:06:25.132+0000][gc,heap     ] GC(26) Eden regions: 610->0(610)
[2026-01-28T10:06:25.132+0000][gc,heap     ] GC(26) Survivor regions: 4->4(77)
[2026-01-28T10:06:25.132+0000][gc,heap     ] GC(26) Old regions: 15->15
[2026-01-28T10:06:25.132+0000][gc,heap     ] GC(26) Humongous regions: 10->10
[2026-01-28T10:06:25.132+0000][gc,metaspace] GC(26) Metaspace: 8568K(8704K)->8568K(8704K) NonClass: 7804K(7872K)->7804K(7872K) Class: 764K(832K)->764K(832K)
[2026-01-28T10:06:25.132+0000][gc          ] GC(26) Pause Young (Normal) (G1 Evacuation Pause) 637M->27M(1024M) 5.308ms
[2026-01-28T10:06:25.132+0000][gc,cpu      ] GC(26) User=0.03s Sys=0.00s Real=0.01s
[2026-01-28T10:06:40.063+0000][gc,start    ] GC(27) Pause Young (Normal) (G1 Evacuation Pause)
[2026-01-28T10:06:40.063+0000][gc,task     ] GC(27) Using 10 workers of 10 for evacuation
[2026-01-28T10:06:40.068+0000][gc,phases   ] GC(27)   Pre Evacuate Collection Set: 0.6ms
[2026-01-28T10:06:40.069+0000][gc,phases   ] GC(27)   Merge Heap Roots: 0.1ms
[2026-01-28T10:06:40.069+0000][gc,phases   ] GC(27)   Evacuate Collection Set: 3.7ms
[2026-01-28T10:06:40.069+0000][gc,phases   ] GC(27)   Post Evacuate Collection Set: 0.7ms
[2026-01-28T10:06:40.069+0000][gc,phases   ] GC(27)   Other: 0.1ms
[2026-01-28T10:06:40.069+0000][gc,heap     ] GC(27) Eden regions: 610->0(610)
[2026-01-28T10:06:40.069+0000][gc,heap     ] GC(27) Survivor regions: 4->4(77)
[2026-01-28T10:06:40.069+0000][gc,heap     ] GC(27) Old regions: 15->15
[2026-01-28T10:06:40.069+0000][gc,heap     ] GC(27) Humongous regions: 10->10
[2026-01-28T10:06:40.069+0000][gc,metaspace] GC(27) Metaspace: 8568K(8704K)->8568K(8704K) NonClass: 7804K(7872K)->7804K(7872K) Class: 764K(832K)->764K(832K)
[2026-01-28T10:06:40.069+0000][gc          ] GC(27) Pause Young (Normal) (G1 Evacuation Pause) 637M->28M(1024M) 5.863ms
[2026-01-28T10:06:40.069+0000][gc,cpu      ] GC(27) User=0.04s Sys=0.00s Real=0.00s
[2026-01-28T10:06:55.640+0000][gc,start    ] GC(28) Pause Young (Normal) (G1 Evacuation Pause)
[2026-01-28T10:06:55.641+0000][gc,task     ] GC(28) Using 10 workers of 10 for evacuation
[2026-01-28T10:06:55.649+0000][gc,phases   ] GC(28)   Pre Evacuate Collection Set: 0.6ms
[2026-01-28T10:06:55.649+0000][gc,phases   ] GC(28)   Merge Heap Roots: 0.2ms
[2026-01-28T10:06:55.649+0000][gc,phases   ] GC(28)   Evacuate Collection Set: 6.2ms
[2026-01-28T10:06:55.649+0000][gc,phases   ] GC(28)   Post Evacuate Collection Set: 0.7ms
[2026-01-28T10:06:55.649+0000][gc,phases   ] GC(28)   Other: 0.3ms
[2026-01-28T10:06:55.649+0000][gc,heap     ] GC(28) Eden regions: 610->0(609)
[2026-01-28T10:06:55.650+0000][gc,heap     ] GC(28) Survivor regions: 4->5(77)
[2026-01-28T10:06:55.650+0000][gc,heap     ] GC(28) Old regions: 15->15
[2026-01-28T10:06:55.650+0000][gc,heap     ] GC(28) Humongous regions: 10->10
[2026-01-28T10:06:55.650+0000][gc,metaspace] GC(28) Metaspace: 8569K(8704K)->8569K(8704K) NonClass: 7805K(7872K)->7805K(7872K) Class: 764K(832K)->764K(832K)
[2026-01-28T10:06:55.650+0000][gc          ] GC(28) Pause Young (Normal) (G1 Evacuation Pause) 638M->28M(1024M) 9.360ms
[2026-01-28T10:06:55.650+0000][gc,cpu      ] GC(28) User=0.06s Sys=0.01s Real=0.01s
[2026-01-28T10:07:10.721+0000][gc,start    ] GC(29) Pause Young (Normal) (G1 Evacuation Pause)
[2026-01-28T10:07:10.721+0000][gc,task     ] GC(29) Using 10 workers of 10 for evacuation
[2026-01-28T10:07:10.727+0000][gc,phases   ] GC(29)   Pre Evacuate Collection Set: 0.6ms
[2026-01-28T10:07:10.727+0000][gc,phases   ] GC(29)   Merge Heap Roots: 0.2ms
[2026-01-28T10:07:10.727+0000][gc,phases   ] GC(29)   Evacuate Collection Set: 3.7ms
[2026-01-28T10:07:10.727+0000][gc,phases   ] GC(29)   Post Evacuate Collection Set: 0.8ms
[2026-01-28T10:07:10.727+0000][gc,phases   ] GC(29)   Other: 0.1ms
[2026-01-28T10:07:10.727+0000][gc,heap     ] GC(29) Eden regions: 609->0(609)
[2026-01-28T10:07:10.727+0000][gc,heap     ] GC(29) Survivor regions: 5->5(77)
[2026-01-28T10:07:10.727+0000][gc,heap     ] GC(29) Old regions: 15->15
[2026-01-28T10:07:10.727+0000][gc,heap     ] GC(29) Humongous regions: 10->10
[2026-01-28T10:07:10.727+0000][gc,metaspace] GC(29) Metaspace: 8571K(8704K)->8571K(8704K) NonClass: 7806K(7872K)->7806K(7872K) Class: 764K(832K)->764K(832K)
[2026-01-28T10:07:10.727+0000][gc          ] GC(29) Pause Young (Normal) (G1 Evacuation Pause) 637M->28M(1024M) 6.438ms
[2026-01-28T10:07:10.727+0000][gc,cpu      ] GC(29) User=0.04s Sys=0.00s Real=0.01s
[2026-01-28T10:07:26.021+0000][gc,start    ] GC(30) Pause Young (Normal) (G1 Evacuation Pause)
[2026-01-28T10:07:26.023+0000][gc,task     ] GC(30) Using 10 workers of 10 for evacuation
[2026-01-28T10:07:26.029+0000][gc,phases   ] GC(30)   Pre Evacuate Collection Set: 0.7ms
[2026-01-28T10:07:26.029+0000][gc,phases   ] GC(30)   Merge Heap Roots: 0.2ms
[2026-01-28T10:07:26.029+0000][gc,phases   ] GC(30)   Evacuate Collection Set: 4.2ms
[2026-01-28T10:07:26.029+0000][gc,phases   ] GC(30)   Post Evacuate Collection Set: 0.7ms
[2026-01-28T10:07:26.029+0000][gc,phases   ] GC(30)   Other: 0.2ms
[2026-01-28T10:07:26.029+0000][gc,heap     ] GC(30) Eden regions: 609->0(609)
[2026-01-28T10:07:26.029+0000][gc,heap     ] GC(30) Survivor regions: 5->5(77)
[2026-01-28T10:07:26.029+0000][gc,heap     ] GC(30) Old regions: 15->15
[2026-01-28T10:07:26.029+0000][gc,heap     ] GC(30) Humongous regions: 10->10
[2026-01-28T10:07:26.029+0000][gc,metaspace] GC(30) Metaspace: 8576K(8768K)->8576K(8768K) NonClass: 7812K(7936K)->7812K(7936K) Class: 764K(832K)->764K(832K)
[2026-01-28T10:07:26.029+0000][gc          ] GC(30) Pause Young (Normal) (G1 Evacuation Pause) 637M->29M(1024M) 8.259ms
[2026-01-28T10:07:26.029+0000][gc,cpu      ] GC(30) User=0.05s Sys=0.00s Real=0.01s
[2026-01-28T10:07:41.120+0000][gc,start    ] GC(31) Pause Young (Normal) (G1 Evacuation Pause)
[2026-01-28T10:07:41.121+0000][gc,task     ] GC(31) Using 10 workers of 10 for evacuation
[2026-01-28T10:07:41.130+0000][gc,phases   ] GC(31)   Pre Evacuate Collection Set: 0.8ms
[2026-01-28T10:07:41.130+0000][gc,phases   ] GC(31)   Merge Heap Roots: 0.2ms
[2026-01-28T10:07:41.130+0000][gc,phases   ] GC(31)   Evacuate Collection Set: 7.2ms
[2026-01-28T10:07:41.130+0000][gc,phases   ] GC(31)   Post Evacuate Collection Set: 0.7ms
[2026-01-28T10:07:41.130+0000][gc,phases   ] GC(31)   Other: 0.2ms
[2026-01-28T10:07:41.130+0000][gc,heap     ] GC(31) Eden regions: 609->0(608)
[2026-01-28T10:07:41.130+0000][gc,heap     ] GC(31) Survivor regions: 5->6(77)
[2026-01-28T10:07:41.130+0000][gc,heap     ] GC(31) Old regions: 15->15
[2026-01-28T10:07:41.130+0000][gc,heap     ] GC(31) Humongous regions: 10->10
[2026-01-28T10:07:41.130+0000][gc,metaspace] GC(31) Metaspace: 8587K(8768K)->8587K(8768K) NonClass: 7822K(7936K)->7822K(7936K) Class: 764K(832K)->764K(832K)
[2026-01-28T10:07:41.131+0000][gc          ] GC(31) Pause Young (Normal) (G1 Evacuation Pause) 638M->29M(1024M) 10.633ms
[2026-01-28T10:07:41.131+0000][gc,cpu      ] GC(31) User=0.07s Sys=0.00s Real=0.01s
[2026-01-28T10:07:56.604+0000][gc,start    ] GC(32) Pause Young (Normal) (G1 Evacuation Pause)
[2026-01-28T10:07:56.604+0000][gc,task     ] GC(32) Using 10 workers of 10 for evacuation
[2026-01-28T10:07:56.612+0000][gc,phases   ] GC(32)   Pre Evacuate Collection Set: 0.6ms
[2026-01-28T10:07:56.613+0000][gc,phases   ] GC(32)   Merge Heap Roots: 0.2ms
[2026-01-28T10:07:56.613+0000][gc,phases   ] GC(32)   Evacuate Collection Set: 6.8ms
[2026-01-28T10:07:56.613+0000][gc,phases   ] GC(32)   Post Evacuate Collection Set: 0.6ms
[2026-01-28T10:07:56.613+0000][gc,phases   ] GC(32)   Other: 0.2ms
[2026-01-28T10:07:56.613+0000][gc,heap     ] GC(32) Eden regions: 608->0(608)
[2026-01-28T10:07:56.613+0000][gc,heap     ] GC(32) Survivor regions: 6->6(77)
[2026-01-28T10:07:56.613+0000][gc,heap     ] GC(32) Old regions: 15->15
[2026-01-28T10:07:56.613+0000][gc,heap     ] GC(32) Humongous regions: 10->10
[2026-01-28T10:07:56.613+0000][gc,metaspace] GC(32) Metaspace: 8597K(8832K)->8597K(8832K) NonClass: 7833K(8000K)->7833K(8000K) Class: 764K(832K)->764K(832K)
[2026-01-28T10:07:56.613+0000][gc          ] GC(32) Pause Young (Normal) (G1 Evacuation Pause) 637M->30M(1024M) 9.444ms
[2026-01-28T10:07:56.613+0000][gc,cpu      ] GC(32) User=0.07s Sys=0.00s Real=0.01s
[2026-01-28T10:08:11.746+0000][gc,start    ] GC(33) Pause Young (Normal) (G1 Evacuation Pause)
[2026-01-28T10:08:11.746+0000][gc,task     ] GC(33) Using 10 workers of 10 for evacuation
[2026-01-28T10:08:11.754+0000][gc,phases   ] GC(33)   Pre Evacuate Collection Set: 0.5ms
[2026-01-28T10:08:11.754+0000][gc,phases   ] GC(33)   Merge Heap Roots: 0.2ms
[2026-01-28T10:08:11.755+0000][gc,phases   ] GC(33)   Evacuate Collection Set: 5.6ms
[2026-01-28T10:08:11.755+0000][gc,phases   ] GC(33)   Post Evacuate Collection Set: 1.4ms
[2026-01-28T10:08:11.755+0000][gc,phases   ] GC(33)   Other: 0.2ms
[2026-01-28T10:08:11.755+0000][gc,heap     ] GC(33) Eden regions: 608->0(608)
[2026-01-28T10:08:11.755+0000][gc,heap     ] GC(33) Survivor regions: 6->6(77)
[2026-01-28T10:08:11.755+0000][gc,heap     ] GC(33) Old regions: 15->16
[2026-01-28T10:08:11.755+0000][gc,heap     ] GC(33) Humongous regions: 10->10
[2026-01-28T10:08:11.755+0000][gc,metaspace] GC(33) Metaspace: 8597K(8832K)->8597K(8832K) NonClass: 7833K(8000K)->7833K(8000K) Class: 764K(832K)->764K(832K)
[2026-01-28T10:08:11.755+0000][gc          ] GC(33) Pause Young (Normal) (G1 Evacuation Pause) 638M->30M(1024M) 9.324ms
[2026-01-28T10:08:11.755+0000][gc,cpu      ] GC(33) User=0.06s Sys=0.00s Real=0.01s
[2026-01-28T10:08:26.964+0000][gc,start    ] GC(34) Pause Young (Normal) (G1 Evacuation Pause)
[2026-01-28T10:08:26.964+0000][gc,task     ] GC(34) Using 10 workers of 10 for evacuation
[2026-01-28T10:08:26.978+0000][gc,phases   ] GC(34)   Pre Evacuate Collection Set: 0.7ms
[2026-01-28T10:08:26.978+0000][gc,phases   ] GC(34)   Merge Heap Roots: 0.3ms
[2026-01-28T10:08:26.978+0000][gc,phases   ] GC(34)   Evacuate Collection Set: 11.2ms
[2026-01-28T10:08:26.978+0000][gc,phases   ] GC(34)   Post Evacuate Collection Set: 1.5ms
[2026-01-28T10:08:26.978+0000][gc,phases   ] GC(34)   Other: 0.2ms
[2026-01-28T10:08:26.978+0000][gc,heap     ] GC(34) Eden regions: 608->0(608)
[2026-01-28T10:08:26.978+0000][gc,heap     ] GC(34) Survivor regions: 6->6(77)
[2026-01-28T10:08:26.978+0000][gc,heap     ] GC(34) Old regions: 16->16
[2026-01-28T10:08:26.978+0000][gc,heap     ] GC(34) Humongous regions: 10->10
[2026-01-28T10:08:26.979+0000][gc,metaspace] GC(34) Metaspace: 8597K(8832K)->8597K(8832K) NonClass: 7833K(8000K)->7833K(8000K) Class: 764K(832K)->764K(832K)
[2026-01-28T10:08:26.979+0000][gc          ] GC(34) Pause Young (Normal) (G1 Evacuation Pause) 638M->30M(1024M) 15.040ms
[2026-01-28T10:08:26.979+0000][gc,cpu      ] GC(34) User=0.12s Sys=0.00s Real=0.01s
[2026-01-28T10:08:43.459+0000][gc,start    ] GC(35) Pause Young (Normal) (G1 Evacuation Pause)
[2026-01-28T10:08:43.460+0000][gc,task     ] GC(35) Using 10 workers of 10 for evacuation
[2026-01-28T10:08:43.473+0000][gc,phases   ] GC(35)   Pre Evacuate Collection Set: 0.7ms
[2026-01-28T10:08:43.473+0000][gc,phases   ] GC(35)   Merge Heap Roots: 0.2ms
[2026-01-28T10:08:43.473+0000][gc,phases   ] GC(35)   Evacuate Collection Set: 11.1ms
[2026-01-28T10:08:43.473+0000][gc,phases   ] GC(35)   Post Evacuate Collection Set: 1.2ms
[2026-01-28T10:08:43.473+0000][gc,phases   ] GC(35)   Other: 0.2ms
[2026-01-28T10:08:43.473+0000][gc,heap     ] GC(35) Eden regions: 608->0(608)
[2026-01-28T10:08:43.473+0000][gc,heap     ] GC(35) Survivor regions: 6->6(77)
[2026-01-28T10:08:43.474+0000][gc,heap     ] GC(35) Old regions: 16->16
[2026-01-28T10:08:43.474+0000][gc,heap     ] GC(35) Humongous regions: 10->10
[2026-01-28T10:08:43.474+0000][gc,metaspace] GC(35) Metaspace: 8599K(8832K)->8599K(8832K) NonClass: 7834K(8000K)->7834K(8000K) Class: 764K(832K)->764K(832K)
[2026-01-28T10:08:43.474+0000][gc          ] GC(35) Pause Young (Normal) (G1 Evacuation Pause) 638M->31M(1024M) 15.177ms
[2026-01-28T10:08:43.474+0000][gc,cpu      ] GC(35) User=0.12s Sys=0.00s Real=0.02s
[2026-01-28T10:08:59.442+0000][gc,start    ] GC(36) Pause Young (Normal) (G1 Evacuation Pause)
[2026-01-28T10:08:59.442+0000][gc,task     ] GC(36) Using 10 workers of 10 for evacuation
[2026-01-28T10:08:59.450+0000][gc,phases   ] GC(36)   Pre Evacuate Collection Set: 0.7ms
[2026-01-28T10:08:59.450+0000][gc,phases   ] GC(36)   Merge Heap Roots: 0.2ms
[2026-01-28T10:08:59.450+0000][gc,phases   ] GC(36)   Evacuate Collection Set: 5.8ms
[2026-01-28T10:08:59.450+0000][gc,phases   ] GC(36)   Post Evacuate Collection Set: 1.0ms
[2026-01-28T10:08:59.450+0000][gc,phases   ] GC(36)   Other: 0.2ms
[2026-01-28T10:08:59.450+0000][gc,heap     ] GC(36) Eden regions: 608->0(608)
[2026-01-28T10:08:59.450+0000][gc,heap     ] GC(36) Survivor regions: 6->6(77)
[2026-01-28T10:08:59.451+0000][gc,heap     ] GC(36) Old regions: 16->17
[2026-01-28T10:08:59.451+0000][gc,heap     ] GC(36) Humongous regions: 10->10
[2026-01-28T10:08:59.451+0000][gc,metaspace] GC(36) Metaspace: 8599K(8832K)->8599K(8832K) NonClass: 7834K(8000K)->7834K(8000K) Class: 764K(832K)->764K(832K)
[2026-01-28T10:08:59.451+0000][gc          ] GC(36) Pause Young (Normal) (G1 Evacuation Pause) 639M->31M(1024M) 8.989ms
[2026-01-28T10:08:59.451+0000][gc,cpu      ] GC(36) User=0.06s Sys=0.01s Real=0.00s
[2026-01-28T10:09:15.340+0000][gc,start    ] GC(37) Pause Young (Normal) (G1 Evacuation Pause)
[2026-01-28T10:09:15.341+0000][gc,task     ] GC(37) Using 10 workers of 10 for evacuation
[2026-01-28T10:09:15.355+0000][gc,phases   ] GC(37)   Pre Evacuate Collection Set: 1.9ms
[2026-01-28T10:09:15.356+0000][gc,phases   ] GC(37)   Merge Heap Roots: 0.3ms
[2026-01-28T10:09:15.356+0000][gc,phases   ] GC(37)   Evacuate Collection Set: 10.9ms
[2026-01-28T10:09:15.356+0000][gc,phases   ] GC(37)   Post Evacuate Collection Set: 0.8ms
[2026-01-28T10:09:15.356+0000][gc,phases   ] GC(37)   Other: 0.3ms
[2026-01-28T10:09:15.356+0000][gc,heap     ] GC(37) Eden regions: 608->0(608)
[2026-01-28T10:09:15.356+0000][gc,heap     ] GC(37) Survivor regions: 6->6(77)
[2026-01-28T10:09:15.356+0000][gc,heap     ] GC(37) Old regions: 17->17
[2026-01-28T10:09:15.356+0000][gc,heap     ] GC(37) Humongous regions: 10->10
[2026-01-28T10:09:15.356+0000][gc,metaspace] GC(37) Metaspace: 8600K(8832K)->8600K(8832K) NonClass: 7836K(8000K)->7836K(8000K) Class: 764K(832K)->764K(832K)
[2026-01-28T10:09:15.356+0000][gc          ] GC(37) Pause Young (Normal) (G1 Evacuation Pause) 639M->32M(1024M) 15.730ms
[2026-01-28T10:09:15.356+0000][gc,cpu      ] GC(37) User=0.12s Sys=0.00s Real=0.02s
[2026-01-28T10:09:30.806+0000][gc,start    ] GC(38) Pause Young (Normal) (G1 Evacuation Pause)
[2026-01-28T10:09:30.807+0000][gc,task     ] GC(38) Using 10 workers of 10 for evacuation
[2026-01-28T10:09:30.820+0000][gc,phases   ] GC(38)   Pre Evacuate Collection Set: 0.8ms
[2026-01-28T10:09:30.820+0000][gc,phases   ] GC(38)   Merge Heap Roots: 0.3ms
[2026-01-28T10:09:30.820+0000][gc,phases   ] GC(38)   Evacuate Collection Set: 10.9ms
[2026-01-28T10:09:30.820+0000][gc,phases   ] GC(38)   Post Evacuate Collection Set: 1.0ms
[2026-01-28T10:09:30.820+0000][gc,phases   ] GC(38)   Other: 0.2ms
[2026-01-28T10:09:30.820+0000][gc,heap     ] GC(38) Eden regions: 608->0(608)
[2026-01-28T10:09:30.820+0000][gc,heap     ] GC(38) Survivor regions: 6->6(77)
[2026-01-28T10:09:30.820+0000][gc,heap     ] GC(38) Old regions: 17->17
[2026-01-28T10:09:30.820+0000][gc,heap     ] GC(38) Humongous regions: 10->10
[2026-01-28T10:09:30.820+0000][gc,metaspace] GC(38) Metaspace: 8601K(8832K)->8601K(8832K) NonClass: 7837K(8000K)->7837K(8000K) Class: 764K(832K)->764K(832K)
[2026-01-28T10:09:30.820+0000][gc          ] GC(38) Pause Young (Normal) (G1 Evacuation Pause) 640M->32M(1024M) 14.728ms
[2026-01-28T10:09:30.820+0000][gc,cpu      ] GC(38) User=0.12s Sys=0.00s Real=0.01s
[2026-01-28T10:09:45.954+0000][gc,start    ] GC(39) Pause Young (Normal) (G1 Evacuation Pause)
[2026-01-28T10:09:45.955+0000][gc,task     ] GC(39) Using 10 workers of 10 for evacuation
[2026-01-28T10:09:45.962+0000][gc,phases   ] GC(39)   Pre Evacuate Collection Set: 0.8ms
[2026-01-28T10:09:45.963+0000][gc,phases   ] GC(39)   Merge Heap Roots: 0.2ms
[2026-01-28T10:09:45.963+0000][gc,phases   ] GC(39)   Evacuate Collection Set: 5.4ms
[2026-01-28T10:09:45.963+0000][gc,phases   ] GC(39)   Post Evacuate Collection Set: 0.9ms
[2026-01-28T10:09:45.963+0000][gc,phases   ] GC(39)   Other: 0.3ms
[2026-01-28T10:09:45.963+0000][gc,heap     ] GC(39) Eden regions: 608->0(608)
[2026-01-28T10:09:45.963+0000][gc,heap     ] GC(39) Survivor regions: 6->6(77)
[2026-01-28T10:09:45.963+0000][gc,heap     ] GC(39) Old regions: 17->18
[2026-01-28T10:09:45.963+0000][gc,heap     ] GC(39) Humongous regions: 10->10
[2026-01-28T10:09:45.963+0000][gc,metaspace] GC(39) Metaspace: 8601K(8832K)->8601K(8832K) NonClass: 7837K(8000K)->7837K(8000K) Class: 764K(832K)->764K(832K)
[2026-01-28T10:09:45.963+0000][gc          ] GC(39) Pause Young (Normal) (G1 Evacuation Pause) 640M->32M(1024M) 8.876ms
[2026-01-28T10:09:45.963+0000][gc,cpu      ] GC(39) User=0.06s Sys=0.00s Real=0.01s
[2026-01-28T10:10:02.137+0000][gc,start    ] GC(40) Pause Young (Normal) (G1 Evacuation Pause)
[2026-01-28T10:10:02.138+0000][gc,task     ] GC(40) Using 10 workers of 10 for evacuation
[2026-01-28T10:10:02.145+0000][gc,phases   ] GC(40)   Pre Evacuate Collection Set: 0.6ms
[2026-01-28T10:10:02.145+0000][gc,phases   ] GC(40)   Merge Heap Roots: 0.3ms
[2026-01-28T10:10:02.145+0000][gc,phases   ] GC(40)   Evacuate Collection Set: 4.8ms
[2026-01-28T10:10:02.145+0000][gc,phases   ] GC(40)   Post Evacuate Collection Set: 0.6ms
[2026-01-28T10:10:02.145+0000][gc,phases   ] GC(40)   Other: 0.1ms
[2026-01-28T10:10:02.145+0000][gc,heap     ] GC(40) Eden regions: 608->0(608)
[2026-01-28T10:10:02.145+0000][gc,heap     ] GC(40) Survivor regions: 6->6(77)
[2026-01-28T10:10:02.145+0000][gc,heap     ] GC(40) Old regions: 18->18
[2026-01-28T10:10:02.145+0000][gc,heap     ] GC(40) Humongous regions: 10->10
[2026-01-28T10:10:02.145+0000][gc,metaspace] GC(40) Metaspace: 8611K(8896K)->8611K(8896K) NonClass: 7845K(8000K)->7845K(8000K) Class: 765K(896K)->765K(896K)
[2026-01-28T10:10:02.145+0000][gc          ] GC(40) Pause Young (Normal) (G1 Evacuation Pause) 640M->33M(1024M) 7.833ms
[2026-01-28T10:10:02.145+0000][gc,cpu      ] GC(40) User=0.06s Sys=0.00s Real=0.01s
[2026-01-28T10:10:17.988+0000][gc,start    ] GC(41) Pause Young (Normal) (G1 Evacuation Pause)
[2026-01-28T10:10:17.989+0000][gc,task     ] GC(41) Using 10 workers of 10 for evacuation
[2026-01-28T10:10:18.003+0000][gc,phases   ] GC(41)   Pre Evacuate Collection Set: 0.7ms
[2026-01-28T10:10:18.003+0000][gc,phases   ] GC(41)   Merge Heap Roots: 0.3ms
[2026-01-28T10:10:18.003+0000][gc,phases   ] GC(41)   Evacuate Collection Set: 11.1ms
[2026-01-28T10:10:18.003+0000][gc,phases   ] GC(41)   Post Evacuate Collection Set: 1.1ms
[2026-01-28T10:10:18.003+0000][gc,phases   ] GC(41)   Other: 0.2ms
[2026-01-28T10:10:18.003+0000][gc,heap     ] GC(41) Eden regions: 608->0(608)
[2026-01-28T10:10:18.003+0000][gc,heap     ] GC(41) Survivor regions: 6->6(77)
[2026-01-28T10:10:18.003+0000][gc,heap     ] GC(41) Old regions: 18->18
[2026-01-28T10:10:18.003+0000][gc,heap     ] GC(41) Humongous regions: 10->10
[2026-01-28T10:10:18.003+0000][gc,metaspace] GC(41) Metaspace: 8613K(8896K)->8613K(8896K) NonClass: 7847K(8000K)->7847K(8000K) Class: 765K(896K)->765K(896K)
[2026-01-28T10:10:18.003+0000][gc          ] GC(41) Pause Young (Normal) (G1 Evacuation Pause) 641M->33M(1024M) 15.375ms
[2026-01-28T10:10:18.003+0000][gc,cpu      ] GC(41) User=0.11s Sys=0.00s Real=0.02s
[2026-01-28T10:10:33.084+0000][gc,start    ] GC(42) Pause Young (Normal) (G1 Evacuation Pause)
[2026-01-28T10:10:33.084+0000][gc,task     ] GC(42) Using 10 workers of 10 for evacuation
[2026-01-28T10:10:33.094+0000][gc,phases   ] GC(42)   Pre Evacuate Collection Set: 0.7ms
[2026-01-28T10:10:33.094+0000][gc,phases   ] GC(42)   Merge Heap Roots: 0.3ms
[2026-01-28T10:10:33.094+0000][gc,phases   ] GC(42)   Evacuate Collection Set: 7.0ms
[2026-01-28T10:10:33.094+0000][gc,phases   ] GC(42)   Post Evacuate Collection Set: 1.6ms
[2026-01-28T10:10:33.094+0000][gc,phases   ] GC(42)   Other: 0.2ms
[2026-01-28T10:10:33.094+0000][gc,heap     ] GC(42) Eden regions: 608->0(608)
[2026-01-28T10:10:33.094+0000][gc,heap     ] GC(42) Survivor regions: 6->6(77)
[2026-01-28T10:10:33.095+0000][gc,heap     ] GC(42) Old regions: 18->19
[2026-01-28T10:10:33.095+0000][gc,heap     ] GC(42) Humongous regions: 10->10
[2026-01-28T10:10:33.095+0000][gc,metaspace] GC(42) Metaspace: 8613K(8896K)->8613K(8896K) NonClass: 7847K(8000K)->7847K(8000K) Class: 765K(896K)->765K(896K)
[2026-01-28T10:10:33.095+0000][gc          ] GC(42) Pause Young (Normal) (G1 Evacuation Pause) 641M->34M(1024M) 10.730ms
[2026-01-28T10:10:33.095+0000][gc,cpu      ] GC(42) User=0.08s Sys=0.00s Real=0.01s
[2026-01-28T10:10:48.448+0000][gc,start    ] GC(43) Pause Young (Normal) (G1 Evacuation Pause)
[2026-01-28T10:10:48.448+0000][gc,task     ] GC(43) Using 10 workers of 10 for evacuation
[2026-01-28T10:10:48.472+0000][gc,phases   ] GC(43)   Pre Evacuate Collection Set: 1.8ms
[2026-01-28T10:10:48.472+0000][gc,phases   ] GC(43)   Merge Heap Roots: 0.9ms
[2026-01-28T10:10:48.472+0000][gc,phases   ] GC(43)   Evacuate Collection Set: 17.8ms
[2026-01-28T10:10:48.472+0000][gc,phases   ] GC(43)   Post Evacuate Collection Set: 2.5ms
[2026-01-28T10:10:48.472+0000][gc,phases   ] GC(43)   Other: 0.6ms
[2026-01-28T10:10:48.473+0000][gc,heap     ] GC(43) Eden regions: 608->0(608)
[2026-01-28T10:10:48.473+0000][gc,heap     ] GC(43) Survivor regions: 6->6(77)
[2026-01-28T10:10:48.473+0000][gc,heap     ] GC(43) Old regions: 19->19
[2026-01-28T10:10:48.473+0000][gc,heap     ] GC(43) Humongous regions: 10->10
[2026-01-28T10:10:48.473+0000][gc,metaspace] GC(43) Metaspace: 8614K(8896K)->8614K(8896K) NonClass: 7848K(8000K)->7848K(8000K) Class: 765K(896K)->765K(896K)
[2026-01-28T10:10:48.473+0000][gc          ] GC(43) Pause Young (Normal) (G1 Evacuation Pause) 642M->34M(1024M) 25.368ms
[2026-01-28T10:10:48.473+0000][gc,cpu      ] GC(43) User=0.19s Sys=0.00s Real=0.03s
[2026-01-28T10:11:03.874+0000][gc,start    ] GC(44) Pause Young (Normal) (G1 Evacuation Pause)
[2026-01-28T10:11:03.875+0000][gc,task     ] GC(44) Using 10 workers of 10 for evacuation
[2026-01-28T10:11:03.894+0000][gc,phases   ] GC(44)   Pre Evacuate Collection Set: 0.7ms
[2026-01-28T10:11:03.894+0000][gc,phases   ] GC(44)   Merge Heap Roots: 0.9ms
[2026-01-28T10:11:03.894+0000][gc,phases   ] GC(44)   Evacuate Collection Set: 17.0ms
[2026-01-28T10:11:03.894+0000][gc,phases   ] GC(44)   Post Evacuate Collection Set: 0.7ms
[2026-01-28T10:11:03.895+0000][gc,phases   ] GC(44)   Other: 0.2ms
[2026-01-28T10:11:03.895+0000][gc,heap     ] GC(44) Eden regions: 608->0(608)
[2026-01-28T10:11:03.895+0000][gc,heap     ] GC(44) Survivor regions: 6->6(77)
[2026-01-28T10:11:03.895+0000][gc,heap     ] GC(44) Old regions: 19->20
[2026-01-28T10:11:03.895+0000][gc,heap     ] GC(44) Humongous regions: 10->10
[2026-01-28T10:11:03.895+0000][gc,metaspace] GC(44) Metaspace: 8614K(8896K)->8614K(8896K) NonClass: 7848K(8000K)->7848K(8000K) Class: 765K(896K)->765K(896K)
[2026-01-28T10:11:03.895+0000][gc          ] GC(44) Pause Young (Normal) (G1 Evacuation Pause) 642M->34M(1024M) 20.376ms
[2026-01-28T10:11:03.895+0000][gc,cpu      ] GC(44) User=0.18s Sys=0.00s Real=0.02s
[2026-01-28T10:11:19.393+0000][gc,start    ] GC(45) Pause Young (Normal) (G1 Evacuation Pause)
[2026-01-28T10:11:19.394+0000][gc,task     ] GC(45) Using 10 workers of 10 for evacuation
[2026-01-28T10:11:19.400+0000][gc,phases   ] GC(45)   Pre Evacuate Collection Set: 0.6ms
[2026-01-28T10:11:19.400+0000][gc,phases   ] GC(45)   Merge Heap Roots: 0.3ms
[2026-01-28T10:11:19.400+0000][gc,phases   ] GC(45)   Evacuate Collection Set: 4.6ms
[2026-01-28T10:11:19.400+0000][gc,phases   ] GC(45)   Post Evacuate Collection Set: 0.7ms
[2026-01-28T10:11:19.400+0000][gc,phases   ] GC(45)   Other: 0.1ms
[2026-01-28T10:11:19.400+0000][gc,heap     ] GC(45) Eden regions: 608->0(608)
[2026-01-28T10:11:19.400+0000][gc,heap     ] GC(45) Survivor regions: 6->6(77)
[2026-01-28T10:11:19.400+0000][gc,heap     ] GC(45) Old regions: 20->20
[2026-01-28T10:11:19.400+0000][gc,heap     ] GC(45) Humongous regions: 10->10
[2026-01-28T10:11:19.400+0000][gc,metaspace] GC(45) Metaspace: 8614K(8896K)->8614K(8896K) NonClass: 7848K(8000K)->7848K(8000K) Class: 765K(896K)->765K(896K)
[2026-01-28T10:11:19.400+0000][gc          ] GC(45) Pause Young (Normal) (G1 Evacuation Pause) 642M->35M(1024M) 7.525ms
[2026-01-28T10:11:19.400+0000][gc,cpu      ] GC(45) User=0.05s Sys=0.00s Real=0.00s
[2026-01-28T10:11:34.182+0000][gc,start    ] GC(46) Pause Young (Normal) (G1 Evacuation Pause)
[2026-01-28T10:11:34.182+0000][gc,task     ] GC(46) Using 10 workers of 10 for evacuation
[2026-01-28T10:11:34.187+0000][gc,phases   ] GC(46)   Pre Evacuate Collection Set: 0.5ms
[2026-01-28T10:11:34.187+0000][gc,phases   ] GC(46)   Merge Heap Roots: 0.3ms
[2026-01-28T10:11:34.187+0000][gc,phases   ] GC(46)   Evacuate Collection Set: 3.6ms
[2026-01-28T10:11:34.187+0000][gc,phases   ] GC(46)   Post Evacuate Collection Set: 0.6ms
[2026-01-28T10:11:34.187+0000][gc,phases   ] GC(46)   Other: 0.1ms
[2026-01-28T10:11:34.187+0000][gc,heap     ] GC(46) Eden regions: 608->0(608)
[2026-01-28T10:11:34.187+0000][gc,heap     ] GC(46) Survivor regions: 6->6(77)
[2026-01-28T10:11:34.187+0000][gc,heap     ] GC(46) Old regions: 20->20
[2026-01-28T10:11:34.187+0000][gc,heap     ] GC(46) Humongous regions: 10->10
[2026-01-28T10:11:34.187+0000][gc,metaspace] GC(46) Metaspace: 8614K(8896K)->8614K(8896K) NonClass: 7848K(8000K)->7848K(8000K) Class: 765K(896K)->765K(896K)
[2026-01-28T10:11:34.188+0000][gc          ] GC(46) Pause Young (Normal) (G1 Evacuation Pause) 643M->35M(1024M) 5.806ms
[2026-01-28T10:11:34.188+0000][gc,cpu      ] GC(46) User=0.04s Sys=0.01s Real=0.00s
[2026-01-28T10:11:48.729+0000][gc,start    ] GC(47) Pause Young (Normal) (G1 Evacuation Pause)
[2026-01-28T10:11:48.730+0000][gc,task     ] GC(47) Using 10 workers of 10 for evacuation
[2026-01-28T10:11:48.742+0000][gc,phases   ] GC(47)   Pre Evacuate Collection Set: 0.8ms
[2026-01-28T10:11:48.742+0000][gc,phases   ] GC(47)   Merge Heap Roots: 0.3ms
[2026-01-28T10:11:48.742+0000][gc,phases   ] GC(47)   Evacuate Collection Set: 9.3ms
[2026-01-28T10:11:48.742+0000][gc,phases   ] GC(47)   Post Evacuate Collection Set: 1.0ms
[2026-01-28T10:11:48.742+0000][gc,phases   ] GC(47)   Other: 0.2ms
[2026-01-28T10:11:48.742+0000][gc,heap     ] GC(47) Eden regions: 608->0(608)
[2026-01-28T10:11:48.742+0000][gc,heap     ] GC(47) Survivor regions: 6->6(77)
[2026-01-28T10:11:48.742+0000][gc,heap     ] GC(47) Old regions: 20->21
[2026-01-28T10:11:48.742+0000][gc,heap     ] GC(47) Humongous regions: 10->10
[2026-01-28T10:11:48.742+0000][gc,metaspace] GC(47) Metaspace: 8615K(8896K)->8615K(8896K) NonClass: 7849K(8000K)->7849K(8000K) Class: 765K(896K)->765K(896K)
[2026-01-28T10:11:48.742+0000][gc          ] GC(47) Pause Young (Normal) (G1 Evacuation Pause) 643M->35M(1024M) 13.235ms
[2026-01-28T10:11:48.742+0000][gc,cpu      ] GC(47) User=0.10s Sys=0.00s Real=0.02s
[2026-01-28T10:12:03.809+0000][gc,start    ] GC(48) Pause Young (Normal) (G1 Evacuation Pause)
[2026-01-28T10:12:03.809+0000][gc,task     ] GC(48) Using 10 workers of 10 for evacuation
[2026-01-28T10:12:03.814+0000][gc,phases   ] GC(48)   Pre Evacuate Collection Set: 0.6ms
[2026-01-28T10:12:03.814+0000][gc,phases   ] GC(48)   Merge Heap Roots: 0.2ms
[2026-01-28T10:12:03.814+0000][gc,phases   ] GC(48)   Evacuate Collection Set: 3.9ms
[2026-01-28T10:12:03.814+0000][gc,phases   ] GC(48)   Post Evacuate Collection Set: 0.5ms
[2026-01-28T10:12:03.814+0000][gc,phases   ] GC(48)   Other: 0.2ms
[2026-01-28T10:12:03.814+0000][gc,heap     ] GC(48) Eden regions: 608->0(608)
[2026-01-28T10:12:03.814+0000][gc,heap     ] GC(48) Survivor regions: 6->6(77)
[2026-01-28T10:12:03.814+0000][gc,heap     ] GC(48) Old regions: 21->21
[2026-01-28T10:12:03.814+0000][gc,heap     ] GC(48) Humongous regions: 10->10
[2026-01-28T10:12:03.815+0000][gc,metaspace] GC(48) Metaspace: 8623K(8896K)->8623K(8896K) NonClass: 7857K(8000K)->7857K(8000K) Class: 765K(896K)->765K(896K)
[2026-01-28T10:12:03.815+0000][gc          ] GC(48) Pause Young (Normal) (G1 Evacuation Pause) 643M->36M(1024M) 6.047ms
[2026-01-28T10:12:03.815+0000][gc,cpu      ] GC(48) User=0.04s Sys=0.01s Real=0.01s
[2026-01-28T10:12:19.659+0000][gc,start    ] GC(49) Pause Young (Normal) (G1 Evacuation Pause)
[2026-01-28T10:12:19.660+0000][gc,task     ] GC(49) Using 10 workers of 10 for evacuation
[2026-01-28T10:12:19.670+0000][gc,phases   ] GC(49)   Pre Evacuate Collection Set: 0.9ms
[2026-01-28T10:12:19.670+0000][gc,phases   ] GC(49)   Merge Heap Roots: 0.2ms
[2026-01-28T10:12:19.670+0000][gc,phases   ] GC(49)   Evacuate Collection Set: 7.7ms
[2026-01-28T10:12:19.670+0000][gc,phases   ] GC(49)   Post Evacuate Collection Set: 0.8ms
[2026-01-28T10:12:19.670+0000][gc,phases   ] GC(49)   Other: 0.2ms
[2026-01-28T10:12:19.670+0000][gc,heap     ] GC(49) Eden regions: 608->0(608)
[2026-01-28T10:12:19.670+0000][gc,heap     ] GC(49) Survivor regions: 6->6(77)
[2026-01-28T10:12:19.670+0000][gc,heap     ] GC(49) Old regions: 21->21
[2026-01-28T10:12:19.670+0000][gc,heap     ] GC(49) Humongous regions: 10->10
[2026-01-28T10:12:19.670+0000][gc,metaspace] GC(49) Metaspace: 8624K(8896K)->8624K(8896K) NonClass: 7858K(8000K)->7858K(8000K) Class: 765K(896K)->765K(896K)
[2026-01-28T10:12:19.671+0000][gc          ] GC(49) Pause Young (Normal) (G1 Evacuation Pause) 644M->36M(1024M) 11.264ms
[2026-01-28T10:12:19.671+0000][gc,cpu      ] GC(49) User=0.09s Sys=0.00s Real=0.01s
[2026-01-28T10:12:35.639+0000][gc,start    ] GC(50) Pause Young (Normal) (G1 Evacuation Pause)
[2026-01-28T10:12:35.640+0000][gc,task     ] GC(50) Using 10 workers of 10 for evacuation
[2026-01-28T10:12:35.651+0000][gc,phases   ] GC(50)   Pre Evacuate Collection Set: 0.7ms
[2026-01-28T10:12:35.651+0000][gc,phases   ] GC(50)   Merge Heap Roots: 0.3ms
[2026-01-28T10:12:35.651+0000][gc,phases   ] GC(50)   Evacuate Collection Set: 8.0ms
[2026-01-28T10:12:35.651+0000][gc,phases   ] GC(50)   Post Evacuate Collection Set: 1.1ms
[2026-01-28T10:12:35.651+0000][gc,phases   ] GC(50)   Other: 0.2ms
[2026-01-28T10:12:35.651+0000][gc,heap     ] GC(50) Eden regions: 608->0(608)
[2026-01-28T10:12:35.651+0000][gc,heap     ] GC(50) Survivor regions: 6->6(77)
[2026-01-28T10:12:35.651+0000][gc,heap     ] GC(50) Old regions: 21->22
[2026-01-28T10:12:35.651+0000][gc,heap     ] GC(50) Humongous regions: 10->10
[2026-01-28T10:12:35.651+0000][gc,metaspace] GC(50) Metaspace: 8633K(8896K)->8633K(8896K) NonClass: 7867K(8000K)->7867K(8000K) Class: 765K(896K)->765K(896K)
[2026-01-28T10:12:35.652+0000][gc          ] GC(50) Pause Young (Normal) (G1 Evacuation Pause) 644M->37M(1024M) 12.222ms
[2026-01-28T10:12:35.652+0000][gc,cpu      ] GC(50) User=0.08s Sys=0.01s Real=0.02s
[2026-01-28T10:12:51.594+0000][gc,start    ] GC(51) Pause Young (Normal) (G1 Evacuation Pause)
[2026-01-28T10:12:51.594+0000][gc,task     ] GC(51) Using 10 workers of 10 for evacuation
[2026-01-28T10:12:51.616+0000][gc,phases   ] GC(51)   Pre Evacuate Collection Set: 1.1ms
[2026-01-28T10:12:51.616+0000][gc,phases   ] GC(51)   Merge Heap Roots: 1.2ms
[2026-01-28T10:12:51.616+0000][gc,phases   ] GC(51)   Evacuate Collection Set: 17.5ms
[2026-01-28T10:12:51.616+0000][gc,phases   ] GC(51)   Post Evacuate Collection Set: 1.2ms
[2026-01-28T10:12:51.616+0000][gc,phases   ] GC(51)   Other: 0.2ms
[2026-01-28T10:12:51.616+0000][gc,heap     ] GC(51) Eden regions: 608->0(608)
[2026-01-28T10:12:51.616+0000][gc,heap     ] GC(51) Survivor regions: 6->6(77)
[2026-01-28T10:12:51.616+0000][gc,heap     ] GC(51) Old regions: 22->22
[2026-01-28T10:12:51.616+0000][gc,heap     ] GC(51) Humongous regions: 10->10
[2026-01-28T10:12:51.616+0000][gc,metaspace] GC(51) Metaspace: 8636K(8896K)->8636K(8896K) NonClass: 7870K(8000K)->7870K(8000K) Class: 765K(896K)->765K(896K)
[2026-01-28T10:12:51.616+0000][gc          ] GC(51) Pause Young (Normal) (G1 Evacuation Pause) 645M->37M(1024M) 22.899ms
[2026-01-28T10:12:51.617+0000][gc,cpu      ] GC(51) User=0.18s Sys=0.01s Real=0.02s
[2026-01-28T10:13:07.166+0000][gc,start    ] GC(52) Pause Young (Normal) (G1 Evacuation Pause)
[2026-01-28T10:13:07.167+0000][gc,task     ] GC(52) Using 10 workers of 10 for evacuation
[2026-01-28T10:13:07.175+0000][gc,phases   ] GC(52)   Pre Evacuate Collection Set: 0.7ms
[2026-01-28T10:13:07.175+0000][gc,phases   ] GC(52)   Merge Heap Roots: 0.3ms
[2026-01-28T10:13:07.175+0000][gc,phases   ] GC(52)   Evacuate Collection Set: 5.7ms
[2026-01-28T10:13:07.175+0000][gc,phases   ] GC(52)   Post Evacuate Collection Set: 0.8ms
[2026-01-28T10:13:07.175+0000][gc,phases   ] GC(52)   Other: 0.2ms
[2026-01-28T10:13:07.175+0000][gc,heap     ] GC(52) Eden regions: 608->0(608)
[2026-01-28T10:13:07.175+0000][gc,heap     ] GC(52) Survivor regions: 6->6(77)
[2026-01-28T10:13:07.175+0000][gc,heap     ] GC(52) Old regions: 22->23
[2026-01-28T10:13:07.175+0000][gc,heap     ] GC(52) Humongous regions: 10->10
[2026-01-28T10:13:07.176+0000][gc,metaspace] GC(52) Metaspace: 8639K(8896K)->8639K(8896K) NonClass: 7873K(8000K)->7873K(8000K) Class: 765K(896K)->765K(896K)
[2026-01-28T10:13:07.176+0000][gc          ] GC(52) Pause Young (Normal) (G1 Evacuation Pause) 645M->37M(1024M) 9.156ms
[2026-01-28T10:13:07.176+0000][gc,cpu      ] GC(52) User=0.06s Sys=0.00s Real=0.01s
[2026-01-28T10:13:22.607+0000][gc,start    ] GC(53) Pause Young (Normal) (G1 Evacuation Pause)
[2026-01-28T10:13:22.607+0000][gc,task     ] GC(53) Using 10 workers of 10 for evacuation
[2026-01-28T10:13:22.631+0000][gc,phases   ] GC(53)   Pre Evacuate Collection Set: 0.7ms
[2026-01-28T10:13:22.631+0000][gc,phases   ] GC(53)   Merge Heap Roots: 0.3ms
[2026-01-28T10:13:22.632+0000][gc,phases   ] GC(53)   Evacuate Collection Set: 21.8ms
[2026-01-28T10:13:22.632+0000][gc,phases   ] GC(53)   Post Evacuate Collection Set: 0.9ms
[2026-01-28T10:13:22.632+0000][gc,phases   ] GC(53)   Other: 0.3ms
[2026-01-28T10:13:22.632+0000][gc,heap     ] GC(53) Eden regions: 608->0(608)
[2026-01-28T10:13:22.632+0000][gc,heap     ] GC(53) Survivor regions: 6->6(77)
[2026-01-28T10:13:22.632+0000][gc,heap     ] GC(53) Old regions: 23->23
[2026-01-28T10:13:22.632+0000][gc,heap     ] GC(53) Humongous regions: 10->10
[2026-01-28T10:13:22.632+0000][gc,metaspace] GC(53) Metaspace: 8639K(8896K)->8639K(8896K) NonClass: 7873K(8000K)->7873K(8000K) Class: 765K(896K)->765K(896K)
[2026-01-28T10:13:22.632+0000][gc          ] GC(53) Pause Young (Normal) (G1 Evacuation Pause) 645M->38M(1024M) 25.184ms
[2026-01-28T10:13:22.632+0000][gc,cpu      ] GC(53) User=0.22s Sys=0.00s Real=0.03s
[2026-01-28T10:13:38.468+0000][gc,start    ] GC(54) Pause Young (Normal) (G1 Evacuation Pause)
[2026-01-28T10:13:38.468+0000][gc,task     ] GC(54) Using 10 workers of 10 for evacuation
[2026-01-28T10:13:38.481+0000][gc,phases   ] GC(54)   Pre Evacuate Collection Set: 0.6ms
[2026-01-28T10:13:38.481+0000][gc,phases   ] GC(54)   Merge Heap Roots: 0.3ms
[2026-01-28T10:13:38.481+0000][gc,phases   ] GC(54)   Evacuate Collection Set: 10.8ms
[2026-01-28T10:13:38.481+0000][gc,phases   ] GC(54)   Post Evacuate Collection Set: 1.0ms
[2026-01-28T10:13:38.481+0000][gc,phases   ] GC(54)   Other: 0.2ms
[2026-01-28T10:13:38.481+0000][gc,heap     ] GC(54) Eden regions: 608->0(608)
[2026-01-28T10:13:38.481+0000][gc,heap     ] GC(54) Survivor regions: 6->6(77)
[2026-01-28T10:13:38.481+0000][gc,heap     ] GC(54) Old regions: 23->23
[2026-01-28T10:13:38.481+0000][gc,heap     ] GC(54) Humongous regions: 10->10
[2026-01-28T10:13:38.482+0000][gc,metaspace] GC(54) Metaspace: 8640K(8896K)->8640K(8896K) NonClass: 7874K(8000K)->7874K(8000K) Class: 765K(896K)->765K(896K)
[2026-01-28T10:13:38.482+0000][gc          ] GC(54) Pause Young (Normal) (G1 Evacuation Pause) 646M->38M(1024M) 14.133ms
[2026-01-28T10:13:38.482+0000][gc,cpu      ] GC(54) User=0.12s Sys=0.00s Real=0.02s
[2026-01-28T10:13:55.002+0000][gc,start    ] GC(55) Pause Young (Normal) (G1 Evacuation Pause)
[2026-01-28T10:13:55.002+0000][gc,task     ] GC(55) Using 10 workers of 10 for evacuation
[2026-01-28T10:13:55.015+0000][gc,phases   ] GC(55)   Pre Evacuate Collection Set: 0.8ms
[2026-01-28T10:13:55.016+0000][gc,phases   ] GC(55)   Merge Heap Roots: 0.2ms
[2026-01-28T10:13:55.016+0000][gc,phases   ] GC(55)   Evacuate Collection Set: 10.8ms
[2026-01-28T10:13:55.016+0000][gc,phases   ] GC(55)   Post Evacuate Collection Set: 1.0ms
[2026-01-28T10:13:55.016+0000][gc,phases   ] GC(55)   Other: 0.2ms
[2026-01-28T10:13:55.016+0000][gc,heap     ] GC(55) Eden regions: 608->0(608)
[2026-01-28T10:13:55.016+0000][gc,heap     ] GC(55) Survivor regions: 6->6(77)
[2026-01-28T10:13:55.016+0000][gc,heap     ] GC(55) Old regions: 23->24
[2026-01-28T10:13:55.016+0000][gc,heap     ] GC(55) Humongous regions: 10->10
[2026-01-28T10:13:55.016+0000][gc,metaspace] GC(55) Metaspace: 8640K(8896K)->8640K(8896K) NonClass: 7874K(8000K)->7874K(8000K) Class: 765K(896K)->765K(896K)
[2026-01-28T10:13:55.016+0000][gc          ] GC(55) Pause Young (Normal) (G1 Evacuation Pause) 646M->39M(1024M) 14.164ms
[2026-01-28T10:13:55.016+0000][gc,cpu      ] GC(55) User=0.12s Sys=0.00s Real=0.01s
[2026-01-28T10:14:11.204+0000][gc,start    ] GC(56) Pause Young (Normal) (G1 Evacuation Pause)
[2026-01-28T10:14:11.205+0000][gc,task     ] GC(56) Using 10 workers of 10 for evacuation
[2026-01-28T10:14:11.215+0000][gc,phases   ] GC(56)   Pre Evacuate Collection Set: 0.7ms
[2026-01-28T10:14:11.216+0000][gc,phases   ] GC(56)   Merge Heap Roots: 0.3ms
[2026-01-28T10:14:11.216+0000][gc,phases   ] GC(56)   Evacuate Collection Set: 8.4ms
[2026-01-28T10:14:11.216+0000][gc,phases   ] GC(56)   Post Evacuate Collection Set: 1.1ms
[2026-01-28T10:14:11.216+0000][gc,phases   ] GC(56)   Other: 0.2ms
[2026-01-28T10:14:11.216+0000][gc,heap     ] GC(56) Eden regions: 608->0(608)
[2026-01-28T10:14:11.216+0000][gc,heap     ] GC(56) Survivor regions: 6->6(77)
[2026-01-28T10:14:11.216+0000][gc,heap     ] GC(56) Old regions: 24->24
[2026-01-28T10:14:11.216+0000][gc,heap     ] GC(56) Humongous regions: 10->10
[2026-01-28T10:14:11.216+0000][gc,metaspace] GC(56) Metaspace: 8641K(8896K)->8641K(8896K) NonClass: 7875K(8000K)->7875K(8000K) Class: 765K(896K)->765K(896K)
[2026-01-28T10:14:11.216+0000][gc          ] GC(56) Pause Young (Normal) (G1 Evacuation Pause) 647M->39M(1024M) 12.155ms
[2026-01-28T10:14:11.216+0000][gc,cpu      ] GC(56) User=0.10s Sys=0.00s Real=0.01s
[2026-01-28T10:14:27.155+0000][gc,start    ] GC(57) Pause Young (Normal) (G1 Evacuation Pause)
[2026-01-28T10:14:27.156+0000][gc,task     ] GC(57) Using 10 workers of 10 for evacuation
[2026-01-28T10:14:27.170+0000][gc,phases   ] GC(57)   Pre Evacuate Collection Set: 0.6ms
[2026-01-28T10:14:27.170+0000][gc,phases   ] GC(57)   Merge Heap Roots: 0.2ms
[2026-01-28T10:14:27.171+0000][gc,phases   ] GC(57)   Evacuate Collection Set: 11.2ms
[2026-01-28T10:14:27.171+0000][gc,phases   ] GC(57)   Post Evacuate Collection Set: 1.7ms
[2026-01-28T10:14:27.171+0000][gc,phases   ] GC(57)   Other: 0.2ms
[2026-01-28T10:14:27.171+0000][gc,heap     ] GC(57) Eden regions: 608->0(608)
[2026-01-28T10:14:27.171+0000][gc,heap     ] GC(57) Survivor regions: 6->6(77)
[2026-01-28T10:14:27.171+0000][gc,heap     ] GC(57) Old regions: 24->25
[2026-01-28T10:14:27.171+0000][gc,heap     ] GC(57) Humongous regions: 10->10
[2026-01-28T10:14:27.171+0000][gc,metaspace] GC(57) Metaspace: 8641K(8896K)->8641K(8896K) NonClass: 7875K(8000K)->7875K(8000K) Class: 765K(896K)->765K(896K)
[2026-01-28T10:14:27.171+0000][gc          ] GC(57) Pause Young (Normal) (G1 Evacuation Pause) 647M->39M(1024M) 15.691ms
[2026-01-28T10:14:27.171+0000][gc,cpu      ] GC(57) User=0.12s Sys=0.00s Real=0.01s
[2026-01-28T10:14:42.580+0000][gc,start    ] GC(58) Pause Young (Normal) (G1 Evacuation Pause)
[2026-01-28T10:14:42.582+0000][gc,task     ] GC(58) Using 10 workers of 10 for evacuation
[2026-01-28T10:14:42.591+0000][gc,phases   ] GC(58)   Pre Evacuate Collection Set: 1.6ms
[2026-01-28T10:14:42.591+0000][gc,phases   ] GC(58)   Merge Heap Roots: 0.4ms
[2026-01-28T10:14:42.591+0000][gc,phases   ] GC(58)   Evacuate Collection Set: 6.3ms
[2026-01-28T10:14:42.591+0000][gc,phases   ] GC(58)   Post Evacuate Collection Set: 0.8ms
[2026-01-28T10:14:42.591+0000][gc,phases   ] GC(58)   Other: 0.4ms
[2026-01-28T10:14:42.592+0000][gc,heap     ] GC(58) Eden regions: 608->0(608)
[2026-01-28T10:14:42.592+0000][gc,heap     ] GC(58) Survivor regions: 6->6(77)
[2026-01-28T10:14:42.592+0000][gc,heap     ] GC(58) Old regions: 25->25
[2026-01-28T10:14:42.592+0000][gc,heap     ] GC(58) Humongous regions: 10->10
[2026-01-28T10:14:42.592+0000][gc,metaspace] GC(58) Metaspace: 8641K(8896K)->8641K(8896K) NonClass: 7875K(8000K)->7875K(8000K) Class: 765K(896K)->765K(896K)
[2026-01-28T10:14:42.592+0000][gc          ] GC(58) Pause Young (Normal) (G1 Evacuation Pause) 647M->40M(1024M) 11.628ms
[2026-01-28T10:14:42.592+0000][gc,cpu      ] GC(58) User=0.07s Sys=0.00s Real=0.01s
[2026-01-28T10:14:58.552+0000][gc,start    ] GC(59) Pause Young (Normal) (G1 Evacuation Pause)
[2026-01-28T10:14:58.554+0000][gc,task     ] GC(59) Using 10 workers of 10 for evacuation
[2026-01-28T10:14:58.570+0000][gc,phases   ] GC(59)   Pre Evacuate Collection Set: 1.3ms
[2026-01-28T10:14:58.570+0000][gc,phases   ] GC(59)   Merge Heap Roots: 0.8ms
[2026-01-28T10:14:58.570+0000][gc,phases   ] GC(59)   Evacuate Collection Set: 12.4ms
[2026-01-28T10:14:58.570+0000][gc,phases   ] GC(59)   Post Evacuate Collection Set: 1.4ms
[2026-01-28T10:14:58.570+0000][gc,phases   ] GC(59)   Other: 0.3ms
[2026-01-28T10:14:58.570+0000][gc,heap     ] GC(59) Eden regions: 608->0(608)
[2026-01-28T10:14:58.570+0000][gc,heap     ] GC(59) Survivor regions: 6->6(77)
[2026-01-28T10:14:58.570+0000][gc,heap     ] GC(59) Old regions: 25->25
[2026-01-28T10:14:58.570+0000][gc,heap     ] GC(59) Humongous regions: 10->10
[2026-01-28T10:14:58.570+0000][gc,metaspace] GC(59) Metaspace: 8641K(8896K)->8641K(8896K) NonClass: 7875K(8000K)->7875K(8000K) Class: 765K(896K)->765K(896K)
[2026-01-28T10:14:58.570+0000][gc          ] GC(59) Pause Young (Normal) (G1 Evacuation Pause) 648M->40M(1024M) 17.870ms
[2026-01-28T10:14:58.570+0000][gc,cpu      ] GC(59) User=0.14s Sys=0.00s Real=0.01s
[2026-01-28T10:15:13.921+0000][gc,start    ] GC(60) Pause Young (Normal) (G1 Evacuation Pause)
[2026-01-28T10:15:13.922+0000][gc,task     ] GC(60) Using 10 workers of 10 for evacuation
[2026-01-28T10:15:13.933+0000][gc,phases   ] GC(60)   Pre Evacuate Collection Set: 0.7ms
[2026-01-28T10:15:13.933+0000][gc,phases   ] GC(60)   Merge Heap Roots: 0.3ms
[2026-01-28T10:15:13.933+0000][gc,phases   ] GC(60)   Evacuate Collection Set: 8.3ms
[2026-01-28T10:15:13.934+0000][gc,phases   ] GC(60)   Post Evacuate Collection Set: 1.4ms
[2026-01-28T10:15:13.934+0000][gc,phases   ] GC(60)   Other: 0.2ms
[2026-01-28T10:15:13.934+0000][gc,heap     ] GC(60) Eden regions: 608->0(608)
[2026-01-28T10:15:13.934+0000][gc,heap     ] GC(60) Survivor regions: 6->6(77)
[2026-01-28T10:15:13.934+0000][gc,heap     ] GC(60) Old regions: 25->26
[2026-01-28T10:15:13.934+0000][gc,heap     ] GC(60) Humongous regions: 10->10
[2026-01-28T10:15:13.934+0000][gc,metaspace] GC(60) Metaspace: 8645K(8896K)->8645K(8896K) NonClass: 7879K(8000K)->7879K(8000K) Class: 765K(896K)->765K(896K)
[2026-01-28T10:15:13.934+0000][gc          ] GC(60) Pause Young (Normal) (G1 Evacuation Pause) 648M->41M(1024M) 12.777ms
[2026-01-28T10:15:13.934+0000][gc,cpu      ] GC(60) User=0.09s Sys=0.00s Real=0.02s
[2026-01-28T10:15:29.277+0000][gc,start    ] GC(61) Pause Young (Normal) (G1 Evacuation Pause)
[2026-01-28T10:15:29.278+0000][gc,task     ] GC(61) Using 10 workers of 10 for evacuation
[2026-01-28T10:15:29.296+0000][gc,phases   ] GC(61)   Pre Evacuate Collection Set: 0.8ms
[2026-01-28T10:15:29.296+0000][gc,phases   ] GC(61)   Merge Heap Roots: 0.3ms
[2026-01-28T10:15:29.296+0000][gc,phases   ] GC(61)   Evacuate Collection Set: 15.1ms
[2026-01-28T10:15:29.296+0000][gc,phases   ] GC(61)   Post Evacuate Collection Set: 1.8ms
[2026-01-28T10:15:29.297+0000][gc,phases   ] GC(61)   Other: 0.3ms
[2026-01-28T10:15:29.297+0000][gc,heap     ] GC(61) Eden regions: 608->0(608)
[2026-01-28T10:15:29.297+0000][gc,heap     ] GC(61) Survivor regions: 6->6(77)
[2026-01-28T10:15:29.297+0000][gc,heap     ] GC(61) Old regions: 26->26
[2026-01-28T10:15:29.297+0000][gc,heap     ] GC(61) Humongous regions: 10->10
[2026-01-28T10:15:29.297+0000][gc,metaspace] GC(61) Metaspace: 8646K(8896K)->8646K(8896K) NonClass: 7880K(8000K)->7880K(8000K) Class: 765K(896K)->765K(896K)
[2026-01-28T10:15:29.297+0000][gc          ] GC(61) Pause Young (Normal) (G1 Evacuation Pause) 649M->41M(1024M) 20.309ms
[2026-01-28T10:15:29.297+0000][gc,cpu      ] GC(61) User=0.16s Sys=0.00s Real=0.02s
[2026-01-28T10:15:45.216+0000][gc,start    ] GC(62) Pause Young (Normal) (G1 Evacuation Pause)
[2026-01-28T10:15:45.217+0000][gc,task     ] GC(62) Using 10 workers of 10 for evacuation
[2026-01-28T10:15:45.231+0000][gc,phases   ] GC(62)   Pre Evacuate Collection Set: 1.2ms
[2026-01-28T10:15:45.231+0000][gc,phases   ] GC(62)   Merge Heap Roots: 0.7ms
[2026-01-28T10:15:45.231+0000][gc,phases   ] GC(62)   Evacuate Collection Set: 10.4ms
[2026-01-28T10:15:45.231+0000][gc,phases   ] GC(62)   Post Evacuate Collection Set: 1.2ms
[2026-01-28T10:15:45.231+0000][gc,phases   ] GC(62)   Other: 0.2ms
[2026-01-28T10:15:45.232+0000][gc,heap     ] GC(62) Eden regions: 608->0(608)
[2026-01-28T10:15:45.232+0000][gc,heap     ] GC(62) Survivor regions: 6->6(77)
[2026-01-28T10:15:45.232+0000][gc,heap     ] GC(62) Old regions: 26->27
[2026-01-28T10:15:45.232+0000][gc,heap     ] GC(62) Humongous regions: 10->10
[2026-01-28T10:15:45.232+0000][gc,metaspace] GC(62) Metaspace: 8647K(8896K)->8647K(8896K) NonClass: 7881K(8000K)->7881K(8000K) Class: 765K(896K)->765K(896K)
[2026-01-28T10:15:45.232+0000][gc          ] GC(62) Pause Young (Normal) (G1 Evacuation Pause) 649M->42M(1024M) 15.621ms
[2026-01-28T10:15:45.232+0000][gc,cpu      ] GC(62) User=0.12s Sys=0.00s Real=0.01s
[2026-01-28T10:16:01.365+0000][gc,start    ] GC(63) Pause Young (Normal) (G1 Evacuation Pause)
[2026-01-28T10:16:01.368+0000][gc,task     ] GC(63) Using 10 workers of 10 for evacuation
[2026-01-28T10:16:01.385+0000][gc,phases   ] GC(63)   Pre Evacuate Collection Set: 2.4ms
[2026-01-28T10:16:01.385+0000][gc,phases   ] GC(63)   Merge Heap Roots: 0.4ms
[2026-01-28T10:16:01.385+0000][gc,phases   ] GC(63)   Evacuate Collection Set: 12.4ms
[2026-01-28T10:16:01.385+0000][gc,phases   ] GC(63)   Post Evacuate Collection Set: 1.0ms
[2026-01-28T10:16:01.385+0000][gc,phases   ] GC(63)   Other: 1.2ms
[2026-01-28T10:16:01.385+0000][gc,heap     ] GC(63) Eden regions: 608->0(608)
[2026-01-28T10:16:01.385+0000][gc,heap     ] GC(63) Survivor regions: 6->6(77)
[2026-01-28T10:16:01.385+0000][gc,heap     ] GC(63) Old regions: 27->27
[2026-01-28T10:16:01.385+0000][gc,heap     ] GC(63) Humongous regions: 10->10
[2026-01-28T10:16:01.385+0000][gc,metaspace] GC(63) Metaspace: 8661K(8896K)->8661K(8896K) NonClass: 7895K(8000K)->7895K(8000K) Class: 766K(896K)->766K(896K)
[2026-01-28T10:16:01.385+0000][gc          ] GC(63) Pause Young (Normal) (G1 Evacuation Pause) 650M->42M(1024M) 19.885ms
[2026-01-28T10:16:01.385+0000][gc,cpu      ] GC(63) User=0.14s Sys=0.00s Real=0.02s
[2026-01-28T10:16:17.309+0000][gc,start    ] GC(64) Pause Young (Normal) (G1 Evacuation Pause)
[2026-01-28T10:16:17.310+0000][gc,task     ] GC(64) Using 10 workers of 10 for evacuation
[2026-01-28T10:16:17.321+0000][gc,phases   ] GC(64)   Pre Evacuate Collection Set: 0.6ms
[2026-01-28T10:16:17.321+0000][gc,phases   ] GC(64)   Merge Heap Roots: 0.3ms
[2026-01-28T10:16:17.321+0000][gc,phases   ] GC(64)   Evacuate Collection Set: 8.9ms
[2026-01-28T10:16:17.321+0000][gc,phases   ] GC(64)   Post Evacuate Collection Set: 0.9ms
[2026-01-28T10:16:17.321+0000][gc,phases   ] GC(64)   Other: 0.2ms
[2026-01-28T10:16:17.321+0000][gc,heap     ] GC(64) Eden regions: 608->0(608)
[2026-01-28T10:16:17.321+0000][gc,heap     ] GC(64) Survivor regions: 6->6(77)
[2026-01-28T10:16:17.321+0000][gc,heap     ] GC(64) Old regions: 27->27
[2026-01-28T10:16:17.321+0000][gc,heap     ] GC(64) Humongous regions: 10->10
[2026-01-28T10:16:17.321+0000][gc,metaspace] GC(64) Metaspace: 8664K(8896K)->8664K(8896K) NonClass: 7897K(8000K)->7897K(8000K) Class: 766K(896K)->766K(896K)
[2026-01-28T10:16:17.321+0000][gc          ] GC(64) Pause Young (Normal) (G1 Evacuation Pause) 650M->42M(1024M) 11.778ms
[2026-01-28T10:16:17.321+0000][gc,cpu      ] GC(64) User=0.09s Sys=0.00s Real=0.02s
