[2026-01-28T11:09:36.161+0000][gc,init] CardTable entry size: 512
[2026-01-28T11:09:36.161+0000][gc     ] Using G1
[2026-01-28T11:09:36.164+0000][gc,init] Version: 21.0.4+7-LTS (release)
[2026-01-28T11:09:36.164+0000][gc,init] CPUs: 12 total, 12 available
[2026-01-28T11:09:36.164+0000][gc,init] Memory: 7837M
[2026-01-28T11:09:36.164+0000][gc,init] Large Page Support: Disabled
[2026-01-28T11:09:36.164+0000][gc,init] NUMA Support: Disabled
[2026-01-28T11:09:36.164+0000][gc,init] Compressed Oops: Enabled (32-bit)
[2026-01-28T11:09:36.164+0000][gc,init] Heap Region Size: 1M
[2026-01-28T11:09:36.164+0000][gc,init] Heap Min Capacity: 1G
[2026-01-28T11:09:36.165+0000][gc,init] Heap Initial Capacity: 1G
[2026-01-28T11:09:36.165+0000][gc,init] Heap Max Capacity: 1G
[2026-01-28T11:09:36.165+0000][gc,init] Pre-touch: Disabled
[2026-01-28T11:09:36.165+0000][gc,init] Parallel Workers: 10
[2026-01-28T11:09:36.165+0000][gc,init] Concurrent Workers: 3
[2026-01-28T11:09:36.165+0000][gc,init] Concurrent Refinement Workers: 10
[2026-01-28T11:09:36.165+0000][gc,init] Periodic GC: Disabled
[2026-01-28T11:09:36.204+0000][gc,metaspace] CDS archive(s) mapped at: [0x0000003800000000-0x0000003800bd0000-0x00000038036b0000), size 57344000, SharedBaseAddress: 0x0000003800000000, ArchiveRelocationMode: 1.
[2026-01-28T11:09:36.206+0000][gc,metaspace] Compressed class space mapped at: 0x0000003804000000-0x0000003844000000, reserved size: 1073741824
[2026-01-28T11:09:36.206+0000][gc,metaspace] Narrow klass base: 0x0000003800000000, Narrow klass shift: 0, Narrow klass range: 0x100000000
[2026-01-28T11:09:37.164+0000][gc,start    ] GC(0) Pause Young (Normal) (G1 Evacuation Pause)
[2026-01-28T11:09:37.170+0000][gc,task     ] GC(0) Using 10 workers of 10 for evacuation
[2026-01-28T11:09:37.179+0000][gc,phases   ] GC(0)   Pre Evacuate Collection Set: 0.3ms
[2026-01-28T11:09:37.180+0000][gc,phases   ] GC(0)   Merge Heap Roots: 0.1ms
[2026-01-28T11:09:37.180+0000][gc,phases   ] GC(0)   Evacuate Collection Set: 8.0ms
[2026-01-28T11:09:37.180+0000][gc,phases   ] GC(0)   Post Evacuate Collection Set: 1.0ms
[2026-01-28T11:09:37.180+0000][gc,phases   ] GC(0)   Other: 2.4ms
[2026-01-28T11:09:37.180+0000][gc,heap     ] GC(0) Eden regions: 51->0(44)
[2026-01-28T11:09:37.180+0000][gc,heap     ] GC(0) Survivor regions: 0->7(7)
[2026-01-28T11:09:37.180+0000][gc,heap     ] GC(0) Old regions: 1->7
[2026-01-28T11:09:37.180+0000][gc,heap     ] GC(0) Humongous regions: 1->1
[2026-01-28T11:09:37.180+0000][gc,metaspace] GC(0) Metaspace: 5442K(5632K)->5442K(5632K) NonClass: 4808K(4928K)->4808K(4928K) Class: 634K(704K)->634K(704K)
[2026-01-28T11:09:37.180+0000][gc          ] GC(0) Pause Young (Normal) (G1 Evacuation Pause) 52M->14M(1024M) 16.151ms
[2026-01-28T11:09:37.180+0000][gc,cpu      ] GC(0) User=0.03s Sys=0.01s Real=0.02s
[2026-01-28T11:09:40.552+0000][gc,start    ] GC(1) Pause Young (Normal) (G1 Evacuation Pause)
[2026-01-28T11:09:40.552+0000][gc,task     ] GC(1) Using 10 workers of 10 for evacuation
[2026-01-28T11:09:40.556+0000][gc,phases   ] GC(1)   Pre Evacuate Collection Set: 0.4ms
[2026-01-28T11:09:40.557+0000][gc,phases   ] GC(1)   Merge Heap Roots: 0.1ms
[2026-01-28T11:09:40.557+0000][gc,phases   ] GC(1)   Evacuate Collection Set: 3.3ms
[2026-01-28T11:09:40.557+0000][gc,phases   ] GC(1)   Post Evacuate Collection Set: 0.5ms
[2026-01-28T11:09:40.557+0000][gc,phases   ] GC(1)   Other: 0.2ms
[2026-01-28T11:09:40.557+0000][gc,heap     ] GC(1) Eden regions: 44->0(49)
[2026-01-28T11:09:40.557+0000][gc,heap     ] GC(1) Survivor regions: 7->5(7)
[2026-01-28T11:09:40.557+0000][gc,heap     ] GC(1) Old regions: 7->14
[2026-01-28T11:09:40.557+0000][gc,heap     ] GC(1) Humongous regions: 130->130
[2026-01-28T11:09:40.557+0000][gc,metaspace] GC(1) Metaspace: 8287K(8576K)->8287K(8576K) NonClass: 7212K(7360K)->7212K(7360K) Class: 1074K(1216K)->1074K(1216K)
[2026-01-28T11:09:40.557+0000][gc          ] GC(1) Pause Young (Normal) (G1 Evacuation Pause) 187M->148M(1024M) 5.100ms
[2026-01-28T11:09:40.557+0000][gc,cpu      ] GC(1) User=0.03s Sys=0.01s Real=0.01s
[2026-01-28T11:09:40.703+0000][gc,start    ] GC(2) Pause Young (Normal) (G1 Evacuation Pause)
[2026-01-28T11:09:40.703+0000][gc,task     ] GC(2) Using 10 workers of 10 for evacuation
[2026-01-28T11:09:40.706+0000][gc,phases   ] GC(2)   Pre Evacuate Collection Set: 0.3ms
[2026-01-28T11:09:40.706+0000][gc,phases   ] GC(2)   Merge Heap Roots: 0.1ms
[2026-01-28T11:09:40.706+0000][gc,phases   ] GC(2)   Evacuate Collection Set: 1.7ms
[2026-01-28T11:09:40.706+0000][gc,phases   ] GC(2)   Post Evacuate Collection Set: 0.3ms
[2026-01-28T11:09:40.706+0000][gc,phases   ] GC(2)   Other: 0.1ms
[2026-01-28T11:09:40.706+0000][gc,heap     ] GC(2) Eden regions: 57->0(611)
[2026-01-28T11:09:40.706+0000][gc,heap     ] GC(2) Survivor regions: 5->3(8)
[2026-01-28T11:09:40.706+0000][gc,heap     ] GC(2) Old regions: 14->19
[2026-01-28T11:09:40.706+0000][gc,heap     ] GC(2) Humongous regions: 130->130
[2026-01-28T11:09:40.706+0000][gc,metaspace] GC(2) Metaspace: 9139K(9472K)->9139K(9472K) NonClass: 7939K(8128K)->7939K(8128K) Class: 1199K(1344K)->1199K(1344K)
[2026-01-28T11:09:40.706+0000][gc          ] GC(2) Pause Young (Normal) (G1 Evacuation Pause) 205M->151M(1024M) 2.964ms
[2026-01-28T11:09:40.706+0000][gc,cpu      ] GC(2) User=0.02s Sys=0.00s Real=0.00s
[2026-01-28T11:10:20.651+0000][gc,start    ] GC(3) Pause Young (Normal) (G1 Evacuation Pause)
[2026-01-28T11:10:20.651+0000][gc,task     ] GC(3) Using 10 workers of 10 for evacuation
[2026-01-28T11:10:20.674+0000][gc,phases   ] GC(3)   Pre Evacuate Collection Set: 0.7ms
[2026-01-28T11:10:20.674+0000][gc,phases   ] GC(3)   Merge Heap Roots: 0.2ms
[2026-01-28T11:10:20.674+0000][gc,phases   ] GC(3)   Evacuate Collection Set: 20.6ms
[2026-01-28T11:10:20.674+0000][gc,phases   ] GC(3)   Post Evacuate Collection Set: 1.0ms
[2026-01-28T11:10:20.674+0000][gc,phases   ] GC(3)   Other: 0.5ms
[2026-01-28T11:10:20.674+0000][gc,heap     ] GC(3) Eden regions: 611->0(606)
[2026-01-28T11:10:20.674+0000][gc,heap     ] GC(3) Survivor regions: 3->8(77)
[2026-01-28T11:10:20.675+0000][gc,heap     ] GC(3) Old regions: 19->19
[2026-01-28T11:10:20.675+0000][gc,heap     ] GC(3) Humongous regions: 130->130
[2026-01-28T11:10:20.675+0000][gc,metaspace] GC(3) Metaspace: 12202K(12608K)->12202K(12608K) NonClass: 10670K(10880K)->10670K(10880K) Class: 1531K(1728K)->1531K(1728K)
[2026-01-28T11:10:20.675+0000][gc          ] GC(3) Pause Young (Normal) (G1 Evacuation Pause) 762M->156M(1024M) 23.646ms
[2026-01-28T11:10:20.675+0000][gc,cpu      ] GC(3) User=0.21s Sys=0.01s Real=0.02s
