[2026-01-28T11:10:36.557+0000][gc,init] CardTable entry size: 512
[2026-01-28T11:10:36.557+0000][gc     ] Using G1
[2026-01-28T11:10:36.578+0000][gc,init] Version: 21.0.4+7-LTS (release)
[2026-01-28T11:10:36.578+0000][gc,init] CPUs: 12 total, 12 available
[2026-01-28T11:10:36.578+0000][gc,init] Memory: 7837M
[2026-01-28T11:10:36.578+0000][gc,init] Large Page Support: Disabled
[2026-01-28T11:10:36.579+0000][gc,init] NUMA Support: Disabled
[2026-01-28T11:10:36.579+0000][gc,init] Compressed Oops: Enabled (32-bit)
[2026-01-28T11:10:36.579+0000][gc,init] Heap Region Size: 1M
[2026-01-28T11:10:36.580+0000][gc,init] Heap Min Capacity: 1G
[2026-01-28T11:10:36.580+0000][gc,init] Heap Initial Capacity: 1G
[2026-01-28T11:10:36.580+0000][gc,init] Heap Max Capacity: 1G
[2026-01-28T11:10:36.580+0000][gc,init] Pre-touch: Disabled
[2026-01-28T11:10:36.580+0000][gc,init] Parallel Workers: 10
[2026-01-28T11:10:36.580+0000][gc,init] Concurrent Workers: 3
[2026-01-28T11:10:36.581+0000][gc,init] Concurrent Refinement Workers: 10
[2026-01-28T11:10:36.581+0000][gc,init] Periodic GC: Disabled
[2026-01-28T11:10:36.621+0000][gc,metaspace] CDS archive(s) mapped at: [0x0000001800000000-0x0000001800bd0000-0x00000018036b0000), size 57344000, SharedBaseAddress: 0x0000001800000000, ArchiveRelocationMode: 1.
[2026-01-28T11:10:36.621+0000][gc,metaspace] Compressed class space mapped at: 0x0000001804000000-0x0000001844000000, reserved size: 1073741824
[2026-01-28T11:10:36.621+0000][gc,metaspace] Narrow klass base: 0x0000001800000000, Narrow klass shift: 0, Narrow klass range: 0x100000000
[2026-01-28T11:10:37.783+0000][gc,start    ] GC(0) Pause Young (Normal) (G1 Evacuation Pause)
[2026-01-28T11:10:37.789+0000][gc,task     ] GC(0) Using 10 workers of 10 for evacuation
[2026-01-28T11:10:37.802+0000][gc,phases   ] GC(0)   Pre Evacuate Collection Set: 0.3ms
[2026-01-28T11:10:37.802+0000][gc,phases   ] GC(0)   Merge Heap Roots: 0.0ms
[2026-01-28T11:10:37.802+0000][gc,phases   ] GC(0)   Evacuate Collection Set: 10.7ms
[2026-01-28T11:10:37.802+0000][gc,phases   ] GC(0)   Post Evacuate Collection Set: 0.9ms
[2026-01-28T11:10:37.802+0000][gc,phases   ] GC(0)   Other: 3.9ms
[2026-01-28T11:10:37.802+0000][gc,heap     ] GC(0) Eden regions: 51->0(44)
[2026-01-28T11:10:37.802+0000][gc,heap     ] GC(0) Survivor regions: 0->7(7)
[2026-01-28T11:10:37.802+0000][gc,heap     ] GC(0) Old regions: 1->7
[2026-01-28T11:10:37.802+0000][gc,heap     ] GC(0) Humongous regions: 1->1
[2026-01-28T11:10:37.802+0000][gc,metaspace] GC(0) Metaspace: 5558K(5760K)->5558K(5760K) NonClass: 4911K(4992K)->4911K(4992K) Class: 646K(768K)->646K(768K)
[2026-01-28T11:10:37.803+0000][gc          ] GC(0) Pause Young (Normal) (G1 Evacuation Pause) 52M->14M(1024M) 19.631ms
[2026-01-28T11:10:37.803+0000][gc,cpu      ] GC(0) User=0.04s Sys=0.03s Real=0.02s
[2026-01-28T11:10:40.541+0000][gc,start    ] GC(1) Pause Young (Normal) (G1 Evacuation Pause)
[2026-01-28T11:10:40.541+0000][gc,task     ] GC(1) Using 10 workers of 10 for evacuation
[2026-01-28T11:10:40.553+0000][gc,phases   ] GC(1)   Pre Evacuate Collection Set: 0.3ms
[2026-01-28T11:10:40.553+0000][gc,phases   ] GC(1)   Merge Heap Roots: 0.1ms
[2026-01-28T11:10:40.553+0000][gc,phases   ] GC(1)   Evacuate Collection Set: 10.2ms
[2026-01-28T11:10:40.553+0000][gc,phases   ] GC(1)   Post Evacuate Collection Set: 0.9ms
[2026-01-28T11:10:40.553+0000][gc,phases   ] GC(1)   Other: 0.1ms
[2026-01-28T11:10:40.553+0000][gc,heap     ] GC(1) Eden regions: 44->0(47)
[2026-01-28T11:10:40.553+0000][gc,heap     ] GC(1) Survivor regions: 7->5(7)
[2026-01-28T11:10:40.553+0000][gc,heap     ] GC(1) Old regions: 7->15
[2026-01-28T11:10:40.554+0000][gc,heap     ] GC(1) Humongous regions: 130->130
[2026-01-28T11:10:40.554+0000][gc,metaspace] GC(1) Metaspace: 8323K(8576K)->8323K(8576K) NonClass: 7279K(7424K)->7279K(7424K) Class: 1044K(1152K)->1044K(1152K)
[2026-01-28T11:10:40.554+0000][gc          ] GC(1) Pause Young (Normal) (G1 Evacuation Pause) 187M->149M(1024M) 12.623ms
[2026-01-28T11:10:40.554+0000][gc,cpu      ] GC(1) User=0.03s Sys=0.04s Real=0.01s
[2026-01-28T11:10:40.685+0000][gc,start    ] GC(2) Pause Young (Normal) (G1 Evacuation Pause)
[2026-01-28T11:10:40.685+0000][gc,task     ] GC(2) Using 10 workers of 10 for evacuation
[2026-01-28T11:10:40.687+0000][gc,phases   ] GC(2)   Pre Evacuate Collection Set: 0.2ms
[2026-01-28T11:10:40.688+0000][gc,phases   ] GC(2)   Merge Heap Roots: 0.1ms
[2026-01-28T11:10:40.688+0000][gc,phases   ] GC(2)   Evacuate Collection Set: 1.6ms
[2026-01-28T11:10:40.688+0000][gc,phases   ] GC(2)   Post Evacuate Collection Set: 0.3ms
[2026-01-28T11:10:40.688+0000][gc,phases   ] GC(2)   Other: 0.1ms
[2026-01-28T11:10:40.688+0000][gc,heap     ] GC(2) Eden regions: 53->0(508)
[2026-01-28T11:10:40.688+0000][gc,heap     ] GC(2) Survivor regions: 5->2(8)
[2026-01-28T11:10:40.688+0000][gc,heap     ] GC(2) Old regions: 15->19
[2026-01-28T11:10:40.688+0000][gc,heap     ] GC(2) Humongous regions: 130->130
[2026-01-28T11:10:40.688+0000][gc,metaspace] GC(2) Metaspace: 8587K(8832K)->8587K(8832K) NonClass: 7505K(7616K)->7505K(7616K) Class: 1082K(1216K)->1082K(1216K)
[2026-01-28T11:10:40.688+0000][gc          ] GC(2) Pause Young (Normal) (G1 Evacuation Pause) 202M->150M(1024M) 3.002ms
[2026-01-28T11:10:40.688+0000][gc,cpu      ] GC(2) User=0.01s Sys=0.00s Real=0.01s
[2026-01-28T11:11:10.717+0000][gc,start    ] GC(3) Pause Young (Normal) (G1 Evacuation Pause)
[2026-01-28T11:11:10.717+0000][gc,task     ] GC(3) Using 10 workers of 10 for evacuation
[2026-01-28T11:11:10.738+0000][gc,phases   ] GC(3)   Pre Evacuate Collection Set: 0.7ms
[2026-01-28T11:11:10.738+0000][gc,phases   ] GC(3)   Merge Heap Roots: 0.2ms
[2026-01-28T11:11:10.738+0000][gc,phases   ] GC(3)   Evacuate Collection Set: 15.8ms
[2026-01-28T11:11:10.738+0000][gc,phases   ] GC(3)   Post Evacuate Collection Set: 2.4ms
[2026-01-28T11:11:10.738+0000][gc,phases   ] GC(3)   Other: 0.2ms
[2026-01-28T11:11:10.738+0000][gc,heap     ] GC(3) Eden regions: 542->0(603)
[2026-01-28T11:11:10.738+0000][gc,heap     ] GC(3) Survivor regions: 2->11(68)
[2026-01-28T11:11:10.739+0000][gc,heap     ] GC(3) Old regions: 19->19
[2026-01-28T11:11:10.739+0000][gc,heap     ] GC(3) Humongous regions: 136->130
[2026-01-28T11:11:10.739+0000][gc,metaspace] GC(3) Metaspace: 13535K(13888K)->13535K(13888K) NonClass: 11753K(11904K)->11753K(11904K) Class: 1781K(1984K)->1781K(1984K)
[2026-01-28T11:11:10.739+0000][gc          ] GC(3) Pause Young (Normal) (G1 Evacuation Pause) 698M->159M(1024M) 22.418ms
[2026-01-28T11:11:10.740+0000][gc,cpu      ] GC(3) User=0.16s Sys=0.01s Real=0.02s
[2026-01-28T11:11:50.576+0000][gc,start    ] GC(4) Pause Young (Normal) (G1 Evacuation Pause)
[2026-01-28T11:11:50.576+0000][gc,task     ] GC(4) Using 10 workers of 10 for evacuation
[2026-01-28T11:11:50.590+0000][gc,phases   ] GC(4)   Pre Evacuate Collection Set: 1.6ms
[2026-01-28T11:11:50.591+0000][gc,phases   ] GC(4)   Merge Heap Roots: 0.9ms
[2026-01-28T11:11:50.591+0000][gc,phases   ] GC(4)   Evacuate Collection Set: 10.4ms
[2026-01-28T11:11:50.591+0000][gc,phases   ] GC(4)   Post Evacuate Collection Set: 0.9ms
[2026-01-28T11:11:50.591+0000][gc,phases   ] GC(4)   Other: 0.2ms
[2026-01-28T11:11:50.591+0000][gc,heap     ] GC(4) Eden regions: 602->0(602)
[2026-01-28T11:11:50.591+0000][gc,heap     ] GC(4) Survivor regions: 11->12(77)
[2026-01-28T11:11:50.591+0000][gc,heap     ] GC(4) Old regions: 19->19
[2026-01-28T11:11:50.591+0000][gc,heap     ] GC(4) Humongous regions: 130->130
[2026-01-28T11:11:50.591+0000][gc,metaspace] GC(4) Metaspace: 14124K(14464K)->14124K(14464K) NonClass: 12334K(12480K)->12334K(12480K) Class: 1789K(1984K)->1789K(1984K)
[2026-01-28T11:11:50.591+0000][gc          ] GC(4) Pause Young (Normal) (G1 Evacuation Pause) 761M->160M(1024M) 14.707ms
[2026-01-28T11:11:50.591+0000][gc,cpu      ] GC(4) User=0.11s Sys=0.02s Real=0.02s
[2026-01-28T11:12:20.763+0000][gc,start    ] GC(5) Pause Young (Normal) (G1 Evacuation Pause)
[2026-01-28T11:12:20.764+0000][gc,task     ] GC(5) Using 10 workers of 10 for evacuation
[2026-01-28T11:12:20.773+0000][gc,phases   ] GC(5)   Pre Evacuate Collection Set: 1.1ms
[2026-01-28T11:12:20.773+0000][gc,phases   ] GC(5)   Merge Heap Roots: 0.5ms
[2026-01-28T11:12:20.773+0000][gc,phases   ] GC(5)   Evacuate Collection Set: 6.4ms
[2026-01-28T11:12:20.773+0000][gc,phases   ] GC(5)   Post Evacuate Collection Set: 0.8ms
[2026-01-28T11:12:20.773+0000][gc,phases   ] GC(5)   Other: 0.1ms
[2026-01-28T11:12:20.773+0000][gc,heap     ] GC(5) Eden regions: 602->0(597)
[2026-01-28T11:12:20.773+0000][gc,heap     ] GC(5) Survivor regions: 12->17(77)
[2026-01-28T11:12:20.773+0000][gc,heap     ] GC(5) Old regions: 19->19
[2026-01-28T11:12:20.773+0000][gc,heap     ] GC(5) Humongous regions: 130->130
[2026-01-28T11:12:20.773+0000][gc,metaspace] GC(5) Metaspace: 14474K(14848K)->14474K(14848K) NonClass: 12681K(12864K)->12681K(12864K) Class: 1792K(1984K)->1792K(1984K)
[2026-01-28T11:12:20.773+0000][gc          ] GC(5) Pause Young (Normal) (G1 Evacuation Pause) 762M->165M(1024M) 10.381ms
[2026-01-28T11:12:20.773+0000][gc,cpu      ] GC(5) User=0.07s Sys=0.01s Real=0.01s
[2026-01-28T11:13:00.611+0000][gc,start    ] GC(6) Pause Young (Normal) (G1 Evacuation Pause)
[2026-01-28T11:13:00.611+0000][gc,task     ] GC(6) Using 10 workers of 10 for evacuation
[2026-01-28T11:13:00.624+0000][gc,phases   ] GC(6)   Pre Evacuate Collection Set: 1.3ms
[2026-01-28T11:13:00.624+0000][gc,phases   ] GC(6)   Merge Heap Roots: 0.4ms
[2026-01-28T11:13:00.624+0000][gc,phases   ] GC(6)   Evacuate Collection Set: 9.5ms
[2026-01-28T11:13:00.624+0000][gc,phases   ] GC(6)   Post Evacuate Collection Set: 1.0ms
[2026-01-28T11:13:00.624+0000][gc,phases   ] GC(6)   Other: 0.1ms
[2026-01-28T11:13:00.624+0000][gc,heap     ] GC(6) Eden regions: 597->0(597)
[2026-01-28T11:13:00.624+0000][gc,heap     ] GC(6) Survivor regions: 17->17(77)
[2026-01-28T11:13:00.624+0000][gc,heap     ] GC(6) Old regions: 19->19
[2026-01-28T11:13:00.624+0000][gc,heap     ] GC(6) Humongous regions: 130->130
[2026-01-28T11:13:00.624+0000][gc,metaspace] GC(6) Metaspace: 14863K(15232K)->14863K(15232K) NonClass: 13070K(13248K)->13070K(13248K) Class: 1792K(1984K)->1792K(1984K)
[2026-01-28T11:13:00.624+0000][gc          ] GC(6) Pause Young (Normal) (G1 Evacuation Pause) 762M->165M(1024M) 13.325ms
[2026-01-28T11:13:00.624+0000][gc,cpu      ] GC(6) User=0.11s Sys=0.00s Real=0.01s
[2026-01-28T11:13:30.821+0000][gc,start    ] GC(7) Pause Young (Normal) (G1 Evacuation Pause)
[2026-01-28T11:13:30.821+0000][gc,task     ] GC(7) Using 10 workers of 10 for evacuation
[2026-01-28T11:13:30.834+0000][gc,phases   ] GC(7)   Pre Evacuate Collection Set: 0.7ms
[2026-01-28T11:13:30.834+0000][gc,phases   ] GC(7)   Merge Heap Roots: 0.2ms
[2026-01-28T11:13:30.834+0000][gc,phases   ] GC(7)   Evacuate Collection Set: 10.7ms
[2026-01-28T11:13:30.834+0000][gc,phases   ] GC(7)   Post Evacuate Collection Set: 1.1ms
[2026-01-28T11:13:30.835+0000][gc,phases   ] GC(7)   Other: 0.2ms
[2026-01-28T11:13:30.835+0000][gc,heap     ] GC(7) Eden regions: 597->0(595)
[2026-01-28T11:13:30.835+0000][gc,heap     ] GC(7) Survivor regions: 17->19(77)
[2026-01-28T11:13:30.835+0000][gc,heap     ] GC(7) Old regions: 19->19
[2026-01-28T11:13:30.835+0000][gc,heap     ] GC(7) Humongous regions: 130->130
[2026-01-28T11:13:30.835+0000][gc,metaspace] GC(7) Metaspace: 14976K(15360K)->14976K(15360K) NonClass: 13175K(13376K)->13175K(13376K) Class: 1800K(1984K)->1800K(1984K)
[2026-01-28T11:13:30.835+0000][gc          ] GC(7) Pause Young (Normal) (G1 Evacuation Pause) 762M->167M(1024M) 13.998ms
[2026-01-28T11:13:30.835+0000][gc,cpu      ] GC(7) User=0.11s Sys=0.01s Real=0.01s
[2026-01-28T11:14:10.737+0000][gc,start    ] GC(8) Pause Young (Normal) (G1 Evacuation Pause)
[2026-01-28T11:14:10.738+0000][gc,task     ] GC(8) Using 10 workers of 10 for evacuation
[2026-01-28T11:14:10.750+0000][gc,phases   ] GC(8)   Pre Evacuate Collection Set: 1.2ms
[2026-01-28T11:14:10.751+0000][gc,phases   ] GC(8)   Merge Heap Roots: 0.5ms
[2026-01-28T11:14:10.751+0000][gc,phases   ] GC(8)   Evacuate Collection Set: 8.4ms
[2026-01-28T11:14:10.751+0000][gc,phases   ] GC(8)   Post Evacuate Collection Set: 2.0ms
[2026-01-28T11:14:10.751+0000][gc,phases   ] GC(8)   Other: 0.2ms
[2026-01-28T11:14:10.751+0000][gc,heap     ] GC(8) Eden regions: 595->0(600)
[2026-01-28T11:14:10.751+0000][gc,heap     ] GC(8) Survivor regions: 19->14(77)
[2026-01-28T11:14:10.751+0000][gc,heap     ] GC(8) Old regions: 19->19
[2026-01-28T11:14:10.751+0000][gc,heap     ] GC(8) Humongous regions: 130->130
[2026-01-28T11:14:10.751+0000][gc,metaspace] GC(8) Metaspace: 15110K(15488K)->15110K(15488K) NonClass: 13306K(13504K)->13306K(13504K) Class: 1803K(1984K)->1803K(1984K)
[2026-01-28T11:14:10.751+0000][gc          ] GC(8) Pause Young (Normal) (G1 Evacuation Pause) 762M->162M(1024M) 13.893ms
[2026-01-28T11:14:10.751+0000][gc,cpu      ] GC(8) User=0.11s Sys=0.01s Real=0.02s
[2026-01-28T11:14:50.573+0000][gc,start    ] GC(9) Pause Young (Normal) (G1 Evacuation Pause)
[2026-01-28T11:14:50.573+0000][gc,task     ] GC(9) Using 10 workers of 10 for evacuation
[2026-01-28T11:14:50.586+0000][gc,phases   ] GC(9)   Pre Evacuate Collection Set: 0.9ms
[2026-01-28T11:14:50.586+0000][gc,phases   ] GC(9)   Merge Heap Roots: 0.2ms
[2026-01-28T11:14:50.586+0000][gc,phases   ] GC(9)   Evacuate Collection Set: 10.4ms
[2026-01-28T11:14:50.586+0000][gc,phases   ] GC(9)   Post Evacuate Collection Set: 1.0ms
[2026-01-28T11:14:50.586+0000][gc,phases   ] GC(9)   Other: 0.2ms
[2026-01-28T11:14:50.586+0000][gc,heap     ] GC(9) Eden regions: 600->0(600)
[2026-01-28T11:14:50.586+0000][gc,heap     ] GC(9) Survivor regions: 14->14(77)
[2026-01-28T11:14:50.586+0000][gc,heap     ] GC(9) Old regions: 19->19
[2026-01-28T11:14:50.586+0000][gc,heap     ] GC(9) Humongous regions: 130->130
[2026-01-28T11:14:50.587+0000][gc,metaspace] GC(9) Metaspace: 15195K(15552K)->15195K(15552K) NonClass: 13391K(13568K)->13391K(13568K) Class: 1803K(1984K)->1803K(1984K)
[2026-01-28T11:14:50.587+0000][gc          ] GC(9) Pause Young (Normal) (G1 Evacuation Pause) 762M->162M(1024M) 13.741ms
[2026-01-28T11:14:50.587+0000][gc,cpu      ] GC(9) User=0.11s Sys=0.00s Real=0.01s
[2026-01-28T11:15:20.759+0000][gc,start    ] GC(10) Pause Young (Normal) (G1 Evacuation Pause)
[2026-01-28T11:15:20.760+0000][gc,task     ] GC(10) Using 10 workers of 10 for evacuation
[2026-01-28T11:15:20.770+0000][gc,phases   ] GC(10)   Pre Evacuate Collection Set: 0.7ms
[2026-01-28T11:15:20.770+0000][gc,phases   ] GC(10)   Merge Heap Roots: 0.2ms
[2026-01-28T11:15:20.770+0000][gc,phases   ] GC(10)   Evacuate Collection Set: 8.5ms
[2026-01-28T11:15:20.770+0000][gc,phases   ] GC(10)   Post Evacuate Collection Set: 0.9ms
[2026-01-28T11:15:20.770+0000][gc,phases   ] GC(10)   Other: 0.2ms
[2026-01-28T11:15:20.770+0000][gc,heap     ] GC(10) Eden regions: 600->0(596)
[2026-01-28T11:15:20.770+0000][gc,heap     ] GC(10) Survivor regions: 14->18(77)
[2026-01-28T11:15:20.770+0000][gc,heap     ] GC(10) Old regions: 19->19
[2026-01-28T11:15:20.770+0000][gc,heap     ] GC(10) Humongous regions: 130->130
[2026-01-28T11:15:20.770+0000][gc,metaspace] GC(10) Metaspace: 15236K(15616K)->15236K(15616K) NonClass: 13431K(13632K)->13431K(13632K) Class: 1805K(1984K)->1805K(1984K)
[2026-01-28T11:15:20.771+0000][gc          ] GC(10) Pause Young (Normal) (G1 Evacuation Pause) 762M->166M(1024M) 11.459ms
[2026-01-28T11:15:20.771+0000][gc,cpu      ] GC(10) User=0.09s Sys=0.00s Real=0.01s
[2026-01-28T11:16:00.626+0000][gc,start    ] GC(11) Pause Young (Normal) (G1 Evacuation Pause)
[2026-01-28T11:16:00.627+0000][gc,task     ] GC(11) Using 10 workers of 10 for evacuation
[2026-01-28T11:16:00.640+0000][gc,phases   ] GC(11)   Pre Evacuate Collection Set: 1.5ms
[2026-01-28T11:16:00.640+0000][gc,phases   ] GC(11)   Merge Heap Roots: 0.4ms
[2026-01-28T11:16:00.640+0000][gc,phases   ] GC(11)   Evacuate Collection Set: 9.7ms
[2026-01-28T11:16:00.640+0000][gc,phases   ] GC(11)   Post Evacuate Collection Set: 1.4ms
[2026-01-28T11:16:00.640+0000][gc,phases   ] GC(11)   Other: 0.2ms
[2026-01-28T11:16:00.640+0000][gc,heap     ] GC(11) Eden regions: 596->0(596)
[2026-01-28T11:16:00.640+0000][gc,heap     ] GC(11) Survivor regions: 18->18(77)
[2026-01-28T11:16:00.640+0000][gc,heap     ] GC(11) Old regions: 19->19
[2026-01-28T11:16:00.640+0000][gc,heap     ] GC(11) Humongous regions: 130->130
[2026-01-28T11:16:00.640+0000][gc,metaspace] GC(11) Metaspace: 15495K(15872K)->15495K(15872K) NonClass: 13646K(13824K)->13646K(13824K) Class: 1849K(2048K)->1849K(2048K)
[2026-01-28T11:16:00.640+0000][gc          ] GC(11) Pause Young (Normal) (G1 Evacuation Pause) 762M->166M(1024M) 14.674ms
[2026-01-28T11:16:00.640+0000][gc,cpu      ] GC(11) User=0.11s Sys=0.00s Real=0.02s
[2026-01-28T11:16:36.188+0000][gc,start    ] GC(12) Pause Young (Normal) (G1 Evacuation Pause)
[2026-01-28T11:16:36.188+0000][gc,task     ] GC(12) Using 10 workers of 10 for evacuation
[2026-01-28T11:16:36.202+0000][gc,phases   ] GC(12)   Pre Evacuate Collection Set: 1.1ms
[2026-01-28T11:16:36.202+0000][gc,phases   ] GC(12)   Merge Heap Roots: 0.3ms
[2026-01-28T11:16:36.202+0000][gc,phases   ] GC(12)   Evacuate Collection Set: 9.2ms
[2026-01-28T11:16:36.202+0000][gc,phases   ] GC(12)   Post Evacuate Collection Set: 2.3ms
[2026-01-28T11:16:36.202+0000][gc,phases   ] GC(12)   Other: 0.3ms
[2026-01-28T11:16:36.202+0000][gc,heap     ] GC(12) Eden regions: 596->0(597)
[2026-01-28T11:16:36.202+0000][gc,heap     ] GC(12) Survivor regions: 18->17(77)
[2026-01-28T11:16:36.202+0000][gc,heap     ] GC(12) Old regions: 19->19
[2026-01-28T11:16:36.202+0000][gc,heap     ] GC(12) Humongous regions: 130->130
[2026-01-28T11:16:36.202+0000][gc,metaspace] GC(12) Metaspace: 15539K(15936K)->15539K(15936K) NonClass: 13688K(13888K)->13688K(13888K) Class: 1851K(2048K)->1851K(2048K)
[2026-01-28T11:16:36.202+0000][gc          ] GC(12) Pause Young (Normal) (G1 Evacuation Pause) 762M->165M(1024M) 14.609ms
[2026-01-28T11:16:36.202+0000][gc,cpu      ] GC(12) User=0.09s Sys=0.00s Real=0.02s
[2026-01-28T11:17:10.727+0000][gc,start    ] GC(13) Pause Young (Normal) (G1 Evacuation Pause)
[2026-01-28T11:17:10.728+0000][gc,task     ] GC(13) Using 10 workers of 10 for evacuation
[2026-01-28T11:17:10.740+0000][gc,phases   ] GC(13)   Pre Evacuate Collection Set: 0.8ms
[2026-01-28T11:17:10.741+0000][gc,phases   ] GC(13)   Merge Heap Roots: 0.2ms
[2026-01-28T11:17:10.741+0000][gc,phases   ] GC(13)   Evacuate Collection Set: 10.7ms
[2026-01-28T11:17:10.741+0000][gc,phases   ] GC(13)   Post Evacuate Collection Set: 0.9ms
[2026-01-28T11:17:10.741+0000][gc,phases   ] GC(13)   Other: 0.2ms
[2026-01-28T11:17:10.741+0000][gc,heap     ] GC(13) Eden regions: 597->0(600)
[2026-01-28T11:17:10.741+0000][gc,heap     ] GC(13) Survivor regions: 17->14(77)
[2026-01-28T11:17:10.741+0000][gc,heap     ] GC(13) Old regions: 19->19
[2026-01-28T11:17:10.741+0000][gc,heap     ] GC(13) Humongous regions: 130->130
[2026-01-28T11:17:10.741+0000][gc,metaspace] GC(13) Metaspace: 15584K(16000K)->15584K(16000K) NonClass: 13733K(13952K)->13733K(13952K) Class: 1851K(2048K)->1851K(2048K)
[2026-01-28T11:17:10.741+0000][gc          ] GC(13) Pause Young (Normal) (G1 Evacuation Pause) 762M->162M(1024M) 14.414ms
[2026-01-28T11:17:10.741+0000][gc,cpu      ] GC(13) User=0.11s Sys=0.01s Real=0.02s
[2026-01-28T11:17:50.607+0000][gc,start    ] GC(14) Pause Young (Normal) (G1 Evacuation Pause)
[2026-01-28T11:17:50.608+0000][gc,task     ] GC(14) Using 10 workers of 10 for evacuation
[2026-01-28T11:17:50.618+0000][gc,phases   ] GC(14)   Pre Evacuate Collection Set: 0.8ms
[2026-01-28T11:17:50.618+0000][gc,phases   ] GC(14)   Merge Heap Roots: 0.2ms
[2026-01-28T11:17:50.618+0000][gc,phases   ] GC(14)   Evacuate Collection Set: 8.1ms
[2026-01-28T11:17:50.619+0000][gc,phases   ] GC(14)   Post Evacuate Collection Set: 1.2ms
[2026-01-28T11:17:50.619+0000][gc,phases   ] GC(14)   Other: 0.2ms
[2026-01-28T11:17:50.619+0000][gc,heap     ] GC(14) Eden regions: 600->0(601)
[2026-01-28T11:17:50.619+0000][gc,heap     ] GC(14) Survivor regions: 14->13(77)
[2026-01-28T11:17:50.619+0000][gc,heap     ] GC(14) Old regions: 19->19
[2026-01-28T11:17:50.619+0000][gc,heap     ] GC(14) Humongous regions: 130->130
[2026-01-28T11:17:50.619+0000][gc,metaspace] GC(14) Metaspace: 15657K(16064K)->15657K(16064K) NonClass: 13803K(14016K)->13803K(14016K) Class: 1854K(2048K)->1854K(2048K)
[2026-01-28T11:17:50.619+0000][gc          ] GC(14) Pause Young (Normal) (G1 Evacuation Pause) 762M->161M(1024M) 12.315ms
[2026-01-28T11:17:50.619+0000][gc,cpu      ] GC(14) User=0.09s Sys=0.00s Real=0.01s
[2026-01-28T11:18:20.802+0000][gc,start    ] GC(15) Pause Young (Normal) (G1 Evacuation Pause)
[2026-01-28T11:18:20.802+0000][gc,task     ] GC(15) Using 10 workers of 10 for evacuation
[2026-01-28T11:18:20.809+0000][gc,phases   ] GC(15)   Pre Evacuate Collection Set: 0.5ms
[2026-01-28T11:18:20.810+0000][gc,phases   ] GC(15)   Merge Heap Roots: 0.1ms
[2026-01-28T11:18:20.810+0000][gc,phases   ] GC(15)   Evacuate Collection Set: 5.3ms
[2026-01-28T11:18:20.810+0000][gc,phases   ] GC(15)   Post Evacuate Collection Set: 0.9ms
[2026-01-28T11:18:20.810+0000][gc,phases   ] GC(15)   Other: 0.1ms
[2026-01-28T11:18:20.810+0000][gc,heap     ] GC(15) Eden regions: 601->0(599)
[2026-01-28T11:18:20.810+0000][gc,heap     ] GC(15) Survivor regions: 13->15(77)
[2026-01-28T11:18:20.810+0000][gc,heap     ] GC(15) Old regions: 19->19
[2026-01-28T11:18:20.810+0000][gc,heap     ] GC(15) Humongous regions: 130->130
[2026-01-28T11:18:20.810+0000][gc,metaspace] GC(15) Metaspace: 15667K(16064K)->15667K(16064K) NonClass: 13812K(14016K)->13812K(14016K) Class: 1854K(2048K)->1854K(2048K)
[2026-01-28T11:18:20.810+0000][gc          ] GC(15) Pause Young (Normal) (G1 Evacuation Pause) 762M->162M(1024M) 8.141ms
[2026-01-28T11:18:20.810+0000][gc,cpu      ] GC(15) User=0.06s Sys=0.01s Real=0.01s
[2026-01-28T11:19:00.688+0000][gc,start    ] GC(16) Pause Young (Normal) (G1 Evacuation Pause)
[2026-01-28T11:19:00.689+0000][gc,task     ] GC(16) Using 10 workers of 10 for evacuation
[2026-01-28T11:19:00.703+0000][gc,phases   ] GC(16)   Pre Evacuate Collection Set: 1.8ms
[2026-01-28T11:19:00.703+0000][gc,phases   ] GC(16)   Merge Heap Roots: 0.6ms
[2026-01-28T11:19:00.703+0000][gc,phases   ] GC(16)   Evacuate Collection Set: 10.6ms
[2026-01-28T11:19:00.703+0000][gc,phases   ] GC(16)   Post Evacuate Collection Set: 0.8ms
[2026-01-28T11:19:00.703+0000][gc,phases   ] GC(16)   Other: 0.2ms
[2026-01-28T11:19:00.703+0000][gc,heap     ] GC(16) Eden regions: 599->0(598)
[2026-01-28T11:19:00.703+0000][gc,heap     ] GC(16) Survivor regions: 15->16(77)
[2026-01-28T11:19:00.703+0000][gc,heap     ] GC(16) Old regions: 19->19
[2026-01-28T11:19:00.703+0000][gc,heap     ] GC(16) Humongous regions: 130->130
[2026-01-28T11:19:00.703+0000][gc,metaspace] GC(16) Metaspace: 15709K(16064K)->15709K(16064K) NonClass: 13855K(14016K)->13855K(14016K) Class: 1854K(2048K)->1854K(2048K)
[2026-01-28T11:19:00.703+0000][gc          ] GC(16) Pause Young (Normal) (G1 Evacuation Pause) 761M->164M(1024M) 14.957ms
[2026-01-28T11:19:00.703+0000][gc,cpu      ] GC(16) User=0.12s Sys=0.00s Real=0.02s
[2026-01-28T11:19:40.583+0000][gc,start    ] GC(17) Pause Young (Normal) (G1 Evacuation Pause)
[2026-01-28T11:19:40.585+0000][gc,task     ] GC(17) Using 10 workers of 10 for evacuation
[2026-01-28T11:19:40.596+0000][gc,phases   ] GC(17)   Pre Evacuate Collection Set: 2.0ms
[2026-01-28T11:19:40.596+0000][gc,phases   ] GC(17)   Merge Heap Roots: 0.4ms
[2026-01-28T11:19:40.596+0000][gc,phases   ] GC(17)   Evacuate Collection Set: 7.8ms
[2026-01-28T11:19:40.596+0000][gc,phases   ] GC(17)   Post Evacuate Collection Set: 0.8ms
[2026-01-28T11:19:40.596+0000][gc,phases   ] GC(17)   Other: 0.2ms
[2026-01-28T11:19:40.596+0000][gc,heap     ] GC(17) Eden regions: 598->0(600)
[2026-01-28T11:19:40.596+0000][gc,heap     ] GC(17) Survivor regions: 16->14(77)
[2026-01-28T11:19:40.596+0000][gc,heap     ] GC(17) Old regions: 19->21
[2026-01-28T11:19:40.596+0000][gc,heap     ] GC(17) Humongous regions: 130->130
[2026-01-28T11:19:40.596+0000][gc,metaspace] GC(17) Metaspace: 15767K(16128K)->15767K(16128K) NonClass: 13913K(14080K)->13913K(14080K) Class: 1854K(2048K)->1854K(2048K)
[2026-01-28T11:19:40.596+0000][gc          ] GC(17) Pause Young (Normal) (G1 Evacuation Pause) 762M->163M(1024M) 13.348ms
[2026-01-28T11:19:40.597+0000][gc,cpu      ] GC(17) User=0.09s Sys=0.00s Real=0.01s
[2026-01-28T11:20:10.807+0000][gc,start    ] GC(18) Pause Young (Normal) (G1 Evacuation Pause)
[2026-01-28T11:20:10.808+0000][gc,task     ] GC(18) Using 10 workers of 10 for evacuation
[2026-01-28T11:20:10.819+0000][gc,phases   ] GC(18)   Pre Evacuate Collection Set: 0.7ms
[2026-01-28T11:20:10.819+0000][gc,phases   ] GC(18)   Merge Heap Roots: 0.1ms
[2026-01-28T11:20:10.819+0000][gc,phases   ] GC(18)   Evacuate Collection Set: 9.3ms
[2026-01-28T11:20:10.819+0000][gc,phases   ] GC(18)   Post Evacuate Collection Set: 0.8ms
[2026-01-28T11:20:10.819+0000][gc,phases   ] GC(18)   Other: 0.2ms
[2026-01-28T11:20:10.819+0000][gc,heap     ] GC(18) Eden regions: 600->0(603)
[2026-01-28T11:20:10.819+0000][gc,heap     ] GC(18) Survivor regions: 14->11(77)
[2026-01-28T11:20:10.819+0000][gc,heap     ] GC(18) Old regions: 21->27
[2026-01-28T11:20:10.819+0000][gc,heap     ] GC(18) Humongous regions: 130->130
[2026-01-28T11:20:10.819+0000][gc,metaspace] GC(18) Metaspace: 15778K(16128K)->15778K(16128K) NonClass: 13923K(14080K)->13923K(14080K) Class: 1854K(2048K)->1854K(2048K)
[2026-01-28T11:20:10.819+0000][gc          ] GC(18) Pause Young (Normal) (G1 Evacuation Pause) 763M->167M(1024M) 12.460ms
[2026-01-28T11:20:10.819+0000][gc,cpu      ] GC(18) User=0.08s Sys=0.01s Real=0.01s
[2026-01-28T11:20:50.747+0000][gc,start    ] GC(19) Pause Young (Normal) (G1 Evacuation Pause)
[2026-01-28T11:20:50.748+0000][gc,task     ] GC(19) Using 10 workers of 10 for evacuation
[2026-01-28T11:20:50.753+0000][gc,phases   ] GC(19)   Pre Evacuate Collection Set: 0.7ms
[2026-01-28T11:20:50.753+0000][gc,phases   ] GC(19)   Merge Heap Roots: 0.2ms
[2026-01-28T11:20:50.753+0000][gc,phases   ] GC(19)   Evacuate Collection Set: 3.3ms
[2026-01-28T11:20:50.753+0000][gc,phases   ] GC(19)   Post Evacuate Collection Set: 0.7ms
[2026-01-28T11:20:50.753+0000][gc,phases   ] GC(19)   Other: 0.2ms
[2026-01-28T11:20:50.753+0000][gc,heap     ] GC(19) Eden regions: 603->0(604)
[2026-01-28T11:20:50.754+0000][gc,heap     ] GC(19) Survivor regions: 11->10(77)
[2026-01-28T11:20:50.754+0000][gc,heap     ] GC(19) Old regions: 27->27
[2026-01-28T11:20:50.754+0000][gc,heap     ] GC(19) Humongous regions: 130->130
[2026-01-28T11:20:50.754+0000][gc,metaspace] GC(19) Metaspace: 15794K(16192K)->15794K(16192K) NonClass: 13938K(14144K)->13938K(14144K) Class: 1855K(2048K)->1855K(2048K)
[2026-01-28T11:20:50.754+0000][gc          ] GC(19) Pause Young (Normal) (G1 Evacuation Pause) 770M->166M(1024M) 6.575ms
[2026-01-28T11:20:50.754+0000][gc,cpu      ] GC(19) User=0.04s Sys=0.00s Real=0.01s
[2026-01-28T11:21:30.625+0000][gc,start    ] GC(20) Pause Young (Normal) (G1 Evacuation Pause)
[2026-01-28T11:21:30.626+0000][gc,task     ] GC(20) Using 10 workers of 10 for evacuation
[2026-01-28T11:21:30.633+0000][gc,phases   ] GC(20)   Pre Evacuate Collection Set: 1.5ms
[2026-01-28T11:21:30.634+0000][gc,phases   ] GC(20)   Merge Heap Roots: 0.5ms
[2026-01-28T11:21:30.634+0000][gc,phases   ] GC(20)   Evacuate Collection Set: 4.1ms
[2026-01-28T11:21:30.634+0000][gc,phases   ] GC(20)   Post Evacuate Collection Set: 0.8ms
[2026-01-28T11:21:30.634+0000][gc,phases   ] GC(20)   Other: 0.2ms
[2026-01-28T11:21:30.634+0000][gc,heap     ] GC(20) Eden regions: 604->0(609)
[2026-01-28T11:21:30.634+0000][gc,heap     ] GC(20) Survivor regions: 10->5(77)
[2026-01-28T11:21:30.634+0000][gc,heap     ] GC(20) Old regions: 27->28
[2026-01-28T11:21:30.634+0000][gc,heap     ] GC(20) Humongous regions: 130->130
[2026-01-28T11:21:30.634+0000][gc,metaspace] GC(20) Metaspace: 16053K(16512K)->16053K(16512K) NonClass: 14154K(14400K)->14154K(14400K) Class: 1899K(2112K)->1899K(2112K)
[2026-01-28T11:21:30.634+0000][gc          ] GC(20) Pause Young (Normal) (G1 Evacuation Pause) 770M->161M(1024M) 8.705ms
[2026-01-28T11:21:30.634+0000][gc,cpu      ] GC(20) User=0.05s Sys=0.01s Real=0.01s
[2026-01-28T11:22:00.867+0000][gc,start    ] GC(21) Pause Young (Normal) (G1 Evacuation Pause)
[2026-01-28T11:22:00.867+0000][gc,task     ] GC(21) Using 10 workers of 10 for evacuation
[2026-01-28T11:22:00.874+0000][gc,phases   ] GC(21)   Pre Evacuate Collection Set: 0.9ms
[2026-01-28T11:22:00.874+0000][gc,phases   ] GC(21)   Merge Heap Roots: 0.2ms
[2026-01-28T11:22:00.874+0000][gc,phases   ] GC(21)   Evacuate Collection Set: 3.8ms
[2026-01-28T11:22:00.874+0000][gc,phases   ] GC(21)   Post Evacuate Collection Set: 1.5ms
[2026-01-28T11:22:00.874+0000][gc,phases   ] GC(21)   Other: 0.3ms
[2026-01-28T11:22:00.875+0000][gc,heap     ] GC(21) Eden regions: 609->0(608)
[2026-01-28T11:22:00.875+0000][gc,heap     ] GC(21) Survivor regions: 5->6(77)
[2026-01-28T11:22:00.875+0000][gc,heap     ] GC(21) Old regions: 28->28
[2026-01-28T11:22:00.875+0000][gc,heap     ] GC(21) Humongous regions: 130->130
[2026-01-28T11:22:00.875+0000][gc,metaspace] GC(21) Metaspace: 16147K(16576K)->16147K(16576K) NonClass: 14239K(14464K)->14239K(14464K) Class: 1907K(2112K)->1907K(2112K)
[2026-01-28T11:22:00.875+0000][gc          ] GC(21) Pause Young (Normal) (G1 Evacuation Pause) 770M->162M(1024M) 8.116ms
[2026-01-28T11:22:00.875+0000][gc,cpu      ] GC(21) User=0.05s Sys=0.00s Real=0.01s
[2026-01-28T11:22:40.736+0000][gc,start    ] GC(22) Pause Young (Normal) (G1 Evacuation Pause)
[2026-01-28T11:22:40.737+0000][gc,task     ] GC(22) Using 10 workers of 10 for evacuation
[2026-01-28T11:22:40.743+0000][gc,phases   ] GC(22)   Pre Evacuate Collection Set: 0.7ms
[2026-01-28T11:22:40.743+0000][gc,phases   ] GC(22)   Merge Heap Roots: 0.8ms
[2026-01-28T11:22:40.743+0000][gc,phases   ] GC(22)   Evacuate Collection Set: 3.6ms
[2026-01-28T11:22:40.743+0000][gc,phases   ] GC(22)   Post Evacuate Collection Set: 0.7ms
[2026-01-28T11:22:40.743+0000][gc,phases   ] GC(22)   Other: 0.1ms
[2026-01-28T11:22:40.743+0000][gc,heap     ] GC(22) Eden regions: 608->0(606)
[2026-01-28T11:22:40.743+0000][gc,heap     ] GC(22) Survivor regions: 6->8(77)
[2026-01-28T11:22:40.743+0000][gc,heap     ] GC(22) Old regions: 28->28
[2026-01-28T11:22:40.743+0000][gc,heap     ] GC(22) Humongous regions: 130->130
[2026-01-28T11:22:40.743+0000][gc,metaspace] GC(22) Metaspace: 16152K(16576K)->16152K(16576K) NonClass: 14244K(14464K)->14244K(14464K) Class: 1907K(2112K)->1907K(2112K)
[2026-01-28T11:22:40.743+0000][gc          ] GC(22) Pause Young (Normal) (G1 Evacuation Pause) 770M->164M(1024M) 7.544ms
[2026-01-28T11:22:40.743+0000][gc,cpu      ] GC(22) User=0.04s Sys=0.00s Real=0.01s
[2026-01-28T11:23:20.666+0000][gc,start    ] GC(23) Pause Young (Normal) (G1 Evacuation Pause)
[2026-01-28T11:23:20.666+0000][gc,task     ] GC(23) Using 10 workers of 10 for evacuation
[2026-01-28T11:23:20.673+0000][gc,phases   ] GC(23)   Pre Evacuate Collection Set: 0.8ms
[2026-01-28T11:23:20.673+0000][gc,phases   ] GC(23)   Merge Heap Roots: 0.2ms
[2026-01-28T11:23:20.673+0000][gc,phases   ] GC(23)   Evacuate Collection Set: 4.4ms
[2026-01-28T11:23:20.673+0000][gc,phases   ] GC(23)   Post Evacuate Collection Set: 0.9ms
[2026-01-28T11:23:20.673+0000][gc,phases   ] GC(23)   Other: 0.2ms
[2026-01-28T11:23:20.673+0000][gc,heap     ] GC(23) Eden regions: 606->0(606)
[2026-01-28T11:23:20.673+0000][gc,heap     ] GC(23) Survivor regions: 8->8(77)
[2026-01-28T11:23:20.673+0000][gc,heap     ] GC(23) Old regions: 28->28
[2026-01-28T11:23:20.673+0000][gc,heap     ] GC(23) Humongous regions: 130->130
[2026-01-28T11:23:20.673+0000][gc,metaspace] GC(23) Metaspace: 16176K(16576K)->16176K(16576K) NonClass: 14268K(14464K)->14268K(14464K) Class: 1907K(2112K)->1907K(2112K)
[2026-01-28T11:23:20.673+0000][gc          ] GC(23) Pause Young (Normal) (G1 Evacuation Pause) 770M->164M(1024M) 7.655ms
[2026-01-28T11:23:20.673+0000][gc,cpu      ] GC(23) User=0.05s Sys=0.00s Real=0.01s
[2026-01-28T11:24:00.533+0000][gc,start    ] GC(24) Pause Young (Normal) (G1 Evacuation Pause)
[2026-01-28T11:24:00.533+0000][gc,task     ] GC(24) Using 10 workers of 10 for evacuation
[2026-01-28T11:24:00.550+0000][gc,phases   ] GC(24)   Pre Evacuate Collection Set: 1.2ms
[2026-01-28T11:24:00.550+0000][gc,phases   ] GC(24)   Merge Heap Roots: 0.2ms
[2026-01-28T11:24:00.551+0000][gc,phases   ] GC(24)   Evacuate Collection Set: 13.6ms
[2026-01-28T11:24:00.551+0000][gc,phases   ] GC(24)   Post Evacuate Collection Set: 2.1ms
[2026-01-28T11:24:00.551+0000][gc,phases   ] GC(24)   Other: 0.1ms
[2026-01-28T11:24:00.551+0000][gc,heap     ] GC(24) Eden regions: 606->0(607)
[2026-01-28T11:24:00.551+0000][gc,heap     ] GC(24) Survivor regions: 8->7(77)
[2026-01-28T11:24:00.551+0000][gc,heap     ] GC(24) Old regions: 28->28
[2026-01-28T11:24:00.551+0000][gc,heap     ] GC(24) Humongous regions: 130->130
[2026-01-28T11:24:00.551+0000][gc,metaspace] GC(24) Metaspace: 16254K(16640K)->16254K(16640K) NonClass: 14347K(14528K)->14347K(14528K) Class: 1907K(2112K)->1907K(2112K)
[2026-01-28T11:24:00.551+0000][gc          ] GC(24) Pause Young (Normal) (G1 Evacuation Pause) 770M->164M(1024M) 18.579ms
[2026-01-28T11:24:00.551+0000][gc,cpu      ] GC(24) User=0.15s Sys=0.00s Real=0.02s
[2026-01-28T11:24:30.732+0000][gc,start    ] GC(25) Pause Young (Normal) (G1 Evacuation Pause)
[2026-01-28T11:24:30.733+0000][gc,task     ] GC(25) Using 10 workers of 10 for evacuation
[2026-01-28T11:24:30.742+0000][gc,phases   ] GC(25)   Pre Evacuate Collection Set: 1.6ms
[2026-01-28T11:24:30.742+0000][gc,phases   ] GC(25)   Merge Heap Roots: 0.3ms
[2026-01-28T11:24:30.742+0000][gc,phases   ] GC(25)   Evacuate Collection Set: 5.4ms
[2026-01-28T11:24:30.742+0000][gc,phases   ] GC(25)   Post Evacuate Collection Set: 1.2ms
[2026-01-28T11:24:30.742+0000][gc,phases   ] GC(25)   Other: 0.2ms
[2026-01-28T11:24:30.742+0000][gc,heap     ] GC(25) Eden regions: 607->0(603)
[2026-01-28T11:24:30.742+0000][gc,heap     ] GC(25) Survivor regions: 7->11(77)
[2026-01-28T11:24:30.743+0000][gc,heap     ] GC(25) Old regions: 28->28
[2026-01-28T11:24:30.743+0000][gc,heap     ] GC(25) Humongous regions: 130->130
[2026-01-28T11:24:30.743+0000][gc,metaspace] GC(25) Metaspace: 16274K(16704K)->16274K(16704K) NonClass: 14366K(14592K)->14366K(14592K) Class: 1907K(2112K)->1907K(2112K)
[2026-01-28T11:24:30.743+0000][gc          ] GC(25) Pause Young (Normal) (G1 Evacuation Pause) 771M->168M(1024M) 10.365ms
[2026-01-28T11:24:30.743+0000][gc,cpu      ] GC(25) User=0.07s Sys=0.00s Real=0.01s
[2026-01-28T11:25:10.689+0000][gc,start    ] GC(26) Pause Young (Normal) (G1 Evacuation Pause)
[2026-01-28T11:25:10.689+0000][gc,task     ] GC(26) Using 10 workers of 10 for evacuation
[2026-01-28T11:25:10.696+0000][gc,phases   ] GC(26)   Pre Evacuate Collection Set: 0.7ms
[2026-01-28T11:25:10.696+0000][gc,phases   ] GC(26)   Merge Heap Roots: 0.2ms
[2026-01-28T11:25:10.696+0000][gc,phases   ] GC(26)   Evacuate Collection Set: 4.6ms
[2026-01-28T11:25:10.696+0000][gc,phases   ] GC(26)   Post Evacuate Collection Set: 0.8ms
[2026-01-28T11:25:10.696+0000][gc,phases   ] GC(26)   Other: 0.2ms
[2026-01-28T11:25:10.696+0000][gc,heap     ] GC(26) Eden regions: 603->0(604)
[2026-01-28T11:25:10.696+0000][gc,heap     ] GC(26) Survivor regions: 11->10(77)
[2026-01-28T11:25:10.696+0000][gc,heap     ] GC(26) Old regions: 28->28
[2026-01-28T11:25:10.696+0000][gc,heap     ] GC(26) Humongous regions: 130->130
[2026-01-28T11:25:10.696+0000][gc,metaspace] GC(26) Metaspace: 16312K(16704K)->16312K(16704K) NonClass: 14405K(14592K)->14405K(14592K) Class: 1907K(2112K)->1907K(2112K)
[2026-01-28T11:25:10.696+0000][gc          ] GC(26) Pause Young (Normal) (G1 Evacuation Pause) 771M->167M(1024M) 7.268ms
[2026-01-28T11:25:10.696+0000][gc,cpu      ] GC(26) User=0.05s Sys=0.00s Real=0.01s
[2026-01-28T11:25:50.543+0000][gc,start    ] GC(27) Pause Young (Normal) (G1 Evacuation Pause)
[2026-01-28T11:25:50.544+0000][gc,task     ] GC(27) Using 10 workers of 10 for evacuation
[2026-01-28T11:25:50.554+0000][gc,phases   ] GC(27)   Pre Evacuate Collection Set: 1.6ms
[2026-01-28T11:25:50.554+0000][gc,phases   ] GC(27)   Merge Heap Roots: 0.4ms
[2026-01-28T11:25:50.554+0000][gc,phases   ] GC(27)   Evacuate Collection Set: 6.1ms
[2026-01-28T11:25:50.554+0000][gc,phases   ] GC(27)   Post Evacuate Collection Set: 1.7ms
[2026-01-28T11:25:50.555+0000][gc,phases   ] GC(27)   Other: 0.4ms
[2026-01-28T11:25:50.555+0000][gc,heap     ] GC(27) Eden regions: 604->0(609)
[2026-01-28T11:25:50.555+0000][gc,heap     ] GC(27) Survivor regions: 10->5(77)
[2026-01-28T11:25:50.555+0000][gc,heap     ] GC(27) Old regions: 28->29
[2026-01-28T11:25:50.555+0000][gc,heap     ] GC(27) Humongous regions: 130->130
[2026-01-28T11:25:50.555+0000][gc,metaspace] GC(27) Metaspace: 16314K(16704K)->16314K(16704K) NonClass: 14406K(14592K)->14406K(14592K) Class: 1907K(2112K)->1907K(2112K)
[2026-01-28T11:25:50.555+0000][gc          ] GC(27) Pause Young (Normal) (G1 Evacuation Pause) 771M->162M(1024M) 12.031ms
[2026-01-28T11:25:50.555+0000][gc,cpu      ] GC(27) User=0.08s Sys=0.00s Real=0.01s
[2026-01-28T11:26:20.779+0000][gc,start    ] GC(28) Pause Young (Normal) (G1 Evacuation Pause)
[2026-01-28T11:26:20.780+0000][gc,task     ] GC(28) Using 10 workers of 10 for evacuation
[2026-01-28T11:26:20.789+0000][gc,phases   ] GC(28)   Pre Evacuate Collection Set: 1.4ms
[2026-01-28T11:26:20.789+0000][gc,phases   ] GC(28)   Merge Heap Roots: 0.6ms
[2026-01-28T11:26:20.789+0000][gc,phases   ] GC(28)   Evacuate Collection Set: 6.1ms
[2026-01-28T11:26:20.789+0000][gc,phases   ] GC(28)   Post Evacuate Collection Set: 0.7ms
[2026-01-28T11:26:20.789+0000][gc,phases   ] GC(28)   Other: 0.1ms
[2026-01-28T11:26:20.789+0000][gc,heap     ] GC(28) Eden regions: 609->0(606)
[2026-01-28T11:26:20.789+0000][gc,heap     ] GC(28) Survivor regions: 5->8(77)
[2026-01-28T11:26:20.789+0000][gc,heap     ] GC(28) Old regions: 29->29
[2026-01-28T11:26:20.789+0000][gc,heap     ] GC(28) Humongous regions: 130->130
[2026-01-28T11:26:20.789+0000][gc,metaspace] GC(28) Metaspace: 16323K(16704K)->16323K(16704K) NonClass: 14415K(14592K)->14415K(14592K) Class: 1907K(2112K)->1907K(2112K)
[2026-01-28T11:26:20.789+0000][gc          ] GC(28) Pause Young (Normal) (G1 Evacuation Pause) 771M->165M(1024M) 10.589ms
[2026-01-28T11:26:20.790+0000][gc,cpu      ] GC(28) User=0.07s Sys=0.01s Real=0.01s
[2026-01-28T11:27:00.659+0000][gc,start    ] GC(29) Pause Young (Normal) (G1 Evacuation Pause)
[2026-01-28T11:27:00.660+0000][gc,task     ] GC(29) Using 10 workers of 10 for evacuation
[2026-01-28T11:27:00.669+0000][gc,phases   ] GC(29)   Pre Evacuate Collection Set: 3.2ms
[2026-01-28T11:27:00.669+0000][gc,phases   ] GC(29)   Merge Heap Roots: 0.6ms
[2026-01-28T11:27:00.669+0000][gc,phases   ] GC(29)   Evacuate Collection Set: 4.6ms
[2026-01-28T11:27:00.669+0000][gc,phases   ] GC(29)   Post Evacuate Collection Set: 0.7ms
[2026-01-28T11:27:00.669+0000][gc,phases   ] GC(29)   Other: 0.5ms
[2026-01-28T11:27:00.670+0000][gc,heap     ] GC(29) Eden regions: 606->0(606)
[2026-01-28T11:27:00.670+0000][gc,heap     ] GC(29) Survivor regions: 8->8(77)
[2026-01-28T11:27:00.670+0000][gc,heap     ] GC(29) Old regions: 29->29
[2026-01-28T11:27:00.670+0000][gc,heap     ] GC(29) Humongous regions: 130->130
[2026-01-28T11:27:00.670+0000][gc,metaspace] GC(29) Metaspace: 16334K(16704K)->16334K(16704K) NonClass: 14426K(14592K)->14426K(14592K) Class: 1907K(2112K)->1907K(2112K)
[2026-01-28T11:27:00.670+0000][gc          ] GC(29) Pause Young (Normal) (G1 Evacuation Pause) 771M->165M(1024M) 10.570ms
[2026-01-28T11:27:00.670+0000][gc,cpu      ] GC(29) User=0.06s Sys=0.00s Real=0.01s
[2026-01-28T11:27:40.584+0000][gc,start    ] GC(30) Pause Young (Normal) (G1 Evacuation Pause)
[2026-01-28T11:27:40.585+0000][gc,task     ] GC(30) Using 10 workers of 10 for evacuation
[2026-01-28T11:27:40.593+0000][gc,phases   ] GC(30)   Pre Evacuate Collection Set: 1.2ms
[2026-01-28T11:27:40.593+0000][gc,phases   ] GC(30)   Merge Heap Roots: 0.2ms
[2026-01-28T11:27:40.593+0000][gc,phases   ] GC(30)   Evacuate Collection Set: 5.7ms
[2026-01-28T11:27:40.593+0000][gc,phases   ] GC(30)   Post Evacuate Collection Set: 0.8ms
[2026-01-28T11:27:40.593+0000][gc,phases   ] GC(30)   Other: 0.3ms
[2026-01-28T11:27:40.593+0000][gc,heap     ] GC(30) Eden regions: 606->0(606)
[2026-01-28T11:27:40.593+0000][gc,heap     ] GC(30) Survivor regions: 8->8(77)
[2026-01-28T11:27:40.593+0000][gc,heap     ] GC(30) Old regions: 29->29
[2026-01-28T11:27:40.593+0000][gc,heap     ] GC(30) Humongous regions: 130->130
[2026-01-28T11:27:40.593+0000][gc,metaspace] GC(30) Metaspace: 16350K(16704K)->16350K(16704K) NonClass: 14442K(14592K)->14442K(14592K) Class: 1907K(2112K)->1907K(2112K)
[2026-01-28T11:27:40.593+0000][gc          ] GC(30) Pause Young (Normal) (G1 Evacuation Pause) 771M->165M(1024M) 9.798ms
[2026-01-28T11:27:40.593+0000][gc,cpu      ] GC(30) User=0.06s Sys=0.00s Real=0.01s
[2026-01-28T11:28:10.796+0000][gc,start    ] GC(31) Pause Young (Normal) (G1 Evacuation Pause)
[2026-01-28T11:28:10.796+0000][gc,task     ] GC(31) Using 10 workers of 10 for evacuation
[2026-01-28T11:28:10.802+0000][gc,phases   ] GC(31)   Pre Evacuate Collection Set: 0.8ms
[2026-01-28T11:28:10.802+0000][gc,phases   ] GC(31)   Merge Heap Roots: 0.2ms
[2026-01-28T11:28:10.802+0000][gc,phases   ] GC(31)   Evacuate Collection Set: 3.8ms
[2026-01-28T11:28:10.802+0000][gc,phases   ] GC(31)   Post Evacuate Collection Set: 0.8ms
[2026-01-28T11:28:10.802+0000][gc,phases   ] GC(31)   Other: 0.2ms
[2026-01-28T11:28:10.802+0000][gc,heap     ] GC(31) Eden regions: 606->0(603)
[2026-01-28T11:28:10.802+0000][gc,heap     ] GC(31) Survivor regions: 8->11(77)
[2026-01-28T11:28:10.802+0000][gc,heap     ] GC(31) Old regions: 29->29
[2026-01-28T11:28:10.802+0000][gc,heap     ] GC(31) Humongous regions: 130->130
[2026-01-28T11:28:10.802+0000][gc,metaspace] GC(31) Metaspace: 16365K(16768K)->16365K(16768K) NonClass: 14456K(14656K)->14456K(14656K) Class: 1908K(2112K)->1908K(2112K)
[2026-01-28T11:28:10.802+0000][gc          ] GC(31) Pause Young (Normal) (G1 Evacuation Pause) 771M->169M(1024M) 6.435ms
[2026-01-28T11:28:10.802+0000][gc,cpu      ] GC(31) User=0.05s Sys=0.00s Real=0.00s
[2026-01-28T11:28:50.720+0000][gc,start    ] GC(32) Pause Young (Normal) (G1 Evacuation Pause)
[2026-01-28T11:28:50.721+0000][gc,task     ] GC(32) Using 10 workers of 10 for evacuation
[2026-01-28T11:28:50.736+0000][gc,phases   ] GC(32)   Pre Evacuate Collection Set: 0.9ms
[2026-01-28T11:28:50.736+0000][gc,phases   ] GC(32)   Merge Heap Roots: 0.2ms
[2026-01-28T11:28:50.736+0000][gc,phases   ] GC(32)   Evacuate Collection Set: 12.1ms
[2026-01-28T11:28:50.736+0000][gc,phases   ] GC(32)   Post Evacuate Collection Set: 0.9ms
[2026-01-28T11:28:50.736+0000][gc,phases   ] GC(32)   Other: 0.3ms
[2026-01-28T11:28:50.736+0000][gc,heap     ] GC(32) Eden regions: 603->0(603)
[2026-01-28T11:28:50.736+0000][gc,heap     ] GC(32) Survivor regions: 11->11(77)
[2026-01-28T11:28:50.736+0000][gc,heap     ] GC(32) Old regions: 29->29
[2026-01-28T11:28:50.736+0000][gc,heap     ] GC(32) Humongous regions: 130->130
[2026-01-28T11:28:50.736+0000][gc,metaspace] GC(32) Metaspace: 16369K(16768K)->16369K(16768K) NonClass: 14461K(14656K)->14461K(14656K) Class: 1908K(2112K)->1908K(2112K)
[2026-01-28T11:28:50.736+0000][gc          ] GC(32) Pause Young (Normal) (G1 Evacuation Pause) 772M->169M(1024M) 16.243ms
[2026-01-28T11:28:50.736+0000][gc,cpu      ] GC(32) User=0.13s Sys=0.00s Real=0.02s
[2026-01-28T11:29:30.613+0000][gc,start    ] GC(33) Pause Young (Normal) (G1 Evacuation Pause)
[2026-01-28T11:29:30.614+0000][gc,task     ] GC(33) Using 10 workers of 10 for evacuation
[2026-01-28T11:29:30.620+0000][gc,phases   ] GC(33)   Pre Evacuate Collection Set: 1.2ms
[2026-01-28T11:29:30.620+0000][gc,phases   ] GC(33)   Merge Heap Roots: 0.3ms
[2026-01-28T11:29:30.620+0000][gc,phases   ] GC(33)   Evacuate Collection Set: 3.0ms
[2026-01-28T11:29:30.620+0000][gc,phases   ] GC(33)   Post Evacuate Collection Set: 1.3ms
[2026-01-28T11:29:30.621+0000][gc,phases   ] GC(33)   Other: 0.2ms
[2026-01-28T11:29:30.621+0000][gc,heap     ] GC(33) Eden regions: 603->0(609)
[2026-01-28T11:29:30.621+0000][gc,heap     ] GC(33) Survivor regions: 11->5(77)
[2026-01-28T11:29:30.621+0000][gc,heap     ] GC(33) Old regions: 29->29
[2026-01-28T11:29:30.621+0000][gc,heap     ] GC(33) Humongous regions: 130->130
[2026-01-28T11:29:30.621+0000][gc,metaspace] GC(33) Metaspace: 16377K(16768K)->16377K(16768K) NonClass: 14469K(14656K)->14469K(14656K) Class: 1908K(2112K)->1908K(2112K)
[2026-01-28T11:29:30.621+0000][gc          ] GC(33) Pause Young (Normal) (G1 Evacuation Pause) 772M->163M(1024M) 7.709ms
[2026-01-28T11:29:30.621+0000][gc,cpu      ] GC(33) User=0.04s Sys=0.00s Real=0.01s
[2026-01-28T11:30:00.843+0000][gc,start    ] GC(34) Pause Young (Normal) (G1 Evacuation Pause)
[2026-01-28T11:30:00.844+0000][gc,task     ] GC(34) Using 10 workers of 10 for evacuation
[2026-01-28T11:30:00.850+0000][gc,phases   ] GC(34)   Pre Evacuate Collection Set: 0.9ms
[2026-01-28T11:30:00.850+0000][gc,phases   ] GC(34)   Merge Heap Roots: 0.3ms
[2026-01-28T11:30:00.850+0000][gc,phases   ] GC(34)   Evacuate Collection Set: 3.3ms
[2026-01-28T11:30:00.850+0000][gc,phases   ] GC(34)   Post Evacuate Collection Set: 0.9ms
[2026-01-28T11:30:00.850+0000][gc,phases   ] GC(34)   Other: 0.4ms
[2026-01-28T11:30:00.850+0000][gc,heap     ] GC(34) Eden regions: 609->0(606)
[2026-01-28T11:30:00.850+0000][gc,heap     ] GC(34) Survivor regions: 5->8(77)
[2026-01-28T11:30:00.850+0000][gc,heap     ] GC(34) Old regions: 29->29
[2026-01-28T11:30:00.850+0000][gc,heap     ] GC(34) Humongous regions: 130->130
[2026-01-28T11:30:00.851+0000][gc,metaspace] GC(34) Metaspace: 16382K(16768K)->16382K(16768K) NonClass: 14474K(14656K)->14474K(14656K) Class: 1908K(2112K)->1908K(2112K)
[2026-01-28T11:30:00.851+0000][gc          ] GC(34) Pause Young (Normal) (G1 Evacuation Pause) 772M->166M(1024M) 8.041ms
[2026-01-28T11:30:00.851+0000][gc,cpu      ] GC(34) User=0.04s Sys=0.01s Real=0.01s
[2026-01-28T11:30:40.695+0000][gc,start    ] GC(35) Pause Young (Normal) (G1 Evacuation Pause)
[2026-01-28T11:30:40.696+0000][gc,task     ] GC(35) Using 10 workers of 10 for evacuation
[2026-01-28T11:30:40.702+0000][gc,phases   ] GC(35)   Pre Evacuate Collection Set: 0.8ms
[2026-01-28T11:30:40.702+0000][gc,phases   ] GC(35)   Merge Heap Roots: 0.2ms
[2026-01-28T11:30:40.702+0000][gc,phases   ] GC(35)   Evacuate Collection Set: 3.9ms
[2026-01-28T11:30:40.702+0000][gc,phases   ] GC(35)   Post Evacuate Collection Set: 0.9ms
[2026-01-28T11:30:40.702+0000][gc,phases   ] GC(35)   Other: 0.3ms
[2026-01-28T11:30:40.702+0000][gc,heap     ] GC(35) Eden regions: 606->0(606)
[2026-01-28T11:30:40.702+0000][gc,heap     ] GC(35) Survivor regions: 8->8(77)
[2026-01-28T11:30:40.702+0000][gc,heap     ] GC(35) Old regions: 29->30
[2026-01-28T11:30:40.702+0000][gc,heap     ] GC(35) Humongous regions: 130->130
[2026-01-28T11:30:40.702+0000][gc,metaspace] GC(35) Metaspace: 16385K(16768K)->16385K(16768K) NonClass: 14477K(14656K)->14477K(14656K) Class: 1908K(2112K)->1908K(2112K)
[2026-01-28T11:30:40.702+0000][gc          ] GC(35) Pause Young (Normal) (G1 Evacuation Pause) 772M->166M(1024M) 7.852ms
[2026-01-28T11:30:40.702+0000][gc,cpu      ] GC(35) User=0.04s Sys=0.01s Real=0.01s
[2026-01-28T11:31:20.618+0000][gc,start    ] GC(36) Pause Young (Normal) (G1 Evacuation Pause)
[2026-01-28T11:31:20.619+0000][gc,task     ] GC(36) Using 10 workers of 10 for evacuation
[2026-01-28T11:31:20.626+0000][gc,phases   ] GC(36)   Pre Evacuate Collection Set: 0.8ms
[2026-01-28T11:31:20.626+0000][gc,phases   ] GC(36)   Merge Heap Roots: 0.2ms
[2026-01-28T11:31:20.626+0000][gc,phases   ] GC(36)   Evacuate Collection Set: 5.4ms
[2026-01-28T11:31:20.626+0000][gc,phases   ] GC(36)   Post Evacuate Collection Set: 0.9ms
[2026-01-28T11:31:20.627+0000][gc,phases   ] GC(36)   Other: 0.2ms
[2026-01-28T11:31:20.627+0000][gc,heap     ] GC(36) Eden regions: 606->0(606)
[2026-01-28T11:31:20.627+0000][gc,heap     ] GC(36) Survivor regions: 8->8(77)
[2026-01-28T11:31:20.627+0000][gc,heap     ] GC(36) Old regions: 30->30
[2026-01-28T11:31:20.627+0000][gc,heap     ] GC(36) Humongous regions: 130->130
[2026-01-28T11:31:20.627+0000][gc,metaspace] GC(36) Metaspace: 16386K(16768K)->16386K(16768K) NonClass: 14478K(14656K)->14478K(14656K) Class: 1908K(2112K)->1908K(2112K)
[2026-01-28T11:31:20.627+0000][gc          ] GC(36) Pause Young (Normal) (G1 Evacuation Pause) 772M->166M(1024M) 8.481ms
[2026-01-28T11:31:20.627+0000][gc,cpu      ] GC(36) User=0.06s Sys=0.00s Real=0.01s
[2026-01-28T11:31:50.884+0000][gc,start    ] GC(37) Pause Young (Normal) (G1 Evacuation Pause)
[2026-01-28T11:31:50.885+0000][gc,task     ] GC(37) Using 10 workers of 10 for evacuation
[2026-01-28T11:31:50.891+0000][gc,phases   ] GC(37)   Pre Evacuate Collection Set: 0.9ms
[2026-01-28T11:31:50.891+0000][gc,phases   ] GC(37)   Merge Heap Roots: 0.3ms
[2026-01-28T11:31:50.891+0000][gc,phases   ] GC(37)   Evacuate Collection Set: 4.4ms
[2026-01-28T11:31:50.892+0000][gc,phases   ] GC(37)   Post Evacuate Collection Set: 0.9ms
[2026-01-28T11:31:50.892+0000][gc,phases   ] GC(37)   Other: 0.2ms
[2026-01-28T11:31:50.892+0000][gc,heap     ] GC(37) Eden regions: 606->0(605)
[2026-01-28T11:31:50.892+0000][gc,heap     ] GC(37) Survivor regions: 8->9(77)
[2026-01-28T11:31:50.892+0000][gc,heap     ] GC(37) Old regions: 30->30
[2026-01-28T11:31:50.892+0000][gc,heap     ] GC(37) Humongous regions: 130->130
[2026-01-28T11:31:50.892+0000][gc,metaspace] GC(37) Metaspace: 16609K(17088K)->16609K(17088K) NonClass: 14666K(14912K)->14666K(14912K) Class: 1942K(2176K)->1942K(2176K)
[2026-01-28T11:31:50.892+0000][gc          ] GC(37) Pause Young (Normal) (G1 Evacuation Pause) 772M->168M(1024M) 7.652ms
[2026-01-28T11:31:50.892+0000][gc,cpu      ] GC(37) User=0.05s Sys=0.00s Real=0.01s
[2026-01-28T11:32:30.767+0000][gc,start    ] GC(38) Pause Young (Normal) (G1 Evacuation Pause)
[2026-01-28T11:32:30.768+0000][gc,task     ] GC(38) Using 10 workers of 10 for evacuation
[2026-01-28T11:32:30.779+0000][gc,phases   ] GC(38)   Pre Evacuate Collection Set: 1.7ms
[2026-01-28T11:32:30.779+0000][gc,phases   ] GC(38)   Merge Heap Roots: 0.5ms
[2026-01-28T11:32:30.779+0000][gc,phases   ] GC(38)   Evacuate Collection Set: 7.3ms
[2026-01-28T11:32:30.779+0000][gc,phases   ] GC(38)   Post Evacuate Collection Set: 1.0ms
[2026-01-28T11:32:30.779+0000][gc,phases   ] GC(38)   Other: 0.2ms
[2026-01-28T11:32:30.779+0000][gc,heap     ] GC(38) Eden regions: 605->0(604)
[2026-01-28T11:32:30.779+0000][gc,heap     ] GC(38) Survivor regions: 9->10(77)
[2026-01-28T11:32:30.779+0000][gc,heap     ] GC(38) Old regions: 30->30
[2026-01-28T11:32:30.779+0000][gc,heap     ] GC(38) Humongous regions: 130->130
[2026-01-28T11:32:30.779+0000][gc,metaspace] GC(38) Metaspace: 16624K(17088K)->16624K(17088K) NonClass: 14679K(14912K)->14679K(14912K) Class: 1944K(2176K)->1944K(2176K)
[2026-01-28T11:32:30.779+0000][gc          ] GC(38) Pause Young (Normal) (G1 Evacuation Pause) 773M->169M(1024M) 11.649ms
[2026-01-28T11:32:30.779+0000][gc,cpu      ] GC(38) User=0.09s Sys=0.00s Real=0.01s
[2026-01-28T11:33:10.609+0000][gc,start    ] GC(39) Pause Young (Normal) (G1 Evacuation Pause)
[2026-01-28T11:33:10.609+0000][gc,task     ] GC(39) Using 10 workers of 10 for evacuation
[2026-01-28T11:33:10.619+0000][gc,phases   ] GC(39)   Pre Evacuate Collection Set: 0.7ms
[2026-01-28T11:33:10.619+0000][gc,phases   ] GC(39)   Merge Heap Roots: 0.2ms
[2026-01-28T11:33:10.619+0000][gc,phases   ] GC(39)   Evacuate Collection Set: 7.2ms
[2026-01-28T11:33:10.619+0000][gc,phases   ] GC(39)   Post Evacuate Collection Set: 1.3ms
[2026-01-28T11:33:10.619+0000][gc,phases   ] GC(39)   Other: 0.2ms
[2026-01-28T11:33:10.619+0000][gc,heap     ] GC(39) Eden regions: 604->0(604)
[2026-01-28T11:33:10.619+0000][gc,heap     ] GC(39) Survivor regions: 10->10(77)
[2026-01-28T11:33:10.619+0000][gc,heap     ] GC(39) Old regions: 30->31
[2026-01-28T11:33:10.619+0000][gc,heap     ] GC(39) Humongous regions: 130->130
[2026-01-28T11:33:10.619+0000][gc,metaspace] GC(39) Metaspace: 16642K(17088K)->16642K(17088K) NonClass: 14698K(14912K)->14698K(14912K) Class: 1944K(2176K)->1944K(2176K)
[2026-01-28T11:33:10.620+0000][gc          ] GC(39) Pause Young (Normal) (G1 Evacuation Pause) 773M->169M(1024M) 10.560ms
[2026-01-28T11:33:10.620+0000][gc,cpu      ] GC(39) User=0.07s Sys=0.00s Real=0.01s
[2026-01-28T11:33:43.399+0000][gc,start    ] GC(40) Pause Young (Normal) (G1 Evacuation Pause)
[2026-01-28T11:33:43.399+0000][gc,task     ] GC(40) Using 10 workers of 10 for evacuation
[2026-01-28T11:33:43.419+0000][gc,phases   ] GC(40)   Pre Evacuate Collection Set: 2.0ms
[2026-01-28T11:33:43.420+0000][gc,phases   ] GC(40)   Merge Heap Roots: 0.4ms
[2026-01-28T11:33:43.420+0000][gc,phases   ] GC(40)   Evacuate Collection Set: 10.6ms
[2026-01-28T11:33:43.420+0000][gc,phases   ] GC(40)   Post Evacuate Collection Set: 6.2ms
[2026-01-28T11:33:43.420+0000][gc,phases   ] GC(40)   Other: 0.8ms
[2026-01-28T11:33:43.421+0000][gc,heap     ] GC(40) Eden regions: 604->0(609)
[2026-01-28T11:33:43.421+0000][gc,heap     ] GC(40) Survivor regions: 10->5(77)
[2026-01-28T11:33:43.421+0000][gc,heap     ] GC(40) Old regions: 31->31
[2026-01-28T11:33:43.421+0000][gc,heap     ] GC(40) Humongous regions: 130->130
[2026-01-28T11:33:43.422+0000][gc,metaspace] GC(40) Metaspace: 16643K(17088K)->16643K(17088K) NonClass: 14699K(14912K)->14699K(14912K) Class: 1944K(2176K)->1944K(2176K)
[2026-01-28T11:33:43.422+0000][gc          ] GC(40) Pause Young (Normal) (G1 Evacuation Pause) 773M->164M(1024M) 22.950ms
[2026-01-28T11:33:43.422+0000][gc,cpu      ] GC(40) User=0.13s Sys=0.01s Real=0.02s
[2026-01-28T11:34:20.777+0000][gc,start    ] GC(41) Pause Young (Normal) (G1 Evacuation Pause)
[2026-01-28T11:34:20.778+0000][gc,task     ] GC(41) Using 10 workers of 10 for evacuation
[2026-01-28T11:34:20.789+0000][gc,phases   ] GC(41)   Pre Evacuate Collection Set: 1.3ms
[2026-01-28T11:34:20.789+0000][gc,phases   ] GC(41)   Merge Heap Roots: 0.5ms
[2026-01-28T11:34:20.789+0000][gc,phases   ] GC(41)   Evacuate Collection Set: 8.1ms
[2026-01-28T11:34:20.789+0000][gc,phases   ] GC(41)   Post Evacuate Collection Set: 1.2ms
[2026-01-28T11:34:20.789+0000][gc,phases   ] GC(41)   Other: 0.4ms
[2026-01-28T11:34:20.789+0000][gc,heap     ] GC(41) Eden regions: 609->0(606)
[2026-01-28T11:34:20.789+0000][gc,heap     ] GC(41) Survivor regions: 5->8(77)
[2026-01-28T11:34:20.789+0000][gc,heap     ] GC(41) Old regions: 31->31
[2026-01-28T11:34:20.789+0000][gc,heap     ] GC(41) Humongous regions: 130->130
[2026-01-28T11:34:20.789+0000][gc,metaspace] GC(41) Metaspace: 16644K(17088K)->16644K(17088K) NonClass: 14699K(14912K)->14699K(14912K) Class: 1944K(2176K)->1944K(2176K)
[2026-01-28T11:34:20.790+0000][gc          ] GC(41) Pause Young (Normal) (G1 Evacuation Pause) 773M->167M(1024M) 13.012ms
[2026-01-28T11:34:20.790+0000][gc,cpu      ] GC(41) User=0.10s Sys=0.00s Real=0.02s
[2026-01-28T11:35:00.666+0000][gc,start    ] GC(42) Pause Young (Normal) (G1 Evacuation Pause)
[2026-01-28T11:35:00.666+0000][gc,task     ] GC(42) Using 10 workers of 10 for evacuation
[2026-01-28T11:35:00.674+0000][gc,phases   ] GC(42)   Pre Evacuate Collection Set: 0.8ms
[2026-01-28T11:35:00.674+0000][gc,phases   ] GC(42)   Merge Heap Roots: 0.2ms
[2026-01-28T11:35:00.674+0000][gc,phases   ] GC(42)   Evacuate Collection Set: 5.9ms
[2026-01-28T11:35:00.674+0000][gc,phases   ] GC(42)   Post Evacuate Collection Set: 0.8ms
[2026-01-28T11:35:00.674+0000][gc,phases   ] GC(42)   Other: 0.2ms
[2026-01-28T11:35:00.674+0000][gc,heap     ] GC(42) Eden regions: 606->0(606)
[2026-01-28T11:35:00.674+0000][gc,heap     ] GC(42) Survivor regions: 8->8(77)
[2026-01-28T11:35:00.674+0000][gc,heap     ] GC(42) Old regions: 31->31
[2026-01-28T11:35:00.674+0000][gc,heap     ] GC(42) Humongous regions: 130->130
[2026-01-28T11:35:00.674+0000][gc,metaspace] GC(42) Metaspace: 16644K(17088K)->16644K(17088K) NonClass: 14699K(14912K)->14699K(14912K) Class: 1944K(2176K)->1944K(2176K)
[2026-01-28T11:35:00.674+0000][gc          ] GC(42) Pause Young (Normal) (G1 Evacuation Pause) 773M->167M(1024M) 8.882ms
[2026-01-28T11:35:00.675+0000][gc,cpu      ] GC(42) User=0.07s Sys=0.00s Real=0.01s
[2026-01-28T11:35:40.559+0000][gc,start    ] GC(43) Pause Young (Normal) (G1 Evacuation Pause)
[2026-01-28T11:35:40.560+0000][gc,task     ] GC(43) Using 10 workers of 10 for evacuation
[2026-01-28T11:35:40.568+0000][gc,phases   ] GC(43)   Pre Evacuate Collection Set: 1.4ms
[2026-01-28T11:35:40.569+0000][gc,phases   ] GC(43)   Merge Heap Roots: 0.3ms
[2026-01-28T11:35:40.569+0000][gc,phases   ] GC(43)   Evacuate Collection Set: 5.1ms
[2026-01-28T11:35:40.569+0000][gc,phases   ] GC(43)   Post Evacuate Collection Set: 1.1ms
[2026-01-28T11:35:40.569+0000][gc,phases   ] GC(43)   Other: 0.3ms
[2026-01-28T11:35:40.569+0000][gc,heap     ] GC(43) Eden regions: 606->0(607)
[2026-01-28T11:35:40.569+0000][gc,heap     ] GC(43) Survivor regions: 8->7(77)
[2026-01-28T11:35:40.569+0000][gc,heap     ] GC(43) Old regions: 31->31
[2026-01-28T11:35:40.569+0000][gc,heap     ] GC(43) Humongous regions: 130->130
[2026-01-28T11:35:40.569+0000][gc,metaspace] GC(43) Metaspace: 16646K(17088K)->16646K(17088K) NonClass: 14701K(14912K)->14701K(14912K) Class: 1944K(2176K)->1944K(2176K)
[2026-01-28T11:35:40.569+0000][gc          ] GC(43) Pause Young (Normal) (G1 Evacuation Pause) 773M->167M(1024M) 10.263ms
[2026-01-28T11:35:40.569+0000][gc,cpu      ] GC(43) User=0.06s Sys=0.00s Real=0.01s
[2026-01-28T11:36:10.800+0000][gc,start    ] GC(44) Pause Young (Normal) (G1 Evacuation Pause)
[2026-01-28T11:36:10.800+0000][gc,task     ] GC(44) Using 10 workers of 10 for evacuation
[2026-01-28T11:36:10.809+0000][gc,phases   ] GC(44)   Pre Evacuate Collection Set: 0.8ms
[2026-01-28T11:36:10.810+0000][gc,phases   ] GC(44)   Merge Heap Roots: 0.2ms
[2026-01-28T11:36:10.810+0000][gc,phases   ] GC(44)   Evacuate Collection Set: 7.2ms
[2026-01-28T11:36:10.810+0000][gc,phases   ] GC(44)   Post Evacuate Collection Set: 0.8ms
[2026-01-28T11:36:10.810+0000][gc,phases   ] GC(44)   Other: 0.2ms
[2026-01-28T11:36:10.810+0000][gc,heap     ] GC(44) Eden regions: 607->0(603)
[2026-01-28T11:36:10.810+0000][gc,heap     ] GC(44) Survivor regions: 7->11(77)
[2026-01-28T11:36:10.810+0000][gc,heap     ] GC(44) Old regions: 31->32
[2026-01-28T11:36:10.810+0000][gc,heap     ] GC(44) Humongous regions: 130->130
[2026-01-28T11:36:10.810+0000][gc,metaspace] GC(44) Metaspace: 16654K(17088K)->16654K(17088K) NonClass: 14709K(14912K)->14709K(14912K) Class: 1944K(2176K)->1944K(2176K)
[2026-01-28T11:36:10.810+0000][gc          ] GC(44) Pause Young (Normal) (G1 Evacuation Pause) 774M->171M(1024M) 10.209ms
[2026-01-28T11:36:10.810+0000][gc,cpu      ] GC(44) User=0.08s Sys=0.00s Real=0.01s
[2026-01-28T11:36:20.793+0000][gc,start    ] GC(45) Pause Young (Concurrent Start) (CodeCache GC Threshold)
[2026-01-28T11:36:20.793+0000][gc,task     ] GC(45) Using 10 workers of 10 for evacuation
[2026-01-28T11:36:20.799+0000][gc,phases   ] GC(45)   Pre Evacuate Collection Set: 0.5ms
[2026-01-28T11:36:20.799+0000][gc,phases   ] GC(45)   Merge Heap Roots: 0.1ms
[2026-01-28T11:36:20.799+0000][gc,phases   ] GC(45)   Evacuate Collection Set: 4.8ms
[2026-01-28T11:36:20.799+0000][gc,phases   ] GC(45)   Post Evacuate Collection Set: 0.5ms
[2026-01-28T11:36:20.800+0000][gc,phases   ] GC(45)   Other: 0.1ms
[2026-01-28T11:36:20.800+0000][gc,heap     ] GC(45) Eden regions: 153->0(603)
[2026-01-28T11:36:20.800+0000][gc,heap     ] GC(45) Survivor regions: 11->11(77)
[2026-01-28T11:36:20.800+0000][gc,heap     ] GC(45) Old regions: 32->32
[2026-01-28T11:36:20.800+0000][gc,heap     ] GC(45) Humongous regions: 130->130
[2026-01-28T11:36:20.800+0000][gc,metaspace] GC(45) Metaspace: 16654K(17088K)->16654K(17088K) NonClass: 14709K(14912K)->14709K(14912K) Class: 1944K(2176K)->1944K(2176K)
[2026-01-28T11:36:20.800+0000][gc          ] GC(45) Pause Young (Concurrent Start) (CodeCache GC Threshold) 324M->171M(1024M) 6.875ms
[2026-01-28T11:36:20.800+0000][gc,cpu      ] GC(45) User=0.04s Sys=0.01s Real=0.00s
[2026-01-28T11:36:20.801+0000][gc          ] GC(46) Concurrent Mark Cycle
[2026-01-28T11:36:20.801+0000][gc,marking  ] GC(46) Concurrent Scan Root Regions
[2026-01-28T11:36:20.805+0000][gc,marking  ] GC(46) Concurrent Scan Root Regions 4.019ms
[2026-01-28T11:36:20.805+0000][gc,marking  ] GC(46) Concurrent Mark
[2026-01-28T11:36:20.805+0000][gc,marking  ] GC(46) Concurrent Mark From Roots
[2026-01-28T11:36:20.805+0000][gc,task     ] GC(46) Using 3 workers of 3 for marking
[2026-01-28T11:36:20.815+0000][gc,marking  ] GC(46) Concurrent Mark From Roots 10.431ms
[2026-01-28T11:36:20.815+0000][gc,marking  ] GC(46) Concurrent Preclean
[2026-01-28T11:36:20.816+0000][gc,marking  ] GC(46) Concurrent Preclean 0.338ms
[2026-01-28T11:36:20.816+0000][gc,start    ] GC(46) Pause Remark
[2026-01-28T11:36:20.838+0000][gc          ] GC(46) Pause Remark 178M->178M(1024M) 21.455ms
[2026-01-28T11:36:20.838+0000][gc,cpu      ] GC(46) User=0.12s Sys=0.02s Real=0.02s
[2026-01-28T11:36:20.838+0000][gc,marking  ] GC(46) Concurrent Mark 32.975ms
[2026-01-28T11:36:20.838+0000][gc,marking  ] GC(46) Concurrent Rebuild Remembered Sets and Scrub Regions
[2026-01-28T11:36:20.844+0000][gc,marking  ] GC(46) Concurrent Rebuild Remembered Sets and Scrub Regions 6.205ms
[2026-01-28T11:36:20.845+0000][gc,start    ] GC(46) Pause Cleanup
[2026-01-28T11:36:20.846+0000][gc          ] GC(46) Pause Cleanup 181M->181M(1024M) 0.175ms
[2026-01-28T11:36:20.846+0000][gc,cpu      ] GC(46) User=0.00s Sys=0.00s Real=0.00s
[2026-01-28T11:36:20.846+0000][gc,marking  ] GC(46) Concurrent Clear Claimed Marks
[2026-01-28T11:36:20.846+0000][gc,marking  ] GC(46) Concurrent Clear Claimed Marks 0.056ms
[2026-01-28T11:36:20.846+0000][gc,marking  ] GC(46) Concurrent Cleanup for Next Mark
[2026-01-28T11:36:20.848+0000][gc,marking  ] GC(46) Concurrent Cleanup for Next Mark 2.545ms
[2026-01-28T11:36:20.849+0000][gc          ] GC(46) Concurrent Mark Cycle 47.861ms
[2026-01-28T11:37:00.681+0000][gc,start    ] GC(47) Pause Young (Prepare Mixed) (G1 Evacuation Pause)
[2026-01-28T11:37:00.682+0000][gc,task     ] GC(47) Using 10 workers of 10 for evacuation
[2026-01-28T11:37:00.690+0000][gc,phases   ] GC(47)   Pre Evacuate Collection Set: 0.9ms
[2026-01-28T11:37:00.690+0000][gc,phases   ] GC(47)   Merge Heap Roots: 0.6ms
[2026-01-28T11:37:00.691+0000][gc,phases   ] GC(47)   Evacuate Collection Set: 5.7ms
[2026-01-28T11:37:00.691+0000][gc,phases   ] GC(47)   Post Evacuate Collection Set: 0.9ms
[2026-01-28T11:37:00.691+0000][gc,phases   ] GC(47)   Other: 0.2ms
[2026-01-28T11:37:00.691+0000][gc,heap     ] GC(47) Eden regions: 603->0(604)
[2026-01-28T11:37:00.691+0000][gc,heap     ] GC(47) Survivor regions: 11->10(77)
[2026-01-28T11:37:00.691+0000][gc,heap     ] GC(47) Old regions: 32->32
[2026-01-28T11:37:00.691+0000][gc,heap     ] GC(47) Humongous regions: 130->130
[2026-01-28T11:37:00.691+0000][gc,metaspace] GC(47) Metaspace: 16556K(17088K)->16556K(17088K) NonClass: 14639K(14912K)->14639K(14912K) Class: 1917K(2176K)->1917K(2176K)
[2026-01-28T11:37:00.691+0000][gc          ] GC(47) Pause Young (Prepare Mixed) (G1 Evacuation Pause) 774M->171M(1024M) 9.817ms
[2026-01-28T11:37:00.691+0000][gc,cpu      ] GC(47) User=0.06s Sys=0.01s Real=0.00s
[2026-01-28T11:37:22.976+0000][gc,start    ] GC(48) Pause Young (Mixed) (G1 Evacuation Pause)
[2026-01-28T11:37:22.976+0000][gc,task     ] GC(48) Using 10 workers of 10 for evacuation
[2026-01-28T11:37:22.988+0000][gc,phases   ] GC(48)   Pre Evacuate Collection Set: 0.8ms
[2026-01-28T11:37:22.988+0000][gc,phases   ] GC(48)   Merge Heap Roots: 0.3ms
[2026-01-28T11:37:22.988+0000][gc,phases   ] GC(48)   Evacuate Collection Set: 9.4ms
[2026-01-28T11:37:22.988+0000][gc,phases   ] GC(48)   Post Evacuate Collection Set: 0.8ms
[2026-01-28T11:37:22.988+0000][gc,phases   ] GC(48)   Other: 0.2ms
[2026-01-28T11:37:22.988+0000][gc,heap     ] GC(48) Eden regions: 604->0(603)
[2026-01-28T11:37:22.988+0000][gc,heap     ] GC(48) Survivor regions: 10->11(77)
[2026-01-28T11:37:22.988+0000][gc,heap     ] GC(48) Old regions: 32->30
[2026-01-28T11:37:22.988+0000][gc,heap     ] GC(48) Humongous regions: 130->130
[2026-01-28T11:37:22.988+0000][gc,metaspace] GC(48) Metaspace: 17053K(17472K)->17053K(17472K) NonClass: 15115K(15296K)->15115K(15296K) Class: 1937K(2176K)->1937K(2176K)
[2026-01-28T11:37:22.988+0000][gc          ] GC(48) Pause Young (Mixed) (G1 Evacuation Pause) 775M->170M(1024M) 12.348ms
[2026-01-28T11:37:22.988+0000][gc,cpu      ] GC(48) User=0.09s Sys=0.01s Real=0.01s
[2026-01-28T11:37:26.964+0000][gc,start    ] GC(49) Pause Young (Normal) (G1 Evacuation Pause)
[2026-01-28T11:37:26.964+0000][gc,task     ] GC(49) Using 10 workers of 10 for evacuation
[2026-01-28T11:37:26.975+0000][gc,phases   ] GC(49)   Pre Evacuate Collection Set: 0.7ms
[2026-01-28T11:37:26.975+0000][gc,phases   ] GC(49)   Merge Heap Roots: 0.2ms
[2026-01-28T11:37:26.975+0000][gc,phases   ] GC(49)   Evacuate Collection Set: 6.9ms
[2026-01-28T11:37:26.975+0000][gc,phases   ] GC(49)   Post Evacuate Collection Set: 2.3ms
[2026-01-28T11:37:26.975+0000][gc,phases   ] GC(49)   Other: 0.2ms
[2026-01-28T11:37:26.975+0000][gc,heap     ] GC(49) Eden regions: 603->0(599)
[2026-01-28T11:37:26.975+0000][gc,heap     ] GC(49) Survivor regions: 11->15(77)
[2026-01-28T11:37:26.975+0000][gc,heap     ] GC(49) Old regions: 30->30
[2026-01-28T11:37:26.975+0000][gc,heap     ] GC(49) Humongous regions: 130->130
[2026-01-28T11:37:26.975+0000][gc,metaspace] GC(49) Metaspace: 17094K(17536K)->17094K(17536K) NonClass: 15157K(15360K)->15157K(15360K) Class: 1937K(2176K)->1937K(2176K)
[2026-01-28T11:37:26.976+0000][gc          ] GC(49) Pause Young (Normal) (G1 Evacuation Pause) 773M->174M(1024M) 11.300ms
[2026-01-28T11:37:26.976+0000][gc,cpu      ] GC(49) User=0.08s Sys=0.00s Real=0.01s
[2026-01-28T11:37:29.959+0000][gc,start    ] GC(50) Pause Young (Normal) (G1 Evacuation Pause)
[2026-01-28T11:37:29.960+0000][gc,task     ] GC(50) Using 10 workers of 10 for evacuation
[2026-01-28T11:37:29.977+0000][gc,phases   ] GC(50)   Pre Evacuate Collection Set: 2.3ms
[2026-01-28T11:37:29.977+0000][gc,phases   ] GC(50)   Merge Heap Roots: 0.5ms
[2026-01-28T11:37:29.977+0000][gc,phases   ] GC(50)   Evacuate Collection Set: 13.1ms
[2026-01-28T11:37:29.977+0000][gc,phases   ] GC(50)   Post Evacuate Collection Set: 0.8ms
[2026-01-28T11:37:29.977+0000][gc,phases   ] GC(50)   Other: 0.3ms
[2026-01-28T11:37:29.977+0000][gc,heap     ] GC(50) Eden regions: 599->0(595)
[2026-01-28T11:37:29.977+0000][gc,heap     ] GC(50) Survivor regions: 15->19(77)
[2026-01-28T11:37:29.977+0000][gc,heap     ] GC(50) Old regions: 30->30
[2026-01-28T11:37:29.977+0000][gc,heap     ] GC(50) Humongous regions: 130->130
[2026-01-28T11:37:29.977+0000][gc,metaspace] GC(50) Metaspace: 17095K(17536K)->17095K(17536K) NonClass: 15157K(15360K)->15157K(15360K) Class: 1937K(2176K)->1937K(2176K)
[2026-01-28T11:37:29.977+0000][gc          ] GC(50) Pause Young (Normal) (G1 Evacuation Pause) 773M->177M(1024M) 18.320ms
[2026-01-28T11:37:29.977+0000][gc,cpu      ] GC(50) User=0.12s Sys=0.01s Real=0.02s
[2026-01-28T11:37:32.089+0000][gc,start    ] GC(51) Pause Young (Normal) (G1 Evacuation Pause)
[2026-01-28T11:37:32.089+0000][gc,task     ] GC(51) Using 10 workers of 10 for evacuation
[2026-01-28T11:37:32.099+0000][gc,phases   ] GC(51)   Pre Evacuate Collection Set: 2.9ms
[2026-01-28T11:37:32.099+0000][gc,phases   ] GC(51)   Merge Heap Roots: 0.3ms
[2026-01-28T11:37:32.099+0000][gc,phases   ] GC(51)   Evacuate Collection Set: 5.7ms
[2026-01-28T11:37:32.099+0000][gc,phases   ] GC(51)   Post Evacuate Collection Set: 0.8ms
[2026-01-28T11:37:32.099+0000][gc,phases   ] GC(51)   Other: 0.1ms
[2026-01-28T11:37:32.099+0000][gc,heap     ] GC(51) Eden regions: 595->0(599)
[2026-01-28T11:37:32.099+0000][gc,heap     ] GC(51) Survivor regions: 19->15(77)
[2026-01-28T11:37:32.099+0000][gc,heap     ] GC(51) Old regions: 30->30
[2026-01-28T11:37:32.100+0000][gc,heap     ] GC(51) Humongous regions: 130->130
[2026-01-28T11:37:32.100+0000][gc,metaspace] GC(51) Metaspace: 17104K(17536K)->17104K(17536K) NonClass: 15166K(15360K)->15166K(15360K) Class: 1937K(2176K)->1937K(2176K)
[2026-01-28T11:37:32.100+0000][gc          ] GC(51) Pause Young (Normal) (G1 Evacuation Pause) 772M->174M(1024M) 10.542ms
[2026-01-28T11:37:32.100+0000][gc,cpu      ] GC(51) User=0.06s Sys=0.00s Real=0.01s
[2026-01-28T11:37:34.137+0000][gc,start    ] GC(52) Pause Young (Normal) (G1 Evacuation Pause)
[2026-01-28T11:37:34.137+0000][gc,task     ] GC(52) Using 10 workers of 10 for evacuation
[2026-01-28T11:37:34.142+0000][gc,phases   ] GC(52)   Pre Evacuate Collection Set: 0.3ms
[2026-01-28T11:37:34.142+0000][gc,phases   ] GC(52)   Merge Heap Roots: 0.2ms
[2026-01-28T11:37:34.142+0000][gc,phases   ] GC(52)   Evacuate Collection Set: 3.9ms
[2026-01-28T11:37:34.142+0000][gc,phases   ] GC(52)   Post Evacuate Collection Set: 0.7ms
[2026-01-28T11:37:34.142+0000][gc,phases   ] GC(52)   Other: 0.2ms
[2026-01-28T11:37:34.142+0000][gc,heap     ] GC(52) Eden regions: 599->0(598)
[2026-01-28T11:37:34.142+0000][gc,heap     ] GC(52) Survivor regions: 15->16(77)
[2026-01-28T11:37:34.142+0000][gc,heap     ] GC(52) Old regions: 30->31
[2026-01-28T11:37:34.142+0000][gc,heap     ] GC(52) Humongous regions: 130->130
[2026-01-28T11:37:34.142+0000][gc,metaspace] GC(52) Metaspace: 17104K(17536K)->17104K(17536K) NonClass: 15166K(15360K)->15166K(15360K) Class: 1937K(2176K)->1937K(2176K)
[2026-01-28T11:37:34.142+0000][gc          ] GC(52) Pause Young (Normal) (G1 Evacuation Pause) 773M->175M(1024M) 5.786ms
[2026-01-28T11:37:34.142+0000][gc,cpu      ] GC(52) User=0.03s Sys=0.01s Real=0.01s
[2026-01-28T11:37:36.315+0000][gc,start    ] GC(53) Pause Young (Normal) (G1 Evacuation Pause)
[2026-01-28T11:37:36.315+0000][gc,task     ] GC(53) Using 10 workers of 10 for evacuation
[2026-01-28T11:37:36.323+0000][gc,phases   ] GC(53)   Pre Evacuate Collection Set: 0.5ms
[2026-01-28T11:37:36.323+0000][gc,phases   ] GC(53)   Merge Heap Roots: 0.7ms
[2026-01-28T11:37:36.323+0000][gc,phases   ] GC(53)   Evacuate Collection Set: 5.4ms
[2026-01-28T11:37:36.323+0000][gc,phases   ] GC(53)   Post Evacuate Collection Set: 0.7ms
[2026-01-28T11:37:36.323+0000][gc,phases   ] GC(53)   Other: 0.2ms
[2026-01-28T11:37:36.323+0000][gc,heap     ] GC(53) Eden regions: 598->0(595)
[2026-01-28T11:37:36.323+0000][gc,heap     ] GC(53) Survivor regions: 16->19(77)
[2026-01-28T11:37:36.323+0000][gc,heap     ] GC(53) Old regions: 31->31
[2026-01-28T11:37:36.323+0000][gc,heap     ] GC(53) Humongous regions: 130->130
[2026-01-28T11:37:36.323+0000][gc,metaspace] GC(53) Metaspace: 17105K(17536K)->17105K(17536K) NonClass: 15167K(15360K)->15167K(15360K) Class: 1937K(2176K)->1937K(2176K)
[2026-01-28T11:37:36.323+0000][gc          ] GC(53) Pause Young (Normal) (G1 Evacuation Pause) 773M->178M(1024M) 8.387ms
[2026-01-28T11:37:36.323+0000][gc,cpu      ] GC(53) User=0.05s Sys=0.01s Real=0.01s
[2026-01-28T11:37:38.676+0000][gc,start    ] GC(54) Pause Young (Normal) (G1 Evacuation Pause)
[2026-01-28T11:37:38.677+0000][gc,task     ] GC(54) Using 10 workers of 10 for evacuation
[2026-01-28T11:37:38.689+0000][gc,phases   ] GC(54)   Pre Evacuate Collection Set: 0.9ms
[2026-01-28T11:37:38.690+0000][gc,phases   ] GC(54)   Merge Heap Roots: 0.2ms
[2026-01-28T11:37:38.690+0000][gc,phases   ] GC(54)   Evacuate Collection Set: 10.5ms
[2026-01-28T11:37:38.690+0000][gc,phases   ] GC(54)   Post Evacuate Collection Set: 0.9ms
[2026-01-28T11:37:38.690+0000][gc,phases   ] GC(54)   Other: 0.1ms
[2026-01-28T11:37:38.690+0000][gc,heap     ] GC(54) Eden regions: 595->0(601)
[2026-01-28T11:37:38.690+0000][gc,heap     ] GC(54) Survivor regions: 19->13(77)
[2026-01-28T11:37:38.690+0000][gc,heap     ] GC(54) Old regions: 31->31
[2026-01-28T11:37:38.690+0000][gc,heap     ] GC(54) Humongous regions: 130->130
[2026-01-28T11:37:38.690+0000][gc,metaspace] GC(54) Metaspace: 17105K(17536K)->17105K(17536K) NonClass: 15167K(15360K)->15167K(15360K) Class: 1937K(2176K)->1937K(2176K)
[2026-01-28T11:37:38.690+0000][gc          ] GC(54) Pause Young (Normal) (G1 Evacuation Pause) 773M->173M(1024M) 13.441ms
[2026-01-28T11:37:38.690+0000][gc,cpu      ] GC(54) User=0.11s Sys=0.00s Real=0.01s
[2026-01-28T11:37:40.730+0000][gc,start    ] GC(55) Pause Young (Normal) (G1 Evacuation Pause)
[2026-01-28T11:37:40.731+0000][gc,task     ] GC(55) Using 10 workers of 10 for evacuation
[2026-01-28T11:37:40.743+0000][gc,phases   ] GC(55)   Pre Evacuate Collection Set: 0.4ms
[2026-01-28T11:37:40.743+0000][gc,phases   ] GC(55)   Merge Heap Roots: 0.2ms
[2026-01-28T11:37:40.743+0000][gc,phases   ] GC(55)   Evacuate Collection Set: 10.7ms
[2026-01-28T11:37:40.743+0000][gc,phases   ] GC(55)   Post Evacuate Collection Set: 0.8ms
[2026-01-28T11:37:40.743+0000][gc,phases   ] GC(55)   Other: 0.2ms
[2026-01-28T11:37:40.743+0000][gc,heap     ] GC(55) Eden regions: 601->0(594)
[2026-01-28T11:37:40.743+0000][gc,heap     ] GC(55) Survivor regions: 13->20(77)
[2026-01-28T11:37:40.743+0000][gc,heap     ] GC(55) Old regions: 31->32
[2026-01-28T11:37:40.743+0000][gc,heap     ] GC(55) Humongous regions: 130->130
[2026-01-28T11:37:40.743+0000][gc,metaspace] GC(55) Metaspace: 17105K(17536K)->17105K(17536K) NonClass: 15167K(15360K)->15167K(15360K) Class: 1937K(2176K)->1937K(2176K)
[2026-01-28T11:37:40.743+0000][gc          ] GC(55) Pause Young (Normal) (G1 Evacuation Pause) 774M->180M(1024M) 13.016ms
[2026-01-28T11:37:40.744+0000][gc,cpu      ] GC(55) User=0.09s Sys=0.01s Real=0.02s
[2026-01-28T11:37:42.760+0000][gc,start    ] GC(56) Pause Young (Normal) (G1 Evacuation Pause)
[2026-01-28T11:37:42.761+0000][gc,task     ] GC(56) Using 10 workers of 10 for evacuation
[2026-01-28T11:37:42.766+0000][gc,phases   ] GC(56)   Pre Evacuate Collection Set: 0.6ms
[2026-01-28T11:37:42.766+0000][gc,phases   ] GC(56)   Merge Heap Roots: 0.2ms
[2026-01-28T11:37:42.766+0000][gc,phases   ] GC(56)   Evacuate Collection Set: 4.1ms
[2026-01-28T11:37:42.766+0000][gc,phases   ] GC(56)   Post Evacuate Collection Set: 0.5ms
[2026-01-28T11:37:42.766+0000][gc,phases   ] GC(56)   Other: 0.2ms
[2026-01-28T11:37:42.766+0000][gc,heap     ] GC(56) Eden regions: 594->0(595)
[2026-01-28T11:37:42.766+0000][gc,heap     ] GC(56) Survivor regions: 20->19(77)
[2026-01-28T11:37:42.767+0000][gc,heap     ] GC(56) Old regions: 32->32
[2026-01-28T11:37:42.767+0000][gc,heap     ] GC(56) Humongous regions: 130->130
[2026-01-28T11:37:42.767+0000][gc,metaspace] GC(56) Metaspace: 17106K(17536K)->17106K(17536K) NonClass: 15169K(15360K)->15169K(15360K) Class: 1937K(2176K)->1937K(2176K)
[2026-01-28T11:37:42.767+0000][gc          ] GC(56) Pause Young (Normal) (G1 Evacuation Pause) 774M->179M(1024M) 6.411ms
[2026-01-28T11:37:42.767+0000][gc,cpu      ] GC(56) User=0.05s Sys=0.00s Real=0.01s
[2026-01-28T11:37:44.840+0000][gc,start    ] GC(57) Pause Young (Normal) (G1 Evacuation Pause)
[2026-01-28T11:37:44.841+0000][gc,task     ] GC(57) Using 10 workers of 10 for evacuation
[2026-01-28T11:37:44.844+0000][gc,phases   ] GC(57)   Pre Evacuate Collection Set: 0.3ms
[2026-01-28T11:37:44.845+0000][gc,phases   ] GC(57)   Merge Heap Roots: 0.2ms
[2026-01-28T11:37:44.845+0000][gc,phases   ] GC(57)   Evacuate Collection Set: 2.7ms
[2026-01-28T11:37:44.845+0000][gc,phases   ] GC(57)   Post Evacuate Collection Set: 0.4ms
[2026-01-28T11:37:44.845+0000][gc,phases   ] GC(57)   Other: 0.1ms
[2026-01-28T11:37:44.845+0000][gc,heap     ] GC(57) Eden regions: 595->0(599)
[2026-01-28T11:37:44.845+0000][gc,heap     ] GC(57) Survivor regions: 19->15(77)
[2026-01-28T11:37:44.845+0000][gc,heap     ] GC(57) Old regions: 32->32
[2026-01-28T11:37:44.845+0000][gc,heap     ] GC(57) Humongous regions: 130->130
[2026-01-28T11:37:44.845+0000][gc,metaspace] GC(57) Metaspace: 17106K(17536K)->17106K(17536K) NonClass: 15169K(15360K)->15169K(15360K) Class: 1937K(2176K)->1937K(2176K)
[2026-01-28T11:37:44.845+0000][gc          ] GC(57) Pause Young (Normal) (G1 Evacuation Pause) 774M->176M(1024M) 4.481ms
[2026-01-28T11:37:44.845+0000][gc,cpu      ] GC(57) User=0.03s Sys=0.00s Real=0.01s
[2026-01-28T11:37:47.525+0000][gc,start    ] GC(58) Pause Young (Normal) (G1 Evacuation Pause)
[2026-01-28T11:37:47.526+0000][gc,task     ] GC(58) Using 10 workers of 10 for evacuation
[2026-01-28T11:37:47.542+0000][gc,phases   ] GC(58)   Pre Evacuate Collection Set: 1.2ms
[2026-01-28T11:37:47.542+0000][gc,phases   ] GC(58)   Merge Heap Roots: 0.4ms
[2026-01-28T11:37:47.542+0000][gc,phases   ] GC(58)   Evacuate Collection Set: 13.1ms
[2026-01-28T11:37:47.542+0000][gc,phases   ] GC(58)   Post Evacuate Collection Set: 1.3ms
[2026-01-28T11:37:47.542+0000][gc,phases   ] GC(58)   Other: 0.2ms
[2026-01-28T11:37:47.542+0000][gc,heap     ] GC(58) Eden regions: 599->0(597)
[2026-01-28T11:37:47.542+0000][gc,heap     ] GC(58) Survivor regions: 15->17(77)
[2026-01-28T11:37:47.542+0000][gc,heap     ] GC(58) Old regions: 32->32
[2026-01-28T11:37:47.542+0000][gc,heap     ] GC(58) Humongous regions: 130->130
[2026-01-28T11:37:47.542+0000][gc,metaspace] GC(58) Metaspace: 17109K(17536K)->17109K(17536K) NonClass: 15171K(15360K)->15171K(15360K) Class: 1937K(2176K)->1937K(2176K)
[2026-01-28T11:37:47.542+0000][gc          ] GC(58) Pause Young (Normal) (G1 Evacuation Pause) 775M->178M(1024M) 17.051ms
[2026-01-28T11:37:47.542+0000][gc,cpu      ] GC(58) User=0.14s Sys=0.01s Real=0.02s
[2026-01-28T11:37:49.389+0000][gc,start    ] GC(59) Pause Young (Normal) (G1 Evacuation Pause)
[2026-01-28T11:37:49.390+0000][gc,task     ] GC(59) Using 10 workers of 10 for evacuation
[2026-01-28T11:37:49.395+0000][gc,phases   ] GC(59)   Pre Evacuate Collection Set: 0.4ms
[2026-01-28T11:37:49.395+0000][gc,phases   ] GC(59)   Merge Heap Roots: 0.1ms
[2026-01-28T11:37:49.395+0000][gc,phases   ] GC(59)   Evacuate Collection Set: 3.9ms
[2026-01-28T11:37:49.395+0000][gc,phases   ] GC(59)   Post Evacuate Collection Set: 0.7ms
[2026-01-28T11:37:49.395+0000][gc,phases   ] GC(59)   Other: 0.1ms
[2026-01-28T11:37:49.395+0000][gc,heap     ] GC(59) Eden regions: 597->0(595)
[2026-01-28T11:37:49.395+0000][gc,heap     ] GC(59) Survivor regions: 17->19(77)
[2026-01-28T11:37:49.395+0000][gc,heap     ] GC(59) Old regions: 32->33
[2026-01-28T11:37:49.395+0000][gc,heap     ] GC(59) Humongous regions: 130->130
[2026-01-28T11:37:49.395+0000][gc,metaspace] GC(59) Metaspace: 17114K(17536K)->17114K(17536K) NonClass: 15176K(15360K)->15176K(15360K) Class: 1937K(2176K)->1937K(2176K)
[2026-01-28T11:37:49.395+0000][gc          ] GC(59) Pause Young (Normal) (G1 Evacuation Pause) 775M->180M(1024M) 5.928ms
[2026-01-28T11:37:49.395+0000][gc,cpu      ] GC(59) User=0.03s Sys=0.00s Real=0.01s
[2026-01-28T11:37:50.917+0000][gc,start    ] GC(60) Pause Young (Normal) (G1 Evacuation Pause)
[2026-01-28T11:37:50.917+0000][gc,task     ] GC(60) Using 10 workers of 10 for evacuation
[2026-01-28T11:37:50.922+0000][gc,phases   ] GC(60)   Pre Evacuate Collection Set: 0.5ms
[2026-01-28T11:37:50.923+0000][gc,phases   ] GC(60)   Merge Heap Roots: 0.2ms
[2026-01-28T11:37:50.923+0000][gc,phases   ] GC(60)   Evacuate Collection Set: 4.1ms
[2026-01-28T11:37:50.923+0000][gc,phases   ] GC(60)   Post Evacuate Collection Set: 0.4ms
[2026-01-28T11:37:50.923+0000][gc,phases   ] GC(60)   Other: 0.1ms
[2026-01-28T11:37:50.923+0000][gc,heap     ] GC(60) Eden regions: 595->0(590)
[2026-01-28T11:37:50.923+0000][gc,heap     ] GC(60) Survivor regions: 19->24(77)
[2026-01-28T11:37:50.923+0000][gc,heap     ] GC(60) Old regions: 33->33
[2026-01-28T11:37:50.923+0000][gc,heap     ] GC(60) Humongous regions: 130->130
[2026-01-28T11:37:50.923+0000][gc,metaspace] GC(60) Metaspace: 17115K(17536K)->17115K(17536K) NonClass: 15178K(15360K)->15178K(15360K) Class: 1937K(2176K)->1937K(2176K)
[2026-01-28T11:37:50.923+0000][gc          ] GC(60) Pause Young (Normal) (G1 Evacuation Pause) 775M->185M(1024M) 5.901ms
[2026-01-28T11:37:50.923+0000][gc,cpu      ] GC(60) User=0.03s Sys=0.00s Real=0.01s
[2026-01-28T11:37:52.655+0000][gc,start    ] GC(61) Pause Young (Normal) (G1 Evacuation Pause)
[2026-01-28T11:37:52.656+0000][gc,task     ] GC(61) Using 10 workers of 10 for evacuation
[2026-01-28T11:37:52.663+0000][gc,phases   ] GC(61)   Pre Evacuate Collection Set: 1.9ms
[2026-01-28T11:37:52.663+0000][gc,phases   ] GC(61)   Merge Heap Roots: 0.3ms
[2026-01-28T11:37:52.663+0000][gc,phases   ] GC(61)   Evacuate Collection Set: 4.5ms
[2026-01-28T11:37:52.663+0000][gc,phases   ] GC(61)   Post Evacuate Collection Set: 0.5ms
[2026-01-28T11:37:52.663+0000][gc,phases   ] GC(61)   Other: 0.1ms
[2026-01-28T11:37:52.663+0000][gc,heap     ] GC(61) Eden regions: 590->0(594)
[2026-01-28T11:37:52.663+0000][gc,heap     ] GC(61) Survivor regions: 24->20(77)
[2026-01-28T11:37:52.663+0000][gc,heap     ] GC(61) Old regions: 33->33
[2026-01-28T11:37:52.663+0000][gc,heap     ] GC(61) Humongous regions: 130->130
[2026-01-28T11:37:52.663+0000][gc,metaspace] GC(61) Metaspace: 17117K(17536K)->17117K(17536K) NonClass: 15179K(15360K)->15179K(15360K) Class: 1937K(2176K)->1937K(2176K)
[2026-01-28T11:37:52.663+0000][gc          ] GC(61) Pause Young (Normal) (G1 Evacuation Pause) 775M->181M(1024M) 7.917ms
[2026-01-28T11:37:52.663+0000][gc,cpu      ] GC(61) User=0.05s Sys=0.00s Real=0.01s
[2026-01-28T11:37:54.255+0000][gc,start    ] GC(62) Pause Young (Normal) (G1 Evacuation Pause)
[2026-01-28T11:37:54.255+0000][gc,task     ] GC(62) Using 10 workers of 10 for evacuation
[2026-01-28T11:37:54.261+0000][gc,phases   ] GC(62)   Pre Evacuate Collection Set: 0.3ms
[2026-01-28T11:37:54.261+0000][gc,phases   ] GC(62)   Merge Heap Roots: 0.2ms
[2026-01-28T11:37:54.261+0000][gc,phases   ] GC(62)   Evacuate Collection Set: 4.1ms
[2026-01-28T11:37:54.261+0000][gc,phases   ] GC(62)   Post Evacuate Collection Set: 0.5ms
[2026-01-28T11:37:54.261+0000][gc,phases   ] GC(62)   Other: 0.1ms
[2026-01-28T11:37:54.261+0000][gc,heap     ] GC(62) Eden regions: 594->0(594)
[2026-01-28T11:37:54.261+0000][gc,heap     ] GC(62) Survivor regions: 20->20(77)
[2026-01-28T11:37:54.261+0000][gc,heap     ] GC(62) Old regions: 33->33
[2026-01-28T11:37:54.261+0000][gc,heap     ] GC(62) Humongous regions: 130->130
[2026-01-28T11:37:54.261+0000][gc,metaspace] GC(62) Metaspace: 17117K(17536K)->17117K(17536K) NonClass: 15180K(15360K)->15180K(15360K) Class: 1937K(2176K)->1937K(2176K)
[2026-01-28T11:37:54.261+0000][gc          ] GC(62) Pause Young (Normal) (G1 Evacuation Pause) 775M->182M(1024M) 5.938ms
[2026-01-28T11:37:54.261+0000][gc,cpu      ] GC(62) User=0.04s Sys=0.00s Real=0.00s
[2026-01-28T11:37:56.176+0000][gc,start    ] GC(63) Pause Young (Normal) (G1 Evacuation Pause)
[2026-01-28T11:37:56.177+0000][gc,task     ] GC(63) Using 10 workers of 10 for evacuation
[2026-01-28T11:37:56.184+0000][gc,phases   ] GC(63)   Pre Evacuate Collection Set: 0.3ms
[2026-01-28T11:37:56.184+0000][gc,phases   ] GC(63)   Merge Heap Roots: 0.1ms
[2026-01-28T11:37:56.184+0000][gc,phases   ] GC(63)   Evacuate Collection Set: 5.1ms
[2026-01-28T11:37:56.184+0000][gc,phases   ] GC(63)   Post Evacuate Collection Set: 0.8ms
[2026-01-28T11:37:56.184+0000][gc,phases   ] GC(63)   Other: 0.2ms
[2026-01-28T11:37:56.184+0000][gc,heap     ] GC(63) Eden regions: 594->0(598)
[2026-01-28T11:37:56.184+0000][gc,heap     ] GC(63) Survivor regions: 20->16(77)
[2026-01-28T11:37:56.184+0000][gc,heap     ] GC(63) Old regions: 33->35
[2026-01-28T11:37:56.184+0000][gc,heap     ] GC(63) Humongous regions: 130->130
[2026-01-28T11:37:56.184+0000][gc,metaspace] GC(63) Metaspace: 17119K(17536K)->17119K(17536K) NonClass: 15181K(15360K)->15181K(15360K) Class: 1938K(2176K)->1938K(2176K)
[2026-01-28T11:37:56.184+0000][gc          ] GC(63) Pause Young (Normal) (G1 Evacuation Pause) 776M->180M(1024M) 8.245ms
[2026-01-28T11:37:56.184+0000][gc,cpu      ] GC(63) User=0.04s Sys=0.01s Real=0.01s
[2026-01-28T11:37:57.830+0000][gc,start    ] GC(64) Pause Young (Normal) (G1 Evacuation Pause)
[2026-01-28T11:37:57.831+0000][gc,task     ] GC(64) Using 10 workers of 10 for evacuation
[2026-01-28T11:37:57.834+0000][gc,phases   ] GC(64)   Pre Evacuate Collection Set: 0.3ms
[2026-01-28T11:37:57.835+0000][gc,phases   ] GC(64)   Merge Heap Roots: 0.2ms
[2026-01-28T11:37:57.835+0000][gc,phases   ] GC(64)   Evacuate Collection Set: 2.8ms
[2026-01-28T11:37:57.835+0000][gc,phases   ] GC(64)   Post Evacuate Collection Set: 0.5ms
[2026-01-28T11:37:57.835+0000][gc,phases   ] GC(64)   Other: 0.1ms
[2026-01-28T11:37:57.835+0000][gc,heap     ] GC(64) Eden regions: 598->0(603)
[2026-01-28T11:37:57.835+0000][gc,heap     ] GC(64) Survivor regions: 16->11(77)
[2026-01-28T11:37:57.835+0000][gc,heap     ] GC(64) Old regions: 35->39
[2026-01-28T11:37:57.835+0000][gc,heap     ] GC(64) Humongous regions: 130->130
[2026-01-28T11:37:57.835+0000][gc,metaspace] GC(64) Metaspace: 17120K(17536K)->17120K(17536K) NonClass: 15182K(15360K)->15182K(15360K) Class: 1938K(2176K)->1938K(2176K)
[2026-01-28T11:37:57.835+0000][gc          ] GC(64) Pause Young (Normal) (G1 Evacuation Pause) 778M->178M(1024M) 4.584ms
[2026-01-28T11:37:57.835+0000][gc,cpu      ] GC(64) User=0.03s Sys=0.00s Real=0.01s
[2026-01-28T11:37:59.397+0000][gc,start    ] GC(65) Pause Young (Normal) (G1 Evacuation Pause)
[2026-01-28T11:37:59.397+0000][gc,task     ] GC(65) Using 10 workers of 10 for evacuation
[2026-01-28T11:37:59.401+0000][gc,phases   ] GC(65)   Pre Evacuate Collection Set: 0.3ms
[2026-01-28T11:37:59.401+0000][gc,phases   ] GC(65)   Merge Heap Roots: 0.2ms
[2026-01-28T11:37:59.401+0000][gc,phases   ] GC(65)   Evacuate Collection Set: 3.1ms
[2026-01-28T11:37:59.401+0000][gc,phases   ] GC(65)   Post Evacuate Collection Set: 0.5ms
[2026-01-28T11:37:59.401+0000][gc,phases   ] GC(65)   Other: 0.1ms
[2026-01-28T11:37:59.401+0000][gc,heap     ] GC(65) Eden regions: 603->0(605)
[2026-01-28T11:37:59.401+0000][gc,heap     ] GC(65) Survivor regions: 11->9(77)
[2026-01-28T11:37:59.401+0000][gc,heap     ] GC(65) Old regions: 39->40
[2026-01-28T11:37:59.401+0000][gc,heap     ] GC(65) Humongous regions: 130->130
[2026-01-28T11:37:59.402+0000][gc,metaspace] GC(65) Metaspace: 17120K(17536K)->17120K(17536K) NonClass: 15182K(15360K)->15182K(15360K) Class: 1938K(2176K)->1938K(2176K)
[2026-01-28T11:37:59.402+0000][gc          ] GC(65) Pause Young (Normal) (G1 Evacuation Pause) 781M->178M(1024M) 4.886ms
[2026-01-28T11:37:59.402+0000][gc,cpu      ] GC(65) User=0.02s Sys=0.01s Real=0.01s
[2026-01-28T11:38:00.782+0000][gc,start    ] GC(66) Pause Young (Normal) (G1 Evacuation Pause)
[2026-01-28T11:38:00.782+0000][gc,task     ] GC(66) Using 10 workers of 10 for evacuation
[2026-01-28T11:38:00.795+0000][gc,phases   ] GC(66)   Pre Evacuate Collection Set: 1.4ms
[2026-01-28T11:38:00.795+0000][gc,phases   ] GC(66)   Merge Heap Roots: 0.7ms
[2026-01-28T11:38:00.795+0000][gc,phases   ] GC(66)   Evacuate Collection Set: 9.5ms
[2026-01-28T11:38:00.795+0000][gc,phases   ] GC(66)   Post Evacuate Collection Set: 1.3ms
[2026-01-28T11:38:00.795+0000][gc,phases   ] GC(66)   Other: 0.2ms
[2026-01-28T11:38:00.795+0000][gc,heap     ] GC(66) Eden regions: 605->0(601)
[2026-01-28T11:38:00.795+0000][gc,heap     ] GC(66) Survivor regions: 9->13(77)
[2026-01-28T11:38:00.796+0000][gc,heap     ] GC(66) Old regions: 40->41
[2026-01-28T11:38:00.796+0000][gc,heap     ] GC(66) Humongous regions: 130->130
[2026-01-28T11:38:00.796+0000][gc,metaspace] GC(66) Metaspace: 17121K(17536K)->17121K(17536K) NonClass: 15183K(15360K)->15183K(15360K) Class: 1938K(2176K)->1938K(2176K)
[2026-01-28T11:38:00.796+0000][gc          ] GC(66) Pause Young (Normal) (G1 Evacuation Pause) 783M->183M(1024M) 14.060ms
[2026-01-28T11:38:00.796+0000][gc,cpu      ] GC(66) User=0.11s Sys=0.00s Real=0.01s
[2026-01-28T11:38:02.465+0000][gc,start    ] GC(67) Pause Young (Normal) (G1 Evacuation Pause)
[2026-01-28T11:38:02.465+0000][gc,task     ] GC(67) Using 10 workers of 10 for evacuation
[2026-01-28T11:38:02.468+0000][gc,phases   ] GC(67)   Pre Evacuate Collection Set: 0.3ms
[2026-01-28T11:38:02.469+0000][gc,phases   ] GC(67)   Merge Heap Roots: 0.1ms
[2026-01-28T11:38:02.469+0000][gc,phases   ] GC(67)   Evacuate Collection Set: 2.2ms
[2026-01-28T11:38:02.469+0000][gc,phases   ] GC(67)   Post Evacuate Collection Set: 0.4ms
[2026-01-28T11:38:02.469+0000][gc,phases   ] GC(67)   Other: 0.2ms
[2026-01-28T11:38:02.469+0000][gc,heap     ] GC(67) Eden regions: 601->0(605)
[2026-01-28T11:38:02.469+0000][gc,heap     ] GC(67) Survivor regions: 13->9(77)
[2026-01-28T11:38:02.469+0000][gc,heap     ] GC(67) Old regions: 41->42
[2026-01-28T11:38:02.469+0000][gc,heap     ] GC(67) Humongous regions: 130->130
[2026-01-28T11:38:02.469+0000][gc,metaspace] GC(67) Metaspace: 17121K(17536K)->17121K(17536K) NonClass: 15183K(15360K)->15183K(15360K) Class: 1938K(2176K)->1938K(2176K)
[2026-01-28T11:38:02.469+0000][gc          ] GC(67) Pause Young (Normal) (G1 Evacuation Pause) 784M->179M(1024M) 3.750ms
[2026-01-28T11:38:02.469+0000][gc,cpu      ] GC(67) User=0.02s Sys=0.00s Real=0.00s
[2026-01-28T11:38:04.067+0000][gc,start    ] GC(68) Pause Young (Normal) (G1 Evacuation Pause)
[2026-01-28T11:38:04.067+0000][gc,task     ] GC(68) Using 10 workers of 10 for evacuation
[2026-01-28T11:38:04.071+0000][gc,phases   ] GC(68)   Pre Evacuate Collection Set: 0.3ms
[2026-01-28T11:38:04.071+0000][gc,phases   ] GC(68)   Merge Heap Roots: 0.2ms
[2026-01-28T11:38:04.071+0000][gc,phases   ] GC(68)   Evacuate Collection Set: 3.1ms
[2026-01-28T11:38:04.071+0000][gc,phases   ] GC(68)   Post Evacuate Collection Set: 0.4ms
[2026-01-28T11:38:04.071+0000][gc,phases   ] GC(68)   Other: 0.1ms
[2026-01-28T11:38:04.071+0000][gc,heap     ] GC(68) Eden regions: 605->0(606)
[2026-01-28T11:38:04.071+0000][gc,heap     ] GC(68) Survivor regions: 9->8(77)
[2026-01-28T11:38:04.071+0000][gc,heap     ] GC(68) Old regions: 42->42
[2026-01-28T11:38:04.071+0000][gc,heap     ] GC(68) Humongous regions: 130->130
[2026-01-28T11:38:04.072+0000][gc,metaspace] GC(68) Metaspace: 17125K(17536K)->17125K(17536K) NonClass: 15187K(15360K)->15187K(15360K) Class: 1938K(2176K)->1938K(2176K)
[2026-01-28T11:38:04.072+0000][gc          ] GC(68) Pause Young (Normal) (G1 Evacuation Pause) 784M->179M(1024M) 4.897ms
[2026-01-28T11:38:04.072+0000][gc,cpu      ] GC(68) User=0.02s Sys=0.00s Real=0.01s
[2026-01-28T11:38:06.268+0000][gc,start    ] GC(69) Pause Young (Normal) (G1 Evacuation Pause)
[2026-01-28T11:38:06.269+0000][gc,task     ] GC(69) Using 10 workers of 10 for evacuation
[2026-01-28T11:38:06.283+0000][gc,phases   ] GC(69)   Pre Evacuate Collection Set: 3.1ms
[2026-01-28T11:38:06.283+0000][gc,phases   ] GC(69)   Merge Heap Roots: 1.0ms
[2026-01-28T11:38:06.283+0000][gc,phases   ] GC(69)   Evacuate Collection Set: 8.7ms
[2026-01-28T11:38:06.283+0000][gc,phases   ] GC(69)   Post Evacuate Collection Set: 0.9ms
[2026-01-28T11:38:06.283+0000][gc,phases   ] GC(69)   Other: 0.2ms
[2026-01-28T11:38:06.283+0000][gc,heap     ] GC(69) Eden regions: 606->0(604)
[2026-01-28T11:38:06.283+0000][gc,heap     ] GC(69) Survivor regions: 8->10(77)
[2026-01-28T11:38:06.283+0000][gc,heap     ] GC(69) Old regions: 42->43
[2026-01-28T11:38:06.283+0000][gc,heap     ] GC(69) Humongous regions: 130->130
[2026-01-28T11:38:06.283+0000][gc,metaspace] GC(69) Metaspace: 17125K(17536K)->17125K(17536K) NonClass: 15187K(15360K)->15187K(15360K) Class: 1938K(2176K)->1938K(2176K)
[2026-01-28T11:38:06.283+0000][gc          ] GC(69) Pause Young (Normal) (G1 Evacuation Pause) 785M->182M(1024M) 14.896ms
[2026-01-28T11:38:06.283+0000][gc,cpu      ] GC(69) User=0.11s Sys=0.00s Real=0.02s
[2026-01-28T11:38:08.451+0000][gc,start    ] GC(70) Pause Young (Normal) (G1 Evacuation Pause)
[2026-01-28T11:38:08.452+0000][gc,task     ] GC(70) Using 10 workers of 10 for evacuation
[2026-01-28T11:38:08.456+0000][gc,phases   ] GC(70)   Pre Evacuate Collection Set: 0.3ms
[2026-01-28T11:38:08.456+0000][gc,phases   ] GC(70)   Merge Heap Roots: 0.2ms
[2026-01-28T11:38:08.456+0000][gc,phases   ] GC(70)   Evacuate Collection Set: 2.9ms
[2026-01-28T11:38:08.456+0000][gc,phases   ] GC(70)   Post Evacuate Collection Set: 0.6ms
[2026-01-28T11:38:08.456+0000][gc,phases   ] GC(70)   Other: 0.1ms
[2026-01-28T11:38:08.456+0000][gc,heap     ] GC(70) Eden regions: 604->0(609)
[2026-01-28T11:38:08.456+0000][gc,heap     ] GC(70) Survivor regions: 10->5(77)
[2026-01-28T11:38:08.456+0000][gc,heap     ] GC(70) Old regions: 43->43
[2026-01-28T11:38:08.456+0000][gc,heap     ] GC(70) Humongous regions: 130->130
[2026-01-28T11:38:08.456+0000][gc,metaspace] GC(70) Metaspace: 17125K(17536K)->17125K(17536K) NonClass: 15187K(15360K)->15187K(15360K) Class: 1938K(2176K)->1938K(2176K)
[2026-01-28T11:38:08.456+0000][gc          ] GC(70) Pause Young (Normal) (G1 Evacuation Pause) 786M->176M(1024M) 5.075ms
[2026-01-28T11:38:08.456+0000][gc,cpu      ] GC(70) User=0.03s Sys=0.00s Real=0.01s
[2026-01-28T11:38:10.783+0000][gc,start    ] GC(71) Pause Young (Normal) (G1 Evacuation Pause)
[2026-01-28T11:38:10.783+0000][gc,task     ] GC(71) Using 10 workers of 10 for evacuation
[2026-01-28T11:38:10.797+0000][gc,phases   ] GC(71)   Pre Evacuate Collection Set: 1.0ms
[2026-01-28T11:38:10.804+0000][gc,phases   ] GC(71)   Merge Heap Roots: 0.3ms
[2026-01-28T11:38:10.804+0000][gc,phases   ] GC(71)   Evacuate Collection Set: 9.8ms
[2026-01-28T11:38:10.804+0000][gc,phases   ] GC(71)   Post Evacuate Collection Set: 2.2ms
[2026-01-28T11:38:10.805+0000][gc,phases   ] GC(71)   Other: 0.2ms
[2026-01-28T11:38:10.805+0000][gc,heap     ] GC(71) Eden regions: 609->0(608)
[2026-01-28T11:38:10.805+0000][gc,heap     ] GC(71) Survivor regions: 5->6(77)
[2026-01-28T11:38:10.805+0000][gc,heap     ] GC(71) Old regions: 43->44
[2026-01-28T11:38:10.805+0000][gc,heap     ] GC(71) Humongous regions: 130->130
[2026-01-28T11:38:10.805+0000][gc,metaspace] GC(71) Metaspace: 17126K(17536K)->17126K(17536K) NonClass: 15188K(15360K)->15188K(15360K) Class: 1938K(2176K)->1938K(2176K)
[2026-01-28T11:38:10.805+0000][gc          ] GC(71) Pause Young (Normal) (G1 Evacuation Pause) 785M->179M(1024M) 22.113ms
[2026-01-28T11:38:10.805+0000][gc,cpu      ] GC(71) User=0.11s Sys=0.01s Real=0.02s
[2026-01-28T11:38:13.221+0000][gc,start    ] GC(72) Pause Young (Normal) (G1 Evacuation Pause)
[2026-01-28T11:38:13.222+0000][gc,task     ] GC(72) Using 10 workers of 10 for evacuation
[2026-01-28T11:38:13.227+0000][gc,phases   ] GC(72)   Pre Evacuate Collection Set: 0.4ms
[2026-01-28T11:38:13.227+0000][gc,phases   ] GC(72)   Merge Heap Roots: 0.2ms
[2026-01-28T11:38:13.227+0000][gc,phases   ] GC(72)   Evacuate Collection Set: 3.7ms
[2026-01-28T11:38:13.227+0000][gc,phases   ] GC(72)   Post Evacuate Collection Set: 0.8ms
[2026-01-28T11:38:13.227+0000][gc,phases   ] GC(72)   Other: 0.2ms
[2026-01-28T11:38:13.227+0000][gc,heap     ] GC(72) Eden regions: 608->0(604)
[2026-01-28T11:38:13.227+0000][gc,heap     ] GC(72) Survivor regions: 6->10(77)
[2026-01-28T11:38:13.227+0000][gc,heap     ] GC(72) Old regions: 44->44
[2026-01-28T11:38:13.228+0000][gc,heap     ] GC(72) Humongous regions: 130->130
[2026-01-28T11:38:13.228+0000][gc,metaspace] GC(72) Metaspace: 17126K(17536K)->17126K(17536K) NonClass: 15188K(15360K)->15188K(15360K) Class: 1938K(2176K)->1938K(2176K)
[2026-01-28T11:38:13.228+0000][gc          ] GC(72) Pause Young (Normal) (G1 Evacuation Pause) 787M->183M(1024M) 6.403ms
[2026-01-28T11:38:13.228+0000][gc,cpu      ] GC(72) User=0.04s Sys=0.00s Real=0.01s
[2026-01-28T11:38:15.652+0000][gc,start    ] GC(73) Pause Young (Normal) (G1 Evacuation Pause)
[2026-01-28T11:38:15.652+0000][gc,task     ] GC(73) Using 10 workers of 10 for evacuation
[2026-01-28T11:38:15.668+0000][gc,phases   ] GC(73)   Pre Evacuate Collection Set: 2.0ms
[2026-01-28T11:38:15.668+0000][gc,phases   ] GC(73)   Merge Heap Roots: 0.7ms
[2026-01-28T11:38:15.668+0000][gc,phases   ] GC(73)   Evacuate Collection Set: 9.4ms
[2026-01-28T11:38:15.668+0000][gc,phases   ] GC(73)   Post Evacuate Collection Set: 2.2ms
[2026-01-28T11:38:15.668+0000][gc,phases   ] GC(73)   Other: 1.6ms
[2026-01-28T11:38:15.669+0000][gc,heap     ] GC(73) Eden regions: 604->0(610)
[2026-01-28T11:38:15.669+0000][gc,heap     ] GC(73) Survivor regions: 10->4(77)
[2026-01-28T11:38:15.669+0000][gc,heap     ] GC(73) Old regions: 44->44
[2026-01-28T11:38:15.669+0000][gc,heap     ] GC(73) Humongous regions: 130->130
[2026-01-28T11:38:15.669+0000][gc,metaspace] GC(73) Metaspace: 17126K(17536K)->17126K(17536K) NonClass: 15188K(15360K)->15188K(15360K) Class: 1938K(2176K)->1938K(2176K)
[2026-01-28T11:38:15.669+0000][gc          ] GC(73) Pause Young (Normal) (G1 Evacuation Pause) 787M->177M(1024M) 17.393ms
[2026-01-28T11:38:15.669+0000][gc,cpu      ] GC(73) User=0.10s Sys=0.01s Real=0.02s
[2026-01-28T11:38:18.442+0000][gc,start    ] GC(74) Pause Young (Normal) (G1 Evacuation Pause)
[2026-01-28T11:38:18.442+0000][gc,task     ] GC(74) Using 10 workers of 10 for evacuation
[2026-01-28T11:38:18.453+0000][gc,phases   ] GC(74)   Pre Evacuate Collection Set: 1.0ms
[2026-01-28T11:38:18.453+0000][gc,phases   ] GC(74)   Merge Heap Roots: 0.2ms
[2026-01-28T11:38:18.453+0000][gc,phases   ] GC(74)   Evacuate Collection Set: 8.8ms
[2026-01-28T11:38:18.453+0000][gc,phases   ] GC(74)   Post Evacuate Collection Set: 1.0ms
[2026-01-28T11:38:18.454+0000][gc,phases   ] GC(74)   Other: 0.2ms
[2026-01-28T11:38:18.454+0000][gc,heap     ] GC(74) Eden regions: 610->0(606)
[2026-01-28T11:38:18.454+0000][gc,heap     ] GC(74) Survivor regions: 4->8(77)
[2026-01-28T11:38:18.454+0000][gc,heap     ] GC(74) Old regions: 44->45
[2026-01-28T11:38:18.454+0000][gc,heap     ] GC(74) Humongous regions: 130->130
[2026-01-28T11:38:18.454+0000][gc,metaspace] GC(74) Metaspace: 17126K(17536K)->17126K(17536K) NonClass: 15188K(15360K)->15188K(15360K) Class: 1938K(2176K)->1938K(2176K)
[2026-01-28T11:38:18.454+0000][gc          ] GC(74) Pause Young (Normal) (G1 Evacuation Pause) 787M->181M(1024M) 12.006ms
[2026-01-28T11:38:18.454+0000][gc,cpu      ] GC(74) User=0.09s Sys=0.00s Real=0.01s
[2026-01-28T11:38:20.382+0000][gc,start    ] GC(75) Pause Young (Normal) (G1 Evacuation Pause)
[2026-01-28T11:38:20.383+0000][gc,task     ] GC(75) Using 10 workers of 10 for evacuation
[2026-01-28T11:38:20.387+0000][gc,phases   ] GC(75)   Pre Evacuate Collection Set: 0.4ms
[2026-01-28T11:38:20.387+0000][gc,phases   ] GC(75)   Merge Heap Roots: 0.1ms
[2026-01-28T11:38:20.387+0000][gc,phases   ] GC(75)   Evacuate Collection Set: 3.0ms
[2026-01-28T11:38:20.387+0000][gc,phases   ] GC(75)   Post Evacuate Collection Set: 0.5ms
[2026-01-28T11:38:20.387+0000][gc,phases   ] GC(75)   Other: 0.3ms
[2026-01-28T11:38:20.387+0000][gc,heap     ] GC(75) Eden regions: 606->0(606)
[2026-01-28T11:38:20.387+0000][gc,heap     ] GC(75) Survivor regions: 8->8(77)
[2026-01-28T11:38:20.387+0000][gc,heap     ] GC(75) Old regions: 45->45
[2026-01-28T11:38:20.387+0000][gc,heap     ] GC(75) Humongous regions: 130->130
[2026-01-28T11:38:20.387+0000][gc,metaspace] GC(75) Metaspace: 17133K(17536K)->17133K(17536K) NonClass: 15195K(15360K)->15195K(15360K) Class: 1938K(2176K)->1938K(2176K)
[2026-01-28T11:38:20.387+0000][gc          ] GC(75) Pause Young (Normal) (G1 Evacuation Pause) 787M->181M(1024M) 5.002ms
[2026-01-28T11:38:20.387+0000][gc,cpu      ] GC(75) User=0.03s Sys=0.00s Real=0.00s
[2026-01-28T11:38:22.160+0000][gc,start    ] GC(76) Pause Young (Normal) (G1 Evacuation Pause)
[2026-01-28T11:38:22.160+0000][gc,task     ] GC(76) Using 10 workers of 10 for evacuation
[2026-01-28T11:38:22.171+0000][gc,phases   ] GC(76)   Pre Evacuate Collection Set: 1.2ms
[2026-01-28T11:38:22.171+0000][gc,phases   ] GC(76)   Merge Heap Roots: 0.6ms
[2026-01-28T11:38:22.171+0000][gc,phases   ] GC(76)   Evacuate Collection Set: 7.5ms
[2026-01-28T11:38:22.171+0000][gc,phases   ] GC(76)   Post Evacuate Collection Set: 1.8ms
[2026-01-28T11:38:22.172+0000][gc,phases   ] GC(76)   Other: 0.3ms
[2026-01-28T11:38:22.172+0000][gc,heap     ] GC(76) Eden regions: 606->0(604)
[2026-01-28T11:38:22.172+0000][gc,heap     ] GC(76) Survivor regions: 8->10(77)
[2026-01-28T11:38:22.172+0000][gc,heap     ] GC(76) Old regions: 45->45
[2026-01-28T11:38:22.172+0000][gc,heap     ] GC(76) Humongous regions: 130->130
[2026-01-28T11:38:22.172+0000][gc,metaspace] GC(76) Metaspace: 17141K(17536K)->17141K(17536K) NonClass: 15203K(15360K)->15203K(15360K) Class: 1938K(2176K)->1938K(2176K)
[2026-01-28T11:38:22.172+0000][gc          ] GC(76) Pause Young (Normal) (G1 Evacuation Pause) 787M->183M(1024M) 12.436ms
[2026-01-28T11:38:22.172+0000][gc,cpu      ] GC(76) User=0.09s Sys=0.00s Real=0.02s
[2026-01-28T11:38:25.155+0000][gc,start    ] GC(77) Pause Young (Normal) (G1 Evacuation Pause)
[2026-01-28T11:38:25.155+0000][gc,task     ] GC(77) Using 10 workers of 10 for evacuation
[2026-01-28T11:38:25.166+0000][gc,phases   ] GC(77)   Pre Evacuate Collection Set: 1.1ms
[2026-01-28T11:38:25.167+0000][gc,phases   ] GC(77)   Merge Heap Roots: 0.3ms
[2026-01-28T11:38:25.167+0000][gc,phases   ] GC(77)   Evacuate Collection Set: 8.0ms
[2026-01-28T11:38:25.167+0000][gc,phases   ] GC(77)   Post Evacuate Collection Set: 1.8ms
[2026-01-28T11:38:25.167+0000][gc,phases   ] GC(77)   Other: 0.2ms
[2026-01-28T11:38:25.167+0000][gc,heap     ] GC(77) Eden regions: 604->0(604)
[2026-01-28T11:38:25.167+0000][gc,heap     ] GC(77) Survivor regions: 10->10(77)
[2026-01-28T11:38:25.167+0000][gc,heap     ] GC(77) Old regions: 45->45
[2026-01-28T11:38:25.167+0000][gc,heap     ] GC(77) Humongous regions: 130->130
[2026-01-28T11:38:25.167+0000][gc,metaspace] GC(77) Metaspace: 17141K(17536K)->17141K(17536K) NonClass: 15203K(15360K)->15203K(15360K) Class: 1938K(2176K)->1938K(2176K)
[2026-01-28T11:38:25.167+0000][gc          ] GC(77) Pause Young (Normal) (G1 Evacuation Pause) 787M->184M(1024M) 12.474ms
[2026-01-28T11:38:25.167+0000][gc,cpu      ] GC(77) User=0.09s Sys=0.01s Real=0.01s
[2026-01-28T11:38:28.075+0000][gc,start    ] GC(78) Pause Young (Normal) (G1 Evacuation Pause)
[2026-01-28T11:38:28.075+0000][gc,task     ] GC(78) Using 10 workers of 10 for evacuation
[2026-01-28T11:38:28.085+0000][gc,phases   ] GC(78)   Pre Evacuate Collection Set: 2.4ms
[2026-01-28T11:38:28.085+0000][gc,phases   ] GC(78)   Merge Heap Roots: 0.2ms
[2026-01-28T11:38:28.085+0000][gc,phases   ] GC(78)   Evacuate Collection Set: 5.9ms
[2026-01-28T11:38:28.085+0000][gc,phases   ] GC(78)   Post Evacuate Collection Set: 1.3ms
[2026-01-28T11:38:28.085+0000][gc,phases   ] GC(78)   Other: 0.2ms
[2026-01-28T11:38:28.086+0000][gc,heap     ] GC(78) Eden regions: 604->0(610)
[2026-01-28T11:38:28.086+0000][gc,heap     ] GC(78) Survivor regions: 10->4(77)
[2026-01-28T11:38:28.086+0000][gc,heap     ] GC(78) Old regions: 45->46
[2026-01-28T11:38:28.086+0000][gc,heap     ] GC(78) Humongous regions: 130->130
[2026-01-28T11:38:28.086+0000][gc,metaspace] GC(78) Metaspace: 17142K(17536K)->17142K(17536K) NonClass: 15204K(15360K)->15204K(15360K) Class: 1938K(2176K)->1938K(2176K)
[2026-01-28T11:38:28.086+0000][gc          ] GC(78) Pause Young (Normal) (G1 Evacuation Pause) 788M->178M(1024M) 10.765ms
[2026-01-28T11:38:28.086+0000][gc,cpu      ] GC(78) User=0.08s Sys=0.01s Real=0.01s
[2026-01-28T11:38:30.218+0000][gc,start    ] GC(79) Pause Young (Normal) (G1 Evacuation Pause)
[2026-01-28T11:38:30.219+0000][gc,task     ] GC(79) Using 10 workers of 10 for evacuation
[2026-01-28T11:38:30.226+0000][gc,phases   ] GC(79)   Pre Evacuate Collection Set: 0.4ms
[2026-01-28T11:38:30.226+0000][gc,phases   ] GC(79)   Merge Heap Roots: 0.2ms
[2026-01-28T11:38:30.226+0000][gc,phases   ] GC(79)   Evacuate Collection Set: 4.3ms
[2026-01-28T11:38:30.226+0000][gc,phases   ] GC(79)   Post Evacuate Collection Set: 1.9ms
[2026-01-28T11:38:30.226+0000][gc,phases   ] GC(79)   Other: 0.1ms
[2026-01-28T11:38:30.226+0000][gc,heap     ] GC(79) Eden regions: 610->0(608)
[2026-01-28T11:38:30.226+0000][gc,heap     ] GC(79) Survivor regions: 4->6(77)
[2026-01-28T11:38:30.226+0000][gc,heap     ] GC(79) Old regions: 46->46
[2026-01-28T11:38:30.226+0000][gc,heap     ] GC(79) Humongous regions: 130->130
[2026-01-28T11:38:30.226+0000][gc,metaspace] GC(79) Metaspace: 17147K(17536K)->17147K(17536K) NonClass: 15209K(15360K)->15209K(15360K) Class: 1938K(2176K)->1938K(2176K)
[2026-01-28T11:38:30.226+0000][gc          ] GC(79) Pause Young (Normal) (G1 Evacuation Pause) 788M->180M(1024M) 7.889ms
[2026-01-28T11:38:30.226+0000][gc,cpu      ] GC(79) User=0.04s Sys=0.01s Real=0.01s
[2026-01-28T11:38:31.968+0000][gc,start    ] GC(80) Pause Young (Normal) (G1 Evacuation Pause)
[2026-01-28T11:38:31.969+0000][gc,task     ] GC(80) Using 10 workers of 10 for evacuation
[2026-01-28T11:38:31.975+0000][gc,phases   ] GC(80)   Pre Evacuate Collection Set: 0.9ms
[2026-01-28T11:38:31.975+0000][gc,phases   ] GC(80)   Merge Heap Roots: 0.2ms
[2026-01-28T11:38:31.975+0000][gc,phases   ] GC(80)   Evacuate Collection Set: 4.0ms
[2026-01-28T11:38:31.975+0000][gc,phases   ] GC(80)   Post Evacuate Collection Set: 0.9ms
[2026-01-28T11:38:31.975+0000][gc,phases   ] GC(80)   Other: 0.1ms
[2026-01-28T11:38:31.975+0000][gc,heap     ] GC(80) Eden regions: 608->0(605)
[2026-01-28T11:38:31.975+0000][gc,heap     ] GC(80) Survivor regions: 6->9(77)
[2026-01-28T11:38:31.975+0000][gc,heap     ] GC(80) Old regions: 46->46
[2026-01-28T11:38:31.975+0000][gc,heap     ] GC(80) Humongous regions: 130->130
[2026-01-28T11:38:31.975+0000][gc,metaspace] GC(80) Metaspace: 17147K(17536K)->17147K(17536K) NonClass: 15209K(15360K)->15209K(15360K) Class: 1938K(2176K)->1938K(2176K)
[2026-01-28T11:38:31.975+0000][gc          ] GC(80) Pause Young (Normal) (G1 Evacuation Pause) 788M->183M(1024M) 6.808ms
[2026-01-28T11:38:31.975+0000][gc,cpu      ] GC(80) User=0.04s Sys=0.01s Real=0.01s
[2026-01-28T11:38:33.987+0000][gc,start    ] GC(81) Pause Young (Normal) (G1 Evacuation Pause)
[2026-01-28T11:38:33.987+0000][gc,task     ] GC(81) Using 10 workers of 10 for evacuation
[2026-01-28T11:38:33.991+0000][gc,phases   ] GC(81)   Pre Evacuate Collection Set: 0.4ms
[2026-01-28T11:38:33.991+0000][gc,phases   ] GC(81)   Merge Heap Roots: 0.3ms
[2026-01-28T11:38:33.991+0000][gc,phases   ] GC(81)   Evacuate Collection Set: 3.0ms
[2026-01-28T11:38:33.991+0000][gc,phases   ] GC(81)   Post Evacuate Collection Set: 0.7ms
[2026-01-28T11:38:33.991+0000][gc,phases   ] GC(81)   Other: 0.1ms
[2026-01-28T11:38:33.992+0000][gc,heap     ] GC(81) Eden regions: 605->0(606)
[2026-01-28T11:38:33.992+0000][gc,heap     ] GC(81) Survivor regions: 9->8(77)
[2026-01-28T11:38:33.992+0000][gc,heap     ] GC(81) Old regions: 46->46
[2026-01-28T11:38:33.992+0000][gc,heap     ] GC(81) Humongous regions: 130->130
[2026-01-28T11:38:33.992+0000][gc,metaspace] GC(81) Metaspace: 17147K(17536K)->17147K(17536K) NonClass: 15209K(15360K)->15209K(15360K) Class: 1938K(2176K)->1938K(2176K)
[2026-01-28T11:38:33.992+0000][gc          ] GC(81) Pause Young (Normal) (G1 Evacuation Pause) 788M->183M(1024M) 4.979ms
[2026-01-28T11:38:33.992+0000][gc,cpu      ] GC(81) User=0.03s Sys=0.01s Real=0.01s
[2026-01-28T11:38:36.438+0000][gc,start    ] GC(82) Pause Young (Normal) (G1 Evacuation Pause)
[2026-01-28T11:38:36.439+0000][gc,task     ] GC(82) Using 10 workers of 10 for evacuation
[2026-01-28T11:38:36.447+0000][gc,phases   ] GC(82)   Pre Evacuate Collection Set: 1.1ms
[2026-01-28T11:38:36.447+0000][gc,phases   ] GC(82)   Merge Heap Roots: 0.3ms
[2026-01-28T11:38:36.448+0000][gc,phases   ] GC(82)   Evacuate Collection Set: 6.2ms
[2026-01-28T11:38:36.448+0000][gc,phases   ] GC(82)   Post Evacuate Collection Set: 1.1ms
[2026-01-28T11:38:36.448+0000][gc,phases   ] GC(82)   Other: 0.3ms
[2026-01-28T11:38:36.448+0000][gc,heap     ] GC(82) Eden regions: 606->0(604)
[2026-01-28T11:38:36.448+0000][gc,heap     ] GC(82) Survivor regions: 8->10(77)
[2026-01-28T11:38:36.448+0000][gc,heap     ] GC(82) Old regions: 46->46
[2026-01-28T11:38:36.448+0000][gc,heap     ] GC(82) Humongous regions: 130->130
[2026-01-28T11:38:36.448+0000][gc,metaspace] GC(82) Metaspace: 17148K(17536K)->17148K(17536K) NonClass: 15210K(15360K)->15210K(15360K) Class: 1938K(2176K)->1938K(2176K)
[2026-01-28T11:38:36.448+0000][gc          ] GC(82) Pause Young (Normal) (G1 Evacuation Pause) 789M->185M(1024M) 10.094ms
[2026-01-28T11:38:36.448+0000][gc,cpu      ] GC(82) User=0.07s Sys=0.00s Real=0.01s
[2026-01-28T11:38:39.108+0000][gc,start    ] GC(83) Pause Young (Normal) (G1 Evacuation Pause)
[2026-01-28T11:38:39.108+0000][gc,task     ] GC(83) Using 10 workers of 10 for evacuation
[2026-01-28T11:38:39.112+0000][gc,phases   ] GC(83)   Pre Evacuate Collection Set: 0.7ms
[2026-01-28T11:38:39.112+0000][gc,phases   ] GC(83)   Merge Heap Roots: 0.2ms
[2026-01-28T11:38:39.112+0000][gc,phases   ] GC(83)   Evacuate Collection Set: 2.7ms
[2026-01-28T11:38:39.112+0000][gc,phases   ] GC(83)   Post Evacuate Collection Set: 0.6ms
[2026-01-28T11:38:39.112+0000][gc,phases   ] GC(83)   Other: 0.1ms
[2026-01-28T11:38:39.112+0000][gc,heap     ] GC(83) Eden regions: 604->0(610)
[2026-01-28T11:38:39.113+0000][gc,heap     ] GC(83) Survivor regions: 10->4(77)
[2026-01-28T11:38:39.113+0000][gc,heap     ] GC(83) Old regions: 46->47
[2026-01-28T11:38:39.113+0000][gc,heap     ] GC(83) Humongous regions: 130->130
[2026-01-28T11:38:39.113+0000][gc,metaspace] GC(83) Metaspace: 17148K(17536K)->17148K(17536K) NonClass: 15210K(15360K)->15210K(15360K) Class: 1938K(2176K)->1938K(2176K)
[2026-01-28T11:38:39.113+0000][gc          ] GC(83) Pause Young (Normal) (G1 Evacuation Pause) 789M->179M(1024M) 5.076ms
[2026-01-28T11:38:39.113+0000][gc,cpu      ] GC(83) User=0.03s Sys=0.01s Real=0.01s
[2026-01-28T11:38:40.932+0000][gc,start    ] GC(84) Pause Young (Normal) (G1 Evacuation Pause)
[2026-01-28T11:38:40.932+0000][gc,task     ] GC(84) Using 10 workers of 10 for evacuation
[2026-01-28T11:38:40.937+0000][gc,phases   ] GC(84)   Pre Evacuate Collection Set: 0.5ms
[2026-01-28T11:38:40.937+0000][gc,phases   ] GC(84)   Merge Heap Roots: 0.3ms
[2026-01-28T11:38:40.937+0000][gc,phases   ] GC(84)   Evacuate Collection Set: 3.1ms
[2026-01-28T11:38:40.937+0000][gc,phases   ] GC(84)   Post Evacuate Collection Set: 0.6ms
[2026-01-28T11:38:40.937+0000][gc,phases   ] GC(84)   Other: 0.1ms
[2026-01-28T11:38:40.937+0000][gc,heap     ] GC(84) Eden regions: 610->0(606)
[2026-01-28T11:38:40.937+0000][gc,heap     ] GC(84) Survivor regions: 4->8(77)
[2026-01-28T11:38:40.937+0000][gc,heap     ] GC(84) Old regions: 47->47
[2026-01-28T11:38:40.937+0000][gc,heap     ] GC(84) Humongous regions: 130->130
[2026-01-28T11:38:40.937+0000][gc,metaspace] GC(84) Metaspace: 17150K(17536K)->17150K(17536K) NonClass: 15212K(15360K)->15212K(15360K) Class: 1938K(2176K)->1938K(2176K)
[2026-01-28T11:38:40.937+0000][gc          ] GC(84) Pause Young (Normal) (G1 Evacuation Pause) 789M->183M(1024M) 5.269ms
[2026-01-28T11:38:40.937+0000][gc,cpu      ] GC(84) User=0.03s Sys=0.00s Real=0.01s
[2026-01-28T11:38:43.869+0000][gc,start    ] GC(85) Pause Young (Normal) (G1 Evacuation Pause)
[2026-01-28T11:38:43.869+0000][gc,task     ] GC(85) Using 10 workers of 10 for evacuation
[2026-01-28T11:38:43.882+0000][gc,phases   ] GC(85)   Pre Evacuate Collection Set: 1.0ms
[2026-01-28T11:38:43.882+0000][gc,phases   ] GC(85)   Merge Heap Roots: 0.3ms
[2026-01-28T11:38:43.882+0000][gc,phases   ] GC(85)   Evacuate Collection Set: 9.9ms
[2026-01-28T11:38:43.882+0000][gc,phases   ] GC(85)   Post Evacuate Collection Set: 1.2ms
[2026-01-28T11:38:43.883+0000][gc,phases   ] GC(85)   Other: 0.3ms
[2026-01-28T11:38:43.883+0000][gc,heap     ] GC(85) Eden regions: 606->0(611)
[2026-01-28T11:38:43.883+0000][gc,heap     ] GC(85) Survivor regions: 8->3(77)
[2026-01-28T11:38:43.883+0000][gc,heap     ] GC(85) Old regions: 47->47
[2026-01-28T11:38:43.883+0000][gc,heap     ] GC(85) Humongous regions: 130->130
[2026-01-28T11:38:43.883+0000][gc,metaspace] GC(85) Metaspace: 17152K(17536K)->17152K(17536K) NonClass: 15214K(15360K)->15214K(15360K) Class: 1938K(2176K)->1938K(2176K)
[2026-01-28T11:38:43.883+0000][gc          ] GC(85) Pause Young (Normal) (G1 Evacuation Pause) 789M->178M(1024M) 14.377ms
[2026-01-28T11:38:43.883+0000][gc,cpu      ] GC(85) User=0.10s Sys=0.00s Real=0.02s
[2026-01-28T11:38:47.082+0000][gc,start    ] GC(86) Pause Young (Normal) (G1 Evacuation Pause)
[2026-01-28T11:38:47.082+0000][gc,task     ] GC(86) Using 10 workers of 10 for evacuation
[2026-01-28T11:38:47.092+0000][gc,phases   ] GC(86)   Pre Evacuate Collection Set: 1.2ms
[2026-01-28T11:38:47.092+0000][gc,phases   ] GC(86)   Merge Heap Roots: 0.3ms
[2026-01-28T11:38:47.092+0000][gc,phases   ] GC(86)   Evacuate Collection Set: 6.5ms
[2026-01-28T11:38:47.092+0000][gc,phases   ] GC(86)   Post Evacuate Collection Set: 1.4ms
[2026-01-28T11:38:47.092+0000][gc,phases   ] GC(86)   Other: 0.3ms
[2026-01-28T11:38:47.092+0000][gc,heap     ] GC(86) Eden regions: 611->0(604)
[2026-01-28T11:38:47.093+0000][gc,heap     ] GC(86) Survivor regions: 3->10(77)
[2026-01-28T11:38:47.093+0000][gc,heap     ] GC(86) Old regions: 47->47
[2026-01-28T11:38:47.093+0000][gc,heap     ] GC(86) Humongous regions: 130->130
[2026-01-28T11:38:47.093+0000][gc,metaspace] GC(86) Metaspace: 17152K(17536K)->17152K(17536K) NonClass: 15214K(15360K)->15214K(15360K) Class: 1938K(2176K)->1938K(2176K)
[2026-01-28T11:38:47.093+0000][gc          ] GC(86) Pause Young (Normal) (G1 Evacuation Pause) 789M->186M(1024M) 10.508ms
[2026-01-28T11:38:47.093+0000][gc,cpu      ] GC(86) User=0.07s Sys=0.00s Real=0.01s
[2026-01-28T11:39:20.600+0000][gc,start    ] GC(87) Pause Young (Normal) (G1 Evacuation Pause)
[2026-01-28T11:39:20.600+0000][gc,task     ] GC(87) Using 10 workers of 10 for evacuation
[2026-01-28T11:39:20.617+0000][gc,phases   ] GC(87)   Pre Evacuate Collection Set: 0.8ms
[2026-01-28T11:39:20.617+0000][gc,phases   ] GC(87)   Merge Heap Roots: 0.2ms
[2026-01-28T11:39:20.617+0000][gc,phases   ] GC(87)   Evacuate Collection Set: 14.4ms
[2026-01-28T11:39:20.617+0000][gc,phases   ] GC(87)   Post Evacuate Collection Set: 1.0ms
[2026-01-28T11:39:20.617+0000][gc,phases   ] GC(87)   Other: 0.2ms
[2026-01-28T11:39:20.617+0000][gc,heap     ] GC(87) Eden regions: 604->0(608)
[2026-01-28T11:39:20.617+0000][gc,heap     ] GC(87) Survivor regions: 10->6(77)
[2026-01-28T11:39:20.617+0000][gc,heap     ] GC(87) Old regions: 47->47
[2026-01-28T11:39:20.617+0000][gc,heap     ] GC(87) Humongous regions: 130->130
[2026-01-28T11:39:20.617+0000][gc,metaspace] GC(87) Metaspace: 17174K(17536K)->17174K(17536K) NonClass: 15236K(15360K)->15236K(15360K) Class: 1938K(2176K)->1938K(2176K)
[2026-01-28T11:39:20.617+0000][gc          ] GC(87) Pause Young (Normal) (G1 Evacuation Pause) 790M->182M(1024M) 17.742ms
[2026-01-28T11:39:20.618+0000][gc,cpu      ] GC(87) User=0.15s Sys=0.00s Real=0.02s
[2026-01-28T11:39:50.791+0000][gc,start    ] GC(88) Pause Young (Normal) (G1 Evacuation Pause)
[2026-01-28T11:39:50.792+0000][gc,task     ] GC(88) Using 10 workers of 10 for evacuation
[2026-01-28T11:39:50.802+0000][gc,phases   ] GC(88)   Pre Evacuate Collection Set: 1.0ms
[2026-01-28T11:39:50.803+0000][gc,phases   ] GC(88)   Merge Heap Roots: 0.3ms
[2026-01-28T11:39:50.803+0000][gc,phases   ] GC(88)   Evacuate Collection Set: 8.0ms
[2026-01-28T11:39:50.803+0000][gc,phases   ] GC(88)   Post Evacuate Collection Set: 0.9ms
[2026-01-28T11:39:50.803+0000][gc,phases   ] GC(88)   Other: 0.1ms
[2026-01-28T11:39:50.803+0000][gc,heap     ] GC(88) Eden regions: 608->0(606)
[2026-01-28T11:39:50.803+0000][gc,heap     ] GC(88) Survivor regions: 6->8(77)
[2026-01-28T11:39:50.803+0000][gc,heap     ] GC(88) Old regions: 47->47
[2026-01-28T11:39:50.803+0000][gc,heap     ] GC(88) Humongous regions: 130->130
[2026-01-28T11:39:50.803+0000][gc,metaspace] GC(88) Metaspace: 17174K(17536K)->17174K(17536K) NonClass: 15236K(15360K)->15236K(15360K) Class: 1938K(2176K)->1938K(2176K)
[2026-01-28T11:39:50.803+0000][gc          ] GC(88) Pause Young (Normal) (G1 Evacuation Pause) 790M->184M(1024M) 11.615ms
[2026-01-28T11:39:50.803+0000][gc,cpu      ] GC(88) User=0.09s Sys=0.01s Real=0.02s
[2026-01-28T11:40:30.633+0000][gc,start    ] GC(89) Pause Young (Normal) (G1 Evacuation Pause)
[2026-01-28T11:40:30.634+0000][gc,task     ] GC(89) Using 10 workers of 10 for evacuation
[2026-01-28T11:40:30.640+0000][gc,phases   ] GC(89)   Pre Evacuate Collection Set: 0.9ms
[2026-01-28T11:40:30.640+0000][gc,phases   ] GC(89)   Merge Heap Roots: 0.2ms
[2026-01-28T11:40:30.640+0000][gc,phases   ] GC(89)   Evacuate Collection Set: 4.3ms
[2026-01-28T11:40:30.640+0000][gc,phases   ] GC(89)   Post Evacuate Collection Set: 0.9ms
[2026-01-28T11:40:30.640+0000][gc,phases   ] GC(89)   Other: 0.2ms
[2026-01-28T11:40:30.640+0000][gc,heap     ] GC(89) Eden regions: 606->0(606)
[2026-01-28T11:40:30.640+0000][gc,heap     ] GC(89) Survivor regions: 8->8(77)
[2026-01-28T11:40:30.640+0000][gc,heap     ] GC(89) Old regions: 47->47
[2026-01-28T11:40:30.640+0000][gc,heap     ] GC(89) Humongous regions: 130->130
[2026-01-28T11:40:30.640+0000][gc,metaspace] GC(89) Metaspace: 17178K(17536K)->17178K(17536K) NonClass: 15240K(15360K)->15240K(15360K) Class: 1938K(2176K)->1938K(2176K)
[2026-01-28T11:40:30.640+0000][gc          ] GC(89) Pause Young (Normal) (G1 Evacuation Pause) 790M->184M(1024M) 7.336ms
[2026-01-28T11:40:30.641+0000][gc,cpu      ] GC(89) User=0.05s Sys=0.00s Real=0.00s
[2026-01-28T11:41:00.789+0000][gc,start    ] GC(90) Pause Young (Normal) (G1 Evacuation Pause)
[2026-01-28T11:41:00.790+0000][gc,task     ] GC(90) Using 10 workers of 10 for evacuation
[2026-01-28T11:41:00.796+0000][gc,phases   ] GC(90)   Pre Evacuate Collection Set: 0.8ms
[2026-01-28T11:41:00.796+0000][gc,phases   ] GC(90)   Merge Heap Roots: 0.3ms
[2026-01-28T11:41:00.796+0000][gc,phases   ] GC(90)   Evacuate Collection Set: 4.2ms
[2026-01-28T11:41:00.796+0000][gc,phases   ] GC(90)   Post Evacuate Collection Set: 0.8ms
[2026-01-28T11:41:00.796+0000][gc,phases   ] GC(90)   Other: 0.2ms
[2026-01-28T11:41:00.796+0000][gc,heap     ] GC(90) Eden regions: 606->0(604)
[2026-01-28T11:41:00.796+0000][gc,heap     ] GC(90) Survivor regions: 8->10(77)
[2026-01-28T11:41:00.796+0000][gc,heap     ] GC(90) Old regions: 47->48
[2026-01-28T11:41:00.796+0000][gc,heap     ] GC(90) Humongous regions: 130->130
[2026-01-28T11:41:00.796+0000][gc,metaspace] GC(90) Metaspace: 17178K(17536K)->17178K(17536K) NonClass: 15240K(15360K)->15240K(15360K) Class: 1938K(2176K)->1938K(2176K)
[2026-01-28T11:41:00.796+0000][gc          ] GC(90) Pause Young (Normal) (G1 Evacuation Pause) 790M->186M(1024M) 7.025ms
[2026-01-28T11:41:00.796+0000][gc,cpu      ] GC(90) User=0.04s Sys=0.01s Real=0.01s
[2026-01-28T11:41:40.681+0000][gc,start    ] GC(91) Pause Young (Normal) (G1 Evacuation Pause)
[2026-01-28T11:41:40.682+0000][gc,task     ] GC(91) Using 10 workers of 10 for evacuation
[2026-01-28T11:41:40.688+0000][gc,phases   ] GC(91)   Pre Evacuate Collection Set: 0.8ms
[2026-01-28T11:41:40.688+0000][gc,phases   ] GC(91)   Merge Heap Roots: 0.2ms
[2026-01-28T11:41:40.688+0000][gc,phases   ] GC(91)   Evacuate Collection Set: 4.2ms
[2026-01-28T11:41:40.688+0000][gc,phases   ] GC(91)   Post Evacuate Collection Set: 0.8ms
[2026-01-28T11:41:40.688+0000][gc,phases   ] GC(91)   Other: 0.1ms
[2026-01-28T11:41:40.688+0000][gc,heap     ] GC(91) Eden regions: 604->0(605)
[2026-01-28T11:41:40.689+0000][gc,heap     ] GC(91) Survivor regions: 10->9(77)
[2026-01-28T11:41:40.689+0000][gc,heap     ] GC(91) Old regions: 48->48
[2026-01-28T11:41:40.689+0000][gc,heap     ] GC(91) Humongous regions: 130->130
[2026-01-28T11:41:40.689+0000][gc,metaspace] GC(91) Metaspace: 17189K(17664K)->17189K(17664K) NonClass: 15249K(15488K)->15249K(15488K) Class: 1940K(2176K)->1940K(2176K)
[2026-01-28T11:41:40.689+0000][gc          ] GC(91) Pause Young (Normal) (G1 Evacuation Pause) 790M->186M(1024M) 7.648ms
[2026-01-28T11:41:40.689+0000][gc,cpu      ] GC(91) User=0.05s Sys=0.00s Real=0.01s
[2026-01-28T11:42:10.848+0000][gc,start    ] GC(92) Pause Young (Normal) (G1 Evacuation Pause)
[2026-01-28T11:42:10.849+0000][gc,task     ] GC(92) Using 10 workers of 10 for evacuation
[2026-01-28T11:42:10.861+0000][gc,phases   ] GC(92)   Pre Evacuate Collection Set: 2.5ms
[2026-01-28T11:42:10.861+0000][gc,phases   ] GC(92)   Merge Heap Roots: 1.2ms
[2026-01-28T11:42:10.861+0000][gc,phases   ] GC(92)   Evacuate Collection Set: 6.7ms
[2026-01-28T11:42:10.861+0000][gc,phases   ] GC(92)   Post Evacuate Collection Set: 0.9ms
[2026-01-28T11:42:10.861+0000][gc,phases   ] GC(92)   Other: 0.3ms
[2026-01-28T11:42:10.861+0000][gc,heap     ] GC(92) Eden regions: 605->0(608)
[2026-01-28T11:42:10.861+0000][gc,heap     ] GC(92) Survivor regions: 9->6(77)
[2026-01-28T11:42:10.861+0000][gc,heap     ] GC(92) Old regions: 48->48
[2026-01-28T11:42:10.861+0000][gc,heap     ] GC(92) Humongous regions: 130->130
[2026-01-28T11:42:10.862+0000][gc,metaspace] GC(92) Metaspace: 17191K(17664K)->17191K(17664K) NonClass: 15251K(15488K)->15251K(15488K) Class: 1940K(2176K)->1940K(2176K)
[2026-01-28T11:42:10.862+0000][gc          ] GC(92) Pause Young (Normal) (G1 Evacuation Pause) 791M->183M(1024M) 13.224ms
[2026-01-28T11:42:10.862+0000][gc,cpu      ] GC(92) User=0.09s Sys=0.00s Real=0.01s
[2026-01-28T11:42:50.727+0000][gc,start    ] GC(93) Pause Young (Normal) (G1 Evacuation Pause)
[2026-01-28T11:42:50.728+0000][gc,task     ] GC(93) Using 10 workers of 10 for evacuation
[2026-01-28T11:42:50.740+0000][gc,phases   ] GC(93)   Pre Evacuate Collection Set: 1.2ms
[2026-01-28T11:42:50.740+0000][gc,phases   ] GC(93)   Merge Heap Roots: 0.5ms
[2026-01-28T11:42:50.740+0000][gc,phases   ] GC(93)   Evacuate Collection Set: 8.2ms
[2026-01-28T11:42:50.740+0000][gc,phases   ] GC(93)   Post Evacuate Collection Set: 1.8ms
[2026-01-28T11:42:50.740+0000][gc,phases   ] GC(93)   Other: 0.1ms
[2026-01-28T11:42:50.740+0000][gc,heap     ] GC(93) Eden regions: 608->0(609)
[2026-01-28T11:42:50.740+0000][gc,heap     ] GC(93) Survivor regions: 6->5(77)
[2026-01-28T11:42:50.740+0000][gc,heap     ] GC(93) Old regions: 48->48
[2026-01-28T11:42:50.740+0000][gc,heap     ] GC(93) Humongous regions: 130->130
[2026-01-28T11:42:50.740+0000][gc,metaspace] GC(93) Metaspace: 17241K(17664K)->17241K(17664K) NonClass: 15300K(15488K)->15300K(15488K) Class: 1940K(2176K)->1940K(2176K)
[2026-01-28T11:42:50.740+0000][gc          ] GC(93) Pause Young (Normal) (G1 Evacuation Pause) 791M->182M(1024M) 12.796ms
[2026-01-28T11:42:50.740+0000][gc,cpu      ] GC(93) User=0.10s Sys=0.00s Real=0.01s
[2026-01-28T11:43:30.571+0000][gc,start    ] GC(94) Pause Young (Normal) (G1 Evacuation Pause)
[2026-01-28T11:43:30.572+0000][gc,task     ] GC(94) Using 10 workers of 10 for evacuation
[2026-01-28T11:43:30.581+0000][gc,phases   ] GC(94)   Pre Evacuate Collection Set: 1.1ms
[2026-01-28T11:43:30.581+0000][gc,phases   ] GC(94)   Merge Heap Roots: 0.5ms
[2026-01-28T11:43:30.581+0000][gc,phases   ] GC(94)   Evacuate Collection Set: 5.4ms
[2026-01-28T11:43:30.581+0000][gc,phases   ] GC(94)   Post Evacuate Collection Set: 1.2ms
[2026-01-28T11:43:30.581+0000][gc,phases   ] GC(94)   Other: 0.3ms
[2026-01-28T11:43:30.581+0000][gc,heap     ] GC(94) Eden regions: 609->0(609)
[2026-01-28T11:43:30.581+0000][gc,heap     ] GC(94) Survivor regions: 5->5(77)
[2026-01-28T11:43:30.581+0000][gc,heap     ] GC(94) Old regions: 48->48
[2026-01-28T11:43:30.581+0000][gc,heap     ] GC(94) Humongous regions: 130->130
[2026-01-28T11:43:30.581+0000][gc,metaspace] GC(94) Metaspace: 17243K(17664K)->17243K(17664K) NonClass: 15302K(15488K)->15302K(15488K) Class: 1940K(2176K)->1940K(2176K)
[2026-01-28T11:43:30.582+0000][gc          ] GC(94) Pause Young (Normal) (G1 Evacuation Pause) 791M->181M(1024M) 10.598ms
[2026-01-28T11:43:30.582+0000][gc,cpu      ] GC(94) User=0.07s Sys=0.00s Real=0.01s
[2026-01-28T11:44:00.744+0000][gc,start    ] GC(95) Pause Young (Normal) (G1 Evacuation Pause)
[2026-01-28T11:44:00.745+0000][gc,task     ] GC(95) Using 10 workers of 10 for evacuation
[2026-01-28T11:44:00.754+0000][gc,phases   ] GC(95)   Pre Evacuate Collection Set: 2.2ms
[2026-01-28T11:44:00.754+0000][gc,phases   ] GC(95)   Merge Heap Roots: 0.3ms
[2026-01-28T11:44:00.754+0000][gc,phases   ] GC(95)   Evacuate Collection Set: 4.2ms
[2026-01-28T11:44:00.754+0000][gc,phases   ] GC(95)   Post Evacuate Collection Set: 1.4ms
[2026-01-28T11:44:00.754+0000][gc,phases   ] GC(95)   Other: 0.1ms
[2026-01-28T11:44:00.754+0000][gc,heap     ] GC(95) Eden regions: 609->0(606)
[2026-01-28T11:44:00.754+0000][gc,heap     ] GC(95) Survivor regions: 5->8(77)
[2026-01-28T11:44:00.754+0000][gc,heap     ] GC(95) Old regions: 48->48
[2026-01-28T11:44:00.754+0000][gc,heap     ] GC(95) Humongous regions: 130->130
[2026-01-28T11:44:00.754+0000][gc,metaspace] GC(95) Metaspace: 17244K(17664K)->17244K(17664K) NonClass: 15303K(15488K)->15303K(15488K) Class: 1940K(2176K)->1940K(2176K)
[2026-01-28T11:44:00.754+0000][gc          ] GC(95) Pause Young (Normal) (G1 Evacuation Pause) 790M->185M(1024M) 10.099ms
[2026-01-28T11:44:00.755+0000][gc,cpu      ] GC(95) User=0.07s Sys=0.00s Real=0.01s
